[2019-01-28 21:01:27] name.WARNING: $args [] []



[2019-01-28 21:04:23] name.WARNING:  [] []
[2019-01-28 21:04:55] name.WARNING:  [] []
[2019-01-28 21:06:07] name.WARNING:  [] []
[2019-01-28 21:18:37] name.WARNING:  [] []
[2019-01-28 21:19:21] name.WARNING:  [] []
[2019-01-28 21:23:22] name.WARNING:  [] []
[2019-01-29 12:04:40] name.WARNING:  [] []
[2019-01-29 12:15:18] name.WARNING:  [] []
[2019-01-29 12:17:12] name.WARNING:  [] []
[2019-01-29 12:25:28] name.WARNING:  [] []
[2019-01-29 12:28:34] name.WARNING:  [] []
[2019-01-29 12:32:27] name.WARNING:  [] []
[2019-01-29 12:37:38] name.WARNING:  [] []
[2019-01-29 12:44:13] name.WARNING:  [] []
[2019-01-29 12:46:13] name.WARNING:  [] []
[2019-01-29 12:52:44] name.WARNING:  [] []
[2019-01-29 12:53:17] name.WARNING:  [] []
[2019-01-29 12:54:28] name.WARNING:  [] []























[2019-01-29 12:56:02] name.WARNING: aaaaaaaa [] []
[2019-01-29 12:56:05] name.WARNING:  [] []














[2019-01-29 13:17:02] name.WARNING: foo [] []
[2019-01-29 13:17:02] name.WARNING:  [] []
[2019-01-29 13:18:32] name.WARNING: foo [] []
[2019-01-29 13:18:32] name.WARNING: null [] []
[2019-01-29 13:21:13] name.WARNING: foo [] []
[2019-01-29 13:21:13] name.WARNING: null [] []
[2019-01-29 13:21:36] name.WARNING: foo [] []
[2019-01-29 13:21:36] name.WARNING: null [] []
[2019-01-29 13:21:57] name.WARNING: foo [] []
[2019-01-29 13:21:57] name.WARNING: null [] []
[2019-01-29 13:22:14] name.WARNING: foo [] []
[2019-01-29 13:22:14] name.WARNING: null [] []
[2019-01-29 13:23:16] name.WARNING: foo [] []
[2019-01-29 13:23:16] name.WARNING: {} [] []
[2019-01-29 13:23:30] name.WARNING: foo [] []
[2019-01-29 13:23:30] name.WARNING: {} [] []
[2019-01-29 13:24:22] name.WARNING: foo [] []
[2019-01-29 13:24:22] name.WARNING: {} [] []
[2019-01-29 13:28:49] name.WARNING: foo [] []
[2019-01-29 13:28:49] name.WARNING: {} [] []
[2019-01-29 13:29:28] name.WARNING: foo [] []
[2019-01-29 13:29:28] name.WARNING: {} [] []
[2019-01-29 13:31:35] name.WARNING: https://api.github.com/search/repositories?q=why&sort=stars&order=desc [] []
[2019-01-29 13:31:35] name.WARNING: "https:\/\/api.github.com\/search\/repositories?q=why&sort=stars&order=desc" [] []
[2019-01-29 13:32:43] name.WARNING: {} [] []
[2019-01-29 13:33:50] name.WARNING: {} [] []
[2019-01-29 13:34:56] name.WARNING: {} [] []
[2019-01-29 13:36:21] name.WARNING: {} [] []
[2019-01-29 13:36:57] name.WARNING: {   "total_count": 12467,   "incomplete_results": false,   "items": [     {       "id": 58605580,       "node_id": "MDEwOlJlcG9zaXRvcnk1ODYwNTU4MA==",       "name": "why-did-you-update",       "full_name": "garbles/why-did-you-update",       "private": false,       "owner": {         "login": "garbles",         "id": 1139884,         "node_id": "MDQ6VXNlcjExMzk4ODQ=",         "avatar_url": "https://avatars1.githubusercontent.com/u/1139884?v=4",         "gravatar_id": "",         "url": "https://api.github.com/users/garbles",         "html_url": "https://github.com/garbles",         "followers_url": "https://api.github.com/users/garbles/followers",         "following_url": "https://api.github.com/users/garbles/following{/other_user}",         "gists_url": "https://api.github.com/users/garbles/gists{/gist_id}",         "starred_url": "https://api.github.com/users/garbles/starred{/owner}{/repo}",         "subscriptions_url": "https://api.github.com/users/garbles/subscriptions",         "organizations_url": "https://api.github.com/users/garbles/orgs",         "repos_url": "https://api.github.com/users/garbles/repos",         "events_url": "https://api.github.com/users/garbles/events{/privacy}",         "received_events_url": "https://api.github.com/users/garbles/received_events",         "type": "User",         "site_admin": false       },       "html_url": "https://github.com/garbles/why-did-you-update",       "description": ":boom: Puts your console on blast when React is making unnecessary updates.",       "fork": false,       "url": "https://api.github.com/repos/garbles/why-did-you-update",       "forks_url": "https://api.github.com/repos/garbles/why-did-you-update/forks",       "keys_url": "https://api.github.com/repos/garbles/why-did-you-update/keys{/key_id}",       "collaborators_url": "https://api.github.com/repos/garbles/why-did-you-update/collaborators{/collaborator}",       "teams_url": "https://api.github.com/repos/garbles/why-did-you-update/teams",       "hooks_url": "https://api.github.com/repos/garbles/why-did-you-update/hooks",       "issue_events_url": "https://api.github.com/repos/garbles/why-did-you-update/issues/events{/number}",       "events_url": "https://api.github.com/repos/garbles/why-did-you-update/events",       "assignees_url": "https://api.github.com/repos/garbles/why-did-you-update/assignees{/user}",       "branches_url": "https://api.github.com/repos/garbles/why-did-you-update/branches{/branch}",       "tags_url": "https://api.github.com/repos/garbles/why-did-you-update/tags",       "blobs_url": "https://api.github.com/repos/garbles/why-did-you-update/git/blobs{/sha}",       "git_tags_url": "https://api.github.com/repos/garbles/why-did-you-update/git/tags{/sha}",       "git_refs_url": "https://api.github.com/repos/garbles/why-did-you-update/git/refs{/sha}",       "trees_url": "https://api.github.com/repos/garbles/why-did-you-update/git/trees{/sha}",       "statuses_url": "https://api.github.com/repos/garbles/why-did-you-update/statuses/{sha}",       "languages_url": "https://api.github.com/repos/garbles/why-did-you-update/languages",       "stargazers_url": "https://api.github.com/repos/garbles/why-did-you-update/stargazers",       "contributors_url": "https://api.github.com/repos/garbles/why-did-you-update/contributors",       "subscribers_url": "https://api.github.com/repos/garbles/why-did-you-update/subscribers",       "subscription_url": "https://api.github.com/repos/garbles/why-did-you-update/subscription",       "commits_url": "https://api.github.com/repos/garbles/why-did-you-update/commits{/sha}",       "git_commits_url": "https://api.github.com/repos/garbles/why-did-you-update/git/commits{/sha}",       "comments_url": "https://api.github.com/repos/garbles/why-did-you-update/comments{/number}",       "issue_comment_url": "https://api.github.com/repos/garbles/why-did-you-update/issues/comments{/number}",       "contents_url": "https://api.github.com/repos/garbles/why-did-you-update/contents/{+path}",       "compare_url": "https://api.github.com/repos/garbles/why-did-you-update/compare/{base}...{head}",       "merges_url": "https://api.github.com/repos/garbles/why-did-you-update/merges",       "archive_url": "https://api.github.com/repos/garbles/why-did-you-update/{archive_format}{/ref}",       "downloads_url": "https://api.github.com/repos/garbles/why-did-you-update/downloads",       "issues_url": "https://api.github.com/repos/garbles/why-did-you-update/issues{/number}",       "pulls_url": "https://api.github.com/repos/garbles/why-did-you-update/pulls{/number}",       "milestones_url": "https://api.github.com/repos/garbles/why-did-you-update/milestones{/number}",       "notifications_url": "https://api.github.com/repos/garbles/why-did-you-update/notifications{?since,all,participating}",       "labels_url": "https://api.github.com/repos/garbles/why-did-you-update/labels{/name}",       "releases_url": "https://api.github.com/repos/garbles/why-did-you-update/releases{/id}",       "deployments_url": "https://api.github.com/repos/garbles/why-did-you-update/deployments",       "created_at": "2016-05-12T03:49:06Z",       "updated_at": "2019-01-28T21:53:29Z",       "pushed_at": "2017-09-23T05:54:19Z",       "git_url": "git://github.com/garbles/why-did-you-update.git",       "ssh_url": "git@github.com:garbles/why-did-you-update.git",       "clone_url": "https://github.com/garbles/why-did-you-update.git",       "svn_url": "https://github.com/garbles/why-did-you-update",       "homepage": null,       "size": 29,       "stargazers_count": 5177,       "watchers_count": 5177,       "language": "JavaScript",       "has_issues": true,       "has_projects": true,       "has_downloads": true,       "has_wiki": true,       "has_pages": false,       "forks_count": 112,       "mirror_url": null,       "archived": true,       "open_issues_count": 28,       "license": null,       "forks": 112,       "open_issues": 28,       "watchers": 5177,       "default_branch": "master",       "score": 102.16427     },     {       "id": 97779740,       "node_id": "MDEwOlJlcG9zaXRvcnk5Nzc3OTc0MA==",       "name": "why-did-you-update",       "full_name": "maicki/why-did-you-update",       "private": false,       "owner": {         "login": "maicki",         "id": 25288,         "node_id": "MDQ6VXNlcjI1Mjg4",         "avatar_url": "https://avatars1.githubusercontent.com/u/25288?v=4",         "gravatar_id": "",         "url": "https://api.github.com/users/maicki",         "html_url": "https://github.com/maicki",         "followers_url": "https://api.github.com/users/maicki/followers",         "following_url": "https://api.github.com/users/maicki/following{/other_user}",         "gists_url": "https://api.github.com/users/maicki/gists{/gist_id}",         "starred_url": "https://api.github.com/users/maicki/starred{/owner}{/repo}",         "subscriptions_url": "https://api.github.com/users/maicki/subscriptions",         "organizations_url": "https://api.github.com/users/maicki/orgs",         "repos_url": "https://api.github.com/users/maicki/repos",         "events_url": "https://api.github.com/users/maicki/events{/privacy}",         "received_events_url": "https://api.github.com/users/maicki/received_events",         "type": "User",         "site_admin": false       },       "html_url": "https://github.com/maicki/why-did-you-update",       "description": ":boom: Puts your console on blast when React is making unnecessary updates.",       "fork": false,       "url": "https://api.github.com/repos/maicki/why-did-you-update",       "forks_url": "https://api.github.com/repos/maicki/why-did-you-update/forks",       "keys_url": "https://api.github.com/repos/maicki/why-did-you-update/keys{/key_id}",       "collaborators_url": "https://api.github.com/repos/maicki/why-did-you-update/collaborators{/collaborator}",       "teams_url": "https://api.github.com/repos/maicki/why-did-you-update/teams",       "hooks_url": "https://api.github.com/repos/maicki/why-did-you-update/hooks",       "issue_events_url": "https://api.github.com/repos/maicki/why-did-you-update/issues/events{/number}",       "events_url": "https://api.github.com/repos/maicki/why-did-you-update/events",       "assignees_url": "https://api.github.com/repos/maicki/why-did-you-update/assignees{/user}",       "branches_url": "https://api.github.com/repos/maicki/why-did-you-update/branches{/branch}",       "tags_url": "https://api.github.com/repos/maicki/why-did-you-update/tags",       "blobs_url": "https://api.github.com/repos/maicki/why-did-you-update/git/blobs{/sha}",       "git_tags_url": "https://api.github.com/repos/maicki/why-did-you-update/git/tags{/sha}",       "git_refs_url": "https://api.github.com/repos/maicki/why-did-you-update/git/refs{/sha}",       "trees_url": "https://api.github.com/repos/maicki/why-did-you-update/git/trees{/sha}",       "statuses_url": "https://api.github.com/repos/maicki/why-did-you-update/statuses/{sha}",       "languages_url": "https://api.github.com/repos/maicki/why-did-you-update/languages",       "stargazers_url": "https://api.github.com/repos/maicki/why-did-you-update/stargazers",       "contributors_url": "https://api.github.com/repos/maicki/why-did-you-update/contributors",       "subscribers_url": "https://api.github.com/repos/maicki/why-did-you-update/subscribers",       "subscription_url": "https://api.github.com/repos/maicki/why-did-you-update/subscription",       "commits_url": "https://api.github.com/repos/maicki/why-did-you-update/commits{/sha}",       "git_commits_url": "https://api.github.com/repos/maicki/why-did-you-update/git/commits{/sha}",       "comments_url": "https://api.github.com/repos/maicki/why-did-you-update/comments{/number}",       "issue_comment_url": "https://api.github.com/repos/maicki/why-did-you-update/issues/comments{/number}",       "contents_url": "https://api.github.com/repos/maicki/why-did-you-update/contents/{+path}",       "compare_url": "https://api.github.com/repos/maicki/why-did-you-update/compare/{base}...{head}",       "merges_url": "https://api.github.com/repos/maicki/why-did-you-update/merges",       "archive_url": "https://api.github.com/repos/maicki/why-did-you-update/{archive_format}{/ref}",       "downloads_url": "https://api.github.com/repos/maicki/why-did-you-update/downloads",       "issues_url": "https://api.github.com/repos/maicki/why-did-you-update/issues{/number}",       "pulls_url": "https://api.github.com/repos/maicki/why-did-you-update/pulls{/number}",       "milestones_url": "https://api.github.com/repos/maicki/why-did-you-update/milestones{/number}",       "notifications_url": "https://api.github.com/repos/maicki/why-did-you-update/notifications{?since,all,participating}",       "labels_url": "https://api.github.com/repos/maicki/why-did-you-update/labels{/name}",       "releases_url": "https://api.github.com/repos/maicki/why-did-you-update/releases{/id}",       "deployments_url": "https://api.github.com/repos/maicki/why-did-you-update/deployments",       "created_at": "2017-07-20T02:06:12Z",       "updated_at": "2019-01-29T05:37:27Z",       "pushed_at": "2018-12-13T16:41:38Z",       "git_url": "git://github.com/maicki/why-did-you-update.git",       "ssh_url": "git@github.com:maicki/why-did-you-update.git",       "clone_url": "https://github.com/maicki/why-did-you-update.git",       "svn_url": "https://github.com/maicki/why-did-you-update",       "homepage": null,       "size": 1349,       "stargazers_count": 3040,       "watchers_count": 3040,       "language": "JavaScript",       "has_issues": true,       "has_projects": true,       "has_downloads": true,       "has_wiki": true,       "has_pages": false,       "forks_count": 89,       "mirror_url": null,       "archived": false,       "open_issues_count": 4,       "license": {         "key": "mit",         "name": "MIT License",         "spdx_id": "MIT",         "url": "https://api.github.com/licenses/mit",         "node_id": "MDc6TGljZW5zZTEz"       },       "forks": 89,       "open_issues": 4,       "watchers": 3040,       "default_branch": "master",       "score": 97.4644     },     {       "id": 47007090,       "node_id": "MDEwOlJlcG9zaXRvcnk0NzAwNzA5MA==",       "name": "react-native-nba-app",       "full_name": "wwayne/react-native-nba-app",       "private": false,       "owner": {         "login": "wwayne",         "id": 5305874,         "node_id": "MDQ6VXNlcjUzMDU4NzQ=",         "avatar_url": "https://avatars1.githubusercontent.com/u/5305874?v=4",         "gravatar_id": "",         "url": "https://api.github.com/users/wwayne",         "html_url": "https://github.com/wwayne",         "followers_url": "https://api.github.com/users/wwayne/followers",         "following_url": "https://api.github.com/users/wwayne/following{/other_user}",         "gists_url": "https://api.github.com/users/wwayne/gists{/gist_id}",         "starred_url": "https://api.github.com/users/wwayne/starred{/owner}{/repo}",         "subscriptions_url": "https://api.github.com/users/wwayne/subscriptions",         "organizations_url": "https://api.github.com/users/wwayne/orgs",         "repos_url": "https://api.github.com/users/wwayne/repos",         "events_url": "https://api.github.com/users/wwayne/events{/privacy}",         "received_events_url": "https://api.github.com/users/wwayne/received_events",         "type": "User",         "site_admin": false       },       "html_url": "https://github.com/wwayne/react-native-nba-app",       "description": "This is why we play",       "fork": false,       "url": "https://api.github.com/repos/wwayne/react-native-nba-app",       "forks_url": "https://api.github.com/repos/wwayne/react-native-nba-app/forks",       "keys_url": "https://api.github.com/repos/wwayne/react-native-nba-app/keys{/key_id}",       "collaborators_url": "https://api.github.com/repos/wwayne/react-native-nba-app/collaborators{/collaborator}",       "teams_url": "https://api.github.com/repos/wwayne/react-native-nba-app/teams",       "hooks_url": "https://api.github.com/repos/wwayne/react-native-nba-app/hooks",       "issue_events_url": "https://api.github.com/repos/wwayne/react-native-nba-app/issues/events{/number}",       "events_url": "https://api.github.com/repos/wwayne/react-native-nba-app/events",       "assignees_url": "https://api.github.com/repos/wwayne/react-native-nba-app/assignees{/user}",       "branches_url": "https://api.github.com/repos/wwayne/react-native-nba-app/branches{/branch}",       "tags_url": "https://api.github.com/repos/wwayne/react-native-nba-app/tags",       "blobs_url": "https://api.github.com/repos/wwayne/react-native-nba-app/git/blobs{/sha}",       "git_tags_url": "https://api.github.com/repos/wwayne/react-native-nba-app/git/tags{/sha}",       "git_refs_url": "https://api.github.com/repos/wwayne/react-native-nba-app/git/refs{/sha}",       "trees_url": "https://api.github.com/repos/wwayne/react-native-nba-app/git/trees{/sha}",       "statuses_url": "https://api.github.com/repos/wwayne/react-native-nba-app/statuses/{sha}",       "languages_url": "https://api.github.com/repos/wwayne/react-native-nba-app/languages",       "stargazers_url": "https://api.github.com/repos/wwayne/react-native-nba-app/stargazers",       "contributors_url": "https://api.github.com/repos/wwayne/react-native-nba-app/contributors",       "subscribers_url": "https://api.github.com/repos/wwayne/react-native-nba-app/subscribers",       "subscription_url": "https://api.github.com/repos/wwayne/react-native-nba-app/subscription",       "commits_url": "https://api.github.com/repos/wwayne/react-native-nba-app/commits{/sha}",       "git_commits_url": "https://api.github.com/repos/wwayne/react-native-nba-app/git/commits{/sha}",       "comments_url": "https://api.github.com/repos/wwayne/react-native-nba-app/comments{/number}",       "issue_comment_url": "https://api.github.com/repos/wwayne/react-native-nba-app/issues/comments{/number}",       "contents_url": "https://api.github.com/repos/wwayne/react-native-nba-app/contents/{+path}",       "compare_url": "https://api.github.com/repos/wwayne/react-native-nba-app/compare/{base}...{head}",       "merges_url": "https://api.github.com/repos/wwayne/react-native-nba-app/merges",       "archive_url": "https://api.github.com/repos/wwayne/react-native-nba-app/{archive_format}{/ref}",       "downloads_url": "https://api.github.com/repos/wwayne/react-native-nba-app/downloads",       "issues_url": "https://api.github.com/repos/wwayne/react-native-nba-app/issues{/number}",       "pulls_url": "https://api.github.com/repos/wwayne/react-native-nba-app/pulls{/number}",       "milestones_url": "https://api.github.com/repos/wwayne/react-native-nba-app/milestones{/number}",       "notifications_url": "https://api.github.com/repos/wwayne/react-native-nba-app/notifications{?since,all,participating}",       "labels_url": "https://api.github.com/repos/wwayne/react-native-nba-app/labels{/name}",       "releases_url": "https://api.github.com/repos/wwayne/react-native-nba-app/releases{/id}",       "deployments_url": "https://api.github.com/repos/wwayne/react-native-nba-app/deployments",       "created_at": "2015-11-28T02:30:45Z",       "updated_at": "2019-01-29T06:24:22Z",       "pushed_at": "2017-02-07T17:42:38Z",       "git_url": "git://github.com/wwayne/react-native-nba-app.git",       "ssh_url": "git@github.com:wwayne/react-native-nba-app.git",       "clone_url": "https://github.com/wwayne/react-native-nba-app.git",       "svn_url": "https://github.com/wwayne/react-native-nba-app",       "homepage": "",       "size": 2796,       "stargazers_count": 2073,       "watchers_count": 2073,       "language": "Objective-C",       "has_issues": true,       "has_projects": true,       "has_downloads": true,       "has_wiki": true,       "has_pages": false,       "forks_count": 480,       "mirror_url": null,       "archived": false,       "open_issues_count": 8,       "license": {         "key": "mit",         "name": "MIT License",         "spdx_id": "MIT",         "url": "https://api.github.com/licenses/mit",         "node_id": "MDc6TGljZW5zZTEz"       },       "forks": 480,       "open_issues": 8,       "watchers": 2073,       "default_branch": "master",       "score": 110.82921     },     {       "id": 17720394,       "node_id": "MDEwOlJlcG9zaXRvcnkxNzcyMDM5NA==",       "name": "pyinstrument",       "full_name": "joerick/pyinstrument",       "private": false,       "owner": {         "login": "joerick",         "id": 1244307,         "node_id": "MDQ6VXNlcjEyNDQzMDc=",         "avatar_url": "https://avatars1.githubusercontent.com/u/1244307?v=4",         "gravatar_id": "",         "url": "https://api.github.com/users/joerick",         "html_url": "https://github.com/joerick",         "followers_url": "https://api.github.com/users/joerick/followers",         "following_url": "https://api.github.com/users/joerick/following{/other_user}",         "gists_url": "https://api.github.com/users/joerick/gists{/gist_id}",         "starred_url": "https://api.github.com/users/joerick/starred{/owner}{/repo}",         "subscriptions_url": "https://api.github.com/users/joerick/subscriptions",         "organizations_url": "https://api.github.com/users/joerick/orgs",         "repos_url": "https://api.github.com/users/joerick/repos",         "events_url": "https://api.github.com/users/joerick/events{/privacy}",         "received_events_url": "https://api.github.com/users/joerick/received_events",         "type": "User",         "site_admin": false       },       "html_url": "https://github.com/joerick/pyinstrument",       "description": "🚴 Call stack profiler for Python. Shows you why your code is slow!",       "fork": false,       "url": "https://api.github.com/repos/joerick/pyinstrument",       "forks_url": "https://api.github.com/repos/joerick/pyinstrument/forks",       "keys_url": "https://api.github.com/repos/joerick/pyinstrument/keys{/key_id}",       "collaborators_url": "https://api.github.com/repos/joerick/pyinstrument/collaborators{/collaborator}",       "teams_url": "https://api.github.com/repos/joerick/pyinstrument/teams",       "hooks_url": "https://api.github.com/repos/joerick/pyinstrument/hooks",       "issue_events_url": "https://api.github.com/repos/joerick/pyinstrument/issues/events{/number}",       "events_url": "https://api.github.com/repos/joerick/pyinstrument/events",       "assignees_url": "https://api.github.com/repos/joerick/pyinstrument/assignees{/user}",       "branches_url": "https://api.github.com/repos/joerick/pyinstrument/branches{/branch}",       "tags_url": "https://api.github.com/repos/joerick/pyinstrument/tags",       "blobs_url": "https://api.github.com/repos/joerick/pyinstrument/git/blobs{/sha}",       "git_tags_url": "https://api.github.com/repos/joerick/pyinstrument/git/tags{/sha}",       "git_refs_url": "https://api.github.com/repos/joerick/pyinstrument/git/refs{/sha}",       "trees_url": "https://api.github.com/repos/joerick/pyinstrument/git/trees{/sha}",       "statuses_url": "https://api.github.com/repos/joerick/pyinstrument/statuses/{sha}",       "languages_url": "https://api.github.com/repos/joerick/pyinstrument/languages",       "stargazers_url": "https://api.github.com/repos/joerick/pyinstrument/stargazers",       "contributors_url": "https://api.github.com/repos/joerick/pyinstrument/contributors",       "subscribers_url": "https://api.github.com/repos/joerick/pyinstrument/subscribers",       "subscription_url": "https://api.github.com/repos/joerick/pyinstrument/subscription",       "commits_url": "https://api.github.com/repos/joerick/pyinstrument/commits{/sha}",       "git_commits_url": "https://api.github.com/repos/joerick/pyinstrument/git/commits{/sha}",       "comments_url": "https://api.github.com/repos/joerick/pyinstrument/comments{/number}",       "issue_comment_url": "https://api.github.com/repos/joerick/pyinstrument/issues/comments{/number}",       "contents_url": "https://api.github.com/repos/joerick/pyinstrument/contents/{+path}",       "compare_url": "https://api.github.com/repos/joerick/pyinstrument/compare/{base}...{head}",       "merges_url": "https://api.github.com/repos/joerick/pyinstrument/merges",       "archive_url": "https://api.github.com/repos/joerick/pyinstrument/{archive_format}{/ref}",       "downloads_url": "https://api.github.com/repos/joerick/pyinstrument/downloads",       "issues_url": "https://api.github.com/repos/joerick/pyinstrument/issues{/number}",       "pulls_url": "https://api.github.com/repos/joerick/pyinstrument/pulls{/number}",       "milestones_url": "https://api.github.com/repos/joerick/pyinstrument/milestones{/number}",       "notifications_url": "https://api.github.com/repos/joerick/pyinstrument/notifications{?since,all,participating}",       "labels_url": "https://api.github.com/repos/joerick/pyinstrument/labels{/name}",       "releases_url": "https://api.github.com/repos/joerick/pyinstrument/releases{/id}",       "deployments_url": "https://api.github.com/repos/joerick/pyinstrument/deployments",       "created_at": "2014-03-13T17:53:13Z",       "updated_at": "2019-01-27T14:58:45Z",       "pushed_at": "2019-01-15T13:57:27Z",       "git_url": "git://github.com/joerick/pyinstrument.git",       "ssh_url": "git@github.com:joerick/pyinstrument.git",       "clone_url": "https://github.com/joerick/pyinstrument.git",       "svn_url": "https://github.com/joerick/pyinstrument",       "homepage": "",       "size": 1949,       "stargazers_count": 1081,       "watchers_count": 1081,       "language": "Python",       "has_issues": true,       "has_projects": true,       "has_downloads": true,       "has_wiki": true,       "has_pages": false,       "forks_count": 66,       "mirror_url": null,       "archived": false,       "open_issues_count": 5,       "license": {         "key": "bsd-3-clause",         "name": "BSD 3-Clause \"New\" or \"Revised\" License",         "spdx_id": "BSD-3-Clause",         "url": "https://api.github.com/licenses/bsd-3-clause",         "node_id": "MDc6TGljZW5zZTU="       },       "forks": 66,       "open_issues": 5,       "watchers": 1081,       "default_branch": "master",       "score": 57.17854     },     {       "id": 51375640,       "node_id": "MDEwOlJlcG9zaXRvcnk1MTM3NTY0MA==",       "name": "why-is-node-running",       "full_name": "mafintosh/why-is-node-running",       "private": false,       "owner": {         "login": "mafintosh",         "id": 376661,         "node_id": "MDQ6VXNlcjM3NjY2MQ==",         "avatar_url": "https://avatars1.githubusercontent.com/u/376661?v=4",         "gravatar_id": "",         "url": "https://api.github.com/users/mafintosh",         "html_url": "https://github.com/mafintosh",         "followers_url": "https://api.github.com/users/mafintosh/followers",         "following_url": "https://api.github.com/users/mafintosh/following{/other_user}",         "gists_url": "https://api.github.com/users/mafintosh/gists{/gist_id}",         "starred_url": "https://api.github.com/users/mafintosh/starred{/owner}{/repo}",         "subscriptions_url": "https://api.github.com/users/mafintosh/subscriptions",         "organizations_url": "https://api.github.com/users/mafintosh/orgs",         "repos_url": "https://api.github.com/users/mafintosh/repos",         "events_url": "https://api.github.com/users/mafintosh/events{/privacy}",         "received_events_url": "https://api.github.com/users/mafintosh/received_events",         "type": "User",         "site_admin": false       },       "html_url": "https://github.com/mafintosh/why-is-node-running",       "description": "Node is running but you don't know why? why-is-node-running is here to help you.",       "fork": false,       "url": "https://api.github.com/repos/mafintosh/why-is-node-running",       "forks_url": "https://api.github.com/repos/mafintosh/why-is-node-running/forks",       "keys_url": "https://api.github.com/repos/mafintosh/why-is-node-running/keys{/key_id}",       "collaborators_url": "https://api.github.com/repos/mafintosh/why-is-node-running/collaborators{/collaborator}",       "teams_url": "https://api.github.com/repos/mafintosh/why-is-node-running/teams",       "hooks_url": "https://api.github.com/repos/mafintosh/why-is-node-running/hooks",       "issue_events_url": "https://api.github.com/repos/mafintosh/why-is-node-running/issues/events{/number}",       "events_url": "https://api.github.com/repos/mafintosh/why-is-node-running/events",       "assignees_url": "https://api.github.com/repos/mafintosh/why-is-node-running/assignees{/user}",       "branches_url": "https://api.github.com/repos/mafintosh/why-is-node-running/branches{/branch}",       "tags_url": "https://api.github.com/repos/mafintosh/why-is-node-running/tags",       "blobs_url": "https://api.github.com/repos/mafintosh/why-is-node-running/git/blobs{/sha}",       "git_tags_url": "https://api.github.com/repos/mafintosh/why-is-node-running/git/tags{/sha}",       "git_refs_url": "https://api.github.com/repos/mafintosh/why-is-node-running/git/refs{/sha}",       "trees_url": "https://api.github.com/repos/mafintosh/why-is-node-running/git/trees{/sha}",       "statuses_url": "https://api.github.com/repos/mafintosh/why-is-node-running/statuses/{sha}",       "languages_url": "https://api.github.com/repos/mafintosh/why-is-node-running/languages",       "stargazers_url": "https://api.github.com/repos/mafintosh/why-is-node-running/stargazers",       "contributors_url": "https://api.github.com/repos/mafintosh/why-is-node-running/contributors",       "subscribers_url": "https://api.github.com/repos/mafintosh/why-is-node-running/subscribers",       "subscription_url": "https://api.github.com/repos/mafintosh/why-is-node-running/subscription",       "commits_url": "https://api.github.com/repos/mafintosh/why-is-node-running/commits{/sha}",       "git_commits_url": "https://api.github.com/repos/mafintosh/why-is-node-running/git/commits{/sha}",       "comments_url": "https://api.github.com/repos/mafintosh/why-is-node-running/comments{/number}",       "issue_comment_url": "https://api.github.com/repos/mafintosh/why-is-node-running/issues/comments{/number}",       "contents_url": "https://api.github.com/repos/mafintosh/why-is-node-running/contents/{+path}",       "compare_url": "https://api.github.com/repos/mafintosh/why-is-node-running/compare/{base}...{head}",       "merges_url": "https://api.github.com/repos/mafintosh/why-is-node-running/merges",       "archive_url": "https://api.github.com/repos/mafintosh/why-is-node-running/{archive_format}{/ref}",       "downloads_url": "https://api.github.com/repos/mafintosh/why-is-node-running/downloads",       "issues_url": "https://api.github.com/repos/mafintosh/why-is-node-running/issues{/number}",       "pulls_url": "https://api.github.com/repos/mafintosh/why-is-node-running/pulls{/number}",       "milestones_url": "https://api.github.com/repos/mafintosh/why-is-node-running/milestones{/number}",       "notifications_url": "https://api.github.com/repos/mafintosh/why-is-node-running/notifications{?since,all,participating}",       "labels_url": "https://api.github.com/repos/mafintosh/why-is-node-running/labels{/name}",       "releases_url": "https://api.github.com/repos/mafintosh/why-is-node-running/releases{/id}",       "deployments_url": "https://api.github.com/repos/mafintosh/why-is-node-running/deployments",       "created_at": "2016-02-09T15:29:28Z",       "updated_at": "2019-01-27T07:40:29Z",       "pushed_at": "2018-10-26T08:54:53Z",       "git_url": "git://github.com/mafintosh/why-is-node-running.git",       "ssh_url": "git@github.com:mafintosh/why-is-node-running.git",       "clone_url": "https://github.com/mafintosh/why-is-node-running.git",       "svn_url": "https://github.com/mafintosh/why-is-node-running",       "homepage": null,       "size": 18,       "stargazers_count": 873,       "watchers_count": 873,       "language": "JavaScript",       "has_issues": true,       "has_projects": true,       "has_downloads": true,       "has_wiki": true,       "has_pages": false,       "forks_count": 32,       "mirror_url": null,       "archived": false,       "open_issues_count": 12,       "license": {         "key": "mit",         "name": "MIT License",         "spdx_id": "MIT",         "url": "https://api.github.com/licenses/mit",         "node_id": "MDc6TGljZW5zZTEz"       },       "forks": 32,       "open_issues": 12,       "watchers": 873,       "default_branch": "master",       "score": 80.29853     },     {       "id": 103874950,       "node_id": "MDEwOlJlcG9zaXRvcnkxMDM4NzQ5NTA=",       "name": "bashful",       "full_name": "wagoodman/bashful",       "private": false,       "owner": {         "login": "wagoodman",         "id": 590471,         "node_id": "MDQ6VXNlcjU5MDQ3MQ==",         "avatar_url": "https://avatars3.githubusercontent.com/u/590471?v=4",         "gravatar_id": "",         "url": "https://api.github.com/users/wagoodman",         "html_url": "https://github.com/wagoodman",         "followers_url": "https://api.github.com/users/wagoodman/followers",         "following_url": "https://api.github.com/users/wagoodman/following{/other_user}",         "gists_url": "https://api.github.com/users/wagoodman/gists{/gist_id}",         "starred_url": "https://api.github.com/users/wagoodman/starred{/owner}{/repo}",         "subscriptions_url": "https://api.github.com/users/wagoodman/subscriptions",         "organizations_url": "https://api.github.com/users/wagoodman/orgs",         "repos_url": "https://api.github.com/users/wagoodman/repos",         "events_url": "https://api.github.com/users/wagoodman/events{/privacy}",         "received_events_url": "https://api.github.com/users/wagoodman/received_events",         "type": "User",         "site_admin": false       },       "html_url": "https://github.com/wagoodman/bashful",       "description": "Use a yaml file to stitch together commands and bash snippits and run them with a bit of style.  Why? Because your bash script should be quiet and shy-like (...and not such a loud mouth). ",       "fork": false,       "url": "https://api.github.com/repos/wagoodman/bashful",       "forks_url": "https://api.github.com/repos/wagoodman/bashful/forks",       "keys_url": "https://api.github.com/repos/wagoodman/bashful/keys{/key_id}",       "collaborators_url": "https://api.github.com/repos/wagoodman/bashful/collaborators{/collaborator}",       "teams_url": "https://api.github.com/repos/wagoodman/bashful/teams",       "hooks_url": "https://api.github.com/repos/wagoodman/bashful/hooks",       "issue_events_url": "https://api.github.com/repos/wagoodman/bashful/issues/events{/number}",       "events_url": "https://api.github.com/repos/wagoodman/bashful/events",       "assignees_url": "https://api.github.com/repos/wagoodman/bashful/assignees{/user}",       "branches_url": "https://api.github.com/repos/wagoodman/bashful/branches{/branch}",       "tags_url": "https://api.github.com/repos/wagoodman/bashful/tags",       "blobs_url": "https://api.github.com/repos/wagoodman/bashful/git/blobs{/sha}",       "git_tags_url": "https://api.github.com/repos/wagoodman/bashful/git/tags{/sha}",       "git_refs_url": "https://api.github.com/repos/wagoodman/bashful/git/refs{/sha}",       "trees_url": "https://api.github.com/repos/wagoodman/bashful/git/trees{/sha}",       "statuses_url": "https://api.github.com/repos/wagoodman/bashful/statuses/{sha}",       "languages_url": "https://api.github.com/repos/wagoodman/bashful/languages",       "stargazers_url": "https://api.github.com/repos/wagoodman/bashful/stargazers",       "contributors_url": "https://api.github.com/repos/wagoodman/bashful/contributors",       "subscribers_url": "https://api.github.com/repos/wagoodman/bashful/subscribers",       "subscription_url": "https://api.github.com/repos/wagoodman/bashful/subscription",       "commits_url": "https://api.github.com/repos/wagoodman/bashful/commits{/sha}",       "git_commits_url": "https://api.github.com/repos/wagoodman/bashful/git/commits{/sha}",       "comments_url": "https://api.github.com/repos/wagoodman/bashful/comments{/number}",       "issue_comment_url": "https://api.github.com/repos/wagoodman/bashful/issues/comments{/number}",       "contents_url": "https://api.github.com/repos/wagoodman/bashful/contents/{+path}",       "compare_url": "https://api.github.com/repos/wagoodman/bashful/compare/{base}...{head}",       "merges_url": "https://api.github.com/repos/wagoodman/bashful/merges",       "archive_url": "https://api.github.com/repos/wagoodman/bashful/{archive_format}{/ref}",       "downloads_url": "https://api.github.com/repos/wagoodman/bashful/downloads",       "issues_url": "https://api.github.com/repos/wagoodman/bashful/issues{/number}",       "pulls_url": "https://api.github.com/repos/wagoodman/bashful/pulls{/number}",       "milestones_url": "https://api.github.com/repos/wagoodman/bashful/milestones{/number}",       "notifications_url": "https://api.github.com/repos/wagoodman/bashful/notifications{?since,all,participating}",       "labels_url": "https://api.github.com/repos/wagoodman/bashful/labels{/name}",       "releases_url": "https://api.github.com/repos/wagoodman/bashful/releases{/id}",       "deployments_url": "https://api.github.com/repos/wagoodman/bashful/deployments",       "created_at": "2017-09-18T01:04:55Z",       "updated_at": "2019-01-28T20:06:21Z",       "pushed_at": "2019-01-06T18:52:52Z",       "git_url": "git://github.com/wagoodman/bashful.git",       "ssh_url": "git@github.com:wagoodman/bashful.git",       "clone_url": "https://github.com/wagoodman/bashful.git",       "svn_url": "https://github.com/wagoodman/bashful",       "homepage": "",       "size": 4157,       "stargazers_count": 827,       "watchers_count": 827,       "language": "Go",       "has_issues": true,       "has_projects": true,       "has_downloads": true,       "has_wiki": true,       "has_pages": false,       "forks_count": 24,       "mirror_url": null,       "archived": false,       "open_issues_count": 15,       "license": {         "key": "mit",         "name": "MIT License",         "spdx_id": "MIT",         "url": "https://api.github.com/licenses/mit",         "node_id": "MDc6TGljZW5zZTEz"       },       "forks": 24,       "open_issues": 15,       "watchers": 827,       "default_branch": "master",       "score": 27.858147     },     {       "id": 100889899,       "node_id": "MDEwOlJlcG9zaXRvcnkxMDA4ODk4OTk=",       "name": "wtfautolayout",       "full_name": "johnpatrickmorgan/wtfautolayout",       "private": false,       "owner": {         "login": "johnpatrickmorgan",         "id": 6318566,         "node_id": "MDQ6VXNlcjYzMTg1NjY=",         "avatar_url": "https://avatars3.githubusercontent.com/u/6318566?v=4",         "gravatar_id": "",         "url": "https://api.github.com/users/johnpatrickmorgan",         "html_url": "https://github.com/johnpatrickmorgan",         "followers_url": "https://api.github.com/users/johnpatrickmorgan/followers",         "following_url": "https://api.github.com/users/johnpatrickmorgan/following{/other_user}",         "gists_url": "https://api.github.com/users/johnpatrickmorgan/gists{/gist_id}",         "starred_url": "https://api.github.com/users/johnpatrickmorgan/starred{/owner}{/repo}",         "subscriptions_url": "https://api.github.com/users/johnpatrickmorgan/subscriptions",         "organizations_url": "https://api.github.com/users/johnpatrickmorgan/orgs",         "repos_url": "https://api.github.com/users/johnpatrickmorgan/repos",         "events_url": "https://api.github.com/users/johnpatrickmorgan/events{/privacy}",         "received_events_url": "https://api.github.com/users/johnpatrickmorgan/received_events",         "type": "User",         "site_admin": false       },       "html_url": "https://github.com/johnpatrickmorgan/wtfautolayout",       "description": "The source code for Why The Failure, Auto Layout?",       "fork": false,       "url": "https://api.github.com/repos/johnpatrickmorgan/wtfautolayout",       "forks_url": "https://api.github.com/repos/johnpatrickmorgan/wtfautolayout/forks",       "keys_url": "https://api.github.com/repos/johnpatrickmorgan/wtfautolayout/keys{/key_id}",       "collaborators_url": "https://api.github.com/repos/johnpatrickmorgan/wtfautolayout/collaborators{/collaborator}",       "teams_url": "https://api.github.com/repos/johnpatrickmorgan/wtfautolayout/teams",       "hooks_url": "https://api.github.com/repos/johnpatrickmorgan/wtfautolayout/hooks",       "issue_events_url": "https://api.github.com/repos/johnpatrickmorgan/wtfautolayout/issues/events{/number}",       "events_url": "https://api.github.com/repos/johnpatrickmorgan/wtfautolayout/events",       "assignees_url": "https://api.github.com/repos/johnpatrickmorgan/wtfautolayout/assignees{/user}",       "branches_url": "https://api.github.com/repos/johnpatrickmorgan/wtfautolayout/branches{/branch}",       "tags_url": "https://api.github.com/repos/johnpatrickmorgan/wtfautolayout/tags",       "blobs_url": "https://api.github.com/repos/johnpatrickmorgan/wtfautolayout/git/blobs{/sha}",       "git_tags_url": "https://api.github.com/repos/johnpatrickmorgan/wtfautolayout/git/tags{/sha}",       "git_refs_url": "https://api.github.com/repos/johnpatrickmorgan/wtfautolayout/git/refs{/sha}",       "trees_url": "https://api.github.com/repos/johnpatrickmorgan/wtfautolayout/git/trees{/sha}",       "statuses_url": "https://api.github.com/repos/johnpatrickmorgan/wtfautolayout/statuses/{sha}",       "languages_url": "https://api.github.com/repos/johnpatrickmorgan/wtfautolayout/languages",       "stargazers_url": "https://api.github.com/repos/johnpatrickmorgan/wtfautolayout/stargazers",       "contributors_url": "https://api.github.com/repos/johnpatrickmorgan/wtfautolayout/contributors",       "subscribers_url": "https://api.github.com/repos/johnpatrickmorgan/wtfautolayout/subscribers",       "subscription_url": "https://api.github.com/repos/johnpatrickmorgan/wtfautolayout/subscription",       "commits_url": "https://api.github.com/repos/johnpatrickmorgan/wtfautolayout/commits{/sha}",       "git_commits_url": "https://api.github.com/repos/johnpatrickmorgan/wtfautolayout/git/commits{/sha}",       "comments_url": "https://api.github.com/repos/johnpatrickmorgan/wtfautolayout/comments{/number}",       "issue_comment_url": "https://api.github.com/repos/johnpatrickmorgan/wtfautolayout/issues/comments{/number}",       "contents_url": "https://api.github.com/repos/johnpatrickmorgan/wtfautolayout/contents/{+path}",       "compare_url": "https://api.github.com/repos/johnpatrickmorgan/wtfautolayout/compare/{base}...{head}",       "merges_url": "https://api.github.com/repos/johnpatrickmorgan/wtfautolayout/merges",       "archive_url": "https://api.github.com/repos/johnpatrickmorgan/wtfautolayout/{archive_format}{/ref}",       "downloads_url": "https://api.github.com/repos/johnpatrickmorgan/wtfautolayout/downloads",       "issues_url": "https://api.github.com/repos/johnpatrickmorgan/wtfautolayout/issues{/number}",       "pulls_url": "https://api.github.com/repos/johnpatrickmorgan/wtfautolayout/pulls{/number}",       "milestones_url": "https://api.github.com/repos/johnpatrickmorgan/wtfautolayout/milestones{/number}",       "notifications_url": "https://api.github.com/repos/johnpatrickmorgan/wtfautolayout/notifications{?since,all,participating}",       "labels_url": "https://api.github.com/repos/johnpatrickmorgan/wtfautolayout/labels{/name}",       "releases_url": "https://api.github.com/repos/johnpatrickmorgan/wtfautolayout/releases{/id}",       "deployments_url": "https://api.github.com/repos/johnpatrickmorgan/wtfautolayout/deployments",       "created_at": "2017-08-20T21:32:57Z",       "updated_at": "2019-01-28T12:46:45Z",       "pushed_at": "2019-01-24T23:44:25Z",       "git_url": "git://github.com/johnpatrickmorgan/wtfautolayout.git",       "ssh_url": "git@github.com:johnpatrickmorgan/wtfautolayout.git",       "clone_url": "https://github.com/johnpatrickmorgan/wtfautolayout.git",       "svn_url": "https://github.com/johnpatrickmorgan/wtfautolayout",       "homepage": "https://www.wtfautolayout.com",       "size": 347,       "stargazers_count": 674,       "watchers_count": 674,       "language": "Swift",       "has_issues": true,       "has_projects": true,       "has_downloads": true,       "has_wiki": true,       "has_pages": false,       "forks_count": 15,       "mirror_url": null,       "archived": false,       "open_issues_count": 5,       "license": {         "key": "mit",         "name": "MIT License",         "spdx_id": "MIT",         "url": "https://api.github.com/licenses/mit",         "node_id": "MDc6TGljZW5zZTEz"       },       "forks": 15,       "open_issues": 5,       "watchers": 674,       "default_branch": "master",       "score": 56.448296     },     {       "id": 28422398,       "node_id": "MDEwOlJlcG9zaXRvcnkyODQyMjM5OA==",       "name": "react-router-flux-starter-kit",       "full_name": "przeor/react-router-flux-starter-kit",       "private": false,       "owner": {         "login": "przeor",         "id": 5995,         "node_id": "MDQ6VXNlcjU5OTU=",         "avatar_url": "https://avatars2.githubusercontent.com/u/5995?v=4",         "gravatar_id": "",         "url": "https://api.github.com/users/przeor",         "html_url": "https://github.com/przeor",         "followers_url": "https://api.github.com/users/przeor/followers",         "following_url": "https://api.github.com/users/przeor/following{/other_user}",         "gists_url": "https://api.github.com/users/przeor/gists{/gist_id}",         "starred_url": "https://api.github.com/users/przeor/starred{/owner}{/repo}",         "subscriptions_url": "https://api.github.com/users/przeor/subscriptions",         "organizations_url": "https://api.github.com/users/przeor/orgs",         "repos_url": "https://api.github.com/users/przeor/repos",         "events_url": "https://api.github.com/users/przeor/events{/privacy}",         "received_events_url": "https://api.github.com/users/przeor/received_events",         "type": "User",         "site_admin": false       },       "html_url": "https://github.com/przeor/react-router-flux-starter-kit",       "description": "Why & How to Learn React Redux, the right highly scalable way.",       "fork": false,       "url": "https://api.github.com/repos/przeor/react-router-flux-starter-kit",       "forks_url": "https://api.github.com/repos/przeor/react-router-flux-starter-kit/forks",       "keys_url": "https://api.github.com/repos/przeor/react-router-flux-starter-kit/keys{/key_id}",       "collaborators_url": "https://api.github.com/repos/przeor/react-router-flux-starter-kit/collaborators{/collaborator}",       "teams_url": "https://api.github.com/repos/przeor/react-router-flux-starter-kit/teams",       "hooks_url": "https://api.github.com/repos/przeor/react-router-flux-starter-kit/hooks",       "issue_events_url": "https://api.github.com/repos/przeor/react-router-flux-starter-kit/issues/events{/number}",       "events_url": "https://api.github.com/repos/przeor/react-router-flux-starter-kit/events",       "assignees_url": "https://api.github.com/repos/przeor/react-router-flux-starter-kit/assignees{/user}",       "branches_url": "https://api.github.com/repos/przeor/react-router-flux-starter-kit/branches{/branch}",       "tags_url": "https://api.github.com/repos/przeor/react-router-flux-starter-kit/tags",       "blobs_url": "https://api.github.com/repos/przeor/react-router-flux-starter-kit/git/blobs{/sha}",       "git_tags_url": "https://api.github.com/repos/przeor/react-router-flux-starter-kit/git/tags{/sha}",       "git_refs_url": "https://api.github.com/repos/przeor/react-router-flux-starter-kit/git/refs{/sha}",       "trees_url": "https://api.github.com/repos/przeor/react-router-flux-starter-kit/git/trees{/sha}",       "statuses_url": "https://api.github.com/repos/przeor/react-router-flux-starter-kit/statuses/{sha}",       "languages_url": "https://api.github.com/repos/przeor/react-router-flux-starter-kit/languages",       "stargazers_url": "https://api.github.com/repos/przeor/react-router-flux-starter-kit/stargazers",       "contributors_url": "https://api.github.com/repos/przeor/react-router-flux-starter-kit/contributors",       "subscribers_url": "https://api.github.com/repos/przeor/react-router-flux-starter-kit/subscribers",       "subscription_url": "https://api.github.com/repos/przeor/react-router-flux-starter-kit/subscription",       "commits_url": "https://api.github.com/repos/przeor/react-router-flux-starter-kit/commits{/sha}",       "git_commits_url": "https://api.github.com/repos/przeor/react-router-flux-starter-kit/git/commits{/sha}",       "comments_url": "https://api.github.com/repos/przeor/react-router-flux-starter-kit/comments{/number}",       "issue_comment_url": "https://api.github.com/repos/przeor/react-router-flux-starter-kit/issues/comments{/number}",       "contents_url": "https://api.github.com/repos/przeor/react-router-flux-starter-kit/contents/{+path}",       "compare_url": "https://api.github.com/repos/przeor/react-router-flux-starter-kit/compare/{base}...{head}",       "merges_url": "https://api.github.com/repos/przeor/react-router-flux-starter-kit/merges",       "archive_url": "https://api.github.com/repos/przeor/react-router-flux-starter-kit/{archive_format}{/ref}",       "downloads_url": "https://api.github.com/repos/przeor/react-router-flux-starter-kit/downloads",       "issues_url": "https://api.github.com/repos/przeor/react-router-flux-starter-kit/issues{/number}",       "pulls_url": "https://api.github.com/repos/przeor/react-router-flux-starter-kit/pulls{/number}",       "milestones_url": "https://api.github.com/repos/przeor/react-router-flux-starter-kit/milestones{/number}",       "notifications_url": "https://api.github.com/repos/przeor/react-router-flux-starter-kit/notifications{?since,all,participating}",       "labels_url": "https://api.github.com/repos/przeor/react-router-flux-starter-kit/labels{/name}",       "releases_url": "https://api.github.com/repos/przeor/react-router-flux-starter-kit/releases{/id}",       "deployments_url": "https://api.github.com/repos/przeor/react-router-flux-starter-kit/deployments",       "created_at": "2014-12-23T22:19:47Z",       "updated_at": "2019-01-23T01:25:46Z",       "pushed_at": "2016-08-19T08:19:37Z",       "git_url": "git://github.com/przeor/react-router-flux-starter-kit.git",       "ssh_url": "git@github.com:przeor/react-router-flux-starter-kit.git",       "clone_url": "https://github.com/przeor/react-router-flux-starter-kit.git",       "svn_url": "https://github.com/przeor/react-router-flux-starter-kit",       "homepage": "",       "size": 4999,       "stargazers_count": 650,       "watchers_count": 650,       "language": "JavaScript",       "has_issues": true,       "has_projects": true,       "has_downloads": true,       "has_wiki": true,       "has_pages": false,       "forks_count": 97,       "mirror_url": null,       "archived": false,       "open_issues_count": 5,       "license": null,       "forks": 97,       "open_issues": 5,       "watchers": 650,       "default_branch": "master",       "score": 58.769505     },     {       "id": 282344,       "node_id": "MDEwOlJlcG9zaXRvcnkyODIzNDQ=",       "name": "potion",       "full_name": "perl11/potion",       "private": false,       "owner": {         "login": "perl11",         "id": 2390370,         "node_id": "MDEyOk9yZ2FuaXphdGlvbjIzOTAzNzA=",         "avatar_url": "https://avatars3.githubusercontent.com/u/2390370?v=4",         "gravatar_id": "",         "url": "https://api.github.com/users/perl11",         "html_url": "https://github.com/perl11",         "followers_url": "https://api.github.com/users/perl11/followers",         "following_url": "https://api.github.com/users/perl11/following{/other_user}",         "gists_url": "https://api.github.com/users/perl11/gists{/gist_id}",         "starred_url": "https://api.github.com/users/perl11/starred{/owner}{/repo}",         "subscriptions_url": "https://api.github.com/users/perl11/subscriptions",         "organizations_url": "https://api.github.com/users/perl11/orgs",         "repos_url": "https://api.github.com/users/perl11/repos",         "events_url": "https://api.github.com/users/perl11/events{/privacy}",         "received_events_url": "https://api.github.com/users/perl11/received_events",         "type": "Organization",         "site_admin": false       },       "html_url": "https://github.com/perl11/potion",       "description": "_why the lucky stiff's little language (the official repo... until _why returns)",       "fork": false,       "url": "https://api.github.com/repos/perl11/potion",       "forks_url": "https://api.github.com/repos/perl11/potion/forks",       "keys_url": "https://api.github.com/repos/perl11/potion/keys{/key_id}",       "collaborators_url": "https://api.github.com/repos/perl11/potion/collaborators{/collaborator}",       "teams_url": "https://api.github.com/repos/perl11/potion/teams",       "hooks_url": "https://api.github.com/repos/perl11/potion/hooks",       "issue_events_url": "https://api.github.com/repos/perl11/potion/issues/events{/number}",       "events_url": "https://api.github.com/repos/perl11/potion/events",       "assignees_url": "https://api.github.com/repos/perl11/potion/assignees{/user}",       "branches_url": "https://api.github.com/repos/perl11/potion/branches{/branch}",       "tags_url": "https://api.github.com/repos/perl11/potion/tags",       "blobs_url": "https://api.github.com/repos/perl11/potion/git/blobs{/sha}",       "git_tags_url": "https://api.github.com/repos/perl11/potion/git/tags{/sha}",       "git_refs_url": "https://api.github.com/repos/perl11/potion/git/refs{/sha}",       "trees_url": "https://api.github.com/repos/perl11/potion/git/trees{/sha}",       "statuses_url": "https://api.github.com/repos/perl11/potion/statuses/{sha}",       "languages_url": "https://api.github.com/repos/perl11/potion/languages",       "stargazers_url": "https://api.github.com/repos/perl11/potion/stargazers",       "contributors_url": "https://api.github.com/repos/perl11/potion/contributors",       "subscribers_url": "https://api.github.com/repos/perl11/potion/subscribers",       "subscription_url": "https://api.github.com/repos/perl11/potion/subscription",       "commits_url": "https://api.github.com/repos/perl11/potion/commits{/sha}",       "git_commits_url": "https://api.github.com/repos/perl11/potion/git/commits{/sha}",       "comments_url": "https://api.github.com/repos/perl11/potion/comments{/number}",       "issue_comment_url": "https://api.github.com/repos/perl11/potion/issues/comments{/number}",       "contents_url": "https://api.github.com/repos/perl11/potion/contents/{+path}",       "compare_url": "https://api.github.com/repos/perl11/potion/compare/{base}...{head}",       "merges_url": "https://api.github.com/repos/perl11/potion/merges",       "archive_url": "https://api.github.com/repos/perl11/potion/{archive_format}{/ref}",       "downloads_url": "https://api.github.com/repos/perl11/potion/downloads",       "issues_url": "https://api.github.com/repos/perl11/potion/issues{/number}",       "pulls_url": "https://api.github.com/repos/perl11/potion/pulls{/number}",       "milestones_url": "https://api.github.com/repos/perl11/potion/milestones{/number}",       "notifications_url": "https://api.github.com/repos/perl11/potion/notifications{?since,all,participating}",       "labels_url": "https://api.github.com/repos/perl11/potion/labels{/name}",       "releases_url": "https://api.github.com/repos/perl11/potion/releases{/id}",       "deployments_url": "https://api.github.com/repos/perl11/potion/deployments",       "created_at": "2009-08-19T20:06:21Z",       "updated_at": "2019-01-23T08:11:13Z",       "pushed_at": "2018-02-02T09:04:03Z",       "git_url": "git://github.com/perl11/potion.git",       "ssh_url": "git@github.com:perl11/potion.git",       "clone_url": "https://github.com/perl11/potion.git",       "svn_url": "https://github.com/perl11/potion",       "homepage": "http://groups.google.com/group/potion-lang",       "size": 4417,       "stargazers_count": 540,       "watchers_count": 540,       "language": "C",       "has_issues": true,       "has_projects": true,       "has_downloads": true,       "has_wiki": true,       "has_pages": true,       "forks_count": 78,       "mirror_url": null,       "archived": false,       "open_issues_count": 19,       "license": {         "key": "other",         "name": "Other",         "spdx_id": "NOASSERTION",         "url": null,         "node_id": "MDc6TGljZW5zZTA="       },       "forks": 78,       "open_issues": 19,       "watchers": 540,       "default_branch": "master",       "score": 81.98043     },     {       "id": 282622,       "node_id": "MDEwOlJlcG9zaXRvcnkyODI2MjI=",       "name": "poignant-guide",       "full_name": "mislav/poignant-guide",       "private": false,       "owner": {         "login": "mislav",         "id": 887,         "node_id": "MDQ6VXNlcjg4Nw==",         "avatar_url": "https://avatars2.githubusercontent.com/u/887?v=4",         "gravatar_id": "",         "url": "https://api.github.com/users/mislav",         "html_url": "https://github.com/mislav",         "followers_url": "https://api.github.com/users/mislav/followers",         "following_url": "https://api.github.com/users/mislav/following{/other_user}",         "gists_url": "https://api.github.com/users/mislav/gists{/gist_id}",         "starred_url": "https://api.github.com/users/mislav/starred{/owner}{/repo}",         "subscriptions_url": "https://api.github.com/users/mislav/subscriptions",         "organizations_url": "https://api.github.com/users/mislav/orgs",         "repos_url": "https://api.github.com/users/mislav/repos",         "events_url": "https://api.github.com/users/mislav/events{/privacy}",         "received_events_url": "https://api.github.com/users/mislav/received_events",         "type": "User",         "site_admin": true       },       "html_url": "https://github.com/mislav/poignant-guide",       "description": "Why's Poignant Guide to Ruby",       "fork": false,       "url": "https://api.github.com/repos/mislav/poignant-guide",       "forks_url": "https://api.github.com/repos/mislav/poignant-guide/forks",       "keys_url": "https://api.github.com/repos/mislav/poignant-guide/keys{/key_id}",       "collaborators_url": "https://api.github.com/repos/mislav/poignant-guide/collaborators{/collaborator}",       "teams_url": "https://api.github.com/repos/mislav/poignant-guide/teams",       "hooks_url": "https://api.github.com/repos/mislav/poignant-guide/hooks",       "issue_events_url": "https://api.github.com/repos/mislav/poignant-guide/issues/events{/number}",       "events_url": "https://api.github.com/repos/mislav/poignant-guide/events",       "assignees_url": "https://api.github.com/repos/mislav/poignant-guide/assignees{/user}",       "branches_url": "https://api.github.com/repos/mislav/poignant-guide/branches{/branch}",       "tags_url": "https://api.github.com/repos/mislav/poignant-guide/tags",       "blobs_url": "https://api.github.com/repos/mislav/poignant-guide/git/blobs{/sha}",       "git_tags_url": "https://api.github.com/repos/mislav/poignant-guide/git/tags{/sha}",       "git_refs_url": "https://api.github.com/repos/mislav/poignant-guide/git/refs{/sha}",       "trees_url": "https://api.github.com/repos/mislav/poignant-guide/git/trees{/sha}",       "statuses_url": "https://api.github.com/repos/mislav/poignant-guide/statuses/{sha}",       "languages_url": "https://api.github.com/repos/mislav/poignant-guide/languages",       "stargazers_url": "https://api.github.com/repos/mislav/poignant-guide/stargazers",       "contributors_url": "https://api.github.com/repos/mislav/poignant-guide/contributors",       "subscribers_url": "https://api.github.com/repos/mislav/poignant-guide/subscribers",       "subscription_url": "https://api.github.com/repos/mislav/poignant-guide/subscription",       "commits_url": "https://api.github.com/repos/mislav/poignant-guide/commits{/sha}",       "git_commits_url": "https://api.github.com/repos/mislav/poignant-guide/git/commits{/sha}",       "comments_url": "https://api.github.com/repos/mislav/poignant-guide/comments{/number}",       "issue_comment_url": "https://api.github.com/repos/mislav/poignant-guide/issues/comments{/number}",       "contents_url": "https://api.github.com/repos/mislav/poignant-guide/contents/{+path}",       "compare_url": "https://api.github.com/repos/mislav/poignant-guide/compare/{base}...{head}",       "merges_url": "https://api.github.com/repos/mislav/poignant-guide/merges",       "archive_url": "https://api.github.com/repos/mislav/poignant-guide/{archive_format}{/ref}",       "downloads_url": "https://api.github.com/repos/mislav/poignant-guide/downloads",       "issues_url": "https://api.github.com/repos/mislav/poignant-guide/issues{/number}",       "pulls_url": "https://api.github.com/repos/mislav/poignant-guide/pulls{/number}",       "milestones_url": "https://api.github.com/repos/mislav/poignant-guide/milestones{/number}",       "notifications_url": "https://api.github.com/repos/mislav/poignant-guide/notifications{?since,all,participating}",       "labels_url": "https://api.github.com/repos/mislav/poignant-guide/labels{/name}",       "releases_url": "https://api.github.com/repos/mislav/poignant-guide/releases{/id}",       "deployments_url": "https://api.github.com/repos/mislav/poignant-guide/deployments",       "created_at": "2009-08-20T01:17:54Z",       "updated_at": "2019-01-26T12:32:58Z",       "pushed_at": "2018-11-20T13:08:57Z",       "git_url": "git://github.com/mislav/poignant-guide.git",       "ssh_url": "git@github.com:mislav/poignant-guide.git",       "clone_url": "https://github.com/mislav/poignant-guide.git",       "svn_url": "https://github.com/mislav/poignant-guide",       "homepage": "http://poignant.guide/",       "size": 12871,       "stargazers_count": 532,       "watchers_count": 532,       "language": "HTML",       "has_issues": false,       "has_projects": true,       "has_downloads": true,       "has_wiki": false,       "has_pages": true,       "forks_count": 103,       "mirror_url": null,       "archived": false,       "open_issues_count": 0,       "license": null,       "forks": 103,       "open_issues": 0,       "watchers": 532,       "default_branch": "gh-pages",       "score": 81.49594     },     {       "id": 30485473,       "node_id": "MDEwOlJlcG9zaXRvcnkzMDQ4NTQ3Mw==",       "name": "Why-Reject",       "full_name": "jcccn/Why-Reject",       "private": false,       "owner": {         "login": "jcccn",         "id": 397243,         "node_id": "MDQ6VXNlcjM5NzI0Mw==",         "avatar_url": "https://avatars1.githubusercontent.com/u/397243?v=4",         "gravatar_id": "",         "url": "https://api.github.com/users/jcccn",         "html_url": "https://github.com/jcccn",         "followers_url": "https://api.github.com/users/jcccn/followers",         "following_url": "https://api.github.com/users/jcccn/following{/other_user}",         "gists_url": "https://api.github.com/users/jcccn/gists{/gist_id}",         "starred_url": "https://api.github.com/users/jcccn/starred{/owner}{/repo}",         "subscriptions_url": "https://api.github.com/users/jcccn/subscriptions",         "organizations_url": "https://api.github.com/users/jcccn/orgs",         "repos_url": "https://api.github.com/users/jcccn/repos",         "events_url": "https://api.github.com/users/jcccn/events{/privacy}",         "received_events_url": "https://api.github.com/users/jcccn/received_events",         "type": "User",         "site_admin": false       },       "html_url": "https://github.com/jcccn/Why-Reject",       "description": "苹果AppStore被拒理由大全",       "fork": false,       "url": "https://api.github.com/repos/jcccn/Why-Reject",       "forks_url": "https://api.github.com/repos/jcccn/Why-Reject/forks",       "keys_url": "https://api.github.com/repos/jcccn/Why-Reject/keys{/key_id}",       "collaborators_url": "https://api.github.com/repos/jcccn/Why-Reject/collaborators{/collaborator}",       "teams_url": "https://api.github.com/repos/jcccn/Why-Reject/teams",       "hooks_url": "https://api.github.com/repos/jcccn/Why-Reject/hooks",       "issue_events_url": "https://api.github.com/repos/jcccn/Why-Reject/issues/events{/number}",       "events_url": "https://api.github.com/repos/jcccn/Why-Reject/events",       "assignees_url": "https://api.github.com/repos/jcccn/Why-Reject/assignees{/user}",       "branches_url": "https://api.github.com/repos/jcccn/Why-Reject/branches{/branch}",       "tags_url": "https://api.github.com/repos/jcccn/Why-Reject/tags",       "blobs_url": "https://api.github.com/repos/jcccn/Why-Reject/git/blobs{/sha}",       "git_tags_url": "https://api.github.com/repos/jcccn/Why-Reject/git/tags{/sha}",       "git_refs_url": "https://api.github.com/repos/jcccn/Why-Reject/git/refs{/sha}",       "trees_url": "https://api.github.com/repos/jcccn/Why-Reject/git/trees{/sha}",       "statuses_url": "https://api.github.com/repos/jcccn/Why-Reject/statuses/{sha}",       "languages_url": "https://api.github.com/repos/jcccn/Why-Reject/languages",       "stargazers_url": "https://api.github.com/repos/jcccn/Why-Reject/stargazers",       "contributors_url": "https://api.github.com/repos/jcccn/Why-Reject/contributors",       "subscribers_url": "https://api.github.com/repos/jcccn/Why-Reject/subscribers",       "subscription_url": "https://api.github.com/repos/jcccn/Why-Reject/subscription",       "commits_url": "https://api.github.com/repos/jcccn/Why-Reject/commits{/sha}",       "git_commits_url": "https://api.github.com/repos/jcccn/Why-Reject/git/commits{/sha}",       "comments_url": "https://api.github.com/repos/jcccn/Why-Reject/comments{/number}",       "issue_comment_url": "https://api.github.com/repos/jcccn/Why-Reject/issues/comments{/number}",       "contents_url": "https://api.github.com/repos/jcccn/Why-Reject/contents/{+path}",       "compare_url": "https://api.github.com/repos/jcccn/Why-Reject/compare/{base}...{head}",       "merges_url": "https://api.github.com/repos/jcccn/Why-Reject/merges",       "archive_url": "https://api.github.com/repos/jcccn/Why-Reject/{archive_format}{/ref}",       "downloads_url": "https://api.github.com/repos/jcccn/Why-Reject/downloads",       "issues_url": "https://api.github.com/repos/jcccn/Why-Reject/issues{/number}",       "pulls_url": "https://api.github.com/repos/jcccn/Why-Reject/pulls{/number}",       "milestones_url": "https://api.github.com/repos/jcccn/Why-Reject/milestones{/number}",       "notifications_url": "https://api.github.com/repos/jcccn/Why-Reject/notifications{?since,all,participating}",       "labels_url": "https://api.github.com/repos/jcccn/Why-Reject/labels{/name}",       "releases_url": "https://api.github.com/repos/jcccn/Why-Reject/releases{/id}",       "deployments_url": "https://api.github.com/repos/jcccn/Why-Reject/deployments",       "created_at": "2015-02-08T08:37:17Z",       "updated_at": "2019-01-28T12:02:55Z",       "pushed_at": "2017-05-06T07:35:44Z",       "git_url": "git://github.com/jcccn/Why-Reject.git",       "ssh_url": "git@github.com:jcccn/Why-Reject.git",       "clone_url": "https://github.com/jcccn/Why-Reject.git",       "svn_url": "https://github.com/jcccn/Why-Reject",       "homepage": "https://whyreject.jcccn.me",       "size": 684,       "stargazers_count": 493,       "watchers_count": 493,       "language": null,       "has_issues": true,       "has_projects": true,       "has_downloads": true,       "has_wiki": true,       "has_pages": true,       "forks_count": 113,       "mirror_url": null,       "archived": false,       "open_issues_count": 0,       "license": null,       "forks": 113,       "open_issues": 0,       "watchers": 493,       "default_branch": "master",       "score": 96.06037     },     {       "id": 76408906,       "node_id": "MDEwOlJlcG9zaXRvcnk3NjQwODkwNg==",       "name": "meta",       "full_name": "mateodelnorte/meta",       "private": false,       "owner": {         "login": "mateodelnorte",         "id": 554847,         "node_id": "MDQ6VXNlcjU1NDg0Nw==",         "avatar_url": "https://avatars3.githubusercontent.com/u/554847?v=4",         "gravatar_id": "",         "url": "https://api.github.com/users/mateodelnorte",         "html_url": "https://github.com/mateodelnorte",         "followers_url": "https://api.github.com/users/mateodelnorte/followers",         "following_url": "https://api.github.com/users/mateodelnorte/following{/other_user}",         "gists_url": "https://api.github.com/users/mateodelnorte/gists{/gist_id}",         "starred_url": "https://api.github.com/users/mateodelnorte/starred{/owner}{/repo}",         "subscriptions_url": "https://api.github.com/users/mateodelnorte/subscriptions",         "organizations_url": "https://api.github.com/users/mateodelnorte/orgs",         "repos_url": "https://api.github.com/users/mateodelnorte/repos",         "events_url": "https://api.github.com/users/mateodelnorte/events{/privacy}",         "received_events_url": "https://api.github.com/users/mateodelnorte/received_events",         "type": "User",         "site_admin": false       },       "html_url": "https://github.com/mateodelnorte/meta",       "description": "tool for turning many repos into a meta repo. why choose many repos or a monolithic repo, when you can have both with a meta repo?",       "fork": false,       "url": "https://api.github.com/repos/mateodelnorte/meta",       "forks_url": "https://api.github.com/repos/mateodelnorte/meta/forks",       "keys_url": "https://api.github.com/repos/mateodelnorte/meta/keys{/key_id}",       "collaborators_url": "https://api.github.com/repos/mateodelnorte/meta/collaborators{/collaborator}",       "teams_url": "https://api.github.com/repos/mateodelnorte/meta/teams",       "hooks_url": "https://api.github.com/repos/mateodelnorte/meta/hooks",       "issue_events_url": "https://api.github.com/repos/mateodelnorte/meta/issues/events{/number}",       "events_url": "https://api.github.com/repos/mateodelnorte/meta/events",       "assignees_url": "https://api.github.com/repos/mateodelnorte/meta/assignees{/user}",       "branches_url": "https://api.github.com/repos/mateodelnorte/meta/branches{/branch}",       "tags_url": "https://api.github.com/repos/mateodelnorte/meta/tags",       "blobs_url": "https://api.github.com/repos/mateodelnorte/meta/git/blobs{/sha}",       "git_tags_url": "https://api.github.com/repos/mateodelnorte/meta/git/tags{/sha}",       "git_refs_url": "https://api.github.com/repos/mateodelnorte/meta/git/refs{/sha}",       "trees_url": "https://api.github.com/repos/mateodelnorte/meta/git/trees{/sha}",       "statuses_url": "https://api.github.com/repos/mateodelnorte/meta/statuses/{sha}",       "languages_url": "https://api.github.com/repos/mateodelnorte/meta/languages",       "stargazers_url": "https://api.github.com/repos/mateodelnorte/meta/stargazers",       "contributors_url": "https://api.github.com/repos/mateodelnorte/meta/contributors",       "subscribers_url": "https://api.github.com/repos/mateodelnorte/meta/subscribers",       "subscription_url": "https://api.github.com/repos/mateodelnorte/meta/subscription",       "commits_url": "https://api.github.com/repos/mateodelnorte/meta/commits{/sha}",       "git_commits_url": "https://api.github.com/repos/mateodelnorte/meta/git/commits{/sha}",       "comments_url": "https://api.github.com/repos/mateodelnorte/meta/comments{/number}",       "issue_comment_url": "https://api.github.com/repos/mateodelnorte/meta/issues/comments{/number}",       "contents_url": "https://api.github.com/repos/mateodelnorte/meta/contents/{+path}",       "compare_url": "https://api.github.com/repos/mateodelnorte/meta/compare/{base}...{head}",       "merges_url": "https://api.github.com/repos/mateodelnorte/meta/merges",       "archive_url": "https://api.github.com/repos/mateodelnorte/meta/{archive_format}{/ref}",       "downloads_url": "https://api.github.com/repos/mateodelnorte/meta/downloads",       "issues_url": "https://api.github.com/repos/mateodelnorte/meta/issues{/number}",       "pulls_url": "https://api.github.com/repos/mateodelnorte/meta/pulls{/number}",       "milestones_url": "https://api.github.com/repos/mateodelnorte/meta/milestones{/number}",       "notifications_url": "https://api.github.com/repos/mateodelnorte/meta/notifications{?since,all,participating}",       "labels_url": "https://api.github.com/repos/mateodelnorte/meta/labels{/name}",       "releases_url": "https://api.github.com/repos/mateodelnorte/meta/releases{/id}",       "deployments_url": "https://api.github.com/repos/mateodelnorte/meta/deployments",       "created_at": "2016-12-14T00:06:35Z",       "updated_at": "2019-01-27T07:29:38Z",       "pushed_at": "2019-01-25T18:00:32Z",       "git_url": "git://github.com/mateodelnorte/meta.git",       "ssh_url": "git@github.com:mateodelnorte/meta.git",       "clone_url": "https://github.com/mateodelnorte/meta.git",       "svn_url": "https://github.com/mateodelnorte/meta",       "homepage": "",       "size": 2507,       "stargazers_count": 489,       "watchers_count": 489,       "language": "JavaScript",       "has_issues": true,       "has_projects": true,       "has_downloads": true,       "has_wiki": true,       "has_pages": false,       "forks_count": 27,       "mirror_url": null,       "archived": false,       "open_issues_count": 18,       "license": null,       "forks": 27,       "open_issues": 18,       "watchers": 489,       "default_branch": "master",       "score": 35.232758     },     {       "id": 120470493,       "node_id": "MDEwOlJlcG9zaXRvcnkxMjA0NzA0OTM=",       "name": "awesome-dev-podcasts",       "full_name": "sw-yx/awesome-dev-podcasts",       "private": false,       "owner": {         "login": "sw-yx",         "id": 6764957,         "node_id": "MDQ6VXNlcjY3NjQ5NTc=",         "avatar_url": "https://avatars1.githubusercontent.com/u/6764957?v=4",         "gravatar_id": "",         "url": "https://api.github.com/users/sw-yx",         "html_url": "https://github.com/sw-yx",         "followers_url": "https://api.github.com/users/sw-yx/followers",         "following_url": "https://api.github.com/users/sw-yx/following{/other_user}",         "gists_url": "https://api.github.com/users/sw-yx/gists{/gist_id}",         "starred_url": "https://api.github.com/users/sw-yx/starred{/owner}{/repo}",         "subscriptions_url": "https://api.github.com/users/sw-yx/subscriptions",         "organizations_url": "https://api.github.com/users/sw-yx/orgs",         "repos_url": "https://api.github.com/users/sw-yx/repos",         "events_url": "https://api.github.com/users/sw-yx/events{/privacy}",         "received_events_url": "https://api.github.com/users/sw-yx/received_events",         "type": "User",         "site_admin": false       },       "html_url": "https://github.com/sw-yx/awesome-dev-podcasts",       "description": "a curated list of awesome dev podcasts and why they are awesome",       "fork": false,       "url": "https://api.github.com/repos/sw-yx/awesome-dev-podcasts",       "forks_url": "https://api.github.com/repos/sw-yx/awesome-dev-podcasts/forks",       "keys_url": "https://api.github.com/repos/sw-yx/awesome-dev-podcasts/keys{/key_id}",       "collaborators_url": "https://api.github.com/repos/sw-yx/awesome-dev-podcasts/collaborators{/collaborator}",       "teams_url": "https://api.github.com/repos/sw-yx/awesome-dev-podcasts/teams",       "hooks_url": "https://api.github.com/repos/sw-yx/awesome-dev-podcasts/hooks",       "issue_events_url": "https://api.github.com/repos/sw-yx/awesome-dev-podcasts/issues/events{/number}",       "events_url": "https://api.github.com/repos/sw-yx/awesome-dev-podcasts/events",       "assignees_url": "https://api.github.com/repos/sw-yx/awesome-dev-podcasts/assignees{/user}",       "branches_url": "https://api.github.com/repos/sw-yx/awesome-dev-podcasts/branches{/branch}",       "tags_url": "https://api.github.com/repos/sw-yx/awesome-dev-podcasts/tags",       "blobs_url": "https://api.github.com/repos/sw-yx/awesome-dev-podcasts/git/blobs{/sha}",       "git_tags_url": "https://api.github.com/repos/sw-yx/awesome-dev-podcasts/git/tags{/sha}",       "git_refs_url": "https://api.github.com/repos/sw-yx/awesome-dev-podcasts/git/refs{/sha}",       "trees_url": "https://api.github.com/repos/sw-yx/awesome-dev-podcasts/git/trees{/sha}",       "statuses_url": "https://api.github.com/repos/sw-yx/awesome-dev-podcasts/statuses/{sha}",       "languages_url": "https://api.github.com/repos/sw-yx/awesome-dev-podcasts/languages",       "stargazers_url": "https://api.github.com/repos/sw-yx/awesome-dev-podcasts/stargazers",       "contributors_url": "https://api.github.com/repos/sw-yx/awesome-dev-podcasts/contributors",       "subscribers_url": "https://api.github.com/repos/sw-yx/awesome-dev-podcasts/subscribers",       "subscription_url": "https://api.github.com/repos/sw-yx/awesome-dev-podcasts/subscription",       "commits_url": "https://api.github.com/repos/sw-yx/awesome-dev-podcasts/commits{/sha}",       "git_commits_url": "https://api.github.com/repos/sw-yx/awesome-dev-podcasts/git/commits{/sha}",       "comments_url": "https://api.github.com/repos/sw-yx/awesome-dev-podcasts/comments{/number}",       "issue_comment_url": "https://api.github.com/repos/sw-yx/awesome-dev-podcasts/issues/comments{/number}",       "contents_url": "https://api.github.com/repos/sw-yx/awesome-dev-podcasts/contents/{+path}",       "compare_url": "https://api.github.com/repos/sw-yx/awesome-dev-podcasts/compare/{base}...{head}",       "merges_url": "https://api.github.com/repos/sw-yx/awesome-dev-podcasts/merges",       "archive_url": "https://api.github.com/repos/sw-yx/awesome-dev-podcasts/{archive_format}{/ref}",       "downloads_url": "https://api.github.com/repos/sw-yx/awesome-dev-podcasts/downloads",       "issues_url": "https://api.github.com/repos/sw-yx/awesome-dev-podcasts/issues{/number}",       "pulls_url": "https://api.github.com/repos/sw-yx/awesome-dev-podcasts/pulls{/number}",       "milestones_url": "https://api.github.com/repos/sw-yx/awesome-dev-podcasts/milestones{/number}",       "notifications_url": "https://api.github.com/repos/sw-yx/awesome-dev-podcasts/notifications{?since,all,participating}",       "labels_url": "https://api.github.com/repos/sw-yx/awesome-dev-podcasts/labels{/name}",       "releases_url": "https://api.github.com/repos/sw-yx/awesome-dev-podcasts/releases{/id}",       "deployments_url": "https://api.github.com/repos/sw-yx/awesome-dev-podcasts/deployments",       "created_at": "2018-02-06T14:32:41Z",       "updated_at": "2019-01-23T00:52:57Z",       "pushed_at": "2018-09-12T14:28:36Z",       "git_url": "git://github.com/sw-yx/awesome-dev-podcasts.git",       "ssh_url": "git@github.com:sw-yx/awesome-dev-podcasts.git",       "clone_url": "https://github.com/sw-yx/awesome-dev-podcasts.git",       "svn_url": "https://github.com/sw-yx/awesome-dev-podcasts",       "homepage": "",       "size": 29,       "stargazers_count": 455,       "watchers_count": 455,       "language": null,       "has_issues": true,       "has_projects": true,       "has_downloads": true,       "has_wiki": true,       "has_pages": false,       "forks_count": 26,       "mirror_url": null,       "archived": false,       "open_issues_count": 3,       "license": null,       "forks": 26,       "open_issues": 3,       "watchers": 455,       "default_branch": "master",       "score": 48.01389     },     {       "id": 18601900,       "node_id": "MDEwOlJlcG9zaXRvcnkxODYwMTkwMA==",       "name": "eliot",       "full_name": "itamarst/eliot",       "private": false,       "owner": {         "login": "itamarst",         "id": 3266662,         "node_id": "MDQ6VXNlcjMyNjY2NjI=",         "avatar_url": "https://avatars1.githubusercontent.com/u/3266662?v=4",         "gravatar_id": "",         "url": "https://api.github.com/users/itamarst",         "html_url": "https://github.com/itamarst",         "followers_url": "https://api.github.com/users/itamarst/followers",         "following_url": "https://api.github.com/users/itamarst/following{/other_user}",         "gists_url": "https://api.github.com/users/itamarst/gists{/gist_id}",         "starred_url": "https://api.github.com/users/itamarst/starred{/owner}{/repo}",         "subscriptions_url": "https://api.github.com/users/itamarst/subscriptions",         "organizations_url": "https://api.github.com/users/itamarst/orgs",         "repos_url": "https://api.github.com/users/itamarst/repos",         "events_url": "https://api.github.com/users/itamarst/events{/privacy}",         "received_events_url": "https://api.github.com/users/itamarst/received_events",         "type": "User",         "site_admin": false       },       "html_url": "https://github.com/itamarst/eliot",       "description": "Eliot: the logging system that tells you *why* it happened",       "fork": false,       "url": "https://api.github.com/repos/itamarst/eliot",       "forks_url": "https://api.github.com/repos/itamarst/eliot/forks",       "keys_url": "https://api.github.com/repos/itamarst/eliot/keys{/key_id}",       "collaborators_url": "https://api.github.com/repos/itamarst/eliot/collaborators{/collaborator}",       "teams_url": "https://api.github.com/repos/itamarst/eliot/teams",       "hooks_url": "https://api.github.com/repos/itamarst/eliot/hooks",       "issue_events_url": "https://api.github.com/repos/itamarst/eliot/issues/events{/number}",       "events_url": "https://api.github.com/repos/itamarst/eliot/events",       "assignees_url": "https://api.github.com/repos/itamarst/eliot/assignees{/user}",       "branches_url": "https://api.github.com/repos/itamarst/eliot/branches{/branch}",       "tags_url": "https://api.github.com/repos/itamarst/eliot/tags",       "blobs_url": "https://api.github.com/repos/itamarst/eliot/git/blobs{/sha}",       "git_tags_url": "https://api.github.com/repos/itamarst/eliot/git/tags{/sha}",       "git_refs_url": "https://api.github.com/repos/itamarst/eliot/git/refs{/sha}",       "trees_url": "https://api.github.com/repos/itamarst/eliot/git/trees{/sha}",       "statuses_url": "https://api.github.com/repos/itamarst/eliot/statuses/{sha}",       "languages_url": "https://api.github.com/repos/itamarst/eliot/languages",       "stargazers_url": "https://api.github.com/repos/itamarst/eliot/stargazers",       "contributors_url": "https://api.github.com/repos/itamarst/eliot/contributors",       "subscribers_url": "https://api.github.com/repos/itamarst/eliot/subscribers",       "subscription_url": "https://api.github.com/repos/itamarst/eliot/subscription",       "commits_url": "https://api.github.com/repos/itamarst/eliot/commits{/sha}",       "git_commits_url": "https://api.github.com/repos/itamarst/eliot/git/commits{/sha}",       "comments_url": "https://api.github.com/repos/itamarst/eliot/comments{/number}",       "issue_comment_url": "https://api.github.com/repos/itamarst/eliot/issues/comments{/number}",       "contents_url": "https://api.github.com/repos/itamarst/eliot/contents/{+path}",       "compare_url": "https://api.github.com/repos/itamarst/eliot/compare/{base}...{head}",       "merges_url": "https://api.github.com/repos/itamarst/eliot/merges",       "archive_url": "https://api.github.com/repos/itamarst/eliot/{archive_format}{/ref}",       "downloads_url": "https://api.github.com/repos/itamarst/eliot/downloads",       "issues_url": "https://api.github.com/repos/itamarst/eliot/issues{/number}",       "pulls_url": "https://api.github.com/repos/itamarst/eliot/pulls{/number}",       "milestones_url": "https://api.github.com/repos/itamarst/eliot/milestones{/number}",       "notifications_url": "https://api.github.com/repos/itamarst/eliot/notifications{?since,all,participating}",       "labels_url": "https://api.github.com/repos/itamarst/eliot/labels{/name}",       "releases_url": "https://api.github.com/repos/itamarst/eliot/releases{/id}",       "deployments_url": "https://api.github.com/repos/itamarst/eliot/deployments",       "created_at": "2014-04-09T15:12:19Z",       "updated_at": "2019-01-25T22:49:37Z",       "pushed_at": "2019-01-02T18:19:45Z",       "git_url": "git://github.com/itamarst/eliot.git",       "ssh_url": "git@github.com:itamarst/eliot.git",       "clone_url": "https://github.com/itamarst/eliot.git",       "svn_url": "https://github.com/itamarst/eliot",       "homepage": "https://eliot.readthedocs.io",       "size": 1017,       "stargazers_count": 445,       "watchers_count": 445,       "language": "Python",       "has_issues": true,       "has_projects": true,       "has_downloads": true,       "has_wiki": true,       "has_pages": false,       "forks_count": 32,       "mirror_url": null,       "archived": false,       "open_issues_count": 89,       "license": {         "key": "apache-2.0",         "name": "Apache License 2.0",         "spdx_id": "Apache-2.0",         "url": "https://api.github.com/licenses/apache-2.0",         "node_id": "MDc6TGljZW5zZTI="       },       "forks": 32,       "open_issues": 89,       "watchers": 445,       "default_branch": "master",       "score": 61.202858     },     {       "id": 164816947,       "node_id": "MDEwOlJlcG9zaXRvcnkxNjQ4MTY5NDc=",       "name": "stockpredictionai",       "full_name": "borisbanushev/stockpredictionai",       "private": false,       "owner": {         "login": "borisbanushev",         "id": 36700291,         "node_id": "MDQ6VXNlcjM2NzAwMjkx",         "avatar_url": "https://avatars3.githubusercontent.com/u/36700291?v=4",         "gravatar_id": "",         "url": "https://api.github.com/users/borisbanushev",         "html_url": "https://github.com/borisbanushev",         "followers_url": "https://api.github.com/users/borisbanushev/followers",         "following_url": "https://api.github.com/users/borisbanushev/following{/other_user}",         "gists_url": "https://api.github.com/users/borisbanushev/gists{/gist_id}",         "starred_url": "https://api.github.com/users/borisbanushev/starred{/owner}{/repo}",         "subscriptions_url": "https://api.github.com/users/borisbanushev/subscriptions",         "organizations_url": "https://api.github.com/users/borisbanushev/orgs",         "repos_url": "https://api.github.com/users/borisbanushev/repos",         "events_url": "https://api.github.com/users/borisbanushev/events{/privacy}",         "received_events_url": "https://api.github.com/users/borisbanushev/received_events",         "type": "User",         "site_admin": false       },       "html_url": "https://github.com/borisbanushev/stockpredictionai",       "description": "       In this noteboook I will create a complete process for predicting stock price movements. Follow along and we will achieve some pretty good results. For that purpose we will use a Generative Adversarial Network (GAN) with LSTM, a type of Recurrent Neural Network, as generator, and a Convolutional Neural Network, CNN, as a discriminator. We use LSTM for the obvious reason that we are trying to predict time series data. Why we use GAN and specifically CNN as a discriminator? That is a good question: there are special sections on that later.",       "fork": false,       "url": "https://api.github.com/repos/borisbanushev/stockpredictionai",       "forks_url": "https://api.github.com/repos/borisbanushev/stockpredictionai/forks",       "keys_url": "https://api.github.com/repos/borisbanushev/stockpredictionai/keys{/key_id}",       "collaborators_url": "https://api.github.com/repos/borisbanushev/stockpredictionai/collaborators{/collaborator}",       "teams_url": "https://api.github.com/repos/borisbanushev/stockpredictionai/teams",       "hooks_url": "https://api.github.com/repos/borisbanushev/stockpredictionai/hooks",       "issue_events_url": "https://api.github.com/repos/borisbanushev/stockpredictionai/issues/events{/number}",       "events_url": "https://api.github.com/repos/borisbanushev/stockpredictionai/events",       "assignees_url": "https://api.github.com/repos/borisbanushev/stockpredictionai/assignees{/user}",       "branches_url": "https://api.github.com/repos/borisbanushev/stockpredictionai/branches{/branch}",       "tags_url": "https://api.github.com/repos/borisbanushev/stockpredictionai/tags",       "blobs_url": "https://api.github.com/repos/borisbanushev/stockpredictionai/git/blobs{/sha}",       "git_tags_url": "https://api.github.com/repos/borisbanushev/stockpredictionai/git/tags{/sha}",       "git_refs_url": "https://api.github.com/repos/borisbanushev/stockpredictionai/git/refs{/sha}",       "trees_url": "https://api.github.com/repos/borisbanushev/stockpredictionai/git/trees{/sha}",       "statuses_url": "https://api.github.com/repos/borisbanushev/stockpredictionai/statuses/{sha}",       "languages_url": "https://api.github.com/repos/borisbanushev/stockpredictionai/languages",       "stargazers_url": "https://api.github.com/repos/borisbanushev/stockpredictionai/stargazers",       "contributors_url": "https://api.github.com/repos/borisbanushev/stockpredictionai/contributors",       "subscribers_url": "https://api.github.com/repos/borisbanushev/stockpredictionai/subscribers",       "subscription_url": "https://api.github.com/repos/borisbanushev/stockpredictionai/subscription",       "commits_url": "https://api.github.com/repos/borisbanushev/stockpredictionai/commits{/sha}",       "git_commits_url": "https://api.github.com/repos/borisbanushev/stockpredictionai/git/commits{/sha}",       "comments_url": "https://api.github.com/repos/borisbanushev/stockpredictionai/comments{/number}",       "issue_comment_url": "https://api.github.com/repos/borisbanushev/stockpredictionai/issues/comments{/number}",       "contents_url": "https://api.github.com/repos/borisbanushev/stockpredictionai/contents/{+path}",       "compare_url": "https://api.github.com/repos/borisbanushev/stockpredictionai/compare/{base}...{head}",       "merges_url": "https://api.github.com/repos/borisbanushev/stockpredictionai/merges",       "archive_url": "https://api.github.com/repos/borisbanushev/stockpredictionai/{archive_format}{/ref}",       "downloads_url": "https://api.github.com/repos/borisbanushev/stockpredictionai/downloads",       "issues_url": "https://api.github.com/repos/borisbanushev/stockpredictionai/issues{/number}",       "pulls_url": "https://api.github.com/repos/borisbanushev/stockpredictionai/pulls{/number}",       "milestones_url": "https://api.github.com/repos/borisbanushev/stockpredictionai/milestones{/number}",       "notifications_url": "https://api.github.com/repos/borisbanushev/stockpredictionai/notifications{?since,all,participating}",       "labels_url": "https://api.github.com/repos/borisbanushev/stockpredictionai/labels{/name}",       "releases_url": "https://api.github.com/repos/borisbanushev/stockpredictionai/releases{/id}",       "deployments_url": "https://api.github.com/repos/borisbanushev/stockpredictionai/deployments",       "created_at": "2019-01-09T08:02:47Z",       "updated_at": "2019-01-28T20:24:48Z",       "pushed_at": "2019-01-24T20:24:50Z",       "git_url": "git://github.com/borisbanushev/stockpredictionai.git",       "ssh_url": "git@github.com:borisbanushev/stockpredictionai.git",       "clone_url": "https://github.com/borisbanushev/stockpredictionai.git",       "svn_url": "https://github.com/borisbanushev/stockpredictionai",       "homepage": "",       "size": 1950,       "stargazers_count": 417,       "watchers_count": 417,       "language": null,       "has_issues": true,       "has_projects": true,       "has_downloads": true,       "has_wiki": true,       "has_pages": false,       "forks_count": 181,       "mirror_url": null,       "archived": false,       "open_issues_count": 12,       "license": null,       "forks": 181,       "open_issues": 12,       "watchers": 417,       "default_branch": "master",       "score": 14.908457     },     {       "id": 35077713,       "node_id": "MDEwOlJlcG9zaXRvcnkzNTA3NzcxMw==",       "name": "whyliam.workflows.youdao",       "full_name": "liszd/whyliam.workflows.youdao",       "private": false,       "owner": {         "login": "liszd",         "id": 3387850,         "node_id": "MDQ6VXNlcjMzODc4NTA=",         "avatar_url": "https://avatars0.githubusercontent.com/u/3387850?v=4",         "gravatar_id": "",         "url": "https://api.github.com/users/liszd",         "html_url": "https://github.com/liszd",         "followers_url": "https://api.github.com/users/liszd/followers",         "following_url": "https://api.github.com/users/liszd/following{/other_user}",         "gists_url": "https://api.github.com/users/liszd/gists{/gist_id}",         "starred_url": "https://api.github.com/users/liszd/starred{/owner}{/repo}",         "subscriptions_url": "https://api.github.com/users/liszd/subscriptions",         "organizations_url": "https://api.github.com/users/liszd/orgs",         "repos_url": "https://api.github.com/users/liszd/repos",         "events_url": "https://api.github.com/users/liszd/events{/privacy}",         "received_events_url": "https://api.github.com/users/liszd/received_events",         "type": "User",         "site_admin": false       },       "html_url": "https://github.com/liszd/whyliam.workflows.youdao",       "description": "使用有道翻译你想知道的单词和语句",       "fork": false,       "url": "https://api.github.com/repos/liszd/whyliam.workflows.youdao",       "forks_url": "https://api.github.com/repos/liszd/whyliam.workflows.youdao/forks",       "keys_url": "https://api.github.com/repos/liszd/whyliam.workflows.youdao/keys{/key_id}",       "collaborators_url": "https://api.github.com/repos/liszd/whyliam.workflows.youdao/collaborators{/collaborator}",       "teams_url": "https://api.github.com/repos/liszd/whyliam.workflows.youdao/teams",       "hooks_url": "https://api.github.com/repos/liszd/whyliam.workflows.youdao/hooks",       "issue_events_url": "https://api.github.com/repos/liszd/whyliam.workflows.youdao/issues/events{/number}",       "events_url": "https://api.github.com/repos/liszd/whyliam.workflows.youdao/events",       "assignees_url": "https://api.github.com/repos/liszd/whyliam.workflows.youdao/assignees{/user}",       "branches_url": "https://api.github.com/repos/liszd/whyliam.workflows.youdao/branches{/branch}",       "tags_url": "https://api.github.com/repos/liszd/whyliam.workflows.youdao/tags",       "blobs_url": "https://api.github.com/repos/liszd/whyliam.workflows.youdao/git/blobs{/sha}",       "git_tags_url": "https://api.github.com/repos/liszd/whyliam.workflows.youdao/git/tags{/sha}",       "git_refs_url": "https://api.github.com/repos/liszd/whyliam.workflows.youdao/git/refs{/sha}",       "trees_url": "https://api.github.com/repos/liszd/whyliam.workflows.youdao/git/trees{/sha}",       "statuses_url": "https://api.github.com/repos/liszd/whyliam.workflows.youdao/statuses/{sha}",       "languages_url": "https://api.github.com/repos/liszd/whyliam.workflows.youdao/languages",       "stargazers_url": "https://api.github.com/repos/liszd/whyliam.workflows.youdao/stargazers",       "contributors_url": "https://api.github.com/repos/liszd/whyliam.workflows.youdao/contributors",       "subscribers_url": "https://api.github.com/repos/liszd/whyliam.workflows.youdao/subscribers",       "subscription_url": "https://api.github.com/repos/liszd/whyliam.workflows.youdao/subscription",       "commits_url": "https://api.github.com/repos/liszd/whyliam.workflows.youdao/commits{/sha}",       "git_commits_url": "https://api.github.com/repos/liszd/whyliam.workflows.youdao/git/commits{/sha}",       "comments_url": "https://api.github.com/repos/liszd/whyliam.workflows.youdao/comments{/number}",       "issue_comment_url": "https://api.github.com/repos/liszd/whyliam.workflows.youdao/issues/comments{/number}",       "contents_url": "https://api.github.com/repos/liszd/whyliam.workflows.youdao/contents/{+path}",       "compare_url": "https://api.github.com/repos/liszd/whyliam.workflows.youdao/compare/{base}...{head}",       "merges_url": "https://api.github.com/repos/liszd/whyliam.workflows.youdao/merges",       "archive_url": "https://api.github.com/repos/liszd/whyliam.workflows.youdao/{archive_format}{/ref}",       "downloads_url": "https://api.github.com/repos/liszd/whyliam.workflows.youdao/downloads",       "issues_url": "https://api.github.com/repos/liszd/whyliam.workflows.youdao/issues{/number}",       "pulls_url": "https://api.github.com/repos/liszd/whyliam.workflows.youdao/pulls{/number}",       "milestones_url": "https://api.github.com/repos/liszd/whyliam.workflows.youdao/milestones{/number}",       "notifications_url": "https://api.github.com/repos/liszd/whyliam.workflows.youdao/notifications{?since,all,participating}",       "labels_url": "https://api.github.com/repos/liszd/whyliam.workflows.youdao/labels{/name}",       "releases_url": "https://api.github.com/repos/liszd/whyliam.workflows.youdao/releases{/id}",       "deployments_url": "https://api.github.com/repos/liszd/whyliam.workflows.youdao/deployments",       "created_at": "2015-05-05T04:23:14Z",       "updated_at": "2019-01-27T04:15:49Z",       "pushed_at": "2018-08-03T05:49:11Z",       "git_url": "git://github.com/liszd/whyliam.workflows.youdao.git",       "ssh_url": "git@github.com:liszd/whyliam.workflows.youdao.git",       "clone_url": "https://github.com/liszd/whyliam.workflows.youdao.git",       "svn_url": "https://github.com/liszd/whyliam.workflows.youdao",       "homepage": "http://blog.naaln.com/2015/05/repeat-create-the-wheel-alfred-plugin-youdao",       "size": 3048,       "stargazers_count": 416,       "watchers_count": 416,       "language": "Python",       "has_issues": true,       "has_projects": true,       "has_downloads": true,       "has_wiki": true,       "has_pages": false,       "forks_count": 72,       "mirror_url": null,       "archived": false,       "open_issues_count": 1,       "license": {         "key": "mit",         "name": "MIT License",         "spdx_id": "MIT",         "url": "https://api.github.com/licenses/mit",         "node_id": "MDc6TGljZW5zZTEz"       },       "forks": 72,       "open_issues": 1,       "watchers": 416,       "default_branch": "master",       "score": 85.41204     },     {       "id": 2192780,       "node_id": "MDEwOlJlcG9zaXRvcnkyMTkyNzgw",       "name": "jOOX",       "full_name": "jOOQ/jOOX",       "private": false,       "owner": {         "login": "jOOQ",         "id": 1666512,         "node_id": "MDEyOk9yZ2FuaXphdGlvbjE2NjY1MTI=",         "avatar_url": "https://avatars3.githubusercontent.com/u/1666512?v=4",         "gravatar_id": "",         "url": "https://api.github.com/users/jOOQ",         "html_url": "https://github.com/jOOQ",         "followers_url": "https://api.github.com/users/jOOQ/followers",         "following_url": "https://api.github.com/users/jOOQ/following{/other_user}",         "gists_url": "https://api.github.com/users/jOOQ/gists{/gist_id}",         "starred_url": "https://api.github.com/users/jOOQ/starred{/owner}{/repo}",         "subscriptions_url": "https://api.github.com/users/jOOQ/subscriptions",         "organizations_url": "https://api.github.com/users/jOOQ/orgs",         "repos_url": "https://api.github.com/users/jOOQ/repos",         "events_url": "https://api.github.com/users/jOOQ/events{/privacy}",         "received_events_url": "https://api.github.com/users/jOOQ/received_events",         "type": "Organization",         "site_admin": false       },       "html_url": "https://github.com/jOOQ/jOOX",       "description": "jOOX - The Power of jQuery Applied to W3C DOM Like JDBC, DOM is a powerful, yet very verbose low-level API to manipulate XML. The HTML DOM an be manipulated with the popular jQuery product, in JavaScript. Why don't we have jQuery in Java? jOOX is jQuery's XML parts, applied to Java.",       "fork": false,       "url": "https://api.github.com/repos/jOOQ/jOOX",       "forks_url": "https://api.github.com/repos/jOOQ/jOOX/forks",       "keys_url": "https://api.github.com/repos/jOOQ/jOOX/keys{/key_id}",       "collaborators_url": "https://api.github.com/repos/jOOQ/jOOX/collaborators{/collaborator}",       "teams_url": "https://api.github.com/repos/jOOQ/jOOX/teams",       "hooks_url": "https://api.github.com/repos/jOOQ/jOOX/hooks",       "issue_events_url": "https://api.github.com/repos/jOOQ/jOOX/issues/events{/number}",       "events_url": "https://api.github.com/repos/jOOQ/jOOX/events",       "assignees_url": "https://api.github.com/repos/jOOQ/jOOX/assignees{/user}",       "branches_url": "https://api.github.com/repos/jOOQ/jOOX/branches{/branch}",       "tags_url": "https://api.github.com/repos/jOOQ/jOOX/tags",       "blobs_url": "https://api.github.com/repos/jOOQ/jOOX/git/blobs{/sha}",       "git_tags_url": "https://api.github.com/repos/jOOQ/jOOX/git/tags{/sha}",       "git_refs_url": "https://api.github.com/repos/jOOQ/jOOX/git/refs{/sha}",       "trees_url": "https://api.github.com/repos/jOOQ/jOOX/git/trees{/sha}",       "statuses_url": "https://api.github.com/repos/jOOQ/jOOX/statuses/{sha}",       "languages_url": "https://api.github.com/repos/jOOQ/jOOX/languages",       "stargazers_url": "https://api.github.com/repos/jOOQ/jOOX/stargazers",       "contributors_url": "https://api.github.com/repos/jOOQ/jOOX/contributors",       "subscribers_url": "https://api.github.com/repos/jOOQ/jOOX/subscribers",       "subscription_url": "https://api.github.com/repos/jOOQ/jOOX/subscription",       "commits_url": "https://api.github.com/repos/jOOQ/jOOX/commits{/sha}",       "git_commits_url": "https://api.github.com/repos/jOOQ/jOOX/git/commits{/sha}",       "comments_url": "https://api.github.com/repos/jOOQ/jOOX/comments{/number}",       "issue_comment_url": "https://api.github.com/repos/jOOQ/jOOX/issues/comments{/number}",       "contents_url": "https://api.github.com/repos/jOOQ/jOOX/contents/{+path}",       "compare_url": "https://api.github.com/repos/jOOQ/jOOX/compare/{base}...{head}",       "merges_url": "https://api.github.com/repos/jOOQ/jOOX/merges",       "archive_url": "https://api.github.com/repos/jOOQ/jOOX/{archive_format}{/ref}",       "downloads_url": "https://api.github.com/repos/jOOQ/jOOX/downloads",       "issues_url": "https://api.github.com/repos/jOOQ/jOOX/issues{/number}",       "pulls_url": "https://api.github.com/repos/jOOQ/jOOX/pulls{/number}",       "milestones_url": "https://api.github.com/repos/jOOQ/jOOX/milestones{/number}",       "notifications_url": "https://api.github.com/repos/jOOQ/jOOX/notifications{?since,all,participating}",       "labels_url": "https://api.github.com/repos/jOOQ/jOOX/labels{/name}",       "releases_url": "https://api.github.com/repos/jOOQ/jOOX/releases{/id}",       "deployments_url": "https://api.github.com/repos/jOOQ/jOOX/deployments",       "created_at": "2011-08-11T18:08:47Z",       "updated_at": "2019-01-29T02:59:21Z",       "pushed_at": "2018-09-10T11:04:36Z",       "git_url": "git://github.com/jOOQ/jOOX.git",       "ssh_url": "git@github.com:jOOQ/jOOX.git",       "clone_url": "https://github.com/jOOQ/jOOX.git",       "svn_url": "https://github.com/jOOQ/jOOX",       "homepage": "http://www.jooq.org/products",       "size": 678,       "stargazers_count": 393,       "watchers_count": 393,       "language": "Java",       "has_issues": true,       "has_projects": true,       "has_downloads": true,       "has_wiki": true,       "has_pages": false,       "forks_count": 33,       "mirror_url": null,       "archived": false,       "open_issues_count": 47,       "license": {         "key": "apache-2.0",         "name": "Apache License 2.0",         "spdx_id": "Apache-2.0",         "url": "https://api.github.com/licenses/apache-2.0",         "node_id": "MDc6TGljZW5zZTI="       },       "forks": 33,       "open_issues": 47,       "watchers": 393,       "default_branch": "master",       "score": 19.767183     },     {       "id": 122733470,       "node_id": "MDEwOlJlcG9zaXRvcnkxMjI3MzM0NzA=",       "name": "whybundled",       "full_name": "d4rkr00t/whybundled",       "private": false,       "owner": {         "login": "d4rkr00t",         "id": 200119,         "node_id": "MDQ6VXNlcjIwMDExOQ==",         "avatar_url": "https://avatars2.githubusercontent.com/u/200119?v=4",         "gravatar_id": "",         "url": "https://api.github.com/users/d4rkr00t",         "html_url": "https://github.com/d4rkr00t",         "followers_url": "https://api.github.com/users/d4rkr00t/followers",         "following_url": "https://api.github.com/users/d4rkr00t/following{/other_user}",         "gists_url": "https://api.github.com/users/d4rkr00t/gists{/gist_id}",         "starred_url": "https://api.github.com/users/d4rkr00t/starred{/owner}{/repo}",         "subscriptions_url": "https://api.github.com/users/d4rkr00t/subscriptions",         "organizations_url": "https://api.github.com/users/d4rkr00t/orgs",         "repos_url": "https://api.github.com/users/d4rkr00t/repos",         "events_url": "https://api.github.com/users/d4rkr00t/events{/privacy}",         "received_events_url": "https://api.github.com/users/d4rkr00t/received_events",         "type": "User",         "site_admin": false       },       "html_url": "https://github.com/d4rkr00t/whybundled",       "description": "Answers the question – Why the hell is this module in a bundle?",       "fork": false,       "url": "https://api.github.com/repos/d4rkr00t/whybundled",       "forks_url": "https://api.github.com/repos/d4rkr00t/whybundled/forks",       "keys_url": "https://api.github.com/repos/d4rkr00t/whybundled/keys{/key_id}",       "collaborators_url": "https://api.github.com/repos/d4rkr00t/whybundled/collaborators{/collaborator}",       "teams_url": "https://api.github.com/repos/d4rkr00t/whybundled/teams",       "hooks_url": "https://api.github.com/repos/d4rkr00t/whybundled/hooks",       "issue_events_url": "https://api.github.com/repos/d4rkr00t/whybundled/issues/events{/number}",       "events_url": "https://api.github.com/repos/d4rkr00t/whybundled/events",       "assignees_url": "https://api.github.com/repos/d4rkr00t/whybundled/assignees{/user}",       "branches_url": "https://api.github.com/repos/d4rkr00t/whybundled/branches{/branch}",       "tags_url": "https://api.github.com/repos/d4rkr00t/whybundled/tags",       "blobs_url": "https://api.github.com/repos/d4rkr00t/whybundled/git/blobs{/sha}",       "git_tags_url": "https://api.github.com/repos/d4rkr00t/whybundled/git/tags{/sha}",       "git_refs_url": "https://api.github.com/repos/d4rkr00t/whybundled/git/refs{/sha}",       "trees_url": "https://api.github.com/repos/d4rkr00t/whybundled/git/trees{/sha}",       "statuses_url": "https://api.github.com/repos/d4rkr00t/whybundled/statuses/{sha}",       "languages_url": "https://api.github.com/repos/d4rkr00t/whybundled/languages",       "stargazers_url": "https://api.github.com/repos/d4rkr00t/whybundled/stargazers",       "contributors_url": "https://api.github.com/repos/d4rkr00t/whybundled/contributors",       "subscribers_url": "https://api.github.com/repos/d4rkr00t/whybundled/subscribers",       "subscription_url": "https://api.github.com/repos/d4rkr00t/whybundled/subscription",       "commits_url": "https://api.github.com/repos/d4rkr00t/whybundled/commits{/sha}",       "git_commits_url": "https://api.github.com/repos/d4rkr00t/whybundled/git/commits{/sha}",       "comments_url": "https://api.github.com/repos/d4rkr00t/whybundled/comments{/number}",       "issue_comment_url": "https://api.github.com/repos/d4rkr00t/whybundled/issues/comments{/number}",       "contents_url": "https://api.github.com/repos/d4rkr00t/whybundled/contents/{+path}",       "compare_url": "https://api.github.com/repos/d4rkr00t/whybundled/compare/{base}...{head}",       "merges_url": "https://api.github.com/repos/d4rkr00t/whybundled/merges",       "archive_url": "https://api.github.com/repos/d4rkr00t/whybundled/{archive_format}{/ref}",       "downloads_url": "https://api.github.com/repos/d4rkr00t/whybundled/downloads",       "issues_url": "https://api.github.com/repos/d4rkr00t/whybundled/issues{/number}",       "pulls_url": "https://api.github.com/repos/d4rkr00t/whybundled/pulls{/number}",       "milestones_url": "https://api.github.com/repos/d4rkr00t/whybundled/milestones{/number}",       "notifications_url": "https://api.github.com/repos/d4rkr00t/whybundled/notifications{?since,all,participating}",       "labels_url": "https://api.github.com/repos/d4rkr00t/whybundled/labels{/name}",       "releases_url": "https://api.github.com/repos/d4rkr00t/whybundled/releases{/id}",       "deployments_url": "https://api.github.com/repos/d4rkr00t/whybundled/deployments",       "created_at": "2018-02-24T11:12:27Z",       "updated_at": "2019-01-23T19:10:27Z",       "pushed_at": "2018-08-20T15:27:01Z",       "git_url": "git://github.com/d4rkr00t/whybundled.git",       "ssh_url": "git@github.com:d4rkr00t/whybundled.git",       "clone_url": "https://github.com/d4rkr00t/whybundled.git",       "svn_url": "https://github.com/d4rkr00t/whybundled",       "homepage": "",       "size": 2003,       "stargazers_count": 374,       "watchers_count": 374,       "language": "JavaScript",       "has_issues": true,       "has_projects": true,       "has_downloads": true,       "has_wiki": true,       "has_pages": false,       "forks_count": 8,       "mirror_url": null,       "archived": false,       "open_issues_count": 0,       "license": {         "key": "mit",         "name": "MIT License",         "spdx_id": "MIT",         "url": "https://api.github.com/licenses/mit",         "node_id": "MDc6TGljZW5zZTEz"       },       "forks": 8,       "open_issues": 0,       "watchers": 374,       "default_branch": "master",       "score": 68.71835     },     {       "id": 9549719,       "node_id": "MDEwOlJlcG9zaXRvcnk5NTQ5NzE5",       "name": "CLOSURE",       "full_name": "steveklabnik/CLOSURE",       "private": false,       "owner": {         "login": "steveklabnik",         "id": 27786,         "node_id": "MDQ6VXNlcjI3Nzg2",         "avatar_url": "https://avatars2.githubusercontent.com/u/27786?v=4",         "gravatar_id": "",         "url": "https://api.github.com/users/steveklabnik",         "html_url": "https://github.com/steveklabnik",         "followers_url": "https://api.github.com/users/steveklabnik/followers",         "following_url": "https://api.github.com/users/steveklabnik/following{/other_user}",         "gists_url": "https://api.github.com/users/steveklabnik/gists{/gist_id}",         "starred_url": "https://api.github.com/users/steveklabnik/starred{/owner}{/repo}",         "subscriptions_url": "https://api.github.com/users/steveklabnik/subscriptions",         "organizations_url": "https://api.github.com/users/steveklabnik/orgs",         "repos_url": "https://api.github.com/users/steveklabnik/repos",         "events_url": "https://api.github.com/users/steveklabnik/events{/privacy}",         "received_events_url": "https://api.github.com/users/steveklabnik/received_events",         "type": "User",         "site_admin": false       },       "html_url": "https://github.com/steveklabnik/CLOSURE",       "description": "Thanks, _why.",       "fork": false,       "url": "https://api.github.com/repos/steveklabnik/CLOSURE",       "forks_url": "https://api.github.com/repos/steveklabnik/CLOSURE/forks",       "keys_url": "https://api.github.com/repos/steveklabnik/CLOSURE/keys{/key_id}",       "collaborators_url": "https://api.github.com/repos/steveklabnik/CLOSURE/collaborators{/collaborator}",       "teams_url": "https://api.github.com/repos/steveklabnik/CLOSURE/teams",       "hooks_url": "https://api.github.com/repos/steveklabnik/CLOSURE/hooks",       "issue_events_url": "https://api.github.com/repos/steveklabnik/CLOSURE/issues/events{/number}",       "events_url": "https://api.github.com/repos/steveklabnik/CLOSURE/events",       "assignees_url": "https://api.github.com/repos/steveklabnik/CLOSURE/assignees{/user}",       "branches_url": "https://api.github.com/repos/steveklabnik/CLOSURE/branches{/branch}",       "tags_url": "https://api.github.com/repos/steveklabnik/CLOSURE/tags",       "blobs_url": "https://api.github.com/repos/steveklabnik/CLOSURE/git/blobs{/sha}",       "git_tags_url": "https://api.github.com/repos/steveklabnik/CLOSURE/git/tags{/sha}",       "git_refs_url": "https://api.github.com/repos/steveklabnik/CLOSURE/git/refs{/sha}",       "trees_url": "https://api.github.com/repos/steveklabnik/CLOSURE/git/trees{/sha}",       "statuses_url": "https://api.github.com/repos/steveklabnik/CLOSURE/statuses/{sha}",       "languages_url": "https://api.github.com/repos/steveklabnik/CLOSURE/languages",       "stargazers_url": "https://api.github.com/repos/steveklabnik/CLOSURE/stargazers",       "contributors_url": "https://api.github.com/repos/steveklabnik/CLOSURE/contributors",       "subscribers_url": "https://api.github.com/repos/steveklabnik/CLOSURE/subscribers",       "subscription_url": "https://api.github.com/repos/steveklabnik/CLOSURE/subscription",       "commits_url": "https://api.github.com/repos/steveklabnik/CLOSURE/commits{/sha}",       "git_commits_url": "https://api.github.com/repos/steveklabnik/CLOSURE/git/commits{/sha}",       "comments_url": "https://api.github.com/repos/steveklabnik/CLOSURE/comments{/number}",       "issue_comment_url": "https://api.github.com/repos/steveklabnik/CLOSURE/issues/comments{/number}",       "contents_url": "https://api.github.com/repos/steveklabnik/CLOSURE/contents/{+path}",       "compare_url": "https://api.github.com/repos/steveklabnik/CLOSURE/compare/{base}...{head}",       "merges_url": "https://api.github.com/repos/steveklabnik/CLOSURE/merges",       "archive_url": "https://api.github.com/repos/steveklabnik/CLOSURE/{archive_format}{/ref}",       "downloads_url": "https://api.github.com/repos/steveklabnik/CLOSURE/downloads",       "issues_url": "https://api.github.com/repos/steveklabnik/CLOSURE/issues{/number}",       "pulls_url": "https://api.github.com/repos/steveklabnik/CLOSURE/pulls{/number}",       "milestones_url": "https://api.github.com/repos/steveklabnik/CLOSURE/milestones{/number}",       "notifications_url": "https://api.github.com/repos/steveklabnik/CLOSURE/notifications{?since,all,participating}",       "labels_url": "https://api.github.com/repos/steveklabnik/CLOSURE/labels{/name}",       "releases_url": "https://api.github.com/repos/steveklabnik/CLOSURE/releases{/id}",       "deployments_url": "https://api.github.com/repos/steveklabnik/CLOSURE/deployments",       "created_at": "2013-04-19T16:35:35Z",       "updated_at": "2019-01-25T03:10:45Z",       "pushed_at": "2016-08-19T21:52:58Z",       "git_url": "git://github.com/steveklabnik/CLOSURE.git",       "ssh_url": "git@github.com:steveklabnik/CLOSURE.git",       "clone_url": "https://github.com/steveklabnik/CLOSURE.git",       "svn_url": "https://github.com/steveklabnik/CLOSURE",       "homepage": null,       "size": 98819,       "stargazers_count": 347,       "watchers_count": 347,       "language": null,       "has_issues": true,       "has_projects": true,       "has_downloads": true,       "has_wiki": true,       "has_pages": false,       "forks_count": 29,       "mirror_url": null,       "archived": false,       "open_issues_count": 1,       "license": null,       "forks": 29,       "open_issues": 1,       "watchers": 347,       "default_branch": "master",       "score": 83.83695     },     {       "id": 285132,       "node_id": "MDEwOlJlcG9zaXRvcnkyODUxMzI=",       "name": "TryRuby",       "full_name": "Sophrinix/TryRuby",       "private": false,       "owner": {         "login": "Sophrinix",         "id": 34090,         "node_id": "MDQ6VXNlcjM0MDkw",         "avatar_url": "https://avatars1.githubusercontent.com/u/34090?v=4",         "gravatar_id": "",         "url": "https://api.github.com/users/Sophrinix",         "html_url": "https://github.com/Sophrinix",         "followers_url": "https://api.github.com/users/Sophrinix/followers",         "following_url": "https://api.github.com/users/Sophrinix/following{/other_user}",         "gists_url": "https://api.github.com/users/Sophrinix/gists{/gist_id}",         "starred_url": "https://api.github.com/users/Sophrinix/starred{/owner}{/repo}",         "subscriptions_url": "https://api.github.com/users/Sophrinix/subscriptions",         "organizations_url": "https://api.github.com/users/Sophrinix/orgs",         "repos_url": "https://api.github.com/users/Sophrinix/repos",         "events_url": "https://api.github.com/users/Sophrinix/events{/privacy}",         "received_events_url": "https://api.github.com/users/Sophrinix/received_events",         "type": "User",         "site_admin": false       },       "html_url": "https://github.com/Sophrinix/TryRuby",       "description": "Try Ruby is a interactive shell that quickly and whimsically teaches the Ruby programming language. Originally _why's idea, it has been recreated from the ground up by Rubyists who have a passion for Ruby and for teaching their fellow (wo)man how to program.",       "fork": false,       "url": "https://api.github.com/repos/Sophrinix/TryRuby",       "forks_url": "https://api.github.com/repos/Sophrinix/TryRuby/forks",       "keys_url": "https://api.github.com/repos/Sophrinix/TryRuby/keys{/key_id}",       "collaborators_url": "https://api.github.com/repos/Sophrinix/TryRuby/collaborators{/collaborator}",       "teams_url": "https://api.github.com/repos/Sophrinix/TryRuby/teams",       "hooks_url": "https://api.github.com/repos/Sophrinix/TryRuby/hooks",       "issue_events_url": "https://api.github.com/repos/Sophrinix/TryRuby/issues/events{/number}",       "events_url": "https://api.github.com/repos/Sophrinix/TryRuby/events",       "assignees_url": "https://api.github.com/repos/Sophrinix/TryRuby/assignees{/user}",       "branches_url": "https://api.github.com/repos/Sophrinix/TryRuby/branches{/branch}",       "tags_url": "https://api.github.com/repos/Sophrinix/TryRuby/tags",       "blobs_url": "https://api.github.com/repos/Sophrinix/TryRuby/git/blobs{/sha}",       "git_tags_url": "https://api.github.com/repos/Sophrinix/TryRuby/git/tags{/sha}",       "git_refs_url": "https://api.github.com/repos/Sophrinix/TryRuby/git/refs{/sha}",       "trees_url": "https://api.github.com/repos/Sophrinix/TryRuby/git/trees{/sha}",       "statuses_url": "https://api.github.com/repos/Sophrinix/TryRuby/statuses/{sha}",       "languages_url": "https://api.github.com/repos/Sophrinix/TryRuby/languages",       "stargazers_url": "https://api.github.com/repos/Sophrinix/TryRuby/stargazers",       "contributors_url": "https://api.github.com/repos/Sophrinix/TryRuby/contributors",       "subscribers_url": "https://api.github.com/repos/Sophrinix/TryRuby/subscribers",       "subscription_url": "https://api.github.com/repos/Sophrinix/TryRuby/subscription",       "commits_url": "https://api.github.com/repos/Sophrinix/TryRuby/commits{/sha}",       "git_commits_url": "https://api.github.com/repos/Sophrinix/TryRuby/git/commits{/sha}",       "comments_url": "https://api.github.com/repos/Sophrinix/TryRuby/comments{/number}",       "issue_comment_url": "https://api.github.com/repos/Sophrinix/TryRuby/issues/comments{/number}",       "contents_url": "https://api.github.com/repos/Sophrinix/TryRuby/contents/{+path}",       "compare_url": "https://api.github.com/repos/Sophrinix/TryRuby/compare/{base}...{head}",       "merges_url": "https://api.github.com/repos/Sophrinix/TryRuby/merges",       "archive_url": "https://api.github.com/repos/Sophrinix/TryRuby/{archive_format}{/ref}",       "downloads_url": "https://api.github.com/repos/Sophrinix/TryRuby/downloads",       "issues_url": "https://api.github.com/repos/Sophrinix/TryRuby/issues{/number}",       "pulls_url": "https://api.github.com/repos/Sophrinix/TryRuby/pulls{/number}",       "milestones_url": "https://api.github.com/repos/Sophrinix/TryRuby/milestones{/number}",       "notifications_url": "https://api.github.com/repos/Sophrinix/TryRuby/notifications{?since,all,participating}",       "labels_url": "https://api.github.com/repos/Sophrinix/TryRuby/labels{/name}",       "releases_url": "https://api.github.com/repos/Sophrinix/TryRuby/releases{/id}",       "deployments_url": "https://api.github.com/repos/Sophrinix/TryRuby/deployments",       "created_at": "2009-08-22T17:31:37Z",       "updated_at": "2019-01-21T09:33:14Z",       "pushed_at": "2018-06-02T04:32:55Z",       "git_url": "git://github.com/Sophrinix/TryRuby.git",       "ssh_url": "git@github.com:Sophrinix/TryRuby.git",       "clone_url": "https://github.com/Sophrinix/TryRuby.git",       "svn_url": "https://github.com/Sophrinix/TryRuby",       "homepage": "tryruby.org",       "size": 881,       "stargazers_count": 346,       "watchers_count": 346,       "language": "HTML",       "has_issues": true,       "has_projects": true,       "has_downloads": true,       "has_wiki": true,       "has_pages": false,       "forks_count": 82,       "mirror_url": null,       "archived": false,       "open_issues_count": 69,       "license": null,       "forks": 82,       "open_issues": 69,       "watchers": 346,       "default_branch": "master",       "score": 21.985346     },     {       "id": 139259807,       "node_id": "MDEwOlJlcG9zaXRvcnkxMzkyNTk4MDc=",       "name": "UserDefaultsStore",       "full_name": "omaralbeik/UserDefaultsStore",       "private": false,       "owner": {         "login": "omaralbeik",         "id": 8127757,         "node_id": "MDQ6VXNlcjgxMjc3NTc=",         "avatar_url": "https://avatars2.githubusercontent.com/u/8127757?v=4",         "gravatar_id": "",         "url": "https://api.github.com/users/omaralbeik",         "html_url": "https://github.com/omaralbeik",         "followers_url": "https://api.github.com/users/omaralbeik/followers",         "following_url": "https://api.github.com/users/omaralbeik/following{/other_user}",         "gists_url": "https://api.github.com/users/omaralbeik/gists{/gist_id}",         "starred_url": "https://api.github.com/users/omaralbeik/starred{/owner}{/repo}",         "subscriptions_url": "https://api.github.com/users/omaralbeik/subscriptions",         "organizations_url": "https://api.github.com/users/omaralbeik/orgs",         "repos_url": "https://api.github.com/users/omaralbeik/repos",         "events_url": "https://api.github.com/users/omaralbeik/events{/privacy}",         "received_events_url": "https://api.github.com/users/omaralbeik/received_events",         "type": "User",         "site_admin": false       },       "html_url": "https://github.com/omaralbeik/UserDefaultsStore",       "description": "Why not use UserDefaults to store Codable objects 😉",       "fork": false,       "url": "https://api.github.com/repos/omaralbeik/UserDefaultsStore",       "forks_url": "https://api.github.com/repos/omaralbeik/UserDefaultsStore/forks",       "keys_url": "https://api.github.com/repos/omaralbeik/UserDefaultsStore/keys{/key_id}",       "collaborators_url": "https://api.github.com/repos/omaralbeik/UserDefaultsStore/collaborators{/collaborator}",       "teams_url": "https://api.github.com/repos/omaralbeik/UserDefaultsStore/teams",       "hooks_url": "https://api.github.com/repos/omaralbeik/UserDefaultsStore/hooks",       "issue_events_url": "https://api.github.com/repos/omaralbeik/UserDefaultsStore/issues/events{/number}",       "events_url": "https://api.github.com/repos/omaralbeik/UserDefaultsStore/events",       "assignees_url": "https://api.github.com/repos/omaralbeik/UserDefaultsStore/assignees{/user}",       "branches_url": "https://api.github.com/repos/omaralbeik/UserDefaultsStore/branches{/branch}",       "tags_url": "https://api.github.com/repos/omaralbeik/UserDefaultsStore/tags",       "blobs_url": "https://api.github.com/repos/omaralbeik/UserDefaultsStore/git/blobs{/sha}",       "git_tags_url": "https://api.github.com/repos/omaralbeik/UserDefaultsStore/git/tags{/sha}",       "git_refs_url": "https://api.github.com/repos/omaralbeik/UserDefaultsStore/git/refs{/sha}",       "trees_url": "https://api.github.com/repos/omaralbeik/UserDefaultsStore/git/trees{/sha}",       "statuses_url": "https://api.github.com/repos/omaralbeik/UserDefaultsStore/statuses/{sha}",       "languages_url": "https://api.github.com/repos/omaralbeik/UserDefaultsStore/languages",       "stargazers_url": "https://api.github.com/repos/omaralbeik/UserDefaultsStore/stargazers",       "contributors_url": "https://api.github.com/repos/omaralbeik/UserDefaultsStore/contributors",       "subscribers_url": "https://api.github.com/repos/omaralbeik/UserDefaultsStore/subscribers",       "subscription_url": "https://api.github.com/repos/omaralbeik/UserDefaultsStore/subscription",       "commits_url": "https://api.github.com/repos/omaralbeik/UserDefaultsStore/commits{/sha}",       "git_commits_url": "https://api.github.com/repos/omaralbeik/UserDefaultsStore/git/commits{/sha}",       "comments_url": "https://api.github.com/repos/omaralbeik/UserDefaultsStore/comments{/number}",       "issue_comment_url": "https://api.github.com/repos/omaralbeik/UserDefaultsStore/issues/comments{/number}",       "contents_url": "https://api.github.com/repos/omaralbeik/UserDefaultsStore/contents/{+path}",       "compare_url": "https://api.github.com/repos/omaralbeik/UserDefaultsStore/compare/{base}...{head}",       "merges_url": "https://api.github.com/repos/omaralbeik/UserDefaultsStore/merges",       "archive_url": "https://api.github.com/repos/omaralbeik/UserDefaultsStore/{archive_format}{/ref}",       "downloads_url": "https://api.github.com/repos/omaralbeik/UserDefaultsStore/downloads",       "issues_url": "https://api.github.com/repos/omaralbeik/UserDefaultsStore/issues{/number}",       "pulls_url": "https://api.github.com/repos/omaralbeik/UserDefaultsStore/pulls{/number}",       "milestones_url": "https://api.github.com/repos/omaralbeik/UserDefaultsStore/milestones{/number}",       "notifications_url": "https://api.github.com/repos/omaralbeik/UserDefaultsStore/notifications{?since,all,participating}",       "labels_url": "https://api.github.com/repos/omaralbeik/UserDefaultsStore/labels{/name}",       "releases_url": "https://api.github.com/repos/omaralbeik/UserDefaultsStore/releases{/id}",       "deployments_url": "https://api.github.com/repos/omaralbeik/UserDefaultsStore/deployments",       "created_at": "2018-06-30T15:29:31Z",       "updated_at": "2019-01-28T22:49:33Z",       "pushed_at": "2018-11-08T05:49:36Z",       "git_url": "git://github.com/omaralbeik/UserDefaultsStore.git",       "ssh_url": "git@github.com:omaralbeik/UserDefaultsStore.git",       "clone_url": "https://github.com/omaralbeik/UserDefaultsStore.git",       "svn_url": "https://github.com/omaralbeik/UserDefaultsStore",       "homepage": null,       "size": 388,       "stargazers_count": 311,       "watchers_count": 311,       "language": "Swift",       "has_issues": true,       "has_projects": false,       "has_downloads": true,       "has_wiki": false,       "has_pages": false,       "forks_count": 13,       "mirror_url": null,       "archived": false,       "open_issues_count": 2,       "license": {         "key": "mit",         "name": "MIT License",         "spdx_id": "MIT",         "url": "https://api.github.com/licenses/mit",         "node_id": "MDc6TGljZW5zZTEz"       },       "forks": 13,       "open_issues": 2,       "watchers": 311,       "default_branch": "master",       "score": 51.533493     },     {       "id": 1666180,       "node_id": "MDEwOlJlcG9zaXRvcnkxNjY2MTgw",       "name": "why_i_love_github",       "full_name": "schacon/why_i_love_github",       "private": false,       "owner": {         "login": "schacon",         "id": 70,         "node_id": "MDQ6VXNlcjcw",         "avatar_url": "https://avatars0.githubusercontent.com/u/70?v=4",         "gravatar_id": "",         "url": "https://api.github.com/users/schacon",         "html_url": "https://github.com/schacon",         "followers_url": "https://api.github.com/users/schacon/followers",         "following_url": "https://api.github.com/users/schacon/following{/other_user}",         "gists_url": "https://api.github.com/users/schacon/gists{/gist_id}",         "starred_url": "https://api.github.com/users/schacon/starred{/owner}{/repo}",         "subscriptions_url": "https://api.github.com/users/schacon/subscriptions",         "organizations_url": "https://api.github.com/users/schacon/orgs",         "repos_url": "https://api.github.com/users/schacon/repos",         "events_url": "https://api.github.com/users/schacon/events{/privacy}",         "received_events_url": "https://api.github.com/users/schacon/received_events",         "type": "User",         "site_admin": false       },       "html_url": "https://github.com/schacon/why_i_love_github",       "description": null,       "fork": false,       "url": "https://api.github.com/repos/schacon/why_i_love_github",       "forks_url": "https://api.github.com/repos/schacon/why_i_love_github/forks",       "keys_url": "https://api.github.com/repos/schacon/why_i_love_github/keys{/key_id}",       "collaborators_url": "https://api.github.com/repos/schacon/why_i_love_github/collaborators{/collaborator}",       "teams_url": "https://api.github.com/repos/schacon/why_i_love_github/teams",       "hooks_url": "https://api.github.com/repos/schacon/why_i_love_github/hooks",       "issue_events_url": "https://api.github.com/repos/schacon/why_i_love_github/issues/events{/number}",       "events_url": "https://api.github.com/repos/schacon/why_i_love_github/events",       "assignees_url": "https://api.github.com/repos/schacon/why_i_love_github/assignees{/user}",       "branches_url": "https://api.github.com/repos/schacon/why_i_love_github/branches{/branch}",       "tags_url": "https://api.github.com/repos/schacon/why_i_love_github/tags",       "blobs_url": "https://api.github.com/repos/schacon/why_i_love_github/git/blobs{/sha}",       "git_tags_url": "https://api.github.com/repos/schacon/why_i_love_github/git/tags{/sha}",       "git_refs_url": "https://api.github.com/repos/schacon/why_i_love_github/git/refs{/sha}",       "trees_url": "https://api.github.com/repos/schacon/why_i_love_github/git/trees{/sha}",       "statuses_url": "https://api.github.com/repos/schacon/why_i_love_github/statuses/{sha}",       "languages_url": "https://api.github.com/repos/schacon/why_i_love_github/languages",       "stargazers_url": "https://api.github.com/repos/schacon/why_i_love_github/stargazers",       "contributors_url": "https://api.github.com/repos/schacon/why_i_love_github/contributors",       "subscribers_url": "https://api.github.com/repos/schacon/why_i_love_github/subscribers",       "subscription_url": "https://api.github.com/repos/schacon/why_i_love_github/subscription",       "commits_url": "https://api.github.com/repos/schacon/why_i_love_github/commits{/sha}",       "git_commits_url": "https://api.github.com/repos/schacon/why_i_love_github/git/commits{/sha}",       "comments_url": "https://api.github.com/repos/schacon/why_i_love_github/comments{/number}",       "issue_comment_url": "https://api.github.com/repos/schacon/why_i_love_github/issues/comments{/number}",       "contents_url": "https://api.github.com/repos/schacon/why_i_love_github/contents/{+path}",       "compare_url": "https://api.github.com/repos/schacon/why_i_love_github/compare/{base}...{head}",       "merges_url": "https://api.github.com/repos/schacon/why_i_love_github/merges",       "archive_url": "https://api.github.com/repos/schacon/why_i_love_github/{archive_format}{/ref}",       "downloads_url": "https://api.github.com/repos/schacon/why_i_love_github/downloads",       "issues_url": "https://api.github.com/repos/schacon/why_i_love_github/issues{/number}",       "pulls_url": "https://api.github.com/repos/schacon/why_i_love_github/pulls{/number}",       "milestones_url": "https://api.github.com/repos/schacon/why_i_love_github/milestones{/number}",       "notifications_url": "https://api.github.com/repos/schacon/why_i_love_github/notifications{?since,all,participating}",       "labels_url": "https://api.github.com/repos/schacon/why_i_love_github/labels{/name}",       "releases_url": "https://api.github.com/repos/schacon/why_i_love_github/releases{/id}",       "deployments_url": "https://api.github.com/repos/schacon/why_i_love_github/deployments",       "created_at": "2011-04-26T17:18:57Z",       "updated_at": "2018-12-26T22:44:49Z",       "pushed_at": "2018-09-06T06:18:12Z",       "git_url": "git://github.com/schacon/why_i_love_github.git",       "ssh_url": "git@github.com:schacon/why_i_love_github.git",       "clone_url": "https://github.com/schacon/why_i_love_github.git",       "svn_url": "https://github.com/schacon/why_i_love_github",       "homepage": "",       "size": 296,       "stargazers_count": 269,       "watchers_count": 269,       "language": null,       "has_issues": true,       "has_projects": true,       "has_downloads": true,       "has_wiki": true,       "has_pages": false,       "forks_count": 202,       "mirror_url": null,       "archived": false,       "open_issues_count": 115,       "license": null,       "forks": 202,       "open_issues": 115,       "watchers": 269,       "default_branch": "master",       "score": 94.83799     },     {       "id": 5762352,       "node_id": "MDEwOlJlcG9zaXRvcnk1NzYyMzUy",       "name": "nightowls",       "full_name": "Swizec/nightowls",       "private": false,       "owner": {         "login": "Swizec",         "id": 56883,         "node_id": "MDQ6VXNlcjU2ODgz",         "avatar_url": "https://avatars0.githubusercontent.com/u/56883?v=4",         "gravatar_id": "",         "url": "https://api.github.com/users/Swizec",         "html_url": "https://github.com/Swizec",         "followers_url": "https://api.github.com/users/Swizec/followers",         "following_url": "https://api.github.com/users/Swizec/following{/other_user}",         "gists_url": "https://api.github.com/users/Swizec/gists{/gist_id}",         "starred_url": "https://api.github.com/users/Swizec/starred{/owner}{/repo}",         "subscriptions_url": "https://api.github.com/users/Swizec/subscriptions",         "organizations_url": "https://api.github.com/users/Swizec/orgs",         "repos_url": "https://api.github.com/users/Swizec/repos",         "events_url": "https://api.github.com/users/Swizec/events{/privacy}",         "received_events_url": "https://api.github.com/users/Swizec/received_events",         "type": "User",         "site_admin": false       },       "html_url": "https://github.com/Swizec/nightowls",       "description": "Why programmers work at night - a book about programmers, by a programmer",       "fork": false,       "url": "https://api.github.com/repos/Swizec/nightowls",       "forks_url": "https://api.github.com/repos/Swizec/nightowls/forks",       "keys_url": "https://api.github.com/repos/Swizec/nightowls/keys{/key_id}",       "collaborators_url": "https://api.github.com/repos/Swizec/nightowls/collaborators{/collaborator}",       "teams_url": "https://api.github.com/repos/Swizec/nightowls/teams",       "hooks_url": "https://api.github.com/repos/Swizec/nightowls/hooks",       "issue_events_url": "https://api.github.com/repos/Swizec/nightowls/issues/events{/number}",       "events_url": "https://api.github.com/repos/Swizec/nightowls/events",       "assignees_url": "https://api.github.com/repos/Swizec/nightowls/assignees{/user}",       "branches_url": "https://api.github.com/repos/Swizec/nightowls/branches{/branch}",       "tags_url": "https://api.github.com/repos/Swizec/nightowls/tags",       "blobs_url": "https://api.github.com/repos/Swizec/nightowls/git/blobs{/sha}",       "git_tags_url": "https://api.github.com/repos/Swizec/nightowls/git/tags{/sha}",       "git_refs_url": "https://api.github.com/repos/Swizec/nightowls/git/refs{/sha}",       "trees_url": "https://api.github.com/repos/Swizec/nightowls/git/trees{/sha}",       "statuses_url": "https://api.github.com/repos/Swizec/nightowls/statuses/{sha}",       "languages_url": "https://api.github.com/repos/Swizec/nightowls/languages",       "stargazers_url": "https://api.github.com/repos/Swizec/nightowls/stargazers",       "contributors_url": "https://api.github.com/repos/Swizec/nightowls/contributors",       "subscribers_url": "https://api.github.com/repos/Swizec/nightowls/subscribers",       "subscription_url": "https://api.github.com/repos/Swizec/nightowls/subscription",       "commits_url": "https://api.github.com/repos/Swizec/nightowls/commits{/sha}",       "git_commits_url": "https://api.github.com/repos/Swizec/nightowls/git/commits{/sha}",       "comments_url": "https://api.github.com/repos/Swizec/nightowls/comments{/number}",       "issue_comment_url": "https://api.github.com/repos/Swizec/nightowls/issues/comments{/number}",       "contents_url": "https://api.github.com/repos/Swizec/nightowls/contents/{+path}",       "compare_url": "https://api.github.com/repos/Swizec/nightowls/compare/{base}...{head}",       "merges_url": "https://api.github.com/repos/Swizec/nightowls/merges",       "archive_url": "https://api.github.com/repos/Swizec/nightowls/{archive_format}{/ref}",       "downloads_url": "https://api.github.com/repos/Swizec/nightowls/downloads",       "issues_url": "https://api.github.com/repos/Swizec/nightowls/issues{/number}",       "pulls_url": "https://api.github.com/repos/Swizec/nightowls/pulls{/number}",       "milestones_url": "https://api.github.com/repos/Swizec/nightowls/milestones{/number}",       "notifications_url": "https://api.github.com/repos/Swizec/nightowls/notifications{?since,all,participating}",       "labels_url": "https://api.github.com/repos/Swizec/nightowls/labels{/name}",       "releases_url": "https://api.github.com/repos/Swizec/nightowls/releases{/id}",       "deployments_url": "https://api.github.com/repos/Swizec/nightowls/deployments",       "created_at": "2012-09-11T08:55:05Z",       "updated_at": "2019-01-22T17:12:56Z",       "pushed_at": "2017-04-24T09:21:43Z",       "git_url": "git://github.com/Swizec/nightowls.git",       "ssh_url": "git@github.com:Swizec/nightowls.git",       "clone_url": "https://github.com/Swizec/nightowls.git",       "svn_url": "https://github.com/Swizec/nightowls",       "homepage": "https://leanpub.com/nightowls",       "size": 1301,       "stargazers_count": 267,       "watchers_count": 267,       "language": null,       "has_issues": true,       "has_projects": true,       "has_downloads": true,       "has_wiki": true,       "has_pages": false,       "forks_count": 23,       "mirror_url": null,       "archived": false,       "open_issues_count": 7,       "license": null,       "forks": 23,       "open_issues": 7,       "watchers": 267,       "default_branch": "master",       "score": 46.147232     },     {       "id": 86715491,       "node_id": "MDEwOlJlcG9zaXRvcnk4NjcxNTQ5MQ==",       "name": "pmdarima",       "full_name": "tgsmith61591/pmdarima",       "private": false,       "owner": {         "login": "tgsmith61591",         "id": 6124706,         "node_id": "MDQ6VXNlcjYxMjQ3MDY=",         "avatar_url": "https://avatars0.githubusercontent.com/u/6124706?v=4",         "gravatar_id": "",         "url": "https://api.github.com/users/tgsmith61591",         "html_url": "https://github.com/tgsmith61591",         "followers_url": "https://api.github.com/users/tgsmith61591/followers",         "following_url": "https://api.github.com/users/tgsmith61591/following{/other_user}",         "gists_url": "https://api.github.com/users/tgsmith61591/gists{/gist_id}",         "starred_url": "https://api.github.com/users/tgsmith61591/starred{/owner}{/repo}",         "subscriptions_url": "https://api.github.com/users/tgsmith61591/subscriptions",         "organizations_url": "https://api.github.com/users/tgsmith61591/orgs",         "repos_url": "https://api.github.com/users/tgsmith61591/repos",         "events_url": "https://api.github.com/users/tgsmith61591/events{/privacy}",         "received_events_url": "https://api.github.com/users/tgsmith61591/received_events",         "type": "User",         "site_admin": false       },       "html_url": "https://github.com/tgsmith61591/pmdarima",       "description": "A package that brings R's beloved auto.arima to Python, making an even stronger case for why Python > R for data science. ",       "fork": false,       "url": "https://api.github.com/repos/tgsmith61591/pmdarima",       "forks_url": "https://api.github.com/repos/tgsmith61591/pmdarima/forks",       "keys_url": "https://api.github.com/repos/tgsmith61591/pmdarima/keys{/key_id}",       "collaborators_url": "https://api.github.com/repos/tgsmith61591/pmdarima/collaborators{/collaborator}",       "teams_url": "https://api.github.com/repos/tgsmith61591/pmdarima/teams",       "hooks_url": "https://api.github.com/repos/tgsmith61591/pmdarima/hooks",       "issue_events_url": "https://api.github.com/repos/tgsmith61591/pmdarima/issues/events{/number}",       "events_url": "https://api.github.com/repos/tgsmith61591/pmdarima/events",       "assignees_url": "https://api.github.com/repos/tgsmith61591/pmdarima/assignees{/user}",       "branches_url": "https://api.github.com/repos/tgsmith61591/pmdarima/branches{/branch}",       "tags_url": "https://api.github.com/repos/tgsmith61591/pmdarima/tags",       "blobs_url": "https://api.github.com/repos/tgsmith61591/pmdarima/git/blobs{/sha}",       "git_tags_url": "https://api.github.com/repos/tgsmith61591/pmdarima/git/tags{/sha}",       "git_refs_url": "https://api.github.com/repos/tgsmith61591/pmdarima/git/refs{/sha}",       "trees_url": "https://api.github.com/repos/tgsmith61591/pmdarima/git/trees{/sha}",       "statuses_url": "https://api.github.com/repos/tgsmith61591/pmdarima/statuses/{sha}",       "languages_url": "https://api.github.com/repos/tgsmith61591/pmdarima/languages",       "stargazers_url": "https://api.github.com/repos/tgsmith61591/pmdarima/stargazers",       "contributors_url": "https://api.github.com/repos/tgsmith61591/pmdarima/contributors",       "subscribers_url": "https://api.github.com/repos/tgsmith61591/pmdarima/subscribers",       "subscription_url": "https://api.github.com/repos/tgsmith61591/pmdarima/subscription",       "commits_url": "https://api.github.com/repos/tgsmith61591/pmdarima/commits{/sha}",       "git_commits_url": "https://api.github.com/repos/tgsmith61591/pmdarima/git/commits{/sha}",       "comments_url": "https://api.github.com/repos/tgsmith61591/pmdarima/comments{/number}",       "issue_comment_url": "https://api.github.com/repos/tgsmith61591/pmdarima/issues/comments{/number}",       "contents_url": "https://api.github.com/repos/tgsmith61591/pmdarima/contents/{+path}",       "compare_url": "https://api.github.com/repos/tgsmith61591/pmdarima/compare/{base}...{head}",       "merges_url": "https://api.github.com/repos/tgsmith61591/pmdarima/merges",       "archive_url": "https://api.github.com/repos/tgsmith61591/pmdarima/{archive_format}{/ref}",       "downloads_url": "https://api.github.com/repos/tgsmith61591/pmdarima/downloads",       "issues_url": "https://api.github.com/repos/tgsmith61591/pmdarima/issues{/number}",       "pulls_url": "https://api.github.com/repos/tgsmith61591/pmdarima/pulls{/number}",       "milestones_url": "https://api.github.com/repos/tgsmith61591/pmdarima/milestones{/number}",       "notifications_url": "https://api.github.com/repos/tgsmith61591/pmdarima/notifications{?since,all,participating}",       "labels_url": "https://api.github.com/repos/tgsmith61591/pmdarima/labels{/name}",       "releases_url": "https://api.github.com/repos/tgsmith61591/pmdarima/releases{/id}",       "deployments_url": "https://api.github.com/repos/tgsmith61591/pmdarima/deployments",       "created_at": "2017-03-30T14:58:30Z",       "updated_at": "2019-01-27T16:57:38Z",       "pushed_at": "2019-01-21T21:26:02Z",       "git_url": "git://github.com/tgsmith61591/pmdarima.git",       "ssh_url": "git@github.com:tgsmith61591/pmdarima.git",       "clone_url": "https://github.com/tgsmith61591/pmdarima.git",       "svn_url": "https://github.com/tgsmith61591/pmdarima",       "homepage": "https://www.alkaline-ml.com/pmdarima",       "size": 60561,       "stargazers_count": 254,       "watchers_count": 254,       "language": "Python",       "has_issues": true,       "has_projects": true,       "has_downloads": true,       "has_wiki": true,       "has_pages": true,       "forks_count": 64,       "mirror_url": null,       "archived": false,       "open_issues_count": 1,       "license": {         "key": "mit",         "name": "MIT License",         "spdx_id": "MIT",         "url": "https://api.github.com/licenses/mit",         "node_id": "MDc6TGljZW5zZTEz"       },       "forks": 64,       "open_issues": 1,       "watchers": 254,       "default_branch": "master",       "score": 37.533978     },     {       "id": 72917308,       "node_id": "MDEwOlJlcG9zaXRvcnk3MjkxNzMwOA==",       "name": "learn-elm",       "full_name": "dwyl/learn-elm",       "private": false,       "owner": {         "login": "dwyl",         "id": 11708465,         "node_id": "MDEyOk9yZ2FuaXphdGlvbjExNzA4NDY1",         "avatar_url": "https://avatars1.githubusercontent.com/u/11708465?v=4",         "gravatar_id": "",         "url": "https://api.github.com/users/dwyl",         "html_url": "https://github.com/dwyl",         "followers_url": "https://api.github.com/users/dwyl/followers",         "following_url": "https://api.github.com/users/dwyl/following{/other_user}",         "gists_url": "https://api.github.com/users/dwyl/gists{/gist_id}",         "starred_url": "https://api.github.com/users/dwyl/starred{/owner}{/repo}",         "subscriptions_url": "https://api.github.com/users/dwyl/subscriptions",         "organizations_url": "https://api.github.com/users/dwyl/orgs",         "repos_url": "https://api.github.com/users/dwyl/repos",         "events_url": "https://api.github.com/users/dwyl/events{/privacy}",         "received_events_url": "https://api.github.com/users/dwyl/received_events",         "type": "Organization",         "site_admin": false       },       "html_url": "https://github.com/dwyl/learn-elm",       "description": ":rainbow: discover why people are switching to Elm and how you can get started today!",       "fork": false,       "url": "https://api.github.com/repos/dwyl/learn-elm",       "forks_url": "https://api.github.com/repos/dwyl/learn-elm/forks",       "keys_url": "https://api.github.com/repos/dwyl/learn-elm/keys{/key_id}",       "collaborators_url": "https://api.github.com/repos/dwyl/learn-elm/collaborators{/collaborator}",       "teams_url": "https://api.github.com/repos/dwyl/learn-elm/teams",       "hooks_url": "https://api.github.com/repos/dwyl/learn-elm/hooks",       "issue_events_url": "https://api.github.com/repos/dwyl/learn-elm/issues/events{/number}",       "events_url": "https://api.github.com/repos/dwyl/learn-elm/events",       "assignees_url": "https://api.github.com/repos/dwyl/learn-elm/assignees{/user}",       "branches_url": "https://api.github.com/repos/dwyl/learn-elm/branches{/branch}",       "tags_url": "https://api.github.com/repos/dwyl/learn-elm/tags",       "blobs_url": "https://api.github.com/repos/dwyl/learn-elm/git/blobs{/sha}",       "git_tags_url": "https://api.github.com/repos/dwyl/learn-elm/git/tags{/sha}",       "git_refs_url": "https://api.github.com/repos/dwyl/learn-elm/git/refs{/sha}",       "trees_url": "https://api.github.com/repos/dwyl/learn-elm/git/trees{/sha}",       "statuses_url": "https://api.github.com/repos/dwyl/learn-elm/statuses/{sha}",       "languages_url": "https://api.github.com/repos/dwyl/learn-elm/languages",       "stargazers_url": "https://api.github.com/repos/dwyl/learn-elm/stargazers",       "contributors_url": "https://api.github.com/repos/dwyl/learn-elm/contributors",       "subscribers_url": "https://api.github.com/repos/dwyl/learn-elm/subscribers",       "subscription_url": "https://api.github.com/repos/dwyl/learn-elm/subscription",       "commits_url": "https://api.github.com/repos/dwyl/learn-elm/commits{/sha}",       "git_commits_url": "https://api.github.com/repos/dwyl/learn-elm/git/commits{/sha}",       "comments_url": "https://api.github.com/repos/dwyl/learn-elm/comments{/number}",       "issue_comment_url": "https://api.github.com/repos/dwyl/learn-elm/issues/comments{/number}",       "contents_url": "https://api.github.com/repos/dwyl/learn-elm/contents/{+path}",       "compare_url": "https://api.github.com/repos/dwyl/learn-elm/compare/{base}...{head}",       "merges_url": "https://api.github.com/repos/dwyl/learn-elm/merges",       "archive_url": "https://api.github.com/repos/dwyl/learn-elm/{archive_format}{/ref}",       "downloads_url": "https://api.github.com/repos/dwyl/learn-elm/downloads",       "issues_url": "https://api.github.com/repos/dwyl/learn-elm/issues{/number}",       "pulls_url": "https://api.github.com/repos/dwyl/learn-elm/pulls{/number}",       "milestones_url": "https://api.github.com/repos/dwyl/learn-elm/milestones{/number}",       "notifications_url": "https://api.github.com/repos/dwyl/learn-elm/notifications{?since,all,participating}",       "labels_url": "https://api.github.com/repos/dwyl/learn-elm/labels{/name}",       "releases_url": "https://api.github.com/repos/dwyl/learn-elm/releases{/id}",       "deployments_url": "https://api.github.com/repos/dwyl/learn-elm/deployments",       "created_at": "2016-11-05T09:45:12Z",       "updated_at": "2019-01-25T17:03:04Z",       "pushed_at": "2018-12-04T22:17:50Z",       "git_url": "git://github.com/dwyl/learn-elm.git",       "ssh_url": "git@github.com:dwyl/learn-elm.git",       "clone_url": "https://github.com/dwyl/learn-elm.git",       "svn_url": "https://github.com/dwyl/learn-elm",       "homepage": "https://github.com/dwyl/learn-elm",       "size": 622,       "stargazers_count": 238,       "watchers_count": 238,       "language": "HTML",       "has_issues": true,       "has_projects": true,       "has_downloads": true,       "has_wiki": true,       "has_pages": false,       "forks_count": 19,       "mirror_url": null,       "archived": false,       "open_issues_count": 78,       "license": null,       "forks": 19,       "open_issues": 78,       "watchers": 238,       "default_branch": "master",       "score": 44.101807     },     {       "id": 35120209,       "node_id": "MDEwOlJlcG9zaXRvcnkzNTEyMDIwOQ==",       "name": "wtfnode",       "full_name": "myndzi/wtfnode",       "private": false,       "owner": {         "login": "myndzi",         "id": 1588419,         "node_id": "MDQ6VXNlcjE1ODg0MTk=",         "avatar_url": "https://avatars1.githubusercontent.com/u/1588419?v=4",         "gravatar_id": "",         "url": "https://api.github.com/users/myndzi",         "html_url": "https://github.com/myndzi",         "followers_url": "https://api.github.com/users/myndzi/followers",         "following_url": "https://api.github.com/users/myndzi/following{/other_user}",         "gists_url": "https://api.github.com/users/myndzi/gists{/gist_id}",         "starred_url": "https://api.github.com/users/myndzi/starred{/owner}{/repo}",         "subscriptions_url": "https://api.github.com/users/myndzi/subscriptions",         "organizations_url": "https://api.github.com/users/myndzi/orgs",         "repos_url": "https://api.github.com/users/myndzi/repos",         "events_url": "https://api.github.com/users/myndzi/events{/privacy}",         "received_events_url": "https://api.github.com/users/myndzi/received_events",         "type": "User",         "site_admin": false       },       "html_url": "https://github.com/myndzi/wtfnode",       "description": "Utility to help find out why Node isn't exiting",       "fork": false,       "url": "https://api.github.com/repos/myndzi/wtfnode",       "forks_url": "https://api.github.com/repos/myndzi/wtfnode/forks",       "keys_url": "https://api.github.com/repos/myndzi/wtfnode/keys{/key_id}",       "collaborators_url": "https://api.github.com/repos/myndzi/wtfnode/collaborators{/collaborator}",       "teams_url": "https://api.github.com/repos/myndzi/wtfnode/teams",       "hooks_url": "https://api.github.com/repos/myndzi/wtfnode/hooks",       "issue_events_url": "https://api.github.com/repos/myndzi/wtfnode/issues/events{/number}",       "events_url": "https://api.github.com/repos/myndzi/wtfnode/events",       "assignees_url": "https://api.github.com/repos/myndzi/wtfnode/assignees{/user}",       "branches_url": "https://api.github.com/repos/myndzi/wtfnode/branches{/branch}",       "tags_url": "https://api.github.com/repos/myndzi/wtfnode/tags",       "blobs_url": "https://api.github.com/repos/myndzi/wtfnode/git/blobs{/sha}",       "git_tags_url": "https://api.github.com/repos/myndzi/wtfnode/git/tags{/sha}",       "git_refs_url": "https://api.github.com/repos/myndzi/wtfnode/git/refs{/sha}",       "trees_url": "https://api.github.com/repos/myndzi/wtfnode/git/trees{/sha}",       "statuses_url": "https://api.github.com/repos/myndzi/wtfnode/statuses/{sha}",       "languages_url": "https://api.github.com/repos/myndzi/wtfnode/languages",       "stargazers_url": "https://api.github.com/repos/myndzi/wtfnode/stargazers",       "contributors_url": "https://api.github.com/repos/myndzi/wtfnode/contributors",       "subscribers_url": "https://api.github.com/repos/myndzi/wtfnode/subscribers",       "subscription_url": "https://api.github.com/repos/myndzi/wtfnode/subscription",       "commits_url": "https://api.github.com/repos/myndzi/wtfnode/commits{/sha}",       "git_commits_url": "https://api.github.com/repos/myndzi/wtfnode/git/commits{/sha}",       "comments_url": "https://api.github.com/repos/myndzi/wtfnode/comments{/number}",       "issue_comment_url": "https://api.github.com/repos/myndzi/wtfnode/issues/comments{/number}",       "contents_url": "https://api.github.com/repos/myndzi/wtfnode/contents/{+path}",       "compare_url": "https://api.github.com/repos/myndzi/wtfnode/compare/{base}...{head}",       "merges_url": "https://api.github.com/repos/myndzi/wtfnode/merges",       "archive_url": "https://api.github.com/repos/myndzi/wtfnode/{archive_format}{/ref}",       "downloads_url": "https://api.github.com/repos/myndzi/wtfnode/downloads",       "issues_url": "https://api.github.com/repos/myndzi/wtfnode/issues{/number}",       "pulls_url": "https://api.github.com/repos/myndzi/wtfnode/pulls{/number}",       "milestones_url": "https://api.github.com/repos/myndzi/wtfnode/milestones{/number}",       "notifications_url": "https://api.github.com/repos/myndzi/wtfnode/notifications{?since,all,participating}",       "labels_url": "https://api.github.com/repos/myndzi/wtfnode/labels{/name}",       "releases_url": "https://api.github.com/repos/myndzi/wtfnode/releases{/id}",       "deployments_url": "https://api.github.com/repos/myndzi/wtfnode/deployments",       "created_at": "2015-05-05T19:42:42Z",       "updated_at": "2019-01-23T23:23:20Z",       "pushed_at": "2019-01-15T03:26:56Z",       "git_url": "git://github.com/myndzi/wtfnode.git",       "ssh_url": "git@github.com:myndzi/wtfnode.git",       "clone_url": "https://github.com/myndzi/wtfnode.git",       "svn_url": "https://github.com/myndzi/wtfnode",       "homepage": null,       "size": 59,       "stargazers_count": 237,       "watchers_count": 237,       "language": "JavaScript",       "has_issues": true,       "has_projects": true,       "has_downloads": true,       "has_wiki": true,       "has_pages": false,       "forks_count": 14,       "mirror_url": null,       "archived": false,       "open_issues_count": 0,       "license": null,       "forks": 14,       "open_issues": 0,       "watchers": 237,       "default_branch": "master",       "score": 51.469887     },     {       "id": 539003,       "node_id": "MDEwOlJlcG9zaXRvcnk1MzkwMDM=",       "name": "jquery-outside-events",       "full_name": "cowboy/jquery-outside-events",       "private": false,       "owner": {         "login": "cowboy",         "id": 54051,         "node_id": "MDQ6VXNlcjU0MDUx",         "avatar_url": "https://avatars0.githubusercontent.com/u/54051?v=4",         "gravatar_id": "",         "url": "https://api.github.com/users/cowboy",         "html_url": "https://github.com/cowboy",         "followers_url": "https://api.github.com/users/cowboy/followers",         "following_url": "https://api.github.com/users/cowboy/following{/other_user}",         "gists_url": "https://api.github.com/users/cowboy/gists{/gist_id}",         "starred_url": "https://api.github.com/users/cowboy/starred{/owner}{/repo}",         "subscriptions_url": "https://api.github.com/users/cowboy/subscriptions",         "organizations_url": "https://api.github.com/users/cowboy/orgs",         "repos_url": "https://api.github.com/users/cowboy/repos",         "events_url": "https://api.github.com/users/cowboy/events{/privacy}",         "received_events_url": "https://api.github.com/users/cowboy/received_events",         "type": "User",         "site_admin": false       },       "html_url": "https://github.com/cowboy/jquery-outside-events",       "description": "Why trigger an event on something, when you can trigger it on everything else?",       "fork": false,       "url": "https://api.github.com/repos/cowboy/jquery-outside-events",       "forks_url": "https://api.github.com/repos/cowboy/jquery-outside-events/forks",       "keys_url": "https://api.github.com/repos/cowboy/jquery-outside-events/keys{/key_id}",       "collaborators_url": "https://api.github.com/repos/cowboy/jquery-outside-events/collaborators{/collaborator}",       "teams_url": "https://api.github.com/repos/cowboy/jquery-outside-events/teams",       "hooks_url": "https://api.github.com/repos/cowboy/jquery-outside-events/hooks",       "issue_events_url": "https://api.github.com/repos/cowboy/jquery-outside-events/issues/events{/number}",       "events_url": "https://api.github.com/repos/cowboy/jquery-outside-events/events",       "assignees_url": "https://api.github.com/repos/cowboy/jquery-outside-events/assignees{/user}",       "branches_url": "https://api.github.com/repos/cowboy/jquery-outside-events/branches{/branch}",       "tags_url": "https://api.github.com/repos/cowboy/jquery-outside-events/tags",       "blobs_url": "https://api.github.com/repos/cowboy/jquery-outside-events/git/blobs{/sha}",       "git_tags_url": "https://api.github.com/repos/cowboy/jquery-outside-events/git/tags{/sha}",       "git_refs_url": "https://api.github.com/repos/cowboy/jquery-outside-events/git/refs{/sha}",       "trees_url": "https://api.github.com/repos/cowboy/jquery-outside-events/git/trees{/sha}",       "statuses_url": "https://api.github.com/repos/cowboy/jquery-outside-events/statuses/{sha}",       "languages_url": "https://api.github.com/repos/cowboy/jquery-outside-events/languages",       "stargazers_url": "https://api.github.com/repos/cowboy/jquery-outside-events/stargazers",       "contributors_url": "https://api.github.com/repos/cowboy/jquery-outside-events/contributors",       "subscribers_url": "https://api.github.com/repos/cowboy/jquery-outside-events/subscribers",       "subscription_url": "https://api.github.com/repos/cowboy/jquery-outside-events/subscription",       "commits_url": "https://api.github.com/repos/cowboy/jquery-outside-events/commits{/sha}",       "git_commits_url": "https://api.github.com/repos/cowboy/jquery-outside-events/git/commits{/sha}",       "comments_url": "https://api.github.com/repos/cowboy/jquery-outside-events/comments{/number}",       "issue_comment_url": "https://api.github.com/repos/cowboy/jquery-outside-events/issues/comments{/number}",       "contents_url": "https://api.github.com/repos/cowboy/jquery-outside-events/contents/{+path}",       "compare_url": "https://api.github.com/repos/cowboy/jquery-outside-events/compare/{base}...{head}",       "merges_url": "https://api.github.com/repos/cowboy/jquery-outside-events/merges",       "archive_url": "https://api.github.com/repos/cowboy/jquery-outside-events/{archive_format}{/ref}",       "downloads_url": "https://api.github.com/repos/cowboy/jquery-outside-events/downloads",       "issues_url": "https://api.github.com/repos/cowboy/jquery-outside-events/issues{/number}",       "pulls_url": "https://api.github.com/repos/cowboy/jquery-outside-events/pulls{/number}",       "milestones_url": "https://api.github.com/repos/cowboy/jquery-outside-events/milestones{/number}",       "notifications_url": "https://api.github.com/repos/cowboy/jquery-outside-events/notifications{?since,all,participating}",       "labels_url": "https://api.github.com/repos/cowboy/jquery-outside-events/labels{/name}",       "releases_url": "https://api.github.com/repos/cowboy/jquery-outside-events/releases{/id}",       "deployments_url": "https://api.github.com/repos/cowboy/jquery-outside-events/deployments",       "created_at": "2010-02-27T19:56:14Z",       "updated_at": "2019-01-23T22:10:28Z",       "pushed_at": "2016-04-03T09:27:45Z",       "git_url": "git://github.com/cowboy/jquery-outside-events.git",       "ssh_url": "git@github.com:cowboy/jquery-outside-events.git",       "clone_url": "https://github.com/cowboy/jquery-outside-events.git",       "svn_url": "https://github.com/cowboy/jquery-outside-events",       "homepage": "http://benalman.com/projects/jquery-clickoutside-plugin/",       "size": 320,       "stargazers_count": 236,       "watchers_count": 236,       "language": "JavaScript",       "has_issues": true,       "has_projects": true,       "has_downloads": true,       "has_wiki": true,       "has_pages": false,       "forks_count": 44,       "mirror_url": null,       "archived": false,       "open_issues_count": 10,       "license": {         "key": "other",         "name": "Other",         "spdx_id": "NOASSERTION",         "url": null,         "node_id": "MDc6TGljZW5zZTA="       },       "forks": 44,       "open_issues": 10,       "watchers": 236,       "default_branch": "master",       "score": 49.76392     },     {       "id": 124265580,       "node_id": "MDEwOlJlcG9zaXRvcnkxMjQyNjU1ODA=",       "name": "Viewpager-Transformation",       "full_name": "dipanshukr/Viewpager-Transformation",       "private": false,       "owner": {         "login": "dipanshukr",         "id": 29334373,         "node_id": "MDQ6VXNlcjI5MzM0Mzcz",         "avatar_url": "https://avatars3.githubusercontent.com/u/29334373?v=4",         "gravatar_id": "",         "url": "https://api.github.com/users/dipanshukr",         "html_url": "https://github.com/dipanshukr",         "followers_url": "https://api.github.com/users/dipanshukr/followers",         "following_url": "https://api.github.com/users/dipanshukr/following{/other_user}",         "gists_url": "https://api.github.com/users/dipanshukr/gists{/gist_id}",         "starred_url": "https://api.github.com/users/dipanshukr/starred{/owner}{/repo}",         "subscriptions_url": "https://api.github.com/users/dipanshukr/subscriptions",         "organizations_url": "https://api.github.com/users/dipanshukr/orgs",         "repos_url": "https://api.github.com/users/dipanshukr/repos",         "events_url": "https://api.github.com/users/dipanshukr/events{/privacy}",         "received_events_url": "https://api.github.com/users/dipanshukr/received_events",         "type": "User",         "site_admin": false       },       "html_url": "https://github.com/dipanshukr/Viewpager-Transformation",       "description": "Why use dependencies when you create your own transformations for Viewpager ?",       "fork": false,       "url": "https://api.github.com/repos/dipanshukr/Viewpager-Transformation",       "forks_url": "https://api.github.com/repos/dipanshukr/Viewpager-Transformation/forks",       "keys_url": "https://api.github.com/repos/dipanshukr/Viewpager-Transformation/keys{/key_id}",       "collaborators_url": "https://api.github.com/repos/dipanshukr/Viewpager-Transformation/collaborators{/collaborator}",       "teams_url": "https://api.github.com/repos/dipanshukr/Viewpager-Transformation/teams",       "hooks_url": "https://api.github.com/repos/dipanshukr/Viewpager-Transformation/hooks",       "issue_events_url": "https://api.github.com/repos/dipanshukr/Viewpager-Transformation/issues/events{/number}",       "events_url": "https://api.github.com/repos/dipanshukr/Viewpager-Transformation/events",       "assignees_url": "https://api.github.com/repos/dipanshukr/Viewpager-Transformation/assignees{/user}",       "branches_url": "https://api.github.com/repos/dipanshukr/Viewpager-Transformation/branches{/branch}",       "tags_url": "https://api.github.com/repos/dipanshukr/Viewpager-Transformation/tags",       "blobs_url": "https://api.github.com/repos/dipanshukr/Viewpager-Transformation/git/blobs{/sha}",       "git_tags_url": "https://api.github.com/repos/dipanshukr/Viewpager-Transformation/git/tags{/sha}",       "git_refs_url": "https://api.github.com/repos/dipanshukr/Viewpager-Transformation/git/refs{/sha}",       "trees_url": "https://api.github.com/repos/dipanshukr/Viewpager-Transformation/git/trees{/sha}",       "statuses_url": "https://api.github.com/repos/dipanshukr/Viewpager-Transformation/statuses/{sha}",       "languages_url": "https://api.github.com/repos/dipanshukr/Viewpager-Transformation/languages",       "stargazers_url": "https://api.github.com/repos/dipanshukr/Viewpager-Transformation/stargazers",       "contributors_url": "https://api.github.com/repos/dipanshukr/Viewpager-Transformation/contributors",       "subscribers_url": "https://api.github.com/repos/dipanshukr/Viewpager-Transformation/subscribers",       "subscription_url": "https://api.github.com/repos/dipanshukr/Viewpager-Transformation/subscription",       "commits_url": "https://api.github.com/repos/dipanshukr/Viewpager-Transformation/commits{/sha}",       "git_commits_url": "https://api.github.com/repos/dipanshukr/Viewpager-Transformation/git/commits{/sha}",       "comments_url": "https://api.github.com/repos/dipanshukr/Viewpager-Transformation/comments{/number}",       "issue_comment_url": "https://api.github.com/repos/dipanshukr/Viewpager-Transformation/issues/comments{/number}",       "contents_url": "https://api.github.com/repos/dipanshukr/Viewpager-Transformation/contents/{+path}",       "compare_url": "https://api.github.com/repos/dipanshukr/Viewpager-Transformation/compare/{base}...{head}",       "merges_url": "https://api.github.com/repos/dipanshukr/Viewpager-Transformation/merges",       "archive_url": "https://api.github.com/repos/dipanshukr/Viewpager-Transformation/{archive_format}{/ref}",       "downloads_url": "https://api.github.com/repos/dipanshukr/Viewpager-Transformation/downloads",       "issues_url": "https://api.github.com/repos/dipanshukr/Viewpager-Transformation/issues{/number}",       "pulls_url": "https://api.github.com/repos/dipanshukr/Viewpager-Transformation/pulls{/number}",       "milestones_url": "https://api.github.com/repos/dipanshukr/Viewpager-Transformation/milestones{/number}",       "notifications_url": "https://api.github.com/repos/dipanshukr/Viewpager-Transformation/notifications{?since,all,participating}",       "labels_url": "https://api.github.com/repos/dipanshukr/Viewpager-Transformation/labels{/name}",       "releases_url": "https://api.github.com/repos/dipanshukr/Viewpager-Transformation/releases{/id}",       "deployments_url": "https://api.github.com/repos/dipanshukr/Viewpager-Transformation/deployments",       "created_at": "2018-03-07T16:45:42Z",       "updated_at": "2019-01-27T11:19:10Z",       "pushed_at": "2018-06-21T07:17:59Z",       "git_url": "git://github.com/dipanshukr/Viewpager-Transformation.git",       "ssh_url": "git@github.com:dipanshukr/Viewpager-Transformation.git",       "clone_url": "https://github.com/dipanshukr/Viewpager-Transformation.git",       "svn_url": "https://github.com/dipanshukr/Viewpager-Transformation",       "homepage": "",       "size": 181654,       "stargazers_count": 230,       "watchers_count": 230,       "language": "Java",       "has_issues": true,       "has_projects": true,       "has_downloads": true,       "has_wiki": true,       "has_pages": true,       "forks_count": 44,       "mirror_url": null,       "archived": false,       "open_issues_count": 1,       "license": null,       "forks": 44,       "open_issues": 1,       "watchers": 230,       "default_branch": "master",       "score": 49.98404     },     {       "id": 17420185,       "node_id": "MDEwOlJlcG9zaXRvcnkxNzQyMDE4NQ==",       "name": "enemy-of-the-state",       "full_name": "jspahrsummers/enemy-of-the-state",       "private": false,       "owner": {         "login": "jspahrsummers",         "id": 432536,         "node_id": "MDQ6VXNlcjQzMjUzNg==",         "avatar_url": "https://avatars0.githubusercontent.com/u/432536?v=4",         "gravatar_id": "",         "url": "https://api.github.com/users/jspahrsummers",         "html_url": "https://github.com/jspahrsummers",         "followers_url": "https://api.github.com/users/jspahrsummers/followers",         "following_url": "https://api.github.com/users/jspahrsummers/following{/other_user}",         "gists_url": "https://api.github.com/users/jspahrsummers/gists{/gist_id}",         "starred_url": "https://api.github.com/users/jspahrsummers/starred{/owner}{/repo}",         "subscriptions_url": "https://api.github.com/users/jspahrsummers/subscriptions",         "organizations_url": "https://api.github.com/users/jspahrsummers/orgs",         "repos_url": "https://api.github.com/users/jspahrsummers/repos",         "events_url": "https://api.github.com/users/jspahrsummers/events{/privacy}",         "received_events_url": "https://api.github.com/users/jspahrsummers/received_events",         "type": "User",         "site_admin": false       },       "html_url": "https://github.com/jspahrsummers/enemy-of-the-state",       "description": "My talk explaining what state is and why it's so harmful",       "fork": false,       "url": "https://api.github.com/repos/jspahrsummers/enemy-of-the-state",       "forks_url": "https://api.github.com/repos/jspahrsummers/enemy-of-the-state/forks",       "keys_url": "https://api.github.com/repos/jspahrsummers/enemy-of-the-state/keys{/key_id}",       "collaborators_url": "https://api.github.com/repos/jspahrsummers/enemy-of-the-state/collaborators{/collaborator}",       "teams_url": "https://api.github.com/repos/jspahrsummers/enemy-of-the-state/teams",       "hooks_url": "https://api.github.com/repos/jspahrsummers/enemy-of-the-state/hooks",       "issue_events_url": "https://api.github.com/repos/jspahrsummers/enemy-of-the-state/issues/events{/number}",       "events_url": "https://api.github.com/repos/jspahrsummers/enemy-of-the-state/events",       "assignees_url": "https://api.github.com/repos/jspahrsummers/enemy-of-the-state/assignees{/user}",       "branches_url": "https://api.github.com/repos/jspahrsummers/enemy-of-the-state/branches{/branch}",       "tags_url": "https://api.github.com/repos/jspahrsummers/enemy-of-the-state/tags",       "blobs_url": "https://api.github.com/repos/jspahrsummers/enemy-of-the-state/git/blobs{/sha}",       "git_tags_url": "https://api.github.com/repos/jspahrsummers/enemy-of-the-state/git/tags{/sha}",       "git_refs_url": "https://api.github.com/repos/jspahrsummers/enemy-of-the-state/git/refs{/sha}",       "trees_url": "https://api.github.com/repos/jspahrsummers/enemy-of-the-state/git/trees{/sha}",       "statuses_url": "https://api.github.com/repos/jspahrsummers/enemy-of-the-state/statuses/{sha}",       "languages_url": "https://api.github.com/repos/jspahrsummers/enemy-of-the-state/languages",       "stargazers_url": "https://api.github.com/repos/jspahrsummers/enemy-of-the-state/stargazers",       "contributors_url": "https://api.github.com/repos/jspahrsummers/enemy-of-the-state/contributors",       "subscribers_url": "https://api.github.com/repos/jspahrsummers/enemy-of-the-state/subscribers",       "subscription_url": "https://api.github.com/repos/jspahrsummers/enemy-of-the-state/subscription",       "commits_url": "https://api.github.com/repos/jspahrsummers/enemy-of-the-state/commits{/sha}",       "git_commits_url": "https://api.github.com/repos/jspahrsummers/enemy-of-the-state/git/commits{/sha}",       "comments_url": "https://api.github.com/repos/jspahrsummers/enemy-of-the-state/comments{/number}",       "issue_comment_url": "https://api.github.com/repos/jspahrsummers/enemy-of-the-state/issues/comments{/number}",       "contents_url": "https://api.github.com/repos/jspahrsummers/enemy-of-the-state/contents/{+path}",       "compare_url": "https://api.github.com/repos/jspahrsummers/enemy-of-the-state/compare/{base}...{head}",       "merges_url": "https://api.github.com/repos/jspahrsummers/enemy-of-the-state/merges",       "archive_url": "https://api.github.com/repos/jspahrsummers/enemy-of-the-state/{archive_format}{/ref}",       "downloads_url": "https://api.github.com/repos/jspahrsummers/enemy-of-the-state/downloads",       "issues_url": "https://api.github.com/repos/jspahrsummers/enemy-of-the-state/issues{/number}",       "pulls_url": "https://api.github.com/repos/jspahrsummers/enemy-of-the-state/pulls{/number}",       "milestones_url": "https://api.github.com/repos/jspahrsummers/enemy-of-the-state/milestones{/number}",       "notifications_url": "https://api.github.com/repos/jspahrsummers/enemy-of-the-state/notifications{?since,all,participating}",       "labels_url": "https://api.github.com/repos/jspahrsummers/enemy-of-the-state/labels{/name}",       "releases_url": "https://api.github.com/repos/jspahrsummers/enemy-of-the-state/releases{/id}",       "deployments_url": "https://api.github.com/repos/jspahrsummers/enemy-of-the-state/deployments",       "created_at": "2014-03-04T22:49:56Z",       "updated_at": "2018-12-26T21:07:06Z",       "pushed_at": "2017-07-26T14:26:39Z",       "git_url": "git://github.com/jspahrsummers/enemy-of-the-state.git",       "ssh_url": "git@github.com:jspahrsummers/enemy-of-the-state.git",       "clone_url": "https://github.com/jspahrsummers/enemy-of-the-state.git",       "svn_url": "https://github.com/jspahrsummers/enemy-of-the-state",       "homepage": "",       "size": 46901,       "stargazers_count": 208,       "watchers_count": 208,       "language": "Swift",       "has_issues": true,       "has_projects": true,       "has_downloads": true,       "has_wiki": false,       "has_pages": false,       "forks_count": 16,       "mirror_url": null,       "archived": false,       "open_issues_count": 1,       "license": {         "key": "other",         "name": "Other",         "spdx_id": "NOASSERTION",         "url": null,         "node_id": "MDc6TGljZW5zZTA="       },       "forks": 16,       "open_issues": 1,       "watchers": 208,       "default_branch": "master",       "score": 42.18685     },     {       "id": 93794235,       "node_id": "MDEwOlJlcG9zaXRvcnk5Mzc5NDIzNQ==",       "name": "drop_watch",       "full_name": "pavel-odintsov/drop_watch",       "private": false,       "owner": {         "login": "pavel-odintsov",         "id": 2744166,         "node_id": "MDQ6VXNlcjI3NDQxNjY=",         "avatar_url": "https://avatars0.githubusercontent.com/u/2744166?v=4",         "gravatar_id": "",         "url": "https://api.github.com/users/pavel-odintsov",         "html_url": "https://github.com/pavel-odintsov",         "followers_url": "https://api.github.com/users/pavel-odintsov/followers",         "following_url": "https://api.github.com/users/pavel-odintsov/following{/other_user}",         "gists_url": "https://api.github.com/users/pavel-odintsov/gists{/gist_id}",         "starred_url": "https://api.github.com/users/pavel-odintsov/starred{/owner}{/repo}",         "subscriptions_url": "https://api.github.com/users/pavel-odintsov/subscriptions",         "organizations_url": "https://api.github.com/users/pavel-odintsov/orgs",         "repos_url": "https://api.github.com/users/pavel-odintsov/repos",         "events_url": "https://api.github.com/users/pavel-odintsov/events{/privacy}",         "received_events_url": "https://api.github.com/users/pavel-odintsov/received_events",         "type": "User",         "site_admin": false       },       "html_url": "https://github.com/pavel-odintsov/drop_watch",       "description": "Monitor reasons why and where linux drops UDP packets",       "fork": false,       "url": "https://api.github.com/repos/pavel-odintsov/drop_watch",       "forks_url": "https://api.github.com/repos/pavel-odintsov/drop_watch/forks",       "keys_url": "https://api.github.com/repos/pavel-odintsov/drop_watch/keys{/key_id}",       "collaborators_url": "https://api.github.com/repos/pavel-odintsov/drop_watch/collaborators{/collaborator}",       "teams_url": "https://api.github.com/repos/pavel-odintsov/drop_watch/teams",       "hooks_url": "https://api.github.com/repos/pavel-odintsov/drop_watch/hooks",       "issue_events_url": "https://api.github.com/repos/pavel-odintsov/drop_watch/issues/events{/number}",       "events_url": "https://api.github.com/repos/pavel-odintsov/drop_watch/events",       "assignees_url": "https://api.github.com/repos/pavel-odintsov/drop_watch/assignees{/user}",       "branches_url": "https://api.github.com/repos/pavel-odintsov/drop_watch/branches{/branch}",       "tags_url": "https://api.github.com/repos/pavel-odintsov/drop_watch/tags",       "blobs_url": "https://api.github.com/repos/pavel-odintsov/drop_watch/git/blobs{/sha}",       "git_tags_url": "https://api.github.com/repos/pavel-odintsov/drop_watch/git/tags{/sha}",       "git_refs_url": "https://api.github.com/repos/pavel-odintsov/drop_watch/git/refs{/sha}",       "trees_url": "https://api.github.com/repos/pavel-odintsov/drop_watch/git/trees{/sha}",       "statuses_url": "https://api.github.com/repos/pavel-odintsov/drop_watch/statuses/{sha}",       "languages_url": "https://api.github.com/repos/pavel-odintsov/drop_watch/languages",       "stargazers_url": "https://api.github.com/repos/pavel-odintsov/drop_watch/stargazers",       "contributors_url": "https://api.github.com/repos/pavel-odintsov/drop_watch/contributors",       "subscribers_url": "https://api.github.com/repos/pavel-odintsov/drop_watch/subscribers",       "subscription_url": "https://api.github.com/repos/pavel-odintsov/drop_watch/subscription",       "commits_url": "https://api.github.com/repos/pavel-odintsov/drop_watch/commits{/sha}",       "git_commits_url": "https://api.github.com/repos/pavel-odintsov/drop_watch/git/commits{/sha}",       "comments_url": "https://api.github.com/repos/pavel-odintsov/drop_watch/comments{/number}",       "issue_comment_url": "https://api.github.com/repos/pavel-odintsov/drop_watch/issues/comments{/number}",       "contents_url": "https://api.github.com/repos/pavel-odintsov/drop_watch/contents/{+path}",       "compare_url": "https://api.github.com/repos/pavel-odintsov/drop_watch/compare/{base}...{head}",       "merges_url": "https://api.github.com/repos/pavel-odintsov/drop_watch/merges",       "archive_url": "https://api.github.com/repos/pavel-odintsov/drop_watch/{archive_format}{/ref}",       "downloads_url": "https://api.github.com/repos/pavel-odintsov/drop_watch/downloads",       "issues_url": "https://api.github.com/repos/pavel-odintsov/drop_watch/issues{/number}",       "pulls_url": "https://api.github.com/repos/pavel-odintsov/drop_watch/pulls{/number}",       "milestones_url": "https://api.github.com/repos/pavel-odintsov/drop_watch/milestones{/number}",       "notifications_url": "https://api.github.com/repos/pavel-odintsov/drop_watch/notifications{?since,all,participating}",       "labels_url": "https://api.github.com/repos/pavel-odintsov/drop_watch/labels{/name}",       "releases_url": "https://api.github.com/repos/pavel-odintsov/drop_watch/releases{/id}",       "deployments_url": "https://api.github.com/repos/pavel-odintsov/drop_watch/deployments",       "created_at": "2017-06-08T21:43:00Z",       "updated_at": "2019-01-28T14:39:16Z",       "pushed_at": "2017-10-12T20:13:24Z",       "git_url": "git://github.com/pavel-odintsov/drop_watch.git",       "ssh_url": "git@github.com:pavel-odintsov/drop_watch.git",       "clone_url": "https://github.com/pavel-odintsov/drop_watch.git",       "svn_url": "https://github.com/pavel-odintsov/drop_watch",       "homepage": "",       "size": 153,       "stargazers_count": 183,       "watchers_count": 183,       "language": "C",       "has_issues": true,       "has_projects": true,       "has_downloads": true,       "has_wiki": true,       "has_pages": false,       "forks_count": 20,       "mirror_url": null,       "archived": false,       "open_issues_count": 0,       "license": {         "key": "gpl-2.0",         "name": "GNU General Public License v2.0",         "spdx_id": "GPL-2.0",         "url": "https://api.github.com/licenses/gpl-2.0",         "node_id": "MDc6TGljZW5zZTg="       },       "forks": 20,       "open_issues": 0,       "watchers": 183,       "default_branch": "master",       "score": 53.15359     }   ] }  [] []
[2019-01-29 13:36:57] name.WARNING: {} [] []
[2019-01-29 13:37:15] name.WARNING: {   "total_count": 12467,   "incomplete_results": false,   "items": [     {       "id": 58605580,       "node_id": "MDEwOlJlcG9zaXRvcnk1ODYwNTU4MA==",       "name": "why-did-you-update",       "full_name": "garbles/why-did-you-update",       "private": false,       "owner": {         "login": "garbles",         "id": 1139884,         "node_id": "MDQ6VXNlcjExMzk4ODQ=",         "avatar_url": "https://avatars1.githubusercontent.com/u/1139884?v=4",         "gravatar_id": "",         "url": "https://api.github.com/users/garbles",         "html_url": "https://github.com/garbles",         "followers_url": "https://api.github.com/users/garbles/followers",         "following_url": "https://api.github.com/users/garbles/following{/other_user}",         "gists_url": "https://api.github.com/users/garbles/gists{/gist_id}",         "starred_url": "https://api.github.com/users/garbles/starred{/owner}{/repo}",         "subscriptions_url": "https://api.github.com/users/garbles/subscriptions",         "organizations_url": "https://api.github.com/users/garbles/orgs",         "repos_url": "https://api.github.com/users/garbles/repos",         "events_url": "https://api.github.com/users/garbles/events{/privacy}",         "received_events_url": "https://api.github.com/users/garbles/received_events",         "type": "User",         "site_admin": false       },       "html_url": "https://github.com/garbles/why-did-you-update",       "description": ":boom: Puts your console on blast when React is making unnecessary updates.",       "fork": false,       "url": "https://api.github.com/repos/garbles/why-did-you-update",       "forks_url": "https://api.github.com/repos/garbles/why-did-you-update/forks",       "keys_url": "https://api.github.com/repos/garbles/why-did-you-update/keys{/key_id}",       "collaborators_url": "https://api.github.com/repos/garbles/why-did-you-update/collaborators{/collaborator}",       "teams_url": "https://api.github.com/repos/garbles/why-did-you-update/teams",       "hooks_url": "https://api.github.com/repos/garbles/why-did-you-update/hooks",       "issue_events_url": "https://api.github.com/repos/garbles/why-did-you-update/issues/events{/number}",       "events_url": "https://api.github.com/repos/garbles/why-did-you-update/events",       "assignees_url": "https://api.github.com/repos/garbles/why-did-you-update/assignees{/user}",       "branches_url": "https://api.github.com/repos/garbles/why-did-you-update/branches{/branch}",       "tags_url": "https://api.github.com/repos/garbles/why-did-you-update/tags",       "blobs_url": "https://api.github.com/repos/garbles/why-did-you-update/git/blobs{/sha}",       "git_tags_url": "https://api.github.com/repos/garbles/why-did-you-update/git/tags{/sha}",       "git_refs_url": "https://api.github.com/repos/garbles/why-did-you-update/git/refs{/sha}",       "trees_url": "https://api.github.com/repos/garbles/why-did-you-update/git/trees{/sha}",       "statuses_url": "https://api.github.com/repos/garbles/why-did-you-update/statuses/{sha}",       "languages_url": "https://api.github.com/repos/garbles/why-did-you-update/languages",       "stargazers_url": "https://api.github.com/repos/garbles/why-did-you-update/stargazers",       "contributors_url": "https://api.github.com/repos/garbles/why-did-you-update/contributors",       "subscribers_url": "https://api.github.com/repos/garbles/why-did-you-update/subscribers",       "subscription_url": "https://api.github.com/repos/garbles/why-did-you-update/subscription",       "commits_url": "https://api.github.com/repos/garbles/why-did-you-update/commits{/sha}",       "git_commits_url": "https://api.github.com/repos/garbles/why-did-you-update/git/commits{/sha}",       "comments_url": "https://api.github.com/repos/garbles/why-did-you-update/comments{/number}",       "issue_comment_url": "https://api.github.com/repos/garbles/why-did-you-update/issues/comments{/number}",       "contents_url": "https://api.github.com/repos/garbles/why-did-you-update/contents/{+path}",       "compare_url": "https://api.github.com/repos/garbles/why-did-you-update/compare/{base}...{head}",       "merges_url": "https://api.github.com/repos/garbles/why-did-you-update/merges",       "archive_url": "https://api.github.com/repos/garbles/why-did-you-update/{archive_format}{/ref}",       "downloads_url": "https://api.github.com/repos/garbles/why-did-you-update/downloads",       "issues_url": "https://api.github.com/repos/garbles/why-did-you-update/issues{/number}",       "pulls_url": "https://api.github.com/repos/garbles/why-did-you-update/pulls{/number}",       "milestones_url": "https://api.github.com/repos/garbles/why-did-you-update/milestones{/number}",       "notifications_url": "https://api.github.com/repos/garbles/why-did-you-update/notifications{?since,all,participating}",       "labels_url": "https://api.github.com/repos/garbles/why-did-you-update/labels{/name}",       "releases_url": "https://api.github.com/repos/garbles/why-did-you-update/releases{/id}",       "deployments_url": "https://api.github.com/repos/garbles/why-did-you-update/deployments",       "created_at": "2016-05-12T03:49:06Z",       "updated_at": "2019-01-28T21:53:29Z",       "pushed_at": "2017-09-23T05:54:19Z",       "git_url": "git://github.com/garbles/why-did-you-update.git",       "ssh_url": "git@github.com:garbles/why-did-you-update.git",       "clone_url": "https://github.com/garbles/why-did-you-update.git",       "svn_url": "https://github.com/garbles/why-did-you-update",       "homepage": null,       "size": 29,       "stargazers_count": 5177,       "watchers_count": 5177,       "language": "JavaScript",       "has_issues": true,       "has_projects": true,       "has_downloads": true,       "has_wiki": true,       "has_pages": false,       "forks_count": 112,       "mirror_url": null,       "archived": true,       "open_issues_count": 28,       "license": null,       "forks": 112,       "open_issues": 28,       "watchers": 5177,       "default_branch": "master",       "score": 102.1624     },     {       "id": 97779740,       "node_id": "MDEwOlJlcG9zaXRvcnk5Nzc3OTc0MA==",       "name": "why-did-you-update",       "full_name": "maicki/why-did-you-update",       "private": false,       "owner": {         "login": "maicki",         "id": 25288,         "node_id": "MDQ6VXNlcjI1Mjg4",         "avatar_url": "https://avatars1.githubusercontent.com/u/25288?v=4",         "gravatar_id": "",         "url": "https://api.github.com/users/maicki",         "html_url": "https://github.com/maicki",         "followers_url": "https://api.github.com/users/maicki/followers",         "following_url": "https://api.github.com/users/maicki/following{/other_user}",         "gists_url": "https://api.github.com/users/maicki/gists{/gist_id}",         "starred_url": "https://api.github.com/users/maicki/starred{/owner}{/repo}",         "subscriptions_url": "https://api.github.com/users/maicki/subscriptions",         "organizations_url": "https://api.github.com/users/maicki/orgs",         "repos_url": "https://api.github.com/users/maicki/repos",         "events_url": "https://api.github.com/users/maicki/events{/privacy}",         "received_events_url": "https://api.github.com/users/maicki/received_events",         "type": "User",         "site_admin": false       },       "html_url": "https://github.com/maicki/why-did-you-update",       "description": ":boom: Puts your console on blast when React is making unnecessary updates.",       "fork": false,       "url": "https://api.github.com/repos/maicki/why-did-you-update",       "forks_url": "https://api.github.com/repos/maicki/why-did-you-update/forks",       "keys_url": "https://api.github.com/repos/maicki/why-did-you-update/keys{/key_id}",       "collaborators_url": "https://api.github.com/repos/maicki/why-did-you-update/collaborators{/collaborator}",       "teams_url": "https://api.github.com/repos/maicki/why-did-you-update/teams",       "hooks_url": "https://api.github.com/repos/maicki/why-did-you-update/hooks",       "issue_events_url": "https://api.github.com/repos/maicki/why-did-you-update/issues/events{/number}",       "events_url": "https://api.github.com/repos/maicki/why-did-you-update/events",       "assignees_url": "https://api.github.com/repos/maicki/why-did-you-update/assignees{/user}",       "branches_url": "https://api.github.com/repos/maicki/why-did-you-update/branches{/branch}",       "tags_url": "https://api.github.com/repos/maicki/why-did-you-update/tags",       "blobs_url": "https://api.github.com/repos/maicki/why-did-you-update/git/blobs{/sha}",       "git_tags_url": "https://api.github.com/repos/maicki/why-did-you-update/git/tags{/sha}",       "git_refs_url": "https://api.github.com/repos/maicki/why-did-you-update/git/refs{/sha}",       "trees_url": "https://api.github.com/repos/maicki/why-did-you-update/git/trees{/sha}",       "statuses_url": "https://api.github.com/repos/maicki/why-did-you-update/statuses/{sha}",       "languages_url": "https://api.github.com/repos/maicki/why-did-you-update/languages",       "stargazers_url": "https://api.github.com/repos/maicki/why-did-you-update/stargazers",       "contributors_url": "https://api.github.com/repos/maicki/why-did-you-update/contributors",       "subscribers_url": "https://api.github.com/repos/maicki/why-did-you-update/subscribers",       "subscription_url": "https://api.github.com/repos/maicki/why-did-you-update/subscription",       "commits_url": "https://api.github.com/repos/maicki/why-did-you-update/commits{/sha}",       "git_commits_url": "https://api.github.com/repos/maicki/why-did-you-update/git/commits{/sha}",       "comments_url": "https://api.github.com/repos/maicki/why-did-you-update/comments{/number}",       "issue_comment_url": "https://api.github.com/repos/maicki/why-did-you-update/issues/comments{/number}",       "contents_url": "https://api.github.com/repos/maicki/why-did-you-update/contents/{+path}",       "compare_url": "https://api.github.com/repos/maicki/why-did-you-update/compare/{base}...{head}",       "merges_url": "https://api.github.com/repos/maicki/why-did-you-update/merges",       "archive_url": "https://api.github.com/repos/maicki/why-did-you-update/{archive_format}{/ref}",       "downloads_url": "https://api.github.com/repos/maicki/why-did-you-update/downloads",       "issues_url": "https://api.github.com/repos/maicki/why-did-you-update/issues{/number}",       "pulls_url": "https://api.github.com/repos/maicki/why-did-you-update/pulls{/number}",       "milestones_url": "https://api.github.com/repos/maicki/why-did-you-update/milestones{/number}",       "notifications_url": "https://api.github.com/repos/maicki/why-did-you-update/notifications{?since,all,participating}",       "labels_url": "https://api.github.com/repos/maicki/why-did-you-update/labels{/name}",       "releases_url": "https://api.github.com/repos/maicki/why-did-you-update/releases{/id}",       "deployments_url": "https://api.github.com/repos/maicki/why-did-you-update/deployments",       "created_at": "2017-07-20T02:06:12Z",       "updated_at": "2019-01-29T05:37:27Z",       "pushed_at": "2018-12-13T16:41:38Z",       "git_url": "git://github.com/maicki/why-did-you-update.git",       "ssh_url": "git@github.com:maicki/why-did-you-update.git",       "clone_url": "https://github.com/maicki/why-did-you-update.git",       "svn_url": "https://github.com/maicki/why-did-you-update",       "homepage": null,       "size": 1349,       "stargazers_count": 3040,       "watchers_count": 3040,       "language": "JavaScript",       "has_issues": true,       "has_projects": true,       "has_downloads": true,       "has_wiki": true,       "has_pages": false,       "forks_count": 89,       "mirror_url": null,       "archived": false,       "open_issues_count": 4,       "license": {         "key": "mit",         "name": "MIT License",         "spdx_id": "MIT",         "url": "https://api.github.com/licenses/mit",         "node_id": "MDc6TGljZW5zZTEz"       },       "forks": 89,       "open_issues": 4,       "watchers": 3040,       "default_branch": "master",       "score": 97.45971     },     {       "id": 47007090,       "node_id": "MDEwOlJlcG9zaXRvcnk0NzAwNzA5MA==",       "name": "react-native-nba-app",       "full_name": "wwayne/react-native-nba-app",       "private": false,       "owner": {         "login": "wwayne",         "id": 5305874,         "node_id": "MDQ6VXNlcjUzMDU4NzQ=",         "avatar_url": "https://avatars1.githubusercontent.com/u/5305874?v=4",         "gravatar_id": "",         "url": "https://api.github.com/users/wwayne",         "html_url": "https://github.com/wwayne",         "followers_url": "https://api.github.com/users/wwayne/followers",         "following_url": "https://api.github.com/users/wwayne/following{/other_user}",         "gists_url": "https://api.github.com/users/wwayne/gists{/gist_id}",         "starred_url": "https://api.github.com/users/wwayne/starred{/owner}{/repo}",         "subscriptions_url": "https://api.github.com/users/wwayne/subscriptions",         "organizations_url": "https://api.github.com/users/wwayne/orgs",         "repos_url": "https://api.github.com/users/wwayne/repos",         "events_url": "https://api.github.com/users/wwayne/events{/privacy}",         "received_events_url": "https://api.github.com/users/wwayne/received_events",         "type": "User",         "site_admin": false       },       "html_url": "https://github.com/wwayne/react-native-nba-app",       "description": "This is why we play",       "fork": false,       "url": "https://api.github.com/repos/wwayne/react-native-nba-app",       "forks_url": "https://api.github.com/repos/wwayne/react-native-nba-app/forks",       "keys_url": "https://api.github.com/repos/wwayne/react-native-nba-app/keys{/key_id}",       "collaborators_url": "https://api.github.com/repos/wwayne/react-native-nba-app/collaborators{/collaborator}",       "teams_url": "https://api.github.com/repos/wwayne/react-native-nba-app/teams",       "hooks_url": "https://api.github.com/repos/wwayne/react-native-nba-app/hooks",       "issue_events_url": "https://api.github.com/repos/wwayne/react-native-nba-app/issues/events{/number}",       "events_url": "https://api.github.com/repos/wwayne/react-native-nba-app/events",       "assignees_url": "https://api.github.com/repos/wwayne/react-native-nba-app/assignees{/user}",       "branches_url": "https://api.github.com/repos/wwayne/react-native-nba-app/branches{/branch}",       "tags_url": "https://api.github.com/repos/wwayne/react-native-nba-app/tags",       "blobs_url": "https://api.github.com/repos/wwayne/react-native-nba-app/git/blobs{/sha}",       "git_tags_url": "https://api.github.com/repos/wwayne/react-native-nba-app/git/tags{/sha}",       "git_refs_url": "https://api.github.com/repos/wwayne/react-native-nba-app/git/refs{/sha}",       "trees_url": "https://api.github.com/repos/wwayne/react-native-nba-app/git/trees{/sha}",       "statuses_url": "https://api.github.com/repos/wwayne/react-native-nba-app/statuses/{sha}",       "languages_url": "https://api.github.com/repos/wwayne/react-native-nba-app/languages",       "stargazers_url": "https://api.github.com/repos/wwayne/react-native-nba-app/stargazers",       "contributors_url": "https://api.github.com/repos/wwayne/react-native-nba-app/contributors",       "subscribers_url": "https://api.github.com/repos/wwayne/react-native-nba-app/subscribers",       "subscription_url": "https://api.github.com/repos/wwayne/react-native-nba-app/subscription",       "commits_url": "https://api.github.com/repos/wwayne/react-native-nba-app/commits{/sha}",       "git_commits_url": "https://api.github.com/repos/wwayne/react-native-nba-app/git/commits{/sha}",       "comments_url": "https://api.github.com/repos/wwayne/react-native-nba-app/comments{/number}",       "issue_comment_url": "https://api.github.com/repos/wwayne/react-native-nba-app/issues/comments{/number}",       "contents_url": "https://api.github.com/repos/wwayne/react-native-nba-app/contents/{+path}",       "compare_url": "https://api.github.com/repos/wwayne/react-native-nba-app/compare/{base}...{head}",       "merges_url": "https://api.github.com/repos/wwayne/react-native-nba-app/merges",       "archive_url": "https://api.github.com/repos/wwayne/react-native-nba-app/{archive_format}{/ref}",       "downloads_url": "https://api.github.com/repos/wwayne/react-native-nba-app/downloads",       "issues_url": "https://api.github.com/repos/wwayne/react-native-nba-app/issues{/number}",       "pulls_url": "https://api.github.com/repos/wwayne/react-native-nba-app/pulls{/number}",       "milestones_url": "https://api.github.com/repos/wwayne/react-native-nba-app/milestones{/number}",       "notifications_url": "https://api.github.com/repos/wwayne/react-native-nba-app/notifications{?since,all,participating}",       "labels_url": "https://api.github.com/repos/wwayne/react-native-nba-app/labels{/name}",       "releases_url": "https://api.github.com/repos/wwayne/react-native-nba-app/releases{/id}",       "deployments_url": "https://api.github.com/repos/wwayne/react-native-nba-app/deployments",       "created_at": "2015-11-28T02:30:45Z",       "updated_at": "2019-01-29T06:24:22Z",       "pushed_at": "2017-02-07T17:42:38Z",       "git_url": "git://github.com/wwayne/react-native-nba-app.git",       "ssh_url": "git@github.com:wwayne/react-native-nba-app.git",       "clone_url": "https://github.com/wwayne/react-native-nba-app.git",       "svn_url": "https://github.com/wwayne/react-native-nba-app",       "homepage": "",       "size": 2796,       "stargazers_count": 2073,       "watchers_count": 2073,       "language": "Objective-C",       "has_issues": true,       "has_projects": true,       "has_downloads": true,       "has_wiki": true,       "has_pages": false,       "forks_count": 480,       "mirror_url": null,       "archived": false,       "open_issues_count": 8,       "license": {         "key": "mit",         "name": "MIT License",         "spdx_id": "MIT",         "url": "https://api.github.com/licenses/mit",         "node_id": "MDc6TGljZW5zZTEz"       },       "forks": 480,       "open_issues": 8,       "watchers": 2073,       "default_branch": "master",       "score": 110.83257     },     {       "id": 17720394,       "node_id": "MDEwOlJlcG9zaXRvcnkxNzcyMDM5NA==",       "name": "pyinstrument",       "full_name": "joerick/pyinstrument",       "private": false,       "owner": {         "login": "joerick",         "id": 1244307,         "node_id": "MDQ6VXNlcjEyNDQzMDc=",         "avatar_url": "https://avatars1.githubusercontent.com/u/1244307?v=4",         "gravatar_id": "",         "url": "https://api.github.com/users/joerick",         "html_url": "https://github.com/joerick",         "followers_url": "https://api.github.com/users/joerick/followers",         "following_url": "https://api.github.com/users/joerick/following{/other_user}",         "gists_url": "https://api.github.com/users/joerick/gists{/gist_id}",         "starred_url": "https://api.github.com/users/joerick/starred{/owner}{/repo}",         "subscriptions_url": "https://api.github.com/users/joerick/subscriptions",         "organizations_url": "https://api.github.com/users/joerick/orgs",         "repos_url": "https://api.github.com/users/joerick/repos",         "events_url": "https://api.github.com/users/joerick/events{/privacy}",         "received_events_url": "https://api.github.com/users/joerick/received_events",         "type": "User",         "site_admin": false       },       "html_url": "https://github.com/joerick/pyinstrument",       "description": "🚴 Call stack profiler for Python. Shows you why your code is slow!",       "fork": false,       "url": "https://api.github.com/repos/joerick/pyinstrument",       "forks_url": "https://api.github.com/repos/joerick/pyinstrument/forks",       "keys_url": "https://api.github.com/repos/joerick/pyinstrument/keys{/key_id}",       "collaborators_url": "https://api.github.com/repos/joerick/pyinstrument/collaborators{/collaborator}",       "teams_url": "https://api.github.com/repos/joerick/pyinstrument/teams",       "hooks_url": "https://api.github.com/repos/joerick/pyinstrument/hooks",       "issue_events_url": "https://api.github.com/repos/joerick/pyinstrument/issues/events{/number}",       "events_url": "https://api.github.com/repos/joerick/pyinstrument/events",       "assignees_url": "https://api.github.com/repos/joerick/pyinstrument/assignees{/user}",       "branches_url": "https://api.github.com/repos/joerick/pyinstrument/branches{/branch}",       "tags_url": "https://api.github.com/repos/joerick/pyinstrument/tags",       "blobs_url": "https://api.github.com/repos/joerick/pyinstrument/git/blobs{/sha}",       "git_tags_url": "https://api.github.com/repos/joerick/pyinstrument/git/tags{/sha}",       "git_refs_url": "https://api.github.com/repos/joerick/pyinstrument/git/refs{/sha}",       "trees_url": "https://api.github.com/repos/joerick/pyinstrument/git/trees{/sha}",       "statuses_url": "https://api.github.com/repos/joerick/pyinstrument/statuses/{sha}",       "languages_url": "https://api.github.com/repos/joerick/pyinstrument/languages",       "stargazers_url": "https://api.github.com/repos/joerick/pyinstrument/stargazers",       "contributors_url": "https://api.github.com/repos/joerick/pyinstrument/contributors",       "subscribers_url": "https://api.github.com/repos/joerick/pyinstrument/subscribers",       "subscription_url": "https://api.github.com/repos/joerick/pyinstrument/subscription",       "commits_url": "https://api.github.com/repos/joerick/pyinstrument/commits{/sha}",       "git_commits_url": "https://api.github.com/repos/joerick/pyinstrument/git/commits{/sha}",       "comments_url": "https://api.github.com/repos/joerick/pyinstrument/comments{/number}",       "issue_comment_url": "https://api.github.com/repos/joerick/pyinstrument/issues/comments{/number}",       "contents_url": "https://api.github.com/repos/joerick/pyinstrument/contents/{+path}",       "compare_url": "https://api.github.com/repos/joerick/pyinstrument/compare/{base}...{head}",       "merges_url": "https://api.github.com/repos/joerick/pyinstrument/merges",       "archive_url": "https://api.github.com/repos/joerick/pyinstrument/{archive_format}{/ref}",       "downloads_url": "https://api.github.com/repos/joerick/pyinstrument/downloads",       "issues_url": "https://api.github.com/repos/joerick/pyinstrument/issues{/number}",       "pulls_url": "https://api.github.com/repos/joerick/pyinstrument/pulls{/number}",       "milestones_url": "https://api.github.com/repos/joerick/pyinstrument/milestones{/number}",       "notifications_url": "https://api.github.com/repos/joerick/pyinstrument/notifications{?since,all,participating}",       "labels_url": "https://api.github.com/repos/joerick/pyinstrument/labels{/name}",       "releases_url": "https://api.github.com/repos/joerick/pyinstrument/releases{/id}",       "deployments_url": "https://api.github.com/repos/joerick/pyinstrument/deployments",       "created_at": "2014-03-13T17:53:13Z",       "updated_at": "2019-01-27T14:58:45Z",       "pushed_at": "2019-01-15T13:57:27Z",       "git_url": "git://github.com/joerick/pyinstrument.git",       "ssh_url": "git@github.com:joerick/pyinstrument.git",       "clone_url": "https://github.com/joerick/pyinstrument.git",       "svn_url": "https://github.com/joerick/pyinstrument",       "homepage": "",       "size": 1949,       "stargazers_count": 1081,       "watchers_count": 1081,       "language": "Python",       "has_issues": true,       "has_projects": true,       "has_downloads": true,       "has_wiki": true,       "has_pages": false,       "forks_count": 66,       "mirror_url": null,       "archived": false,       "open_issues_count": 5,       "license": {         "key": "bsd-3-clause",         "name": "BSD 3-Clause \"New\" or \"Revised\" License",         "spdx_id": "BSD-3-Clause",         "url": "https://api.github.com/licenses/bsd-3-clause",         "node_id": "MDc6TGljZW5zZTU="       },       "forks": 66,       "open_issues": 5,       "watchers": 1081,       "default_branch": "master",       "score": 57.27559     },     {       "id": 51375640,       "node_id": "MDEwOlJlcG9zaXRvcnk1MTM3NTY0MA==",       "name": "why-is-node-running",       "full_name": "mafintosh/why-is-node-running",       "private": false,       "owner": {         "login": "mafintosh",         "id": 376661,         "node_id": "MDQ6VXNlcjM3NjY2MQ==",         "avatar_url": "https://avatars1.githubusercontent.com/u/376661?v=4",         "gravatar_id": "",         "url": "https://api.github.com/users/mafintosh",         "html_url": "https://github.com/mafintosh",         "followers_url": "https://api.github.com/users/mafintosh/followers",         "following_url": "https://api.github.com/users/mafintosh/following{/other_user}",         "gists_url": "https://api.github.com/users/mafintosh/gists{/gist_id}",         "starred_url": "https://api.github.com/users/mafintosh/starred{/owner}{/repo}",         "subscriptions_url": "https://api.github.com/users/mafintosh/subscriptions",         "organizations_url": "https://api.github.com/users/mafintosh/orgs",         "repos_url": "https://api.github.com/users/mafintosh/repos",         "events_url": "https://api.github.com/users/mafintosh/events{/privacy}",         "received_events_url": "https://api.github.com/users/mafintosh/received_events",         "type": "User",         "site_admin": false       },       "html_url": "https://github.com/mafintosh/why-is-node-running",       "description": "Node is running but you don't know why? why-is-node-running is here to help you.",       "fork": false,       "url": "https://api.github.com/repos/mafintosh/why-is-node-running",       "forks_url": "https://api.github.com/repos/mafintosh/why-is-node-running/forks",       "keys_url": "https://api.github.com/repos/mafintosh/why-is-node-running/keys{/key_id}",       "collaborators_url": "https://api.github.com/repos/mafintosh/why-is-node-running/collaborators{/collaborator}",       "teams_url": "https://api.github.com/repos/mafintosh/why-is-node-running/teams",       "hooks_url": "https://api.github.com/repos/mafintosh/why-is-node-running/hooks",       "issue_events_url": "https://api.github.com/repos/mafintosh/why-is-node-running/issues/events{/number}",       "events_url": "https://api.github.com/repos/mafintosh/why-is-node-running/events",       "assignees_url": "https://api.github.com/repos/mafintosh/why-is-node-running/assignees{/user}",       "branches_url": "https://api.github.com/repos/mafintosh/why-is-node-running/branches{/branch}",       "tags_url": "https://api.github.com/repos/mafintosh/why-is-node-running/tags",       "blobs_url": "https://api.github.com/repos/mafintosh/why-is-node-running/git/blobs{/sha}",       "git_tags_url": "https://api.github.com/repos/mafintosh/why-is-node-running/git/tags{/sha}",       "git_refs_url": "https://api.github.com/repos/mafintosh/why-is-node-running/git/refs{/sha}",       "trees_url": "https://api.github.com/repos/mafintosh/why-is-node-running/git/trees{/sha}",       "statuses_url": "https://api.github.com/repos/mafintosh/why-is-node-running/statuses/{sha}",       "languages_url": "https://api.github.com/repos/mafintosh/why-is-node-running/languages",       "stargazers_url": "https://api.github.com/repos/mafintosh/why-is-node-running/stargazers",       "contributors_url": "https://api.github.com/repos/mafintosh/why-is-node-running/contributors",       "subscribers_url": "https://api.github.com/repos/mafintosh/why-is-node-running/subscribers",       "subscription_url": "https://api.github.com/repos/mafintosh/why-is-node-running/subscription",       "commits_url": "https://api.github.com/repos/mafintosh/why-is-node-running/commits{/sha}",       "git_commits_url": "https://api.github.com/repos/mafintosh/why-is-node-running/git/commits{/sha}",       "comments_url": "https://api.github.com/repos/mafintosh/why-is-node-running/comments{/number}",       "issue_comment_url": "https://api.github.com/repos/mafintosh/why-is-node-running/issues/comments{/number}",       "contents_url": "https://api.github.com/repos/mafintosh/why-is-node-running/contents/{+path}",       "compare_url": "https://api.github.com/repos/mafintosh/why-is-node-running/compare/{base}...{head}",       "merges_url": "https://api.github.com/repos/mafintosh/why-is-node-running/merges",       "archive_url": "https://api.github.com/repos/mafintosh/why-is-node-running/{archive_format}{/ref}",       "downloads_url": "https://api.github.com/repos/mafintosh/why-is-node-running/downloads",       "issues_url": "https://api.github.com/repos/mafintosh/why-is-node-running/issues{/number}",       "pulls_url": "https://api.github.com/repos/mafintosh/why-is-node-running/pulls{/number}",       "milestones_url": "https://api.github.com/repos/mafintosh/why-is-node-running/milestones{/number}",       "notifications_url": "https://api.github.com/repos/mafintosh/why-is-node-running/notifications{?since,all,participating}",       "labels_url": "https://api.github.com/repos/mafintosh/why-is-node-running/labels{/name}",       "releases_url": "https://api.github.com/repos/mafintosh/why-is-node-running/releases{/id}",       "deployments_url": "https://api.github.com/repos/mafintosh/why-is-node-running/deployments",       "created_at": "2016-02-09T15:29:28Z",       "updated_at": "2019-01-27T07:40:29Z",       "pushed_at": "2018-10-26T08:54:53Z",       "git_url": "git://github.com/mafintosh/why-is-node-running.git",       "ssh_url": "git@github.com:mafintosh/why-is-node-running.git",       "clone_url": "https://github.com/mafintosh/why-is-node-running.git",       "svn_url": "https://github.com/mafintosh/why-is-node-running",       "homepage": null,       "size": 18,       "stargazers_count": 873,       "watchers_count": 873,       "language": "JavaScript",       "has_issues": true,       "has_projects": true,       "has_downloads": true,       "has_wiki": true,       "has_pages": false,       "forks_count": 32,       "mirror_url": null,       "archived": false,       "open_issues_count": 12,       "license": {         "key": "mit",         "name": "MIT License",         "spdx_id": "MIT",         "url": "https://api.github.com/licenses/mit",         "node_id": "MDc6TGljZW5zZTEz"       },       "forks": 32,       "open_issues": 12,       "watchers": 873,       "default_branch": "master",       "score": 80.4089     },     {       "id": 103874950,       "node_id": "MDEwOlJlcG9zaXRvcnkxMDM4NzQ5NTA=",       "name": "bashful",       "full_name": "wagoodman/bashful",       "private": false,       "owner": {         "login": "wagoodman",         "id": 590471,         "node_id": "MDQ6VXNlcjU5MDQ3MQ==",         "avatar_url": "https://avatars3.githubusercontent.com/u/590471?v=4",         "gravatar_id": "",         "url": "https://api.github.com/users/wagoodman",         "html_url": "https://github.com/wagoodman",         "followers_url": "https://api.github.com/users/wagoodman/followers",         "following_url": "https://api.github.com/users/wagoodman/following{/other_user}",         "gists_url": "https://api.github.com/users/wagoodman/gists{/gist_id}",         "starred_url": "https://api.github.com/users/wagoodman/starred{/owner}{/repo}",         "subscriptions_url": "https://api.github.com/users/wagoodman/subscriptions",         "organizations_url": "https://api.github.com/users/wagoodman/orgs",         "repos_url": "https://api.github.com/users/wagoodman/repos",         "events_url": "https://api.github.com/users/wagoodman/events{/privacy}",         "received_events_url": "https://api.github.com/users/wagoodman/received_events",         "type": "User",         "site_admin": false       },       "html_url": "https://github.com/wagoodman/bashful",       "description": "Use a yaml file to stitch together commands and bash snippits and run them with a bit of style.  Why? Because your bash script should be quiet and shy-like (...and not such a loud mouth). ",       "fork": false,       "url": "https://api.github.com/repos/wagoodman/bashful",       "forks_url": "https://api.github.com/repos/wagoodman/bashful/forks",       "keys_url": "https://api.github.com/repos/wagoodman/bashful/keys{/key_id}",       "collaborators_url": "https://api.github.com/repos/wagoodman/bashful/collaborators{/collaborator}",       "teams_url": "https://api.github.com/repos/wagoodman/bashful/teams",       "hooks_url": "https://api.github.com/repos/wagoodman/bashful/hooks",       "issue_events_url": "https://api.github.com/repos/wagoodman/bashful/issues/events{/number}",       "events_url": "https://api.github.com/repos/wagoodman/bashful/events",       "assignees_url": "https://api.github.com/repos/wagoodman/bashful/assignees{/user}",       "branches_url": "https://api.github.com/repos/wagoodman/bashful/branches{/branch}",       "tags_url": "https://api.github.com/repos/wagoodman/bashful/tags",       "blobs_url": "https://api.github.com/repos/wagoodman/bashful/git/blobs{/sha}",       "git_tags_url": "https://api.github.com/repos/wagoodman/bashful/git/tags{/sha}",       "git_refs_url": "https://api.github.com/repos/wagoodman/bashful/git/refs{/sha}",       "trees_url": "https://api.github.com/repos/wagoodman/bashful/git/trees{/sha}",       "statuses_url": "https://api.github.com/repos/wagoodman/bashful/statuses/{sha}",       "languages_url": "https://api.github.com/repos/wagoodman/bashful/languages",       "stargazers_url": "https://api.github.com/repos/wagoodman/bashful/stargazers",       "contributors_url": "https://api.github.com/repos/wagoodman/bashful/contributors",       "subscribers_url": "https://api.github.com/repos/wagoodman/bashful/subscribers",       "subscription_url": "https://api.github.com/repos/wagoodman/bashful/subscription",       "commits_url": "https://api.github.com/repos/wagoodman/bashful/commits{/sha}",       "git_commits_url": "https://api.github.com/repos/wagoodman/bashful/git/commits{/sha}",       "comments_url": "https://api.github.com/repos/wagoodman/bashful/comments{/number}",       "issue_comment_url": "https://api.github.com/repos/wagoodman/bashful/issues/comments{/number}",       "contents_url": "https://api.github.com/repos/wagoodman/bashful/contents/{+path}",       "compare_url": "https://api.github.com/repos/wagoodman/bashful/compare/{base}...{head}",       "merges_url": "https://api.github.com/repos/wagoodman/bashful/merges",       "archive_url": "https://api.github.com/repos/wagoodman/bashful/{archive_format}{/ref}",       "downloads_url": "https://api.github.com/repos/wagoodman/bashful/downloads",       "issues_url": "https://api.github.com/repos/wagoodman/bashful/issues{/number}",       "pulls_url": "https://api.github.com/repos/wagoodman/bashful/pulls{/number}",       "milestones_url": "https://api.github.com/repos/wagoodman/bashful/milestones{/number}",       "notifications_url": "https://api.github.com/repos/wagoodman/bashful/notifications{?since,all,participating}",       "labels_url": "https://api.github.com/repos/wagoodman/bashful/labels{/name}",       "releases_url": "https://api.github.com/repos/wagoodman/bashful/releases{/id}",       "deployments_url": "https://api.github.com/repos/wagoodman/bashful/deployments",       "created_at": "2017-09-18T01:04:55Z",       "updated_at": "2019-01-28T20:06:21Z",       "pushed_at": "2019-01-06T18:52:52Z",       "git_url": "git://github.com/wagoodman/bashful.git",       "ssh_url": "git@github.com:wagoodman/bashful.git",       "clone_url": "https://github.com/wagoodman/bashful.git",       "svn_url": "https://github.com/wagoodman/bashful",       "homepage": "",       "size": 4157,       "stargazers_count": 827,       "watchers_count": 827,       "language": "Go",       "has_issues": true,       "has_projects": true,       "has_downloads": true,       "has_wiki": true,       "has_pages": false,       "forks_count": 24,       "mirror_url": null,       "archived": false,       "open_issues_count": 15,       "license": {         "key": "mit",         "name": "MIT License",         "spdx_id": "MIT",         "url": "https://api.github.com/licenses/mit",         "node_id": "MDc6TGljZW5zZTEz"       },       "forks": 24,       "open_issues": 15,       "watchers": 827,       "default_branch": "master",       "score": 27.881325     },     {       "id": 100889899,       "node_id": "MDEwOlJlcG9zaXRvcnkxMDA4ODk4OTk=",       "name": "wtfautolayout",       "full_name": "johnpatrickmorgan/wtfautolayout",       "private": false,       "owner": {         "login": "johnpatrickmorgan",         "id": 6318566,         "node_id": "MDQ6VXNlcjYzMTg1NjY=",         "avatar_url": "https://avatars3.githubusercontent.com/u/6318566?v=4",         "gravatar_id": "",         "url": "https://api.github.com/users/johnpatrickmorgan",         "html_url": "https://github.com/johnpatrickmorgan",         "followers_url": "https://api.github.com/users/johnpatrickmorgan/followers",         "following_url": "https://api.github.com/users/johnpatrickmorgan/following{/other_user}",         "gists_url": "https://api.github.com/users/johnpatrickmorgan/gists{/gist_id}",         "starred_url": "https://api.github.com/users/johnpatrickmorgan/starred{/owner}{/repo}",         "subscriptions_url": "https://api.github.com/users/johnpatrickmorgan/subscriptions",         "organizations_url": "https://api.github.com/users/johnpatrickmorgan/orgs",         "repos_url": "https://api.github.com/users/johnpatrickmorgan/repos",         "events_url": "https://api.github.com/users/johnpatrickmorgan/events{/privacy}",         "received_events_url": "https://api.github.com/users/johnpatrickmorgan/received_events",         "type": "User",         "site_admin": false       },       "html_url": "https://github.com/johnpatrickmorgan/wtfautolayout",       "description": "The source code for Why The Failure, Auto Layout?",       "fork": false,       "url": "https://api.github.com/repos/johnpatrickmorgan/wtfautolayout",       "forks_url": "https://api.github.com/repos/johnpatrickmorgan/wtfautolayout/forks",       "keys_url": "https://api.github.com/repos/johnpatrickmorgan/wtfautolayout/keys{/key_id}",       "collaborators_url": "https://api.github.com/repos/johnpatrickmorgan/wtfautolayout/collaborators{/collaborator}",       "teams_url": "https://api.github.com/repos/johnpatrickmorgan/wtfautolayout/teams",       "hooks_url": "https://api.github.com/repos/johnpatrickmorgan/wtfautolayout/hooks",       "issue_events_url": "https://api.github.com/repos/johnpatrickmorgan/wtfautolayout/issues/events{/number}",       "events_url": "https://api.github.com/repos/johnpatrickmorgan/wtfautolayout/events",       "assignees_url": "https://api.github.com/repos/johnpatrickmorgan/wtfautolayout/assignees{/user}",       "branches_url": "https://api.github.com/repos/johnpatrickmorgan/wtfautolayout/branches{/branch}",       "tags_url": "https://api.github.com/repos/johnpatrickmorgan/wtfautolayout/tags",       "blobs_url": "https://api.github.com/repos/johnpatrickmorgan/wtfautolayout/git/blobs{/sha}",       "git_tags_url": "https://api.github.com/repos/johnpatrickmorgan/wtfautolayout/git/tags{/sha}",       "git_refs_url": "https://api.github.com/repos/johnpatrickmorgan/wtfautolayout/git/refs{/sha}",       "trees_url": "https://api.github.com/repos/johnpatrickmorgan/wtfautolayout/git/trees{/sha}",       "statuses_url": "https://api.github.com/repos/johnpatrickmorgan/wtfautolayout/statuses/{sha}",       "languages_url": "https://api.github.com/repos/johnpatrickmorgan/wtfautolayout/languages",       "stargazers_url": "https://api.github.com/repos/johnpatrickmorgan/wtfautolayout/stargazers",       "contributors_url": "https://api.github.com/repos/johnpatrickmorgan/wtfautolayout/contributors",       "subscribers_url": "https://api.github.com/repos/johnpatrickmorgan/wtfautolayout/subscribers",       "subscription_url": "https://api.github.com/repos/johnpatrickmorgan/wtfautolayout/subscription",       "commits_url": "https://api.github.com/repos/johnpatrickmorgan/wtfautolayout/commits{/sha}",       "git_commits_url": "https://api.github.com/repos/johnpatrickmorgan/wtfautolayout/git/commits{/sha}",       "comments_url": "https://api.github.com/repos/johnpatrickmorgan/wtfautolayout/comments{/number}",       "issue_comment_url": "https://api.github.com/repos/johnpatrickmorgan/wtfautolayout/issues/comments{/number}",       "contents_url": "https://api.github.com/repos/johnpatrickmorgan/wtfautolayout/contents/{+path}",       "compare_url": "https://api.github.com/repos/johnpatrickmorgan/wtfautolayout/compare/{base}...{head}",       "merges_url": "https://api.github.com/repos/johnpatrickmorgan/wtfautolayout/merges",       "archive_url": "https://api.github.com/repos/johnpatrickmorgan/wtfautolayout/{archive_format}{/ref}",       "downloads_url": "https://api.github.com/repos/johnpatrickmorgan/wtfautolayout/downloads",       "issues_url": "https://api.github.com/repos/johnpatrickmorgan/wtfautolayout/issues{/number}",       "pulls_url": "https://api.github.com/repos/johnpatrickmorgan/wtfautolayout/pulls{/number}",       "milestones_url": "https://api.github.com/repos/johnpatrickmorgan/wtfautolayout/milestones{/number}",       "notifications_url": "https://api.github.com/repos/johnpatrickmorgan/wtfautolayout/notifications{?since,all,participating}",       "labels_url": "https://api.github.com/repos/johnpatrickmorgan/wtfautolayout/labels{/name}",       "releases_url": "https://api.github.com/repos/johnpatrickmorgan/wtfautolayout/releases{/id}",       "deployments_url": "https://api.github.com/repos/johnpatrickmorgan/wtfautolayout/deployments",       "created_at": "2017-08-20T21:32:57Z",       "updated_at": "2019-01-28T12:46:45Z",       "pushed_at": "2019-01-24T23:44:25Z",       "git_url": "git://github.com/johnpatrickmorgan/wtfautolayout.git",       "ssh_url": "git@github.com:johnpatrickmorgan/wtfautolayout.git",       "clone_url": "https://github.com/johnpatrickmorgan/wtfautolayout.git",       "svn_url": "https://github.com/johnpatrickmorgan/wtfautolayout",       "homepage": "https://www.wtfautolayout.com",       "size": 347,       "stargazers_count": 674,       "watchers_count": 674,       "language": "Swift",       "has_issues": true,       "has_projects": true,       "has_downloads": true,       "has_wiki": true,       "has_pages": false,       "forks_count": 15,       "mirror_url": null,       "archived": false,       "open_issues_count": 5,       "license": {         "key": "mit",         "name": "MIT License",         "spdx_id": "MIT",         "url": "https://api.github.com/licenses/mit",         "node_id": "MDc6TGljZW5zZTEz"       },       "forks": 15,       "open_issues": 5,       "watchers": 674,       "default_branch": "master",       "score": 56.448284     },     {       "id": 28422398,       "node_id": "MDEwOlJlcG9zaXRvcnkyODQyMjM5OA==",       "name": "react-router-flux-starter-kit",       "full_name": "przeor/react-router-flux-starter-kit",       "private": false,       "owner": {         "login": "przeor",         "id": 5995,         "node_id": "MDQ6VXNlcjU5OTU=",         "avatar_url": "https://avatars2.githubusercontent.com/u/5995?v=4",         "gravatar_id": "",         "url": "https://api.github.com/users/przeor",         "html_url": "https://github.com/przeor",         "followers_url": "https://api.github.com/users/przeor/followers",         "following_url": "https://api.github.com/users/przeor/following{/other_user}",         "gists_url": "https://api.github.com/users/przeor/gists{/gist_id}",         "starred_url": "https://api.github.com/users/przeor/starred{/owner}{/repo}",         "subscriptions_url": "https://api.github.com/users/przeor/subscriptions",         "organizations_url": "https://api.github.com/users/przeor/orgs",         "repos_url": "https://api.github.com/users/przeor/repos",         "events_url": "https://api.github.com/users/przeor/events{/privacy}",         "received_events_url": "https://api.github.com/users/przeor/received_events",         "type": "User",         "site_admin": false       },       "html_url": "https://github.com/przeor/react-router-flux-starter-kit",       "description": "Why & How to Learn React Redux, the right highly scalable way.",       "fork": false,       "url": "https://api.github.com/repos/przeor/react-router-flux-starter-kit",       "forks_url": "https://api.github.com/repos/przeor/react-router-flux-starter-kit/forks",       "keys_url": "https://api.github.com/repos/przeor/react-router-flux-starter-kit/keys{/key_id}",       "collaborators_url": "https://api.github.com/repos/przeor/react-router-flux-starter-kit/collaborators{/collaborator}",       "teams_url": "https://api.github.com/repos/przeor/react-router-flux-starter-kit/teams",       "hooks_url": "https://api.github.com/repos/przeor/react-router-flux-starter-kit/hooks",       "issue_events_url": "https://api.github.com/repos/przeor/react-router-flux-starter-kit/issues/events{/number}",       "events_url": "https://api.github.com/repos/przeor/react-router-flux-starter-kit/events",       "assignees_url": "https://api.github.com/repos/przeor/react-router-flux-starter-kit/assignees{/user}",       "branches_url": "https://api.github.com/repos/przeor/react-router-flux-starter-kit/branches{/branch}",       "tags_url": "https://api.github.com/repos/przeor/react-router-flux-starter-kit/tags",       "blobs_url": "https://api.github.com/repos/przeor/react-router-flux-starter-kit/git/blobs{/sha}",       "git_tags_url": "https://api.github.com/repos/przeor/react-router-flux-starter-kit/git/tags{/sha}",       "git_refs_url": "https://api.github.com/repos/przeor/react-router-flux-starter-kit/git/refs{/sha}",       "trees_url": "https://api.github.com/repos/przeor/react-router-flux-starter-kit/git/trees{/sha}",       "statuses_url": "https://api.github.com/repos/przeor/react-router-flux-starter-kit/statuses/{sha}",       "languages_url": "https://api.github.com/repos/przeor/react-router-flux-starter-kit/languages",       "stargazers_url": "https://api.github.com/repos/przeor/react-router-flux-starter-kit/stargazers",       "contributors_url": "https://api.github.com/repos/przeor/react-router-flux-starter-kit/contributors",       "subscribers_url": "https://api.github.com/repos/przeor/react-router-flux-starter-kit/subscribers",       "subscription_url": "https://api.github.com/repos/przeor/react-router-flux-starter-kit/subscription",       "commits_url": "https://api.github.com/repos/przeor/react-router-flux-starter-kit/commits{/sha}",       "git_commits_url": "https://api.github.com/repos/przeor/react-router-flux-starter-kit/git/commits{/sha}",       "comments_url": "https://api.github.com/repos/przeor/react-router-flux-starter-kit/comments{/number}",       "issue_comment_url": "https://api.github.com/repos/przeor/react-router-flux-starter-kit/issues/comments{/number}",       "contents_url": "https://api.github.com/repos/przeor/react-router-flux-starter-kit/contents/{+path}",       "compare_url": "https://api.github.com/repos/przeor/react-router-flux-starter-kit/compare/{base}...{head}",       "merges_url": "https://api.github.com/repos/przeor/react-router-flux-starter-kit/merges",       "archive_url": "https://api.github.com/repos/przeor/react-router-flux-starter-kit/{archive_format}{/ref}",       "downloads_url": "https://api.github.com/repos/przeor/react-router-flux-starter-kit/downloads",       "issues_url": "https://api.github.com/repos/przeor/react-router-flux-starter-kit/issues{/number}",       "pulls_url": "https://api.github.com/repos/przeor/react-router-flux-starter-kit/pulls{/number}",       "milestones_url": "https://api.github.com/repos/przeor/react-router-flux-starter-kit/milestones{/number}",       "notifications_url": "https://api.github.com/repos/przeor/react-router-flux-starter-kit/notifications{?since,all,participating}",       "labels_url": "https://api.github.com/repos/przeor/react-router-flux-starter-kit/labels{/name}",       "releases_url": "https://api.github.com/repos/przeor/react-router-flux-starter-kit/releases{/id}",       "deployments_url": "https://api.github.com/repos/przeor/react-router-flux-starter-kit/deployments",       "created_at": "2014-12-23T22:19:47Z",       "updated_at": "2019-01-23T01:25:46Z",       "pushed_at": "2016-08-19T08:19:37Z",       "git_url": "git://github.com/przeor/react-router-flux-starter-kit.git",       "ssh_url": "git@github.com:przeor/react-router-flux-starter-kit.git",       "clone_url": "https://github.com/przeor/react-router-flux-starter-kit.git",       "svn_url": "https://github.com/przeor/react-router-flux-starter-kit",       "homepage": "",       "size": 4999,       "stargazers_count": 650,       "watchers_count": 650,       "language": "JavaScript",       "has_issues": true,       "has_projects": true,       "has_downloads": true,       "has_wiki": true,       "has_pages": false,       "forks_count": 97,       "mirror_url": null,       "archived": false,       "open_issues_count": 5,       "license": null,       "forks": 97,       "open_issues": 5,       "watchers": 650,       "default_branch": "master",       "score": 58.7695     },     {       "id": 282344,       "node_id": "MDEwOlJlcG9zaXRvcnkyODIzNDQ=",       "name": "potion",       "full_name": "perl11/potion",       "private": false,       "owner": {         "login": "perl11",         "id": 2390370,         "node_id": "MDEyOk9yZ2FuaXphdGlvbjIzOTAzNzA=",         "avatar_url": "https://avatars3.githubusercontent.com/u/2390370?v=4",         "gravatar_id": "",         "url": "https://api.github.com/users/perl11",         "html_url": "https://github.com/perl11",         "followers_url": "https://api.github.com/users/perl11/followers",         "following_url": "https://api.github.com/users/perl11/following{/other_user}",         "gists_url": "https://api.github.com/users/perl11/gists{/gist_id}",         "starred_url": "https://api.github.com/users/perl11/starred{/owner}{/repo}",         "subscriptions_url": "https://api.github.com/users/perl11/subscriptions",         "organizations_url": "https://api.github.com/users/perl11/orgs",         "repos_url": "https://api.github.com/users/perl11/repos",         "events_url": "https://api.github.com/users/perl11/events{/privacy}",         "received_events_url": "https://api.github.com/users/perl11/received_events",         "type": "Organization",         "site_admin": false       },       "html_url": "https://github.com/perl11/potion",       "description": "_why the lucky stiff's little language (the official repo... until _why returns)",       "fork": false,       "url": "https://api.github.com/repos/perl11/potion",       "forks_url": "https://api.github.com/repos/perl11/potion/forks",       "keys_url": "https://api.github.com/repos/perl11/potion/keys{/key_id}",       "collaborators_url": "https://api.github.com/repos/perl11/potion/collaborators{/collaborator}",       "teams_url": "https://api.github.com/repos/perl11/potion/teams",       "hooks_url": "https://api.github.com/repos/perl11/potion/hooks",       "issue_events_url": "https://api.github.com/repos/perl11/potion/issues/events{/number}",       "events_url": "https://api.github.com/repos/perl11/potion/events",       "assignees_url": "https://api.github.com/repos/perl11/potion/assignees{/user}",       "branches_url": "https://api.github.com/repos/perl11/potion/branches{/branch}",       "tags_url": "https://api.github.com/repos/perl11/potion/tags",       "blobs_url": "https://api.github.com/repos/perl11/potion/git/blobs{/sha}",       "git_tags_url": "https://api.github.com/repos/perl11/potion/git/tags{/sha}",       "git_refs_url": "https://api.github.com/repos/perl11/potion/git/refs{/sha}",       "trees_url": "https://api.github.com/repos/perl11/potion/git/trees{/sha}",       "statuses_url": "https://api.github.com/repos/perl11/potion/statuses/{sha}",       "languages_url": "https://api.github.com/repos/perl11/potion/languages",       "stargazers_url": "https://api.github.com/repos/perl11/potion/stargazers",       "contributors_url": "https://api.github.com/repos/perl11/potion/contributors",       "subscribers_url": "https://api.github.com/repos/perl11/potion/subscribers",       "subscription_url": "https://api.github.com/repos/perl11/potion/subscription",       "commits_url": "https://api.github.com/repos/perl11/potion/commits{/sha}",       "git_commits_url": "https://api.github.com/repos/perl11/potion/git/commits{/sha}",       "comments_url": "https://api.github.com/repos/perl11/potion/comments{/number}",       "issue_comment_url": "https://api.github.com/repos/perl11/potion/issues/comments{/number}",       "contents_url": "https://api.github.com/repos/perl11/potion/contents/{+path}",       "compare_url": "https://api.github.com/repos/perl11/potion/compare/{base}...{head}",       "merges_url": "https://api.github.com/repos/perl11/potion/merges",       "archive_url": "https://api.github.com/repos/perl11/potion/{archive_format}{/ref}",       "downloads_url": "https://api.github.com/repos/perl11/potion/downloads",       "issues_url": "https://api.github.com/repos/perl11/potion/issues{/number}",       "pulls_url": "https://api.github.com/repos/perl11/potion/pulls{/number}",       "milestones_url": "https://api.github.com/repos/perl11/potion/milestones{/number}",       "notifications_url": "https://api.github.com/repos/perl11/potion/notifications{?since,all,participating}",       "labels_url": "https://api.github.com/repos/perl11/potion/labels{/name}",       "releases_url": "https://api.github.com/repos/perl11/potion/releases{/id}",       "deployments_url": "https://api.github.com/repos/perl11/potion/deployments",       "created_at": "2009-08-19T20:06:21Z",       "updated_at": "2019-01-23T08:11:13Z",       "pushed_at": "2018-02-02T09:04:03Z",       "git_url": "git://github.com/perl11/potion.git",       "ssh_url": "git@github.com:perl11/potion.git",       "clone_url": "https://github.com/perl11/potion.git",       "svn_url": "https://github.com/perl11/potion",       "homepage": "http://groups.google.com/group/potion-lang",       "size": 4417,       "stargazers_count": 540,       "watchers_count": 540,       "language": "C",       "has_issues": true,       "has_projects": true,       "has_downloads": true,       "has_wiki": true,       "has_pages": true,       "forks_count": 78,       "mirror_url": null,       "archived": false,       "open_issues_count": 19,       "license": {         "key": "other",         "name": "Other",         "spdx_id": "NOASSERTION",         "url": null,         "node_id": "MDc6TGljZW5zZTA="       },       "forks": 78,       "open_issues": 19,       "watchers": 540,       "default_branch": "master",       "score": 81.98042     },     {       "id": 282622,       "node_id": "MDEwOlJlcG9zaXRvcnkyODI2MjI=",       "name": "poignant-guide",       "full_name": "mislav/poignant-guide",       "private": false,       "owner": {         "login": "mislav",         "id": 887,         "node_id": "MDQ6VXNlcjg4Nw==",         "avatar_url": "https://avatars2.githubusercontent.com/u/887?v=4",         "gravatar_id": "",         "url": "https://api.github.com/users/mislav",         "html_url": "https://github.com/mislav",         "followers_url": "https://api.github.com/users/mislav/followers",         "following_url": "https://api.github.com/users/mislav/following{/other_user}",         "gists_url": "https://api.github.com/users/mislav/gists{/gist_id}",         "starred_url": "https://api.github.com/users/mislav/starred{/owner}{/repo}",         "subscriptions_url": "https://api.github.com/users/mislav/subscriptions",         "organizations_url": "https://api.github.com/users/mislav/orgs",         "repos_url": "https://api.github.com/users/mislav/repos",         "events_url": "https://api.github.com/users/mislav/events{/privacy}",         "received_events_url": "https://api.github.com/users/mislav/received_events",         "type": "User",         "site_admin": true       },       "html_url": "https://github.com/mislav/poignant-guide",       "description": "Why's Poignant Guide to Ruby",       "fork": false,       "url": "https://api.github.com/repos/mislav/poignant-guide",       "forks_url": "https://api.github.com/repos/mislav/poignant-guide/forks",       "keys_url": "https://api.github.com/repos/mislav/poignant-guide/keys{/key_id}",       "collaborators_url": "https://api.github.com/repos/mislav/poignant-guide/collaborators{/collaborator}",       "teams_url": "https://api.github.com/repos/mislav/poignant-guide/teams",       "hooks_url": "https://api.github.com/repos/mislav/poignant-guide/hooks",       "issue_events_url": "https://api.github.com/repos/mislav/poignant-guide/issues/events{/number}",       "events_url": "https://api.github.com/repos/mislav/poignant-guide/events",       "assignees_url": "https://api.github.com/repos/mislav/poignant-guide/assignees{/user}",       "branches_url": "https://api.github.com/repos/mislav/poignant-guide/branches{/branch}",       "tags_url": "https://api.github.com/repos/mislav/poignant-guide/tags",       "blobs_url": "https://api.github.com/repos/mislav/poignant-guide/git/blobs{/sha}",       "git_tags_url": "https://api.github.com/repos/mislav/poignant-guide/git/tags{/sha}",       "git_refs_url": "https://api.github.com/repos/mislav/poignant-guide/git/refs{/sha}",       "trees_url": "https://api.github.com/repos/mislav/poignant-guide/git/trees{/sha}",       "statuses_url": "https://api.github.com/repos/mislav/poignant-guide/statuses/{sha}",       "languages_url": "https://api.github.com/repos/mislav/poignant-guide/languages",       "stargazers_url": "https://api.github.com/repos/mislav/poignant-guide/stargazers",       "contributors_url": "https://api.github.com/repos/mislav/poignant-guide/contributors",       "subscribers_url": "https://api.github.com/repos/mislav/poignant-guide/subscribers",       "subscription_url": "https://api.github.com/repos/mislav/poignant-guide/subscription",       "commits_url": "https://api.github.com/repos/mislav/poignant-guide/commits{/sha}",       "git_commits_url": "https://api.github.com/repos/mislav/poignant-guide/git/commits{/sha}",       "comments_url": "https://api.github.com/repos/mislav/poignant-guide/comments{/number}",       "issue_comment_url": "https://api.github.com/repos/mislav/poignant-guide/issues/comments{/number}",       "contents_url": "https://api.github.com/repos/mislav/poignant-guide/contents/{+path}",       "compare_url": "https://api.github.com/repos/mislav/poignant-guide/compare/{base}...{head}",       "merges_url": "https://api.github.com/repos/mislav/poignant-guide/merges",       "archive_url": "https://api.github.com/repos/mislav/poignant-guide/{archive_format}{/ref}",       "downloads_url": "https://api.github.com/repos/mislav/poignant-guide/downloads",       "issues_url": "https://api.github.com/repos/mislav/poignant-guide/issues{/number}",       "pulls_url": "https://api.github.com/repos/mislav/poignant-guide/pulls{/number}",       "milestones_url": "https://api.github.com/repos/mislav/poignant-guide/milestones{/number}",       "notifications_url": "https://api.github.com/repos/mislav/poignant-guide/notifications{?since,all,participating}",       "labels_url": "https://api.github.com/repos/mislav/poignant-guide/labels{/name}",       "releases_url": "https://api.github.com/repos/mislav/poignant-guide/releases{/id}",       "deployments_url": "https://api.github.com/repos/mislav/poignant-guide/deployments",       "created_at": "2009-08-20T01:17:54Z",       "updated_at": "2019-01-26T12:32:58Z",       "pushed_at": "2018-11-20T13:08:57Z",       "git_url": "git://github.com/mislav/poignant-guide.git",       "ssh_url": "git@github.com:mislav/poignant-guide.git",       "clone_url": "https://github.com/mislav/poignant-guide.git",       "svn_url": "https://github.com/mislav/poignant-guide",       "homepage": "http://poignant.guide/",       "size": 12871,       "stargazers_count": 532,       "watchers_count": 532,       "language": "HTML",       "has_issues": false,       "has_projects": true,       "has_downloads": true,       "has_wiki": false,       "has_pages": true,       "forks_count": 103,       "mirror_url": null,       "archived": false,       "open_issues_count": 0,       "license": null,       "forks": 103,       "open_issues": 0,       "watchers": 532,       "default_branch": "gh-pages",       "score": 81.49594     },     {       "id": 30485473,       "node_id": "MDEwOlJlcG9zaXRvcnkzMDQ4NTQ3Mw==",       "name": "Why-Reject",       "full_name": "jcccn/Why-Reject",       "private": false,       "owner": {         "login": "jcccn",         "id": 397243,         "node_id": "MDQ6VXNlcjM5NzI0Mw==",         "avatar_url": "https://avatars1.githubusercontent.com/u/397243?v=4",         "gravatar_id": "",         "url": "https://api.github.com/users/jcccn",         "html_url": "https://github.com/jcccn",         "followers_url": "https://api.github.com/users/jcccn/followers",         "following_url": "https://api.github.com/users/jcccn/following{/other_user}",         "gists_url": "https://api.github.com/users/jcccn/gists{/gist_id}",         "starred_url": "https://api.github.com/users/jcccn/starred{/owner}{/repo}",         "subscriptions_url": "https://api.github.com/users/jcccn/subscriptions",         "organizations_url": "https://api.github.com/users/jcccn/orgs",         "repos_url": "https://api.github.com/users/jcccn/repos",         "events_url": "https://api.github.com/users/jcccn/events{/privacy}",         "received_events_url": "https://api.github.com/users/jcccn/received_events",         "type": "User",         "site_admin": false       },       "html_url": "https://github.com/jcccn/Why-Reject",       "description": "苹果AppStore被拒理由大全",       "fork": false,       "url": "https://api.github.com/repos/jcccn/Why-Reject",       "forks_url": "https://api.github.com/repos/jcccn/Why-Reject/forks",       "keys_url": "https://api.github.com/repos/jcccn/Why-Reject/keys{/key_id}",       "collaborators_url": "https://api.github.com/repos/jcccn/Why-Reject/collaborators{/collaborator}",       "teams_url": "https://api.github.com/repos/jcccn/Why-Reject/teams",       "hooks_url": "https://api.github.com/repos/jcccn/Why-Reject/hooks",       "issue_events_url": "https://api.github.com/repos/jcccn/Why-Reject/issues/events{/number}",       "events_url": "https://api.github.com/repos/jcccn/Why-Reject/events",       "assignees_url": "https://api.github.com/repos/jcccn/Why-Reject/assignees{/user}",       "branches_url": "https://api.github.com/repos/jcccn/Why-Reject/branches{/branch}",       "tags_url": "https://api.github.com/repos/jcccn/Why-Reject/tags",       "blobs_url": "https://api.github.com/repos/jcccn/Why-Reject/git/blobs{/sha}",       "git_tags_url": "https://api.github.com/repos/jcccn/Why-Reject/git/tags{/sha}",       "git_refs_url": "https://api.github.com/repos/jcccn/Why-Reject/git/refs{/sha}",       "trees_url": "https://api.github.com/repos/jcccn/Why-Reject/git/trees{/sha}",       "statuses_url": "https://api.github.com/repos/jcccn/Why-Reject/statuses/{sha}",       "languages_url": "https://api.github.com/repos/jcccn/Why-Reject/languages",       "stargazers_url": "https://api.github.com/repos/jcccn/Why-Reject/stargazers",       "contributors_url": "https://api.github.com/repos/jcccn/Why-Reject/contributors",       "subscribers_url": "https://api.github.com/repos/jcccn/Why-Reject/subscribers",       "subscription_url": "https://api.github.com/repos/jcccn/Why-Reject/subscription",       "commits_url": "https://api.github.com/repos/jcccn/Why-Reject/commits{/sha}",       "git_commits_url": "https://api.github.com/repos/jcccn/Why-Reject/git/commits{/sha}",       "comments_url": "https://api.github.com/repos/jcccn/Why-Reject/comments{/number}",       "issue_comment_url": "https://api.github.com/repos/jcccn/Why-Reject/issues/comments{/number}",       "contents_url": "https://api.github.com/repos/jcccn/Why-Reject/contents/{+path}",       "compare_url": "https://api.github.com/repos/jcccn/Why-Reject/compare/{base}...{head}",       "merges_url": "https://api.github.com/repos/jcccn/Why-Reject/merges",       "archive_url": "https://api.github.com/repos/jcccn/Why-Reject/{archive_format}{/ref}",       "downloads_url": "https://api.github.com/repos/jcccn/Why-Reject/downloads",       "issues_url": "https://api.github.com/repos/jcccn/Why-Reject/issues{/number}",       "pulls_url": "https://api.github.com/repos/jcccn/Why-Reject/pulls{/number}",       "milestones_url": "https://api.github.com/repos/jcccn/Why-Reject/milestones{/number}",       "notifications_url": "https://api.github.com/repos/jcccn/Why-Reject/notifications{?since,all,participating}",       "labels_url": "https://api.github.com/repos/jcccn/Why-Reject/labels{/name}",       "releases_url": "https://api.github.com/repos/jcccn/Why-Reject/releases{/id}",       "deployments_url": "https://api.github.com/repos/jcccn/Why-Reject/deployments",       "created_at": "2015-02-08T08:37:17Z",       "updated_at": "2019-01-28T12:02:55Z",       "pushed_at": "2017-05-06T07:35:44Z",       "git_url": "git://github.com/jcccn/Why-Reject.git",       "ssh_url": "git@github.com:jcccn/Why-Reject.git",       "clone_url": "https://github.com/jcccn/Why-Reject.git",       "svn_url": "https://github.com/jcccn/Why-Reject",       "homepage": "https://whyreject.jcccn.me",       "size": 684,       "stargazers_count": 493,       "watchers_count": 493,       "language": null,       "has_issues": true,       "has_projects": true,       "has_downloads": true,       "has_wiki": true,       "has_pages": true,       "forks_count": 113,       "mirror_url": null,       "archived": false,       "open_issues_count": 0,       "license": null,       "forks": 113,       "open_issues": 0,       "watchers": 493,       "default_branch": "master",       "score": 96.06041     },     {       "id": 76408906,       "node_id": "MDEwOlJlcG9zaXRvcnk3NjQwODkwNg==",       "name": "meta",       "full_name": "mateodelnorte/meta",       "private": false,       "owner": {         "login": "mateodelnorte",         "id": 554847,         "node_id": "MDQ6VXNlcjU1NDg0Nw==",         "avatar_url": "https://avatars3.githubusercontent.com/u/554847?v=4",         "gravatar_id": "",         "url": "https://api.github.com/users/mateodelnorte",         "html_url": "https://github.com/mateodelnorte",         "followers_url": "https://api.github.com/users/mateodelnorte/followers",         "following_url": "https://api.github.com/users/mateodelnorte/following{/other_user}",         "gists_url": "https://api.github.com/users/mateodelnorte/gists{/gist_id}",         "starred_url": "https://api.github.com/users/mateodelnorte/starred{/owner}{/repo}",         "subscriptions_url": "https://api.github.com/users/mateodelnorte/subscriptions",         "organizations_url": "https://api.github.com/users/mateodelnorte/orgs",         "repos_url": "https://api.github.com/users/mateodelnorte/repos",         "events_url": "https://api.github.com/users/mateodelnorte/events{/privacy}",         "received_events_url": "https://api.github.com/users/mateodelnorte/received_events",         "type": "User",         "site_admin": false       },       "html_url": "https://github.com/mateodelnorte/meta",       "description": "tool for turning many repos into a meta repo. why choose many repos or a monolithic repo, when you can have both with a meta repo?",       "fork": false,       "url": "https://api.github.com/repos/mateodelnorte/meta",       "forks_url": "https://api.github.com/repos/mateodelnorte/meta/forks",       "keys_url": "https://api.github.com/repos/mateodelnorte/meta/keys{/key_id}",       "collaborators_url": "https://api.github.com/repos/mateodelnorte/meta/collaborators{/collaborator}",       "teams_url": "https://api.github.com/repos/mateodelnorte/meta/teams",       "hooks_url": "https://api.github.com/repos/mateodelnorte/meta/hooks",       "issue_events_url": "https://api.github.com/repos/mateodelnorte/meta/issues/events{/number}",       "events_url": "https://api.github.com/repos/mateodelnorte/meta/events",       "assignees_url": "https://api.github.com/repos/mateodelnorte/meta/assignees{/user}",       "branches_url": "https://api.github.com/repos/mateodelnorte/meta/branches{/branch}",       "tags_url": "https://api.github.com/repos/mateodelnorte/meta/tags",       "blobs_url": "https://api.github.com/repos/mateodelnorte/meta/git/blobs{/sha}",       "git_tags_url": "https://api.github.com/repos/mateodelnorte/meta/git/tags{/sha}",       "git_refs_url": "https://api.github.com/repos/mateodelnorte/meta/git/refs{/sha}",       "trees_url": "https://api.github.com/repos/mateodelnorte/meta/git/trees{/sha}",       "statuses_url": "https://api.github.com/repos/mateodelnorte/meta/statuses/{sha}",       "languages_url": "https://api.github.com/repos/mateodelnorte/meta/languages",       "stargazers_url": "https://api.github.com/repos/mateodelnorte/meta/stargazers",       "contributors_url": "https://api.github.com/repos/mateodelnorte/meta/contributors",       "subscribers_url": "https://api.github.com/repos/mateodelnorte/meta/subscribers",       "subscription_url": "https://api.github.com/repos/mateodelnorte/meta/subscription",       "commits_url": "https://api.github.com/repos/mateodelnorte/meta/commits{/sha}",       "git_commits_url": "https://api.github.com/repos/mateodelnorte/meta/git/commits{/sha}",       "comments_url": "https://api.github.com/repos/mateodelnorte/meta/comments{/number}",       "issue_comment_url": "https://api.github.com/repos/mateodelnorte/meta/issues/comments{/number}",       "contents_url": "https://api.github.com/repos/mateodelnorte/meta/contents/{+path}",       "compare_url": "https://api.github.com/repos/mateodelnorte/meta/compare/{base}...{head}",       "merges_url": "https://api.github.com/repos/mateodelnorte/meta/merges",       "archive_url": "https://api.github.com/repos/mateodelnorte/meta/{archive_format}{/ref}",       "downloads_url": "https://api.github.com/repos/mateodelnorte/meta/downloads",       "issues_url": "https://api.github.com/repos/mateodelnorte/meta/issues{/number}",       "pulls_url": "https://api.github.com/repos/mateodelnorte/meta/pulls{/number}",       "milestones_url": "https://api.github.com/repos/mateodelnorte/meta/milestones{/number}",       "notifications_url": "https://api.github.com/repos/mateodelnorte/meta/notifications{?since,all,participating}",       "labels_url": "https://api.github.com/repos/mateodelnorte/meta/labels{/name}",       "releases_url": "https://api.github.com/repos/mateodelnorte/meta/releases{/id}",       "deployments_url": "https://api.github.com/repos/mateodelnorte/meta/deployments",       "created_at": "2016-12-14T00:06:35Z",       "updated_at": "2019-01-27T07:29:38Z",       "pushed_at": "2019-01-25T18:00:32Z",       "git_url": "git://github.com/mateodelnorte/meta.git",       "ssh_url": "git@github.com:mateodelnorte/meta.git",       "clone_url": "https://github.com/mateodelnorte/meta.git",       "svn_url": "https://github.com/mateodelnorte/meta",       "homepage": "",       "size": 2507,       "stargazers_count": 489,       "watchers_count": 489,       "language": "JavaScript",       "has_issues": true,       "has_projects": true,       "has_downloads": true,       "has_wiki": true,       "has_pages": false,       "forks_count": 27,       "mirror_url": null,       "archived": false,       "open_issues_count": 18,       "license": null,       "forks": 27,       "open_issues": 18,       "watchers": 489,       "default_branch": "master",       "score": 35.23274     },     {       "id": 120470493,       "node_id": "MDEwOlJlcG9zaXRvcnkxMjA0NzA0OTM=",       "name": "awesome-dev-podcasts",       "full_name": "sw-yx/awesome-dev-podcasts",       "private": false,       "owner": {         "login": "sw-yx",         "id": 6764957,         "node_id": "MDQ6VXNlcjY3NjQ5NTc=",         "avatar_url": "https://avatars1.githubusercontent.com/u/6764957?v=4",         "gravatar_id": "",         "url": "https://api.github.com/users/sw-yx",         "html_url": "https://github.com/sw-yx",         "followers_url": "https://api.github.com/users/sw-yx/followers",         "following_url": "https://api.github.com/users/sw-yx/following{/other_user}",         "gists_url": "https://api.github.com/users/sw-yx/gists{/gist_id}",         "starred_url": "https://api.github.com/users/sw-yx/starred{/owner}{/repo}",         "subscriptions_url": "https://api.github.com/users/sw-yx/subscriptions",         "organizations_url": "https://api.github.com/users/sw-yx/orgs",         "repos_url": "https://api.github.com/users/sw-yx/repos",         "events_url": "https://api.github.com/users/sw-yx/events{/privacy}",         "received_events_url": "https://api.github.com/users/sw-yx/received_events",         "type": "User",         "site_admin": false       },       "html_url": "https://github.com/sw-yx/awesome-dev-podcasts",       "description": "a curated list of awesome dev podcasts and why they are awesome",       "fork": false,       "url": "https://api.github.com/repos/sw-yx/awesome-dev-podcasts",       "forks_url": "https://api.github.com/repos/sw-yx/awesome-dev-podcasts/forks",       "keys_url": "https://api.github.com/repos/sw-yx/awesome-dev-podcasts/keys{/key_id}",       "collaborators_url": "https://api.github.com/repos/sw-yx/awesome-dev-podcasts/collaborators{/collaborator}",       "teams_url": "https://api.github.com/repos/sw-yx/awesome-dev-podcasts/teams",       "hooks_url": "https://api.github.com/repos/sw-yx/awesome-dev-podcasts/hooks",       "issue_events_url": "https://api.github.com/repos/sw-yx/awesome-dev-podcasts/issues/events{/number}",       "events_url": "https://api.github.com/repos/sw-yx/awesome-dev-podcasts/events",       "assignees_url": "https://api.github.com/repos/sw-yx/awesome-dev-podcasts/assignees{/user}",       "branches_url": "https://api.github.com/repos/sw-yx/awesome-dev-podcasts/branches{/branch}",       "tags_url": "https://api.github.com/repos/sw-yx/awesome-dev-podcasts/tags",       "blobs_url": "https://api.github.com/repos/sw-yx/awesome-dev-podcasts/git/blobs{/sha}",       "git_tags_url": "https://api.github.com/repos/sw-yx/awesome-dev-podcasts/git/tags{/sha}",       "git_refs_url": "https://api.github.com/repos/sw-yx/awesome-dev-podcasts/git/refs{/sha}",       "trees_url": "https://api.github.com/repos/sw-yx/awesome-dev-podcasts/git/trees{/sha}",       "statuses_url": "https://api.github.com/repos/sw-yx/awesome-dev-podcasts/statuses/{sha}",       "languages_url": "https://api.github.com/repos/sw-yx/awesome-dev-podcasts/languages",       "stargazers_url": "https://api.github.com/repos/sw-yx/awesome-dev-podcasts/stargazers",       "contributors_url": "https://api.github.com/repos/sw-yx/awesome-dev-podcasts/contributors",       "subscribers_url": "https://api.github.com/repos/sw-yx/awesome-dev-podcasts/subscribers",       "subscription_url": "https://api.github.com/repos/sw-yx/awesome-dev-podcasts/subscription",       "commits_url": "https://api.github.com/repos/sw-yx/awesome-dev-podcasts/commits{/sha}",       "git_commits_url": "https://api.github.com/repos/sw-yx/awesome-dev-podcasts/git/commits{/sha}",       "comments_url": "https://api.github.com/repos/sw-yx/awesome-dev-podcasts/comments{/number}",       "issue_comment_url": "https://api.github.com/repos/sw-yx/awesome-dev-podcasts/issues/comments{/number}",       "contents_url": "https://api.github.com/repos/sw-yx/awesome-dev-podcasts/contents/{+path}",       "compare_url": "https://api.github.com/repos/sw-yx/awesome-dev-podcasts/compare/{base}...{head}",       "merges_url": "https://api.github.com/repos/sw-yx/awesome-dev-podcasts/merges",       "archive_url": "https://api.github.com/repos/sw-yx/awesome-dev-podcasts/{archive_format}{/ref}",       "downloads_url": "https://api.github.com/repos/sw-yx/awesome-dev-podcasts/downloads",       "issues_url": "https://api.github.com/repos/sw-yx/awesome-dev-podcasts/issues{/number}",       "pulls_url": "https://api.github.com/repos/sw-yx/awesome-dev-podcasts/pulls{/number}",       "milestones_url": "https://api.github.com/repos/sw-yx/awesome-dev-podcasts/milestones{/number}",       "notifications_url": "https://api.github.com/repos/sw-yx/awesome-dev-podcasts/notifications{?since,all,participating}",       "labels_url": "https://api.github.com/repos/sw-yx/awesome-dev-podcasts/labels{/name}",       "releases_url": "https://api.github.com/repos/sw-yx/awesome-dev-podcasts/releases{/id}",       "deployments_url": "https://api.github.com/repos/sw-yx/awesome-dev-podcasts/deployments",       "created_at": "2018-02-06T14:32:41Z",       "updated_at": "2019-01-23T00:52:57Z",       "pushed_at": "2018-09-12T14:28:36Z",       "git_url": "git://github.com/sw-yx/awesome-dev-podcasts.git",       "ssh_url": "git@github.com:sw-yx/awesome-dev-podcasts.git",       "clone_url": "https://github.com/sw-yx/awesome-dev-podcasts.git",       "svn_url": "https://github.com/sw-yx/awesome-dev-podcasts",       "homepage": "",       "size": 29,       "stargazers_count": 455,       "watchers_count": 455,       "language": null,       "has_issues": true,       "has_projects": true,       "has_downloads": true,       "has_wiki": true,       "has_pages": false,       "forks_count": 26,       "mirror_url": null,       "archived": false,       "open_issues_count": 3,       "license": null,       "forks": 26,       "open_issues": 3,       "watchers": 455,       "default_branch": "master",       "score": 48.013905     },     {       "id": 18601900,       "node_id": "MDEwOlJlcG9zaXRvcnkxODYwMTkwMA==",       "name": "eliot",       "full_name": "itamarst/eliot",       "private": false,       "owner": {         "login": "itamarst",         "id": 3266662,         "node_id": "MDQ6VXNlcjMyNjY2NjI=",         "avatar_url": "https://avatars1.githubusercontent.com/u/3266662?v=4",         "gravatar_id": "",         "url": "https://api.github.com/users/itamarst",         "html_url": "https://github.com/itamarst",         "followers_url": "https://api.github.com/users/itamarst/followers",         "following_url": "https://api.github.com/users/itamarst/following{/other_user}",         "gists_url": "https://api.github.com/users/itamarst/gists{/gist_id}",         "starred_url": "https://api.github.com/users/itamarst/starred{/owner}{/repo}",         "subscriptions_url": "https://api.github.com/users/itamarst/subscriptions",         "organizations_url": "https://api.github.com/users/itamarst/orgs",         "repos_url": "https://api.github.com/users/itamarst/repos",         "events_url": "https://api.github.com/users/itamarst/events{/privacy}",         "received_events_url": "https://api.github.com/users/itamarst/received_events",         "type": "User",         "site_admin": false       },       "html_url": "https://github.com/itamarst/eliot",       "description": "Eliot: the logging system that tells you *why* it happened",       "fork": false,       "url": "https://api.github.com/repos/itamarst/eliot",       "forks_url": "https://api.github.com/repos/itamarst/eliot/forks",       "keys_url": "https://api.github.com/repos/itamarst/eliot/keys{/key_id}",       "collaborators_url": "https://api.github.com/repos/itamarst/eliot/collaborators{/collaborator}",       "teams_url": "https://api.github.com/repos/itamarst/eliot/teams",       "hooks_url": "https://api.github.com/repos/itamarst/eliot/hooks",       "issue_events_url": "https://api.github.com/repos/itamarst/eliot/issues/events{/number}",       "events_url": "https://api.github.com/repos/itamarst/eliot/events",       "assignees_url": "https://api.github.com/repos/itamarst/eliot/assignees{/user}",       "branches_url": "https://api.github.com/repos/itamarst/eliot/branches{/branch}",       "tags_url": "https://api.github.com/repos/itamarst/eliot/tags",       "blobs_url": "https://api.github.com/repos/itamarst/eliot/git/blobs{/sha}",       "git_tags_url": "https://api.github.com/repos/itamarst/eliot/git/tags{/sha}",       "git_refs_url": "https://api.github.com/repos/itamarst/eliot/git/refs{/sha}",       "trees_url": "https://api.github.com/repos/itamarst/eliot/git/trees{/sha}",       "statuses_url": "https://api.github.com/repos/itamarst/eliot/statuses/{sha}",       "languages_url": "https://api.github.com/repos/itamarst/eliot/languages",       "stargazers_url": "https://api.github.com/repos/itamarst/eliot/stargazers",       "contributors_url": "https://api.github.com/repos/itamarst/eliot/contributors",       "subscribers_url": "https://api.github.com/repos/itamarst/eliot/subscribers",       "subscription_url": "https://api.github.com/repos/itamarst/eliot/subscription",       "commits_url": "https://api.github.com/repos/itamarst/eliot/commits{/sha}",       "git_commits_url": "https://api.github.com/repos/itamarst/eliot/git/commits{/sha}",       "comments_url": "https://api.github.com/repos/itamarst/eliot/comments{/number}",       "issue_comment_url": "https://api.github.com/repos/itamarst/eliot/issues/comments{/number}",       "contents_url": "https://api.github.com/repos/itamarst/eliot/contents/{+path}",       "compare_url": "https://api.github.com/repos/itamarst/eliot/compare/{base}...{head}",       "merges_url": "https://api.github.com/repos/itamarst/eliot/merges",       "archive_url": "https://api.github.com/repos/itamarst/eliot/{archive_format}{/ref}",       "downloads_url": "https://api.github.com/repos/itamarst/eliot/downloads",       "issues_url": "https://api.github.com/repos/itamarst/eliot/issues{/number}",       "pulls_url": "https://api.github.com/repos/itamarst/eliot/pulls{/number}",       "milestones_url": "https://api.github.com/repos/itamarst/eliot/milestones{/number}",       "notifications_url": "https://api.github.com/repos/itamarst/eliot/notifications{?since,all,participating}",       "labels_url": "https://api.github.com/repos/itamarst/eliot/labels{/name}",       "releases_url": "https://api.github.com/repos/itamarst/eliot/releases{/id}",       "deployments_url": "https://api.github.com/repos/itamarst/eliot/deployments",       "created_at": "2014-04-09T15:12:19Z",       "updated_at": "2019-01-25T22:49:37Z",       "pushed_at": "2019-01-02T18:19:45Z",       "git_url": "git://github.com/itamarst/eliot.git",       "ssh_url": "git@github.com:itamarst/eliot.git",       "clone_url": "https://github.com/itamarst/eliot.git",       "svn_url": "https://github.com/itamarst/eliot",       "homepage": "https://eliot.readthedocs.io",       "size": 1017,       "stargazers_count": 445,       "watchers_count": 445,       "language": "Python",       "has_issues": true,       "has_projects": true,       "has_downloads": true,       "has_wiki": true,       "has_pages": false,       "forks_count": 32,       "mirror_url": null,       "archived": false,       "open_issues_count": 89,       "license": {         "key": "apache-2.0",         "name": "Apache License 2.0",         "spdx_id": "Apache-2.0",         "url": "https://api.github.com/licenses/apache-2.0",         "node_id": "MDc6TGljZW5zZTI="       },       "forks": 32,       "open_issues": 89,       "watchers": 445,       "default_branch": "master",       "score": 61.202877     },     {       "id": 164816947,       "node_id": "MDEwOlJlcG9zaXRvcnkxNjQ4MTY5NDc=",       "name": "stockpredictionai",       "full_name": "borisbanushev/stockpredictionai",       "private": false,       "owner": {         "login": "borisbanushev",         "id": 36700291,         "node_id": "MDQ6VXNlcjM2NzAwMjkx",         "avatar_url": "https://avatars3.githubusercontent.com/u/36700291?v=4",         "gravatar_id": "",         "url": "https://api.github.com/users/borisbanushev",         "html_url": "https://github.com/borisbanushev",         "followers_url": "https://api.github.com/users/borisbanushev/followers",         "following_url": "https://api.github.com/users/borisbanushev/following{/other_user}",         "gists_url": "https://api.github.com/users/borisbanushev/gists{/gist_id}",         "starred_url": "https://api.github.com/users/borisbanushev/starred{/owner}{/repo}",         "subscriptions_url": "https://api.github.com/users/borisbanushev/subscriptions",         "organizations_url": "https://api.github.com/users/borisbanushev/orgs",         "repos_url": "https://api.github.com/users/borisbanushev/repos",         "events_url": "https://api.github.com/users/borisbanushev/events{/privacy}",         "received_events_url": "https://api.github.com/users/borisbanushev/received_events",         "type": "User",         "site_admin": false       },       "html_url": "https://github.com/borisbanushev/stockpredictionai",       "description": "       In this noteboook I will create a complete process for predicting stock price movements. Follow along and we will achieve some pretty good results. For that purpose we will use a Generative Adversarial Network (GAN) with LSTM, a type of Recurrent Neural Network, as generator, and a Convolutional Neural Network, CNN, as a discriminator. We use LSTM for the obvious reason that we are trying to predict time series data. Why we use GAN and specifically CNN as a discriminator? That is a good question: there are special sections on that later.",       "fork": false,       "url": "https://api.github.com/repos/borisbanushev/stockpredictionai",       "forks_url": "https://api.github.com/repos/borisbanushev/stockpredictionai/forks",       "keys_url": "https://api.github.com/repos/borisbanushev/stockpredictionai/keys{/key_id}",       "collaborators_url": "https://api.github.com/repos/borisbanushev/stockpredictionai/collaborators{/collaborator}",       "teams_url": "https://api.github.com/repos/borisbanushev/stockpredictionai/teams",       "hooks_url": "https://api.github.com/repos/borisbanushev/stockpredictionai/hooks",       "issue_events_url": "https://api.github.com/repos/borisbanushev/stockpredictionai/issues/events{/number}",       "events_url": "https://api.github.com/repos/borisbanushev/stockpredictionai/events",       "assignees_url": "https://api.github.com/repos/borisbanushev/stockpredictionai/assignees{/user}",       "branches_url": "https://api.github.com/repos/borisbanushev/stockpredictionai/branches{/branch}",       "tags_url": "https://api.github.com/repos/borisbanushev/stockpredictionai/tags",       "blobs_url": "https://api.github.com/repos/borisbanushev/stockpredictionai/git/blobs{/sha}",       "git_tags_url": "https://api.github.com/repos/borisbanushev/stockpredictionai/git/tags{/sha}",       "git_refs_url": "https://api.github.com/repos/borisbanushev/stockpredictionai/git/refs{/sha}",       "trees_url": "https://api.github.com/repos/borisbanushev/stockpredictionai/git/trees{/sha}",       "statuses_url": "https://api.github.com/repos/borisbanushev/stockpredictionai/statuses/{sha}",       "languages_url": "https://api.github.com/repos/borisbanushev/stockpredictionai/languages",       "stargazers_url": "https://api.github.com/repos/borisbanushev/stockpredictionai/stargazers",       "contributors_url": "https://api.github.com/repos/borisbanushev/stockpredictionai/contributors",       "subscribers_url": "https://api.github.com/repos/borisbanushev/stockpredictionai/subscribers",       "subscription_url": "https://api.github.com/repos/borisbanushev/stockpredictionai/subscription",       "commits_url": "https://api.github.com/repos/borisbanushev/stockpredictionai/commits{/sha}",       "git_commits_url": "https://api.github.com/repos/borisbanushev/stockpredictionai/git/commits{/sha}",       "comments_url": "https://api.github.com/repos/borisbanushev/stockpredictionai/comments{/number}",       "issue_comment_url": "https://api.github.com/repos/borisbanushev/stockpredictionai/issues/comments{/number}",       "contents_url": "https://api.github.com/repos/borisbanushev/stockpredictionai/contents/{+path}",       "compare_url": "https://api.github.com/repos/borisbanushev/stockpredictionai/compare/{base}...{head}",       "merges_url": "https://api.github.com/repos/borisbanushev/stockpredictionai/merges",       "archive_url": "https://api.github.com/repos/borisbanushev/stockpredictionai/{archive_format}{/ref}",       "downloads_url": "https://api.github.com/repos/borisbanushev/stockpredictionai/downloads",       "issues_url": "https://api.github.com/repos/borisbanushev/stockpredictionai/issues{/number}",       "pulls_url": "https://api.github.com/repos/borisbanushev/stockpredictionai/pulls{/number}",       "milestones_url": "https://api.github.com/repos/borisbanushev/stockpredictionai/milestones{/number}",       "notifications_url": "https://api.github.com/repos/borisbanushev/stockpredictionai/notifications{?since,all,participating}",       "labels_url": "https://api.github.com/repos/borisbanushev/stockpredictionai/labels{/name}",       "releases_url": "https://api.github.com/repos/borisbanushev/stockpredictionai/releases{/id}",       "deployments_url": "https://api.github.com/repos/borisbanushev/stockpredictionai/deployments",       "created_at": "2019-01-09T08:02:47Z",       "updated_at": "2019-01-28T20:24:48Z",       "pushed_at": "2019-01-24T20:24:50Z",       "git_url": "git://github.com/borisbanushev/stockpredictionai.git",       "ssh_url": "git@github.com:borisbanushev/stockpredictionai.git",       "clone_url": "https://github.com/borisbanushev/stockpredictionai.git",       "svn_url": "https://github.com/borisbanushev/stockpredictionai",       "homepage": "",       "size": 1950,       "stargazers_count": 417,       "watchers_count": 417,       "language": null,       "has_issues": true,       "has_projects": true,       "has_downloads": true,       "has_wiki": true,       "has_pages": false,       "forks_count": 181,       "mirror_url": null,       "archived": false,       "open_issues_count": 12,       "license": null,       "forks": 181,       "open_issues": 12,       "watchers": 417,       "default_branch": "master",       "score": 14.946115     },     {       "id": 35077713,       "node_id": "MDEwOlJlcG9zaXRvcnkzNTA3NzcxMw==",       "name": "whyliam.workflows.youdao",       "full_name": "liszd/whyliam.workflows.youdao",       "private": false,       "owner": {         "login": "liszd",         "id": 3387850,         "node_id": "MDQ6VXNlcjMzODc4NTA=",         "avatar_url": "https://avatars0.githubusercontent.com/u/3387850?v=4",         "gravatar_id": "",         "url": "https://api.github.com/users/liszd",         "html_url": "https://github.com/liszd",         "followers_url": "https://api.github.com/users/liszd/followers",         "following_url": "https://api.github.com/users/liszd/following{/other_user}",         "gists_url": "https://api.github.com/users/liszd/gists{/gist_id}",         "starred_url": "https://api.github.com/users/liszd/starred{/owner}{/repo}",         "subscriptions_url": "https://api.github.com/users/liszd/subscriptions",         "organizations_url": "https://api.github.com/users/liszd/orgs",         "repos_url": "https://api.github.com/users/liszd/repos",         "events_url": "https://api.github.com/users/liszd/events{/privacy}",         "received_events_url": "https://api.github.com/users/liszd/received_events",         "type": "User",         "site_admin": false       },       "html_url": "https://github.com/liszd/whyliam.workflows.youdao",       "description": "使用有道翻译你想知道的单词和语句",       "fork": false,       "url": "https://api.github.com/repos/liszd/whyliam.workflows.youdao",       "forks_url": "https://api.github.com/repos/liszd/whyliam.workflows.youdao/forks",       "keys_url": "https://api.github.com/repos/liszd/whyliam.workflows.youdao/keys{/key_id}",       "collaborators_url": "https://api.github.com/repos/liszd/whyliam.workflows.youdao/collaborators{/collaborator}",       "teams_url": "https://api.github.com/repos/liszd/whyliam.workflows.youdao/teams",       "hooks_url": "https://api.github.com/repos/liszd/whyliam.workflows.youdao/hooks",       "issue_events_url": "https://api.github.com/repos/liszd/whyliam.workflows.youdao/issues/events{/number}",       "events_url": "https://api.github.com/repos/liszd/whyliam.workflows.youdao/events",       "assignees_url": "https://api.github.com/repos/liszd/whyliam.workflows.youdao/assignees{/user}",       "branches_url": "https://api.github.com/repos/liszd/whyliam.workflows.youdao/branches{/branch}",       "tags_url": "https://api.github.com/repos/liszd/whyliam.workflows.youdao/tags",       "blobs_url": "https://api.github.com/repos/liszd/whyliam.workflows.youdao/git/blobs{/sha}",       "git_tags_url": "https://api.github.com/repos/liszd/whyliam.workflows.youdao/git/tags{/sha}",       "git_refs_url": "https://api.github.com/repos/liszd/whyliam.workflows.youdao/git/refs{/sha}",       "trees_url": "https://api.github.com/repos/liszd/whyliam.workflows.youdao/git/trees{/sha}",       "statuses_url": "https://api.github.com/repos/liszd/whyliam.workflows.youdao/statuses/{sha}",       "languages_url": "https://api.github.com/repos/liszd/whyliam.workflows.youdao/languages",       "stargazers_url": "https://api.github.com/repos/liszd/whyliam.workflows.youdao/stargazers",       "contributors_url": "https://api.github.com/repos/liszd/whyliam.workflows.youdao/contributors",       "subscribers_url": "https://api.github.com/repos/liszd/whyliam.workflows.youdao/subscribers",       "subscription_url": "https://api.github.com/repos/liszd/whyliam.workflows.youdao/subscription",       "commits_url": "https://api.github.com/repos/liszd/whyliam.workflows.youdao/commits{/sha}",       "git_commits_url": "https://api.github.com/repos/liszd/whyliam.workflows.youdao/git/commits{/sha}",       "comments_url": "https://api.github.com/repos/liszd/whyliam.workflows.youdao/comments{/number}",       "issue_comment_url": "https://api.github.com/repos/liszd/whyliam.workflows.youdao/issues/comments{/number}",       "contents_url": "https://api.github.com/repos/liszd/whyliam.workflows.youdao/contents/{+path}",       "compare_url": "https://api.github.com/repos/liszd/whyliam.workflows.youdao/compare/{base}...{head}",       "merges_url": "https://api.github.com/repos/liszd/whyliam.workflows.youdao/merges",       "archive_url": "https://api.github.com/repos/liszd/whyliam.workflows.youdao/{archive_format}{/ref}",       "downloads_url": "https://api.github.com/repos/liszd/whyliam.workflows.youdao/downloads",       "issues_url": "https://api.github.com/repos/liszd/whyliam.workflows.youdao/issues{/number}",       "pulls_url": "https://api.github.com/repos/liszd/whyliam.workflows.youdao/pulls{/number}",       "milestones_url": "https://api.github.com/repos/liszd/whyliam.workflows.youdao/milestones{/number}",       "notifications_url": "https://api.github.com/repos/liszd/whyliam.workflows.youdao/notifications{?since,all,participating}",       "labels_url": "https://api.github.com/repos/liszd/whyliam.workflows.youdao/labels{/name}",       "releases_url": "https://api.github.com/repos/liszd/whyliam.workflows.youdao/releases{/id}",       "deployments_url": "https://api.github.com/repos/liszd/whyliam.workflows.youdao/deployments",       "created_at": "2015-05-05T04:23:14Z",       "updated_at": "2019-01-27T04:15:49Z",       "pushed_at": "2018-08-03T05:49:11Z",       "git_url": "git://github.com/liszd/whyliam.workflows.youdao.git",       "ssh_url": "git@github.com:liszd/whyliam.workflows.youdao.git",       "clone_url": "https://github.com/liszd/whyliam.workflows.youdao.git",       "svn_url": "https://github.com/liszd/whyliam.workflows.youdao",       "homepage": "http://blog.naaln.com/2015/05/repeat-create-the-wheel-alfred-plugin-youdao",       "size": 3048,       "stargazers_count": 416,       "watchers_count": 416,       "language": "Python",       "has_issues": true,       "has_projects": true,       "has_downloads": true,       "has_wiki": true,       "has_pages": false,       "forks_count": 72,       "mirror_url": null,       "archived": false,       "open_issues_count": 1,       "license": {         "key": "mit",         "name": "MIT License",         "spdx_id": "MIT",         "url": "https://api.github.com/licenses/mit",         "node_id": "MDc6TGljZW5zZTEz"       },       "forks": 72,       "open_issues": 1,       "watchers": 416,       "default_branch": "master",       "score": 85.41206     },     {       "id": 2192780,       "node_id": "MDEwOlJlcG9zaXRvcnkyMTkyNzgw",       "name": "jOOX",       "full_name": "jOOQ/jOOX",       "private": false,       "owner": {         "login": "jOOQ",         "id": 1666512,         "node_id": "MDEyOk9yZ2FuaXphdGlvbjE2NjY1MTI=",         "avatar_url": "https://avatars3.githubusercontent.com/u/1666512?v=4",         "gravatar_id": "",         "url": "https://api.github.com/users/jOOQ",         "html_url": "https://github.com/jOOQ",         "followers_url": "https://api.github.com/users/jOOQ/followers",         "following_url": "https://api.github.com/users/jOOQ/following{/other_user}",         "gists_url": "https://api.github.com/users/jOOQ/gists{/gist_id}",         "starred_url": "https://api.github.com/users/jOOQ/starred{/owner}{/repo}",         "subscriptions_url": "https://api.github.com/users/jOOQ/subscriptions",         "organizations_url": "https://api.github.com/users/jOOQ/orgs",         "repos_url": "https://api.github.com/users/jOOQ/repos",         "events_url": "https://api.github.com/users/jOOQ/events{/privacy}",         "received_events_url": "https://api.github.com/users/jOOQ/received_events",         "type": "Organization",         "site_admin": false       },       "html_url": "https://github.com/jOOQ/jOOX",       "description": "jOOX - The Power of jQuery Applied to W3C DOM Like JDBC, DOM is a powerful, yet very verbose low-level API to manipulate XML. The HTML DOM an be manipulated with the popular jQuery product, in JavaScript. Why don't we have jQuery in Java? jOOX is jQuery's XML parts, applied to Java.",       "fork": false,       "url": "https://api.github.com/repos/jOOQ/jOOX",       "forks_url": "https://api.github.com/repos/jOOQ/jOOX/forks",       "keys_url": "https://api.github.com/repos/jOOQ/jOOX/keys{/key_id}",       "collaborators_url": "https://api.github.com/repos/jOOQ/jOOX/collaborators{/collaborator}",       "teams_url": "https://api.github.com/repos/jOOQ/jOOX/teams",       "hooks_url": "https://api.github.com/repos/jOOQ/jOOX/hooks",       "issue_events_url": "https://api.github.com/repos/jOOQ/jOOX/issues/events{/number}",       "events_url": "https://api.github.com/repos/jOOQ/jOOX/events",       "assignees_url": "https://api.github.com/repos/jOOQ/jOOX/assignees{/user}",       "branches_url": "https://api.github.com/repos/jOOQ/jOOX/branches{/branch}",       "tags_url": "https://api.github.com/repos/jOOQ/jOOX/tags",       "blobs_url": "https://api.github.com/repos/jOOQ/jOOX/git/blobs{/sha}",       "git_tags_url": "https://api.github.com/repos/jOOQ/jOOX/git/tags{/sha}",       "git_refs_url": "https://api.github.com/repos/jOOQ/jOOX/git/refs{/sha}",       "trees_url": "https://api.github.com/repos/jOOQ/jOOX/git/trees{/sha}",       "statuses_url": "https://api.github.com/repos/jOOQ/jOOX/statuses/{sha}",       "languages_url": "https://api.github.com/repos/jOOQ/jOOX/languages",       "stargazers_url": "https://api.github.com/repos/jOOQ/jOOX/stargazers",       "contributors_url": "https://api.github.com/repos/jOOQ/jOOX/contributors",       "subscribers_url": "https://api.github.com/repos/jOOQ/jOOX/subscribers",       "subscription_url": "https://api.github.com/repos/jOOQ/jOOX/subscription",       "commits_url": "https://api.github.com/repos/jOOQ/jOOX/commits{/sha}",       "git_commits_url": "https://api.github.com/repos/jOOQ/jOOX/git/commits{/sha}",       "comments_url": "https://api.github.com/repos/jOOQ/jOOX/comments{/number}",       "issue_comment_url": "https://api.github.com/repos/jOOQ/jOOX/issues/comments{/number}",       "contents_url": "https://api.github.com/repos/jOOQ/jOOX/contents/{+path}",       "compare_url": "https://api.github.com/repos/jOOQ/jOOX/compare/{base}...{head}",       "merges_url": "https://api.github.com/repos/jOOQ/jOOX/merges",       "archive_url": "https://api.github.com/repos/jOOQ/jOOX/{archive_format}{/ref}",       "downloads_url": "https://api.github.com/repos/jOOQ/jOOX/downloads",       "issues_url": "https://api.github.com/repos/jOOQ/jOOX/issues{/number}",       "pulls_url": "https://api.github.com/repos/jOOQ/jOOX/pulls{/number}",       "milestones_url": "https://api.github.com/repos/jOOQ/jOOX/milestones{/number}",       "notifications_url": "https://api.github.com/repos/jOOQ/jOOX/notifications{?since,all,participating}",       "labels_url": "https://api.github.com/repos/jOOQ/jOOX/labels{/name}",       "releases_url": "https://api.github.com/repos/jOOQ/jOOX/releases{/id}",       "deployments_url": "https://api.github.com/repos/jOOQ/jOOX/deployments",       "created_at": "2011-08-11T18:08:47Z",       "updated_at": "2019-01-29T02:59:21Z",       "pushed_at": "2018-09-10T11:04:36Z",       "git_url": "git://github.com/jOOQ/jOOX.git",       "ssh_url": "git@github.com:jOOQ/jOOX.git",       "clone_url": "https://github.com/jOOQ/jOOX.git",       "svn_url": "https://github.com/jOOQ/jOOX",       "homepage": "http://www.jooq.org/products",       "size": 678,       "stargazers_count": 393,       "watchers_count": 393,       "language": "Java",       "has_issues": true,       "has_projects": true,       "has_downloads": true,       "has_wiki": true,       "has_pages": false,       "forks_count": 33,       "mirror_url": null,       "archived": false,       "open_issues_count": 47,       "license": {         "key": "apache-2.0",         "name": "Apache License 2.0",         "spdx_id": "Apache-2.0",         "url": "https://api.github.com/licenses/apache-2.0",         "node_id": "MDc6TGljZW5zZTI="       },       "forks": 33,       "open_issues": 47,       "watchers": 393,       "default_branch": "master",       "score": 19.785427     },     {       "id": 122733470,       "node_id": "MDEwOlJlcG9zaXRvcnkxMjI3MzM0NzA=",       "name": "whybundled",       "full_name": "d4rkr00t/whybundled",       "private": false,       "owner": {         "login": "d4rkr00t",         "id": 200119,         "node_id": "MDQ6VXNlcjIwMDExOQ==",         "avatar_url": "https://avatars2.githubusercontent.com/u/200119?v=4",         "gravatar_id": "",         "url": "https://api.github.com/users/d4rkr00t",         "html_url": "https://github.com/d4rkr00t",         "followers_url": "https://api.github.com/users/d4rkr00t/followers",         "following_url": "https://api.github.com/users/d4rkr00t/following{/other_user}",         "gists_url": "https://api.github.com/users/d4rkr00t/gists{/gist_id}",         "starred_url": "https://api.github.com/users/d4rkr00t/starred{/owner}{/repo}",         "subscriptions_url": "https://api.github.com/users/d4rkr00t/subscriptions",         "organizations_url": "https://api.github.com/users/d4rkr00t/orgs",         "repos_url": "https://api.github.com/users/d4rkr00t/repos",         "events_url": "https://api.github.com/users/d4rkr00t/events{/privacy}",         "received_events_url": "https://api.github.com/users/d4rkr00t/received_events",         "type": "User",         "site_admin": false       },       "html_url": "https://github.com/d4rkr00t/whybundled",       "description": "Answers the question – Why the hell is this module in a bundle?",       "fork": false,       "url": "https://api.github.com/repos/d4rkr00t/whybundled",       "forks_url": "https://api.github.com/repos/d4rkr00t/whybundled/forks",       "keys_url": "https://api.github.com/repos/d4rkr00t/whybundled/keys{/key_id}",       "collaborators_url": "https://api.github.com/repos/d4rkr00t/whybundled/collaborators{/collaborator}",       "teams_url": "https://api.github.com/repos/d4rkr00t/whybundled/teams",       "hooks_url": "https://api.github.com/repos/d4rkr00t/whybundled/hooks",       "issue_events_url": "https://api.github.com/repos/d4rkr00t/whybundled/issues/events{/number}",       "events_url": "https://api.github.com/repos/d4rkr00t/whybundled/events",       "assignees_url": "https://api.github.com/repos/d4rkr00t/whybundled/assignees{/user}",       "branches_url": "https://api.github.com/repos/d4rkr00t/whybundled/branches{/branch}",       "tags_url": "https://api.github.com/repos/d4rkr00t/whybundled/tags",       "blobs_url": "https://api.github.com/repos/d4rkr00t/whybundled/git/blobs{/sha}",       "git_tags_url": "https://api.github.com/repos/d4rkr00t/whybundled/git/tags{/sha}",       "git_refs_url": "https://api.github.com/repos/d4rkr00t/whybundled/git/refs{/sha}",       "trees_url": "https://api.github.com/repos/d4rkr00t/whybundled/git/trees{/sha}",       "statuses_url": "https://api.github.com/repos/d4rkr00t/whybundled/statuses/{sha}",       "languages_url": "https://api.github.com/repos/d4rkr00t/whybundled/languages",       "stargazers_url": "https://api.github.com/repos/d4rkr00t/whybundled/stargazers",       "contributors_url": "https://api.github.com/repos/d4rkr00t/whybundled/contributors",       "subscribers_url": "https://api.github.com/repos/d4rkr00t/whybundled/subscribers",       "subscription_url": "https://api.github.com/repos/d4rkr00t/whybundled/subscription",       "commits_url": "https://api.github.com/repos/d4rkr00t/whybundled/commits{/sha}",       "git_commits_url": "https://api.github.com/repos/d4rkr00t/whybundled/git/commits{/sha}",       "comments_url": "https://api.github.com/repos/d4rkr00t/whybundled/comments{/number}",       "issue_comment_url": "https://api.github.com/repos/d4rkr00t/whybundled/issues/comments{/number}",       "contents_url": "https://api.github.com/repos/d4rkr00t/whybundled/contents/{+path}",       "compare_url": "https://api.github.com/repos/d4rkr00t/whybundled/compare/{base}...{head}",       "merges_url": "https://api.github.com/repos/d4rkr00t/whybundled/merges",       "archive_url": "https://api.github.com/repos/d4rkr00t/whybundled/{archive_format}{/ref}",       "downloads_url": "https://api.github.com/repos/d4rkr00t/whybundled/downloads",       "issues_url": "https://api.github.com/repos/d4rkr00t/whybundled/issues{/number}",       "pulls_url": "https://api.github.com/repos/d4rkr00t/whybundled/pulls{/number}",       "milestones_url": "https://api.github.com/repos/d4rkr00t/whybundled/milestones{/number}",       "notifications_url": "https://api.github.com/repos/d4rkr00t/whybundled/notifications{?since,all,participating}",       "labels_url": "https://api.github.com/repos/d4rkr00t/whybundled/labels{/name}",       "releases_url": "https://api.github.com/repos/d4rkr00t/whybundled/releases{/id}",       "deployments_url": "https://api.github.com/repos/d4rkr00t/whybundled/deployments",       "created_at": "2018-02-24T11:12:27Z",       "updated_at": "2019-01-23T19:10:27Z",       "pushed_at": "2018-08-20T15:27:01Z",       "git_url": "git://github.com/d4rkr00t/whybundled.git",       "ssh_url": "git@github.com:d4rkr00t/whybundled.git",       "clone_url": "https://github.com/d4rkr00t/whybundled.git",       "svn_url": "https://github.com/d4rkr00t/whybundled",       "homepage": "",       "size": 2003,       "stargazers_count": 374,       "watchers_count": 374,       "language": "JavaScript",       "has_issues": true,       "has_projects": true,       "has_downloads": true,       "has_wiki": true,       "has_pages": false,       "forks_count": 8,       "mirror_url": null,       "archived": false,       "open_issues_count": 0,       "license": {         "key": "mit",         "name": "MIT License",         "spdx_id": "MIT",         "url": "https://api.github.com/licenses/mit",         "node_id": "MDc6TGljZW5zZTEz"       },       "forks": 8,       "open_issues": 0,       "watchers": 374,       "default_branch": "master",       "score": 68.71839     },     {       "id": 9549719,       "node_id": "MDEwOlJlcG9zaXRvcnk5NTQ5NzE5",       "name": "CLOSURE",       "full_name": "steveklabnik/CLOSURE",       "private": false,       "owner": {         "login": "steveklabnik",         "id": 27786,         "node_id": "MDQ6VXNlcjI3Nzg2",         "avatar_url": "https://avatars2.githubusercontent.com/u/27786?v=4",         "gravatar_id": "",         "url": "https://api.github.com/users/steveklabnik",         "html_url": "https://github.com/steveklabnik",         "followers_url": "https://api.github.com/users/steveklabnik/followers",         "following_url": "https://api.github.com/users/steveklabnik/following{/other_user}",         "gists_url": "https://api.github.com/users/steveklabnik/gists{/gist_id}",         "starred_url": "https://api.github.com/users/steveklabnik/starred{/owner}{/repo}",         "subscriptions_url": "https://api.github.com/users/steveklabnik/subscriptions",         "organizations_url": "https://api.github.com/users/steveklabnik/orgs",         "repos_url": "https://api.github.com/users/steveklabnik/repos",         "events_url": "https://api.github.com/users/steveklabnik/events{/privacy}",         "received_events_url": "https://api.github.com/users/steveklabnik/received_events",         "type": "User",         "site_admin": false       },       "html_url": "https://github.com/steveklabnik/CLOSURE",       "description": "Thanks, _why.",       "fork": false,       "url": "https://api.github.com/repos/steveklabnik/CLOSURE",       "forks_url": "https://api.github.com/repos/steveklabnik/CLOSURE/forks",       "keys_url": "https://api.github.com/repos/steveklabnik/CLOSURE/keys{/key_id}",       "collaborators_url": "https://api.github.com/repos/steveklabnik/CLOSURE/collaborators{/collaborator}",       "teams_url": "https://api.github.com/repos/steveklabnik/CLOSURE/teams",       "hooks_url": "https://api.github.com/repos/steveklabnik/CLOSURE/hooks",       "issue_events_url": "https://api.github.com/repos/steveklabnik/CLOSURE/issues/events{/number}",       "events_url": "https://api.github.com/repos/steveklabnik/CLOSURE/events",       "assignees_url": "https://api.github.com/repos/steveklabnik/CLOSURE/assignees{/user}",       "branches_url": "https://api.github.com/repos/steveklabnik/CLOSURE/branches{/branch}",       "tags_url": "https://api.github.com/repos/steveklabnik/CLOSURE/tags",       "blobs_url": "https://api.github.com/repos/steveklabnik/CLOSURE/git/blobs{/sha}",       "git_tags_url": "https://api.github.com/repos/steveklabnik/CLOSURE/git/tags{/sha}",       "git_refs_url": "https://api.github.com/repos/steveklabnik/CLOSURE/git/refs{/sha}",       "trees_url": "https://api.github.com/repos/steveklabnik/CLOSURE/git/trees{/sha}",       "statuses_url": "https://api.github.com/repos/steveklabnik/CLOSURE/statuses/{sha}",       "languages_url": "https://api.github.com/repos/steveklabnik/CLOSURE/languages",       "stargazers_url": "https://api.github.com/repos/steveklabnik/CLOSURE/stargazers",       "contributors_url": "https://api.github.com/repos/steveklabnik/CLOSURE/contributors",       "subscribers_url": "https://api.github.com/repos/steveklabnik/CLOSURE/subscribers",       "subscription_url": "https://api.github.com/repos/steveklabnik/CLOSURE/subscription",       "commits_url": "https://api.github.com/repos/steveklabnik/CLOSURE/commits{/sha}",       "git_commits_url": "https://api.github.com/repos/steveklabnik/CLOSURE/git/commits{/sha}",       "comments_url": "https://api.github.com/repos/steveklabnik/CLOSURE/comments{/number}",       "issue_comment_url": "https://api.github.com/repos/steveklabnik/CLOSURE/issues/comments{/number}",       "contents_url": "https://api.github.com/repos/steveklabnik/CLOSURE/contents/{+path}",       "compare_url": "https://api.github.com/repos/steveklabnik/CLOSURE/compare/{base}...{head}",       "merges_url": "https://api.github.com/repos/steveklabnik/CLOSURE/merges",       "archive_url": "https://api.github.com/repos/steveklabnik/CLOSURE/{archive_format}{/ref}",       "downloads_url": "https://api.github.com/repos/steveklabnik/CLOSURE/downloads",       "issues_url": "https://api.github.com/repos/steveklabnik/CLOSURE/issues{/number}",       "pulls_url": "https://api.github.com/repos/steveklabnik/CLOSURE/pulls{/number}",       "milestones_url": "https://api.github.com/repos/steveklabnik/CLOSURE/milestones{/number}",       "notifications_url": "https://api.github.com/repos/steveklabnik/CLOSURE/notifications{?since,all,participating}",       "labels_url": "https://api.github.com/repos/steveklabnik/CLOSURE/labels{/name}",       "releases_url": "https://api.github.com/repos/steveklabnik/CLOSURE/releases{/id}",       "deployments_url": "https://api.github.com/repos/steveklabnik/CLOSURE/deployments",       "created_at": "2013-04-19T16:35:35Z",       "updated_at": "2019-01-25T03:10:45Z",       "pushed_at": "2016-08-19T21:52:58Z",       "git_url": "git://github.com/steveklabnik/CLOSURE.git",       "ssh_url": "git@github.com:steveklabnik/CLOSURE.git",       "clone_url": "https://github.com/steveklabnik/CLOSURE.git",       "svn_url": "https://github.com/steveklabnik/CLOSURE",       "homepage": null,       "size": 98819,       "stargazers_count": 347,       "watchers_count": 347,       "language": null,       "has_issues": true,       "has_projects": true,       "has_downloads": true,       "has_wiki": true,       "has_pages": false,       "forks_count": 29,       "mirror_url": null,       "archived": false,       "open_issues_count": 1,       "license": null,       "forks": 29,       "open_issues": 1,       "watchers": 347,       "default_branch": "master",       "score": 83.84435     },     {       "id": 285132,       "node_id": "MDEwOlJlcG9zaXRvcnkyODUxMzI=",       "name": "TryRuby",       "full_name": "Sophrinix/TryRuby",       "private": false,       "owner": {         "login": "Sophrinix",         "id": 34090,         "node_id": "MDQ6VXNlcjM0MDkw",         "avatar_url": "https://avatars1.githubusercontent.com/u/34090?v=4",         "gravatar_id": "",         "url": "https://api.github.com/users/Sophrinix",         "html_url": "https://github.com/Sophrinix",         "followers_url": "https://api.github.com/users/Sophrinix/followers",         "following_url": "https://api.github.com/users/Sophrinix/following{/other_user}",         "gists_url": "https://api.github.com/users/Sophrinix/gists{/gist_id}",         "starred_url": "https://api.github.com/users/Sophrinix/starred{/owner}{/repo}",         "subscriptions_url": "https://api.github.com/users/Sophrinix/subscriptions",         "organizations_url": "https://api.github.com/users/Sophrinix/orgs",         "repos_url": "https://api.github.com/users/Sophrinix/repos",         "events_url": "https://api.github.com/users/Sophrinix/events{/privacy}",         "received_events_url": "https://api.github.com/users/Sophrinix/received_events",         "type": "User",         "site_admin": false       },       "html_url": "https://github.com/Sophrinix/TryRuby",       "description": "Try Ruby is a interactive shell that quickly and whimsically teaches the Ruby programming language. Originally _why's idea, it has been recreated from the ground up by Rubyists who have a passion for Ruby and for teaching their fellow (wo)man how to program.",       "fork": false,       "url": "https://api.github.com/repos/Sophrinix/TryRuby",       "forks_url": "https://api.github.com/repos/Sophrinix/TryRuby/forks",       "keys_url": "https://api.github.com/repos/Sophrinix/TryRuby/keys{/key_id}",       "collaborators_url": "https://api.github.com/repos/Sophrinix/TryRuby/collaborators{/collaborator}",       "teams_url": "https://api.github.com/repos/Sophrinix/TryRuby/teams",       "hooks_url": "https://api.github.com/repos/Sophrinix/TryRuby/hooks",       "issue_events_url": "https://api.github.com/repos/Sophrinix/TryRuby/issues/events{/number}",       "events_url": "https://api.github.com/repos/Sophrinix/TryRuby/events",       "assignees_url": "https://api.github.com/repos/Sophrinix/TryRuby/assignees{/user}",       "branches_url": "https://api.github.com/repos/Sophrinix/TryRuby/branches{/branch}",       "tags_url": "https://api.github.com/repos/Sophrinix/TryRuby/tags",       "blobs_url": "https://api.github.com/repos/Sophrinix/TryRuby/git/blobs{/sha}",       "git_tags_url": "https://api.github.com/repos/Sophrinix/TryRuby/git/tags{/sha}",       "git_refs_url": "https://api.github.com/repos/Sophrinix/TryRuby/git/refs{/sha}",       "trees_url": "https://api.github.com/repos/Sophrinix/TryRuby/git/trees{/sha}",       "statuses_url": "https://api.github.com/repos/Sophrinix/TryRuby/statuses/{sha}",       "languages_url": "https://api.github.com/repos/Sophrinix/TryRuby/languages",       "stargazers_url": "https://api.github.com/repos/Sophrinix/TryRuby/stargazers",       "contributors_url": "https://api.github.com/repos/Sophrinix/TryRuby/contributors",       "subscribers_url": "https://api.github.com/repos/Sophrinix/TryRuby/subscribers",       "subscription_url": "https://api.github.com/repos/Sophrinix/TryRuby/subscription",       "commits_url": "https://api.github.com/repos/Sophrinix/TryRuby/commits{/sha}",       "git_commits_url": "https://api.github.com/repos/Sophrinix/TryRuby/git/commits{/sha}",       "comments_url": "https://api.github.com/repos/Sophrinix/TryRuby/comments{/number}",       "issue_comment_url": "https://api.github.com/repos/Sophrinix/TryRuby/issues/comments{/number}",       "contents_url": "https://api.github.com/repos/Sophrinix/TryRuby/contents/{+path}",       "compare_url": "https://api.github.com/repos/Sophrinix/TryRuby/compare/{base}...{head}",       "merges_url": "https://api.github.com/repos/Sophrinix/TryRuby/merges",       "archive_url": "https://api.github.com/repos/Sophrinix/TryRuby/{archive_format}{/ref}",       "downloads_url": "https://api.github.com/repos/Sophrinix/TryRuby/downloads",       "issues_url": "https://api.github.com/repos/Sophrinix/TryRuby/issues{/number}",       "pulls_url": "https://api.github.com/repos/Sophrinix/TryRuby/pulls{/number}",       "milestones_url": "https://api.github.com/repos/Sophrinix/TryRuby/milestones{/number}",       "notifications_url": "https://api.github.com/repos/Sophrinix/TryRuby/notifications{?since,all,participating}",       "labels_url": "https://api.github.com/repos/Sophrinix/TryRuby/labels{/name}",       "releases_url": "https://api.github.com/repos/Sophrinix/TryRuby/releases{/id}",       "deployments_url": "https://api.github.com/repos/Sophrinix/TryRuby/deployments",       "created_at": "2009-08-22T17:31:37Z",       "updated_at": "2019-01-21T09:33:14Z",       "pushed_at": "2018-06-02T04:32:55Z",       "git_url": "git://github.com/Sophrinix/TryRuby.git",       "ssh_url": "git@github.com:Sophrinix/TryRuby.git",       "clone_url": "https://github.com/Sophrinix/TryRuby.git",       "svn_url": "https://github.com/Sophrinix/TryRuby",       "homepage": "tryruby.org",       "size": 881,       "stargazers_count": 346,       "watchers_count": 346,       "language": "HTML",       "has_issues": true,       "has_projects": true,       "has_downloads": true,       "has_wiki": true,       "has_pages": false,       "forks_count": 82,       "mirror_url": null,       "archived": false,       "open_issues_count": 69,       "license": null,       "forks": 82,       "open_issues": 69,       "watchers": 346,       "default_branch": "master",       "score": 21.902185     },     {       "id": 139259807,       "node_id": "MDEwOlJlcG9zaXRvcnkxMzkyNTk4MDc=",       "name": "UserDefaultsStore",       "full_name": "omaralbeik/UserDefaultsStore",       "private": false,       "owner": {         "login": "omaralbeik",         "id": 8127757,         "node_id": "MDQ6VXNlcjgxMjc3NTc=",         "avatar_url": "https://avatars2.githubusercontent.com/u/8127757?v=4",         "gravatar_id": "",         "url": "https://api.github.com/users/omaralbeik",         "html_url": "https://github.com/omaralbeik",         "followers_url": "https://api.github.com/users/omaralbeik/followers",         "following_url": "https://api.github.com/users/omaralbeik/following{/other_user}",         "gists_url": "https://api.github.com/users/omaralbeik/gists{/gist_id}",         "starred_url": "https://api.github.com/users/omaralbeik/starred{/owner}{/repo}",         "subscriptions_url": "https://api.github.com/users/omaralbeik/subscriptions",         "organizations_url": "https://api.github.com/users/omaralbeik/orgs",         "repos_url": "https://api.github.com/users/omaralbeik/repos",         "events_url": "https://api.github.com/users/omaralbeik/events{/privacy}",         "received_events_url": "https://api.github.com/users/omaralbeik/received_events",         "type": "User",         "site_admin": false       },       "html_url": "https://github.com/omaralbeik/UserDefaultsStore",       "description": "Why not use UserDefaults to store Codable objects 😉",       "fork": false,       "url": "https://api.github.com/repos/omaralbeik/UserDefaultsStore",       "forks_url": "https://api.github.com/repos/omaralbeik/UserDefaultsStore/forks",       "keys_url": "https://api.github.com/repos/omaralbeik/UserDefaultsStore/keys{/key_id}",       "collaborators_url": "https://api.github.com/repos/omaralbeik/UserDefaultsStore/collaborators{/collaborator}",       "teams_url": "https://api.github.com/repos/omaralbeik/UserDefaultsStore/teams",       "hooks_url": "https://api.github.com/repos/omaralbeik/UserDefaultsStore/hooks",       "issue_events_url": "https://api.github.com/repos/omaralbeik/UserDefaultsStore/issues/events{/number}",       "events_url": "https://api.github.com/repos/omaralbeik/UserDefaultsStore/events",       "assignees_url": "https://api.github.com/repos/omaralbeik/UserDefaultsStore/assignees{/user}",       "branches_url": "https://api.github.com/repos/omaralbeik/UserDefaultsStore/branches{/branch}",       "tags_url": "https://api.github.com/repos/omaralbeik/UserDefaultsStore/tags",       "blobs_url": "https://api.github.com/repos/omaralbeik/UserDefaultsStore/git/blobs{/sha}",       "git_tags_url": "https://api.github.com/repos/omaralbeik/UserDefaultsStore/git/tags{/sha}",       "git_refs_url": "https://api.github.com/repos/omaralbeik/UserDefaultsStore/git/refs{/sha}",       "trees_url": "https://api.github.com/repos/omaralbeik/UserDefaultsStore/git/trees{/sha}",       "statuses_url": "https://api.github.com/repos/omaralbeik/UserDefaultsStore/statuses/{sha}",       "languages_url": "https://api.github.com/repos/omaralbeik/UserDefaultsStore/languages",       "stargazers_url": "https://api.github.com/repos/omaralbeik/UserDefaultsStore/stargazers",       "contributors_url": "https://api.github.com/repos/omaralbeik/UserDefaultsStore/contributors",       "subscribers_url": "https://api.github.com/repos/omaralbeik/UserDefaultsStore/subscribers",       "subscription_url": "https://api.github.com/repos/omaralbeik/UserDefaultsStore/subscription",       "commits_url": "https://api.github.com/repos/omaralbeik/UserDefaultsStore/commits{/sha}",       "git_commits_url": "https://api.github.com/repos/omaralbeik/UserDefaultsStore/git/commits{/sha}",       "comments_url": "https://api.github.com/repos/omaralbeik/UserDefaultsStore/comments{/number}",       "issue_comment_url": "https://api.github.com/repos/omaralbeik/UserDefaultsStore/issues/comments{/number}",       "contents_url": "https://api.github.com/repos/omaralbeik/UserDefaultsStore/contents/{+path}",       "compare_url": "https://api.github.com/repos/omaralbeik/UserDefaultsStore/compare/{base}...{head}",       "merges_url": "https://api.github.com/repos/omaralbeik/UserDefaultsStore/merges",       "archive_url": "https://api.github.com/repos/omaralbeik/UserDefaultsStore/{archive_format}{/ref}",       "downloads_url": "https://api.github.com/repos/omaralbeik/UserDefaultsStore/downloads",       "issues_url": "https://api.github.com/repos/omaralbeik/UserDefaultsStore/issues{/number}",       "pulls_url": "https://api.github.com/repos/omaralbeik/UserDefaultsStore/pulls{/number}",       "milestones_url": "https://api.github.com/repos/omaralbeik/UserDefaultsStore/milestones{/number}",       "notifications_url": "https://api.github.com/repos/omaralbeik/UserDefaultsStore/notifications{?since,all,participating}",       "labels_url": "https://api.github.com/repos/omaralbeik/UserDefaultsStore/labels{/name}",       "releases_url": "https://api.github.com/repos/omaralbeik/UserDefaultsStore/releases{/id}",       "deployments_url": "https://api.github.com/repos/omaralbeik/UserDefaultsStore/deployments",       "created_at": "2018-06-30T15:29:31Z",       "updated_at": "2019-01-28T22:49:33Z",       "pushed_at": "2018-11-08T05:49:36Z",       "git_url": "git://github.com/omaralbeik/UserDefaultsStore.git",       "ssh_url": "git@github.com:omaralbeik/UserDefaultsStore.git",       "clone_url": "https://github.com/omaralbeik/UserDefaultsStore.git",       "svn_url": "https://github.com/omaralbeik/UserDefaultsStore",       "homepage": null,       "size": 388,       "stargazers_count": 311,       "watchers_count": 311,       "language": "Swift",       "has_issues": true,       "has_projects": false,       "has_downloads": true,       "has_wiki": false,       "has_pages": false,       "forks_count": 13,       "mirror_url": null,       "archived": false,       "open_issues_count": 2,       "license": {         "key": "mit",         "name": "MIT License",         "spdx_id": "MIT",         "url": "https://api.github.com/licenses/mit",         "node_id": "MDc6TGljZW5zZTEz"       },       "forks": 13,       "open_issues": 2,       "watchers": 311,       "default_branch": "master",       "score": 51.533516     },     {       "id": 1666180,       "node_id": "MDEwOlJlcG9zaXRvcnkxNjY2MTgw",       "name": "why_i_love_github",       "full_name": "schacon/why_i_love_github",       "private": false,       "owner": {         "login": "schacon",         "id": 70,         "node_id": "MDQ6VXNlcjcw",         "avatar_url": "https://avatars0.githubusercontent.com/u/70?v=4",         "gravatar_id": "",         "url": "https://api.github.com/users/schacon",         "html_url": "https://github.com/schacon",         "followers_url": "https://api.github.com/users/schacon/followers",         "following_url": "https://api.github.com/users/schacon/following{/other_user}",         "gists_url": "https://api.github.com/users/schacon/gists{/gist_id}",         "starred_url": "https://api.github.com/users/schacon/starred{/owner}{/repo}",         "subscriptions_url": "https://api.github.com/users/schacon/subscriptions",         "organizations_url": "https://api.github.com/users/schacon/orgs",         "repos_url": "https://api.github.com/users/schacon/repos",         "events_url": "https://api.github.com/users/schacon/events{/privacy}",         "received_events_url": "https://api.github.com/users/schacon/received_events",         "type": "User",         "site_admin": false       },       "html_url": "https://github.com/schacon/why_i_love_github",       "description": null,       "fork": false,       "url": "https://api.github.com/repos/schacon/why_i_love_github",       "forks_url": "https://api.github.com/repos/schacon/why_i_love_github/forks",       "keys_url": "https://api.github.com/repos/schacon/why_i_love_github/keys{/key_id}",       "collaborators_url": "https://api.github.com/repos/schacon/why_i_love_github/collaborators{/collaborator}",       "teams_url": "https://api.github.com/repos/schacon/why_i_love_github/teams",       "hooks_url": "https://api.github.com/repos/schacon/why_i_love_github/hooks",       "issue_events_url": "https://api.github.com/repos/schacon/why_i_love_github/issues/events{/number}",       "events_url": "https://api.github.com/repos/schacon/why_i_love_github/events",       "assignees_url": "https://api.github.com/repos/schacon/why_i_love_github/assignees{/user}",       "branches_url": "https://api.github.com/repos/schacon/why_i_love_github/branches{/branch}",       "tags_url": "https://api.github.com/repos/schacon/why_i_love_github/tags",       "blobs_url": "https://api.github.com/repos/schacon/why_i_love_github/git/blobs{/sha}",       "git_tags_url": "https://api.github.com/repos/schacon/why_i_love_github/git/tags{/sha}",       "git_refs_url": "https://api.github.com/repos/schacon/why_i_love_github/git/refs{/sha}",       "trees_url": "https://api.github.com/repos/schacon/why_i_love_github/git/trees{/sha}",       "statuses_url": "https://api.github.com/repos/schacon/why_i_love_github/statuses/{sha}",       "languages_url": "https://api.github.com/repos/schacon/why_i_love_github/languages",       "stargazers_url": "https://api.github.com/repos/schacon/why_i_love_github/stargazers",       "contributors_url": "https://api.github.com/repos/schacon/why_i_love_github/contributors",       "subscribers_url": "https://api.github.com/repos/schacon/why_i_love_github/subscribers",       "subscription_url": "https://api.github.com/repos/schacon/why_i_love_github/subscription",       "commits_url": "https://api.github.com/repos/schacon/why_i_love_github/commits{/sha}",       "git_commits_url": "https://api.github.com/repos/schacon/why_i_love_github/git/commits{/sha}",       "comments_url": "https://api.github.com/repos/schacon/why_i_love_github/comments{/number}",       "issue_comment_url": "https://api.github.com/repos/schacon/why_i_love_github/issues/comments{/number}",       "contents_url": "https://api.github.com/repos/schacon/why_i_love_github/contents/{+path}",       "compare_url": "https://api.github.com/repos/schacon/why_i_love_github/compare/{base}...{head}",       "merges_url": "https://api.github.com/repos/schacon/why_i_love_github/merges",       "archive_url": "https://api.github.com/repos/schacon/why_i_love_github/{archive_format}{/ref}",       "downloads_url": "https://api.github.com/repos/schacon/why_i_love_github/downloads",       "issues_url": "https://api.github.com/repos/schacon/why_i_love_github/issues{/number}",       "pulls_url": "https://api.github.com/repos/schacon/why_i_love_github/pulls{/number}",       "milestones_url": "https://api.github.com/repos/schacon/why_i_love_github/milestones{/number}",       "notifications_url": "https://api.github.com/repos/schacon/why_i_love_github/notifications{?since,all,participating}",       "labels_url": "https://api.github.com/repos/schacon/why_i_love_github/labels{/name}",       "releases_url": "https://api.github.com/repos/schacon/why_i_love_github/releases{/id}",       "deployments_url": "https://api.github.com/repos/schacon/why_i_love_github/deployments",       "created_at": "2011-04-26T17:18:57Z",       "updated_at": "2018-12-26T22:44:49Z",       "pushed_at": "2018-09-06T06:18:12Z",       "git_url": "git://github.com/schacon/why_i_love_github.git",       "ssh_url": "git@github.com:schacon/why_i_love_github.git",       "clone_url": "https://github.com/schacon/why_i_love_github.git",       "svn_url": "https://github.com/schacon/why_i_love_github",       "homepage": "",       "size": 296,       "stargazers_count": 269,       "watchers_count": 269,       "language": null,       "has_issues": true,       "has_projects": true,       "has_downloads": true,       "has_wiki": true,       "has_pages": false,       "forks_count": 202,       "mirror_url": null,       "archived": false,       "open_issues_count": 115,       "license": null,       "forks": 202,       "open_issues": 115,       "watchers": 269,       "default_branch": "master",       "score": 94.968346     },     {       "id": 5762352,       "node_id": "MDEwOlJlcG9zaXRvcnk1NzYyMzUy",       "name": "nightowls",       "full_name": "Swizec/nightowls",       "private": false,       "owner": {         "login": "Swizec",         "id": 56883,         "node_id": "MDQ6VXNlcjU2ODgz",         "avatar_url": "https://avatars0.githubusercontent.com/u/56883?v=4",         "gravatar_id": "",         "url": "https://api.github.com/users/Swizec",         "html_url": "https://github.com/Swizec",         "followers_url": "https://api.github.com/users/Swizec/followers",         "following_url": "https://api.github.com/users/Swizec/following{/other_user}",         "gists_url": "https://api.github.com/users/Swizec/gists{/gist_id}",         "starred_url": "https://api.github.com/users/Swizec/starred{/owner}{/repo}",         "subscriptions_url": "https://api.github.com/users/Swizec/subscriptions",         "organizations_url": "https://api.github.com/users/Swizec/orgs",         "repos_url": "https://api.github.com/users/Swizec/repos",         "events_url": "https://api.github.com/users/Swizec/events{/privacy}",         "received_events_url": "https://api.github.com/users/Swizec/received_events",         "type": "User",         "site_admin": false       },       "html_url": "https://github.com/Swizec/nightowls",       "description": "Why programmers work at night - a book about programmers, by a programmer",       "fork": false,       "url": "https://api.github.com/repos/Swizec/nightowls",       "forks_url": "https://api.github.com/repos/Swizec/nightowls/forks",       "keys_url": "https://api.github.com/repos/Swizec/nightowls/keys{/key_id}",       "collaborators_url": "https://api.github.com/repos/Swizec/nightowls/collaborators{/collaborator}",       "teams_url": "https://api.github.com/repos/Swizec/nightowls/teams",       "hooks_url": "https://api.github.com/repos/Swizec/nightowls/hooks",       "issue_events_url": "https://api.github.com/repos/Swizec/nightowls/issues/events{/number}",       "events_url": "https://api.github.com/repos/Swizec/nightowls/events",       "assignees_url": "https://api.github.com/repos/Swizec/nightowls/assignees{/user}",       "branches_url": "https://api.github.com/repos/Swizec/nightowls/branches{/branch}",       "tags_url": "https://api.github.com/repos/Swizec/nightowls/tags",       "blobs_url": "https://api.github.com/repos/Swizec/nightowls/git/blobs{/sha}",       "git_tags_url": "https://api.github.com/repos/Swizec/nightowls/git/tags{/sha}",       "git_refs_url": "https://api.github.com/repos/Swizec/nightowls/git/refs{/sha}",       "trees_url": "https://api.github.com/repos/Swizec/nightowls/git/trees{/sha}",       "statuses_url": "https://api.github.com/repos/Swizec/nightowls/statuses/{sha}",       "languages_url": "https://api.github.com/repos/Swizec/nightowls/languages",       "stargazers_url": "https://api.github.com/repos/Swizec/nightowls/stargazers",       "contributors_url": "https://api.github.com/repos/Swizec/nightowls/contributors",       "subscribers_url": "https://api.github.com/repos/Swizec/nightowls/subscribers",       "subscription_url": "https://api.github.com/repos/Swizec/nightowls/subscription",       "commits_url": "https://api.github.com/repos/Swizec/nightowls/commits{/sha}",       "git_commits_url": "https://api.github.com/repos/Swizec/nightowls/git/commits{/sha}",       "comments_url": "https://api.github.com/repos/Swizec/nightowls/comments{/number}",       "issue_comment_url": "https://api.github.com/repos/Swizec/nightowls/issues/comments{/number}",       "contents_url": "https://api.github.com/repos/Swizec/nightowls/contents/{+path}",       "compare_url": "https://api.github.com/repos/Swizec/nightowls/compare/{base}...{head}",       "merges_url": "https://api.github.com/repos/Swizec/nightowls/merges",       "archive_url": "https://api.github.com/repos/Swizec/nightowls/{archive_format}{/ref}",       "downloads_url": "https://api.github.com/repos/Swizec/nightowls/downloads",       "issues_url": "https://api.github.com/repos/Swizec/nightowls/issues{/number}",       "pulls_url": "https://api.github.com/repos/Swizec/nightowls/pulls{/number}",       "milestones_url": "https://api.github.com/repos/Swizec/nightowls/milestones{/number}",       "notifications_url": "https://api.github.com/repos/Swizec/nightowls/notifications{?since,all,participating}",       "labels_url": "https://api.github.com/repos/Swizec/nightowls/labels{/name}",       "releases_url": "https://api.github.com/repos/Swizec/nightowls/releases{/id}",       "deployments_url": "https://api.github.com/repos/Swizec/nightowls/deployments",       "created_at": "2012-09-11T08:55:05Z",       "updated_at": "2019-01-22T17:12:56Z",       "pushed_at": "2017-04-24T09:21:43Z",       "git_url": "git://github.com/Swizec/nightowls.git",       "ssh_url": "git@github.com:Swizec/nightowls.git",       "clone_url": "https://github.com/Swizec/nightowls.git",       "svn_url": "https://github.com/Swizec/nightowls",       "homepage": "https://leanpub.com/nightowls",       "size": 1301,       "stargazers_count": 267,       "watchers_count": 267,       "language": null,       "has_issues": true,       "has_projects": true,       "has_downloads": true,       "has_wiki": true,       "has_pages": false,       "forks_count": 23,       "mirror_url": null,       "archived": false,       "open_issues_count": 7,       "license": null,       "forks": 23,       "open_issues": 7,       "watchers": 267,       "default_branch": "master",       "score": 46.147247     },     {       "id": 86715491,       "node_id": "MDEwOlJlcG9zaXRvcnk4NjcxNTQ5MQ==",       "name": "pmdarima",       "full_name": "tgsmith61591/pmdarima",       "private": false,       "owner": {         "login": "tgsmith61591",         "id": 6124706,         "node_id": "MDQ6VXNlcjYxMjQ3MDY=",         "avatar_url": "https://avatars0.githubusercontent.com/u/6124706?v=4",         "gravatar_id": "",         "url": "https://api.github.com/users/tgsmith61591",         "html_url": "https://github.com/tgsmith61591",         "followers_url": "https://api.github.com/users/tgsmith61591/followers",         "following_url": "https://api.github.com/users/tgsmith61591/following{/other_user}",         "gists_url": "https://api.github.com/users/tgsmith61591/gists{/gist_id}",         "starred_url": "https://api.github.com/users/tgsmith61591/starred{/owner}{/repo}",         "subscriptions_url": "https://api.github.com/users/tgsmith61591/subscriptions",         "organizations_url": "https://api.github.com/users/tgsmith61591/orgs",         "repos_url": "https://api.github.com/users/tgsmith61591/repos",         "events_url": "https://api.github.com/users/tgsmith61591/events{/privacy}",         "received_events_url": "https://api.github.com/users/tgsmith61591/received_events",         "type": "User",         "site_admin": false       },       "html_url": "https://github.com/tgsmith61591/pmdarima",       "description": "A package that brings R's beloved auto.arima to Python, making an even stronger case for why Python > R for data science. ",       "fork": false,       "url": "https://api.github.com/repos/tgsmith61591/pmdarima",       "forks_url": "https://api.github.com/repos/tgsmith61591/pmdarima/forks",       "keys_url": "https://api.github.com/repos/tgsmith61591/pmdarima/keys{/key_id}",       "collaborators_url": "https://api.github.com/repos/tgsmith61591/pmdarima/collaborators{/collaborator}",       "teams_url": "https://api.github.com/repos/tgsmith61591/pmdarima/teams",       "hooks_url": "https://api.github.com/repos/tgsmith61591/pmdarima/hooks",       "issue_events_url": "https://api.github.com/repos/tgsmith61591/pmdarima/issues/events{/number}",       "events_url": "https://api.github.com/repos/tgsmith61591/pmdarima/events",       "assignees_url": "https://api.github.com/repos/tgsmith61591/pmdarima/assignees{/user}",       "branches_url": "https://api.github.com/repos/tgsmith61591/pmdarima/branches{/branch}",       "tags_url": "https://api.github.com/repos/tgsmith61591/pmdarima/tags",       "blobs_url": "https://api.github.com/repos/tgsmith61591/pmdarima/git/blobs{/sha}",       "git_tags_url": "https://api.github.com/repos/tgsmith61591/pmdarima/git/tags{/sha}",       "git_refs_url": "https://api.github.com/repos/tgsmith61591/pmdarima/git/refs{/sha}",       "trees_url": "https://api.github.com/repos/tgsmith61591/pmdarima/git/trees{/sha}",       "statuses_url": "https://api.github.com/repos/tgsmith61591/pmdarima/statuses/{sha}",       "languages_url": "https://api.github.com/repos/tgsmith61591/pmdarima/languages",       "stargazers_url": "https://api.github.com/repos/tgsmith61591/pmdarima/stargazers",       "contributors_url": "https://api.github.com/repos/tgsmith61591/pmdarima/contributors",       "subscribers_url": "https://api.github.com/repos/tgsmith61591/pmdarima/subscribers",       "subscription_url": "https://api.github.com/repos/tgsmith61591/pmdarima/subscription",       "commits_url": "https://api.github.com/repos/tgsmith61591/pmdarima/commits{/sha}",       "git_commits_url": "https://api.github.com/repos/tgsmith61591/pmdarima/git/commits{/sha}",       "comments_url": "https://api.github.com/repos/tgsmith61591/pmdarima/comments{/number}",       "issue_comment_url": "https://api.github.com/repos/tgsmith61591/pmdarima/issues/comments{/number}",       "contents_url": "https://api.github.com/repos/tgsmith61591/pmdarima/contents/{+path}",       "compare_url": "https://api.github.com/repos/tgsmith61591/pmdarima/compare/{base}...{head}",       "merges_url": "https://api.github.com/repos/tgsmith61591/pmdarima/merges",       "archive_url": "https://api.github.com/repos/tgsmith61591/pmdarima/{archive_format}{/ref}",       "downloads_url": "https://api.github.com/repos/tgsmith61591/pmdarima/downloads",       "issues_url": "https://api.github.com/repos/tgsmith61591/pmdarima/issues{/number}",       "pulls_url": "https://api.github.com/repos/tgsmith61591/pmdarima/pulls{/number}",       "milestones_url": "https://api.github.com/repos/tgsmith61591/pmdarima/milestones{/number}",       "notifications_url": "https://api.github.com/repos/tgsmith61591/pmdarima/notifications{?since,all,participating}",       "labels_url": "https://api.github.com/repos/tgsmith61591/pmdarima/labels{/name}",       "releases_url": "https://api.github.com/repos/tgsmith61591/pmdarima/releases{/id}",       "deployments_url": "https://api.github.com/repos/tgsmith61591/pmdarima/deployments",       "created_at": "2017-03-30T14:58:30Z",       "updated_at": "2019-01-27T16:57:38Z",       "pushed_at": "2019-01-21T21:26:02Z",       "git_url": "git://github.com/tgsmith61591/pmdarima.git",       "ssh_url": "git@github.com:tgsmith61591/pmdarima.git",       "clone_url": "https://github.com/tgsmith61591/pmdarima.git",       "svn_url": "https://github.com/tgsmith61591/pmdarima",       "homepage": "https://www.alkaline-ml.com/pmdarima",       "size": 60561,       "stargazers_count": 254,       "watchers_count": 254,       "language": "Python",       "has_issues": true,       "has_projects": true,       "has_downloads": true,       "has_wiki": true,       "has_pages": true,       "forks_count": 64,       "mirror_url": null,       "archived": false,       "open_issues_count": 1,       "license": {         "key": "mit",         "name": "MIT License",         "spdx_id": "MIT",         "url": "https://api.github.com/licenses/mit",         "node_id": "MDc6TGljZW5zZTEz"       },       "forks": 64,       "open_issues": 1,       "watchers": 254,       "default_branch": "master",       "score": 37.550724     },     {       "id": 72917308,       "node_id": "MDEwOlJlcG9zaXRvcnk3MjkxNzMwOA==",       "name": "learn-elm",       "full_name": "dwyl/learn-elm",       "private": false,       "owner": {         "login": "dwyl",         "id": 11708465,         "node_id": "MDEyOk9yZ2FuaXphdGlvbjExNzA4NDY1",         "avatar_url": "https://avatars1.githubusercontent.com/u/11708465?v=4",         "gravatar_id": "",         "url": "https://api.github.com/users/dwyl",         "html_url": "https://github.com/dwyl",         "followers_url": "https://api.github.com/users/dwyl/followers",         "following_url": "https://api.github.com/users/dwyl/following{/other_user}",         "gists_url": "https://api.github.com/users/dwyl/gists{/gist_id}",         "starred_url": "https://api.github.com/users/dwyl/starred{/owner}{/repo}",         "subscriptions_url": "https://api.github.com/users/dwyl/subscriptions",         "organizations_url": "https://api.github.com/users/dwyl/orgs",         "repos_url": "https://api.github.com/users/dwyl/repos",         "events_url": "https://api.github.com/users/dwyl/events{/privacy}",         "received_events_url": "https://api.github.com/users/dwyl/received_events",         "type": "Organization",         "site_admin": false       },       "html_url": "https://github.com/dwyl/learn-elm",       "description": ":rainbow: discover why people are switching to Elm and how you can get started today!",       "fork": false,       "url": "https://api.github.com/repos/dwyl/learn-elm",       "forks_url": "https://api.github.com/repos/dwyl/learn-elm/forks",       "keys_url": "https://api.github.com/repos/dwyl/learn-elm/keys{/key_id}",       "collaborators_url": "https://api.github.com/repos/dwyl/learn-elm/collaborators{/collaborator}",       "teams_url": "https://api.github.com/repos/dwyl/learn-elm/teams",       "hooks_url": "https://api.github.com/repos/dwyl/learn-elm/hooks",       "issue_events_url": "https://api.github.com/repos/dwyl/learn-elm/issues/events{/number}",       "events_url": "https://api.github.com/repos/dwyl/learn-elm/events",       "assignees_url": "https://api.github.com/repos/dwyl/learn-elm/assignees{/user}",       "branches_url": "https://api.github.com/repos/dwyl/learn-elm/branches{/branch}",       "tags_url": "https://api.github.com/repos/dwyl/learn-elm/tags",       "blobs_url": "https://api.github.com/repos/dwyl/learn-elm/git/blobs{/sha}",       "git_tags_url": "https://api.github.com/repos/dwyl/learn-elm/git/tags{/sha}",       "git_refs_url": "https://api.github.com/repos/dwyl/learn-elm/git/refs{/sha}",       "trees_url": "https://api.github.com/repos/dwyl/learn-elm/git/trees{/sha}",       "statuses_url": "https://api.github.com/repos/dwyl/learn-elm/statuses/{sha}",       "languages_url": "https://api.github.com/repos/dwyl/learn-elm/languages",       "stargazers_url": "https://api.github.com/repos/dwyl/learn-elm/stargazers",       "contributors_url": "https://api.github.com/repos/dwyl/learn-elm/contributors",       "subscribers_url": "https://api.github.com/repos/dwyl/learn-elm/subscribers",       "subscription_url": "https://api.github.com/repos/dwyl/learn-elm/subscription",       "commits_url": "https://api.github.com/repos/dwyl/learn-elm/commits{/sha}",       "git_commits_url": "https://api.github.com/repos/dwyl/learn-elm/git/commits{/sha}",       "comments_url": "https://api.github.com/repos/dwyl/learn-elm/comments{/number}",       "issue_comment_url": "https://api.github.com/repos/dwyl/learn-elm/issues/comments{/number}",       "contents_url": "https://api.github.com/repos/dwyl/learn-elm/contents/{+path}",       "compare_url": "https://api.github.com/repos/dwyl/learn-elm/compare/{base}...{head}",       "merges_url": "https://api.github.com/repos/dwyl/learn-elm/merges",       "archive_url": "https://api.github.com/repos/dwyl/learn-elm/{archive_format}{/ref}",       "downloads_url": "https://api.github.com/repos/dwyl/learn-elm/downloads",       "issues_url": "https://api.github.com/repos/dwyl/learn-elm/issues{/number}",       "pulls_url": "https://api.github.com/repos/dwyl/learn-elm/pulls{/number}",       "milestones_url": "https://api.github.com/repos/dwyl/learn-elm/milestones{/number}",       "notifications_url": "https://api.github.com/repos/dwyl/learn-elm/notifications{?since,all,participating}",       "labels_url": "https://api.github.com/repos/dwyl/learn-elm/labels{/name}",       "releases_url": "https://api.github.com/repos/dwyl/learn-elm/releases{/id}",       "deployments_url": "https://api.github.com/repos/dwyl/learn-elm/deployments",       "created_at": "2016-11-05T09:45:12Z",       "updated_at": "2019-01-25T17:03:04Z",       "pushed_at": "2018-12-04T22:17:50Z",       "git_url": "git://github.com/dwyl/learn-elm.git",       "ssh_url": "git@github.com:dwyl/learn-elm.git",       "clone_url": "https://github.com/dwyl/learn-elm.git",       "svn_url": "https://github.com/dwyl/learn-elm",       "homepage": "https://github.com/dwyl/learn-elm",       "size": 622,       "stargazers_count": 238,       "watchers_count": 238,       "language": "HTML",       "has_issues": true,       "has_projects": true,       "has_downloads": true,       "has_wiki": true,       "has_pages": false,       "forks_count": 19,       "mirror_url": null,       "archived": false,       "open_issues_count": 78,       "license": null,       "forks": 19,       "open_issues": 78,       "watchers": 238,       "default_branch": "master",       "score": 44.12545     },     {       "id": 35120209,       "node_id": "MDEwOlJlcG9zaXRvcnkzNTEyMDIwOQ==",       "name": "wtfnode",       "full_name": "myndzi/wtfnode",       "private": false,       "owner": {         "login": "myndzi",         "id": 1588419,         "node_id": "MDQ6VXNlcjE1ODg0MTk=",         "avatar_url": "https://avatars1.githubusercontent.com/u/1588419?v=4",         "gravatar_id": "",         "url": "https://api.github.com/users/myndzi",         "html_url": "https://github.com/myndzi",         "followers_url": "https://api.github.com/users/myndzi/followers",         "following_url": "https://api.github.com/users/myndzi/following{/other_user}",         "gists_url": "https://api.github.com/users/myndzi/gists{/gist_id}",         "starred_url": "https://api.github.com/users/myndzi/starred{/owner}{/repo}",         "subscriptions_url": "https://api.github.com/users/myndzi/subscriptions",         "organizations_url": "https://api.github.com/users/myndzi/orgs",         "repos_url": "https://api.github.com/users/myndzi/repos",         "events_url": "https://api.github.com/users/myndzi/events{/privacy}",         "received_events_url": "https://api.github.com/users/myndzi/received_events",         "type": "User",         "site_admin": false       },       "html_url": "https://github.com/myndzi/wtfnode",       "description": "Utility to help find out why Node isn't exiting",       "fork": false,       "url": "https://api.github.com/repos/myndzi/wtfnode",       "forks_url": "https://api.github.com/repos/myndzi/wtfnode/forks",       "keys_url": "https://api.github.com/repos/myndzi/wtfnode/keys{/key_id}",       "collaborators_url": "https://api.github.com/repos/myndzi/wtfnode/collaborators{/collaborator}",       "teams_url": "https://api.github.com/repos/myndzi/wtfnode/teams",       "hooks_url": "https://api.github.com/repos/myndzi/wtfnode/hooks",       "issue_events_url": "https://api.github.com/repos/myndzi/wtfnode/issues/events{/number}",       "events_url": "https://api.github.com/repos/myndzi/wtfnode/events",       "assignees_url": "https://api.github.com/repos/myndzi/wtfnode/assignees{/user}",       "branches_url": "https://api.github.com/repos/myndzi/wtfnode/branches{/branch}",       "tags_url": "https://api.github.com/repos/myndzi/wtfnode/tags",       "blobs_url": "https://api.github.com/repos/myndzi/wtfnode/git/blobs{/sha}",       "git_tags_url": "https://api.github.com/repos/myndzi/wtfnode/git/tags{/sha}",       "git_refs_url": "https://api.github.com/repos/myndzi/wtfnode/git/refs{/sha}",       "trees_url": "https://api.github.com/repos/myndzi/wtfnode/git/trees{/sha}",       "statuses_url": "https://api.github.com/repos/myndzi/wtfnode/statuses/{sha}",       "languages_url": "https://api.github.com/repos/myndzi/wtfnode/languages",       "stargazers_url": "https://api.github.com/repos/myndzi/wtfnode/stargazers",       "contributors_url": "https://api.github.com/repos/myndzi/wtfnode/contributors",       "subscribers_url": "https://api.github.com/repos/myndzi/wtfnode/subscribers",       "subscription_url": "https://api.github.com/repos/myndzi/wtfnode/subscription",       "commits_url": "https://api.github.com/repos/myndzi/wtfnode/commits{/sha}",       "git_commits_url": "https://api.github.com/repos/myndzi/wtfnode/git/commits{/sha}",       "comments_url": "https://api.github.com/repos/myndzi/wtfnode/comments{/number}",       "issue_comment_url": "https://api.github.com/repos/myndzi/wtfnode/issues/comments{/number}",       "contents_url": "https://api.github.com/repos/myndzi/wtfnode/contents/{+path}",       "compare_url": "https://api.github.com/repos/myndzi/wtfnode/compare/{base}...{head}",       "merges_url": "https://api.github.com/repos/myndzi/wtfnode/merges",       "archive_url": "https://api.github.com/repos/myndzi/wtfnode/{archive_format}{/ref}",       "downloads_url": "https://api.github.com/repos/myndzi/wtfnode/downloads",       "issues_url": "https://api.github.com/repos/myndzi/wtfnode/issues{/number}",       "pulls_url": "https://api.github.com/repos/myndzi/wtfnode/pulls{/number}",       "milestones_url": "https://api.github.com/repos/myndzi/wtfnode/milestones{/number}",       "notifications_url": "https://api.github.com/repos/myndzi/wtfnode/notifications{?since,all,participating}",       "labels_url": "https://api.github.com/repos/myndzi/wtfnode/labels{/name}",       "releases_url": "https://api.github.com/repos/myndzi/wtfnode/releases{/id}",       "deployments_url": "https://api.github.com/repos/myndzi/wtfnode/deployments",       "created_at": "2015-05-05T19:42:42Z",       "updated_at": "2019-01-23T23:23:20Z",       "pushed_at": "2019-01-15T03:26:56Z",       "git_url": "git://github.com/myndzi/wtfnode.git",       "ssh_url": "git@github.com:myndzi/wtfnode.git",       "clone_url": "https://github.com/myndzi/wtfnode.git",       "svn_url": "https://github.com/myndzi/wtfnode",       "homepage": null,       "size": 59,       "stargazers_count": 237,       "watchers_count": 237,       "language": "JavaScript",       "has_issues": true,       "has_projects": true,       "has_downloads": true,       "has_wiki": true,       "has_pages": false,       "forks_count": 14,       "mirror_url": null,       "archived": false,       "open_issues_count": 0,       "license": null,       "forks": 14,       "open_issues": 0,       "watchers": 237,       "default_branch": "master",       "score": 51.347767     },     {       "id": 539003,       "node_id": "MDEwOlJlcG9zaXRvcnk1MzkwMDM=",       "name": "jquery-outside-events",       "full_name": "cowboy/jquery-outside-events",       "private": false,       "owner": {         "login": "cowboy",         "id": 54051,         "node_id": "MDQ6VXNlcjU0MDUx",         "avatar_url": "https://avatars0.githubusercontent.com/u/54051?v=4",         "gravatar_id": "",         "url": "https://api.github.com/users/cowboy",         "html_url": "https://github.com/cowboy",         "followers_url": "https://api.github.com/users/cowboy/followers",         "following_url": "https://api.github.com/users/cowboy/following{/other_user}",         "gists_url": "https://api.github.com/users/cowboy/gists{/gist_id}",         "starred_url": "https://api.github.com/users/cowboy/starred{/owner}{/repo}",         "subscriptions_url": "https://api.github.com/users/cowboy/subscriptions",         "organizations_url": "https://api.github.com/users/cowboy/orgs",         "repos_url": "https://api.github.com/users/cowboy/repos",         "events_url": "https://api.github.com/users/cowboy/events{/privacy}",         "received_events_url": "https://api.github.com/users/cowboy/received_events",         "type": "User",         "site_admin": false       },       "html_url": "https://github.com/cowboy/jquery-outside-events",       "description": "Why trigger an event on something, when you can trigger it on everything else?",       "fork": false,       "url": "https://api.github.com/repos/cowboy/jquery-outside-events",       "forks_url": "https://api.github.com/repos/cowboy/jquery-outside-events/forks",       "keys_url": "https://api.github.com/repos/cowboy/jquery-outside-events/keys{/key_id}",       "collaborators_url": "https://api.github.com/repos/cowboy/jquery-outside-events/collaborators{/collaborator}",       "teams_url": "https://api.github.com/repos/cowboy/jquery-outside-events/teams",       "hooks_url": "https://api.github.com/repos/cowboy/jquery-outside-events/hooks",       "issue_events_url": "https://api.github.com/repos/cowboy/jquery-outside-events/issues/events{/number}",       "events_url": "https://api.github.com/repos/cowboy/jquery-outside-events/events",       "assignees_url": "https://api.github.com/repos/cowboy/jquery-outside-events/assignees{/user}",       "branches_url": "https://api.github.com/repos/cowboy/jquery-outside-events/branches{/branch}",       "tags_url": "https://api.github.com/repos/cowboy/jquery-outside-events/tags",       "blobs_url": "https://api.github.com/repos/cowboy/jquery-outside-events/git/blobs{/sha}",       "git_tags_url": "https://api.github.com/repos/cowboy/jquery-outside-events/git/tags{/sha}",       "git_refs_url": "https://api.github.com/repos/cowboy/jquery-outside-events/git/refs{/sha}",       "trees_url": "https://api.github.com/repos/cowboy/jquery-outside-events/git/trees{/sha}",       "statuses_url": "https://api.github.com/repos/cowboy/jquery-outside-events/statuses/{sha}",       "languages_url": "https://api.github.com/repos/cowboy/jquery-outside-events/languages",       "stargazers_url": "https://api.github.com/repos/cowboy/jquery-outside-events/stargazers",       "contributors_url": "https://api.github.com/repos/cowboy/jquery-outside-events/contributors",       "subscribers_url": "https://api.github.com/repos/cowboy/jquery-outside-events/subscribers",       "subscription_url": "https://api.github.com/repos/cowboy/jquery-outside-events/subscription",       "commits_url": "https://api.github.com/repos/cowboy/jquery-outside-events/commits{/sha}",       "git_commits_url": "https://api.github.com/repos/cowboy/jquery-outside-events/git/commits{/sha}",       "comments_url": "https://api.github.com/repos/cowboy/jquery-outside-events/comments{/number}",       "issue_comment_url": "https://api.github.com/repos/cowboy/jquery-outside-events/issues/comments{/number}",       "contents_url": "https://api.github.com/repos/cowboy/jquery-outside-events/contents/{+path}",       "compare_url": "https://api.github.com/repos/cowboy/jquery-outside-events/compare/{base}...{head}",       "merges_url": "https://api.github.com/repos/cowboy/jquery-outside-events/merges",       "archive_url": "https://api.github.com/repos/cowboy/jquery-outside-events/{archive_format}{/ref}",       "downloads_url": "https://api.github.com/repos/cowboy/jquery-outside-events/downloads",       "issues_url": "https://api.github.com/repos/cowboy/jquery-outside-events/issues{/number}",       "pulls_url": "https://api.github.com/repos/cowboy/jquery-outside-events/pulls{/number}",       "milestones_url": "https://api.github.com/repos/cowboy/jquery-outside-events/milestones{/number}",       "notifications_url": "https://api.github.com/repos/cowboy/jquery-outside-events/notifications{?since,all,participating}",       "labels_url": "https://api.github.com/repos/cowboy/jquery-outside-events/labels{/name}",       "releases_url": "https://api.github.com/repos/cowboy/jquery-outside-events/releases{/id}",       "deployments_url": "https://api.github.com/repos/cowboy/jquery-outside-events/deployments",       "created_at": "2010-02-27T19:56:14Z",       "updated_at": "2019-01-23T22:10:28Z",       "pushed_at": "2016-04-03T09:27:45Z",       "git_url": "git://github.com/cowboy/jquery-outside-events.git",       "ssh_url": "git@github.com:cowboy/jquery-outside-events.git",       "clone_url": "https://github.com/cowboy/jquery-outside-events.git",       "svn_url": "https://github.com/cowboy/jquery-outside-events",       "homepage": "http://benalman.com/projects/jquery-clickoutside-plugin/",       "size": 320,       "stargazers_count": 236,       "watchers_count": 236,       "language": "JavaScript",       "has_issues": true,       "has_projects": true,       "has_downloads": true,       "has_wiki": true,       "has_pages": false,       "forks_count": 44,       "mirror_url": null,       "archived": false,       "open_issues_count": 10,       "license": {         "key": "other",         "name": "Other",         "spdx_id": "NOASSERTION",         "url": null,         "node_id": "MDc6TGljZW5zZTA="       },       "forks": 44,       "open_issues": 10,       "watchers": 236,       "default_branch": "master",       "score": 49.848385     },     {       "id": 124265580,       "node_id": "MDEwOlJlcG9zaXRvcnkxMjQyNjU1ODA=",       "name": "Viewpager-Transformation",       "full_name": "dipanshukr/Viewpager-Transformation",       "private": false,       "owner": {         "login": "dipanshukr",         "id": 29334373,         "node_id": "MDQ6VXNlcjI5MzM0Mzcz",         "avatar_url": "https://avatars3.githubusercontent.com/u/29334373?v=4",         "gravatar_id": "",         "url": "https://api.github.com/users/dipanshukr",         "html_url": "https://github.com/dipanshukr",         "followers_url": "https://api.github.com/users/dipanshukr/followers",         "following_url": "https://api.github.com/users/dipanshukr/following{/other_user}",         "gists_url": "https://api.github.com/users/dipanshukr/gists{/gist_id}",         "starred_url": "https://api.github.com/users/dipanshukr/starred{/owner}{/repo}",         "subscriptions_url": "https://api.github.com/users/dipanshukr/subscriptions",         "organizations_url": "https://api.github.com/users/dipanshukr/orgs",         "repos_url": "https://api.github.com/users/dipanshukr/repos",         "events_url": "https://api.github.com/users/dipanshukr/events{/privacy}",         "received_events_url": "https://api.github.com/users/dipanshukr/received_events",         "type": "User",         "site_admin": false       },       "html_url": "https://github.com/dipanshukr/Viewpager-Transformation",       "description": "Why use dependencies when you create your own transformations for Viewpager ?",       "fork": false,       "url": "https://api.github.com/repos/dipanshukr/Viewpager-Transformation",       "forks_url": "https://api.github.com/repos/dipanshukr/Viewpager-Transformation/forks",       "keys_url": "https://api.github.com/repos/dipanshukr/Viewpager-Transformation/keys{/key_id}",       "collaborators_url": "https://api.github.com/repos/dipanshukr/Viewpager-Transformation/collaborators{/collaborator}",       "teams_url": "https://api.github.com/repos/dipanshukr/Viewpager-Transformation/teams",       "hooks_url": "https://api.github.com/repos/dipanshukr/Viewpager-Transformation/hooks",       "issue_events_url": "https://api.github.com/repos/dipanshukr/Viewpager-Transformation/issues/events{/number}",       "events_url": "https://api.github.com/repos/dipanshukr/Viewpager-Transformation/events",       "assignees_url": "https://api.github.com/repos/dipanshukr/Viewpager-Transformation/assignees{/user}",       "branches_url": "https://api.github.com/repos/dipanshukr/Viewpager-Transformation/branches{/branch}",       "tags_url": "https://api.github.com/repos/dipanshukr/Viewpager-Transformation/tags",       "blobs_url": "https://api.github.com/repos/dipanshukr/Viewpager-Transformation/git/blobs{/sha}",       "git_tags_url": "https://api.github.com/repos/dipanshukr/Viewpager-Transformation/git/tags{/sha}",       "git_refs_url": "https://api.github.com/repos/dipanshukr/Viewpager-Transformation/git/refs{/sha}",       "trees_url": "https://api.github.com/repos/dipanshukr/Viewpager-Transformation/git/trees{/sha}",       "statuses_url": "https://api.github.com/repos/dipanshukr/Viewpager-Transformation/statuses/{sha}",       "languages_url": "https://api.github.com/repos/dipanshukr/Viewpager-Transformation/languages",       "stargazers_url": "https://api.github.com/repos/dipanshukr/Viewpager-Transformation/stargazers",       "contributors_url": "https://api.github.com/repos/dipanshukr/Viewpager-Transformation/contributors",       "subscribers_url": "https://api.github.com/repos/dipanshukr/Viewpager-Transformation/subscribers",       "subscription_url": "https://api.github.com/repos/dipanshukr/Viewpager-Transformation/subscription",       "commits_url": "https://api.github.com/repos/dipanshukr/Viewpager-Transformation/commits{/sha}",       "git_commits_url": "https://api.github.com/repos/dipanshukr/Viewpager-Transformation/git/commits{/sha}",       "comments_url": "https://api.github.com/repos/dipanshukr/Viewpager-Transformation/comments{/number}",       "issue_comment_url": "https://api.github.com/repos/dipanshukr/Viewpager-Transformation/issues/comments{/number}",       "contents_url": "https://api.github.com/repos/dipanshukr/Viewpager-Transformation/contents/{+path}",       "compare_url": "https://api.github.com/repos/dipanshukr/Viewpager-Transformation/compare/{base}...{head}",       "merges_url": "https://api.github.com/repos/dipanshukr/Viewpager-Transformation/merges",       "archive_url": "https://api.github.com/repos/dipanshukr/Viewpager-Transformation/{archive_format}{/ref}",       "downloads_url": "https://api.github.com/repos/dipanshukr/Viewpager-Transformation/downloads",       "issues_url": "https://api.github.com/repos/dipanshukr/Viewpager-Transformation/issues{/number}",       "pulls_url": "https://api.github.com/repos/dipanshukr/Viewpager-Transformation/pulls{/number}",       "milestones_url": "https://api.github.com/repos/dipanshukr/Viewpager-Transformation/milestones{/number}",       "notifications_url": "https://api.github.com/repos/dipanshukr/Viewpager-Transformation/notifications{?since,all,participating}",       "labels_url": "https://api.github.com/repos/dipanshukr/Viewpager-Transformation/labels{/name}",       "releases_url": "https://api.github.com/repos/dipanshukr/Viewpager-Transformation/releases{/id}",       "deployments_url": "https://api.github.com/repos/dipanshukr/Viewpager-Transformation/deployments",       "created_at": "2018-03-07T16:45:42Z",       "updated_at": "2019-01-27T11:19:10Z",       "pushed_at": "2018-06-21T07:17:59Z",       "git_url": "git://github.com/dipanshukr/Viewpager-Transformation.git",       "ssh_url": "git@github.com:dipanshukr/Viewpager-Transformation.git",       "clone_url": "https://github.com/dipanshukr/Viewpager-Transformation.git",       "svn_url": "https://github.com/dipanshukr/Viewpager-Transformation",       "homepage": "",       "size": 181654,       "stargazers_count": 230,       "watchers_count": 230,       "language": "Java",       "has_issues": true,       "has_projects": true,       "has_downloads": true,       "has_wiki": true,       "has_pages": true,       "forks_count": 44,       "mirror_url": null,       "archived": false,       "open_issues_count": 1,       "license": null,       "forks": 44,       "open_issues": 1,       "watchers": 230,       "default_branch": "master",       "score": 49.98405     },     {       "id": 17420185,       "node_id": "MDEwOlJlcG9zaXRvcnkxNzQyMDE4NQ==",       "name": "enemy-of-the-state",       "full_name": "jspahrsummers/enemy-of-the-state",       "private": false,       "owner": {         "login": "jspahrsummers",         "id": 432536,         "node_id": "MDQ6VXNlcjQzMjUzNg==",         "avatar_url": "https://avatars0.githubusercontent.com/u/432536?v=4",         "gravatar_id": "",         "url": "https://api.github.com/users/jspahrsummers",         "html_url": "https://github.com/jspahrsummers",         "followers_url": "https://api.github.com/users/jspahrsummers/followers",         "following_url": "https://api.github.com/users/jspahrsummers/following{/other_user}",         "gists_url": "https://api.github.com/users/jspahrsummers/gists{/gist_id}",         "starred_url": "https://api.github.com/users/jspahrsummers/starred{/owner}{/repo}",         "subscriptions_url": "https://api.github.com/users/jspahrsummers/subscriptions",         "organizations_url": "https://api.github.com/users/jspahrsummers/orgs",         "repos_url": "https://api.github.com/users/jspahrsummers/repos",         "events_url": "https://api.github.com/users/jspahrsummers/events{/privacy}",         "received_events_url": "https://api.github.com/users/jspahrsummers/received_events",         "type": "User",         "site_admin": false       },       "html_url": "https://github.com/jspahrsummers/enemy-of-the-state",       "description": "My talk explaining what state is and why it's so harmful",       "fork": false,       "url": "https://api.github.com/repos/jspahrsummers/enemy-of-the-state",       "forks_url": "https://api.github.com/repos/jspahrsummers/enemy-of-the-state/forks",       "keys_url": "https://api.github.com/repos/jspahrsummers/enemy-of-the-state/keys{/key_id}",       "collaborators_url": "https://api.github.com/repos/jspahrsummers/enemy-of-the-state/collaborators{/collaborator}",       "teams_url": "https://api.github.com/repos/jspahrsummers/enemy-of-the-state/teams",       "hooks_url": "https://api.github.com/repos/jspahrsummers/enemy-of-the-state/hooks",       "issue_events_url": "https://api.github.com/repos/jspahrsummers/enemy-of-the-state/issues/events{/number}",       "events_url": "https://api.github.com/repos/jspahrsummers/enemy-of-the-state/events",       "assignees_url": "https://api.github.com/repos/jspahrsummers/enemy-of-the-state/assignees{/user}",       "branches_url": "https://api.github.com/repos/jspahrsummers/enemy-of-the-state/branches{/branch}",       "tags_url": "https://api.github.com/repos/jspahrsummers/enemy-of-the-state/tags",       "blobs_url": "https://api.github.com/repos/jspahrsummers/enemy-of-the-state/git/blobs{/sha}",       "git_tags_url": "https://api.github.com/repos/jspahrsummers/enemy-of-the-state/git/tags{/sha}",       "git_refs_url": "https://api.github.com/repos/jspahrsummers/enemy-of-the-state/git/refs{/sha}",       "trees_url": "https://api.github.com/repos/jspahrsummers/enemy-of-the-state/git/trees{/sha}",       "statuses_url": "https://api.github.com/repos/jspahrsummers/enemy-of-the-state/statuses/{sha}",       "languages_url": "https://api.github.com/repos/jspahrsummers/enemy-of-the-state/languages",       "stargazers_url": "https://api.github.com/repos/jspahrsummers/enemy-of-the-state/stargazers",       "contributors_url": "https://api.github.com/repos/jspahrsummers/enemy-of-the-state/contributors",       "subscribers_url": "https://api.github.com/repos/jspahrsummers/enemy-of-the-state/subscribers",       "subscription_url": "https://api.github.com/repos/jspahrsummers/enemy-of-the-state/subscription",       "commits_url": "https://api.github.com/repos/jspahrsummers/enemy-of-the-state/commits{/sha}",       "git_commits_url": "https://api.github.com/repos/jspahrsummers/enemy-of-the-state/git/commits{/sha}",       "comments_url": "https://api.github.com/repos/jspahrsummers/enemy-of-the-state/comments{/number}",       "issue_comment_url": "https://api.github.com/repos/jspahrsummers/enemy-of-the-state/issues/comments{/number}",       "contents_url": "https://api.github.com/repos/jspahrsummers/enemy-of-the-state/contents/{+path}",       "compare_url": "https://api.github.com/repos/jspahrsummers/enemy-of-the-state/compare/{base}...{head}",       "merges_url": "https://api.github.com/repos/jspahrsummers/enemy-of-the-state/merges",       "archive_url": "https://api.github.com/repos/jspahrsummers/enemy-of-the-state/{archive_format}{/ref}",       "downloads_url": "https://api.github.com/repos/jspahrsummers/enemy-of-the-state/downloads",       "issues_url": "https://api.github.com/repos/jspahrsummers/enemy-of-the-state/issues{/number}",       "pulls_url": "https://api.github.com/repos/jspahrsummers/enemy-of-the-state/pulls{/number}",       "milestones_url": "https://api.github.com/repos/jspahrsummers/enemy-of-the-state/milestones{/number}",       "notifications_url": "https://api.github.com/repos/jspahrsummers/enemy-of-the-state/notifications{?since,all,participating}",       "labels_url": "https://api.github.com/repos/jspahrsummers/enemy-of-the-state/labels{/name}",       "releases_url": "https://api.github.com/repos/jspahrsummers/enemy-of-the-state/releases{/id}",       "deployments_url": "https://api.github.com/repos/jspahrsummers/enemy-of-the-state/deployments",       "created_at": "2014-03-04T22:49:56Z",       "updated_at": "2018-12-26T21:07:06Z",       "pushed_at": "2017-07-26T14:26:39Z",       "git_url": "git://github.com/jspahrsummers/enemy-of-the-state.git",       "ssh_url": "git@github.com:jspahrsummers/enemy-of-the-state.git",       "clone_url": "https://github.com/jspahrsummers/enemy-of-the-state.git",       "svn_url": "https://github.com/jspahrsummers/enemy-of-the-state",       "homepage": "",       "size": 46901,       "stargazers_count": 208,       "watchers_count": 208,       "language": "Swift",       "has_issues": true,       "has_projects": true,       "has_downloads": true,       "has_wiki": false,       "has_pages": false,       "forks_count": 16,       "mirror_url": null,       "archived": false,       "open_issues_count": 1,       "license": {         "key": "other",         "name": "Other",         "spdx_id": "NOASSERTION",         "url": null,         "node_id": "MDc6TGljZW5zZTA="       },       "forks": 16,       "open_issues": 1,       "watchers": 208,       "default_branch": "master",       "score": 42.238758     },     {       "id": 93794235,       "node_id": "MDEwOlJlcG9zaXRvcnk5Mzc5NDIzNQ==",       "name": "drop_watch",       "full_name": "pavel-odintsov/drop_watch",       "private": false,       "owner": {         "login": "pavel-odintsov",         "id": 2744166,         "node_id": "MDQ6VXNlcjI3NDQxNjY=",         "avatar_url": "https://avatars0.githubusercontent.com/u/2744166?v=4",         "gravatar_id": "",         "url": "https://api.github.com/users/pavel-odintsov",         "html_url": "https://github.com/pavel-odintsov",         "followers_url": "https://api.github.com/users/pavel-odintsov/followers",         "following_url": "https://api.github.com/users/pavel-odintsov/following{/other_user}",         "gists_url": "https://api.github.com/users/pavel-odintsov/gists{/gist_id}",         "starred_url": "https://api.github.com/users/pavel-odintsov/starred{/owner}{/repo}",         "subscriptions_url": "https://api.github.com/users/pavel-odintsov/subscriptions",         "organizations_url": "https://api.github.com/users/pavel-odintsov/orgs",         "repos_url": "https://api.github.com/users/pavel-odintsov/repos",         "events_url": "https://api.github.com/users/pavel-odintsov/events{/privacy}",         "received_events_url": "https://api.github.com/users/pavel-odintsov/received_events",         "type": "User",         "site_admin": false       },       "html_url": "https://github.com/pavel-odintsov/drop_watch",       "description": "Monitor reasons why and where linux drops UDP packets",       "fork": false,       "url": "https://api.github.com/repos/pavel-odintsov/drop_watch",       "forks_url": "https://api.github.com/repos/pavel-odintsov/drop_watch/forks",       "keys_url": "https://api.github.com/repos/pavel-odintsov/drop_watch/keys{/key_id}",       "collaborators_url": "https://api.github.com/repos/pavel-odintsov/drop_watch/collaborators{/collaborator}",       "teams_url": "https://api.github.com/repos/pavel-odintsov/drop_watch/teams",       "hooks_url": "https://api.github.com/repos/pavel-odintsov/drop_watch/hooks",       "issue_events_url": "https://api.github.com/repos/pavel-odintsov/drop_watch/issues/events{/number}",       "events_url": "https://api.github.com/repos/pavel-odintsov/drop_watch/events",       "assignees_url": "https://api.github.com/repos/pavel-odintsov/drop_watch/assignees{/user}",       "branches_url": "https://api.github.com/repos/pavel-odintsov/drop_watch/branches{/branch}",       "tags_url": "https://api.github.com/repos/pavel-odintsov/drop_watch/tags",       "blobs_url": "https://api.github.com/repos/pavel-odintsov/drop_watch/git/blobs{/sha}",       "git_tags_url": "https://api.github.com/repos/pavel-odintsov/drop_watch/git/tags{/sha}",       "git_refs_url": "https://api.github.com/repos/pavel-odintsov/drop_watch/git/refs{/sha}",       "trees_url": "https://api.github.com/repos/pavel-odintsov/drop_watch/git/trees{/sha}",       "statuses_url": "https://api.github.com/repos/pavel-odintsov/drop_watch/statuses/{sha}",       "languages_url": "https://api.github.com/repos/pavel-odintsov/drop_watch/languages",       "stargazers_url": "https://api.github.com/repos/pavel-odintsov/drop_watch/stargazers",       "contributors_url": "https://api.github.com/repos/pavel-odintsov/drop_watch/contributors",       "subscribers_url": "https://api.github.com/repos/pavel-odintsov/drop_watch/subscribers",       "subscription_url": "https://api.github.com/repos/pavel-odintsov/drop_watch/subscription",       "commits_url": "https://api.github.com/repos/pavel-odintsov/drop_watch/commits{/sha}",       "git_commits_url": "https://api.github.com/repos/pavel-odintsov/drop_watch/git/commits{/sha}",       "comments_url": "https://api.github.com/repos/pavel-odintsov/drop_watch/comments{/number}",       "issue_comment_url": "https://api.github.com/repos/pavel-odintsov/drop_watch/issues/comments{/number}",       "contents_url": "https://api.github.com/repos/pavel-odintsov/drop_watch/contents/{+path}",       "compare_url": "https://api.github.com/repos/pavel-odintsov/drop_watch/compare/{base}...{head}",       "merges_url": "https://api.github.com/repos/pavel-odintsov/drop_watch/merges",       "archive_url": "https://api.github.com/repos/pavel-odintsov/drop_watch/{archive_format}{/ref}",       "downloads_url": "https://api.github.com/repos/pavel-odintsov/drop_watch/downloads",       "issues_url": "https://api.github.com/repos/pavel-odintsov/drop_watch/issues{/number}",       "pulls_url": "https://api.github.com/repos/pavel-odintsov/drop_watch/pulls{/number}",       "milestones_url": "https://api.github.com/repos/pavel-odintsov/drop_watch/milestones{/number}",       "notifications_url": "https://api.github.com/repos/pavel-odintsov/drop_watch/notifications{?since,all,participating}",       "labels_url": "https://api.github.com/repos/pavel-odintsov/drop_watch/labels{/name}",       "releases_url": "https://api.github.com/repos/pavel-odintsov/drop_watch/releases{/id}",       "deployments_url": "https://api.github.com/repos/pavel-odintsov/drop_watch/deployments",       "created_at": "2017-06-08T21:43:00Z",       "updated_at": "2019-01-28T14:39:16Z",       "pushed_at": "2017-10-12T20:13:24Z",       "git_url": "git://github.com/pavel-odintsov/drop_watch.git",       "ssh_url": "git@github.com:pavel-odintsov/drop_watch.git",       "clone_url": "https://github.com/pavel-odintsov/drop_watch.git",       "svn_url": "https://github.com/pavel-odintsov/drop_watch",       "homepage": "",       "size": 153,       "stargazers_count": 183,       "watchers_count": 183,       "language": "C",       "has_issues": true,       "has_projects": true,       "has_downloads": true,       "has_wiki": true,       "has_pages": false,       "forks_count": 20,       "mirror_url": null,       "archived": false,       "open_issues_count": 0,       "license": {         "key": "gpl-2.0",         "name": "GNU General Public License v2.0",         "spdx_id": "GPL-2.0",         "url": "https://api.github.com/licenses/gpl-2.0",         "node_id": "MDc6TGljZW5zZTg="       },       "forks": 20,       "open_issues": 0,       "watchers": 183,       "default_branch": "master",       "score": 53.16794     }   ] }  [] []
[2019-01-29 13:37:15] name.WARNING: {} [] []
[2019-01-29 13:39:17] name.WARNING: Array [] []
[2019-01-29 13:39:17] name.WARNING: {"total_count":12467,"incomplete_results":false,"items":[{"id":58605580,"node_id":"MDEwOlJlcG9zaXRvcnk1ODYwNTU4MA==","name":"why-did-you-update","full_name":"garbles\/why-did-you-update","private":false,"owner":{"login":"garbles","id":1139884,"node_id":"MDQ6VXNlcjExMzk4ODQ=","avatar_url":"https:\/\/avatars1.githubusercontent.com\/u\/1139884?v=4","gravatar_id":"","url":"https:\/\/api.github.com\/users\/garbles","html_url":"https:\/\/github.com\/garbles","followers_url":"https:\/\/api.github.com\/users\/garbles\/followers","following_url":"https:\/\/api.github.com\/users\/garbles\/following{\/other_user}","gists_url":"https:\/\/api.github.com\/users\/garbles\/gists{\/gist_id}","starred_url":"https:\/\/api.github.com\/users\/garbles\/starred{\/owner}{\/repo}","subscriptions_url":"https:\/\/api.github.com\/users\/garbles\/subscriptions","organizations_url":"https:\/\/api.github.com\/users\/garbles\/orgs","repos_url":"https:\/\/api.github.com\/users\/garbles\/repos","events_url":"https:\/\/api.github.com\/users\/garbles\/events{\/privacy}","received_events_url":"https:\/\/api.github.com\/users\/garbles\/received_events","type":"User","site_admin":false},"html_url":"https:\/\/github.com\/garbles\/why-did-you-update","description":":boom: Puts your console on blast when React is making unnecessary updates.","fork":false,"url":"https:\/\/api.github.com\/repos\/garbles\/why-did-you-update","forks_url":"https:\/\/api.github.com\/repos\/garbles\/why-did-you-update\/forks","keys_url":"https:\/\/api.github.com\/repos\/garbles\/why-did-you-update\/keys{\/key_id}","collaborators_url":"https:\/\/api.github.com\/repos\/garbles\/why-did-you-update\/collaborators{\/collaborator}","teams_url":"https:\/\/api.github.com\/repos\/garbles\/why-did-you-update\/teams","hooks_url":"https:\/\/api.github.com\/repos\/garbles\/why-did-you-update\/hooks","issue_events_url":"https:\/\/api.github.com\/repos\/garbles\/why-did-you-update\/issues\/events{\/number}","events_url":"https:\/\/api.github.com\/repos\/garbles\/why-did-you-update\/events","assignees_url":"https:\/\/api.github.com\/repos\/garbles\/why-did-you-update\/assignees{\/user}","branches_url":"https:\/\/api.github.com\/repos\/garbles\/why-did-you-update\/branches{\/branch}","tags_url":"https:\/\/api.github.com\/repos\/garbles\/why-did-you-update\/tags","blobs_url":"https:\/\/api.github.com\/repos\/garbles\/why-did-you-update\/git\/blobs{\/sha}","git_tags_url":"https:\/\/api.github.com\/repos\/garbles\/why-did-you-update\/git\/tags{\/sha}","git_refs_url":"https:\/\/api.github.com\/repos\/garbles\/why-did-you-update\/git\/refs{\/sha}","trees_url":"https:\/\/api.github.com\/repos\/garbles\/why-did-you-update\/git\/trees{\/sha}","statuses_url":"https:\/\/api.github.com\/repos\/garbles\/why-did-you-update\/statuses\/{sha}","languages_url":"https:\/\/api.github.com\/repos\/garbles\/why-did-you-update\/languages","stargazers_url":"https:\/\/api.github.com\/repos\/garbles\/why-did-you-update\/stargazers","contributors_url":"https:\/\/api.github.com\/repos\/garbles\/why-did-you-update\/contributors","subscribers_url":"https:\/\/api.github.com\/repos\/garbles\/why-did-you-update\/subscribers","subscription_url":"https:\/\/api.github.com\/repos\/garbles\/why-did-you-update\/subscription","commits_url":"https:\/\/api.github.com\/repos\/garbles\/why-did-you-update\/commits{\/sha}","git_commits_url":"https:\/\/api.github.com\/repos\/garbles\/why-did-you-update\/git\/commits{\/sha}","comments_url":"https:\/\/api.github.com\/repos\/garbles\/why-did-you-update\/comments{\/number}","issue_comment_url":"https:\/\/api.github.com\/repos\/garbles\/why-did-you-update\/issues\/comments{\/number}","contents_url":"https:\/\/api.github.com\/repos\/garbles\/why-did-you-update\/contents\/{+path}","compare_url":"https:\/\/api.github.com\/repos\/garbles\/why-did-you-update\/compare\/{base}...{head}","merges_url":"https:\/\/api.github.com\/repos\/garbles\/why-did-you-update\/merges","archive_url":"https:\/\/api.github.com\/repos\/garbles\/why-did-you-update\/{archive_format}{\/ref}","downloads_url":"https:\/\/api.github.com\/repos\/garbles\/why-did-you-update\/downloads","issues_url":"https:\/\/api.github.com\/repos\/garbles\/why-did-you-update\/issues{\/number}","pulls_url":"https:\/\/api.github.com\/repos\/garbles\/why-did-you-update\/pulls{\/number}","milestones_url":"https:\/\/api.github.com\/repos\/garbles\/why-did-you-update\/milestones{\/number}","notifications_url":"https:\/\/api.github.com\/repos\/garbles\/why-did-you-update\/notifications{?since,all,participating}","labels_url":"https:\/\/api.github.com\/repos\/garbles\/why-did-you-update\/labels{\/name}","releases_url":"https:\/\/api.github.com\/repos\/garbles\/why-did-you-update\/releases{\/id}","deployments_url":"https:\/\/api.github.com\/repos\/garbles\/why-did-you-update\/deployments","created_at":"2016-05-12T03:49:06Z","updated_at":"2019-01-28T21:53:29Z","pushed_at":"2017-09-23T05:54:19Z","git_url":"git:\/\/github.com\/garbles\/why-did-you-update.git","ssh_url":"git@github.com:garbles\/why-did-you-update.git","clone_url":"https:\/\/github.com\/garbles\/why-did-you-update.git","svn_url":"https:\/\/github.com\/garbles\/why-did-you-update","homepage":null,"size":29,"stargazers_count":5177,"watchers_count":5177,"language":"JavaScript","has_issues":true,"has_projects":true,"has_downloads":true,"has_wiki":true,"has_pages":false,"forks_count":112,"mirror_url":null,"archived":true,"open_issues_count":28,"license":null,"forks":112,"open_issues":28,"watchers":5177,"default_branch":"master","score":102.16446},{"id":97779740,"node_id":"MDEwOlJlcG9zaXRvcnk5Nzc3OTc0MA==","name":"why-did-you-update","full_name":"maicki\/why-did-you-update","private":false,"owner":{"login":"maicki","id":25288,"node_id":"MDQ6VXNlcjI1Mjg4","avatar_url":"https:\/\/avatars1.githubusercontent.com\/u\/25288?v=4","gravatar_id":"","url":"https:\/\/api.github.com\/users\/maicki","html_url":"https:\/\/github.com\/maicki","followers_url":"https:\/\/api.github.com\/users\/maicki\/followers","following_url":"https:\/\/api.github.com\/users\/maicki\/following{\/other_user}","gists_url":"https:\/\/api.github.com\/users\/maicki\/gists{\/gist_id}","starred_url":"https:\/\/api.github.com\/users\/maicki\/starred{\/owner}{\/repo}","subscriptions_url":"https:\/\/api.github.com\/users\/maicki\/subscriptions","organizations_url":"https:\/\/api.github.com\/users\/maicki\/orgs","repos_url":"https:\/\/api.github.com\/users\/maicki\/repos","events_url":"https:\/\/api.github.com\/users\/maicki\/events{\/privacy}","received_events_url":"https:\/\/api.github.com\/users\/maicki\/received_events","type":"User","site_admin":false},"html_url":"https:\/\/github.com\/maicki\/why-did-you-update","description":":boom: Puts your console on blast when React is making unnecessary updates.","fork":false,"url":"https:\/\/api.github.com\/repos\/maicki\/why-did-you-update","forks_url":"https:\/\/api.github.com\/repos\/maicki\/why-did-you-update\/forks","keys_url":"https:\/\/api.github.com\/repos\/maicki\/why-did-you-update\/keys{\/key_id}","collaborators_url":"https:\/\/api.github.com\/repos\/maicki\/why-did-you-update\/collaborators{\/collaborator}","teams_url":"https:\/\/api.github.com\/repos\/maicki\/why-did-you-update\/teams","hooks_url":"https:\/\/api.github.com\/repos\/maicki\/why-did-you-update\/hooks","issue_events_url":"https:\/\/api.github.com\/repos\/maicki\/why-did-you-update\/issues\/events{\/number}","events_url":"https:\/\/api.github.com\/repos\/maicki\/why-did-you-update\/events","assignees_url":"https:\/\/api.github.com\/repos\/maicki\/why-did-you-update\/assignees{\/user}","branches_url":"https:\/\/api.github.com\/repos\/maicki\/why-did-you-update\/branches{\/branch}","tags_url":"https:\/\/api.github.com\/repos\/maicki\/why-did-you-update\/tags","blobs_url":"https:\/\/api.github.com\/repos\/maicki\/why-did-you-update\/git\/blobs{\/sha}","git_tags_url":"https:\/\/api.github.com\/repos\/maicki\/why-did-you-update\/git\/tags{\/sha}","git_refs_url":"https:\/\/api.github.com\/repos\/maicki\/why-did-you-update\/git\/refs{\/sha}","trees_url":"https:\/\/api.github.com\/repos\/maicki\/why-did-you-update\/git\/trees{\/sha}","statuses_url":"https:\/\/api.github.com\/repos\/maicki\/why-did-you-update\/statuses\/{sha}","languages_url":"https:\/\/api.github.com\/repos\/maicki\/why-did-you-update\/languages","stargazers_url":"https:\/\/api.github.com\/repos\/maicki\/why-did-you-update\/stargazers","contributors_url":"https:\/\/api.github.com\/repos\/maicki\/why-did-you-update\/contributors","subscribers_url":"https:\/\/api.github.com\/repos\/maicki\/why-did-you-update\/subscribers","subscription_url":"https:\/\/api.github.com\/repos\/maicki\/why-did-you-update\/subscription","commits_url":"https:\/\/api.github.com\/repos\/maicki\/why-did-you-update\/commits{\/sha}","git_commits_url":"https:\/\/api.github.com\/repos\/maicki\/why-did-you-update\/git\/commits{\/sha}","comments_url":"https:\/\/api.github.com\/repos\/maicki\/why-did-you-update\/comments{\/number}","issue_comment_url":"https:\/\/api.github.com\/repos\/maicki\/why-did-you-update\/issues\/comments{\/number}","contents_url":"https:\/\/api.github.com\/repos\/maicki\/why-did-you-update\/contents\/{+path}","compare_url":"https:\/\/api.github.com\/repos\/maicki\/why-did-you-update\/compare\/{base}...{head}","merges_url":"https:\/\/api.github.com\/repos\/maicki\/why-did-you-update\/merges","archive_url":"https:\/\/api.github.com\/repos\/maicki\/why-did-you-update\/{archive_format}{\/ref}","downloads_url":"https:\/\/api.github.com\/repos\/maicki\/why-did-you-update\/downloads","issues_url":"https:\/\/api.github.com\/repos\/maicki\/why-did-you-update\/issues{\/number}","pulls_url":"https:\/\/api.github.com\/repos\/maicki\/why-did-you-update\/pulls{\/number}","milestones_url":"https:\/\/api.github.com\/repos\/maicki\/why-did-you-update\/milestones{\/number}","notifications_url":"https:\/\/api.github.com\/repos\/maicki\/why-did-you-update\/notifications{?since,all,participating}","labels_url":"https:\/\/api.github.com\/repos\/maicki\/why-did-you-update\/labels{\/name}","releases_url":"https:\/\/api.github.com\/repos\/maicki\/why-did-you-update\/releases{\/id}","deployments_url":"https:\/\/api.github.com\/repos\/maicki\/why-did-you-update\/deployments","created_at":"2017-07-20T02:06:12Z","updated_at":"2019-01-29T05:37:27Z","pushed_at":"2018-12-13T16:41:38Z","git_url":"git:\/\/github.com\/maicki\/why-did-you-update.git","ssh_url":"git@github.com:maicki\/why-did-you-update.git","clone_url":"https:\/\/github.com\/maicki\/why-did-you-update.git","svn_url":"https:\/\/github.com\/maicki\/why-did-you-update","homepage":null,"size":1349,"stargazers_count":3040,"watchers_count":3040,"language":"JavaScript","has_issues":true,"has_projects":true,"has_downloads":true,"has_wiki":true,"has_pages":false,"forks_count":89,"mirror_url":null,"archived":false,"open_issues_count":4,"license":{"key":"mit","name":"MIT License","spdx_id":"MIT","url":"https:\/\/api.github.com\/licenses\/mit","node_id":"MDc6TGljZW5zZTEz"},"forks":89,"open_issues":4,"watchers":3040,"default_branch":"master","score":97.464615},{"id":47007090,"node_id":"MDEwOlJlcG9zaXRvcnk0NzAwNzA5MA==","name":"react-native-nba-app","full_name":"wwayne\/react-native-nba-app","private":false,"owner":{"login":"wwayne","id":5305874,"node_id":"MDQ6VXNlcjUzMDU4NzQ=","avatar_url":"https:\/\/avatars1.githubusercontent.com\/u\/5305874?v=4","gravatar_id":"","url":"https:\/\/api.github.com\/users\/wwayne","html_url":"https:\/\/github.com\/wwayne","followers_url":"https:\/\/api.github.com\/users\/wwayne\/followers","following_url":"https:\/\/api.github.com\/users\/wwayne\/following{\/other_user}","gists_url":"https:\/\/api.github.com\/users\/wwayne\/gists{\/gist_id}","starred_url":"https:\/\/api.github.com\/users\/wwayne\/starred{\/owner}{\/repo}","subscriptions_url":"https:\/\/api.github.com\/users\/wwayne\/subscriptions","organizations_url":"https:\/\/api.github.com\/users\/wwayne\/orgs","repos_url":"https:\/\/api.github.com\/users\/wwayne\/repos","events_url":"https:\/\/api.github.com\/users\/wwayne\/events{\/privacy}","received_events_url":"https:\/\/api.github.com\/users\/wwayne\/received_events","type":"User","site_admin":false},"html_url":"https:\/\/github.com\/wwayne\/react-native-nba-app","description":"This is why we play","fork":false,"url":"https:\/\/api.github.com\/repos\/wwayne\/react-native-nba-app","forks_url":"https:\/\/api.github.com\/repos\/wwayne\/react-native-nba-app\/forks","keys_url":"https:\/\/api.github.com\/repos\/wwayne\/react-native-nba-app\/keys{\/key_id}","collaborators_url":"https:\/\/api.github.com\/repos\/wwayne\/react-native-nba-app\/collaborators{\/collaborator}","teams_url":"https:\/\/api.github.com\/repos\/wwayne\/react-native-nba-app\/teams","hooks_url":"https:\/\/api.github.com\/repos\/wwayne\/react-native-nba-app\/hooks","issue_events_url":"https:\/\/api.github.com\/repos\/wwayne\/react-native-nba-app\/issues\/events{\/number}","events_url":"https:\/\/api.github.com\/repos\/wwayne\/react-native-nba-app\/events","assignees_url":"https:\/\/api.github.com\/repos\/wwayne\/react-native-nba-app\/assignees{\/user}","branches_url":"https:\/\/api.github.com\/repos\/wwayne\/react-native-nba-app\/branches{\/branch}","tags_url":"https:\/\/api.github.com\/repos\/wwayne\/react-native-nba-app\/tags","blobs_url":"https:\/\/api.github.com\/repos\/wwayne\/react-native-nba-app\/git\/blobs{\/sha}","git_tags_url":"https:\/\/api.github.com\/repos\/wwayne\/react-native-nba-app\/git\/tags{\/sha}","git_refs_url":"https:\/\/api.github.com\/repos\/wwayne\/react-native-nba-app\/git\/refs{\/sha}","trees_url":"https:\/\/api.github.com\/repos\/wwayne\/react-native-nba-app\/git\/trees{\/sha}","statuses_url":"https:\/\/api.github.com\/repos\/wwayne\/react-native-nba-app\/statuses\/{sha}","languages_url":"https:\/\/api.github.com\/repos\/wwayne\/react-native-nba-app\/languages","stargazers_url":"https:\/\/api.github.com\/repos\/wwayne\/react-native-nba-app\/stargazers","contributors_url":"https:\/\/api.github.com\/repos\/wwayne\/react-native-nba-app\/contributors","subscribers_url":"https:\/\/api.github.com\/repos\/wwayne\/react-native-nba-app\/subscribers","subscription_url":"https:\/\/api.github.com\/repos\/wwayne\/react-native-nba-app\/subscription","commits_url":"https:\/\/api.github.com\/repos\/wwayne\/react-native-nba-app\/commits{\/sha}","git_commits_url":"https:\/\/api.github.com\/repos\/wwayne\/react-native-nba-app\/git\/commits{\/sha}","comments_url":"https:\/\/api.github.com\/repos\/wwayne\/react-native-nba-app\/comments{\/number}","issue_comment_url":"https:\/\/api.github.com\/repos\/wwayne\/react-native-nba-app\/issues\/comments{\/number}","contents_url":"https:\/\/api.github.com\/repos\/wwayne\/react-native-nba-app\/contents\/{+path}","compare_url":"https:\/\/api.github.com\/repos\/wwayne\/react-native-nba-app\/compare\/{base}...{head}","merges_url":"https:\/\/api.github.com\/repos\/wwayne\/react-native-nba-app\/merges","archive_url":"https:\/\/api.github.com\/repos\/wwayne\/react-native-nba-app\/{archive_format}{\/ref}","downloads_url":"https:\/\/api.github.com\/repos\/wwayne\/react-native-nba-app\/downloads","issues_url":"https:\/\/api.github.com\/repos\/wwayne\/react-native-nba-app\/issues{\/number}","pulls_url":"https:\/\/api.github.com\/repos\/wwayne\/react-native-nba-app\/pulls{\/number}","milestones_url":"https:\/\/api.github.com\/repos\/wwayne\/react-native-nba-app\/milestones{\/number}","notifications_url":"https:\/\/api.github.com\/repos\/wwayne\/react-native-nba-app\/notifications{?since,all,participating}","labels_url":"https:\/\/api.github.com\/repos\/wwayne\/react-native-nba-app\/labels{\/name}","releases_url":"https:\/\/api.github.com\/repos\/wwayne\/react-native-nba-app\/releases{\/id}","deployments_url":"https:\/\/api.github.com\/repos\/wwayne\/react-native-nba-app\/deployments","created_at":"2015-11-28T02:30:45Z","updated_at":"2019-01-29T06:24:22Z","pushed_at":"2017-02-07T17:42:38Z","git_url":"git:\/\/github.com\/wwayne\/react-native-nba-app.git","ssh_url":"git@github.com:wwayne\/react-native-nba-app.git","clone_url":"https:\/\/github.com\/wwayne\/react-native-nba-app.git","svn_url":"https:\/\/github.com\/wwayne\/react-native-nba-app","homepage":"","size":2796,"stargazers_count":2073,"watchers_count":2073,"language":"Objective-C","has_issues":true,"has_projects":true,"has_downloads":true,"has_wiki":true,"has_pages":false,"forks_count":480,"mirror_url":null,"archived":false,"open_issues_count":8,"license":{"key":"mit","name":"MIT License","spdx_id":"MIT","url":"https:\/\/api.github.com\/licenses\/mit","node_id":"MDc6TGljZW5zZTEz"},"forks":480,"open_issues":8,"watchers":2073,"default_branch":"master","score":110.82929},{"id":17720394,"node_id":"MDEwOlJlcG9zaXRvcnkxNzcyMDM5NA==","name":"pyinstrument","full_name":"joerick\/pyinstrument","private":false,"owner":{"login":"joerick","id":1244307,"node_id":"MDQ6VXNlcjEyNDQzMDc=","avatar_url":"https:\/\/avatars1.githubusercontent.com\/u\/1244307?v=4","gravatar_id":"","url":"https:\/\/api.github.com\/users\/joerick","html_url":"https:\/\/github.com\/joerick","followers_url":"https:\/\/api.github.com\/users\/joerick\/followers","following_url":"https:\/\/api.github.com\/users\/joerick\/following{\/other_user}","gists_url":"https:\/\/api.github.com\/users\/joerick\/gists{\/gist_id}","starred_url":"https:\/\/api.github.com\/users\/joerick\/starred{\/owner}{\/repo}","subscriptions_url":"https:\/\/api.github.com\/users\/joerick\/subscriptions","organizations_url":"https:\/\/api.github.com\/users\/joerick\/orgs","repos_url":"https:\/\/api.github.com\/users\/joerick\/repos","events_url":"https:\/\/api.github.com\/users\/joerick\/events{\/privacy}","received_events_url":"https:\/\/api.github.com\/users\/joerick\/received_events","type":"User","site_admin":false},"html_url":"https:\/\/github.com\/joerick\/pyinstrument","description":"\ud83d\udeb4 Call stack profiler for Python. Shows you why your code is slow!","fork":false,"url":"https:\/\/api.github.com\/repos\/joerick\/pyinstrument","forks_url":"https:\/\/api.github.com\/repos\/joerick\/pyinstrument\/forks","keys_url":"https:\/\/api.github.com\/repos\/joerick\/pyinstrument\/keys{\/key_id}","collaborators_url":"https:\/\/api.github.com\/repos\/joerick\/pyinstrument\/collaborators{\/collaborator}","teams_url":"https:\/\/api.github.com\/repos\/joerick\/pyinstrument\/teams","hooks_url":"https:\/\/api.github.com\/repos\/joerick\/pyinstrument\/hooks","issue_events_url":"https:\/\/api.github.com\/repos\/joerick\/pyinstrument\/issues\/events{\/number}","events_url":"https:\/\/api.github.com\/repos\/joerick\/pyinstrument\/events","assignees_url":"https:\/\/api.github.com\/repos\/joerick\/pyinstrument\/assignees{\/user}","branches_url":"https:\/\/api.github.com\/repos\/joerick\/pyinstrument\/branches{\/branch}","tags_url":"https:\/\/api.github.com\/repos\/joerick\/pyinstrument\/tags","blobs_url":"https:\/\/api.github.com\/repos\/joerick\/pyinstrument\/git\/blobs{\/sha}","git_tags_url":"https:\/\/api.github.com\/repos\/joerick\/pyinstrument\/git\/tags{\/sha}","git_refs_url":"https:\/\/api.github.com\/repos\/joerick\/pyinstrument\/git\/refs{\/sha}","trees_url":"https:\/\/api.github.com\/repos\/joerick\/pyinstrument\/git\/trees{\/sha}","statuses_url":"https:\/\/api.github.com\/repos\/joerick\/pyinstrument\/statuses\/{sha}","languages_url":"https:\/\/api.github.com\/repos\/joerick\/pyinstrument\/languages","stargazers_url":"https:\/\/api.github.com\/repos\/joerick\/pyinstrument\/stargazers","contributors_url":"https:\/\/api.github.com\/repos\/joerick\/pyinstrument\/contributors","subscribers_url":"https:\/\/api.github.com\/repos\/joerick\/pyinstrument\/subscribers","subscription_url":"https:\/\/api.github.com\/repos\/joerick\/pyinstrument\/subscription","commits_url":"https:\/\/api.github.com\/repos\/joerick\/pyinstrument\/commits{\/sha}","git_commits_url":"https:\/\/api.github.com\/repos\/joerick\/pyinstrument\/git\/commits{\/sha}","comments_url":"https:\/\/api.github.com\/repos\/joerick\/pyinstrument\/comments{\/number}","issue_comment_url":"https:\/\/api.github.com\/repos\/joerick\/pyinstrument\/issues\/comments{\/number}","contents_url":"https:\/\/api.github.com\/repos\/joerick\/pyinstrument\/contents\/{+path}","compare_url":"https:\/\/api.github.com\/repos\/joerick\/pyinstrument\/compare\/{base}...{head}","merges_url":"https:\/\/api.github.com\/repos\/joerick\/pyinstrument\/merges","archive_url":"https:\/\/api.github.com\/repos\/joerick\/pyinstrument\/{archive_format}{\/ref}","downloads_url":"https:\/\/api.github.com\/repos\/joerick\/pyinstrument\/downloads","issues_url":"https:\/\/api.github.com\/repos\/joerick\/pyinstrument\/issues{\/number}","pulls_url":"https:\/\/api.github.com\/repos\/joerick\/pyinstrument\/pulls{\/number}","milestones_url":"https:\/\/api.github.com\/repos\/joerick\/pyinstrument\/milestones{\/number}","notifications_url":"https:\/\/api.github.com\/repos\/joerick\/pyinstrument\/notifications{?since,all,participating}","labels_url":"https:\/\/api.github.com\/repos\/joerick\/pyinstrument\/labels{\/name}","releases_url":"https:\/\/api.github.com\/repos\/joerick\/pyinstrument\/releases{\/id}","deployments_url":"https:\/\/api.github.com\/repos\/joerick\/pyinstrument\/deployments","created_at":"2014-03-13T17:53:13Z","updated_at":"2019-01-27T14:58:45Z","pushed_at":"2019-01-15T13:57:27Z","git_url":"git:\/\/github.com\/joerick\/pyinstrument.git","ssh_url":"git@github.com:joerick\/pyinstrument.git","clone_url":"https:\/\/github.com\/joerick\/pyinstrument.git","svn_url":"https:\/\/github.com\/joerick\/pyinstrument","homepage":"","size":1949,"stargazers_count":1081,"watchers_count":1081,"language":"Python","has_issues":true,"has_projects":true,"has_downloads":true,"has_wiki":true,"has_pages":false,"forks_count":66,"mirror_url":null,"archived":false,"open_issues_count":5,"license":{"key":"bsd-3-clause","name":"BSD 3-Clause \"New\" or \"Revised\" License","spdx_id":"BSD-3-Clause","url":"https:\/\/api.github.com\/licenses\/bsd-3-clause","node_id":"MDc6TGljZW5zZTU="},"forks":66,"open_issues":5,"watchers":1081,"default_branch":"master","score":57.178497},{"id":51375640,"node_id":"MDEwOlJlcG9zaXRvcnk1MTM3NTY0MA==","name":"why-is-node-running","full_name":"mafintosh\/why-is-node-running","private":false,"owner":{"login":"mafintosh","id":376661,"node_id":"MDQ6VXNlcjM3NjY2MQ==","avatar_url":"https:\/\/avatars1.githubusercontent.com\/u\/376661?v=4","gravatar_id":"","url":"https:\/\/api.github.com\/users\/mafintosh","html_url":"https:\/\/github.com\/mafintosh","followers_url":"https:\/\/api.github.com\/users\/mafintosh\/followers","following_url":"https:\/\/api.github.com\/users\/mafintosh\/following{\/other_user}","gists_url":"https:\/\/api.github.com\/users\/mafintosh\/gists{\/gist_id}","starred_url":"https:\/\/api.github.com\/users\/mafintosh\/starred{\/owner}{\/repo}","subscriptions_url":"https:\/\/api.github.com\/users\/mafintosh\/subscriptions","organizations_url":"https:\/\/api.github.com\/users\/mafintosh\/orgs","repos_url":"https:\/\/api.github.com\/users\/mafintosh\/repos","events_url":"https:\/\/api.github.com\/users\/mafintosh\/events{\/privacy}","received_events_url":"https:\/\/api.github.com\/users\/mafintosh\/received_events","type":"User","site_admin":false},"html_url":"https:\/\/github.com\/mafintosh\/why-is-node-running","description":"Node is running but you don't know why? why-is-node-running is here to help you.","fork":false,"url":"https:\/\/api.github.com\/repos\/mafintosh\/why-is-node-running","forks_url":"https:\/\/api.github.com\/repos\/mafintosh\/why-is-node-running\/forks","keys_url":"https:\/\/api.github.com\/repos\/mafintosh\/why-is-node-running\/keys{\/key_id}","collaborators_url":"https:\/\/api.github.com\/repos\/mafintosh\/why-is-node-running\/collaborators{\/collaborator}","teams_url":"https:\/\/api.github.com\/repos\/mafintosh\/why-is-node-running\/teams","hooks_url":"https:\/\/api.github.com\/repos\/mafintosh\/why-is-node-running\/hooks","issue_events_url":"https:\/\/api.github.com\/repos\/mafintosh\/why-is-node-running\/issues\/events{\/number}","events_url":"https:\/\/api.github.com\/repos\/mafintosh\/why-is-node-running\/events","assignees_url":"https:\/\/api.github.com\/repos\/mafintosh\/why-is-node-running\/assignees{\/user}","branches_url":"https:\/\/api.github.com\/repos\/mafintosh\/why-is-node-running\/branches{\/branch}","tags_url":"https:\/\/api.github.com\/repos\/mafintosh\/why-is-node-running\/tags","blobs_url":"https:\/\/api.github.com\/repos\/mafintosh\/why-is-node-running\/git\/blobs{\/sha}","git_tags_url":"https:\/\/api.github.com\/repos\/mafintosh\/why-is-node-running\/git\/tags{\/sha}","git_refs_url":"https:\/\/api.github.com\/repos\/mafintosh\/why-is-node-running\/git\/refs{\/sha}","trees_url":"https:\/\/api.github.com\/repos\/mafintosh\/why-is-node-running\/git\/trees{\/sha}","statuses_url":"https:\/\/api.github.com\/repos\/mafintosh\/why-is-node-running\/statuses\/{sha}","languages_url":"https:\/\/api.github.com\/repos\/mafintosh\/why-is-node-running\/languages","stargazers_url":"https:\/\/api.github.com\/repos\/mafintosh\/why-is-node-running\/stargazers","contributors_url":"https:\/\/api.github.com\/repos\/mafintosh\/why-is-node-running\/contributors","subscribers_url":"https:\/\/api.github.com\/repos\/mafintosh\/why-is-node-running\/subscribers","subscription_url":"https:\/\/api.github.com\/repos\/mafintosh\/why-is-node-running\/subscription","commits_url":"https:\/\/api.github.com\/repos\/mafintosh\/why-is-node-running\/commits{\/sha}","git_commits_url":"https:\/\/api.github.com\/repos\/mafintosh\/why-is-node-running\/git\/commits{\/sha}","comments_url":"https:\/\/api.github.com\/repos\/mafintosh\/why-is-node-running\/comments{\/number}","issue_comment_url":"https:\/\/api.github.com\/repos\/mafintosh\/why-is-node-running\/issues\/comments{\/number}","contents_url":"https:\/\/api.github.com\/repos\/mafintosh\/why-is-node-running\/contents\/{+path}","compare_url":"https:\/\/api.github.com\/repos\/mafintosh\/why-is-node-running\/compare\/{base}...{head}","merges_url":"https:\/\/api.github.com\/repos\/mafintosh\/why-is-node-running\/merges","archive_url":"https:\/\/api.github.com\/repos\/mafintosh\/why-is-node-running\/{archive_format}{\/ref}","downloads_url":"https:\/\/api.github.com\/repos\/mafintosh\/why-is-node-running\/downloads","issues_url":"https:\/\/api.github.com\/repos\/mafintosh\/why-is-node-running\/issues{\/number}","pulls_url":"https:\/\/api.github.com\/repos\/mafintosh\/why-is-node-running\/pulls{\/number}","milestones_url":"https:\/\/api.github.com\/repos\/mafintosh\/why-is-node-running\/milestones{\/number}","notifications_url":"https:\/\/api.github.com\/repos\/mafintosh\/why-is-node-running\/notifications{?since,all,participating}","labels_url":"https:\/\/api.github.com\/repos\/mafintosh\/why-is-node-running\/labels{\/name}","releases_url":"https:\/\/api.github.com\/repos\/mafintosh\/why-is-node-running\/releases{\/id}","deployments_url":"https:\/\/api.github.com\/repos\/mafintosh\/why-is-node-running\/deployments","created_at":"2016-02-09T15:29:28Z","updated_at":"2019-01-27T07:40:29Z","pushed_at":"2018-10-26T08:54:53Z","git_url":"git:\/\/github.com\/mafintosh\/why-is-node-running.git","ssh_url":"git@github.com:mafintosh\/why-is-node-running.git","clone_url":"https:\/\/github.com\/mafintosh\/why-is-node-running.git","svn_url":"https:\/\/github.com\/mafintosh\/why-is-node-running","homepage":null,"size":18,"stargazers_count":873,"watchers_count":873,"language":"JavaScript","has_issues":true,"has_projects":true,"has_downloads":true,"has_wiki":true,"has_pages":false,"forks_count":32,"mirror_url":null,"archived":false,"open_issues_count":12,"license":{"key":"mit","name":"MIT License","spdx_id":"MIT","url":"https:\/\/api.github.com\/licenses\/mit","node_id":"MDc6TGljZW5zZTEz"},"forks":32,"open_issues":12,"watchers":873,"default_branch":"master","score":80.29871},{"id":103874950,"node_id":"MDEwOlJlcG9zaXRvcnkxMDM4NzQ5NTA=","name":"bashful","full_name":"wagoodman\/bashful","private":false,"owner":{"login":"wagoodman","id":590471,"node_id":"MDQ6VXNlcjU5MDQ3MQ==","avatar_url":"https:\/\/avatars3.githubusercontent.com\/u\/590471?v=4","gravatar_id":"","url":"https:\/\/api.github.com\/users\/wagoodman","html_url":"https:\/\/github.com\/wagoodman","followers_url":"https:\/\/api.github.com\/users\/wagoodman\/followers","following_url":"https:\/\/api.github.com\/users\/wagoodman\/following{\/other_user}","gists_url":"https:\/\/api.github.com\/users\/wagoodman\/gists{\/gist_id}","starred_url":"https:\/\/api.github.com\/users\/wagoodman\/starred{\/owner}{\/repo}","subscriptions_url":"https:\/\/api.github.com\/users\/wagoodman\/subscriptions","organizations_url":"https:\/\/api.github.com\/users\/wagoodman\/orgs","repos_url":"https:\/\/api.github.com\/users\/wagoodman\/repos","events_url":"https:\/\/api.github.com\/users\/wagoodman\/events{\/privacy}","received_events_url":"https:\/\/api.github.com\/users\/wagoodman\/received_events","type":"User","site_admin":false},"html_url":"https:\/\/github.com\/wagoodman\/bashful","description":"Use a yaml file to stitch together commands and bash snippits and run them with a bit of style.  Why? Because your bash script should be quiet and shy-like (...and not such a loud mouth). ","fork":false,"url":"https:\/\/api.github.com\/repos\/wagoodman\/bashful","forks_url":"https:\/\/api.github.com\/repos\/wagoodman\/bashful\/forks","keys_url":"https:\/\/api.github.com\/repos\/wagoodman\/bashful\/keys{\/key_id}","collaborators_url":"https:\/\/api.github.com\/repos\/wagoodman\/bashful\/collaborators{\/collaborator}","teams_url":"https:\/\/api.github.com\/repos\/wagoodman\/bashful\/teams","hooks_url":"https:\/\/api.github.com\/repos\/wagoodman\/bashful\/hooks","issue_events_url":"https:\/\/api.github.com\/repos\/wagoodman\/bashful\/issues\/events{\/number}","events_url":"https:\/\/api.github.com\/repos\/wagoodman\/bashful\/events","assignees_url":"https:\/\/api.github.com\/repos\/wagoodman\/bashful\/assignees{\/user}","branches_url":"https:\/\/api.github.com\/repos\/wagoodman\/bashful\/branches{\/branch}","tags_url":"https:\/\/api.github.com\/repos\/wagoodman\/bashful\/tags","blobs_url":"https:\/\/api.github.com\/repos\/wagoodman\/bashful\/git\/blobs{\/sha}","git_tags_url":"https:\/\/api.github.com\/repos\/wagoodman\/bashful\/git\/tags{\/sha}","git_refs_url":"https:\/\/api.github.com\/repos\/wagoodman\/bashful\/git\/refs{\/sha}","trees_url":"https:\/\/api.github.com\/repos\/wagoodman\/bashful\/git\/trees{\/sha}","statuses_url":"https:\/\/api.github.com\/repos\/wagoodman\/bashful\/statuses\/{sha}","languages_url":"https:\/\/api.github.com\/repos\/wagoodman\/bashful\/languages","stargazers_url":"https:\/\/api.github.com\/repos\/wagoodman\/bashful\/stargazers","contributors_url":"https:\/\/api.github.com\/repos\/wagoodman\/bashful\/contributors","subscribers_url":"https:\/\/api.github.com\/repos\/wagoodman\/bashful\/subscribers","subscription_url":"https:\/\/api.github.com\/repos\/wagoodman\/bashful\/subscription","commits_url":"https:\/\/api.github.com\/repos\/wagoodman\/bashful\/commits{\/sha}","git_commits_url":"https:\/\/api.github.com\/repos\/wagoodman\/bashful\/git\/commits{\/sha}","comments_url":"https:\/\/api.github.com\/repos\/wagoodman\/bashful\/comments{\/number}","issue_comment_url":"https:\/\/api.github.com\/repos\/wagoodman\/bashful\/issues\/comments{\/number}","contents_url":"https:\/\/api.github.com\/repos\/wagoodman\/bashful\/contents\/{+path}","compare_url":"https:\/\/api.github.com\/repos\/wagoodman\/bashful\/compare\/{base}...{head}","merges_url":"https:\/\/api.github.com\/repos\/wagoodman\/bashful\/merges","archive_url":"https:\/\/api.github.com\/repos\/wagoodman\/bashful\/{archive_format}{\/ref}","downloads_url":"https:\/\/api.github.com\/repos\/wagoodman\/bashful\/downloads","issues_url":"https:\/\/api.github.com\/repos\/wagoodman\/bashful\/issues{\/number}","pulls_url":"https:\/\/api.github.com\/repos\/wagoodman\/bashful\/pulls{\/number}","milestones_url":"https:\/\/api.github.com\/repos\/wagoodman\/bashful\/milestones{\/number}","notifications_url":"https:\/\/api.github.com\/repos\/wagoodman\/bashful\/notifications{?since,all,participating}","labels_url":"https:\/\/api.github.com\/repos\/wagoodman\/bashful\/labels{\/name}","releases_url":"https:\/\/api.github.com\/repos\/wagoodman\/bashful\/releases{\/id}","deployments_url":"https:\/\/api.github.com\/repos\/wagoodman\/bashful\/deployments","created_at":"2017-09-18T01:04:55Z","updated_at":"2019-01-28T20:06:21Z","pushed_at":"2019-01-06T18:52:52Z","git_url":"git:\/\/github.com\/wagoodman\/bashful.git","ssh_url":"git@github.com:wagoodman\/bashful.git","clone_url":"https:\/\/github.com\/wagoodman\/bashful.git","svn_url":"https:\/\/github.com\/wagoodman\/bashful","homepage":"","size":4157,"stargazers_count":827,"watchers_count":827,"language":"Go","has_issues":true,"has_projects":true,"has_downloads":true,"has_wiki":true,"has_pages":false,"forks_count":24,"mirror_url":null,"archived":false,"open_issues_count":15,"license":{"key":"mit","name":"MIT License","spdx_id":"MIT","url":"https:\/\/api.github.com\/licenses\/mit","node_id":"MDc6TGljZW5zZTEz"},"forks":24,"open_issues":15,"watchers":827,"default_branch":"master","score":27.8612},{"id":100889899,"node_id":"MDEwOlJlcG9zaXRvcnkxMDA4ODk4OTk=","name":"wtfautolayout","full_name":"johnpatrickmorgan\/wtfautolayout","private":false,"owner":{"login":"johnpatrickmorgan","id":6318566,"node_id":"MDQ6VXNlcjYzMTg1NjY=","avatar_url":"https:\/\/avatars3.githubusercontent.com\/u\/6318566?v=4","gravatar_id":"","url":"https:\/\/api.github.com\/users\/johnpatrickmorgan","html_url":"https:\/\/github.com\/johnpatrickmorgan","followers_url":"https:\/\/api.github.com\/users\/johnpatrickmorgan\/followers","following_url":"https:\/\/api.github.com\/users\/johnpatrickmorgan\/following{\/other_user}","gists_url":"https:\/\/api.github.com\/users\/johnpatrickmorgan\/gists{\/gist_id}","starred_url":"https:\/\/api.github.com\/users\/johnpatrickmorgan\/starred{\/owner}{\/repo}","subscriptions_url":"https:\/\/api.github.com\/users\/johnpatrickmorgan\/subscriptions","organizations_url":"https:\/\/api.github.com\/users\/johnpatrickmorgan\/orgs","repos_url":"https:\/\/api.github.com\/users\/johnpatrickmorgan\/repos","events_url":"https:\/\/api.github.com\/users\/johnpatrickmorgan\/events{\/privacy}","received_events_url":"https:\/\/api.github.com\/users\/johnpatrickmorgan\/received_events","type":"User","site_admin":false},"html_url":"https:\/\/github.com\/johnpatrickmorgan\/wtfautolayout","description":"The source code for Why The Failure, Auto Layout?","fork":false,"url":"https:\/\/api.github.com\/repos\/johnpatrickmorgan\/wtfautolayout","forks_url":"https:\/\/api.github.com\/repos\/johnpatrickmorgan\/wtfautolayout\/forks","keys_url":"https:\/\/api.github.com\/repos\/johnpatrickmorgan\/wtfautolayout\/keys{\/key_id}","collaborators_url":"https:\/\/api.github.com\/repos\/johnpatrickmorgan\/wtfautolayout\/collaborators{\/collaborator}","teams_url":"https:\/\/api.github.com\/repos\/johnpatrickmorgan\/wtfautolayout\/teams","hooks_url":"https:\/\/api.github.com\/repos\/johnpatrickmorgan\/wtfautolayout\/hooks","issue_events_url":"https:\/\/api.github.com\/repos\/johnpatrickmorgan\/wtfautolayout\/issues\/events{\/number}","events_url":"https:\/\/api.github.com\/repos\/johnpatrickmorgan\/wtfautolayout\/events","assignees_url":"https:\/\/api.github.com\/repos\/johnpatrickmorgan\/wtfautolayout\/assignees{\/user}","branches_url":"https:\/\/api.github.com\/repos\/johnpatrickmorgan\/wtfautolayout\/branches{\/branch}","tags_url":"https:\/\/api.github.com\/repos\/johnpatrickmorgan\/wtfautolayout\/tags","blobs_url":"https:\/\/api.github.com\/repos\/johnpatrickmorgan\/wtfautolayout\/git\/blobs{\/sha}","git_tags_url":"https:\/\/api.github.com\/repos\/johnpatrickmorgan\/wtfautolayout\/git\/tags{\/sha}","git_refs_url":"https:\/\/api.github.com\/repos\/johnpatrickmorgan\/wtfautolayout\/git\/refs{\/sha}","trees_url":"https:\/\/api.github.com\/repos\/johnpatrickmorgan\/wtfautolayout\/git\/trees{\/sha}","statuses_url":"https:\/\/api.github.com\/repos\/johnpatrickmorgan\/wtfautolayout\/statuses\/{sha}","languages_url":"https:\/\/api.github.com\/repos\/johnpatrickmorgan\/wtfautolayout\/languages","stargazers_url":"https:\/\/api.github.com\/repos\/johnpatrickmorgan\/wtfautolayout\/stargazers","contributors_url":"https:\/\/api.github.com\/repos\/johnpatrickmorgan\/wtfautolayout\/contributors","subscribers_url":"https:\/\/api.github.com\/repos\/johnpatrickmorgan\/wtfautolayout\/subscribers","subscription_url":"https:\/\/api.github.com\/repos\/johnpatrickmorgan\/wtfautolayout\/subscription","commits_url":"https:\/\/api.github.com\/repos\/johnpatrickmorgan\/wtfautolayout\/commits{\/sha}","git_commits_url":"https:\/\/api.github.com\/repos\/johnpatrickmorgan\/wtfautolayout\/git\/commits{\/sha}","comments_url":"https:\/\/api.github.com\/repos\/johnpatrickmorgan\/wtfautolayout\/comments{\/number}","issue_comment_url":"https:\/\/api.github.com\/repos\/johnpatrickmorgan\/wtfautolayout\/issues\/comments{\/number}","contents_url":"https:\/\/api.github.com\/repos\/johnpatrickmorgan\/wtfautolayout\/contents\/{+path}","compare_url":"https:\/\/api.github.com\/repos\/johnpatrickmorgan\/wtfautolayout\/compare\/{base}...{head}","merges_url":"https:\/\/api.github.com\/repos\/johnpatrickmorgan\/wtfautolayout\/merges","archive_url":"https:\/\/api.github.com\/repos\/johnpatrickmorgan\/wtfautolayout\/{archive_format}{\/ref}","downloads_url":"https:\/\/api.github.com\/repos\/johnpatrickmorgan\/wtfautolayout\/downloads","issues_url":"https:\/\/api.github.com\/repos\/johnpatrickmorgan\/wtfautolayout\/issues{\/number}","pulls_url":"https:\/\/api.github.com\/repos\/johnpatrickmorgan\/wtfautolayout\/pulls{\/number}","milestones_url":"https:\/\/api.github.com\/repos\/johnpatrickmorgan\/wtfautolayout\/milestones{\/number}","notifications_url":"https:\/\/api.github.com\/repos\/johnpatrickmorgan\/wtfautolayout\/notifications{?since,all,participating}","labels_url":"https:\/\/api.github.com\/repos\/johnpatrickmorgan\/wtfautolayout\/labels{\/name}","releases_url":"https:\/\/api.github.com\/repos\/johnpatrickmorgan\/wtfautolayout\/releases{\/id}","deployments_url":"https:\/\/api.github.com\/repos\/johnpatrickmorgan\/wtfautolayout\/deployments","created_at":"2017-08-20T21:32:57Z","updated_at":"2019-01-28T12:46:45Z","pushed_at":"2019-01-24T23:44:25Z","git_url":"git:\/\/github.com\/johnpatrickmorgan\/wtfautolayout.git","ssh_url":"git@github.com:johnpatrickmorgan\/wtfautolayout.git","clone_url":"https:\/\/github.com\/johnpatrickmorgan\/wtfautolayout.git","svn_url":"https:\/\/github.com\/johnpatrickmorgan\/wtfautolayout","homepage":"https:\/\/www.wtfautolayout.com","size":347,"stargazers_count":674,"watchers_count":674,"language":"Swift","has_issues":true,"has_projects":true,"has_downloads":true,"has_wiki":true,"has_pages":false,"forks_count":15,"mirror_url":null,"archived":false,"open_issues_count":5,"license":{"key":"mit","name":"MIT License","spdx_id":"MIT","url":"https:\/\/api.github.com\/licenses\/mit","node_id":"MDc6TGljZW5zZTEz"},"forks":15,"open_issues":5,"watchers":674,"default_branch":"master","score":56.448296},{"id":28422398,"node_id":"MDEwOlJlcG9zaXRvcnkyODQyMjM5OA==","name":"react-router-flux-starter-kit","full_name":"przeor\/react-router-flux-starter-kit","private":false,"owner":{"login":"przeor","id":5995,"node_id":"MDQ6VXNlcjU5OTU=","avatar_url":"https:\/\/avatars2.githubusercontent.com\/u\/5995?v=4","gravatar_id":"","url":"https:\/\/api.github.com\/users\/przeor","html_url":"https:\/\/github.com\/przeor","followers_url":"https:\/\/api.github.com\/users\/przeor\/followers","following_url":"https:\/\/api.github.com\/users\/przeor\/following{\/other_user}","gists_url":"https:\/\/api.github.com\/users\/przeor\/gists{\/gist_id}","starred_url":"https:\/\/api.github.com\/users\/przeor\/starred{\/owner}{\/repo}","subscriptions_url":"https:\/\/api.github.com\/users\/przeor\/subscriptions","organizations_url":"https:\/\/api.github.com\/users\/przeor\/orgs","repos_url":"https:\/\/api.github.com\/users\/przeor\/repos","events_url":"https:\/\/api.github.com\/users\/przeor\/events{\/privacy}","received_events_url":"https:\/\/api.github.com\/users\/przeor\/received_events","type":"User","site_admin":false},"html_url":"https:\/\/github.com\/przeor\/react-router-flux-starter-kit","description":"Why & How to Learn React Redux, the right highly scalable way.","fork":false,"url":"https:\/\/api.github.com\/repos\/przeor\/react-router-flux-starter-kit","forks_url":"https:\/\/api.github.com\/repos\/przeor\/react-router-flux-starter-kit\/forks","keys_url":"https:\/\/api.github.com\/repos\/przeor\/react-router-flux-starter-kit\/keys{\/key_id}","collaborators_url":"https:\/\/api.github.com\/repos\/przeor\/react-router-flux-starter-kit\/collaborators{\/collaborator}","teams_url":"https:\/\/api.github.com\/repos\/przeor\/react-router-flux-starter-kit\/teams","hooks_url":"https:\/\/api.github.com\/repos\/przeor\/react-router-flux-starter-kit\/hooks","issue_events_url":"https:\/\/api.github.com\/repos\/przeor\/react-router-flux-starter-kit\/issues\/events{\/number}","events_url":"https:\/\/api.github.com\/repos\/przeor\/react-router-flux-starter-kit\/events","assignees_url":"https:\/\/api.github.com\/repos\/przeor\/react-router-flux-starter-kit\/assignees{\/user}","branches_url":"https:\/\/api.github.com\/repos\/przeor\/react-router-flux-starter-kit\/branches{\/branch}","tags_url":"https:\/\/api.github.com\/repos\/przeor\/react-router-flux-starter-kit\/tags","blobs_url":"https:\/\/api.github.com\/repos\/przeor\/react-router-flux-starter-kit\/git\/blobs{\/sha}","git_tags_url":"https:\/\/api.github.com\/repos\/przeor\/react-router-flux-starter-kit\/git\/tags{\/sha}","git_refs_url":"https:\/\/api.github.com\/repos\/przeor\/react-router-flux-starter-kit\/git\/refs{\/sha}","trees_url":"https:\/\/api.github.com\/repos\/przeor\/react-router-flux-starter-kit\/git\/trees{\/sha}","statuses_url":"https:\/\/api.github.com\/repos\/przeor\/react-router-flux-starter-kit\/statuses\/{sha}","languages_url":"https:\/\/api.github.com\/repos\/przeor\/react-router-flux-starter-kit\/languages","stargazers_url":"https:\/\/api.github.com\/repos\/przeor\/react-router-flux-starter-kit\/stargazers","contributors_url":"https:\/\/api.github.com\/repos\/przeor\/react-router-flux-starter-kit\/contributors","subscribers_url":"https:\/\/api.github.com\/repos\/przeor\/react-router-flux-starter-kit\/subscribers","subscription_url":"https:\/\/api.github.com\/repos\/przeor\/react-router-flux-starter-kit\/subscription","commits_url":"https:\/\/api.github.com\/repos\/przeor\/react-router-flux-starter-kit\/commits{\/sha}","git_commits_url":"https:\/\/api.github.com\/repos\/przeor\/react-router-flux-starter-kit\/git\/commits{\/sha}","comments_url":"https:\/\/api.github.com\/repos\/przeor\/react-router-flux-starter-kit\/comments{\/number}","issue_comment_url":"https:\/\/api.github.com\/repos\/przeor\/react-router-flux-starter-kit\/issues\/comments{\/number}","contents_url":"https:\/\/api.github.com\/repos\/przeor\/react-router-flux-starter-kit\/contents\/{+path}","compare_url":"https:\/\/api.github.com\/repos\/przeor\/react-router-flux-starter-kit\/compare\/{base}...{head}","merges_url":"https:\/\/api.github.com\/repos\/przeor\/react-router-flux-starter-kit\/merges","archive_url":"https:\/\/api.github.com\/repos\/przeor\/react-router-flux-starter-kit\/{archive_format}{\/ref}","downloads_url":"https:\/\/api.github.com\/repos\/przeor\/react-router-flux-starter-kit\/downloads","issues_url":"https:\/\/api.github.com\/repos\/przeor\/react-router-flux-starter-kit\/issues{\/number}","pulls_url":"https:\/\/api.github.com\/repos\/przeor\/react-router-flux-starter-kit\/pulls{\/number}","milestones_url":"https:\/\/api.github.com\/repos\/przeor\/react-router-flux-starter-kit\/milestones{\/number}","notifications_url":"https:\/\/api.github.com\/repos\/przeor\/react-router-flux-starter-kit\/notifications{?since,all,participating}","labels_url":"https:\/\/api.github.com\/repos\/przeor\/react-router-flux-starter-kit\/labels{\/name}","releases_url":"https:\/\/api.github.com\/repos\/przeor\/react-router-flux-starter-kit\/releases{\/id}","deployments_url":"https:\/\/api.github.com\/repos\/przeor\/react-router-flux-starter-kit\/deployments","created_at":"2014-12-23T22:19:47Z","updated_at":"2019-01-23T01:25:46Z","pushed_at":"2016-08-19T08:19:37Z","git_url":"git:\/\/github.com\/przeor\/react-router-flux-starter-kit.git","ssh_url":"git@github.com:przeor\/react-router-flux-starter-kit.git","clone_url":"https:\/\/github.com\/przeor\/react-router-flux-starter-kit.git","svn_url":"https:\/\/github.com\/przeor\/react-router-flux-starter-kit","homepage":"","size":4999,"stargazers_count":650,"watchers_count":650,"language":"JavaScript","has_issues":true,"has_projects":true,"has_downloads":true,"has_wiki":true,"has_pages":false,"forks_count":97,"mirror_url":null,"archived":false,"open_issues_count":5,"license":null,"forks":97,"open_issues":5,"watchers":650,"default_branch":"master","score":58.769505},{"id":282344,"node_id":"MDEwOlJlcG9zaXRvcnkyODIzNDQ=","name":"potion","full_name":"perl11\/potion","private":false,"owner":{"login":"perl11","id":2390370,"node_id":"MDEyOk9yZ2FuaXphdGlvbjIzOTAzNzA=","avatar_url":"https:\/\/avatars3.githubusercontent.com\/u\/2390370?v=4","gravatar_id":"","url":"https:\/\/api.github.com\/users\/perl11","html_url":"https:\/\/github.com\/perl11","followers_url":"https:\/\/api.github.com\/users\/perl11\/followers","following_url":"https:\/\/api.github.com\/users\/perl11\/following{\/other_user}","gists_url":"https:\/\/api.github.com\/users\/perl11\/gists{\/gist_id}","starred_url":"https:\/\/api.github.com\/users\/perl11\/starred{\/owner}{\/repo}","subscriptions_url":"https:\/\/api.github.com\/users\/perl11\/subscriptions","organizations_url":"https:\/\/api.github.com\/users\/perl11\/orgs","repos_url":"https:\/\/api.github.com\/users\/perl11\/repos","events_url":"https:\/\/api.github.com\/users\/perl11\/events{\/privacy}","received_events_url":"https:\/\/api.github.com\/users\/perl11\/received_events","type":"Organization","site_admin":false},"html_url":"https:\/\/github.com\/perl11\/potion","description":"_why the lucky stiff's little language (the official repo... until _why returns)","fork":false,"url":"https:\/\/api.github.com\/repos\/perl11\/potion","forks_url":"https:\/\/api.github.com\/repos\/perl11\/potion\/forks","keys_url":"https:\/\/api.github.com\/repos\/perl11\/potion\/keys{\/key_id}","collaborators_url":"https:\/\/api.github.com\/repos\/perl11\/potion\/collaborators{\/collaborator}","teams_url":"https:\/\/api.github.com\/repos\/perl11\/potion\/teams","hooks_url":"https:\/\/api.github.com\/repos\/perl11\/potion\/hooks","issue_events_url":"https:\/\/api.github.com\/repos\/perl11\/potion\/issues\/events{\/number}","events_url":"https:\/\/api.github.com\/repos\/perl11\/potion\/events","assignees_url":"https:\/\/api.github.com\/repos\/perl11\/potion\/assignees{\/user}","branches_url":"https:\/\/api.github.com\/repos\/perl11\/potion\/branches{\/branch}","tags_url":"https:\/\/api.github.com\/repos\/perl11\/potion\/tags","blobs_url":"https:\/\/api.github.com\/repos\/perl11\/potion\/git\/blobs{\/sha}","git_tags_url":"https:\/\/api.github.com\/repos\/perl11\/potion\/git\/tags{\/sha}","git_refs_url":"https:\/\/api.github.com\/repos\/perl11\/potion\/git\/refs{\/sha}","trees_url":"https:\/\/api.github.com\/repos\/perl11\/potion\/git\/trees{\/sha}","statuses_url":"https:\/\/api.github.com\/repos\/perl11\/potion\/statuses\/{sha}","languages_url":"https:\/\/api.github.com\/repos\/perl11\/potion\/languages","stargazers_url":"https:\/\/api.github.com\/repos\/perl11\/potion\/stargazers","contributors_url":"https:\/\/api.github.com\/repos\/perl11\/potion\/contributors","subscribers_url":"https:\/\/api.github.com\/repos\/perl11\/potion\/subscribers","subscription_url":"https:\/\/api.github.com\/repos\/perl11\/potion\/subscription","commits_url":"https:\/\/api.github.com\/repos\/perl11\/potion\/commits{\/sha}","git_commits_url":"https:\/\/api.github.com\/repos\/perl11\/potion\/git\/commits{\/sha}","comments_url":"https:\/\/api.github.com\/repos\/perl11\/potion\/comments{\/number}","issue_comment_url":"https:\/\/api.github.com\/repos\/perl11\/potion\/issues\/comments{\/number}","contents_url":"https:\/\/api.github.com\/repos\/perl11\/potion\/contents\/{+path}","compare_url":"https:\/\/api.github.com\/repos\/perl11\/potion\/compare\/{base}...{head}","merges_url":"https:\/\/api.github.com\/repos\/perl11\/potion\/merges","archive_url":"https:\/\/api.github.com\/repos\/perl11\/potion\/{archive_format}{\/ref}","downloads_url":"https:\/\/api.github.com\/repos\/perl11\/potion\/downloads","issues_url":"https:\/\/api.github.com\/repos\/perl11\/potion\/issues{\/number}","pulls_url":"https:\/\/api.github.com\/repos\/perl11\/potion\/pulls{\/number}","milestones_url":"https:\/\/api.github.com\/repos\/perl11\/potion\/milestones{\/number}","notifications_url":"https:\/\/api.github.com\/repos\/perl11\/potion\/notifications{?since,all,participating}","labels_url":"https:\/\/api.github.com\/repos\/perl11\/potion\/labels{\/name}","releases_url":"https:\/\/api.github.com\/repos\/perl11\/potion\/releases{\/id}","deployments_url":"https:\/\/api.github.com\/repos\/perl11\/potion\/deployments","created_at":"2009-08-19T20:06:21Z","updated_at":"2019-01-23T08:11:13Z","pushed_at":"2018-02-02T09:04:03Z","git_url":"git:\/\/github.com\/perl11\/potion.git","ssh_url":"git@github.com:perl11\/potion.git","clone_url":"https:\/\/github.com\/perl11\/potion.git","svn_url":"https:\/\/github.com\/perl11\/potion","homepage":"http:\/\/groups.google.com\/group\/potion-lang","size":4417,"stargazers_count":540,"watchers_count":540,"language":"C","has_issues":true,"has_projects":true,"has_downloads":true,"has_wiki":true,"has_pages":true,"forks_count":78,"mirror_url":null,"archived":false,"open_issues_count":19,"license":{"key":"other","name":"Other","spdx_id":"NOASSERTION","url":null,"node_id":"MDc6TGljZW5zZTA="},"forks":78,"open_issues":19,"watchers":540,"default_branch":"master","score":81.98055},{"id":282622,"node_id":"MDEwOlJlcG9zaXRvcnkyODI2MjI=","name":"poignant-guide","full_name":"mislav\/poignant-guide","private":false,"owner":{"login":"mislav","id":887,"node_id":"MDQ6VXNlcjg4Nw==","avatar_url":"https:\/\/avatars2.githubusercontent.com\/u\/887?v=4","gravatar_id":"","url":"https:\/\/api.github.com\/users\/mislav","html_url":"https:\/\/github.com\/mislav","followers_url":"https:\/\/api.github.com\/users\/mislav\/followers","following_url":"https:\/\/api.github.com\/users\/mislav\/following{\/other_user}","gists_url":"https:\/\/api.github.com\/users\/mislav\/gists{\/gist_id}","starred_url":"https:\/\/api.github.com\/users\/mislav\/starred{\/owner}{\/repo}","subscriptions_url":"https:\/\/api.github.com\/users\/mislav\/subscriptions","organizations_url":"https:\/\/api.github.com\/users\/mislav\/orgs","repos_url":"https:\/\/api.github.com\/users\/mislav\/repos","events_url":"https:\/\/api.github.com\/users\/mislav\/events{\/privacy}","received_events_url":"https:\/\/api.github.com\/users\/mislav\/received_events","type":"User","site_admin":true},"html_url":"https:\/\/github.com\/mislav\/poignant-guide","description":"Why's Poignant Guide to Ruby","fork":false,"url":"https:\/\/api.github.com\/repos\/mislav\/poignant-guide","forks_url":"https:\/\/api.github.com\/repos\/mislav\/poignant-guide\/forks","keys_url":"https:\/\/api.github.com\/repos\/mislav\/poignant-guide\/keys{\/key_id}","collaborators_url":"https:\/\/api.github.com\/repos\/mislav\/poignant-guide\/collaborators{\/collaborator}","teams_url":"https:\/\/api.github.com\/repos\/mislav\/poignant-guide\/teams","hooks_url":"https:\/\/api.github.com\/repos\/mislav\/poignant-guide\/hooks","issue_events_url":"https:\/\/api.github.com\/repos\/mislav\/poignant-guide\/issues\/events{\/number}","events_url":"https:\/\/api.github.com\/repos\/mislav\/poignant-guide\/events","assignees_url":"https:\/\/api.github.com\/repos\/mislav\/poignant-guide\/assignees{\/user}","branches_url":"https:\/\/api.github.com\/repos\/mislav\/poignant-guide\/branches{\/branch}","tags_url":"https:\/\/api.github.com\/repos\/mislav\/poignant-guide\/tags","blobs_url":"https:\/\/api.github.com\/repos\/mislav\/poignant-guide\/git\/blobs{\/sha}","git_tags_url":"https:\/\/api.github.com\/repos\/mislav\/poignant-guide\/git\/tags{\/sha}","git_refs_url":"https:\/\/api.github.com\/repos\/mislav\/poignant-guide\/git\/refs{\/sha}","trees_url":"https:\/\/api.github.com\/repos\/mislav\/poignant-guide\/git\/trees{\/sha}","statuses_url":"https:\/\/api.github.com\/repos\/mislav\/poignant-guide\/statuses\/{sha}","languages_url":"https:\/\/api.github.com\/repos\/mislav\/poignant-guide\/languages","stargazers_url":"https:\/\/api.github.com\/repos\/mislav\/poignant-guide\/stargazers","contributors_url":"https:\/\/api.github.com\/repos\/mislav\/poignant-guide\/contributors","subscribers_url":"https:\/\/api.github.com\/repos\/mislav\/poignant-guide\/subscribers","subscription_url":"https:\/\/api.github.com\/repos\/mislav\/poignant-guide\/subscription","commits_url":"https:\/\/api.github.com\/repos\/mislav\/poignant-guide\/commits{\/sha}","git_commits_url":"https:\/\/api.github.com\/repos\/mislav\/poignant-guide\/git\/commits{\/sha}","comments_url":"https:\/\/api.github.com\/repos\/mislav\/poignant-guide\/comments{\/number}","issue_comment_url":"https:\/\/api.github.com\/repos\/mislav\/poignant-guide\/issues\/comments{\/number}","contents_url":"https:\/\/api.github.com\/repos\/mislav\/poignant-guide\/contents\/{+path}","compare_url":"https:\/\/api.github.com\/repos\/mislav\/poignant-guide\/compare\/{base}...{head}","merges_url":"https:\/\/api.github.com\/repos\/mislav\/poignant-guide\/merges","archive_url":"https:\/\/api.github.com\/repos\/mislav\/poignant-guide\/{archive_format}{\/ref}","downloads_url":"https:\/\/api.github.com\/repos\/mislav\/poignant-guide\/downloads","issues_url":"https:\/\/api.github.com\/repos\/mislav\/poignant-guide\/issues{\/number}","pulls_url":"https:\/\/api.github.com\/repos\/mislav\/poignant-guide\/pulls{\/number}","milestones_url":"https:\/\/api.github.com\/repos\/mislav\/poignant-guide\/milestones{\/number}","notifications_url":"https:\/\/api.github.com\/repos\/mislav\/poignant-guide\/notifications{?since,all,participating}","labels_url":"https:\/\/api.github.com\/repos\/mislav\/poignant-guide\/labels{\/name}","releases_url":"https:\/\/api.github.com\/repos\/mislav\/poignant-guide\/releases{\/id}","deployments_url":"https:\/\/api.github.com\/repos\/mislav\/poignant-guide\/deployments","created_at":"2009-08-20T01:17:54Z","updated_at":"2019-01-26T12:32:58Z","pushed_at":"2018-11-20T13:08:57Z","git_url":"git:\/\/github.com\/mislav\/poignant-guide.git","ssh_url":"git@github.com:mislav\/poignant-guide.git","clone_url":"https:\/\/github.com\/mislav\/poignant-guide.git","svn_url":"https:\/\/github.com\/mislav\/poignant-guide","homepage":"http:\/\/poignant.guide\/","size":12871,"stargazers_count":532,"watchers_count":532,"language":"HTML","has_issues":false,"has_projects":true,"has_downloads":true,"has_wiki":false,"has_pages":true,"forks_count":103,"mirror_url":null,"archived":false,"open_issues_count":0,"license":null,"forks":103,"open_issues":0,"watchers":532,"default_branch":"gh-pages","score":81.496025},{"id":30485473,"node_id":"MDEwOlJlcG9zaXRvcnkzMDQ4NTQ3Mw==","name":"Why-Reject","full_name":"jcccn\/Why-Reject","private":false,"owner":{"login":"jcccn","id":397243,"node_id":"MDQ6VXNlcjM5NzI0Mw==","avatar_url":"https:\/\/avatars1.githubusercontent.com\/u\/397243?v=4","gravatar_id":"","url":"https:\/\/api.github.com\/users\/jcccn","html_url":"https:\/\/github.com\/jcccn","followers_url":"https:\/\/api.github.com\/users\/jcccn\/followers","following_url":"https:\/\/api.github.com\/users\/jcccn\/following{\/other_user}","gists_url":"https:\/\/api.github.com\/users\/jcccn\/gists{\/gist_id}","starred_url":"https:\/\/api.github.com\/users\/jcccn\/starred{\/owner}{\/repo}","subscriptions_url":"https:\/\/api.github.com\/users\/jcccn\/subscriptions","organizations_url":"https:\/\/api.github.com\/users\/jcccn\/orgs","repos_url":"https:\/\/api.github.com\/users\/jcccn\/repos","events_url":"https:\/\/api.github.com\/users\/jcccn\/events{\/privacy}","received_events_url":"https:\/\/api.github.com\/users\/jcccn\/received_events","type":"User","site_admin":false},"html_url":"https:\/\/github.com\/jcccn\/Why-Reject","description":"\u82f9\u679cAppStore\u88ab\u62d2\u7406\u7531\u5927\u5168","fork":false,"url":"https:\/\/api.github.com\/repos\/jcccn\/Why-Reject","forks_url":"https:\/\/api.github.com\/repos\/jcccn\/Why-Reject\/forks","keys_url":"https:\/\/api.github.com\/repos\/jcccn\/Why-Reject\/keys{\/key_id}","collaborators_url":"https:\/\/api.github.com\/repos\/jcccn\/Why-Reject\/collaborators{\/collaborator}","teams_url":"https:\/\/api.github.com\/repos\/jcccn\/Why-Reject\/teams","hooks_url":"https:\/\/api.github.com\/repos\/jcccn\/Why-Reject\/hooks","issue_events_url":"https:\/\/api.github.com\/repos\/jcccn\/Why-Reject\/issues\/events{\/number}","events_url":"https:\/\/api.github.com\/repos\/jcccn\/Why-Reject\/events","assignees_url":"https:\/\/api.github.com\/repos\/jcccn\/Why-Reject\/assignees{\/user}","branches_url":"https:\/\/api.github.com\/repos\/jcccn\/Why-Reject\/branches{\/branch}","tags_url":"https:\/\/api.github.com\/repos\/jcccn\/Why-Reject\/tags","blobs_url":"https:\/\/api.github.com\/repos\/jcccn\/Why-Reject\/git\/blobs{\/sha}","git_tags_url":"https:\/\/api.github.com\/repos\/jcccn\/Why-Reject\/git\/tags{\/sha}","git_refs_url":"https:\/\/api.github.com\/repos\/jcccn\/Why-Reject\/git\/refs{\/sha}","trees_url":"https:\/\/api.github.com\/repos\/jcccn\/Why-Reject\/git\/trees{\/sha}","statuses_url":"https:\/\/api.github.com\/repos\/jcccn\/Why-Reject\/statuses\/{sha}","languages_url":"https:\/\/api.github.com\/repos\/jcccn\/Why-Reject\/languages","stargazers_url":"https:\/\/api.github.com\/repos\/jcccn\/Why-Reject\/stargazers","contributors_url":"https:\/\/api.github.com\/repos\/jcccn\/Why-Reject\/contributors","subscribers_url":"https:\/\/api.github.com\/repos\/jcccn\/Why-Reject\/subscribers","subscription_url":"https:\/\/api.github.com\/repos\/jcccn\/Why-Reject\/subscription","commits_url":"https:\/\/api.github.com\/repos\/jcccn\/Why-Reject\/commits{\/sha}","git_commits_url":"https:\/\/api.github.com\/repos\/jcccn\/Why-Reject\/git\/commits{\/sha}","comments_url":"https:\/\/api.github.com\/repos\/jcccn\/Why-Reject\/comments{\/number}","issue_comment_url":"https:\/\/api.github.com\/repos\/jcccn\/Why-Reject\/issues\/comments{\/number}","contents_url":"https:\/\/api.github.com\/repos\/jcccn\/Why-Reject\/contents\/{+path}","compare_url":"https:\/\/api.github.com\/repos\/jcccn\/Why-Reject\/compare\/{base}...{head}","merges_url":"https:\/\/api.github.com\/repos\/jcccn\/Why-Reject\/merges","archive_url":"https:\/\/api.github.com\/repos\/jcccn\/Why-Reject\/{archive_format}{\/ref}","downloads_url":"https:\/\/api.github.com\/repos\/jcccn\/Why-Reject\/downloads","issues_url":"https:\/\/api.github.com\/repos\/jcccn\/Why-Reject\/issues{\/number}","pulls_url":"https:\/\/api.github.com\/repos\/jcccn\/Why-Reject\/pulls{\/number}","milestones_url":"https:\/\/api.github.com\/repos\/jcccn\/Why-Reject\/milestones{\/number}","notifications_url":"https:\/\/api.github.com\/repos\/jcccn\/Why-Reject\/notifications{?since,all,participating}","labels_url":"https:\/\/api.github.com\/repos\/jcccn\/Why-Reject\/labels{\/name}","releases_url":"https:\/\/api.github.com\/repos\/jcccn\/Why-Reject\/releases{\/id}","deployments_url":"https:\/\/api.github.com\/repos\/jcccn\/Why-Reject\/deployments","created_at":"2015-02-08T08:37:17Z","updated_at":"2019-01-28T12:02:55Z","pushed_at":"2017-05-06T07:35:44Z","git_url":"git:\/\/github.com\/jcccn\/Why-Reject.git","ssh_url":"git@github.com:jcccn\/Why-Reject.git","clone_url":"https:\/\/github.com\/jcccn\/Why-Reject.git","svn_url":"https:\/\/github.com\/jcccn\/Why-Reject","homepage":"https:\/\/whyreject.jcccn.me","size":684,"stargazers_count":493,"watchers_count":493,"language":null,"has_issues":true,"has_projects":true,"has_downloads":true,"has_wiki":true,"has_pages":true,"forks_count":113,"mirror_url":null,"archived":false,"open_issues_count":0,"license":null,"forks":113,"open_issues":0,"watchers":493,"default_branch":"master","score":96.0606},{"id":76408906,"node_id":"MDEwOlJlcG9zaXRvcnk3NjQwODkwNg==","name":"meta","full_name":"mateodelnorte\/meta","private":false,"owner":{"login":"mateodelnorte","id":554847,"node_id":"MDQ6VXNlcjU1NDg0Nw==","avatar_url":"https:\/\/avatars3.githubusercontent.com\/u\/554847?v=4","gravatar_id":"","url":"https:\/\/api.github.com\/users\/mateodelnorte","html_url":"https:\/\/github.com\/mateodelnorte","followers_url":"https:\/\/api.github.com\/users\/mateodelnorte\/followers","following_url":"https:\/\/api.github.com\/users\/mateodelnorte\/following{\/other_user}","gists_url":"https:\/\/api.github.com\/users\/mateodelnorte\/gists{\/gist_id}","starred_url":"https:\/\/api.github.com\/users\/mateodelnorte\/starred{\/owner}{\/repo}","subscriptions_url":"https:\/\/api.github.com\/users\/mateodelnorte\/subscriptions","organizations_url":"https:\/\/api.github.com\/users\/mateodelnorte\/orgs","repos_url":"https:\/\/api.github.com\/users\/mateodelnorte\/repos","events_url":"https:\/\/api.github.com\/users\/mateodelnorte\/events{\/privacy}","received_events_url":"https:\/\/api.github.com\/users\/mateodelnorte\/received_events","type":"User","site_admin":false},"html_url":"https:\/\/github.com\/mateodelnorte\/meta","description":"tool for turning many repos into a meta repo. why choose many repos or a monolithic repo, when you can have both with a meta repo?","fork":false,"url":"https:\/\/api.github.com\/repos\/mateodelnorte\/meta","forks_url":"https:\/\/api.github.com\/repos\/mateodelnorte\/meta\/forks","keys_url":"https:\/\/api.github.com\/repos\/mateodelnorte\/meta\/keys{\/key_id}","collaborators_url":"https:\/\/api.github.com\/repos\/mateodelnorte\/meta\/collaborators{\/collaborator}","teams_url":"https:\/\/api.github.com\/repos\/mateodelnorte\/meta\/teams","hooks_url":"https:\/\/api.github.com\/repos\/mateodelnorte\/meta\/hooks","issue_events_url":"https:\/\/api.github.com\/repos\/mateodelnorte\/meta\/issues\/events{\/number}","events_url":"https:\/\/api.github.com\/repos\/mateodelnorte\/meta\/events","assignees_url":"https:\/\/api.github.com\/repos\/mateodelnorte\/meta\/assignees{\/user}","branches_url":"https:\/\/api.github.com\/repos\/mateodelnorte\/meta\/branches{\/branch}","tags_url":"https:\/\/api.github.com\/repos\/mateodelnorte\/meta\/tags","blobs_url":"https:\/\/api.github.com\/repos\/mateodelnorte\/meta\/git\/blobs{\/sha}","git_tags_url":"https:\/\/api.github.com\/repos\/mateodelnorte\/meta\/git\/tags{\/sha}","git_refs_url":"https:\/\/api.github.com\/repos\/mateodelnorte\/meta\/git\/refs{\/sha}","trees_url":"https:\/\/api.github.com\/repos\/mateodelnorte\/meta\/git\/trees{\/sha}","statuses_url":"https:\/\/api.github.com\/repos\/mateodelnorte\/meta\/statuses\/{sha}","languages_url":"https:\/\/api.github.com\/repos\/mateodelnorte\/meta\/languages","stargazers_url":"https:\/\/api.github.com\/repos\/mateodelnorte\/meta\/stargazers","contributors_url":"https:\/\/api.github.com\/repos\/mateodelnorte\/meta\/contributors","subscribers_url":"https:\/\/api.github.com\/repos\/mateodelnorte\/meta\/subscribers","subscription_url":"https:\/\/api.github.com\/repos\/mateodelnorte\/meta\/subscription","commits_url":"https:\/\/api.github.com\/repos\/mateodelnorte\/meta\/commits{\/sha}","git_commits_url":"https:\/\/api.github.com\/repos\/mateodelnorte\/meta\/git\/commits{\/sha}","comments_url":"https:\/\/api.github.com\/repos\/mateodelnorte\/meta\/comments{\/number}","issue_comment_url":"https:\/\/api.github.com\/repos\/mateodelnorte\/meta\/issues\/comments{\/number}","contents_url":"https:\/\/api.github.com\/repos\/mateodelnorte\/meta\/contents\/{+path}","compare_url":"https:\/\/api.github.com\/repos\/mateodelnorte\/meta\/compare\/{base}...{head}","merges_url":"https:\/\/api.github.com\/repos\/mateodelnorte\/meta\/merges","archive_url":"https:\/\/api.github.com\/repos\/mateodelnorte\/meta\/{archive_format}{\/ref}","downloads_url":"https:\/\/api.github.com\/repos\/mateodelnorte\/meta\/downloads","issues_url":"https:\/\/api.github.com\/repos\/mateodelnorte\/meta\/issues{\/number}","pulls_url":"https:\/\/api.github.com\/repos\/mateodelnorte\/meta\/pulls{\/number}","milestones_url":"https:\/\/api.github.com\/repos\/mateodelnorte\/meta\/milestones{\/number}","notifications_url":"https:\/\/api.github.com\/repos\/mateodelnorte\/meta\/notifications{?since,all,participating}","labels_url":"https:\/\/api.github.com\/repos\/mateodelnorte\/meta\/labels{\/name}","releases_url":"https:\/\/api.github.com\/repos\/mateodelnorte\/meta\/releases{\/id}","deployments_url":"https:\/\/api.github.com\/repos\/mateodelnorte\/meta\/deployments","created_at":"2016-12-14T00:06:35Z","updated_at":"2019-01-27T07:29:38Z","pushed_at":"2019-01-25T18:00:32Z","git_url":"git:\/\/github.com\/mateodelnorte\/meta.git","ssh_url":"git@github.com:mateodelnorte\/meta.git","clone_url":"https:\/\/github.com\/mateodelnorte\/meta.git","svn_url":"https:\/\/github.com\/mateodelnorte\/meta","homepage":"","size":2507,"stargazers_count":489,"watchers_count":489,"language":"JavaScript","has_issues":true,"has_projects":true,"has_downloads":true,"has_wiki":true,"has_pages":false,"forks_count":27,"mirror_url":null,"archived":false,"open_issues_count":18,"license":null,"forks":27,"open_issues":18,"watchers":489,"default_branch":"master","score":35.23271},{"id":120470493,"node_id":"MDEwOlJlcG9zaXRvcnkxMjA0NzA0OTM=","name":"awesome-dev-podcasts","full_name":"sw-yx\/awesome-dev-podcasts","private":false,"owner":{"login":"sw-yx","id":6764957,"node_id":"MDQ6VXNlcjY3NjQ5NTc=","avatar_url":"https:\/\/avatars1.githubusercontent.com\/u\/6764957?v=4","gravatar_id":"","url":"https:\/\/api.github.com\/users\/sw-yx","html_url":"https:\/\/github.com\/sw-yx","followers_url":"https:\/\/api.github.com\/users\/sw-yx\/followers","following_url":"https:\/\/api.github.com\/users\/sw-yx\/following{\/other_user}","gists_url":"https:\/\/api.github.com\/users\/sw-yx\/gists{\/gist_id}","starred_url":"https:\/\/api.github.com\/users\/sw-yx\/starred{\/owner}{\/repo}","subscriptions_url":"https:\/\/api.github.com\/users\/sw-yx\/subscriptions","organizations_url":"https:\/\/api.github.com\/users\/sw-yx\/orgs","repos_url":"https:\/\/api.github.com\/users\/sw-yx\/repos","events_url":"https:\/\/api.github.com\/users\/sw-yx\/events{\/privacy}","received_events_url":"https:\/\/api.github.com\/users\/sw-yx\/received_events","type":"User","site_admin":false},"html_url":"https:\/\/github.com\/sw-yx\/awesome-dev-podcasts","description":"a curated list of awesome dev podcasts and why they are awesome","fork":false,"url":"https:\/\/api.github.com\/repos\/sw-yx\/awesome-dev-podcasts","forks_url":"https:\/\/api.github.com\/repos\/sw-yx\/awesome-dev-podcasts\/forks","keys_url":"https:\/\/api.github.com\/repos\/sw-yx\/awesome-dev-podcasts\/keys{\/key_id}","collaborators_url":"https:\/\/api.github.com\/repos\/sw-yx\/awesome-dev-podcasts\/collaborators{\/collaborator}","teams_url":"https:\/\/api.github.com\/repos\/sw-yx\/awesome-dev-podcasts\/teams","hooks_url":"https:\/\/api.github.com\/repos\/sw-yx\/awesome-dev-podcasts\/hooks","issue_events_url":"https:\/\/api.github.com\/repos\/sw-yx\/awesome-dev-podcasts\/issues\/events{\/number}","events_url":"https:\/\/api.github.com\/repos\/sw-yx\/awesome-dev-podcasts\/events","assignees_url":"https:\/\/api.github.com\/repos\/sw-yx\/awesome-dev-podcasts\/assignees{\/user}","branches_url":"https:\/\/api.github.com\/repos\/sw-yx\/awesome-dev-podcasts\/branches{\/branch}","tags_url":"https:\/\/api.github.com\/repos\/sw-yx\/awesome-dev-podcasts\/tags","blobs_url":"https:\/\/api.github.com\/repos\/sw-yx\/awesome-dev-podcasts\/git\/blobs{\/sha}","git_tags_url":"https:\/\/api.github.com\/repos\/sw-yx\/awesome-dev-podcasts\/git\/tags{\/sha}","git_refs_url":"https:\/\/api.github.com\/repos\/sw-yx\/awesome-dev-podcasts\/git\/refs{\/sha}","trees_url":"https:\/\/api.github.com\/repos\/sw-yx\/awesome-dev-podcasts\/git\/trees{\/sha}","statuses_url":"https:\/\/api.github.com\/repos\/sw-yx\/awesome-dev-podcasts\/statuses\/{sha}","languages_url":"https:\/\/api.github.com\/repos\/sw-yx\/awesome-dev-podcasts\/languages","stargazers_url":"https:\/\/api.github.com\/repos\/sw-yx\/awesome-dev-podcasts\/stargazers","contributors_url":"https:\/\/api.github.com\/repos\/sw-yx\/awesome-dev-podcasts\/contributors","subscribers_url":"https:\/\/api.github.com\/repos\/sw-yx\/awesome-dev-podcasts\/subscribers","subscription_url":"https:\/\/api.github.com\/repos\/sw-yx\/awesome-dev-podcasts\/subscription","commits_url":"https:\/\/api.github.com\/repos\/sw-yx\/awesome-dev-podcasts\/commits{\/sha}","git_commits_url":"https:\/\/api.github.com\/repos\/sw-yx\/awesome-dev-podcasts\/git\/commits{\/sha}","comments_url":"https:\/\/api.github.com\/repos\/sw-yx\/awesome-dev-podcasts\/comments{\/number}","issue_comment_url":"https:\/\/api.github.com\/repos\/sw-yx\/awesome-dev-podcasts\/issues\/comments{\/number}","contents_url":"https:\/\/api.github.com\/repos\/sw-yx\/awesome-dev-podcasts\/contents\/{+path}","compare_url":"https:\/\/api.github.com\/repos\/sw-yx\/awesome-dev-podcasts\/compare\/{base}...{head}","merges_url":"https:\/\/api.github.com\/repos\/sw-yx\/awesome-dev-podcasts\/merges","archive_url":"https:\/\/api.github.com\/repos\/sw-yx\/awesome-dev-podcasts\/{archive_format}{\/ref}","downloads_url":"https:\/\/api.github.com\/repos\/sw-yx\/awesome-dev-podcasts\/downloads","issues_url":"https:\/\/api.github.com\/repos\/sw-yx\/awesome-dev-podcasts\/issues{\/number}","pulls_url":"https:\/\/api.github.com\/repos\/sw-yx\/awesome-dev-podcasts\/pulls{\/number}","milestones_url":"https:\/\/api.github.com\/repos\/sw-yx\/awesome-dev-podcasts\/milestones{\/number}","notifications_url":"https:\/\/api.github.com\/repos\/sw-yx\/awesome-dev-podcasts\/notifications{?since,all,participating}","labels_url":"https:\/\/api.github.com\/repos\/sw-yx\/awesome-dev-podcasts\/labels{\/name}","releases_url":"https:\/\/api.github.com\/repos\/sw-yx\/awesome-dev-podcasts\/releases{\/id}","deployments_url":"https:\/\/api.github.com\/repos\/sw-yx\/awesome-dev-podcasts\/deployments","created_at":"2018-02-06T14:32:41Z","updated_at":"2019-01-23T00:52:57Z","pushed_at":"2018-09-12T14:28:36Z","git_url":"git:\/\/github.com\/sw-yx\/awesome-dev-podcasts.git","ssh_url":"git@github.com:sw-yx\/awesome-dev-podcasts.git","clone_url":"https:\/\/github.com\/sw-yx\/awesome-dev-podcasts.git","svn_url":"https:\/\/github.com\/sw-yx\/awesome-dev-podcasts","homepage":"","size":29,"stargazers_count":455,"watchers_count":455,"language":null,"has_issues":true,"has_projects":true,"has_downloads":true,"has_wiki":true,"has_pages":false,"forks_count":26,"mirror_url":null,"archived":false,"open_issues_count":3,"license":null,"forks":26,"open_issues":3,"watchers":455,"default_branch":"master","score":48.013927},{"id":18601900,"node_id":"MDEwOlJlcG9zaXRvcnkxODYwMTkwMA==","name":"eliot","full_name":"itamarst\/eliot","private":false,"owner":{"login":"itamarst","id":3266662,"node_id":"MDQ6VXNlcjMyNjY2NjI=","avatar_url":"https:\/\/avatars1.githubusercontent.com\/u\/3266662?v=4","gravatar_id":"","url":"https:\/\/api.github.com\/users\/itamarst","html_url":"https:\/\/github.com\/itamarst","followers_url":"https:\/\/api.github.com\/users\/itamarst\/followers","following_url":"https:\/\/api.github.com\/users\/itamarst\/following{\/other_user}","gists_url":"https:\/\/api.github.com\/users\/itamarst\/gists{\/gist_id}","starred_url":"https:\/\/api.github.com\/users\/itamarst\/starred{\/owner}{\/repo}","subscriptions_url":"https:\/\/api.github.com\/users\/itamarst\/subscriptions","organizations_url":"https:\/\/api.github.com\/users\/itamarst\/orgs","repos_url":"https:\/\/api.github.com\/users\/itamarst\/repos","events_url":"https:\/\/api.github.com\/users\/itamarst\/events{\/privacy}","received_events_url":"https:\/\/api.github.com\/users\/itamarst\/received_events","type":"User","site_admin":false},"html_url":"https:\/\/github.com\/itamarst\/eliot","description":"Eliot: the logging system that tells you *why* it happened","fork":false,"url":"https:\/\/api.github.com\/repos\/itamarst\/eliot","forks_url":"https:\/\/api.github.com\/repos\/itamarst\/eliot\/forks","keys_url":"https:\/\/api.github.com\/repos\/itamarst\/eliot\/keys{\/key_id}","collaborators_url":"https:\/\/api.github.com\/repos\/itamarst\/eliot\/collaborators{\/collaborator}","teams_url":"https:\/\/api.github.com\/repos\/itamarst\/eliot\/teams","hooks_url":"https:\/\/api.github.com\/repos\/itamarst\/eliot\/hooks","issue_events_url":"https:\/\/api.github.com\/repos\/itamarst\/eliot\/issues\/events{\/number}","events_url":"https:\/\/api.github.com\/repos\/itamarst\/eliot\/events","assignees_url":"https:\/\/api.github.com\/repos\/itamarst\/eliot\/assignees{\/user}","branches_url":"https:\/\/api.github.com\/repos\/itamarst\/eliot\/branches{\/branch}","tags_url":"https:\/\/api.github.com\/repos\/itamarst\/eliot\/tags","blobs_url":"https:\/\/api.github.com\/repos\/itamarst\/eliot\/git\/blobs{\/sha}","git_tags_url":"https:\/\/api.github.com\/repos\/itamarst\/eliot\/git\/tags{\/sha}","git_refs_url":"https:\/\/api.github.com\/repos\/itamarst\/eliot\/git\/refs{\/sha}","trees_url":"https:\/\/api.github.com\/repos\/itamarst\/eliot\/git\/trees{\/sha}","statuses_url":"https:\/\/api.github.com\/repos\/itamarst\/eliot\/statuses\/{sha}","languages_url":"https:\/\/api.github.com\/repos\/itamarst\/eliot\/languages","stargazers_url":"https:\/\/api.github.com\/repos\/itamarst\/eliot\/stargazers","contributors_url":"https:\/\/api.github.com\/repos\/itamarst\/eliot\/contributors","subscribers_url":"https:\/\/api.github.com\/repos\/itamarst\/eliot\/subscribers","subscription_url":"https:\/\/api.github.com\/repos\/itamarst\/eliot\/subscription","commits_url":"https:\/\/api.github.com\/repos\/itamarst\/eliot\/commits{\/sha}","git_commits_url":"https:\/\/api.github.com\/repos\/itamarst\/eliot\/git\/commits{\/sha}","comments_url":"https:\/\/api.github.com\/repos\/itamarst\/eliot\/comments{\/number}","issue_comment_url":"https:\/\/api.github.com\/repos\/itamarst\/eliot\/issues\/comments{\/number}","contents_url":"https:\/\/api.github.com\/repos\/itamarst\/eliot\/contents\/{+path}","compare_url":"https:\/\/api.github.com\/repos\/itamarst\/eliot\/compare\/{base}...{head}","merges_url":"https:\/\/api.github.com\/repos\/itamarst\/eliot\/merges","archive_url":"https:\/\/api.github.com\/repos\/itamarst\/eliot\/{archive_format}{\/ref}","downloads_url":"https:\/\/api.github.com\/repos\/itamarst\/eliot\/downloads","issues_url":"https:\/\/api.github.com\/repos\/itamarst\/eliot\/issues{\/number}","pulls_url":"https:\/\/api.github.com\/repos\/itamarst\/eliot\/pulls{\/number}","milestones_url":"https:\/\/api.github.com\/repos\/itamarst\/eliot\/milestones{\/number}","notifications_url":"https:\/\/api.github.com\/repos\/itamarst\/eliot\/notifications{?since,all,participating}","labels_url":"https:\/\/api.github.com\/repos\/itamarst\/eliot\/labels{\/name}","releases_url":"https:\/\/api.github.com\/repos\/itamarst\/eliot\/releases{\/id}","deployments_url":"https:\/\/api.github.com\/repos\/itamarst\/eliot\/deployments","created_at":"2014-04-09T15:12:19Z","updated_at":"2019-01-25T22:49:37Z","pushed_at":"2019-01-02T18:19:45Z","git_url":"git:\/\/github.com\/itamarst\/eliot.git","ssh_url":"git@github.com:itamarst\/eliot.git","clone_url":"https:\/\/github.com\/itamarst\/eliot.git","svn_url":"https:\/\/github.com\/itamarst\/eliot","homepage":"https:\/\/eliot.readthedocs.io","size":1017,"stargazers_count":445,"watchers_count":445,"language":"Python","has_issues":true,"has_projects":true,"has_downloads":true,"has_wiki":true,"has_pages":false,"forks_count":32,"mirror_url":null,"archived":false,"open_issues_count":89,"license":{"key":"apache-2.0","name":"Apache License 2.0","spdx_id":"Apache-2.0","url":"https:\/\/api.github.com\/licenses\/apache-2.0","node_id":"MDc6TGljZW5zZTI="},"forks":32,"open_issues":89,"watchers":445,"default_branch":"master","score":61.20285},{"id":164816947,"node_id":"MDEwOlJlcG9zaXRvcnkxNjQ4MTY5NDc=","name":"stockpredictionai","full_name":"borisbanushev\/stockpredictionai","private":false,"owner":{"login":"borisbanushev","id":36700291,"node_id":"MDQ6VXNlcjM2NzAwMjkx","avatar_url":"https:\/\/avatars3.githubusercontent.com\/u\/36700291?v=4","gravatar_id":"","url":"https:\/\/api.github.com\/users\/borisbanushev","html_url":"https:\/\/github.com\/borisbanushev","followers_url":"https:\/\/api.github.com\/users\/borisbanushev\/followers","following_url":"https:\/\/api.github.com\/users\/borisbanushev\/following{\/other_user}","gists_url":"https:\/\/api.github.com\/users\/borisbanushev\/gists{\/gist_id}","starred_url":"https:\/\/api.github.com\/users\/borisbanushev\/starred{\/owner}{\/repo}","subscriptions_url":"https:\/\/api.github.com\/users\/borisbanushev\/subscriptions","organizations_url":"https:\/\/api.github.com\/users\/borisbanushev\/orgs","repos_url":"https:\/\/api.github.com\/users\/borisbanushev\/repos","events_url":"https:\/\/api.github.com\/users\/borisbanushev\/events{\/privacy}","received_events_url":"https:\/\/api.github.com\/users\/borisbanushev\/received_events","type":"User","site_admin":false},"html_url":"https:\/\/github.com\/borisbanushev\/stockpredictionai","description":"       In this noteboook I will create a complete process for predicting stock price movements. Follow along and we will achieve some pretty good results. For that purpose we will use a Generative Adversarial Network (GAN) with LSTM, a type of Recurrent Neural Network, as generator, and a Convolutional Neural Network, CNN, as a discriminator. We use LSTM for the obvious reason that we are trying to predict time series data. Why we use GAN and specifically CNN as a discriminator? That is a good question: there are special sections on that later.","fork":false,"url":"https:\/\/api.github.com\/repos\/borisbanushev\/stockpredictionai","forks_url":"https:\/\/api.github.com\/repos\/borisbanushev\/stockpredictionai\/forks","keys_url":"https:\/\/api.github.com\/repos\/borisbanushev\/stockpredictionai\/keys{\/key_id}","collaborators_url":"https:\/\/api.github.com\/repos\/borisbanushev\/stockpredictionai\/collaborators{\/collaborator}","teams_url":"https:\/\/api.github.com\/repos\/borisbanushev\/stockpredictionai\/teams","hooks_url":"https:\/\/api.github.com\/repos\/borisbanushev\/stockpredictionai\/hooks","issue_events_url":"https:\/\/api.github.com\/repos\/borisbanushev\/stockpredictionai\/issues\/events{\/number}","events_url":"https:\/\/api.github.com\/repos\/borisbanushev\/stockpredictionai\/events","assignees_url":"https:\/\/api.github.com\/repos\/borisbanushev\/stockpredictionai\/assignees{\/user}","branches_url":"https:\/\/api.github.com\/repos\/borisbanushev\/stockpredictionai\/branches{\/branch}","tags_url":"https:\/\/api.github.com\/repos\/borisbanushev\/stockpredictionai\/tags","blobs_url":"https:\/\/api.github.com\/repos\/borisbanushev\/stockpredictionai\/git\/blobs{\/sha}","git_tags_url":"https:\/\/api.github.com\/repos\/borisbanushev\/stockpredictionai\/git\/tags{\/sha}","git_refs_url":"https:\/\/api.github.com\/repos\/borisbanushev\/stockpredictionai\/git\/refs{\/sha}","trees_url":"https:\/\/api.github.com\/repos\/borisbanushev\/stockpredictionai\/git\/trees{\/sha}","statuses_url":"https:\/\/api.github.com\/repos\/borisbanushev\/stockpredictionai\/statuses\/{sha}","languages_url":"https:\/\/api.github.com\/repos\/borisbanushev\/stockpredictionai\/languages","stargazers_url":"https:\/\/api.github.com\/repos\/borisbanushev\/stockpredictionai\/stargazers","contributors_url":"https:\/\/api.github.com\/repos\/borisbanushev\/stockpredictionai\/contributors","subscribers_url":"https:\/\/api.github.com\/repos\/borisbanushev\/stockpredictionai\/subscribers","subscription_url":"https:\/\/api.github.com\/repos\/borisbanushev\/stockpredictionai\/subscription","commits_url":"https:\/\/api.github.com\/repos\/borisbanushev\/stockpredictionai\/commits{\/sha}","git_commits_url":"https:\/\/api.github.com\/repos\/borisbanushev\/stockpredictionai\/git\/commits{\/sha}","comments_url":"https:\/\/api.github.com\/repos\/borisbanushev\/stockpredictionai\/comments{\/number}","issue_comment_url":"https:\/\/api.github.com\/repos\/borisbanushev\/stockpredictionai\/issues\/comments{\/number}","contents_url":"https:\/\/api.github.com\/repos\/borisbanushev\/stockpredictionai\/contents\/{+path}","compare_url":"https:\/\/api.github.com\/repos\/borisbanushev\/stockpredictionai\/compare\/{base}...{head}","merges_url":"https:\/\/api.github.com\/repos\/borisbanushev\/stockpredictionai\/merges","archive_url":"https:\/\/api.github.com\/repos\/borisbanushev\/stockpredictionai\/{archive_format}{\/ref}","downloads_url":"https:\/\/api.github.com\/repos\/borisbanushev\/stockpredictionai\/downloads","issues_url":"https:\/\/api.github.com\/repos\/borisbanushev\/stockpredictionai\/issues{\/number}","pulls_url":"https:\/\/api.github.com\/repos\/borisbanushev\/stockpredictionai\/pulls{\/number}","milestones_url":"https:\/\/api.github.com\/repos\/borisbanushev\/stockpredictionai\/milestones{\/number}","notifications_url":"https:\/\/api.github.com\/repos\/borisbanushev\/stockpredictionai\/notifications{?since,all,participating}","labels_url":"https:\/\/api.github.com\/repos\/borisbanushev\/stockpredictionai\/labels{\/name}","releases_url":"https:\/\/api.github.com\/repos\/borisbanushev\/stockpredictionai\/releases{\/id}","deployments_url":"https:\/\/api.github.com\/repos\/borisbanushev\/stockpredictionai\/deployments","created_at":"2019-01-09T08:02:47Z","updated_at":"2019-01-28T20:24:48Z","pushed_at":"2019-01-24T20:24:50Z","git_url":"git:\/\/github.com\/borisbanushev\/stockpredictionai.git","ssh_url":"git@github.com:borisbanushev\/stockpredictionai.git","clone_url":"https:\/\/github.com\/borisbanushev\/stockpredictionai.git","svn_url":"https:\/\/github.com\/borisbanushev\/stockpredictionai","homepage":"","size":1950,"stargazers_count":417,"watchers_count":417,"language":null,"has_issues":true,"has_projects":true,"has_downloads":true,"has_wiki":true,"has_pages":false,"forks_count":181,"mirror_url":null,"archived":false,"open_issues_count":12,"license":null,"forks":181,"open_issues":12,"watchers":417,"default_branch":"master","score":14.908418},{"id":35077713,"node_id":"MDEwOlJlcG9zaXRvcnkzNTA3NzcxMw==","name":"whyliam.workflows.youdao","full_name":"liszd\/whyliam.workflows.youdao","private":false,"owner":{"login":"liszd","id":3387850,"node_id":"MDQ6VXNlcjMzODc4NTA=","avatar_url":"https:\/\/avatars0.githubusercontent.com\/u\/3387850?v=4","gravatar_id":"","url":"https:\/\/api.github.com\/users\/liszd","html_url":"https:\/\/github.com\/liszd","followers_url":"https:\/\/api.github.com\/users\/liszd\/followers","following_url":"https:\/\/api.github.com\/users\/liszd\/following{\/other_user}","gists_url":"https:\/\/api.github.com\/users\/liszd\/gists{\/gist_id}","starred_url":"https:\/\/api.github.com\/users\/liszd\/starred{\/owner}{\/repo}","subscriptions_url":"https:\/\/api.github.com\/users\/liszd\/subscriptions","organizations_url":"https:\/\/api.github.com\/users\/liszd\/orgs","repos_url":"https:\/\/api.github.com\/users\/liszd\/repos","events_url":"https:\/\/api.github.com\/users\/liszd\/events{\/privacy}","received_events_url":"https:\/\/api.github.com\/users\/liszd\/received_events","type":"User","site_admin":false},"html_url":"https:\/\/github.com\/liszd\/whyliam.workflows.youdao","description":"\u4f7f\u7528\u6709\u9053\u7ffb\u8bd1\u4f60\u60f3\u77e5\u9053\u7684\u5355\u8bcd\u548c\u8bed\u53e5","fork":false,"url":"https:\/\/api.github.com\/repos\/liszd\/whyliam.workflows.youdao","forks_url":"https:\/\/api.github.com\/repos\/liszd\/whyliam.workflows.youdao\/forks","keys_url":"https:\/\/api.github.com\/repos\/liszd\/whyliam.workflows.youdao\/keys{\/key_id}","collaborators_url":"https:\/\/api.github.com\/repos\/liszd\/whyliam.workflows.youdao\/collaborators{\/collaborator}","teams_url":"https:\/\/api.github.com\/repos\/liszd\/whyliam.workflows.youdao\/teams","hooks_url":"https:\/\/api.github.com\/repos\/liszd\/whyliam.workflows.youdao\/hooks","issue_events_url":"https:\/\/api.github.com\/repos\/liszd\/whyliam.workflows.youdao\/issues\/events{\/number}","events_url":"https:\/\/api.github.com\/repos\/liszd\/whyliam.workflows.youdao\/events","assignees_url":"https:\/\/api.github.com\/repos\/liszd\/whyliam.workflows.youdao\/assignees{\/user}","branches_url":"https:\/\/api.github.com\/repos\/liszd\/whyliam.workflows.youdao\/branches{\/branch}","tags_url":"https:\/\/api.github.com\/repos\/liszd\/whyliam.workflows.youdao\/tags","blobs_url":"https:\/\/api.github.com\/repos\/liszd\/whyliam.workflows.youdao\/git\/blobs{\/sha}","git_tags_url":"https:\/\/api.github.com\/repos\/liszd\/whyliam.workflows.youdao\/git\/tags{\/sha}","git_refs_url":"https:\/\/api.github.com\/repos\/liszd\/whyliam.workflows.youdao\/git\/refs{\/sha}","trees_url":"https:\/\/api.github.com\/repos\/liszd\/whyliam.workflows.youdao\/git\/trees{\/sha}","statuses_url":"https:\/\/api.github.com\/repos\/liszd\/whyliam.workflows.youdao\/statuses\/{sha}","languages_url":"https:\/\/api.github.com\/repos\/liszd\/whyliam.workflows.youdao\/languages","stargazers_url":"https:\/\/api.github.com\/repos\/liszd\/whyliam.workflows.youdao\/stargazers","contributors_url":"https:\/\/api.github.com\/repos\/liszd\/whyliam.workflows.youdao\/contributors","subscribers_url":"https:\/\/api.github.com\/repos\/liszd\/whyliam.workflows.youdao\/subscribers","subscription_url":"https:\/\/api.github.com\/repos\/liszd\/whyliam.workflows.youdao\/subscription","commits_url":"https:\/\/api.github.com\/repos\/liszd\/whyliam.workflows.youdao\/commits{\/sha}","git_commits_url":"https:\/\/api.github.com\/repos\/liszd\/whyliam.workflows.youdao\/git\/commits{\/sha}","comments_url":"https:\/\/api.github.com\/repos\/liszd\/whyliam.workflows.youdao\/comments{\/number}","issue_comment_url":"https:\/\/api.github.com\/repos\/liszd\/whyliam.workflows.youdao\/issues\/comments{\/number}","contents_url":"https:\/\/api.github.com\/repos\/liszd\/whyliam.workflows.youdao\/contents\/{+path}","compare_url":"https:\/\/api.github.com\/repos\/liszd\/whyliam.workflows.youdao\/compare\/{base}...{head}","merges_url":"https:\/\/api.github.com\/repos\/liszd\/whyliam.workflows.youdao\/merges","archive_url":"https:\/\/api.github.com\/repos\/liszd\/whyliam.workflows.youdao\/{archive_format}{\/ref}","downloads_url":"https:\/\/api.github.com\/repos\/liszd\/whyliam.workflows.youdao\/downloads","issues_url":"https:\/\/api.github.com\/repos\/liszd\/whyliam.workflows.youdao\/issues{\/number}","pulls_url":"https:\/\/api.github.com\/repos\/liszd\/whyliam.workflows.youdao\/pulls{\/number}","milestones_url":"https:\/\/api.github.com\/repos\/liszd\/whyliam.workflows.youdao\/milestones{\/number}","notifications_url":"https:\/\/api.github.com\/repos\/liszd\/whyliam.workflows.youdao\/notifications{?since,all,participating}","labels_url":"https:\/\/api.github.com\/repos\/liszd\/whyliam.workflows.youdao\/labels{\/name}","releases_url":"https:\/\/api.github.com\/repos\/liszd\/whyliam.workflows.youdao\/releases{\/id}","deployments_url":"https:\/\/api.github.com\/repos\/liszd\/whyliam.workflows.youdao\/deployments","created_at":"2015-05-05T04:23:14Z","updated_at":"2019-01-27T04:15:49Z","pushed_at":"2018-08-03T05:49:11Z","git_url":"git:\/\/github.com\/liszd\/whyliam.workflows.youdao.git","ssh_url":"git@github.com:liszd\/whyliam.workflows.youdao.git","clone_url":"https:\/\/github.com\/liszd\/whyliam.workflows.youdao.git","svn_url":"https:\/\/github.com\/liszd\/whyliam.workflows.youdao","homepage":"http:\/\/blog.naaln.com\/2015\/05\/repeat-create-the-wheel-alfred-plugin-youdao","size":3048,"stargazers_count":416,"watchers_count":416,"language":"Python","has_issues":true,"has_projects":true,"has_downloads":true,"has_wiki":true,"has_pages":false,"forks_count":72,"mirror_url":null,"archived":false,"open_issues_count":1,"license":{"key":"mit","name":"MIT License","spdx_id":"MIT","url":"https:\/\/api.github.com\/licenses\/mit","node_id":"MDc6TGljZW5zZTEz"},"forks":72,"open_issues":1,"watchers":416,"default_branch":"master","score":85.412155},{"id":2192780,"node_id":"MDEwOlJlcG9zaXRvcnkyMTkyNzgw","name":"jOOX","full_name":"jOOQ\/jOOX","private":false,"owner":{"login":"jOOQ","id":1666512,"node_id":"MDEyOk9yZ2FuaXphdGlvbjE2NjY1MTI=","avatar_url":"https:\/\/avatars3.githubusercontent.com\/u\/1666512?v=4","gravatar_id":"","url":"https:\/\/api.github.com\/users\/jOOQ","html_url":"https:\/\/github.com\/jOOQ","followers_url":"https:\/\/api.github.com\/users\/jOOQ\/followers","following_url":"https:\/\/api.github.com\/users\/jOOQ\/following{\/other_user}","gists_url":"https:\/\/api.github.com\/users\/jOOQ\/gists{\/gist_id}","starred_url":"https:\/\/api.github.com\/users\/jOOQ\/starred{\/owner}{\/repo}","subscriptions_url":"https:\/\/api.github.com\/users\/jOOQ\/subscriptions","organizations_url":"https:\/\/api.github.com\/users\/jOOQ\/orgs","repos_url":"https:\/\/api.github.com\/users\/jOOQ\/repos","events_url":"https:\/\/api.github.com\/users\/jOOQ\/events{\/privacy}","received_events_url":"https:\/\/api.github.com\/users\/jOOQ\/received_events","type":"Organization","site_admin":false},"html_url":"https:\/\/github.com\/jOOQ\/jOOX","description":"jOOX - The Power of jQuery Applied to W3C DOM Like JDBC, DOM is a powerful, yet very verbose low-level API to manipulate XML. The HTML DOM an be manipulated with the popular jQuery product, in JavaScript. Why don't we have jQuery in Java? jOOX is jQuery's XML parts, applied to Java.","fork":false,"url":"https:\/\/api.github.com\/repos\/jOOQ\/jOOX","forks_url":"https:\/\/api.github.com\/repos\/jOOQ\/jOOX\/forks","keys_url":"https:\/\/api.github.com\/repos\/jOOQ\/jOOX\/keys{\/key_id}","collaborators_url":"https:\/\/api.github.com\/repos\/jOOQ\/jOOX\/collaborators{\/collaborator}","teams_url":"https:\/\/api.github.com\/repos\/jOOQ\/jOOX\/teams","hooks_url":"https:\/\/api.github.com\/repos\/jOOQ\/jOOX\/hooks","issue_events_url":"https:\/\/api.github.com\/repos\/jOOQ\/jOOX\/issues\/events{\/number}","events_url":"https:\/\/api.github.com\/repos\/jOOQ\/jOOX\/events","assignees_url":"https:\/\/api.github.com\/repos\/jOOQ\/jOOX\/assignees{\/user}","branches_url":"https:\/\/api.github.com\/repos\/jOOQ\/jOOX\/branches{\/branch}","tags_url":"https:\/\/api.github.com\/repos\/jOOQ\/jOOX\/tags","blobs_url":"https:\/\/api.github.com\/repos\/jOOQ\/jOOX\/git\/blobs{\/sha}","git_tags_url":"https:\/\/api.github.com\/repos\/jOOQ\/jOOX\/git\/tags{\/sha}","git_refs_url":"https:\/\/api.github.com\/repos\/jOOQ\/jOOX\/git\/refs{\/sha}","trees_url":"https:\/\/api.github.com\/repos\/jOOQ\/jOOX\/git\/trees{\/sha}","statuses_url":"https:\/\/api.github.com\/repos\/jOOQ\/jOOX\/statuses\/{sha}","languages_url":"https:\/\/api.github.com\/repos\/jOOQ\/jOOX\/languages","stargazers_url":"https:\/\/api.github.com\/repos\/jOOQ\/jOOX\/stargazers","contributors_url":"https:\/\/api.github.com\/repos\/jOOQ\/jOOX\/contributors","subscribers_url":"https:\/\/api.github.com\/repos\/jOOQ\/jOOX\/subscribers","subscription_url":"https:\/\/api.github.com\/repos\/jOOQ\/jOOX\/subscription","commits_url":"https:\/\/api.github.com\/repos\/jOOQ\/jOOX\/commits{\/sha}","git_commits_url":"https:\/\/api.github.com\/repos\/jOOQ\/jOOX\/git\/commits{\/sha}","comments_url":"https:\/\/api.github.com\/repos\/jOOQ\/jOOX\/comments{\/number}","issue_comment_url":"https:\/\/api.github.com\/repos\/jOOQ\/jOOX\/issues\/comments{\/number}","contents_url":"https:\/\/api.github.com\/repos\/jOOQ\/jOOX\/contents\/{+path}","compare_url":"https:\/\/api.github.com\/repos\/jOOQ\/jOOX\/compare\/{base}...{head}","merges_url":"https:\/\/api.github.com\/repos\/jOOQ\/jOOX\/merges","archive_url":"https:\/\/api.github.com\/repos\/jOOQ\/jOOX\/{archive_format}{\/ref}","downloads_url":"https:\/\/api.github.com\/repos\/jOOQ\/jOOX\/downloads","issues_url":"https:\/\/api.github.com\/repos\/jOOQ\/jOOX\/issues{\/number}","pulls_url":"https:\/\/api.github.com\/repos\/jOOQ\/jOOX\/pulls{\/number}","milestones_url":"https:\/\/api.github.com\/repos\/jOOQ\/jOOX\/milestones{\/number}","notifications_url":"https:\/\/api.github.com\/repos\/jOOQ\/jOOX\/notifications{?since,all,participating}","labels_url":"https:\/\/api.github.com\/repos\/jOOQ\/jOOX\/labels{\/name}","releases_url":"https:\/\/api.github.com\/repos\/jOOQ\/jOOX\/releases{\/id}","deployments_url":"https:\/\/api.github.com\/repos\/jOOQ\/jOOX\/deployments","created_at":"2011-08-11T18:08:47Z","updated_at":"2019-01-29T02:59:21Z","pushed_at":"2018-09-10T11:04:36Z","git_url":"git:\/\/github.com\/jOOQ\/jOOX.git","ssh_url":"git@github.com:jOOQ\/jOOX.git","clone_url":"https:\/\/github.com\/jOOQ\/jOOX.git","svn_url":"https:\/\/github.com\/jOOQ\/jOOX","homepage":"http:\/\/www.jooq.org\/products","size":678,"stargazers_count":393,"watchers_count":393,"language":"Java","has_issues":true,"has_projects":true,"has_downloads":true,"has_wiki":true,"has_pages":false,"forks_count":33,"mirror_url":null,"archived":false,"open_issues_count":47,"license":{"key":"apache-2.0","name":"Apache License 2.0","spdx_id":"Apache-2.0","url":"https:\/\/api.github.com\/licenses\/apache-2.0","node_id":"MDc6TGljZW5zZTI="},"forks":33,"open_issues":47,"watchers":393,"default_branch":"master","score":19.769352},{"id":122733470,"node_id":"MDEwOlJlcG9zaXRvcnkxMjI3MzM0NzA=","name":"whybundled","full_name":"d4rkr00t\/whybundled","private":false,"owner":{"login":"d4rkr00t","id":200119,"node_id":"MDQ6VXNlcjIwMDExOQ==","avatar_url":"https:\/\/avatars2.githubusercontent.com\/u\/200119?v=4","gravatar_id":"","url":"https:\/\/api.github.com\/users\/d4rkr00t","html_url":"https:\/\/github.com\/d4rkr00t","followers_url":"https:\/\/api.github.com\/users\/d4rkr00t\/followers","following_url":"https:\/\/api.github.com\/users\/d4rkr00t\/following{\/other_user}","gists_url":"https:\/\/api.github.com\/users\/d4rkr00t\/gists{\/gist_id}","starred_url":"https:\/\/api.github.com\/users\/d4rkr00t\/starred{\/owner}{\/repo}","subscriptions_url":"https:\/\/api.github.com\/users\/d4rkr00t\/subscriptions","organizations_url":"https:\/\/api.github.com\/users\/d4rkr00t\/orgs","repos_url":"https:\/\/api.github.com\/users\/d4rkr00t\/repos","events_url":"https:\/\/api.github.com\/users\/d4rkr00t\/events{\/privacy}","received_events_url":"https:\/\/api.github.com\/users\/d4rkr00t\/received_events","type":"User","site_admin":false},"html_url":"https:\/\/github.com\/d4rkr00t\/whybundled","description":"Answers the question \u2013 Why the hell is this module in a bundle?","fork":false,"url":"https:\/\/api.github.com\/repos\/d4rkr00t\/whybundled","forks_url":"https:\/\/api.github.com\/repos\/d4rkr00t\/whybundled\/forks","keys_url":"https:\/\/api.github.com\/repos\/d4rkr00t\/whybundled\/keys{\/key_id}","collaborators_url":"https:\/\/api.github.com\/repos\/d4rkr00t\/whybundled\/collaborators{\/collaborator}","teams_url":"https:\/\/api.github.com\/repos\/d4rkr00t\/whybundled\/teams","hooks_url":"https:\/\/api.github.com\/repos\/d4rkr00t\/whybundled\/hooks","issue_events_url":"https:\/\/api.github.com\/repos\/d4rkr00t\/whybundled\/issues\/events{\/number}","events_url":"https:\/\/api.github.com\/repos\/d4rkr00t\/whybundled\/events","assignees_url":"https:\/\/api.github.com\/repos\/d4rkr00t\/whybundled\/assignees{\/user}","branches_url":"https:\/\/api.github.com\/repos\/d4rkr00t\/whybundled\/branches{\/branch}","tags_url":"https:\/\/api.github.com\/repos\/d4rkr00t\/whybundled\/tags","blobs_url":"https:\/\/api.github.com\/repos\/d4rkr00t\/whybundled\/git\/blobs{\/sha}","git_tags_url":"https:\/\/api.github.com\/repos\/d4rkr00t\/whybundled\/git\/tags{\/sha}","git_refs_url":"https:\/\/api.github.com\/repos\/d4rkr00t\/whybundled\/git\/refs{\/sha}","trees_url":"https:\/\/api.github.com\/repos\/d4rkr00t\/whybundled\/git\/trees{\/sha}","statuses_url":"https:\/\/api.github.com\/repos\/d4rkr00t\/whybundled\/statuses\/{sha}","languages_url":"https:\/\/api.github.com\/repos\/d4rkr00t\/whybundled\/languages","stargazers_url":"https:\/\/api.github.com\/repos\/d4rkr00t\/whybundled\/stargazers","contributors_url":"https:\/\/api.github.com\/repos\/d4rkr00t\/whybundled\/contributors","subscribers_url":"https:\/\/api.github.com\/repos\/d4rkr00t\/whybundled\/subscribers","subscription_url":"https:\/\/api.github.com\/repos\/d4rkr00t\/whybundled\/subscription","commits_url":"https:\/\/api.github.com\/repos\/d4rkr00t\/whybundled\/commits{\/sha}","git_commits_url":"https:\/\/api.github.com\/repos\/d4rkr00t\/whybundled\/git\/commits{\/sha}","comments_url":"https:\/\/api.github.com\/repos\/d4rkr00t\/whybundled\/comments{\/number}","issue_comment_url":"https:\/\/api.github.com\/repos\/d4rkr00t\/whybundled\/issues\/comments{\/number}","contents_url":"https:\/\/api.github.com\/repos\/d4rkr00t\/whybundled\/contents\/{+path}","compare_url":"https:\/\/api.github.com\/repos\/d4rkr00t\/whybundled\/compare\/{base}...{head}","merges_url":"https:\/\/api.github.com\/repos\/d4rkr00t\/whybundled\/merges","archive_url":"https:\/\/api.github.com\/repos\/d4rkr00t\/whybundled\/{archive_format}{\/ref}","downloads_url":"https:\/\/api.github.com\/repos\/d4rkr00t\/whybundled\/downloads","issues_url":"https:\/\/api.github.com\/repos\/d4rkr00t\/whybundled\/issues{\/number}","pulls_url":"https:\/\/api.github.com\/repos\/d4rkr00t\/whybundled\/pulls{\/number}","milestones_url":"https:\/\/api.github.com\/repos\/d4rkr00t\/whybundled\/milestones{\/number}","notifications_url":"https:\/\/api.github.com\/repos\/d4rkr00t\/whybundled\/notifications{?since,all,participating}","labels_url":"https:\/\/api.github.com\/repos\/d4rkr00t\/whybundled\/labels{\/name}","releases_url":"https:\/\/api.github.com\/repos\/d4rkr00t\/whybundled\/releases{\/id}","deployments_url":"https:\/\/api.github.com\/repos\/d4rkr00t\/whybundled\/deployments","created_at":"2018-02-24T11:12:27Z","updated_at":"2019-01-23T19:10:27Z","pushed_at":"2018-08-20T15:27:01Z","git_url":"git:\/\/github.com\/d4rkr00t\/whybundled.git","ssh_url":"git@github.com:d4rkr00t\/whybundled.git","clone_url":"https:\/\/github.com\/d4rkr00t\/whybundled.git","svn_url":"https:\/\/github.com\/d4rkr00t\/whybundled","homepage":"","size":2003,"stargazers_count":374,"watchers_count":374,"language":"JavaScript","has_issues":true,"has_projects":true,"has_downloads":true,"has_wiki":true,"has_pages":false,"forks_count":8,"mirror_url":null,"archived":false,"open_issues_count":0,"license":{"key":"mit","name":"MIT License","spdx_id":"MIT","url":"https:\/\/api.github.com\/licenses\/mit","node_id":"MDc6TGljZW5zZTEz"},"forks":8,"open_issues":0,"watchers":374,"default_branch":"master","score":68.71853},{"id":9549719,"node_id":"MDEwOlJlcG9zaXRvcnk5NTQ5NzE5","name":"CLOSURE","full_name":"steveklabnik\/CLOSURE","private":false,"owner":{"login":"steveklabnik","id":27786,"node_id":"MDQ6VXNlcjI3Nzg2","avatar_url":"https:\/\/avatars2.githubusercontent.com\/u\/27786?v=4","gravatar_id":"","url":"https:\/\/api.github.com\/users\/steveklabnik","html_url":"https:\/\/github.com\/steveklabnik","followers_url":"https:\/\/api.github.com\/users\/steveklabnik\/followers","following_url":"https:\/\/api.github.com\/users\/steveklabnik\/following{\/other_user}","gists_url":"https:\/\/api.github.com\/users\/steveklabnik\/gists{\/gist_id}","starred_url":"https:\/\/api.github.com\/users\/steveklabnik\/starred{\/owner}{\/repo}","subscriptions_url":"https:\/\/api.github.com\/users\/steveklabnik\/subscriptions","organizations_url":"https:\/\/api.github.com\/users\/steveklabnik\/orgs","repos_url":"https:\/\/api.github.com\/users\/steveklabnik\/repos","events_url":"https:\/\/api.github.com\/users\/steveklabnik\/events{\/privacy}","received_events_url":"https:\/\/api.github.com\/users\/steveklabnik\/received_events","type":"User","site_admin":false},"html_url":"https:\/\/github.com\/steveklabnik\/CLOSURE","description":"Thanks, _why.","fork":false,"url":"https:\/\/api.github.com\/repos\/steveklabnik\/CLOSURE","forks_url":"https:\/\/api.github.com\/repos\/steveklabnik\/CLOSURE\/forks","keys_url":"https:\/\/api.github.com\/repos\/steveklabnik\/CLOSURE\/keys{\/key_id}","collaborators_url":"https:\/\/api.github.com\/repos\/steveklabnik\/CLOSURE\/collaborators{\/collaborator}","teams_url":"https:\/\/api.github.com\/repos\/steveklabnik\/CLOSURE\/teams","hooks_url":"https:\/\/api.github.com\/repos\/steveklabnik\/CLOSURE\/hooks","issue_events_url":"https:\/\/api.github.com\/repos\/steveklabnik\/CLOSURE\/issues\/events{\/number}","events_url":"https:\/\/api.github.com\/repos\/steveklabnik\/CLOSURE\/events","assignees_url":"https:\/\/api.github.com\/repos\/steveklabnik\/CLOSURE\/assignees{\/user}","branches_url":"https:\/\/api.github.com\/repos\/steveklabnik\/CLOSURE\/branches{\/branch}","tags_url":"https:\/\/api.github.com\/repos\/steveklabnik\/CLOSURE\/tags","blobs_url":"https:\/\/api.github.com\/repos\/steveklabnik\/CLOSURE\/git\/blobs{\/sha}","git_tags_url":"https:\/\/api.github.com\/repos\/steveklabnik\/CLOSURE\/git\/tags{\/sha}","git_refs_url":"https:\/\/api.github.com\/repos\/steveklabnik\/CLOSURE\/git\/refs{\/sha}","trees_url":"https:\/\/api.github.com\/repos\/steveklabnik\/CLOSURE\/git\/trees{\/sha}","statuses_url":"https:\/\/api.github.com\/repos\/steveklabnik\/CLOSURE\/statuses\/{sha}","languages_url":"https:\/\/api.github.com\/repos\/steveklabnik\/CLOSURE\/languages","stargazers_url":"https:\/\/api.github.com\/repos\/steveklabnik\/CLOSURE\/stargazers","contributors_url":"https:\/\/api.github.com\/repos\/steveklabnik\/CLOSURE\/contributors","subscribers_url":"https:\/\/api.github.com\/repos\/steveklabnik\/CLOSURE\/subscribers","subscription_url":"https:\/\/api.github.com\/repos\/steveklabnik\/CLOSURE\/subscription","commits_url":"https:\/\/api.github.com\/repos\/steveklabnik\/CLOSURE\/commits{\/sha}","git_commits_url":"https:\/\/api.github.com\/repos\/steveklabnik\/CLOSURE\/git\/commits{\/sha}","comments_url":"https:\/\/api.github.com\/repos\/steveklabnik\/CLOSURE\/comments{\/number}","issue_comment_url":"https:\/\/api.github.com\/repos\/steveklabnik\/CLOSURE\/issues\/comments{\/number}","contents_url":"https:\/\/api.github.com\/repos\/steveklabnik\/CLOSURE\/contents\/{+path}","compare_url":"https:\/\/api.github.com\/repos\/steveklabnik\/CLOSURE\/compare\/{base}...{head}","merges_url":"https:\/\/api.github.com\/repos\/steveklabnik\/CLOSURE\/merges","archive_url":"https:\/\/api.github.com\/repos\/steveklabnik\/CLOSURE\/{archive_format}{\/ref}","downloads_url":"https:\/\/api.github.com\/repos\/steveklabnik\/CLOSURE\/downloads","issues_url":"https:\/\/api.github.com\/repos\/steveklabnik\/CLOSURE\/issues{\/number}","pulls_url":"https:\/\/api.github.com\/repos\/steveklabnik\/CLOSURE\/pulls{\/number}","milestones_url":"https:\/\/api.github.com\/repos\/steveklabnik\/CLOSURE\/milestones{\/number}","notifications_url":"https:\/\/api.github.com\/repos\/steveklabnik\/CLOSURE\/notifications{?since,all,participating}","labels_url":"https:\/\/api.github.com\/repos\/steveklabnik\/CLOSURE\/labels{\/name}","releases_url":"https:\/\/api.github.com\/repos\/steveklabnik\/CLOSURE\/releases{\/id}","deployments_url":"https:\/\/api.github.com\/repos\/steveklabnik\/CLOSURE\/deployments","created_at":"2013-04-19T16:35:35Z","updated_at":"2019-01-25T03:10:45Z","pushed_at":"2016-08-19T21:52:58Z","git_url":"git:\/\/github.com\/steveklabnik\/CLOSURE.git","ssh_url":"git@github.com:steveklabnik\/CLOSURE.git","clone_url":"https:\/\/github.com\/steveklabnik\/CLOSURE.git","svn_url":"https:\/\/github.com\/steveklabnik\/CLOSURE","homepage":null,"size":98819,"stargazers_count":347,"watchers_count":347,"language":null,"has_issues":true,"has_projects":true,"has_downloads":true,"has_wiki":true,"has_pages":false,"forks_count":29,"mirror_url":null,"archived":false,"open_issues_count":1,"license":null,"forks":29,"open_issues":1,"watchers":347,"default_branch":"master","score":83.83706},{"id":285132,"node_id":"MDEwOlJlcG9zaXRvcnkyODUxMzI=","name":"TryRuby","full_name":"Sophrinix\/TryRuby","private":false,"owner":{"login":"Sophrinix","id":34090,"node_id":"MDQ6VXNlcjM0MDkw","avatar_url":"https:\/\/avatars1.githubusercontent.com\/u\/34090?v=4","gravatar_id":"","url":"https:\/\/api.github.com\/users\/Sophrinix","html_url":"https:\/\/github.com\/Sophrinix","followers_url":"https:\/\/api.github.com\/users\/Sophrinix\/followers","following_url":"https:\/\/api.github.com\/users\/Sophrinix\/following{\/other_user}","gists_url":"https:\/\/api.github.com\/users\/Sophrinix\/gists{\/gist_id}","starred_url":"https:\/\/api.github.com\/users\/Sophrinix\/starred{\/owner}{\/repo}","subscriptions_url":"https:\/\/api.github.com\/users\/Sophrinix\/subscriptions","organizations_url":"https:\/\/api.github.com\/users\/Sophrinix\/orgs","repos_url":"https:\/\/api.github.com\/users\/Sophrinix\/repos","events_url":"https:\/\/api.github.com\/users\/Sophrinix\/events{\/privacy}","received_events_url":"https:\/\/api.github.com\/users\/Sophrinix\/received_events","type":"User","site_admin":false},"html_url":"https:\/\/github.com\/Sophrinix\/TryRuby","description":"Try Ruby is a interactive shell that quickly and whimsically teaches the Ruby programming language. Originally _why's idea, it has been recreated from the ground up by Rubyists who have a passion for Ruby and for teaching their fellow (wo)man how to program.","fork":false,"url":"https:\/\/api.github.com\/repos\/Sophrinix\/TryRuby","forks_url":"https:\/\/api.github.com\/repos\/Sophrinix\/TryRuby\/forks","keys_url":"https:\/\/api.github.com\/repos\/Sophrinix\/TryRuby\/keys{\/key_id}","collaborators_url":"https:\/\/api.github.com\/repos\/Sophrinix\/TryRuby\/collaborators{\/collaborator}","teams_url":"https:\/\/api.github.com\/repos\/Sophrinix\/TryRuby\/teams","hooks_url":"https:\/\/api.github.com\/repos\/Sophrinix\/TryRuby\/hooks","issue_events_url":"https:\/\/api.github.com\/repos\/Sophrinix\/TryRuby\/issues\/events{\/number}","events_url":"https:\/\/api.github.com\/repos\/Sophrinix\/TryRuby\/events","assignees_url":"https:\/\/api.github.com\/repos\/Sophrinix\/TryRuby\/assignees{\/user}","branches_url":"https:\/\/api.github.com\/repos\/Sophrinix\/TryRuby\/branches{\/branch}","tags_url":"https:\/\/api.github.com\/repos\/Sophrinix\/TryRuby\/tags","blobs_url":"https:\/\/api.github.com\/repos\/Sophrinix\/TryRuby\/git\/blobs{\/sha}","git_tags_url":"https:\/\/api.github.com\/repos\/Sophrinix\/TryRuby\/git\/tags{\/sha}","git_refs_url":"https:\/\/api.github.com\/repos\/Sophrinix\/TryRuby\/git\/refs{\/sha}","trees_url":"https:\/\/api.github.com\/repos\/Sophrinix\/TryRuby\/git\/trees{\/sha}","statuses_url":"https:\/\/api.github.com\/repos\/Sophrinix\/TryRuby\/statuses\/{sha}","languages_url":"https:\/\/api.github.com\/repos\/Sophrinix\/TryRuby\/languages","stargazers_url":"https:\/\/api.github.com\/repos\/Sophrinix\/TryRuby\/stargazers","contributors_url":"https:\/\/api.github.com\/repos\/Sophrinix\/TryRuby\/contributors","subscribers_url":"https:\/\/api.github.com\/repos\/Sophrinix\/TryRuby\/subscribers","subscription_url":"https:\/\/api.github.com\/repos\/Sophrinix\/TryRuby\/subscription","commits_url":"https:\/\/api.github.com\/repos\/Sophrinix\/TryRuby\/commits{\/sha}","git_commits_url":"https:\/\/api.github.com\/repos\/Sophrinix\/TryRuby\/git\/commits{\/sha}","comments_url":"https:\/\/api.github.com\/repos\/Sophrinix\/TryRuby\/comments{\/number}","issue_comment_url":"https:\/\/api.github.com\/repos\/Sophrinix\/TryRuby\/issues\/comments{\/number}","contents_url":"https:\/\/api.github.com\/repos\/Sophrinix\/TryRuby\/contents\/{+path}","compare_url":"https:\/\/api.github.com\/repos\/Sophrinix\/TryRuby\/compare\/{base}...{head}","merges_url":"https:\/\/api.github.com\/repos\/Sophrinix\/TryRuby\/merges","archive_url":"https:\/\/api.github.com\/repos\/Sophrinix\/TryRuby\/{archive_format}{\/ref}","downloads_url":"https:\/\/api.github.com\/repos\/Sophrinix\/TryRuby\/downloads","issues_url":"https:\/\/api.github.com\/repos\/Sophrinix\/TryRuby\/issues{\/number}","pulls_url":"https:\/\/api.github.com\/repos\/Sophrinix\/TryRuby\/pulls{\/number}","milestones_url":"https:\/\/api.github.com\/repos\/Sophrinix\/TryRuby\/milestones{\/number}","notifications_url":"https:\/\/api.github.com\/repos\/Sophrinix\/TryRuby\/notifications{?since,all,participating}","labels_url":"https:\/\/api.github.com\/repos\/Sophrinix\/TryRuby\/labels{\/name}","releases_url":"https:\/\/api.github.com\/repos\/Sophrinix\/TryRuby\/releases{\/id}","deployments_url":"https:\/\/api.github.com\/repos\/Sophrinix\/TryRuby\/deployments","created_at":"2009-08-22T17:31:37Z","updated_at":"2019-01-21T09:33:14Z","pushed_at":"2018-06-02T04:32:55Z","git_url":"git:\/\/github.com\/Sophrinix\/TryRuby.git","ssh_url":"git@github.com:Sophrinix\/TryRuby.git","clone_url":"https:\/\/github.com\/Sophrinix\/TryRuby.git","svn_url":"https:\/\/github.com\/Sophrinix\/TryRuby","homepage":"tryruby.org","size":881,"stargazers_count":346,"watchers_count":346,"language":"HTML","has_issues":true,"has_projects":true,"has_downloads":true,"has_wiki":true,"has_pages":false,"forks_count":82,"mirror_url":null,"archived":false,"open_issues_count":69,"license":null,"forks":82,"open_issues":69,"watchers":346,"default_branch":"master","score":21.985338},{"id":139259807,"node_id":"MDEwOlJlcG9zaXRvcnkxMzkyNTk4MDc=","name":"UserDefaultsStore","full_name":"omaralbeik\/UserDefaultsStore","private":false,"owner":{"login":"omaralbeik","id":8127757,"node_id":"MDQ6VXNlcjgxMjc3NTc=","avatar_url":"https:\/\/avatars2.githubusercontent.com\/u\/8127757?v=4","gravatar_id":"","url":"https:\/\/api.github.com\/users\/omaralbeik","html_url":"https:\/\/github.com\/omaralbeik","followers_url":"https:\/\/api.github.com\/users\/omaralbeik\/followers","following_url":"https:\/\/api.github.com\/users\/omaralbeik\/following{\/other_user}","gists_url":"https:\/\/api.github.com\/users\/omaralbeik\/gists{\/gist_id}","starred_url":"https:\/\/api.github.com\/users\/omaralbeik\/starred{\/owner}{\/repo}","subscriptions_url":"https:\/\/api.github.com\/users\/omaralbeik\/subscriptions","organizations_url":"https:\/\/api.github.com\/users\/omaralbeik\/orgs","repos_url":"https:\/\/api.github.com\/users\/omaralbeik\/repos","events_url":"https:\/\/api.github.com\/users\/omaralbeik\/events{\/privacy}","received_events_url":"https:\/\/api.github.com\/users\/omaralbeik\/received_events","type":"User","site_admin":false},"html_url":"https:\/\/github.com\/omaralbeik\/UserDefaultsStore","description":"Why not use UserDefaults to store Codable objects \ud83d\ude09","fork":false,"url":"https:\/\/api.github.com\/repos\/omaralbeik\/UserDefaultsStore","forks_url":"https:\/\/api.github.com\/repos\/omaralbeik\/UserDefaultsStore\/forks","keys_url":"https:\/\/api.github.com\/repos\/omaralbeik\/UserDefaultsStore\/keys{\/key_id}","collaborators_url":"https:\/\/api.github.com\/repos\/omaralbeik\/UserDefaultsStore\/collaborators{\/collaborator}","teams_url":"https:\/\/api.github.com\/repos\/omaralbeik\/UserDefaultsStore\/teams","hooks_url":"https:\/\/api.github.com\/repos\/omaralbeik\/UserDefaultsStore\/hooks","issue_events_url":"https:\/\/api.github.com\/repos\/omaralbeik\/UserDefaultsStore\/issues\/events{\/number}","events_url":"https:\/\/api.github.com\/repos\/omaralbeik\/UserDefaultsStore\/events","assignees_url":"https:\/\/api.github.com\/repos\/omaralbeik\/UserDefaultsStore\/assignees{\/user}","branches_url":"https:\/\/api.github.com\/repos\/omaralbeik\/UserDefaultsStore\/branches{\/branch}","tags_url":"https:\/\/api.github.com\/repos\/omaralbeik\/UserDefaultsStore\/tags","blobs_url":"https:\/\/api.github.com\/repos\/omaralbeik\/UserDefaultsStore\/git\/blobs{\/sha}","git_tags_url":"https:\/\/api.github.com\/repos\/omaralbeik\/UserDefaultsStore\/git\/tags{\/sha}","git_refs_url":"https:\/\/api.github.com\/repos\/omaralbeik\/UserDefaultsStore\/git\/refs{\/sha}","trees_url":"https:\/\/api.github.com\/repos\/omaralbeik\/UserDefaultsStore\/git\/trees{\/sha}","statuses_url":"https:\/\/api.github.com\/repos\/omaralbeik\/UserDefaultsStore\/statuses\/{sha}","languages_url":"https:\/\/api.github.com\/repos\/omaralbeik\/UserDefaultsStore\/languages","stargazers_url":"https:\/\/api.github.com\/repos\/omaralbeik\/UserDefaultsStore\/stargazers","contributors_url":"https:\/\/api.github.com\/repos\/omaralbeik\/UserDefaultsStore\/contributors","subscribers_url":"https:\/\/api.github.com\/repos\/omaralbeik\/UserDefaultsStore\/subscribers","subscription_url":"https:\/\/api.github.com\/repos\/omaralbeik\/UserDefaultsStore\/subscription","commits_url":"https:\/\/api.github.com\/repos\/omaralbeik\/UserDefaultsStore\/commits{\/sha}","git_commits_url":"https:\/\/api.github.com\/repos\/omaralbeik\/UserDefaultsStore\/git\/commits{\/sha}","comments_url":"https:\/\/api.github.com\/repos\/omaralbeik\/UserDefaultsStore\/comments{\/number}","issue_comment_url":"https:\/\/api.github.com\/repos\/omaralbeik\/UserDefaultsStore\/issues\/comments{\/number}","contents_url":"https:\/\/api.github.com\/repos\/omaralbeik\/UserDefaultsStore\/contents\/{+path}","compare_url":"https:\/\/api.github.com\/repos\/omaralbeik\/UserDefaultsStore\/compare\/{base}...{head}","merges_url":"https:\/\/api.github.com\/repos\/omaralbeik\/UserDefaultsStore\/merges","archive_url":"https:\/\/api.github.com\/repos\/omaralbeik\/UserDefaultsStore\/{archive_format}{\/ref}","downloads_url":"https:\/\/api.github.com\/repos\/omaralbeik\/UserDefaultsStore\/downloads","issues_url":"https:\/\/api.github.com\/repos\/omaralbeik\/UserDefaultsStore\/issues{\/number}","pulls_url":"https:\/\/api.github.com\/repos\/omaralbeik\/UserDefaultsStore\/pulls{\/number}","milestones_url":"https:\/\/api.github.com\/repos\/omaralbeik\/UserDefaultsStore\/milestones{\/number}","notifications_url":"https:\/\/api.github.com\/repos\/omaralbeik\/UserDefaultsStore\/notifications{?since,all,participating}","labels_url":"https:\/\/api.github.com\/repos\/omaralbeik\/UserDefaultsStore\/labels{\/name}","releases_url":"https:\/\/api.github.com\/repos\/omaralbeik\/UserDefaultsStore\/releases{\/id}","deployments_url":"https:\/\/api.github.com\/repos\/omaralbeik\/UserDefaultsStore\/deployments","created_at":"2018-06-30T15:29:31Z","updated_at":"2019-01-28T22:49:33Z","pushed_at":"2018-11-08T05:49:36Z","git_url":"git:\/\/github.com\/omaralbeik\/UserDefaultsStore.git","ssh_url":"git@github.com:omaralbeik\/UserDefaultsStore.git","clone_url":"https:\/\/github.com\/omaralbeik\/UserDefaultsStore.git","svn_url":"https:\/\/github.com\/omaralbeik\/UserDefaultsStore","homepage":null,"size":388,"stargazers_count":311,"watchers_count":311,"language":"Swift","has_issues":true,"has_projects":false,"has_downloads":true,"has_wiki":false,"has_pages":false,"forks_count":13,"mirror_url":null,"archived":false,"open_issues_count":2,"license":{"key":"mit","name":"MIT License","spdx_id":"MIT","url":"https:\/\/api.github.com\/licenses\/mit","node_id":"MDc6TGljZW5zZTEz"},"forks":13,"open_issues":2,"watchers":311,"default_branch":"master","score":51.53355},{"id":1666180,"node_id":"MDEwOlJlcG9zaXRvcnkxNjY2MTgw","name":"why_i_love_github","full_name":"schacon\/why_i_love_github","private":false,"owner":{"login":"schacon","id":70,"node_id":"MDQ6VXNlcjcw","avatar_url":"https:\/\/avatars0.githubusercontent.com\/u\/70?v=4","gravatar_id":"","url":"https:\/\/api.github.com\/users\/schacon","html_url":"https:\/\/github.com\/schacon","followers_url":"https:\/\/api.github.com\/users\/schacon\/followers","following_url":"https:\/\/api.github.com\/users\/schacon\/following{\/other_user}","gists_url":"https:\/\/api.github.com\/users\/schacon\/gists{\/gist_id}","starred_url":"https:\/\/api.github.com\/users\/schacon\/starred{\/owner}{\/repo}","subscriptions_url":"https:\/\/api.github.com\/users\/schacon\/subscriptions","organizations_url":"https:\/\/api.github.com\/users\/schacon\/orgs","repos_url":"https:\/\/api.github.com\/users\/schacon\/repos","events_url":"https:\/\/api.github.com\/users\/schacon\/events{\/privacy}","received_events_url":"https:\/\/api.github.com\/users\/schacon\/received_events","type":"User","site_admin":false},"html_url":"https:\/\/github.com\/schacon\/why_i_love_github","description":null,"fork":false,"url":"https:\/\/api.github.com\/repos\/schacon\/why_i_love_github","forks_url":"https:\/\/api.github.com\/repos\/schacon\/why_i_love_github\/forks","keys_url":"https:\/\/api.github.com\/repos\/schacon\/why_i_love_github\/keys{\/key_id}","collaborators_url":"https:\/\/api.github.com\/repos\/schacon\/why_i_love_github\/collaborators{\/collaborator}","teams_url":"https:\/\/api.github.com\/repos\/schacon\/why_i_love_github\/teams","hooks_url":"https:\/\/api.github.com\/repos\/schacon\/why_i_love_github\/hooks","issue_events_url":"https:\/\/api.github.com\/repos\/schacon\/why_i_love_github\/issues\/events{\/number}","events_url":"https:\/\/api.github.com\/repos\/schacon\/why_i_love_github\/events","assignees_url":"https:\/\/api.github.com\/repos\/schacon\/why_i_love_github\/assignees{\/user}","branches_url":"https:\/\/api.github.com\/repos\/schacon\/why_i_love_github\/branches{\/branch}","tags_url":"https:\/\/api.github.com\/repos\/schacon\/why_i_love_github\/tags","blobs_url":"https:\/\/api.github.com\/repos\/schacon\/why_i_love_github\/git\/blobs{\/sha}","git_tags_url":"https:\/\/api.github.com\/repos\/schacon\/why_i_love_github\/git\/tags{\/sha}","git_refs_url":"https:\/\/api.github.com\/repos\/schacon\/why_i_love_github\/git\/refs{\/sha}","trees_url":"https:\/\/api.github.com\/repos\/schacon\/why_i_love_github\/git\/trees{\/sha}","statuses_url":"https:\/\/api.github.com\/repos\/schacon\/why_i_love_github\/statuses\/{sha}","languages_url":"https:\/\/api.github.com\/repos\/schacon\/why_i_love_github\/languages","stargazers_url":"https:\/\/api.github.com\/repos\/schacon\/why_i_love_github\/stargazers","contributors_url":"https:\/\/api.github.com\/repos\/schacon\/why_i_love_github\/contributors","subscribers_url":"https:\/\/api.github.com\/repos\/schacon\/why_i_love_github\/subscribers","subscription_url":"https:\/\/api.github.com\/repos\/schacon\/why_i_love_github\/subscription","commits_url":"https:\/\/api.github.com\/repos\/schacon\/why_i_love_github\/commits{\/sha}","git_commits_url":"https:\/\/api.github.com\/repos\/schacon\/why_i_love_github\/git\/commits{\/sha}","comments_url":"https:\/\/api.github.com\/repos\/schacon\/why_i_love_github\/comments{\/number}","issue_comment_url":"https:\/\/api.github.com\/repos\/schacon\/why_i_love_github\/issues\/comments{\/number}","contents_url":"https:\/\/api.github.com\/repos\/schacon\/why_i_love_github\/contents\/{+path}","compare_url":"https:\/\/api.github.com\/repos\/schacon\/why_i_love_github\/compare\/{base}...{head}","merges_url":"https:\/\/api.github.com\/repos\/schacon\/why_i_love_github\/merges","archive_url":"https:\/\/api.github.com\/repos\/schacon\/why_i_love_github\/{archive_format}{\/ref}","downloads_url":"https:\/\/api.github.com\/repos\/schacon\/why_i_love_github\/downloads","issues_url":"https:\/\/api.github.com\/repos\/schacon\/why_i_love_github\/issues{\/number}","pulls_url":"https:\/\/api.github.com\/repos\/schacon\/why_i_love_github\/pulls{\/number}","milestones_url":"https:\/\/api.github.com\/repos\/schacon\/why_i_love_github\/milestones{\/number}","notifications_url":"https:\/\/api.github.com\/repos\/schacon\/why_i_love_github\/notifications{?since,all,participating}","labels_url":"https:\/\/api.github.com\/repos\/schacon\/why_i_love_github\/labels{\/name}","releases_url":"https:\/\/api.github.com\/repos\/schacon\/why_i_love_github\/releases{\/id}","deployments_url":"https:\/\/api.github.com\/repos\/schacon\/why_i_love_github\/deployments","created_at":"2011-04-26T17:18:57Z","updated_at":"2018-12-26T22:44:49Z","pushed_at":"2018-09-06T06:18:12Z","git_url":"git:\/\/github.com\/schacon\/why_i_love_github.git","ssh_url":"git@github.com:schacon\/why_i_love_github.git","clone_url":"https:\/\/github.com\/schacon\/why_i_love_github.git","svn_url":"https:\/\/github.com\/schacon\/why_i_love_github","homepage":"","size":296,"stargazers_count":269,"watchers_count":269,"language":null,"has_issues":true,"has_projects":true,"has_downloads":true,"has_wiki":true,"has_pages":false,"forks_count":202,"mirror_url":null,"archived":false,"open_issues_count":115,"license":null,"forks":202,"open_issues":115,"watchers":269,"default_branch":"master","score":94.83821},{"id":5762352,"node_id":"MDEwOlJlcG9zaXRvcnk1NzYyMzUy","name":"nightowls","full_name":"Swizec\/nightowls","private":false,"owner":{"login":"Swizec","id":56883,"node_id":"MDQ6VXNlcjU2ODgz","avatar_url":"https:\/\/avatars0.githubusercontent.com\/u\/56883?v=4","gravatar_id":"","url":"https:\/\/api.github.com\/users\/Swizec","html_url":"https:\/\/github.com\/Swizec","followers_url":"https:\/\/api.github.com\/users\/Swizec\/followers","following_url":"https:\/\/api.github.com\/users\/Swizec\/following{\/other_user}","gists_url":"https:\/\/api.github.com\/users\/Swizec\/gists{\/gist_id}","starred_url":"https:\/\/api.github.com\/users\/Swizec\/starred{\/owner}{\/repo}","subscriptions_url":"https:\/\/api.github.com\/users\/Swizec\/subscriptions","organizations_url":"https:\/\/api.github.com\/users\/Swizec\/orgs","repos_url":"https:\/\/api.github.com\/users\/Swizec\/repos","events_url":"https:\/\/api.github.com\/users\/Swizec\/events{\/privacy}","received_events_url":"https:\/\/api.github.com\/users\/Swizec\/received_events","type":"User","site_admin":false},"html_url":"https:\/\/github.com\/Swizec\/nightowls","description":"Why programmers work at night - a book about programmers, by a programmer","fork":false,"url":"https:\/\/api.github.com\/repos\/Swizec\/nightowls","forks_url":"https:\/\/api.github.com\/repos\/Swizec\/nightowls\/forks","keys_url":"https:\/\/api.github.com\/repos\/Swizec\/nightowls\/keys{\/key_id}","collaborators_url":"https:\/\/api.github.com\/repos\/Swizec\/nightowls\/collaborators{\/collaborator}","teams_url":"https:\/\/api.github.com\/repos\/Swizec\/nightowls\/teams","hooks_url":"https:\/\/api.github.com\/repos\/Swizec\/nightowls\/hooks","issue_events_url":"https:\/\/api.github.com\/repos\/Swizec\/nightowls\/issues\/events{\/number}","events_url":"https:\/\/api.github.com\/repos\/Swizec\/nightowls\/events","assignees_url":"https:\/\/api.github.com\/repos\/Swizec\/nightowls\/assignees{\/user}","branches_url":"https:\/\/api.github.com\/repos\/Swizec\/nightowls\/branches{\/branch}","tags_url":"https:\/\/api.github.com\/repos\/Swizec\/nightowls\/tags","blobs_url":"https:\/\/api.github.com\/repos\/Swizec\/nightowls\/git\/blobs{\/sha}","git_tags_url":"https:\/\/api.github.com\/repos\/Swizec\/nightowls\/git\/tags{\/sha}","git_refs_url":"https:\/\/api.github.com\/repos\/Swizec\/nightowls\/git\/refs{\/sha}","trees_url":"https:\/\/api.github.com\/repos\/Swizec\/nightowls\/git\/trees{\/sha}","statuses_url":"https:\/\/api.github.com\/repos\/Swizec\/nightowls\/statuses\/{sha}","languages_url":"https:\/\/api.github.com\/repos\/Swizec\/nightowls\/languages","stargazers_url":"https:\/\/api.github.com\/repos\/Swizec\/nightowls\/stargazers","contributors_url":"https:\/\/api.github.com\/repos\/Swizec\/nightowls\/contributors","subscribers_url":"https:\/\/api.github.com\/repos\/Swizec\/nightowls\/subscribers","subscription_url":"https:\/\/api.github.com\/repos\/Swizec\/nightowls\/subscription","commits_url":"https:\/\/api.github.com\/repos\/Swizec\/nightowls\/commits{\/sha}","git_commits_url":"https:\/\/api.github.com\/repos\/Swizec\/nightowls\/git\/commits{\/sha}","comments_url":"https:\/\/api.github.com\/repos\/Swizec\/nightowls\/comments{\/number}","issue_comment_url":"https:\/\/api.github.com\/repos\/Swizec\/nightowls\/issues\/comments{\/number}","contents_url":"https:\/\/api.github.com\/repos\/Swizec\/nightowls\/contents\/{+path}","compare_url":"https:\/\/api.github.com\/repos\/Swizec\/nightowls\/compare\/{base}...{head}","merges_url":"https:\/\/api.github.com\/repos\/Swizec\/nightowls\/merges","archive_url":"https:\/\/api.github.com\/repos\/Swizec\/nightowls\/{archive_format}{\/ref}","downloads_url":"https:\/\/api.github.com\/repos\/Swizec\/nightowls\/downloads","issues_url":"https:\/\/api.github.com\/repos\/Swizec\/nightowls\/issues{\/number}","pulls_url":"https:\/\/api.github.com\/repos\/Swizec\/nightowls\/pulls{\/number}","milestones_url":"https:\/\/api.github.com\/repos\/Swizec\/nightowls\/milestones{\/number}","notifications_url":"https:\/\/api.github.com\/repos\/Swizec\/nightowls\/notifications{?since,all,participating}","labels_url":"https:\/\/api.github.com\/repos\/Swizec\/nightowls\/labels{\/name}","releases_url":"https:\/\/api.github.com\/repos\/Swizec\/nightowls\/releases{\/id}","deployments_url":"https:\/\/api.github.com\/repos\/Swizec\/nightowls\/deployments","created_at":"2012-09-11T08:55:05Z","updated_at":"2019-01-22T17:12:56Z","pushed_at":"2017-04-24T09:21:43Z","git_url":"git:\/\/github.com\/Swizec\/nightowls.git","ssh_url":"git@github.com:Swizec\/nightowls.git","clone_url":"https:\/\/github.com\/Swizec\/nightowls.git","svn_url":"https:\/\/github.com\/Swizec\/nightowls","homepage":"https:\/\/leanpub.com\/nightowls","size":1301,"stargazers_count":267,"watchers_count":267,"language":null,"has_issues":true,"has_projects":true,"has_downloads":true,"has_wiki":true,"has_pages":false,"forks_count":23,"mirror_url":null,"archived":false,"open_issues_count":7,"license":null,"forks":23,"open_issues":7,"watchers":267,"default_branch":"master","score":46.147213},{"id":86715491,"node_id":"MDEwOlJlcG9zaXRvcnk4NjcxNTQ5MQ==","name":"pmdarima","full_name":"tgsmith61591\/pmdarima","private":false,"owner":{"login":"tgsmith61591","id":6124706,"node_id":"MDQ6VXNlcjYxMjQ3MDY=","avatar_url":"https:\/\/avatars0.githubusercontent.com\/u\/6124706?v=4","gravatar_id":"","url":"https:\/\/api.github.com\/users\/tgsmith61591","html_url":"https:\/\/github.com\/tgsmith61591","followers_url":"https:\/\/api.github.com\/users\/tgsmith61591\/followers","following_url":"https:\/\/api.github.com\/users\/tgsmith61591\/following{\/other_user}","gists_url":"https:\/\/api.github.com\/users\/tgsmith61591\/gists{\/gist_id}","starred_url":"https:\/\/api.github.com\/users\/tgsmith61591\/starred{\/owner}{\/repo}","subscriptions_url":"https:\/\/api.github.com\/users\/tgsmith61591\/subscriptions","organizations_url":"https:\/\/api.github.com\/users\/tgsmith61591\/orgs","repos_url":"https:\/\/api.github.com\/users\/tgsmith61591\/repos","events_url":"https:\/\/api.github.com\/users\/tgsmith61591\/events{\/privacy}","received_events_url":"https:\/\/api.github.com\/users\/tgsmith61591\/received_events","type":"User","site_admin":false},"html_url":"https:\/\/github.com\/tgsmith61591\/pmdarima","description":"A package that brings R's beloved auto.arima to Python, making an even stronger case for why Python > R for data science. ","fork":false,"url":"https:\/\/api.github.com\/repos\/tgsmith61591\/pmdarima","forks_url":"https:\/\/api.github.com\/repos\/tgsmith61591\/pmdarima\/forks","keys_url":"https:\/\/api.github.com\/repos\/tgsmith61591\/pmdarima\/keys{\/key_id}","collaborators_url":"https:\/\/api.github.com\/repos\/tgsmith61591\/pmdarima\/collaborators{\/collaborator}","teams_url":"https:\/\/api.github.com\/repos\/tgsmith61591\/pmdarima\/teams","hooks_url":"https:\/\/api.github.com\/repos\/tgsmith61591\/pmdarima\/hooks","issue_events_url":"https:\/\/api.github.com\/repos\/tgsmith61591\/pmdarima\/issues\/events{\/number}","events_url":"https:\/\/api.github.com\/repos\/tgsmith61591\/pmdarima\/events","assignees_url":"https:\/\/api.github.com\/repos\/tgsmith61591\/pmdarima\/assignees{\/user}","branches_url":"https:\/\/api.github.com\/repos\/tgsmith61591\/pmdarima\/branches{\/branch}","tags_url":"https:\/\/api.github.com\/repos\/tgsmith61591\/pmdarima\/tags","blobs_url":"https:\/\/api.github.com\/repos\/tgsmith61591\/pmdarima\/git\/blobs{\/sha}","git_tags_url":"https:\/\/api.github.com\/repos\/tgsmith61591\/pmdarima\/git\/tags{\/sha}","git_refs_url":"https:\/\/api.github.com\/repos\/tgsmith61591\/pmdarima\/git\/refs{\/sha}","trees_url":"https:\/\/api.github.com\/repos\/tgsmith61591\/pmdarima\/git\/trees{\/sha}","statuses_url":"https:\/\/api.github.com\/repos\/tgsmith61591\/pmdarima\/statuses\/{sha}","languages_url":"https:\/\/api.github.com\/repos\/tgsmith61591\/pmdarima\/languages","stargazers_url":"https:\/\/api.github.com\/repos\/tgsmith61591\/pmdarima\/stargazers","contributors_url":"https:\/\/api.github.com\/repos\/tgsmith61591\/pmdarima\/contributors","subscribers_url":"https:\/\/api.github.com\/repos\/tgsmith61591\/pmdarima\/subscribers","subscription_url":"https:\/\/api.github.com\/repos\/tgsmith61591\/pmdarima\/subscription","commits_url":"https:\/\/api.github.com\/repos\/tgsmith61591\/pmdarima\/commits{\/sha}","git_commits_url":"https:\/\/api.github.com\/repos\/tgsmith61591\/pmdarima\/git\/commits{\/sha}","comments_url":"https:\/\/api.github.com\/repos\/tgsmith61591\/pmdarima\/comments{\/number}","issue_comment_url":"https:\/\/api.github.com\/repos\/tgsmith61591\/pmdarima\/issues\/comments{\/number}","contents_url":"https:\/\/api.github.com\/repos\/tgsmith61591\/pmdarima\/contents\/{+path}","compare_url":"https:\/\/api.github.com\/repos\/tgsmith61591\/pmdarima\/compare\/{base}...{head}","merges_url":"https:\/\/api.github.com\/repos\/tgsmith61591\/pmdarima\/merges","archive_url":"https:\/\/api.github.com\/repos\/tgsmith61591\/pmdarima\/{archive_format}{\/ref}","downloads_url":"https:\/\/api.github.com\/repos\/tgsmith61591\/pmdarima\/downloads","issues_url":"https:\/\/api.github.com\/repos\/tgsmith61591\/pmdarima\/issues{\/number}","pulls_url":"https:\/\/api.github.com\/repos\/tgsmith61591\/pmdarima\/pulls{\/number}","milestones_url":"https:\/\/api.github.com\/repos\/tgsmith61591\/pmdarima\/milestones{\/number}","notifications_url":"https:\/\/api.github.com\/repos\/tgsmith61591\/pmdarima\/notifications{?since,all,participating}","labels_url":"https:\/\/api.github.com\/repos\/tgsmith61591\/pmdarima\/labels{\/name}","releases_url":"https:\/\/api.github.com\/repos\/tgsmith61591\/pmdarima\/releases{\/id}","deployments_url":"https:\/\/api.github.com\/repos\/tgsmith61591\/pmdarima\/deployments","created_at":"2017-03-30T14:58:30Z","updated_at":"2019-01-27T16:57:38Z","pushed_at":"2019-01-21T21:26:02Z","git_url":"git:\/\/github.com\/tgsmith61591\/pmdarima.git","ssh_url":"git@github.com:tgsmith61591\/pmdarima.git","clone_url":"https:\/\/github.com\/tgsmith61591\/pmdarima.git","svn_url":"https:\/\/github.com\/tgsmith61591\/pmdarima","homepage":"https:\/\/www.alkaline-ml.com\/pmdarima","size":60561,"stargazers_count":254,"watchers_count":254,"language":"Python","has_issues":true,"has_projects":true,"has_downloads":true,"has_wiki":true,"has_pages":true,"forks_count":64,"mirror_url":null,"archived":false,"open_issues_count":1,"license":{"key":"mit","name":"MIT License","spdx_id":"MIT","url":"https:\/\/api.github.com\/licenses\/mit","node_id":"MDc6TGljZW5zZTEz"},"forks":64,"open_issues":1,"watchers":254,"default_branch":"master","score":37.533966},{"id":72917308,"node_id":"MDEwOlJlcG9zaXRvcnk3MjkxNzMwOA==","name":"learn-elm","full_name":"dwyl\/learn-elm","private":false,"owner":{"login":"dwyl","id":11708465,"node_id":"MDEyOk9yZ2FuaXphdGlvbjExNzA4NDY1","avatar_url":"https:\/\/avatars1.githubusercontent.com\/u\/11708465?v=4","gravatar_id":"","url":"https:\/\/api.github.com\/users\/dwyl","html_url":"https:\/\/github.com\/dwyl","followers_url":"https:\/\/api.github.com\/users\/dwyl\/followers","following_url":"https:\/\/api.github.com\/users\/dwyl\/following{\/other_user}","gists_url":"https:\/\/api.github.com\/users\/dwyl\/gists{\/gist_id}","starred_url":"https:\/\/api.github.com\/users\/dwyl\/starred{\/owner}{\/repo}","subscriptions_url":"https:\/\/api.github.com\/users\/dwyl\/subscriptions","organizations_url":"https:\/\/api.github.com\/users\/dwyl\/orgs","repos_url":"https:\/\/api.github.com\/users\/dwyl\/repos","events_url":"https:\/\/api.github.com\/users\/dwyl\/events{\/privacy}","received_events_url":"https:\/\/api.github.com\/users\/dwyl\/received_events","type":"Organization","site_admin":false},"html_url":"https:\/\/github.com\/dwyl\/learn-elm","description":":rainbow: discover why people are switching to Elm and how you can get started today!","fork":false,"url":"https:\/\/api.github.com\/repos\/dwyl\/learn-elm","forks_url":"https:\/\/api.github.com\/repos\/dwyl\/learn-elm\/forks","keys_url":"https:\/\/api.github.com\/repos\/dwyl\/learn-elm\/keys{\/key_id}","collaborators_url":"https:\/\/api.github.com\/repos\/dwyl\/learn-elm\/collaborators{\/collaborator}","teams_url":"https:\/\/api.github.com\/repos\/dwyl\/learn-elm\/teams","hooks_url":"https:\/\/api.github.com\/repos\/dwyl\/learn-elm\/hooks","issue_events_url":"https:\/\/api.github.com\/repos\/dwyl\/learn-elm\/issues\/events{\/number}","events_url":"https:\/\/api.github.com\/repos\/dwyl\/learn-elm\/events","assignees_url":"https:\/\/api.github.com\/repos\/dwyl\/learn-elm\/assignees{\/user}","branches_url":"https:\/\/api.github.com\/repos\/dwyl\/learn-elm\/branches{\/branch}","tags_url":"https:\/\/api.github.com\/repos\/dwyl\/learn-elm\/tags","blobs_url":"https:\/\/api.github.com\/repos\/dwyl\/learn-elm\/git\/blobs{\/sha}","git_tags_url":"https:\/\/api.github.com\/repos\/dwyl\/learn-elm\/git\/tags{\/sha}","git_refs_url":"https:\/\/api.github.com\/repos\/dwyl\/learn-elm\/git\/refs{\/sha}","trees_url":"https:\/\/api.github.com\/repos\/dwyl\/learn-elm\/git\/trees{\/sha}","statuses_url":"https:\/\/api.github.com\/repos\/dwyl\/learn-elm\/statuses\/{sha}","languages_url":"https:\/\/api.github.com\/repos\/dwyl\/learn-elm\/languages","stargazers_url":"https:\/\/api.github.com\/repos\/dwyl\/learn-elm\/stargazers","contributors_url":"https:\/\/api.github.com\/repos\/dwyl\/learn-elm\/contributors","subscribers_url":"https:\/\/api.github.com\/repos\/dwyl\/learn-elm\/subscribers","subscription_url":"https:\/\/api.github.com\/repos\/dwyl\/learn-elm\/subscription","commits_url":"https:\/\/api.github.com\/repos\/dwyl\/learn-elm\/commits{\/sha}","git_commits_url":"https:\/\/api.github.com\/repos\/dwyl\/learn-elm\/git\/commits{\/sha}","comments_url":"https:\/\/api.github.com\/repos\/dwyl\/learn-elm\/comments{\/number}","issue_comment_url":"https:\/\/api.github.com\/repos\/dwyl\/learn-elm\/issues\/comments{\/number}","contents_url":"https:\/\/api.github.com\/repos\/dwyl\/learn-elm\/contents\/{+path}","compare_url":"https:\/\/api.github.com\/repos\/dwyl\/learn-elm\/compare\/{base}...{head}","merges_url":"https:\/\/api.github.com\/repos\/dwyl\/learn-elm\/merges","archive_url":"https:\/\/api.github.com\/repos\/dwyl\/learn-elm\/{archive_format}{\/ref}","downloads_url":"https:\/\/api.github.com\/repos\/dwyl\/learn-elm\/downloads","issues_url":"https:\/\/api.github.com\/repos\/dwyl\/learn-elm\/issues{\/number}","pulls_url":"https:\/\/api.github.com\/repos\/dwyl\/learn-elm\/pulls{\/number}","milestones_url":"https:\/\/api.github.com\/repos\/dwyl\/learn-elm\/milestones{\/number}","notifications_url":"https:\/\/api.github.com\/repos\/dwyl\/learn-elm\/notifications{?since,all,participating}","labels_url":"https:\/\/api.github.com\/repos\/dwyl\/learn-elm\/labels{\/name}","releases_url":"https:\/\/api.github.com\/repos\/dwyl\/learn-elm\/releases{\/id}","deployments_url":"https:\/\/api.github.com\/repos\/dwyl\/learn-elm\/deployments","created_at":"2016-11-05T09:45:12Z","updated_at":"2019-01-25T17:03:04Z","pushed_at":"2018-12-04T22:17:50Z","git_url":"git:\/\/github.com\/dwyl\/learn-elm.git","ssh_url":"git@github.com:dwyl\/learn-elm.git","clone_url":"https:\/\/github.com\/dwyl\/learn-elm.git","svn_url":"https:\/\/github.com\/dwyl\/learn-elm","homepage":"https:\/\/github.com\/dwyl\/learn-elm","size":622,"stargazers_count":238,"watchers_count":238,"language":"HTML","has_issues":true,"has_projects":true,"has_downloads":true,"has_wiki":true,"has_pages":false,"forks_count":19,"mirror_url":null,"archived":false,"open_issues_count":78,"license":null,"forks":19,"open_issues":78,"watchers":238,"default_branch":"master","score":44.1019},{"id":35120209,"node_id":"MDEwOlJlcG9zaXRvcnkzNTEyMDIwOQ==","name":"wtfnode","full_name":"myndzi\/wtfnode","private":false,"owner":{"login":"myndzi","id":1588419,"node_id":"MDQ6VXNlcjE1ODg0MTk=","avatar_url":"https:\/\/avatars1.githubusercontent.com\/u\/1588419?v=4","gravatar_id":"","url":"https:\/\/api.github.com\/users\/myndzi","html_url":"https:\/\/github.com\/myndzi","followers_url":"https:\/\/api.github.com\/users\/myndzi\/followers","following_url":"https:\/\/api.github.com\/users\/myndzi\/following{\/other_user}","gists_url":"https:\/\/api.github.com\/users\/myndzi\/gists{\/gist_id}","starred_url":"https:\/\/api.github.com\/users\/myndzi\/starred{\/owner}{\/repo}","subscriptions_url":"https:\/\/api.github.com\/users\/myndzi\/subscriptions","organizations_url":"https:\/\/api.github.com\/users\/myndzi\/orgs","repos_url":"https:\/\/api.github.com\/users\/myndzi\/repos","events_url":"https:\/\/api.github.com\/users\/myndzi\/events{\/privacy}","received_events_url":"https:\/\/api.github.com\/users\/myndzi\/received_events","type":"User","site_admin":false},"html_url":"https:\/\/github.com\/myndzi\/wtfnode","description":"Utility to help find out why Node isn't exiting","fork":false,"url":"https:\/\/api.github.com\/repos\/myndzi\/wtfnode","forks_url":"https:\/\/api.github.com\/repos\/myndzi\/wtfnode\/forks","keys_url":"https:\/\/api.github.com\/repos\/myndzi\/wtfnode\/keys{\/key_id}","collaborators_url":"https:\/\/api.github.com\/repos\/myndzi\/wtfnode\/collaborators{\/collaborator}","teams_url":"https:\/\/api.github.com\/repos\/myndzi\/wtfnode\/teams","hooks_url":"https:\/\/api.github.com\/repos\/myndzi\/wtfnode\/hooks","issue_events_url":"https:\/\/api.github.com\/repos\/myndzi\/wtfnode\/issues\/events{\/number}","events_url":"https:\/\/api.github.com\/repos\/myndzi\/wtfnode\/events","assignees_url":"https:\/\/api.github.com\/repos\/myndzi\/wtfnode\/assignees{\/user}","branches_url":"https:\/\/api.github.com\/repos\/myndzi\/wtfnode\/branches{\/branch}","tags_url":"https:\/\/api.github.com\/repos\/myndzi\/wtfnode\/tags","blobs_url":"https:\/\/api.github.com\/repos\/myndzi\/wtfnode\/git\/blobs{\/sha}","git_tags_url":"https:\/\/api.github.com\/repos\/myndzi\/wtfnode\/git\/tags{\/sha}","git_refs_url":"https:\/\/api.github.com\/repos\/myndzi\/wtfnode\/git\/refs{\/sha}","trees_url":"https:\/\/api.github.com\/repos\/myndzi\/wtfnode\/git\/trees{\/sha}","statuses_url":"https:\/\/api.github.com\/repos\/myndzi\/wtfnode\/statuses\/{sha}","languages_url":"https:\/\/api.github.com\/repos\/myndzi\/wtfnode\/languages","stargazers_url":"https:\/\/api.github.com\/repos\/myndzi\/wtfnode\/stargazers","contributors_url":"https:\/\/api.github.com\/repos\/myndzi\/wtfnode\/contributors","subscribers_url":"https:\/\/api.github.com\/repos\/myndzi\/wtfnode\/subscribers","subscription_url":"https:\/\/api.github.com\/repos\/myndzi\/wtfnode\/subscription","commits_url":"https:\/\/api.github.com\/repos\/myndzi\/wtfnode\/commits{\/sha}","git_commits_url":"https:\/\/api.github.com\/repos\/myndzi\/wtfnode\/git\/commits{\/sha}","comments_url":"https:\/\/api.github.com\/repos\/myndzi\/wtfnode\/comments{\/number}","issue_comment_url":"https:\/\/api.github.com\/repos\/myndzi\/wtfnode\/issues\/comments{\/number}","contents_url":"https:\/\/api.github.com\/repos\/myndzi\/wtfnode\/contents\/{+path}","compare_url":"https:\/\/api.github.com\/repos\/myndzi\/wtfnode\/compare\/{base}...{head}","merges_url":"https:\/\/api.github.com\/repos\/myndzi\/wtfnode\/merges","archive_url":"https:\/\/api.github.com\/repos\/myndzi\/wtfnode\/{archive_format}{\/ref}","downloads_url":"https:\/\/api.github.com\/repos\/myndzi\/wtfnode\/downloads","issues_url":"https:\/\/api.github.com\/repos\/myndzi\/wtfnode\/issues{\/number}","pulls_url":"https:\/\/api.github.com\/repos\/myndzi\/wtfnode\/pulls{\/number}","milestones_url":"https:\/\/api.github.com\/repos\/myndzi\/wtfnode\/milestones{\/number}","notifications_url":"https:\/\/api.github.com\/repos\/myndzi\/wtfnode\/notifications{?since,all,participating}","labels_url":"https:\/\/api.github.com\/repos\/myndzi\/wtfnode\/labels{\/name}","releases_url":"https:\/\/api.github.com\/repos\/myndzi\/wtfnode\/releases{\/id}","deployments_url":"https:\/\/api.github.com\/repos\/myndzi\/wtfnode\/deployments","created_at":"2015-05-05T19:42:42Z","updated_at":"2019-01-23T23:23:20Z","pushed_at":"2019-01-15T03:26:56Z","git_url":"git:\/\/github.com\/myndzi\/wtfnode.git","ssh_url":"git@github.com:myndzi\/wtfnode.git","clone_url":"https:\/\/github.com\/myndzi\/wtfnode.git","svn_url":"https:\/\/github.com\/myndzi\/wtfnode","homepage":null,"size":59,"stargazers_count":237,"watchers_count":237,"language":"JavaScript","has_issues":true,"has_projects":true,"has_downloads":true,"has_wiki":true,"has_pages":false,"forks_count":14,"mirror_url":null,"archived":false,"open_issues_count":0,"license":null,"forks":14,"open_issues":0,"watchers":237,"default_branch":"master","score":51.469944},{"id":539003,"node_id":"MDEwOlJlcG9zaXRvcnk1MzkwMDM=","name":"jquery-outside-events","full_name":"cowboy\/jquery-outside-events","private":false,"owner":{"login":"cowboy","id":54051,"node_id":"MDQ6VXNlcjU0MDUx","avatar_url":"https:\/\/avatars0.githubusercontent.com\/u\/54051?v=4","gravatar_id":"","url":"https:\/\/api.github.com\/users\/cowboy","html_url":"https:\/\/github.com\/cowboy","followers_url":"https:\/\/api.github.com\/users\/cowboy\/followers","following_url":"https:\/\/api.github.com\/users\/cowboy\/following{\/other_user}","gists_url":"https:\/\/api.github.com\/users\/cowboy\/gists{\/gist_id}","starred_url":"https:\/\/api.github.com\/users\/cowboy\/starred{\/owner}{\/repo}","subscriptions_url":"https:\/\/api.github.com\/users\/cowboy\/subscriptions","organizations_url":"https:\/\/api.github.com\/users\/cowboy\/orgs","repos_url":"https:\/\/api.github.com\/users\/cowboy\/repos","events_url":"https:\/\/api.github.com\/users\/cowboy\/events{\/privacy}","received_events_url":"https:\/\/api.github.com\/users\/cowboy\/received_events","type":"User","site_admin":false},"html_url":"https:\/\/github.com\/cowboy\/jquery-outside-events","description":"Why trigger an event on something, when you can trigger it on everything else?","fork":false,"url":"https:\/\/api.github.com\/repos\/cowboy\/jquery-outside-events","forks_url":"https:\/\/api.github.com\/repos\/cowboy\/jquery-outside-events\/forks","keys_url":"https:\/\/api.github.com\/repos\/cowboy\/jquery-outside-events\/keys{\/key_id}","collaborators_url":"https:\/\/api.github.com\/repos\/cowboy\/jquery-outside-events\/collaborators{\/collaborator}","teams_url":"https:\/\/api.github.com\/repos\/cowboy\/jquery-outside-events\/teams","hooks_url":"https:\/\/api.github.com\/repos\/cowboy\/jquery-outside-events\/hooks","issue_events_url":"https:\/\/api.github.com\/repos\/cowboy\/jquery-outside-events\/issues\/events{\/number}","events_url":"https:\/\/api.github.com\/repos\/cowboy\/jquery-outside-events\/events","assignees_url":"https:\/\/api.github.com\/repos\/cowboy\/jquery-outside-events\/assignees{\/user}","branches_url":"https:\/\/api.github.com\/repos\/cowboy\/jquery-outside-events\/branches{\/branch}","tags_url":"https:\/\/api.github.com\/repos\/cowboy\/jquery-outside-events\/tags","blobs_url":"https:\/\/api.github.com\/repos\/cowboy\/jquery-outside-events\/git\/blobs{\/sha}","git_tags_url":"https:\/\/api.github.com\/repos\/cowboy\/jquery-outside-events\/git\/tags{\/sha}","git_refs_url":"https:\/\/api.github.com\/repos\/cowboy\/jquery-outside-events\/git\/refs{\/sha}","trees_url":"https:\/\/api.github.com\/repos\/cowboy\/jquery-outside-events\/git\/trees{\/sha}","statuses_url":"https:\/\/api.github.com\/repos\/cowboy\/jquery-outside-events\/statuses\/{sha}","languages_url":"https:\/\/api.github.com\/repos\/cowboy\/jquery-outside-events\/languages","stargazers_url":"https:\/\/api.github.com\/repos\/cowboy\/jquery-outside-events\/stargazers","contributors_url":"https:\/\/api.github.com\/repos\/cowboy\/jquery-outside-events\/contributors","subscribers_url":"https:\/\/api.github.com\/repos\/cowboy\/jquery-outside-events\/subscribers","subscription_url":"https:\/\/api.github.com\/repos\/cowboy\/jquery-outside-events\/subscription","commits_url":"https:\/\/api.github.com\/repos\/cowboy\/jquery-outside-events\/commits{\/sha}","git_commits_url":"https:\/\/api.github.com\/repos\/cowboy\/jquery-outside-events\/git\/commits{\/sha}","comments_url":"https:\/\/api.github.com\/repos\/cowboy\/jquery-outside-events\/comments{\/number}","issue_comment_url":"https:\/\/api.github.com\/repos\/cowboy\/jquery-outside-events\/issues\/comments{\/number}","contents_url":"https:\/\/api.github.com\/repos\/cowboy\/jquery-outside-events\/contents\/{+path}","compare_url":"https:\/\/api.github.com\/repos\/cowboy\/jquery-outside-events\/compare\/{base}...{head}","merges_url":"https:\/\/api.github.com\/repos\/cowboy\/jquery-outside-events\/merges","archive_url":"https:\/\/api.github.com\/repos\/cowboy\/jquery-outside-events\/{archive_format}{\/ref}","downloads_url":"https:\/\/api.github.com\/repos\/cowboy\/jquery-outside-events\/downloads","issues_url":"https:\/\/api.github.com\/repos\/cowboy\/jquery-outside-events\/issues{\/number}","pulls_url":"https:\/\/api.github.com\/repos\/cowboy\/jquery-outside-events\/pulls{\/number}","milestones_url":"https:\/\/api.github.com\/repos\/cowboy\/jquery-outside-events\/milestones{\/number}","notifications_url":"https:\/\/api.github.com\/repos\/cowboy\/jquery-outside-events\/notifications{?since,all,participating}","labels_url":"https:\/\/api.github.com\/repos\/cowboy\/jquery-outside-events\/labels{\/name}","releases_url":"https:\/\/api.github.com\/repos\/cowboy\/jquery-outside-events\/releases{\/id}","deployments_url":"https:\/\/api.github.com\/repos\/cowboy\/jquery-outside-events\/deployments","created_at":"2010-02-27T19:56:14Z","updated_at":"2019-01-23T22:10:28Z","pushed_at":"2016-04-03T09:27:45Z","git_url":"git:\/\/github.com\/cowboy\/jquery-outside-events.git","ssh_url":"git@github.com:cowboy\/jquery-outside-events.git","clone_url":"https:\/\/github.com\/cowboy\/jquery-outside-events.git","svn_url":"https:\/\/github.com\/cowboy\/jquery-outside-events","homepage":"http:\/\/benalman.com\/projects\/jquery-clickoutside-plugin\/","size":320,"stargazers_count":236,"watchers_count":236,"language":"JavaScript","has_issues":true,"has_projects":true,"has_downloads":true,"has_wiki":true,"has_pages":false,"forks_count":44,"mirror_url":null,"archived":false,"open_issues_count":10,"license":{"key":"other","name":"Other","spdx_id":"NOASSERTION","url":null,"node_id":"MDc6TGljZW5zZTA="},"forks":44,"open_issues":10,"watchers":236,"default_branch":"master","score":49.763885},{"id":124265580,"node_id":"MDEwOlJlcG9zaXRvcnkxMjQyNjU1ODA=","name":"Viewpager-Transformation","full_name":"dipanshukr\/Viewpager-Transformation","private":false,"owner":{"login":"dipanshukr","id":29334373,"node_id":"MDQ6VXNlcjI5MzM0Mzcz","avatar_url":"https:\/\/avatars3.githubusercontent.com\/u\/29334373?v=4","gravatar_id":"","url":"https:\/\/api.github.com\/users\/dipanshukr","html_url":"https:\/\/github.com\/dipanshukr","followers_url":"https:\/\/api.github.com\/users\/dipanshukr\/followers","following_url":"https:\/\/api.github.com\/users\/dipanshukr\/following{\/other_user}","gists_url":"https:\/\/api.github.com\/users\/dipanshukr\/gists{\/gist_id}","starred_url":"https:\/\/api.github.com\/users\/dipanshukr\/starred{\/owner}{\/repo}","subscriptions_url":"https:\/\/api.github.com\/users\/dipanshukr\/subscriptions","organizations_url":"https:\/\/api.github.com\/users\/dipanshukr\/orgs","repos_url":"https:\/\/api.github.com\/users\/dipanshukr\/repos","events_url":"https:\/\/api.github.com\/users\/dipanshukr\/events{\/privacy}","received_events_url":"https:\/\/api.github.com\/users\/dipanshukr\/received_events","type":"User","site_admin":false},"html_url":"https:\/\/github.com\/dipanshukr\/Viewpager-Transformation","description":"Why use dependencies when you create your own transformations for Viewpager ?","fork":false,"url":"https:\/\/api.github.com\/repos\/dipanshukr\/Viewpager-Transformation","forks_url":"https:\/\/api.github.com\/repos\/dipanshukr\/Viewpager-Transformation\/forks","keys_url":"https:\/\/api.github.com\/repos\/dipanshukr\/Viewpager-Transformation\/keys{\/key_id}","collaborators_url":"https:\/\/api.github.com\/repos\/dipanshukr\/Viewpager-Transformation\/collaborators{\/collaborator}","teams_url":"https:\/\/api.github.com\/repos\/dipanshukr\/Viewpager-Transformation\/teams","hooks_url":"https:\/\/api.github.com\/repos\/dipanshukr\/Viewpager-Transformation\/hooks","issue_events_url":"https:\/\/api.github.com\/repos\/dipanshukr\/Viewpager-Transformation\/issues\/events{\/number}","events_url":"https:\/\/api.github.com\/repos\/dipanshukr\/Viewpager-Transformation\/events","assignees_url":"https:\/\/api.github.com\/repos\/dipanshukr\/Viewpager-Transformation\/assignees{\/user}","branches_url":"https:\/\/api.github.com\/repos\/dipanshukr\/Viewpager-Transformation\/branches{\/branch}","tags_url":"https:\/\/api.github.com\/repos\/dipanshukr\/Viewpager-Transformation\/tags","blobs_url":"https:\/\/api.github.com\/repos\/dipanshukr\/Viewpager-Transformation\/git\/blobs{\/sha}","git_tags_url":"https:\/\/api.github.com\/repos\/dipanshukr\/Viewpager-Transformation\/git\/tags{\/sha}","git_refs_url":"https:\/\/api.github.com\/repos\/dipanshukr\/Viewpager-Transformation\/git\/refs{\/sha}","trees_url":"https:\/\/api.github.com\/repos\/dipanshukr\/Viewpager-Transformation\/git\/trees{\/sha}","statuses_url":"https:\/\/api.github.com\/repos\/dipanshukr\/Viewpager-Transformation\/statuses\/{sha}","languages_url":"https:\/\/api.github.com\/repos\/dipanshukr\/Viewpager-Transformation\/languages","stargazers_url":"https:\/\/api.github.com\/repos\/dipanshukr\/Viewpager-Transformation\/stargazers","contributors_url":"https:\/\/api.github.com\/repos\/dipanshukr\/Viewpager-Transformation\/contributors","subscribers_url":"https:\/\/api.github.com\/repos\/dipanshukr\/Viewpager-Transformation\/subscribers","subscription_url":"https:\/\/api.github.com\/repos\/dipanshukr\/Viewpager-Transformation\/subscription","commits_url":"https:\/\/api.github.com\/repos\/dipanshukr\/Viewpager-Transformation\/commits{\/sha}","git_commits_url":"https:\/\/api.github.com\/repos\/dipanshukr\/Viewpager-Transformation\/git\/commits{\/sha}","comments_url":"https:\/\/api.github.com\/repos\/dipanshukr\/Viewpager-Transformation\/comments{\/number}","issue_comment_url":"https:\/\/api.github.com\/repos\/dipanshukr\/Viewpager-Transformation\/issues\/comments{\/number}","contents_url":"https:\/\/api.github.com\/repos\/dipanshukr\/Viewpager-Transformation\/contents\/{+path}","compare_url":"https:\/\/api.github.com\/repos\/dipanshukr\/Viewpager-Transformation\/compare\/{base}...{head}","merges_url":"https:\/\/api.github.com\/repos\/dipanshukr\/Viewpager-Transformation\/merges","archive_url":"https:\/\/api.github.com\/repos\/dipanshukr\/Viewpager-Transformation\/{archive_format}{\/ref}","downloads_url":"https:\/\/api.github.com\/repos\/dipanshukr\/Viewpager-Transformation\/downloads","issues_url":"https:\/\/api.github.com\/repos\/dipanshukr\/Viewpager-Transformation\/issues{\/number}","pulls_url":"https:\/\/api.github.com\/repos\/dipanshukr\/Viewpager-Transformation\/pulls{\/number}","milestones_url":"https:\/\/api.github.com\/repos\/dipanshukr\/Viewpager-Transformation\/milestones{\/number}","notifications_url":"https:\/\/api.github.com\/repos\/dipanshukr\/Viewpager-Transformation\/notifications{?since,all,participating}","labels_url":"https:\/\/api.github.com\/repos\/dipanshukr\/Viewpager-Transformation\/labels{\/name}","releases_url":"https:\/\/api.github.com\/repos\/dipanshukr\/Viewpager-Transformation\/releases{\/id}","deployments_url":"https:\/\/api.github.com\/repos\/dipanshukr\/Viewpager-Transformation\/deployments","created_at":"2018-03-07T16:45:42Z","updated_at":"2019-01-27T11:19:10Z","pushed_at":"2018-06-21T07:17:59Z","git_url":"git:\/\/github.com\/dipanshukr\/Viewpager-Transformation.git","ssh_url":"git@github.com:dipanshukr\/Viewpager-Transformation.git","clone_url":"https:\/\/github.com\/dipanshukr\/Viewpager-Transformation.git","svn_url":"https:\/\/github.com\/dipanshukr\/Viewpager-Transformation","homepage":"","size":181654,"stargazers_count":230,"watchers_count":230,"language":"Java","has_issues":true,"has_projects":true,"has_downloads":true,"has_wiki":true,"has_pages":true,"forks_count":44,"mirror_url":null,"archived":false,"open_issues_count":1,"license":null,"forks":44,"open_issues":1,"watchers":230,"default_branch":"master","score":49.984047},{"id":17420185,"node_id":"MDEwOlJlcG9zaXRvcnkxNzQyMDE4NQ==","name":"enemy-of-the-state","full_name":"jspahrsummers\/enemy-of-the-state","private":false,"owner":{"login":"jspahrsummers","id":432536,"node_id":"MDQ6VXNlcjQzMjUzNg==","avatar_url":"https:\/\/avatars0.githubusercontent.com\/u\/432536?v=4","gravatar_id":"","url":"https:\/\/api.github.com\/users\/jspahrsummers","html_url":"https:\/\/github.com\/jspahrsummers","followers_url":"https:\/\/api.github.com\/users\/jspahrsummers\/followers","following_url":"https:\/\/api.github.com\/users\/jspahrsummers\/following{\/other_user}","gists_url":"https:\/\/api.github.com\/users\/jspahrsummers\/gists{\/gist_id}","starred_url":"https:\/\/api.github.com\/users\/jspahrsummers\/starred{\/owner}{\/repo}","subscriptions_url":"https:\/\/api.github.com\/users\/jspahrsummers\/subscriptions","organizations_url":"https:\/\/api.github.com\/users\/jspahrsummers\/orgs","repos_url":"https:\/\/api.github.com\/users\/jspahrsummers\/repos","events_url":"https:\/\/api.github.com\/users\/jspahrsummers\/events{\/privacy}","received_events_url":"https:\/\/api.github.com\/users\/jspahrsummers\/received_events","type":"User","site_admin":false},"html_url":"https:\/\/github.com\/jspahrsummers\/enemy-of-the-state","description":"My talk explaining what state is and why it's so harmful","fork":false,"url":"https:\/\/api.github.com\/repos\/jspahrsummers\/enemy-of-the-state","forks_url":"https:\/\/api.github.com\/repos\/jspahrsummers\/enemy-of-the-state\/forks","keys_url":"https:\/\/api.github.com\/repos\/jspahrsummers\/enemy-of-the-state\/keys{\/key_id}","collaborators_url":"https:\/\/api.github.com\/repos\/jspahrsummers\/enemy-of-the-state\/collaborators{\/collaborator}","teams_url":"https:\/\/api.github.com\/repos\/jspahrsummers\/enemy-of-the-state\/teams","hooks_url":"https:\/\/api.github.com\/repos\/jspahrsummers\/enemy-of-the-state\/hooks","issue_events_url":"https:\/\/api.github.com\/repos\/jspahrsummers\/enemy-of-the-state\/issues\/events{\/number}","events_url":"https:\/\/api.github.com\/repos\/jspahrsummers\/enemy-of-the-state\/events","assignees_url":"https:\/\/api.github.com\/repos\/jspahrsummers\/enemy-of-the-state\/assignees{\/user}","branches_url":"https:\/\/api.github.com\/repos\/jspahrsummers\/enemy-of-the-state\/branches{\/branch}","tags_url":"https:\/\/api.github.com\/repos\/jspahrsummers\/enemy-of-the-state\/tags","blobs_url":"https:\/\/api.github.com\/repos\/jspahrsummers\/enemy-of-the-state\/git\/blobs{\/sha}","git_tags_url":"https:\/\/api.github.com\/repos\/jspahrsummers\/enemy-of-the-state\/git\/tags{\/sha}","git_refs_url":"https:\/\/api.github.com\/repos\/jspahrsummers\/enemy-of-the-state\/git\/refs{\/sha}","trees_url":"https:\/\/api.github.com\/repos\/jspahrsummers\/enemy-of-the-state\/git\/trees{\/sha}","statuses_url":"https:\/\/api.github.com\/repos\/jspahrsummers\/enemy-of-the-state\/statuses\/{sha}","languages_url":"https:\/\/api.github.com\/repos\/jspahrsummers\/enemy-of-the-state\/languages","stargazers_url":"https:\/\/api.github.com\/repos\/jspahrsummers\/enemy-of-the-state\/stargazers","contributors_url":"https:\/\/api.github.com\/repos\/jspahrsummers\/enemy-of-the-state\/contributors","subscribers_url":"https:\/\/api.github.com\/repos\/jspahrsummers\/enemy-of-the-state\/subscribers","subscription_url":"https:\/\/api.github.com\/repos\/jspahrsummers\/enemy-of-the-state\/subscription","commits_url":"https:\/\/api.github.com\/repos\/jspahrsummers\/enemy-of-the-state\/commits{\/sha}","git_commits_url":"https:\/\/api.github.com\/repos\/jspahrsummers\/enemy-of-the-state\/git\/commits{\/sha}","comments_url":"https:\/\/api.github.com\/repos\/jspahrsummers\/enemy-of-the-state\/comments{\/number}","issue_comment_url":"https:\/\/api.github.com\/repos\/jspahrsummers\/enemy-of-the-state\/issues\/comments{\/number}","contents_url":"https:\/\/api.github.com\/repos\/jspahrsummers\/enemy-of-the-state\/contents\/{+path}","compare_url":"https:\/\/api.github.com\/repos\/jspahrsummers\/enemy-of-the-state\/compare\/{base}...{head}","merges_url":"https:\/\/api.github.com\/repos\/jspahrsummers\/enemy-of-the-state\/merges","archive_url":"https:\/\/api.github.com\/repos\/jspahrsummers\/enemy-of-the-state\/{archive_format}{\/ref}","downloads_url":"https:\/\/api.github.com\/repos\/jspahrsummers\/enemy-of-the-state\/downloads","issues_url":"https:\/\/api.github.com\/repos\/jspahrsummers\/enemy-of-the-state\/issues{\/number}","pulls_url":"https:\/\/api.github.com\/repos\/jspahrsummers\/enemy-of-the-state\/pulls{\/number}","milestones_url":"https:\/\/api.github.com\/repos\/jspahrsummers\/enemy-of-the-state\/milestones{\/number}","notifications_url":"https:\/\/api.github.com\/repos\/jspahrsummers\/enemy-of-the-state\/notifications{?since,all,participating}","labels_url":"https:\/\/api.github.com\/repos\/jspahrsummers\/enemy-of-the-state\/labels{\/name}","releases_url":"https:\/\/api.github.com\/repos\/jspahrsummers\/enemy-of-the-state\/releases{\/id}","deployments_url":"https:\/\/api.github.com\/repos\/jspahrsummers\/enemy-of-the-state\/deployments","created_at":"2014-03-04T22:49:56Z","updated_at":"2018-12-26T21:07:06Z","pushed_at":"2017-07-26T14:26:39Z","git_url":"git:\/\/github.com\/jspahrsummers\/enemy-of-the-state.git","ssh_url":"git@github.com:jspahrsummers\/enemy-of-the-state.git","clone_url":"https:\/\/github.com\/jspahrsummers\/enemy-of-the-state.git","svn_url":"https:\/\/github.com\/jspahrsummers\/enemy-of-the-state","homepage":"","size":46901,"stargazers_count":208,"watchers_count":208,"language":"Swift","has_issues":true,"has_projects":true,"has_downloads":true,"has_wiki":false,"has_pages":false,"forks_count":16,"mirror_url":null,"archived":false,"open_issues_count":1,"license":{"key":"other","name":"Other","spdx_id":"NOASSERTION","url":null,"node_id":"MDc6TGljZW5zZTA="},"forks":16,"open_issues":1,"watchers":208,"default_branch":"master","score":42.18684},{"id":93794235,"node_id":"MDEwOlJlcG9zaXRvcnk5Mzc5NDIzNQ==","name":"drop_watch","full_name":"pavel-odintsov\/drop_watch","private":false,"owner":{"login":"pavel-odintsov","id":2744166,"node_id":"MDQ6VXNlcjI3NDQxNjY=","avatar_url":"https:\/\/avatars0.githubusercontent.com\/u\/2744166?v=4","gravatar_id":"","url":"https:\/\/api.github.com\/users\/pavel-odintsov","html_url":"https:\/\/github.com\/pavel-odintsov","followers_url":"https:\/\/api.github.com\/users\/pavel-odintsov\/followers","following_url":"https:\/\/api.github.com\/users\/pavel-odintsov\/following{\/other_user}","gists_url":"https:\/\/api.github.com\/users\/pavel-odintsov\/gists{\/gist_id}","starred_url":"https:\/\/api.github.com\/users\/pavel-odintsov\/starred{\/owner}{\/repo}","subscriptions_url":"https:\/\/api.github.com\/users\/pavel-odintsov\/subscriptions","organizations_url":"https:\/\/api.github.com\/users\/pavel-odintsov\/orgs","repos_url":"https:\/\/api.github.com\/users\/pavel-odintsov\/repos","events_url":"https:\/\/api.github.com\/users\/pavel-odintsov\/events{\/privacy}","received_events_url":"https:\/\/api.github.com\/users\/pavel-odintsov\/received_events","type":"User","site_admin":false},"html_url":"https:\/\/github.com\/pavel-odintsov\/drop_watch","description":"Monitor reasons why and where linux drops UDP packets","fork":false,"url":"https:\/\/api.github.com\/repos\/pavel-odintsov\/drop_watch","forks_url":"https:\/\/api.github.com\/repos\/pavel-odintsov\/drop_watch\/forks","keys_url":"https:\/\/api.github.com\/repos\/pavel-odintsov\/drop_watch\/keys{\/key_id}","collaborators_url":"https:\/\/api.github.com\/repos\/pavel-odintsov\/drop_watch\/collaborators{\/collaborator}","teams_url":"https:\/\/api.github.com\/repos\/pavel-odintsov\/drop_watch\/teams","hooks_url":"https:\/\/api.github.com\/repos\/pavel-odintsov\/drop_watch\/hooks","issue_events_url":"https:\/\/api.github.com\/repos\/pavel-odintsov\/drop_watch\/issues\/events{\/number}","events_url":"https:\/\/api.github.com\/repos\/pavel-odintsov\/drop_watch\/events","assignees_url":"https:\/\/api.github.com\/repos\/pavel-odintsov\/drop_watch\/assignees{\/user}","branches_url":"https:\/\/api.github.com\/repos\/pavel-odintsov\/drop_watch\/branches{\/branch}","tags_url":"https:\/\/api.github.com\/repos\/pavel-odintsov\/drop_watch\/tags","blobs_url":"https:\/\/api.github.com\/repos\/pavel-odintsov\/drop_watch\/git\/blobs{\/sha}","git_tags_url":"https:\/\/api.github.com\/repos\/pavel-odintsov\/drop_watch\/git\/tags{\/sha}","git_refs_url":"https:\/\/api.github.com\/repos\/pavel-odintsov\/drop_watch\/git\/refs{\/sha}","trees_url":"https:\/\/api.github.com\/repos\/pavel-odintsov\/drop_watch\/git\/trees{\/sha}","statuses_url":"https:\/\/api.github.com\/repos\/pavel-odintsov\/drop_watch\/statuses\/{sha}","languages_url":"https:\/\/api.github.com\/repos\/pavel-odintsov\/drop_watch\/languages","stargazers_url":"https:\/\/api.github.com\/repos\/pavel-odintsov\/drop_watch\/stargazers","contributors_url":"https:\/\/api.github.com\/repos\/pavel-odintsov\/drop_watch\/contributors","subscribers_url":"https:\/\/api.github.com\/repos\/pavel-odintsov\/drop_watch\/subscribers","subscription_url":"https:\/\/api.github.com\/repos\/pavel-odintsov\/drop_watch\/subscription","commits_url":"https:\/\/api.github.com\/repos\/pavel-odintsov\/drop_watch\/commits{\/sha}","git_commits_url":"https:\/\/api.github.com\/repos\/pavel-odintsov\/drop_watch\/git\/commits{\/sha}","comments_url":"https:\/\/api.github.com\/repos\/pavel-odintsov\/drop_watch\/comments{\/number}","issue_comment_url":"https:\/\/api.github.com\/repos\/pavel-odintsov\/drop_watch\/issues\/comments{\/number}","contents_url":"https:\/\/api.github.com\/repos\/pavel-odintsov\/drop_watch\/contents\/{+path}","compare_url":"https:\/\/api.github.com\/repos\/pavel-odintsov\/drop_watch\/compare\/{base}...{head}","merges_url":"https:\/\/api.github.com\/repos\/pavel-odintsov\/drop_watch\/merges","archive_url":"https:\/\/api.github.com\/repos\/pavel-odintsov\/drop_watch\/{archive_format}{\/ref}","downloads_url":"https:\/\/api.github.com\/repos\/pavel-odintsov\/drop_watch\/downloads","issues_url":"https:\/\/api.github.com\/repos\/pavel-odintsov\/drop_watch\/issues{\/number}","pulls_url":"https:\/\/api.github.com\/repos\/pavel-odintsov\/drop_watch\/pulls{\/number}","milestones_url":"https:\/\/api.github.com\/repos\/pavel-odintsov\/drop_watch\/milestones{\/number}","notifications_url":"https:\/\/api.github.com\/repos\/pavel-odintsov\/drop_watch\/notifications{?since,all,participating}","labels_url":"https:\/\/api.github.com\/repos\/pavel-odintsov\/drop_watch\/labels{\/name}","releases_url":"https:\/\/api.github.com\/repos\/pavel-odintsov\/drop_watch\/releases{\/id}","deployments_url":"https:\/\/api.github.com\/repos\/pavel-odintsov\/drop_watch\/deployments","created_at":"2017-06-08T21:43:00Z","updated_at":"2019-01-28T14:39:16Z","pushed_at":"2017-10-12T20:13:24Z","git_url":"git:\/\/github.com\/pavel-odintsov\/drop_watch.git","ssh_url":"git@github.com:pavel-odintsov\/drop_watch.git","clone_url":"https:\/\/github.com\/pavel-odintsov\/drop_watch.git","svn_url":"https:\/\/github.com\/pavel-odintsov\/drop_watch","homepage":"","size":153,"stargazers_count":183,"watchers_count":183,"language":"C","has_issues":true,"has_projects":true,"has_downloads":true,"has_wiki":true,"has_pages":false,"forks_count":20,"mirror_url":null,"archived":false,"open_issues_count":0,"license":{"key":"gpl-2.0","name":"GNU General Public License v2.0","spdx_id":"GPL-2.0","url":"https:\/\/api.github.com\/licenses\/gpl-2.0","node_id":"MDc6TGljZW5zZTg="},"forks":20,"open_issues":0,"watchers":183,"default_branch":"master","score":53.15361}]} [] []
[2019-01-29 13:39:45] name.WARNING: Array [] []
[2019-01-29 13:39:45] name.WARNING: {"total_count":12467,"incomplete_results":false,"items":[{"id":58605580,"node_id":"MDEwOlJlcG9zaXRvcnk1ODYwNTU4MA==","name":"why-did-you-update","full_name":"garbles\/why-did-you-update","private":false,"owner":{"login":"garbles","id":1139884,"node_id":"MDQ6VXNlcjExMzk4ODQ=","avatar_url":"https:\/\/avatars1.githubusercontent.com\/u\/1139884?v=4","gravatar_id":"","url":"https:\/\/api.github.com\/users\/garbles","html_url":"https:\/\/github.com\/garbles","followers_url":"https:\/\/api.github.com\/users\/garbles\/followers","following_url":"https:\/\/api.github.com\/users\/garbles\/following{\/other_user}","gists_url":"https:\/\/api.github.com\/users\/garbles\/gists{\/gist_id}","starred_url":"https:\/\/api.github.com\/users\/garbles\/starred{\/owner}{\/repo}","subscriptions_url":"https:\/\/api.github.com\/users\/garbles\/subscriptions","organizations_url":"https:\/\/api.github.com\/users\/garbles\/orgs","repos_url":"https:\/\/api.github.com\/users\/garbles\/repos","events_url":"https:\/\/api.github.com\/users\/garbles\/events{\/privacy}","received_events_url":"https:\/\/api.github.com\/users\/garbles\/received_events","type":"User","site_admin":false},"html_url":"https:\/\/github.com\/garbles\/why-did-you-update","description":":boom: Puts your console on blast when React is making unnecessary updates.","fork":false,"url":"https:\/\/api.github.com\/repos\/garbles\/why-did-you-update","forks_url":"https:\/\/api.github.com\/repos\/garbles\/why-did-you-update\/forks","keys_url":"https:\/\/api.github.com\/repos\/garbles\/why-did-you-update\/keys{\/key_id}","collaborators_url":"https:\/\/api.github.com\/repos\/garbles\/why-did-you-update\/collaborators{\/collaborator}","teams_url":"https:\/\/api.github.com\/repos\/garbles\/why-did-you-update\/teams","hooks_url":"https:\/\/api.github.com\/repos\/garbles\/why-did-you-update\/hooks","issue_events_url":"https:\/\/api.github.com\/repos\/garbles\/why-did-you-update\/issues\/events{\/number}","events_url":"https:\/\/api.github.com\/repos\/garbles\/why-did-you-update\/events","assignees_url":"https:\/\/api.github.com\/repos\/garbles\/why-did-you-update\/assignees{\/user}","branches_url":"https:\/\/api.github.com\/repos\/garbles\/why-did-you-update\/branches{\/branch}","tags_url":"https:\/\/api.github.com\/repos\/garbles\/why-did-you-update\/tags","blobs_url":"https:\/\/api.github.com\/repos\/garbles\/why-did-you-update\/git\/blobs{\/sha}","git_tags_url":"https:\/\/api.github.com\/repos\/garbles\/why-did-you-update\/git\/tags{\/sha}","git_refs_url":"https:\/\/api.github.com\/repos\/garbles\/why-did-you-update\/git\/refs{\/sha}","trees_url":"https:\/\/api.github.com\/repos\/garbles\/why-did-you-update\/git\/trees{\/sha}","statuses_url":"https:\/\/api.github.com\/repos\/garbles\/why-did-you-update\/statuses\/{sha}","languages_url":"https:\/\/api.github.com\/repos\/garbles\/why-did-you-update\/languages","stargazers_url":"https:\/\/api.github.com\/repos\/garbles\/why-did-you-update\/stargazers","contributors_url":"https:\/\/api.github.com\/repos\/garbles\/why-did-you-update\/contributors","subscribers_url":"https:\/\/api.github.com\/repos\/garbles\/why-did-you-update\/subscribers","subscription_url":"https:\/\/api.github.com\/repos\/garbles\/why-did-you-update\/subscription","commits_url":"https:\/\/api.github.com\/repos\/garbles\/why-did-you-update\/commits{\/sha}","git_commits_url":"https:\/\/api.github.com\/repos\/garbles\/why-did-you-update\/git\/commits{\/sha}","comments_url":"https:\/\/api.github.com\/repos\/garbles\/why-did-you-update\/comments{\/number}","issue_comment_url":"https:\/\/api.github.com\/repos\/garbles\/why-did-you-update\/issues\/comments{\/number}","contents_url":"https:\/\/api.github.com\/repos\/garbles\/why-did-you-update\/contents\/{+path}","compare_url":"https:\/\/api.github.com\/repos\/garbles\/why-did-you-update\/compare\/{base}...{head}","merges_url":"https:\/\/api.github.com\/repos\/garbles\/why-did-you-update\/merges","archive_url":"https:\/\/api.github.com\/repos\/garbles\/why-did-you-update\/{archive_format}{\/ref}","downloads_url":"https:\/\/api.github.com\/repos\/garbles\/why-did-you-update\/downloads","issues_url":"https:\/\/api.github.com\/repos\/garbles\/why-did-you-update\/issues{\/number}","pulls_url":"https:\/\/api.github.com\/repos\/garbles\/why-did-you-update\/pulls{\/number}","milestones_url":"https:\/\/api.github.com\/repos\/garbles\/why-did-you-update\/milestones{\/number}","notifications_url":"https:\/\/api.github.com\/repos\/garbles\/why-did-you-update\/notifications{?since,all,participating}","labels_url":"https:\/\/api.github.com\/repos\/garbles\/why-did-you-update\/labels{\/name}","releases_url":"https:\/\/api.github.com\/repos\/garbles\/why-did-you-update\/releases{\/id}","deployments_url":"https:\/\/api.github.com\/repos\/garbles\/why-did-you-update\/deployments","created_at":"2016-05-12T03:49:06Z","updated_at":"2019-01-28T21:53:29Z","pushed_at":"2017-09-23T05:54:19Z","git_url":"git:\/\/github.com\/garbles\/why-did-you-update.git","ssh_url":"git@github.com:garbles\/why-did-you-update.git","clone_url":"https:\/\/github.com\/garbles\/why-did-you-update.git","svn_url":"https:\/\/github.com\/garbles\/why-did-you-update","homepage":null,"size":29,"stargazers_count":5177,"watchers_count":5177,"language":"JavaScript","has_issues":true,"has_projects":true,"has_downloads":true,"has_wiki":true,"has_pages":false,"forks_count":112,"mirror_url":null,"archived":true,"open_issues_count":28,"license":null,"forks":112,"open_issues":28,"watchers":5177,"default_branch":"master","score":102.164505},{"id":97779740,"node_id":"MDEwOlJlcG9zaXRvcnk5Nzc3OTc0MA==","name":"why-did-you-update","full_name":"maicki\/why-did-you-update","private":false,"owner":{"login":"maicki","id":25288,"node_id":"MDQ6VXNlcjI1Mjg4","avatar_url":"https:\/\/avatars1.githubusercontent.com\/u\/25288?v=4","gravatar_id":"","url":"https:\/\/api.github.com\/users\/maicki","html_url":"https:\/\/github.com\/maicki","followers_url":"https:\/\/api.github.com\/users\/maicki\/followers","following_url":"https:\/\/api.github.com\/users\/maicki\/following{\/other_user}","gists_url":"https:\/\/api.github.com\/users\/maicki\/gists{\/gist_id}","starred_url":"https:\/\/api.github.com\/users\/maicki\/starred{\/owner}{\/repo}","subscriptions_url":"https:\/\/api.github.com\/users\/maicki\/subscriptions","organizations_url":"https:\/\/api.github.com\/users\/maicki\/orgs","repos_url":"https:\/\/api.github.com\/users\/maicki\/repos","events_url":"https:\/\/api.github.com\/users\/maicki\/events{\/privacy}","received_events_url":"https:\/\/api.github.com\/users\/maicki\/received_events","type":"User","site_admin":false},"html_url":"https:\/\/github.com\/maicki\/why-did-you-update","description":":boom: Puts your console on blast when React is making unnecessary updates.","fork":false,"url":"https:\/\/api.github.com\/repos\/maicki\/why-did-you-update","forks_url":"https:\/\/api.github.com\/repos\/maicki\/why-did-you-update\/forks","keys_url":"https:\/\/api.github.com\/repos\/maicki\/why-did-you-update\/keys{\/key_id}","collaborators_url":"https:\/\/api.github.com\/repos\/maicki\/why-did-you-update\/collaborators{\/collaborator}","teams_url":"https:\/\/api.github.com\/repos\/maicki\/why-did-you-update\/teams","hooks_url":"https:\/\/api.github.com\/repos\/maicki\/why-did-you-update\/hooks","issue_events_url":"https:\/\/api.github.com\/repos\/maicki\/why-did-you-update\/issues\/events{\/number}","events_url":"https:\/\/api.github.com\/repos\/maicki\/why-did-you-update\/events","assignees_url":"https:\/\/api.github.com\/repos\/maicki\/why-did-you-update\/assignees{\/user}","branches_url":"https:\/\/api.github.com\/repos\/maicki\/why-did-you-update\/branches{\/branch}","tags_url":"https:\/\/api.github.com\/repos\/maicki\/why-did-you-update\/tags","blobs_url":"https:\/\/api.github.com\/repos\/maicki\/why-did-you-update\/git\/blobs{\/sha}","git_tags_url":"https:\/\/api.github.com\/repos\/maicki\/why-did-you-update\/git\/tags{\/sha}","git_refs_url":"https:\/\/api.github.com\/repos\/maicki\/why-did-you-update\/git\/refs{\/sha}","trees_url":"https:\/\/api.github.com\/repos\/maicki\/why-did-you-update\/git\/trees{\/sha}","statuses_url":"https:\/\/api.github.com\/repos\/maicki\/why-did-you-update\/statuses\/{sha}","languages_url":"https:\/\/api.github.com\/repos\/maicki\/why-did-you-update\/languages","stargazers_url":"https:\/\/api.github.com\/repos\/maicki\/why-did-you-update\/stargazers","contributors_url":"https:\/\/api.github.com\/repos\/maicki\/why-did-you-update\/contributors","subscribers_url":"https:\/\/api.github.com\/repos\/maicki\/why-did-you-update\/subscribers","subscription_url":"https:\/\/api.github.com\/repos\/maicki\/why-did-you-update\/subscription","commits_url":"https:\/\/api.github.com\/repos\/maicki\/why-did-you-update\/commits{\/sha}","git_commits_url":"https:\/\/api.github.com\/repos\/maicki\/why-did-you-update\/git\/commits{\/sha}","comments_url":"https:\/\/api.github.com\/repos\/maicki\/why-did-you-update\/comments{\/number}","issue_comment_url":"https:\/\/api.github.com\/repos\/maicki\/why-did-you-update\/issues\/comments{\/number}","contents_url":"https:\/\/api.github.com\/repos\/maicki\/why-did-you-update\/contents\/{+path}","compare_url":"https:\/\/api.github.com\/repos\/maicki\/why-did-you-update\/compare\/{base}...{head}","merges_url":"https:\/\/api.github.com\/repos\/maicki\/why-did-you-update\/merges","archive_url":"https:\/\/api.github.com\/repos\/maicki\/why-did-you-update\/{archive_format}{\/ref}","downloads_url":"https:\/\/api.github.com\/repos\/maicki\/why-did-you-update\/downloads","issues_url":"https:\/\/api.github.com\/repos\/maicki\/why-did-you-update\/issues{\/number}","pulls_url":"https:\/\/api.github.com\/repos\/maicki\/why-did-you-update\/pulls{\/number}","milestones_url":"https:\/\/api.github.com\/repos\/maicki\/why-did-you-update\/milestones{\/number}","notifications_url":"https:\/\/api.github.com\/repos\/maicki\/why-did-you-update\/notifications{?since,all,participating}","labels_url":"https:\/\/api.github.com\/repos\/maicki\/why-did-you-update\/labels{\/name}","releases_url":"https:\/\/api.github.com\/repos\/maicki\/why-did-you-update\/releases{\/id}","deployments_url":"https:\/\/api.github.com\/repos\/maicki\/why-did-you-update\/deployments","created_at":"2017-07-20T02:06:12Z","updated_at":"2019-01-29T05:37:27Z","pushed_at":"2018-12-13T16:41:38Z","git_url":"git:\/\/github.com\/maicki\/why-did-you-update.git","ssh_url":"git@github.com:maicki\/why-did-you-update.git","clone_url":"https:\/\/github.com\/maicki\/why-did-you-update.git","svn_url":"https:\/\/github.com\/maicki\/why-did-you-update","homepage":null,"size":1349,"stargazers_count":3040,"watchers_count":3040,"language":"JavaScript","has_issues":true,"has_projects":true,"has_downloads":true,"has_wiki":true,"has_pages":false,"forks_count":89,"mirror_url":null,"archived":false,"open_issues_count":4,"license":{"key":"mit","name":"MIT License","spdx_id":"MIT","url":"https:\/\/api.github.com\/licenses\/mit","node_id":"MDc6TGljZW5zZTEz"},"forks":89,"open_issues":4,"watchers":3040,"default_branch":"master","score":97.46462},{"id":47007090,"node_id":"MDEwOlJlcG9zaXRvcnk0NzAwNzA5MA==","name":"react-native-nba-app","full_name":"wwayne\/react-native-nba-app","private":false,"owner":{"login":"wwayne","id":5305874,"node_id":"MDQ6VXNlcjUzMDU4NzQ=","avatar_url":"https:\/\/avatars1.githubusercontent.com\/u\/5305874?v=4","gravatar_id":"","url":"https:\/\/api.github.com\/users\/wwayne","html_url":"https:\/\/github.com\/wwayne","followers_url":"https:\/\/api.github.com\/users\/wwayne\/followers","following_url":"https:\/\/api.github.com\/users\/wwayne\/following{\/other_user}","gists_url":"https:\/\/api.github.com\/users\/wwayne\/gists{\/gist_id}","starred_url":"https:\/\/api.github.com\/users\/wwayne\/starred{\/owner}{\/repo}","subscriptions_url":"https:\/\/api.github.com\/users\/wwayne\/subscriptions","organizations_url":"https:\/\/api.github.com\/users\/wwayne\/orgs","repos_url":"https:\/\/api.github.com\/users\/wwayne\/repos","events_url":"https:\/\/api.github.com\/users\/wwayne\/events{\/privacy}","received_events_url":"https:\/\/api.github.com\/users\/wwayne\/received_events","type":"User","site_admin":false},"html_url":"https:\/\/github.com\/wwayne\/react-native-nba-app","description":"This is why we play","fork":false,"url":"https:\/\/api.github.com\/repos\/wwayne\/react-native-nba-app","forks_url":"https:\/\/api.github.com\/repos\/wwayne\/react-native-nba-app\/forks","keys_url":"https:\/\/api.github.com\/repos\/wwayne\/react-native-nba-app\/keys{\/key_id}","collaborators_url":"https:\/\/api.github.com\/repos\/wwayne\/react-native-nba-app\/collaborators{\/collaborator}","teams_url":"https:\/\/api.github.com\/repos\/wwayne\/react-native-nba-app\/teams","hooks_url":"https:\/\/api.github.com\/repos\/wwayne\/react-native-nba-app\/hooks","issue_events_url":"https:\/\/api.github.com\/repos\/wwayne\/react-native-nba-app\/issues\/events{\/number}","events_url":"https:\/\/api.github.com\/repos\/wwayne\/react-native-nba-app\/events","assignees_url":"https:\/\/api.github.com\/repos\/wwayne\/react-native-nba-app\/assignees{\/user}","branches_url":"https:\/\/api.github.com\/repos\/wwayne\/react-native-nba-app\/branches{\/branch}","tags_url":"https:\/\/api.github.com\/repos\/wwayne\/react-native-nba-app\/tags","blobs_url":"https:\/\/api.github.com\/repos\/wwayne\/react-native-nba-app\/git\/blobs{\/sha}","git_tags_url":"https:\/\/api.github.com\/repos\/wwayne\/react-native-nba-app\/git\/tags{\/sha}","git_refs_url":"https:\/\/api.github.com\/repos\/wwayne\/react-native-nba-app\/git\/refs{\/sha}","trees_url":"https:\/\/api.github.com\/repos\/wwayne\/react-native-nba-app\/git\/trees{\/sha}","statuses_url":"https:\/\/api.github.com\/repos\/wwayne\/react-native-nba-app\/statuses\/{sha}","languages_url":"https:\/\/api.github.com\/repos\/wwayne\/react-native-nba-app\/languages","stargazers_url":"https:\/\/api.github.com\/repos\/wwayne\/react-native-nba-app\/stargazers","contributors_url":"https:\/\/api.github.com\/repos\/wwayne\/react-native-nba-app\/contributors","subscribers_url":"https:\/\/api.github.com\/repos\/wwayne\/react-native-nba-app\/subscribers","subscription_url":"https:\/\/api.github.com\/repos\/wwayne\/react-native-nba-app\/subscription","commits_url":"https:\/\/api.github.com\/repos\/wwayne\/react-native-nba-app\/commits{\/sha}","git_commits_url":"https:\/\/api.github.com\/repos\/wwayne\/react-native-nba-app\/git\/commits{\/sha}","comments_url":"https:\/\/api.github.com\/repos\/wwayne\/react-native-nba-app\/comments{\/number}","issue_comment_url":"https:\/\/api.github.com\/repos\/wwayne\/react-native-nba-app\/issues\/comments{\/number}","contents_url":"https:\/\/api.github.com\/repos\/wwayne\/react-native-nba-app\/contents\/{+path}","compare_url":"https:\/\/api.github.com\/repos\/wwayne\/react-native-nba-app\/compare\/{base}...{head}","merges_url":"https:\/\/api.github.com\/repos\/wwayne\/react-native-nba-app\/merges","archive_url":"https:\/\/api.github.com\/repos\/wwayne\/react-native-nba-app\/{archive_format}{\/ref}","downloads_url":"https:\/\/api.github.com\/repos\/wwayne\/react-native-nba-app\/downloads","issues_url":"https:\/\/api.github.com\/repos\/wwayne\/react-native-nba-app\/issues{\/number}","pulls_url":"https:\/\/api.github.com\/repos\/wwayne\/react-native-nba-app\/pulls{\/number}","milestones_url":"https:\/\/api.github.com\/repos\/wwayne\/react-native-nba-app\/milestones{\/number}","notifications_url":"https:\/\/api.github.com\/repos\/wwayne\/react-native-nba-app\/notifications{?since,all,participating}","labels_url":"https:\/\/api.github.com\/repos\/wwayne\/react-native-nba-app\/labels{\/name}","releases_url":"https:\/\/api.github.com\/repos\/wwayne\/react-native-nba-app\/releases{\/id}","deployments_url":"https:\/\/api.github.com\/repos\/wwayne\/react-native-nba-app\/deployments","created_at":"2015-11-28T02:30:45Z","updated_at":"2019-01-29T06:24:22Z","pushed_at":"2017-02-07T17:42:38Z","git_url":"git:\/\/github.com\/wwayne\/react-native-nba-app.git","ssh_url":"git@github.com:wwayne\/react-native-nba-app.git","clone_url":"https:\/\/github.com\/wwayne\/react-native-nba-app.git","svn_url":"https:\/\/github.com\/wwayne\/react-native-nba-app","homepage":"","size":2796,"stargazers_count":2073,"watchers_count":2073,"language":"Objective-C","has_issues":true,"has_projects":true,"has_downloads":true,"has_wiki":true,"has_pages":false,"forks_count":480,"mirror_url":null,"archived":false,"open_issues_count":8,"license":{"key":"mit","name":"MIT License","spdx_id":"MIT","url":"https:\/\/api.github.com\/licenses\/mit","node_id":"MDc6TGljZW5zZTEz"},"forks":480,"open_issues":8,"watchers":2073,"default_branch":"master","score":110.82934},{"id":17720394,"node_id":"MDEwOlJlcG9zaXRvcnkxNzcyMDM5NA==","name":"pyinstrument","full_name":"joerick\/pyinstrument","private":false,"owner":{"login":"joerick","id":1244307,"node_id":"MDQ6VXNlcjEyNDQzMDc=","avatar_url":"https:\/\/avatars1.githubusercontent.com\/u\/1244307?v=4","gravatar_id":"","url":"https:\/\/api.github.com\/users\/joerick","html_url":"https:\/\/github.com\/joerick","followers_url":"https:\/\/api.github.com\/users\/joerick\/followers","following_url":"https:\/\/api.github.com\/users\/joerick\/following{\/other_user}","gists_url":"https:\/\/api.github.com\/users\/joerick\/gists{\/gist_id}","starred_url":"https:\/\/api.github.com\/users\/joerick\/starred{\/owner}{\/repo}","subscriptions_url":"https:\/\/api.github.com\/users\/joerick\/subscriptions","organizations_url":"https:\/\/api.github.com\/users\/joerick\/orgs","repos_url":"https:\/\/api.github.com\/users\/joerick\/repos","events_url":"https:\/\/api.github.com\/users\/joerick\/events{\/privacy}","received_events_url":"https:\/\/api.github.com\/users\/joerick\/received_events","type":"User","site_admin":false},"html_url":"https:\/\/github.com\/joerick\/pyinstrument","description":"\ud83d\udeb4 Call stack profiler for Python. Shows you why your code is slow!","fork":false,"url":"https:\/\/api.github.com\/repos\/joerick\/pyinstrument","forks_url":"https:\/\/api.github.com\/repos\/joerick\/pyinstrument\/forks","keys_url":"https:\/\/api.github.com\/repos\/joerick\/pyinstrument\/keys{\/key_id}","collaborators_url":"https:\/\/api.github.com\/repos\/joerick\/pyinstrument\/collaborators{\/collaborator}","teams_url":"https:\/\/api.github.com\/repos\/joerick\/pyinstrument\/teams","hooks_url":"https:\/\/api.github.com\/repos\/joerick\/pyinstrument\/hooks","issue_events_url":"https:\/\/api.github.com\/repos\/joerick\/pyinstrument\/issues\/events{\/number}","events_url":"https:\/\/api.github.com\/repos\/joerick\/pyinstrument\/events","assignees_url":"https:\/\/api.github.com\/repos\/joerick\/pyinstrument\/assignees{\/user}","branches_url":"https:\/\/api.github.com\/repos\/joerick\/pyinstrument\/branches{\/branch}","tags_url":"https:\/\/api.github.com\/repos\/joerick\/pyinstrument\/tags","blobs_url":"https:\/\/api.github.com\/repos\/joerick\/pyinstrument\/git\/blobs{\/sha}","git_tags_url":"https:\/\/api.github.com\/repos\/joerick\/pyinstrument\/git\/tags{\/sha}","git_refs_url":"https:\/\/api.github.com\/repos\/joerick\/pyinstrument\/git\/refs{\/sha}","trees_url":"https:\/\/api.github.com\/repos\/joerick\/pyinstrument\/git\/trees{\/sha}","statuses_url":"https:\/\/api.github.com\/repos\/joerick\/pyinstrument\/statuses\/{sha}","languages_url":"https:\/\/api.github.com\/repos\/joerick\/pyinstrument\/languages","stargazers_url":"https:\/\/api.github.com\/repos\/joerick\/pyinstrument\/stargazers","contributors_url":"https:\/\/api.github.com\/repos\/joerick\/pyinstrument\/contributors","subscribers_url":"https:\/\/api.github.com\/repos\/joerick\/pyinstrument\/subscribers","subscription_url":"https:\/\/api.github.com\/repos\/joerick\/pyinstrument\/subscription","commits_url":"https:\/\/api.github.com\/repos\/joerick\/pyinstrument\/commits{\/sha}","git_commits_url":"https:\/\/api.github.com\/repos\/joerick\/pyinstrument\/git\/commits{\/sha}","comments_url":"https:\/\/api.github.com\/repos\/joerick\/pyinstrument\/comments{\/number}","issue_comment_url":"https:\/\/api.github.com\/repos\/joerick\/pyinstrument\/issues\/comments{\/number}","contents_url":"https:\/\/api.github.com\/repos\/joerick\/pyinstrument\/contents\/{+path}","compare_url":"https:\/\/api.github.com\/repos\/joerick\/pyinstrument\/compare\/{base}...{head}","merges_url":"https:\/\/api.github.com\/repos\/joerick\/pyinstrument\/merges","archive_url":"https:\/\/api.github.com\/repos\/joerick\/pyinstrument\/{archive_format}{\/ref}","downloads_url":"https:\/\/api.github.com\/repos\/joerick\/pyinstrument\/downloads","issues_url":"https:\/\/api.github.com\/repos\/joerick\/pyinstrument\/issues{\/number}","pulls_url":"https:\/\/api.github.com\/repos\/joerick\/pyinstrument\/pulls{\/number}","milestones_url":"https:\/\/api.github.com\/repos\/joerick\/pyinstrument\/milestones{\/number}","notifications_url":"https:\/\/api.github.com\/repos\/joerick\/pyinstrument\/notifications{?since,all,participating}","labels_url":"https:\/\/api.github.com\/repos\/joerick\/pyinstrument\/labels{\/name}","releases_url":"https:\/\/api.github.com\/repos\/joerick\/pyinstrument\/releases{\/id}","deployments_url":"https:\/\/api.github.com\/repos\/joerick\/pyinstrument\/deployments","created_at":"2014-03-13T17:53:13Z","updated_at":"2019-01-27T14:58:45Z","pushed_at":"2019-01-15T13:57:27Z","git_url":"git:\/\/github.com\/joerick\/pyinstrument.git","ssh_url":"git@github.com:joerick\/pyinstrument.git","clone_url":"https:\/\/github.com\/joerick\/pyinstrument.git","svn_url":"https:\/\/github.com\/joerick\/pyinstrument","homepage":"","size":1949,"stargazers_count":1081,"watchers_count":1081,"language":"Python","has_issues":true,"has_projects":true,"has_downloads":true,"has_wiki":true,"has_pages":false,"forks_count":66,"mirror_url":null,"archived":false,"open_issues_count":5,"license":{"key":"bsd-3-clause","name":"BSD 3-Clause \"New\" or \"Revised\" License","spdx_id":"BSD-3-Clause","url":"https:\/\/api.github.com\/licenses\/bsd-3-clause","node_id":"MDc6TGljZW5zZTU="},"forks":66,"open_issues":5,"watchers":1081,"default_branch":"master","score":57.178486},{"id":51375640,"node_id":"MDEwOlJlcG9zaXRvcnk1MTM3NTY0MA==","name":"why-is-node-running","full_name":"mafintosh\/why-is-node-running","private":false,"owner":{"login":"mafintosh","id":376661,"node_id":"MDQ6VXNlcjM3NjY2MQ==","avatar_url":"https:\/\/avatars1.githubusercontent.com\/u\/376661?v=4","gravatar_id":"","url":"https:\/\/api.github.com\/users\/mafintosh","html_url":"https:\/\/github.com\/mafintosh","followers_url":"https:\/\/api.github.com\/users\/mafintosh\/followers","following_url":"https:\/\/api.github.com\/users\/mafintosh\/following{\/other_user}","gists_url":"https:\/\/api.github.com\/users\/mafintosh\/gists{\/gist_id}","starred_url":"https:\/\/api.github.com\/users\/mafintosh\/starred{\/owner}{\/repo}","subscriptions_url":"https:\/\/api.github.com\/users\/mafintosh\/subscriptions","organizations_url":"https:\/\/api.github.com\/users\/mafintosh\/orgs","repos_url":"https:\/\/api.github.com\/users\/mafintosh\/repos","events_url":"https:\/\/api.github.com\/users\/mafintosh\/events{\/privacy}","received_events_url":"https:\/\/api.github.com\/users\/mafintosh\/received_events","type":"User","site_admin":false},"html_url":"https:\/\/github.com\/mafintosh\/why-is-node-running","description":"Node is running but you don't know why? why-is-node-running is here to help you.","fork":false,"url":"https:\/\/api.github.com\/repos\/mafintosh\/why-is-node-running","forks_url":"https:\/\/api.github.com\/repos\/mafintosh\/why-is-node-running\/forks","keys_url":"https:\/\/api.github.com\/repos\/mafintosh\/why-is-node-running\/keys{\/key_id}","collaborators_url":"https:\/\/api.github.com\/repos\/mafintosh\/why-is-node-running\/collaborators{\/collaborator}","teams_url":"https:\/\/api.github.com\/repos\/mafintosh\/why-is-node-running\/teams","hooks_url":"https:\/\/api.github.com\/repos\/mafintosh\/why-is-node-running\/hooks","issue_events_url":"https:\/\/api.github.com\/repos\/mafintosh\/why-is-node-running\/issues\/events{\/number}","events_url":"https:\/\/api.github.com\/repos\/mafintosh\/why-is-node-running\/events","assignees_url":"https:\/\/api.github.com\/repos\/mafintosh\/why-is-node-running\/assignees{\/user}","branches_url":"https:\/\/api.github.com\/repos\/mafintosh\/why-is-node-running\/branches{\/branch}","tags_url":"https:\/\/api.github.com\/repos\/mafintosh\/why-is-node-running\/tags","blobs_url":"https:\/\/api.github.com\/repos\/mafintosh\/why-is-node-running\/git\/blobs{\/sha}","git_tags_url":"https:\/\/api.github.com\/repos\/mafintosh\/why-is-node-running\/git\/tags{\/sha}","git_refs_url":"https:\/\/api.github.com\/repos\/mafintosh\/why-is-node-running\/git\/refs{\/sha}","trees_url":"https:\/\/api.github.com\/repos\/mafintosh\/why-is-node-running\/git\/trees{\/sha}","statuses_url":"https:\/\/api.github.com\/repos\/mafintosh\/why-is-node-running\/statuses\/{sha}","languages_url":"https:\/\/api.github.com\/repos\/mafintosh\/why-is-node-running\/languages","stargazers_url":"https:\/\/api.github.com\/repos\/mafintosh\/why-is-node-running\/stargazers","contributors_url":"https:\/\/api.github.com\/repos\/mafintosh\/why-is-node-running\/contributors","subscribers_url":"https:\/\/api.github.com\/repos\/mafintosh\/why-is-node-running\/subscribers","subscription_url":"https:\/\/api.github.com\/repos\/mafintosh\/why-is-node-running\/subscription","commits_url":"https:\/\/api.github.com\/repos\/mafintosh\/why-is-node-running\/commits{\/sha}","git_commits_url":"https:\/\/api.github.com\/repos\/mafintosh\/why-is-node-running\/git\/commits{\/sha}","comments_url":"https:\/\/api.github.com\/repos\/mafintosh\/why-is-node-running\/comments{\/number}","issue_comment_url":"https:\/\/api.github.com\/repos\/mafintosh\/why-is-node-running\/issues\/comments{\/number}","contents_url":"https:\/\/api.github.com\/repos\/mafintosh\/why-is-node-running\/contents\/{+path}","compare_url":"https:\/\/api.github.com\/repos\/mafintosh\/why-is-node-running\/compare\/{base}...{head}","merges_url":"https:\/\/api.github.com\/repos\/mafintosh\/why-is-node-running\/merges","archive_url":"https:\/\/api.github.com\/repos\/mafintosh\/why-is-node-running\/{archive_format}{\/ref}","downloads_url":"https:\/\/api.github.com\/repos\/mafintosh\/why-is-node-running\/downloads","issues_url":"https:\/\/api.github.com\/repos\/mafintosh\/why-is-node-running\/issues{\/number}","pulls_url":"https:\/\/api.github.com\/repos\/mafintosh\/why-is-node-running\/pulls{\/number}","milestones_url":"https:\/\/api.github.com\/repos\/mafintosh\/why-is-node-running\/milestones{\/number}","notifications_url":"https:\/\/api.github.com\/repos\/mafintosh\/why-is-node-running\/notifications{?since,all,participating}","labels_url":"https:\/\/api.github.com\/repos\/mafintosh\/why-is-node-running\/labels{\/name}","releases_url":"https:\/\/api.github.com\/repos\/mafintosh\/why-is-node-running\/releases{\/id}","deployments_url":"https:\/\/api.github.com\/repos\/mafintosh\/why-is-node-running\/deployments","created_at":"2016-02-09T15:29:28Z","updated_at":"2019-01-27T07:40:29Z","pushed_at":"2018-10-26T08:54:53Z","git_url":"git:\/\/github.com\/mafintosh\/why-is-node-running.git","ssh_url":"git@github.com:mafintosh\/why-is-node-running.git","clone_url":"https:\/\/github.com\/mafintosh\/why-is-node-running.git","svn_url":"https:\/\/github.com\/mafintosh\/why-is-node-running","homepage":null,"size":18,"stargazers_count":873,"watchers_count":873,"language":"JavaScript","has_issues":true,"has_projects":true,"has_downloads":true,"has_wiki":true,"has_pages":false,"forks_count":32,"mirror_url":null,"archived":false,"open_issues_count":12,"license":{"key":"mit","name":"MIT License","spdx_id":"MIT","url":"https:\/\/api.github.com\/licenses\/mit","node_id":"MDc6TGljZW5zZTEz"},"forks":32,"open_issues":12,"watchers":873,"default_branch":"master","score":80.29875},{"id":103874950,"node_id":"MDEwOlJlcG9zaXRvcnkxMDM4NzQ5NTA=","name":"bashful","full_name":"wagoodman\/bashful","private":false,"owner":{"login":"wagoodman","id":590471,"node_id":"MDQ6VXNlcjU5MDQ3MQ==","avatar_url":"https:\/\/avatars3.githubusercontent.com\/u\/590471?v=4","gravatar_id":"","url":"https:\/\/api.github.com\/users\/wagoodman","html_url":"https:\/\/github.com\/wagoodman","followers_url":"https:\/\/api.github.com\/users\/wagoodman\/followers","following_url":"https:\/\/api.github.com\/users\/wagoodman\/following{\/other_user}","gists_url":"https:\/\/api.github.com\/users\/wagoodman\/gists{\/gist_id}","starred_url":"https:\/\/api.github.com\/users\/wagoodman\/starred{\/owner}{\/repo}","subscriptions_url":"https:\/\/api.github.com\/users\/wagoodman\/subscriptions","organizations_url":"https:\/\/api.github.com\/users\/wagoodman\/orgs","repos_url":"https:\/\/api.github.com\/users\/wagoodman\/repos","events_url":"https:\/\/api.github.com\/users\/wagoodman\/events{\/privacy}","received_events_url":"https:\/\/api.github.com\/users\/wagoodman\/received_events","type":"User","site_admin":false},"html_url":"https:\/\/github.com\/wagoodman\/bashful","description":"Use a yaml file to stitch together commands and bash snippits and run them with a bit of style.  Why? Because your bash script should be quiet and shy-like (...and not such a loud mouth). ","fork":false,"url":"https:\/\/api.github.com\/repos\/wagoodman\/bashful","forks_url":"https:\/\/api.github.com\/repos\/wagoodman\/bashful\/forks","keys_url":"https:\/\/api.github.com\/repos\/wagoodman\/bashful\/keys{\/key_id}","collaborators_url":"https:\/\/api.github.com\/repos\/wagoodman\/bashful\/collaborators{\/collaborator}","teams_url":"https:\/\/api.github.com\/repos\/wagoodman\/bashful\/teams","hooks_url":"https:\/\/api.github.com\/repos\/wagoodman\/bashful\/hooks","issue_events_url":"https:\/\/api.github.com\/repos\/wagoodman\/bashful\/issues\/events{\/number}","events_url":"https:\/\/api.github.com\/repos\/wagoodman\/bashful\/events","assignees_url":"https:\/\/api.github.com\/repos\/wagoodman\/bashful\/assignees{\/user}","branches_url":"https:\/\/api.github.com\/repos\/wagoodman\/bashful\/branches{\/branch}","tags_url":"https:\/\/api.github.com\/repos\/wagoodman\/bashful\/tags","blobs_url":"https:\/\/api.github.com\/repos\/wagoodman\/bashful\/git\/blobs{\/sha}","git_tags_url":"https:\/\/api.github.com\/repos\/wagoodman\/bashful\/git\/tags{\/sha}","git_refs_url":"https:\/\/api.github.com\/repos\/wagoodman\/bashful\/git\/refs{\/sha}","trees_url":"https:\/\/api.github.com\/repos\/wagoodman\/bashful\/git\/trees{\/sha}","statuses_url":"https:\/\/api.github.com\/repos\/wagoodman\/bashful\/statuses\/{sha}","languages_url":"https:\/\/api.github.com\/repos\/wagoodman\/bashful\/languages","stargazers_url":"https:\/\/api.github.com\/repos\/wagoodman\/bashful\/stargazers","contributors_url":"https:\/\/api.github.com\/repos\/wagoodman\/bashful\/contributors","subscribers_url":"https:\/\/api.github.com\/repos\/wagoodman\/bashful\/subscribers","subscription_url":"https:\/\/api.github.com\/repos\/wagoodman\/bashful\/subscription","commits_url":"https:\/\/api.github.com\/repos\/wagoodman\/bashful\/commits{\/sha}","git_commits_url":"https:\/\/api.github.com\/repos\/wagoodman\/bashful\/git\/commits{\/sha}","comments_url":"https:\/\/api.github.com\/repos\/wagoodman\/bashful\/comments{\/number}","issue_comment_url":"https:\/\/api.github.com\/repos\/wagoodman\/bashful\/issues\/comments{\/number}","contents_url":"https:\/\/api.github.com\/repos\/wagoodman\/bashful\/contents\/{+path}","compare_url":"https:\/\/api.github.com\/repos\/wagoodman\/bashful\/compare\/{base}...{head}","merges_url":"https:\/\/api.github.com\/repos\/wagoodman\/bashful\/merges","archive_url":"https:\/\/api.github.com\/repos\/wagoodman\/bashful\/{archive_format}{\/ref}","downloads_url":"https:\/\/api.github.com\/repos\/wagoodman\/bashful\/downloads","issues_url":"https:\/\/api.github.com\/repos\/wagoodman\/bashful\/issues{\/number}","pulls_url":"https:\/\/api.github.com\/repos\/wagoodman\/bashful\/pulls{\/number}","milestones_url":"https:\/\/api.github.com\/repos\/wagoodman\/bashful\/milestones{\/number}","notifications_url":"https:\/\/api.github.com\/repos\/wagoodman\/bashful\/notifications{?since,all,participating}","labels_url":"https:\/\/api.github.com\/repos\/wagoodman\/bashful\/labels{\/name}","releases_url":"https:\/\/api.github.com\/repos\/wagoodman\/bashful\/releases{\/id}","deployments_url":"https:\/\/api.github.com\/repos\/wagoodman\/bashful\/deployments","created_at":"2017-09-18T01:04:55Z","updated_at":"2019-01-28T20:06:21Z","pushed_at":"2019-01-06T18:52:52Z","git_url":"git:\/\/github.com\/wagoodman\/bashful.git","ssh_url":"git@github.com:wagoodman\/bashful.git","clone_url":"https:\/\/github.com\/wagoodman\/bashful.git","svn_url":"https:\/\/github.com\/wagoodman\/bashful","homepage":"","size":4157,"stargazers_count":827,"watchers_count":827,"language":"Go","has_issues":true,"has_projects":true,"has_downloads":true,"has_wiki":true,"has_pages":false,"forks_count":24,"mirror_url":null,"archived":false,"open_issues_count":15,"license":{"key":"mit","name":"MIT License","spdx_id":"MIT","url":"https:\/\/api.github.com\/licenses\/mit","node_id":"MDc6TGljZW5zZTEz"},"forks":24,"open_issues":15,"watchers":827,"default_branch":"master","score":27.861225},{"id":100889899,"node_id":"MDEwOlJlcG9zaXRvcnkxMDA4ODk4OTk=","name":"wtfautolayout","full_name":"johnpatrickmorgan\/wtfautolayout","private":false,"owner":{"login":"johnpatrickmorgan","id":6318566,"node_id":"MDQ6VXNlcjYzMTg1NjY=","avatar_url":"https:\/\/avatars3.githubusercontent.com\/u\/6318566?v=4","gravatar_id":"","url":"https:\/\/api.github.com\/users\/johnpatrickmorgan","html_url":"https:\/\/github.com\/johnpatrickmorgan","followers_url":"https:\/\/api.github.com\/users\/johnpatrickmorgan\/followers","following_url":"https:\/\/api.github.com\/users\/johnpatrickmorgan\/following{\/other_user}","gists_url":"https:\/\/api.github.com\/users\/johnpatrickmorgan\/gists{\/gist_id}","starred_url":"https:\/\/api.github.com\/users\/johnpatrickmorgan\/starred{\/owner}{\/repo}","subscriptions_url":"https:\/\/api.github.com\/users\/johnpatrickmorgan\/subscriptions","organizations_url":"https:\/\/api.github.com\/users\/johnpatrickmorgan\/orgs","repos_url":"https:\/\/api.github.com\/users\/johnpatrickmorgan\/repos","events_url":"https:\/\/api.github.com\/users\/johnpatrickmorgan\/events{\/privacy}","received_events_url":"https:\/\/api.github.com\/users\/johnpatrickmorgan\/received_events","type":"User","site_admin":false},"html_url":"https:\/\/github.com\/johnpatrickmorgan\/wtfautolayout","description":"The source code for Why The Failure, Auto Layout?","fork":false,"url":"https:\/\/api.github.com\/repos\/johnpatrickmorgan\/wtfautolayout","forks_url":"https:\/\/api.github.com\/repos\/johnpatrickmorgan\/wtfautolayout\/forks","keys_url":"https:\/\/api.github.com\/repos\/johnpatrickmorgan\/wtfautolayout\/keys{\/key_id}","collaborators_url":"https:\/\/api.github.com\/repos\/johnpatrickmorgan\/wtfautolayout\/collaborators{\/collaborator}","teams_url":"https:\/\/api.github.com\/repos\/johnpatrickmorgan\/wtfautolayout\/teams","hooks_url":"https:\/\/api.github.com\/repos\/johnpatrickmorgan\/wtfautolayout\/hooks","issue_events_url":"https:\/\/api.github.com\/repos\/johnpatrickmorgan\/wtfautolayout\/issues\/events{\/number}","events_url":"https:\/\/api.github.com\/repos\/johnpatrickmorgan\/wtfautolayout\/events","assignees_url":"https:\/\/api.github.com\/repos\/johnpatrickmorgan\/wtfautolayout\/assignees{\/user}","branches_url":"https:\/\/api.github.com\/repos\/johnpatrickmorgan\/wtfautolayout\/branches{\/branch}","tags_url":"https:\/\/api.github.com\/repos\/johnpatrickmorgan\/wtfautolayout\/tags","blobs_url":"https:\/\/api.github.com\/repos\/johnpatrickmorgan\/wtfautolayout\/git\/blobs{\/sha}","git_tags_url":"https:\/\/api.github.com\/repos\/johnpatrickmorgan\/wtfautolayout\/git\/tags{\/sha}","git_refs_url":"https:\/\/api.github.com\/repos\/johnpatrickmorgan\/wtfautolayout\/git\/refs{\/sha}","trees_url":"https:\/\/api.github.com\/repos\/johnpatrickmorgan\/wtfautolayout\/git\/trees{\/sha}","statuses_url":"https:\/\/api.github.com\/repos\/johnpatrickmorgan\/wtfautolayout\/statuses\/{sha}","languages_url":"https:\/\/api.github.com\/repos\/johnpatrickmorgan\/wtfautolayout\/languages","stargazers_url":"https:\/\/api.github.com\/repos\/johnpatrickmorgan\/wtfautolayout\/stargazers","contributors_url":"https:\/\/api.github.com\/repos\/johnpatrickmorgan\/wtfautolayout\/contributors","subscribers_url":"https:\/\/api.github.com\/repos\/johnpatrickmorgan\/wtfautolayout\/subscribers","subscription_url":"https:\/\/api.github.com\/repos\/johnpatrickmorgan\/wtfautolayout\/subscription","commits_url":"https:\/\/api.github.com\/repos\/johnpatrickmorgan\/wtfautolayout\/commits{\/sha}","git_commits_url":"https:\/\/api.github.com\/repos\/johnpatrickmorgan\/wtfautolayout\/git\/commits{\/sha}","comments_url":"https:\/\/api.github.com\/repos\/johnpatrickmorgan\/wtfautolayout\/comments{\/number}","issue_comment_url":"https:\/\/api.github.com\/repos\/johnpatrickmorgan\/wtfautolayout\/issues\/comments{\/number}","contents_url":"https:\/\/api.github.com\/repos\/johnpatrickmorgan\/wtfautolayout\/contents\/{+path}","compare_url":"https:\/\/api.github.com\/repos\/johnpatrickmorgan\/wtfautolayout\/compare\/{base}...{head}","merges_url":"https:\/\/api.github.com\/repos\/johnpatrickmorgan\/wtfautolayout\/merges","archive_url":"https:\/\/api.github.com\/repos\/johnpatrickmorgan\/wtfautolayout\/{archive_format}{\/ref}","downloads_url":"https:\/\/api.github.com\/repos\/johnpatrickmorgan\/wtfautolayout\/downloads","issues_url":"https:\/\/api.github.com\/repos\/johnpatrickmorgan\/wtfautolayout\/issues{\/number}","pulls_url":"https:\/\/api.github.com\/repos\/johnpatrickmorgan\/wtfautolayout\/pulls{\/number}","milestones_url":"https:\/\/api.github.com\/repos\/johnpatrickmorgan\/wtfautolayout\/milestones{\/number}","notifications_url":"https:\/\/api.github.com\/repos\/johnpatrickmorgan\/wtfautolayout\/notifications{?since,all,participating}","labels_url":"https:\/\/api.github.com\/repos\/johnpatrickmorgan\/wtfautolayout\/labels{\/name}","releases_url":"https:\/\/api.github.com\/repos\/johnpatrickmorgan\/wtfautolayout\/releases{\/id}","deployments_url":"https:\/\/api.github.com\/repos\/johnpatrickmorgan\/wtfautolayout\/deployments","created_at":"2017-08-20T21:32:57Z","updated_at":"2019-01-28T12:46:45Z","pushed_at":"2019-01-24T23:44:25Z","git_url":"git:\/\/github.com\/johnpatrickmorgan\/wtfautolayout.git","ssh_url":"git@github.com:johnpatrickmorgan\/wtfautolayout.git","clone_url":"https:\/\/github.com\/johnpatrickmorgan\/wtfautolayout.git","svn_url":"https:\/\/github.com\/johnpatrickmorgan\/wtfautolayout","homepage":"https:\/\/www.wtfautolayout.com","size":347,"stargazers_count":674,"watchers_count":674,"language":"Swift","has_issues":true,"has_projects":true,"has_downloads":true,"has_wiki":true,"has_pages":false,"forks_count":15,"mirror_url":null,"archived":false,"open_issues_count":5,"license":{"key":"mit","name":"MIT License","spdx_id":"MIT","url":"https:\/\/api.github.com\/licenses\/mit","node_id":"MDc6TGljZW5zZTEz"},"forks":15,"open_issues":5,"watchers":674,"default_branch":"master","score":56.448322},{"id":28422398,"node_id":"MDEwOlJlcG9zaXRvcnkyODQyMjM5OA==","name":"react-router-flux-starter-kit","full_name":"przeor\/react-router-flux-starter-kit","private":false,"owner":{"login":"przeor","id":5995,"node_id":"MDQ6VXNlcjU5OTU=","avatar_url":"https:\/\/avatars2.githubusercontent.com\/u\/5995?v=4","gravatar_id":"","url":"https:\/\/api.github.com\/users\/przeor","html_url":"https:\/\/github.com\/przeor","followers_url":"https:\/\/api.github.com\/users\/przeor\/followers","following_url":"https:\/\/api.github.com\/users\/przeor\/following{\/other_user}","gists_url":"https:\/\/api.github.com\/users\/przeor\/gists{\/gist_id}","starred_url":"https:\/\/api.github.com\/users\/przeor\/starred{\/owner}{\/repo}","subscriptions_url":"https:\/\/api.github.com\/users\/przeor\/subscriptions","organizations_url":"https:\/\/api.github.com\/users\/przeor\/orgs","repos_url":"https:\/\/api.github.com\/users\/przeor\/repos","events_url":"https:\/\/api.github.com\/users\/przeor\/events{\/privacy}","received_events_url":"https:\/\/api.github.com\/users\/przeor\/received_events","type":"User","site_admin":false},"html_url":"https:\/\/github.com\/przeor\/react-router-flux-starter-kit","description":"Why & How to Learn React Redux, the right highly scalable way.","fork":false,"url":"https:\/\/api.github.com\/repos\/przeor\/react-router-flux-starter-kit","forks_url":"https:\/\/api.github.com\/repos\/przeor\/react-router-flux-starter-kit\/forks","keys_url":"https:\/\/api.github.com\/repos\/przeor\/react-router-flux-starter-kit\/keys{\/key_id}","collaborators_url":"https:\/\/api.github.com\/repos\/przeor\/react-router-flux-starter-kit\/collaborators{\/collaborator}","teams_url":"https:\/\/api.github.com\/repos\/przeor\/react-router-flux-starter-kit\/teams","hooks_url":"https:\/\/api.github.com\/repos\/przeor\/react-router-flux-starter-kit\/hooks","issue_events_url":"https:\/\/api.github.com\/repos\/przeor\/react-router-flux-starter-kit\/issues\/events{\/number}","events_url":"https:\/\/api.github.com\/repos\/przeor\/react-router-flux-starter-kit\/events","assignees_url":"https:\/\/api.github.com\/repos\/przeor\/react-router-flux-starter-kit\/assignees{\/user}","branches_url":"https:\/\/api.github.com\/repos\/przeor\/react-router-flux-starter-kit\/branches{\/branch}","tags_url":"https:\/\/api.github.com\/repos\/przeor\/react-router-flux-starter-kit\/tags","blobs_url":"https:\/\/api.github.com\/repos\/przeor\/react-router-flux-starter-kit\/git\/blobs{\/sha}","git_tags_url":"https:\/\/api.github.com\/repos\/przeor\/react-router-flux-starter-kit\/git\/tags{\/sha}","git_refs_url":"https:\/\/api.github.com\/repos\/przeor\/react-router-flux-starter-kit\/git\/refs{\/sha}","trees_url":"https:\/\/api.github.com\/repos\/przeor\/react-router-flux-starter-kit\/git\/trees{\/sha}","statuses_url":"https:\/\/api.github.com\/repos\/przeor\/react-router-flux-starter-kit\/statuses\/{sha}","languages_url":"https:\/\/api.github.com\/repos\/przeor\/react-router-flux-starter-kit\/languages","stargazers_url":"https:\/\/api.github.com\/repos\/przeor\/react-router-flux-starter-kit\/stargazers","contributors_url":"https:\/\/api.github.com\/repos\/przeor\/react-router-flux-starter-kit\/contributors","subscribers_url":"https:\/\/api.github.com\/repos\/przeor\/react-router-flux-starter-kit\/subscribers","subscription_url":"https:\/\/api.github.com\/repos\/przeor\/react-router-flux-starter-kit\/subscription","commits_url":"https:\/\/api.github.com\/repos\/przeor\/react-router-flux-starter-kit\/commits{\/sha}","git_commits_url":"https:\/\/api.github.com\/repos\/przeor\/react-router-flux-starter-kit\/git\/commits{\/sha}","comments_url":"https:\/\/api.github.com\/repos\/przeor\/react-router-flux-starter-kit\/comments{\/number}","issue_comment_url":"https:\/\/api.github.com\/repos\/przeor\/react-router-flux-starter-kit\/issues\/comments{\/number}","contents_url":"https:\/\/api.github.com\/repos\/przeor\/react-router-flux-starter-kit\/contents\/{+path}","compare_url":"https:\/\/api.github.com\/repos\/przeor\/react-router-flux-starter-kit\/compare\/{base}...{head}","merges_url":"https:\/\/api.github.com\/repos\/przeor\/react-router-flux-starter-kit\/merges","archive_url":"https:\/\/api.github.com\/repos\/przeor\/react-router-flux-starter-kit\/{archive_format}{\/ref}","downloads_url":"https:\/\/api.github.com\/repos\/przeor\/react-router-flux-starter-kit\/downloads","issues_url":"https:\/\/api.github.com\/repos\/przeor\/react-router-flux-starter-kit\/issues{\/number}","pulls_url":"https:\/\/api.github.com\/repos\/przeor\/react-router-flux-starter-kit\/pulls{\/number}","milestones_url":"https:\/\/api.github.com\/repos\/przeor\/react-router-flux-starter-kit\/milestones{\/number}","notifications_url":"https:\/\/api.github.com\/repos\/przeor\/react-router-flux-starter-kit\/notifications{?since,all,participating}","labels_url":"https:\/\/api.github.com\/repos\/przeor\/react-router-flux-starter-kit\/labels{\/name}","releases_url":"https:\/\/api.github.com\/repos\/przeor\/react-router-flux-starter-kit\/releases{\/id}","deployments_url":"https:\/\/api.github.com\/repos\/przeor\/react-router-flux-starter-kit\/deployments","created_at":"2014-12-23T22:19:47Z","updated_at":"2019-01-23T01:25:46Z","pushed_at":"2016-08-19T08:19:37Z","git_url":"git:\/\/github.com\/przeor\/react-router-flux-starter-kit.git","ssh_url":"git@github.com:przeor\/react-router-flux-starter-kit.git","clone_url":"https:\/\/github.com\/przeor\/react-router-flux-starter-kit.git","svn_url":"https:\/\/github.com\/przeor\/react-router-flux-starter-kit","homepage":"","size":4999,"stargazers_count":650,"watchers_count":650,"language":"JavaScript","has_issues":true,"has_projects":true,"has_downloads":true,"has_wiki":true,"has_pages":false,"forks_count":97,"mirror_url":null,"archived":false,"open_issues_count":5,"license":null,"forks":97,"open_issues":5,"watchers":650,"default_branch":"master","score":58.76947},{"id":282344,"node_id":"MDEwOlJlcG9zaXRvcnkyODIzNDQ=","name":"potion","full_name":"perl11\/potion","private":false,"owner":{"login":"perl11","id":2390370,"node_id":"MDEyOk9yZ2FuaXphdGlvbjIzOTAzNzA=","avatar_url":"https:\/\/avatars3.githubusercontent.com\/u\/2390370?v=4","gravatar_id":"","url":"https:\/\/api.github.com\/users\/perl11","html_url":"https:\/\/github.com\/perl11","followers_url":"https:\/\/api.github.com\/users\/perl11\/followers","following_url":"https:\/\/api.github.com\/users\/perl11\/following{\/other_user}","gists_url":"https:\/\/api.github.com\/users\/perl11\/gists{\/gist_id}","starred_url":"https:\/\/api.github.com\/users\/perl11\/starred{\/owner}{\/repo}","subscriptions_url":"https:\/\/api.github.com\/users\/perl11\/subscriptions","organizations_url":"https:\/\/api.github.com\/users\/perl11\/orgs","repos_url":"https:\/\/api.github.com\/users\/perl11\/repos","events_url":"https:\/\/api.github.com\/users\/perl11\/events{\/privacy}","received_events_url":"https:\/\/api.github.com\/users\/perl11\/received_events","type":"Organization","site_admin":false},"html_url":"https:\/\/github.com\/perl11\/potion","description":"_why the lucky stiff's little language (the official repo... until _why returns)","fork":false,"url":"https:\/\/api.github.com\/repos\/perl11\/potion","forks_url":"https:\/\/api.github.com\/repos\/perl11\/potion\/forks","keys_url":"https:\/\/api.github.com\/repos\/perl11\/potion\/keys{\/key_id}","collaborators_url":"https:\/\/api.github.com\/repos\/perl11\/potion\/collaborators{\/collaborator}","teams_url":"https:\/\/api.github.com\/repos\/perl11\/potion\/teams","hooks_url":"https:\/\/api.github.com\/repos\/perl11\/potion\/hooks","issue_events_url":"https:\/\/api.github.com\/repos\/perl11\/potion\/issues\/events{\/number}","events_url":"https:\/\/api.github.com\/repos\/perl11\/potion\/events","assignees_url":"https:\/\/api.github.com\/repos\/perl11\/potion\/assignees{\/user}","branches_url":"https:\/\/api.github.com\/repos\/perl11\/potion\/branches{\/branch}","tags_url":"https:\/\/api.github.com\/repos\/perl11\/potion\/tags","blobs_url":"https:\/\/api.github.com\/repos\/perl11\/potion\/git\/blobs{\/sha}","git_tags_url":"https:\/\/api.github.com\/repos\/perl11\/potion\/git\/tags{\/sha}","git_refs_url":"https:\/\/api.github.com\/repos\/perl11\/potion\/git\/refs{\/sha}","trees_url":"https:\/\/api.github.com\/repos\/perl11\/potion\/git\/trees{\/sha}","statuses_url":"https:\/\/api.github.com\/repos\/perl11\/potion\/statuses\/{sha}","languages_url":"https:\/\/api.github.com\/repos\/perl11\/potion\/languages","stargazers_url":"https:\/\/api.github.com\/repos\/perl11\/potion\/stargazers","contributors_url":"https:\/\/api.github.com\/repos\/perl11\/potion\/contributors","subscribers_url":"https:\/\/api.github.com\/repos\/perl11\/potion\/subscribers","subscription_url":"https:\/\/api.github.com\/repos\/perl11\/potion\/subscription","commits_url":"https:\/\/api.github.com\/repos\/perl11\/potion\/commits{\/sha}","git_commits_url":"https:\/\/api.github.com\/repos\/perl11\/potion\/git\/commits{\/sha}","comments_url":"https:\/\/api.github.com\/repos\/perl11\/potion\/comments{\/number}","issue_comment_url":"https:\/\/api.github.com\/repos\/perl11\/potion\/issues\/comments{\/number}","contents_url":"https:\/\/api.github.com\/repos\/perl11\/potion\/contents\/{+path}","compare_url":"https:\/\/api.github.com\/repos\/perl11\/potion\/compare\/{base}...{head}","merges_url":"https:\/\/api.github.com\/repos\/perl11\/potion\/merges","archive_url":"https:\/\/api.github.com\/repos\/perl11\/potion\/{archive_format}{\/ref}","downloads_url":"https:\/\/api.github.com\/repos\/perl11\/potion\/downloads","issues_url":"https:\/\/api.github.com\/repos\/perl11\/potion\/issues{\/number}","pulls_url":"https:\/\/api.github.com\/repos\/perl11\/potion\/pulls{\/number}","milestones_url":"https:\/\/api.github.com\/repos\/perl11\/potion\/milestones{\/number}","notifications_url":"https:\/\/api.github.com\/repos\/perl11\/potion\/notifications{?since,all,participating}","labels_url":"https:\/\/api.github.com\/repos\/perl11\/potion\/labels{\/name}","releases_url":"https:\/\/api.github.com\/repos\/perl11\/potion\/releases{\/id}","deployments_url":"https:\/\/api.github.com\/repos\/perl11\/potion\/deployments","created_at":"2009-08-19T20:06:21Z","updated_at":"2019-01-23T08:11:13Z","pushed_at":"2018-02-02T09:04:03Z","git_url":"git:\/\/github.com\/perl11\/potion.git","ssh_url":"git@github.com:perl11\/potion.git","clone_url":"https:\/\/github.com\/perl11\/potion.git","svn_url":"https:\/\/github.com\/perl11\/potion","homepage":"http:\/\/groups.google.com\/group\/potion-lang","size":4417,"stargazers_count":540,"watchers_count":540,"language":"C","has_issues":true,"has_projects":true,"has_downloads":true,"has_wiki":true,"has_pages":true,"forks_count":78,"mirror_url":null,"archived":false,"open_issues_count":19,"license":{"key":"other","name":"Other","spdx_id":"NOASSERTION","url":null,"node_id":"MDc6TGljZW5zZTA="},"forks":78,"open_issues":19,"watchers":540,"default_branch":"master","score":81.98057},{"id":282622,"node_id":"MDEwOlJlcG9zaXRvcnkyODI2MjI=","name":"poignant-guide","full_name":"mislav\/poignant-guide","private":false,"owner":{"login":"mislav","id":887,"node_id":"MDQ6VXNlcjg4Nw==","avatar_url":"https:\/\/avatars2.githubusercontent.com\/u\/887?v=4","gravatar_id":"","url":"https:\/\/api.github.com\/users\/mislav","html_url":"https:\/\/github.com\/mislav","followers_url":"https:\/\/api.github.com\/users\/mislav\/followers","following_url":"https:\/\/api.github.com\/users\/mislav\/following{\/other_user}","gists_url":"https:\/\/api.github.com\/users\/mislav\/gists{\/gist_id}","starred_url":"https:\/\/api.github.com\/users\/mislav\/starred{\/owner}{\/repo}","subscriptions_url":"https:\/\/api.github.com\/users\/mislav\/subscriptions","organizations_url":"https:\/\/api.github.com\/users\/mislav\/orgs","repos_url":"https:\/\/api.github.com\/users\/mislav\/repos","events_url":"https:\/\/api.github.com\/users\/mislav\/events{\/privacy}","received_events_url":"https:\/\/api.github.com\/users\/mislav\/received_events","type":"User","site_admin":true},"html_url":"https:\/\/github.com\/mislav\/poignant-guide","description":"Why's Poignant Guide to Ruby","fork":false,"url":"https:\/\/api.github.com\/repos\/mislav\/poignant-guide","forks_url":"https:\/\/api.github.com\/repos\/mislav\/poignant-guide\/forks","keys_url":"https:\/\/api.github.com\/repos\/mislav\/poignant-guide\/keys{\/key_id}","collaborators_url":"https:\/\/api.github.com\/repos\/mislav\/poignant-guide\/collaborators{\/collaborator}","teams_url":"https:\/\/api.github.com\/repos\/mislav\/poignant-guide\/teams","hooks_url":"https:\/\/api.github.com\/repos\/mislav\/poignant-guide\/hooks","issue_events_url":"https:\/\/api.github.com\/repos\/mislav\/poignant-guide\/issues\/events{\/number}","events_url":"https:\/\/api.github.com\/repos\/mislav\/poignant-guide\/events","assignees_url":"https:\/\/api.github.com\/repos\/mislav\/poignant-guide\/assignees{\/user}","branches_url":"https:\/\/api.github.com\/repos\/mislav\/poignant-guide\/branches{\/branch}","tags_url":"https:\/\/api.github.com\/repos\/mislav\/poignant-guide\/tags","blobs_url":"https:\/\/api.github.com\/repos\/mislav\/poignant-guide\/git\/blobs{\/sha}","git_tags_url":"https:\/\/api.github.com\/repos\/mislav\/poignant-guide\/git\/tags{\/sha}","git_refs_url":"https:\/\/api.github.com\/repos\/mislav\/poignant-guide\/git\/refs{\/sha}","trees_url":"https:\/\/api.github.com\/repos\/mislav\/poignant-guide\/git\/trees{\/sha}","statuses_url":"https:\/\/api.github.com\/repos\/mislav\/poignant-guide\/statuses\/{sha}","languages_url":"https:\/\/api.github.com\/repos\/mislav\/poignant-guide\/languages","stargazers_url":"https:\/\/api.github.com\/repos\/mislav\/poignant-guide\/stargazers","contributors_url":"https:\/\/api.github.com\/repos\/mislav\/poignant-guide\/contributors","subscribers_url":"https:\/\/api.github.com\/repos\/mislav\/poignant-guide\/subscribers","subscription_url":"https:\/\/api.github.com\/repos\/mislav\/poignant-guide\/subscription","commits_url":"https:\/\/api.github.com\/repos\/mislav\/poignant-guide\/commits{\/sha}","git_commits_url":"https:\/\/api.github.com\/repos\/mislav\/poignant-guide\/git\/commits{\/sha}","comments_url":"https:\/\/api.github.com\/repos\/mislav\/poignant-guide\/comments{\/number}","issue_comment_url":"https:\/\/api.github.com\/repos\/mislav\/poignant-guide\/issues\/comments{\/number}","contents_url":"https:\/\/api.github.com\/repos\/mislav\/poignant-guide\/contents\/{+path}","compare_url":"https:\/\/api.github.com\/repos\/mislav\/poignant-guide\/compare\/{base}...{head}","merges_url":"https:\/\/api.github.com\/repos\/mislav\/poignant-guide\/merges","archive_url":"https:\/\/api.github.com\/repos\/mislav\/poignant-guide\/{archive_format}{\/ref}","downloads_url":"https:\/\/api.github.com\/repos\/mislav\/poignant-guide\/downloads","issues_url":"https:\/\/api.github.com\/repos\/mislav\/poignant-guide\/issues{\/number}","pulls_url":"https:\/\/api.github.com\/repos\/mislav\/poignant-guide\/pulls{\/number}","milestones_url":"https:\/\/api.github.com\/repos\/mislav\/poignant-guide\/milestones{\/number}","notifications_url":"https:\/\/api.github.com\/repos\/mislav\/poignant-guide\/notifications{?since,all,participating}","labels_url":"https:\/\/api.github.com\/repos\/mislav\/poignant-guide\/labels{\/name}","releases_url":"https:\/\/api.github.com\/repos\/mislav\/poignant-guide\/releases{\/id}","deployments_url":"https:\/\/api.github.com\/repos\/mislav\/poignant-guide\/deployments","created_at":"2009-08-20T01:17:54Z","updated_at":"2019-01-26T12:32:58Z","pushed_at":"2018-11-20T13:08:57Z","git_url":"git:\/\/github.com\/mislav\/poignant-guide.git","ssh_url":"git@github.com:mislav\/poignant-guide.git","clone_url":"https:\/\/github.com\/mislav\/poignant-guide.git","svn_url":"https:\/\/github.com\/mislav\/poignant-guide","homepage":"http:\/\/poignant.guide\/","size":12871,"stargazers_count":532,"watchers_count":532,"language":"HTML","has_issues":false,"has_projects":true,"has_downloads":true,"has_wiki":false,"has_pages":true,"forks_count":103,"mirror_url":null,"archived":false,"open_issues_count":0,"license":null,"forks":103,"open_issues":0,"watchers":532,"default_branch":"gh-pages","score":81.49601},{"id":30485473,"node_id":"MDEwOlJlcG9zaXRvcnkzMDQ4NTQ3Mw==","name":"Why-Reject","full_name":"jcccn\/Why-Reject","private":false,"owner":{"login":"jcccn","id":397243,"node_id":"MDQ6VXNlcjM5NzI0Mw==","avatar_url":"https:\/\/avatars1.githubusercontent.com\/u\/397243?v=4","gravatar_id":"","url":"https:\/\/api.github.com\/users\/jcccn","html_url":"https:\/\/github.com\/jcccn","followers_url":"https:\/\/api.github.com\/users\/jcccn\/followers","following_url":"https:\/\/api.github.com\/users\/jcccn\/following{\/other_user}","gists_url":"https:\/\/api.github.com\/users\/jcccn\/gists{\/gist_id}","starred_url":"https:\/\/api.github.com\/users\/jcccn\/starred{\/owner}{\/repo}","subscriptions_url":"https:\/\/api.github.com\/users\/jcccn\/subscriptions","organizations_url":"https:\/\/api.github.com\/users\/jcccn\/orgs","repos_url":"https:\/\/api.github.com\/users\/jcccn\/repos","events_url":"https:\/\/api.github.com\/users\/jcccn\/events{\/privacy}","received_events_url":"https:\/\/api.github.com\/users\/jcccn\/received_events","type":"User","site_admin":false},"html_url":"https:\/\/github.com\/jcccn\/Why-Reject","description":"\u82f9\u679cAppStore\u88ab\u62d2\u7406\u7531\u5927\u5168","fork":false,"url":"https:\/\/api.github.com\/repos\/jcccn\/Why-Reject","forks_url":"https:\/\/api.github.com\/repos\/jcccn\/Why-Reject\/forks","keys_url":"https:\/\/api.github.com\/repos\/jcccn\/Why-Reject\/keys{\/key_id}","collaborators_url":"https:\/\/api.github.com\/repos\/jcccn\/Why-Reject\/collaborators{\/collaborator}","teams_url":"https:\/\/api.github.com\/repos\/jcccn\/Why-Reject\/teams","hooks_url":"https:\/\/api.github.com\/repos\/jcccn\/Why-Reject\/hooks","issue_events_url":"https:\/\/api.github.com\/repos\/jcccn\/Why-Reject\/issues\/events{\/number}","events_url":"https:\/\/api.github.com\/repos\/jcccn\/Why-Reject\/events","assignees_url":"https:\/\/api.github.com\/repos\/jcccn\/Why-Reject\/assignees{\/user}","branches_url":"https:\/\/api.github.com\/repos\/jcccn\/Why-Reject\/branches{\/branch}","tags_url":"https:\/\/api.github.com\/repos\/jcccn\/Why-Reject\/tags","blobs_url":"https:\/\/api.github.com\/repos\/jcccn\/Why-Reject\/git\/blobs{\/sha}","git_tags_url":"https:\/\/api.github.com\/repos\/jcccn\/Why-Reject\/git\/tags{\/sha}","git_refs_url":"https:\/\/api.github.com\/repos\/jcccn\/Why-Reject\/git\/refs{\/sha}","trees_url":"https:\/\/api.github.com\/repos\/jcccn\/Why-Reject\/git\/trees{\/sha}","statuses_url":"https:\/\/api.github.com\/repos\/jcccn\/Why-Reject\/statuses\/{sha}","languages_url":"https:\/\/api.github.com\/repos\/jcccn\/Why-Reject\/languages","stargazers_url":"https:\/\/api.github.com\/repos\/jcccn\/Why-Reject\/stargazers","contributors_url":"https:\/\/api.github.com\/repos\/jcccn\/Why-Reject\/contributors","subscribers_url":"https:\/\/api.github.com\/repos\/jcccn\/Why-Reject\/subscribers","subscription_url":"https:\/\/api.github.com\/repos\/jcccn\/Why-Reject\/subscription","commits_url":"https:\/\/api.github.com\/repos\/jcccn\/Why-Reject\/commits{\/sha}","git_commits_url":"https:\/\/api.github.com\/repos\/jcccn\/Why-Reject\/git\/commits{\/sha}","comments_url":"https:\/\/api.github.com\/repos\/jcccn\/Why-Reject\/comments{\/number}","issue_comment_url":"https:\/\/api.github.com\/repos\/jcccn\/Why-Reject\/issues\/comments{\/number}","contents_url":"https:\/\/api.github.com\/repos\/jcccn\/Why-Reject\/contents\/{+path}","compare_url":"https:\/\/api.github.com\/repos\/jcccn\/Why-Reject\/compare\/{base}...{head}","merges_url":"https:\/\/api.github.com\/repos\/jcccn\/Why-Reject\/merges","archive_url":"https:\/\/api.github.com\/repos\/jcccn\/Why-Reject\/{archive_format}{\/ref}","downloads_url":"https:\/\/api.github.com\/repos\/jcccn\/Why-Reject\/downloads","issues_url":"https:\/\/api.github.com\/repos\/jcccn\/Why-Reject\/issues{\/number}","pulls_url":"https:\/\/api.github.com\/repos\/jcccn\/Why-Reject\/pulls{\/number}","milestones_url":"https:\/\/api.github.com\/repos\/jcccn\/Why-Reject\/milestones{\/number}","notifications_url":"https:\/\/api.github.com\/repos\/jcccn\/Why-Reject\/notifications{?since,all,participating}","labels_url":"https:\/\/api.github.com\/repos\/jcccn\/Why-Reject\/labels{\/name}","releases_url":"https:\/\/api.github.com\/repos\/jcccn\/Why-Reject\/releases{\/id}","deployments_url":"https:\/\/api.github.com\/repos\/jcccn\/Why-Reject\/deployments","created_at":"2015-02-08T08:37:17Z","updated_at":"2019-01-28T12:02:55Z","pushed_at":"2017-05-06T07:35:44Z","git_url":"git:\/\/github.com\/jcccn\/Why-Reject.git","ssh_url":"git@github.com:jcccn\/Why-Reject.git","clone_url":"https:\/\/github.com\/jcccn\/Why-Reject.git","svn_url":"https:\/\/github.com\/jcccn\/Why-Reject","homepage":"https:\/\/whyreject.jcccn.me","size":684,"stargazers_count":493,"watchers_count":493,"language":null,"has_issues":true,"has_projects":true,"has_downloads":true,"has_wiki":true,"has_pages":true,"forks_count":113,"mirror_url":null,"archived":false,"open_issues_count":0,"license":null,"forks":113,"open_issues":0,"watchers":493,"default_branch":"master","score":96.060646},{"id":76408906,"node_id":"MDEwOlJlcG9zaXRvcnk3NjQwODkwNg==","name":"meta","full_name":"mateodelnorte\/meta","private":false,"owner":{"login":"mateodelnorte","id":554847,"node_id":"MDQ6VXNlcjU1NDg0Nw==","avatar_url":"https:\/\/avatars3.githubusercontent.com\/u\/554847?v=4","gravatar_id":"","url":"https:\/\/api.github.com\/users\/mateodelnorte","html_url":"https:\/\/github.com\/mateodelnorte","followers_url":"https:\/\/api.github.com\/users\/mateodelnorte\/followers","following_url":"https:\/\/api.github.com\/users\/mateodelnorte\/following{\/other_user}","gists_url":"https:\/\/api.github.com\/users\/mateodelnorte\/gists{\/gist_id}","starred_url":"https:\/\/api.github.com\/users\/mateodelnorte\/starred{\/owner}{\/repo}","subscriptions_url":"https:\/\/api.github.com\/users\/mateodelnorte\/subscriptions","organizations_url":"https:\/\/api.github.com\/users\/mateodelnorte\/orgs","repos_url":"https:\/\/api.github.com\/users\/mateodelnorte\/repos","events_url":"https:\/\/api.github.com\/users\/mateodelnorte\/events{\/privacy}","received_events_url":"https:\/\/api.github.com\/users\/mateodelnorte\/received_events","type":"User","site_admin":false},"html_url":"https:\/\/github.com\/mateodelnorte\/meta","description":"tool for turning many repos into a meta repo. why choose many repos or a monolithic repo, when you can have both with a meta repo?","fork":false,"url":"https:\/\/api.github.com\/repos\/mateodelnorte\/meta","forks_url":"https:\/\/api.github.com\/repos\/mateodelnorte\/meta\/forks","keys_url":"https:\/\/api.github.com\/repos\/mateodelnorte\/meta\/keys{\/key_id}","collaborators_url":"https:\/\/api.github.com\/repos\/mateodelnorte\/meta\/collaborators{\/collaborator}","teams_url":"https:\/\/api.github.com\/repos\/mateodelnorte\/meta\/teams","hooks_url":"https:\/\/api.github.com\/repos\/mateodelnorte\/meta\/hooks","issue_events_url":"https:\/\/api.github.com\/repos\/mateodelnorte\/meta\/issues\/events{\/number}","events_url":"https:\/\/api.github.com\/repos\/mateodelnorte\/meta\/events","assignees_url":"https:\/\/api.github.com\/repos\/mateodelnorte\/meta\/assignees{\/user}","branches_url":"https:\/\/api.github.com\/repos\/mateodelnorte\/meta\/branches{\/branch}","tags_url":"https:\/\/api.github.com\/repos\/mateodelnorte\/meta\/tags","blobs_url":"https:\/\/api.github.com\/repos\/mateodelnorte\/meta\/git\/blobs{\/sha}","git_tags_url":"https:\/\/api.github.com\/repos\/mateodelnorte\/meta\/git\/tags{\/sha}","git_refs_url":"https:\/\/api.github.com\/repos\/mateodelnorte\/meta\/git\/refs{\/sha}","trees_url":"https:\/\/api.github.com\/repos\/mateodelnorte\/meta\/git\/trees{\/sha}","statuses_url":"https:\/\/api.github.com\/repos\/mateodelnorte\/meta\/statuses\/{sha}","languages_url":"https:\/\/api.github.com\/repos\/mateodelnorte\/meta\/languages","stargazers_url":"https:\/\/api.github.com\/repos\/mateodelnorte\/meta\/stargazers","contributors_url":"https:\/\/api.github.com\/repos\/mateodelnorte\/meta\/contributors","subscribers_url":"https:\/\/api.github.com\/repos\/mateodelnorte\/meta\/subscribers","subscription_url":"https:\/\/api.github.com\/repos\/mateodelnorte\/meta\/subscription","commits_url":"https:\/\/api.github.com\/repos\/mateodelnorte\/meta\/commits{\/sha}","git_commits_url":"https:\/\/api.github.com\/repos\/mateodelnorte\/meta\/git\/commits{\/sha}","comments_url":"https:\/\/api.github.com\/repos\/mateodelnorte\/meta\/comments{\/number}","issue_comment_url":"https:\/\/api.github.com\/repos\/mateodelnorte\/meta\/issues\/comments{\/number}","contents_url":"https:\/\/api.github.com\/repos\/mateodelnorte\/meta\/contents\/{+path}","compare_url":"https:\/\/api.github.com\/repos\/mateodelnorte\/meta\/compare\/{base}...{head}","merges_url":"https:\/\/api.github.com\/repos\/mateodelnorte\/meta\/merges","archive_url":"https:\/\/api.github.com\/repos\/mateodelnorte\/meta\/{archive_format}{\/ref}","downloads_url":"https:\/\/api.github.com\/repos\/mateodelnorte\/meta\/downloads","issues_url":"https:\/\/api.github.com\/repos\/mateodelnorte\/meta\/issues{\/number}","pulls_url":"https:\/\/api.github.com\/repos\/mateodelnorte\/meta\/pulls{\/number}","milestones_url":"https:\/\/api.github.com\/repos\/mateodelnorte\/meta\/milestones{\/number}","notifications_url":"https:\/\/api.github.com\/repos\/mateodelnorte\/meta\/notifications{?since,all,participating}","labels_url":"https:\/\/api.github.com\/repos\/mateodelnorte\/meta\/labels{\/name}","releases_url":"https:\/\/api.github.com\/repos\/mateodelnorte\/meta\/releases{\/id}","deployments_url":"https:\/\/api.github.com\/repos\/mateodelnorte\/meta\/deployments","created_at":"2016-12-14T00:06:35Z","updated_at":"2019-01-27T07:29:38Z","pushed_at":"2019-01-25T18:00:32Z","git_url":"git:\/\/github.com\/mateodelnorte\/meta.git","ssh_url":"git@github.com:mateodelnorte\/meta.git","clone_url":"https:\/\/github.com\/mateodelnorte\/meta.git","svn_url":"https:\/\/github.com\/mateodelnorte\/meta","homepage":"","size":2507,"stargazers_count":489,"watchers_count":489,"language":"JavaScript","has_issues":true,"has_projects":true,"has_downloads":true,"has_wiki":true,"has_pages":false,"forks_count":27,"mirror_url":null,"archived":false,"open_issues_count":18,"license":null,"forks":27,"open_issues":18,"watchers":489,"default_branch":"master","score":35.23273},{"id":120470493,"node_id":"MDEwOlJlcG9zaXRvcnkxMjA0NzA0OTM=","name":"awesome-dev-podcasts","full_name":"sw-yx\/awesome-dev-podcasts","private":false,"owner":{"login":"sw-yx","id":6764957,"node_id":"MDQ6VXNlcjY3NjQ5NTc=","avatar_url":"https:\/\/avatars1.githubusercontent.com\/u\/6764957?v=4","gravatar_id":"","url":"https:\/\/api.github.com\/users\/sw-yx","html_url":"https:\/\/github.com\/sw-yx","followers_url":"https:\/\/api.github.com\/users\/sw-yx\/followers","following_url":"https:\/\/api.github.com\/users\/sw-yx\/following{\/other_user}","gists_url":"https:\/\/api.github.com\/users\/sw-yx\/gists{\/gist_id}","starred_url":"https:\/\/api.github.com\/users\/sw-yx\/starred{\/owner}{\/repo}","subscriptions_url":"https:\/\/api.github.com\/users\/sw-yx\/subscriptions","organizations_url":"https:\/\/api.github.com\/users\/sw-yx\/orgs","repos_url":"https:\/\/api.github.com\/users\/sw-yx\/repos","events_url":"https:\/\/api.github.com\/users\/sw-yx\/events{\/privacy}","received_events_url":"https:\/\/api.github.com\/users\/sw-yx\/received_events","type":"User","site_admin":false},"html_url":"https:\/\/github.com\/sw-yx\/awesome-dev-podcasts","description":"a curated list of awesome dev podcasts and why they are awesome","fork":false,"url":"https:\/\/api.github.com\/repos\/sw-yx\/awesome-dev-podcasts","forks_url":"https:\/\/api.github.com\/repos\/sw-yx\/awesome-dev-podcasts\/forks","keys_url":"https:\/\/api.github.com\/repos\/sw-yx\/awesome-dev-podcasts\/keys{\/key_id}","collaborators_url":"https:\/\/api.github.com\/repos\/sw-yx\/awesome-dev-podcasts\/collaborators{\/collaborator}","teams_url":"https:\/\/api.github.com\/repos\/sw-yx\/awesome-dev-podcasts\/teams","hooks_url":"https:\/\/api.github.com\/repos\/sw-yx\/awesome-dev-podcasts\/hooks","issue_events_url":"https:\/\/api.github.com\/repos\/sw-yx\/awesome-dev-podcasts\/issues\/events{\/number}","events_url":"https:\/\/api.github.com\/repos\/sw-yx\/awesome-dev-podcasts\/events","assignees_url":"https:\/\/api.github.com\/repos\/sw-yx\/awesome-dev-podcasts\/assignees{\/user}","branches_url":"https:\/\/api.github.com\/repos\/sw-yx\/awesome-dev-podcasts\/branches{\/branch}","tags_url":"https:\/\/api.github.com\/repos\/sw-yx\/awesome-dev-podcasts\/tags","blobs_url":"https:\/\/api.github.com\/repos\/sw-yx\/awesome-dev-podcasts\/git\/blobs{\/sha}","git_tags_url":"https:\/\/api.github.com\/repos\/sw-yx\/awesome-dev-podcasts\/git\/tags{\/sha}","git_refs_url":"https:\/\/api.github.com\/repos\/sw-yx\/awesome-dev-podcasts\/git\/refs{\/sha}","trees_url":"https:\/\/api.github.com\/repos\/sw-yx\/awesome-dev-podcasts\/git\/trees{\/sha}","statuses_url":"https:\/\/api.github.com\/repos\/sw-yx\/awesome-dev-podcasts\/statuses\/{sha}","languages_url":"https:\/\/api.github.com\/repos\/sw-yx\/awesome-dev-podcasts\/languages","stargazers_url":"https:\/\/api.github.com\/repos\/sw-yx\/awesome-dev-podcasts\/stargazers","contributors_url":"https:\/\/api.github.com\/repos\/sw-yx\/awesome-dev-podcasts\/contributors","subscribers_url":"https:\/\/api.github.com\/repos\/sw-yx\/awesome-dev-podcasts\/subscribers","subscription_url":"https:\/\/api.github.com\/repos\/sw-yx\/awesome-dev-podcasts\/subscription","commits_url":"https:\/\/api.github.com\/repos\/sw-yx\/awesome-dev-podcasts\/commits{\/sha}","git_commits_url":"https:\/\/api.github.com\/repos\/sw-yx\/awesome-dev-podcasts\/git\/commits{\/sha}","comments_url":"https:\/\/api.github.com\/repos\/sw-yx\/awesome-dev-podcasts\/comments{\/number}","issue_comment_url":"https:\/\/api.github.com\/repos\/sw-yx\/awesome-dev-podcasts\/issues\/comments{\/number}","contents_url":"https:\/\/api.github.com\/repos\/sw-yx\/awesome-dev-podcasts\/contents\/{+path}","compare_url":"https:\/\/api.github.com\/repos\/sw-yx\/awesome-dev-podcasts\/compare\/{base}...{head}","merges_url":"https:\/\/api.github.com\/repos\/sw-yx\/awesome-dev-podcasts\/merges","archive_url":"https:\/\/api.github.com\/repos\/sw-yx\/awesome-dev-podcasts\/{archive_format}{\/ref}","downloads_url":"https:\/\/api.github.com\/repos\/sw-yx\/awesome-dev-podcasts\/downloads","issues_url":"https:\/\/api.github.com\/repos\/sw-yx\/awesome-dev-podcasts\/issues{\/number}","pulls_url":"https:\/\/api.github.com\/repos\/sw-yx\/awesome-dev-podcasts\/pulls{\/number}","milestones_url":"https:\/\/api.github.com\/repos\/sw-yx\/awesome-dev-podcasts\/milestones{\/number}","notifications_url":"https:\/\/api.github.com\/repos\/sw-yx\/awesome-dev-podcasts\/notifications{?since,all,participating}","labels_url":"https:\/\/api.github.com\/repos\/sw-yx\/awesome-dev-podcasts\/labels{\/name}","releases_url":"https:\/\/api.github.com\/repos\/sw-yx\/awesome-dev-podcasts\/releases{\/id}","deployments_url":"https:\/\/api.github.com\/repos\/sw-yx\/awesome-dev-podcasts\/deployments","created_at":"2018-02-06T14:32:41Z","updated_at":"2019-01-23T00:52:57Z","pushed_at":"2018-09-12T14:28:36Z","git_url":"git:\/\/github.com\/sw-yx\/awesome-dev-podcasts.git","ssh_url":"git@github.com:sw-yx\/awesome-dev-podcasts.git","clone_url":"https:\/\/github.com\/sw-yx\/awesome-dev-podcasts.git","svn_url":"https:\/\/github.com\/sw-yx\/awesome-dev-podcasts","homepage":"","size":29,"stargazers_count":455,"watchers_count":455,"language":null,"has_issues":true,"has_projects":true,"has_downloads":true,"has_wiki":true,"has_pages":false,"forks_count":26,"mirror_url":null,"archived":false,"open_issues_count":3,"license":null,"forks":26,"open_issues":3,"watchers":455,"default_branch":"master","score":48.01393},{"id":18601900,"node_id":"MDEwOlJlcG9zaXRvcnkxODYwMTkwMA==","name":"eliot","full_name":"itamarst\/eliot","private":false,"owner":{"login":"itamarst","id":3266662,"node_id":"MDQ6VXNlcjMyNjY2NjI=","avatar_url":"https:\/\/avatars1.githubusercontent.com\/u\/3266662?v=4","gravatar_id":"","url":"https:\/\/api.github.com\/users\/itamarst","html_url":"https:\/\/github.com\/itamarst","followers_url":"https:\/\/api.github.com\/users\/itamarst\/followers","following_url":"https:\/\/api.github.com\/users\/itamarst\/following{\/other_user}","gists_url":"https:\/\/api.github.com\/users\/itamarst\/gists{\/gist_id}","starred_url":"https:\/\/api.github.com\/users\/itamarst\/starred{\/owner}{\/repo}","subscriptions_url":"https:\/\/api.github.com\/users\/itamarst\/subscriptions","organizations_url":"https:\/\/api.github.com\/users\/itamarst\/orgs","repos_url":"https:\/\/api.github.com\/users\/itamarst\/repos","events_url":"https:\/\/api.github.com\/users\/itamarst\/events{\/privacy}","received_events_url":"https:\/\/api.github.com\/users\/itamarst\/received_events","type":"User","site_admin":false},"html_url":"https:\/\/github.com\/itamarst\/eliot","description":"Eliot: the logging system that tells you *why* it happened","fork":false,"url":"https:\/\/api.github.com\/repos\/itamarst\/eliot","forks_url":"https:\/\/api.github.com\/repos\/itamarst\/eliot\/forks","keys_url":"https:\/\/api.github.com\/repos\/itamarst\/eliot\/keys{\/key_id}","collaborators_url":"https:\/\/api.github.com\/repos\/itamarst\/eliot\/collaborators{\/collaborator}","teams_url":"https:\/\/api.github.com\/repos\/itamarst\/eliot\/teams","hooks_url":"https:\/\/api.github.com\/repos\/itamarst\/eliot\/hooks","issue_events_url":"https:\/\/api.github.com\/repos\/itamarst\/eliot\/issues\/events{\/number}","events_url":"https:\/\/api.github.com\/repos\/itamarst\/eliot\/events","assignees_url":"https:\/\/api.github.com\/repos\/itamarst\/eliot\/assignees{\/user}","branches_url":"https:\/\/api.github.com\/repos\/itamarst\/eliot\/branches{\/branch}","tags_url":"https:\/\/api.github.com\/repos\/itamarst\/eliot\/tags","blobs_url":"https:\/\/api.github.com\/repos\/itamarst\/eliot\/git\/blobs{\/sha}","git_tags_url":"https:\/\/api.github.com\/repos\/itamarst\/eliot\/git\/tags{\/sha}","git_refs_url":"https:\/\/api.github.com\/repos\/itamarst\/eliot\/git\/refs{\/sha}","trees_url":"https:\/\/api.github.com\/repos\/itamarst\/eliot\/git\/trees{\/sha}","statuses_url":"https:\/\/api.github.com\/repos\/itamarst\/eliot\/statuses\/{sha}","languages_url":"https:\/\/api.github.com\/repos\/itamarst\/eliot\/languages","stargazers_url":"https:\/\/api.github.com\/repos\/itamarst\/eliot\/stargazers","contributors_url":"https:\/\/api.github.com\/repos\/itamarst\/eliot\/contributors","subscribers_url":"https:\/\/api.github.com\/repos\/itamarst\/eliot\/subscribers","subscription_url":"https:\/\/api.github.com\/repos\/itamarst\/eliot\/subscription","commits_url":"https:\/\/api.github.com\/repos\/itamarst\/eliot\/commits{\/sha}","git_commits_url":"https:\/\/api.github.com\/repos\/itamarst\/eliot\/git\/commits{\/sha}","comments_url":"https:\/\/api.github.com\/repos\/itamarst\/eliot\/comments{\/number}","issue_comment_url":"https:\/\/api.github.com\/repos\/itamarst\/eliot\/issues\/comments{\/number}","contents_url":"https:\/\/api.github.com\/repos\/itamarst\/eliot\/contents\/{+path}","compare_url":"https:\/\/api.github.com\/repos\/itamarst\/eliot\/compare\/{base}...{head}","merges_url":"https:\/\/api.github.com\/repos\/itamarst\/eliot\/merges","archive_url":"https:\/\/api.github.com\/repos\/itamarst\/eliot\/{archive_format}{\/ref}","downloads_url":"https:\/\/api.github.com\/repos\/itamarst\/eliot\/downloads","issues_url":"https:\/\/api.github.com\/repos\/itamarst\/eliot\/issues{\/number}","pulls_url":"https:\/\/api.github.com\/repos\/itamarst\/eliot\/pulls{\/number}","milestones_url":"https:\/\/api.github.com\/repos\/itamarst\/eliot\/milestones{\/number}","notifications_url":"https:\/\/api.github.com\/repos\/itamarst\/eliot\/notifications{?since,all,participating}","labels_url":"https:\/\/api.github.com\/repos\/itamarst\/eliot\/labels{\/name}","releases_url":"https:\/\/api.github.com\/repos\/itamarst\/eliot\/releases{\/id}","deployments_url":"https:\/\/api.github.com\/repos\/itamarst\/eliot\/deployments","created_at":"2014-04-09T15:12:19Z","updated_at":"2019-01-25T22:49:37Z","pushed_at":"2019-01-02T18:19:45Z","git_url":"git:\/\/github.com\/itamarst\/eliot.git","ssh_url":"git@github.com:itamarst\/eliot.git","clone_url":"https:\/\/github.com\/itamarst\/eliot.git","svn_url":"https:\/\/github.com\/itamarst\/eliot","homepage":"https:\/\/eliot.readthedocs.io","size":1017,"stargazers_count":445,"watchers_count":445,"language":"Python","has_issues":true,"has_projects":true,"has_downloads":true,"has_wiki":true,"has_pages":false,"forks_count":32,"mirror_url":null,"archived":false,"open_issues_count":89,"license":{"key":"apache-2.0","name":"Apache License 2.0","spdx_id":"Apache-2.0","url":"https:\/\/api.github.com\/licenses\/apache-2.0","node_id":"MDc6TGljZW5zZTI="},"forks":32,"open_issues":89,"watchers":445,"default_branch":"master","score":61.202877},{"id":164816947,"node_id":"MDEwOlJlcG9zaXRvcnkxNjQ4MTY5NDc=","name":"stockpredictionai","full_name":"borisbanushev\/stockpredictionai","private":false,"owner":{"login":"borisbanushev","id":36700291,"node_id":"MDQ6VXNlcjM2NzAwMjkx","avatar_url":"https:\/\/avatars3.githubusercontent.com\/u\/36700291?v=4","gravatar_id":"","url":"https:\/\/api.github.com\/users\/borisbanushev","html_url":"https:\/\/github.com\/borisbanushev","followers_url":"https:\/\/api.github.com\/users\/borisbanushev\/followers","following_url":"https:\/\/api.github.com\/users\/borisbanushev\/following{\/other_user}","gists_url":"https:\/\/api.github.com\/users\/borisbanushev\/gists{\/gist_id}","starred_url":"https:\/\/api.github.com\/users\/borisbanushev\/starred{\/owner}{\/repo}","subscriptions_url":"https:\/\/api.github.com\/users\/borisbanushev\/subscriptions","organizations_url":"https:\/\/api.github.com\/users\/borisbanushev\/orgs","repos_url":"https:\/\/api.github.com\/users\/borisbanushev\/repos","events_url":"https:\/\/api.github.com\/users\/borisbanushev\/events{\/privacy}","received_events_url":"https:\/\/api.github.com\/users\/borisbanushev\/received_events","type":"User","site_admin":false},"html_url":"https:\/\/github.com\/borisbanushev\/stockpredictionai","description":"       In this noteboook I will create a complete process for predicting stock price movements. Follow along and we will achieve some pretty good results. For that purpose we will use a Generative Adversarial Network (GAN) with LSTM, a type of Recurrent Neural Network, as generator, and a Convolutional Neural Network, CNN, as a discriminator. We use LSTM for the obvious reason that we are trying to predict time series data. Why we use GAN and specifically CNN as a discriminator? That is a good question: there are special sections on that later.","fork":false,"url":"https:\/\/api.github.com\/repos\/borisbanushev\/stockpredictionai","forks_url":"https:\/\/api.github.com\/repos\/borisbanushev\/stockpredictionai\/forks","keys_url":"https:\/\/api.github.com\/repos\/borisbanushev\/stockpredictionai\/keys{\/key_id}","collaborators_url":"https:\/\/api.github.com\/repos\/borisbanushev\/stockpredictionai\/collaborators{\/collaborator}","teams_url":"https:\/\/api.github.com\/repos\/borisbanushev\/stockpredictionai\/teams","hooks_url":"https:\/\/api.github.com\/repos\/borisbanushev\/stockpredictionai\/hooks","issue_events_url":"https:\/\/api.github.com\/repos\/borisbanushev\/stockpredictionai\/issues\/events{\/number}","events_url":"https:\/\/api.github.com\/repos\/borisbanushev\/stockpredictionai\/events","assignees_url":"https:\/\/api.github.com\/repos\/borisbanushev\/stockpredictionai\/assignees{\/user}","branches_url":"https:\/\/api.github.com\/repos\/borisbanushev\/stockpredictionai\/branches{\/branch}","tags_url":"https:\/\/api.github.com\/repos\/borisbanushev\/stockpredictionai\/tags","blobs_url":"https:\/\/api.github.com\/repos\/borisbanushev\/stockpredictionai\/git\/blobs{\/sha}","git_tags_url":"https:\/\/api.github.com\/repos\/borisbanushev\/stockpredictionai\/git\/tags{\/sha}","git_refs_url":"https:\/\/api.github.com\/repos\/borisbanushev\/stockpredictionai\/git\/refs{\/sha}","trees_url":"https:\/\/api.github.com\/repos\/borisbanushev\/stockpredictionai\/git\/trees{\/sha}","statuses_url":"https:\/\/api.github.com\/repos\/borisbanushev\/stockpredictionai\/statuses\/{sha}","languages_url":"https:\/\/api.github.com\/repos\/borisbanushev\/stockpredictionai\/languages","stargazers_url":"https:\/\/api.github.com\/repos\/borisbanushev\/stockpredictionai\/stargazers","contributors_url":"https:\/\/api.github.com\/repos\/borisbanushev\/stockpredictionai\/contributors","subscribers_url":"https:\/\/api.github.com\/repos\/borisbanushev\/stockpredictionai\/subscribers","subscription_url":"https:\/\/api.github.com\/repos\/borisbanushev\/stockpredictionai\/subscription","commits_url":"https:\/\/api.github.com\/repos\/borisbanushev\/stockpredictionai\/commits{\/sha}","git_commits_url":"https:\/\/api.github.com\/repos\/borisbanushev\/stockpredictionai\/git\/commits{\/sha}","comments_url":"https:\/\/api.github.com\/repos\/borisbanushev\/stockpredictionai\/comments{\/number}","issue_comment_url":"https:\/\/api.github.com\/repos\/borisbanushev\/stockpredictionai\/issues\/comments{\/number}","contents_url":"https:\/\/api.github.com\/repos\/borisbanushev\/stockpredictionai\/contents\/{+path}","compare_url":"https:\/\/api.github.com\/repos\/borisbanushev\/stockpredictionai\/compare\/{base}...{head}","merges_url":"https:\/\/api.github.com\/repos\/borisbanushev\/stockpredictionai\/merges","archive_url":"https:\/\/api.github.com\/repos\/borisbanushev\/stockpredictionai\/{archive_format}{\/ref}","downloads_url":"https:\/\/api.github.com\/repos\/borisbanushev\/stockpredictionai\/downloads","issues_url":"https:\/\/api.github.com\/repos\/borisbanushev\/stockpredictionai\/issues{\/number}","pulls_url":"https:\/\/api.github.com\/repos\/borisbanushev\/stockpredictionai\/pulls{\/number}","milestones_url":"https:\/\/api.github.com\/repos\/borisbanushev\/stockpredictionai\/milestones{\/number}","notifications_url":"https:\/\/api.github.com\/repos\/borisbanushev\/stockpredictionai\/notifications{?since,all,participating}","labels_url":"https:\/\/api.github.com\/repos\/borisbanushev\/stockpredictionai\/labels{\/name}","releases_url":"https:\/\/api.github.com\/repos\/borisbanushev\/stockpredictionai\/releases{\/id}","deployments_url":"https:\/\/api.github.com\/repos\/borisbanushev\/stockpredictionai\/deployments","created_at":"2019-01-09T08:02:47Z","updated_at":"2019-01-28T20:24:48Z","pushed_at":"2019-01-24T20:24:50Z","git_url":"git:\/\/github.com\/borisbanushev\/stockpredictionai.git","ssh_url":"git@github.com:borisbanushev\/stockpredictionai.git","clone_url":"https:\/\/github.com\/borisbanushev\/stockpredictionai.git","svn_url":"https:\/\/github.com\/borisbanushev\/stockpredictionai","homepage":"","size":1950,"stargazers_count":417,"watchers_count":417,"language":null,"has_issues":true,"has_projects":true,"has_downloads":true,"has_wiki":true,"has_pages":false,"forks_count":181,"mirror_url":null,"archived":false,"open_issues_count":12,"license":null,"forks":181,"open_issues":12,"watchers":417,"default_branch":"master","score":14.908409},{"id":35077713,"node_id":"MDEwOlJlcG9zaXRvcnkzNTA3NzcxMw==","name":"whyliam.workflows.youdao","full_name":"liszd\/whyliam.workflows.youdao","private":false,"owner":{"login":"liszd","id":3387850,"node_id":"MDQ6VXNlcjMzODc4NTA=","avatar_url":"https:\/\/avatars0.githubusercontent.com\/u\/3387850?v=4","gravatar_id":"","url":"https:\/\/api.github.com\/users\/liszd","html_url":"https:\/\/github.com\/liszd","followers_url":"https:\/\/api.github.com\/users\/liszd\/followers","following_url":"https:\/\/api.github.com\/users\/liszd\/following{\/other_user}","gists_url":"https:\/\/api.github.com\/users\/liszd\/gists{\/gist_id}","starred_url":"https:\/\/api.github.com\/users\/liszd\/starred{\/owner}{\/repo}","subscriptions_url":"https:\/\/api.github.com\/users\/liszd\/subscriptions","organizations_url":"https:\/\/api.github.com\/users\/liszd\/orgs","repos_url":"https:\/\/api.github.com\/users\/liszd\/repos","events_url":"https:\/\/api.github.com\/users\/liszd\/events{\/privacy}","received_events_url":"https:\/\/api.github.com\/users\/liszd\/received_events","type":"User","site_admin":false},"html_url":"https:\/\/github.com\/liszd\/whyliam.workflows.youdao","description":"\u4f7f\u7528\u6709\u9053\u7ffb\u8bd1\u4f60\u60f3\u77e5\u9053\u7684\u5355\u8bcd\u548c\u8bed\u53e5","fork":false,"url":"https:\/\/api.github.com\/repos\/liszd\/whyliam.workflows.youdao","forks_url":"https:\/\/api.github.com\/repos\/liszd\/whyliam.workflows.youdao\/forks","keys_url":"https:\/\/api.github.com\/repos\/liszd\/whyliam.workflows.youdao\/keys{\/key_id}","collaborators_url":"https:\/\/api.github.com\/repos\/liszd\/whyliam.workflows.youdao\/collaborators{\/collaborator}","teams_url":"https:\/\/api.github.com\/repos\/liszd\/whyliam.workflows.youdao\/teams","hooks_url":"https:\/\/api.github.com\/repos\/liszd\/whyliam.workflows.youdao\/hooks","issue_events_url":"https:\/\/api.github.com\/repos\/liszd\/whyliam.workflows.youdao\/issues\/events{\/number}","events_url":"https:\/\/api.github.com\/repos\/liszd\/whyliam.workflows.youdao\/events","assignees_url":"https:\/\/api.github.com\/repos\/liszd\/whyliam.workflows.youdao\/assignees{\/user}","branches_url":"https:\/\/api.github.com\/repos\/liszd\/whyliam.workflows.youdao\/branches{\/branch}","tags_url":"https:\/\/api.github.com\/repos\/liszd\/whyliam.workflows.youdao\/tags","blobs_url":"https:\/\/api.github.com\/repos\/liszd\/whyliam.workflows.youdao\/git\/blobs{\/sha}","git_tags_url":"https:\/\/api.github.com\/repos\/liszd\/whyliam.workflows.youdao\/git\/tags{\/sha}","git_refs_url":"https:\/\/api.github.com\/repos\/liszd\/whyliam.workflows.youdao\/git\/refs{\/sha}","trees_url":"https:\/\/api.github.com\/repos\/liszd\/whyliam.workflows.youdao\/git\/trees{\/sha}","statuses_url":"https:\/\/api.github.com\/repos\/liszd\/whyliam.workflows.youdao\/statuses\/{sha}","languages_url":"https:\/\/api.github.com\/repos\/liszd\/whyliam.workflows.youdao\/languages","stargazers_url":"https:\/\/api.github.com\/repos\/liszd\/whyliam.workflows.youdao\/stargazers","contributors_url":"https:\/\/api.github.com\/repos\/liszd\/whyliam.workflows.youdao\/contributors","subscribers_url":"https:\/\/api.github.com\/repos\/liszd\/whyliam.workflows.youdao\/subscribers","subscription_url":"https:\/\/api.github.com\/repos\/liszd\/whyliam.workflows.youdao\/subscription","commits_url":"https:\/\/api.github.com\/repos\/liszd\/whyliam.workflows.youdao\/commits{\/sha}","git_commits_url":"https:\/\/api.github.com\/repos\/liszd\/whyliam.workflows.youdao\/git\/commits{\/sha}","comments_url":"https:\/\/api.github.com\/repos\/liszd\/whyliam.workflows.youdao\/comments{\/number}","issue_comment_url":"https:\/\/api.github.com\/repos\/liszd\/whyliam.workflows.youdao\/issues\/comments{\/number}","contents_url":"https:\/\/api.github.com\/repos\/liszd\/whyliam.workflows.youdao\/contents\/{+path}","compare_url":"https:\/\/api.github.com\/repos\/liszd\/whyliam.workflows.youdao\/compare\/{base}...{head}","merges_url":"https:\/\/api.github.com\/repos\/liszd\/whyliam.workflows.youdao\/merges","archive_url":"https:\/\/api.github.com\/repos\/liszd\/whyliam.workflows.youdao\/{archive_format}{\/ref}","downloads_url":"https:\/\/api.github.com\/repos\/liszd\/whyliam.workflows.youdao\/downloads","issues_url":"https:\/\/api.github.com\/repos\/liszd\/whyliam.workflows.youdao\/issues{\/number}","pulls_url":"https:\/\/api.github.com\/repos\/liszd\/whyliam.workflows.youdao\/pulls{\/number}","milestones_url":"https:\/\/api.github.com\/repos\/liszd\/whyliam.workflows.youdao\/milestones{\/number}","notifications_url":"https:\/\/api.github.com\/repos\/liszd\/whyliam.workflows.youdao\/notifications{?since,all,participating}","labels_url":"https:\/\/api.github.com\/repos\/liszd\/whyliam.workflows.youdao\/labels{\/name}","releases_url":"https:\/\/api.github.com\/repos\/liszd\/whyliam.workflows.youdao\/releases{\/id}","deployments_url":"https:\/\/api.github.com\/repos\/liszd\/whyliam.workflows.youdao\/deployments","created_at":"2015-05-05T04:23:14Z","updated_at":"2019-01-27T04:15:49Z","pushed_at":"2018-08-03T05:49:11Z","git_url":"git:\/\/github.com\/liszd\/whyliam.workflows.youdao.git","ssh_url":"git@github.com:liszd\/whyliam.workflows.youdao.git","clone_url":"https:\/\/github.com\/liszd\/whyliam.workflows.youdao.git","svn_url":"https:\/\/github.com\/liszd\/whyliam.workflows.youdao","homepage":"http:\/\/blog.naaln.com\/2015\/05\/repeat-create-the-wheel-alfred-plugin-youdao","size":3048,"stargazers_count":416,"watchers_count":416,"language":"Python","has_issues":true,"has_projects":true,"has_downloads":true,"has_wiki":true,"has_pages":false,"forks_count":72,"mirror_url":null,"archived":false,"open_issues_count":1,"license":{"key":"mit","name":"MIT License","spdx_id":"MIT","url":"https:\/\/api.github.com\/licenses\/mit","node_id":"MDc6TGljZW5zZTEz"},"forks":72,"open_issues":1,"watchers":416,"default_branch":"master","score":85.412186},{"id":2192780,"node_id":"MDEwOlJlcG9zaXRvcnkyMTkyNzgw","name":"jOOX","full_name":"jOOQ\/jOOX","private":false,"owner":{"login":"jOOQ","id":1666512,"node_id":"MDEyOk9yZ2FuaXphdGlvbjE2NjY1MTI=","avatar_url":"https:\/\/avatars3.githubusercontent.com\/u\/1666512?v=4","gravatar_id":"","url":"https:\/\/api.github.com\/users\/jOOQ","html_url":"https:\/\/github.com\/jOOQ","followers_url":"https:\/\/api.github.com\/users\/jOOQ\/followers","following_url":"https:\/\/api.github.com\/users\/jOOQ\/following{\/other_user}","gists_url":"https:\/\/api.github.com\/users\/jOOQ\/gists{\/gist_id}","starred_url":"https:\/\/api.github.com\/users\/jOOQ\/starred{\/owner}{\/repo}","subscriptions_url":"https:\/\/api.github.com\/users\/jOOQ\/subscriptions","organizations_url":"https:\/\/api.github.com\/users\/jOOQ\/orgs","repos_url":"https:\/\/api.github.com\/users\/jOOQ\/repos","events_url":"https:\/\/api.github.com\/users\/jOOQ\/events{\/privacy}","received_events_url":"https:\/\/api.github.com\/users\/jOOQ\/received_events","type":"Organization","site_admin":false},"html_url":"https:\/\/github.com\/jOOQ\/jOOX","description":"jOOX - The Power of jQuery Applied to W3C DOM Like JDBC, DOM is a powerful, yet very verbose low-level API to manipulate XML. The HTML DOM an be manipulated with the popular jQuery product, in JavaScript. Why don't we have jQuery in Java? jOOX is jQuery's XML parts, applied to Java.","fork":false,"url":"https:\/\/api.github.com\/repos\/jOOQ\/jOOX","forks_url":"https:\/\/api.github.com\/repos\/jOOQ\/jOOX\/forks","keys_url":"https:\/\/api.github.com\/repos\/jOOQ\/jOOX\/keys{\/key_id}","collaborators_url":"https:\/\/api.github.com\/repos\/jOOQ\/jOOX\/collaborators{\/collaborator}","teams_url":"https:\/\/api.github.com\/repos\/jOOQ\/jOOX\/teams","hooks_url":"https:\/\/api.github.com\/repos\/jOOQ\/jOOX\/hooks","issue_events_url":"https:\/\/api.github.com\/repos\/jOOQ\/jOOX\/issues\/events{\/number}","events_url":"https:\/\/api.github.com\/repos\/jOOQ\/jOOX\/events","assignees_url":"https:\/\/api.github.com\/repos\/jOOQ\/jOOX\/assignees{\/user}","branches_url":"https:\/\/api.github.com\/repos\/jOOQ\/jOOX\/branches{\/branch}","tags_url":"https:\/\/api.github.com\/repos\/jOOQ\/jOOX\/tags","blobs_url":"https:\/\/api.github.com\/repos\/jOOQ\/jOOX\/git\/blobs{\/sha}","git_tags_url":"https:\/\/api.github.com\/repos\/jOOQ\/jOOX\/git\/tags{\/sha}","git_refs_url":"https:\/\/api.github.com\/repos\/jOOQ\/jOOX\/git\/refs{\/sha}","trees_url":"https:\/\/api.github.com\/repos\/jOOQ\/jOOX\/git\/trees{\/sha}","statuses_url":"https:\/\/api.github.com\/repos\/jOOQ\/jOOX\/statuses\/{sha}","languages_url":"https:\/\/api.github.com\/repos\/jOOQ\/jOOX\/languages","stargazers_url":"https:\/\/api.github.com\/repos\/jOOQ\/jOOX\/stargazers","contributors_url":"https:\/\/api.github.com\/repos\/jOOQ\/jOOX\/contributors","subscribers_url":"https:\/\/api.github.com\/repos\/jOOQ\/jOOX\/subscribers","subscription_url":"https:\/\/api.github.com\/repos\/jOOQ\/jOOX\/subscription","commits_url":"https:\/\/api.github.com\/repos\/jOOQ\/jOOX\/commits{\/sha}","git_commits_url":"https:\/\/api.github.com\/repos\/jOOQ\/jOOX\/git\/commits{\/sha}","comments_url":"https:\/\/api.github.com\/repos\/jOOQ\/jOOX\/comments{\/number}","issue_comment_url":"https:\/\/api.github.com\/repos\/jOOQ\/jOOX\/issues\/comments{\/number}","contents_url":"https:\/\/api.github.com\/repos\/jOOQ\/jOOX\/contents\/{+path}","compare_url":"https:\/\/api.github.com\/repos\/jOOQ\/jOOX\/compare\/{base}...{head}","merges_url":"https:\/\/api.github.com\/repos\/jOOQ\/jOOX\/merges","archive_url":"https:\/\/api.github.com\/repos\/jOOQ\/jOOX\/{archive_format}{\/ref}","downloads_url":"https:\/\/api.github.com\/repos\/jOOQ\/jOOX\/downloads","issues_url":"https:\/\/api.github.com\/repos\/jOOQ\/jOOX\/issues{\/number}","pulls_url":"https:\/\/api.github.com\/repos\/jOOQ\/jOOX\/pulls{\/number}","milestones_url":"https:\/\/api.github.com\/repos\/jOOQ\/jOOX\/milestones{\/number}","notifications_url":"https:\/\/api.github.com\/repos\/jOOQ\/jOOX\/notifications{?since,all,participating}","labels_url":"https:\/\/api.github.com\/repos\/jOOQ\/jOOX\/labels{\/name}","releases_url":"https:\/\/api.github.com\/repos\/jOOQ\/jOOX\/releases{\/id}","deployments_url":"https:\/\/api.github.com\/repos\/jOOQ\/jOOX\/deployments","created_at":"2011-08-11T18:08:47Z","updated_at":"2019-01-29T02:59:21Z","pushed_at":"2018-09-10T11:04:36Z","git_url":"git:\/\/github.com\/jOOQ\/jOOX.git","ssh_url":"git@github.com:jOOQ\/jOOX.git","clone_url":"https:\/\/github.com\/jOOQ\/jOOX.git","svn_url":"https:\/\/github.com\/jOOQ\/jOOX","homepage":"http:\/\/www.jooq.org\/products","size":678,"stargazers_count":393,"watchers_count":393,"language":"Java","has_issues":true,"has_projects":true,"has_downloads":true,"has_wiki":true,"has_pages":false,"forks_count":33,"mirror_url":null,"archived":false,"open_issues_count":47,"license":{"key":"apache-2.0","name":"Apache License 2.0","spdx_id":"Apache-2.0","url":"https:\/\/api.github.com\/licenses\/apache-2.0","node_id":"MDc6TGljZW5zZTI="},"forks":33,"open_issues":47,"watchers":393,"default_branch":"master","score":19.769373},{"id":122733470,"node_id":"MDEwOlJlcG9zaXRvcnkxMjI3MzM0NzA=","name":"whybundled","full_name":"d4rkr00t\/whybundled","private":false,"owner":{"login":"d4rkr00t","id":200119,"node_id":"MDQ6VXNlcjIwMDExOQ==","avatar_url":"https:\/\/avatars2.githubusercontent.com\/u\/200119?v=4","gravatar_id":"","url":"https:\/\/api.github.com\/users\/d4rkr00t","html_url":"https:\/\/github.com\/d4rkr00t","followers_url":"https:\/\/api.github.com\/users\/d4rkr00t\/followers","following_url":"https:\/\/api.github.com\/users\/d4rkr00t\/following{\/other_user}","gists_url":"https:\/\/api.github.com\/users\/d4rkr00t\/gists{\/gist_id}","starred_url":"https:\/\/api.github.com\/users\/d4rkr00t\/starred{\/owner}{\/repo}","subscriptions_url":"https:\/\/api.github.com\/users\/d4rkr00t\/subscriptions","organizations_url":"https:\/\/api.github.com\/users\/d4rkr00t\/orgs","repos_url":"https:\/\/api.github.com\/users\/d4rkr00t\/repos","events_url":"https:\/\/api.github.com\/users\/d4rkr00t\/events{\/privacy}","received_events_url":"https:\/\/api.github.com\/users\/d4rkr00t\/received_events","type":"User","site_admin":false},"html_url":"https:\/\/github.com\/d4rkr00t\/whybundled","description":"Answers the question \u2013 Why the hell is this module in a bundle?","fork":false,"url":"https:\/\/api.github.com\/repos\/d4rkr00t\/whybundled","forks_url":"https:\/\/api.github.com\/repos\/d4rkr00t\/whybundled\/forks","keys_url":"https:\/\/api.github.com\/repos\/d4rkr00t\/whybundled\/keys{\/key_id}","collaborators_url":"https:\/\/api.github.com\/repos\/d4rkr00t\/whybundled\/collaborators{\/collaborator}","teams_url":"https:\/\/api.github.com\/repos\/d4rkr00t\/whybundled\/teams","hooks_url":"https:\/\/api.github.com\/repos\/d4rkr00t\/whybundled\/hooks","issue_events_url":"https:\/\/api.github.com\/repos\/d4rkr00t\/whybundled\/issues\/events{\/number}","events_url":"https:\/\/api.github.com\/repos\/d4rkr00t\/whybundled\/events","assignees_url":"https:\/\/api.github.com\/repos\/d4rkr00t\/whybundled\/assignees{\/user}","branches_url":"https:\/\/api.github.com\/repos\/d4rkr00t\/whybundled\/branches{\/branch}","tags_url":"https:\/\/api.github.com\/repos\/d4rkr00t\/whybundled\/tags","blobs_url":"https:\/\/api.github.com\/repos\/d4rkr00t\/whybundled\/git\/blobs{\/sha}","git_tags_url":"https:\/\/api.github.com\/repos\/d4rkr00t\/whybundled\/git\/tags{\/sha}","git_refs_url":"https:\/\/api.github.com\/repos\/d4rkr00t\/whybundled\/git\/refs{\/sha}","trees_url":"https:\/\/api.github.com\/repos\/d4rkr00t\/whybundled\/git\/trees{\/sha}","statuses_url":"https:\/\/api.github.com\/repos\/d4rkr00t\/whybundled\/statuses\/{sha}","languages_url":"https:\/\/api.github.com\/repos\/d4rkr00t\/whybundled\/languages","stargazers_url":"https:\/\/api.github.com\/repos\/d4rkr00t\/whybundled\/stargazers","contributors_url":"https:\/\/api.github.com\/repos\/d4rkr00t\/whybundled\/contributors","subscribers_url":"https:\/\/api.github.com\/repos\/d4rkr00t\/whybundled\/subscribers","subscription_url":"https:\/\/api.github.com\/repos\/d4rkr00t\/whybundled\/subscription","commits_url":"https:\/\/api.github.com\/repos\/d4rkr00t\/whybundled\/commits{\/sha}","git_commits_url":"https:\/\/api.github.com\/repos\/d4rkr00t\/whybundled\/git\/commits{\/sha}","comments_url":"https:\/\/api.github.com\/repos\/d4rkr00t\/whybundled\/comments{\/number}","issue_comment_url":"https:\/\/api.github.com\/repos\/d4rkr00t\/whybundled\/issues\/comments{\/number}","contents_url":"https:\/\/api.github.com\/repos\/d4rkr00t\/whybundled\/contents\/{+path}","compare_url":"https:\/\/api.github.com\/repos\/d4rkr00t\/whybundled\/compare\/{base}...{head}","merges_url":"https:\/\/api.github.com\/repos\/d4rkr00t\/whybundled\/merges","archive_url":"https:\/\/api.github.com\/repos\/d4rkr00t\/whybundled\/{archive_format}{\/ref}","downloads_url":"https:\/\/api.github.com\/repos\/d4rkr00t\/whybundled\/downloads","issues_url":"https:\/\/api.github.com\/repos\/d4rkr00t\/whybundled\/issues{\/number}","pulls_url":"https:\/\/api.github.com\/repos\/d4rkr00t\/whybundled\/pulls{\/number}","milestones_url":"https:\/\/api.github.com\/repos\/d4rkr00t\/whybundled\/milestones{\/number}","notifications_url":"https:\/\/api.github.com\/repos\/d4rkr00t\/whybundled\/notifications{?since,all,participating}","labels_url":"https:\/\/api.github.com\/repos\/d4rkr00t\/whybundled\/labels{\/name}","releases_url":"https:\/\/api.github.com\/repos\/d4rkr00t\/whybundled\/releases{\/id}","deployments_url":"https:\/\/api.github.com\/repos\/d4rkr00t\/whybundled\/deployments","created_at":"2018-02-24T11:12:27Z","updated_at":"2019-01-23T19:10:27Z","pushed_at":"2018-08-20T15:27:01Z","git_url":"git:\/\/github.com\/d4rkr00t\/whybundled.git","ssh_url":"git@github.com:d4rkr00t\/whybundled.git","clone_url":"https:\/\/github.com\/d4rkr00t\/whybundled.git","svn_url":"https:\/\/github.com\/d4rkr00t\/whybundled","homepage":"","size":2003,"stargazers_count":374,"watchers_count":374,"language":"JavaScript","has_issues":true,"has_projects":true,"has_downloads":true,"has_wiki":true,"has_pages":false,"forks_count":8,"mirror_url":null,"archived":false,"open_issues_count":0,"license":{"key":"mit","name":"MIT License","spdx_id":"MIT","url":"https:\/\/api.github.com\/licenses\/mit","node_id":"MDc6TGljZW5zZTEz"},"forks":8,"open_issues":0,"watchers":374,"default_branch":"master","score":68.718575},{"id":9549719,"node_id":"MDEwOlJlcG9zaXRvcnk5NTQ5NzE5","name":"CLOSURE","full_name":"steveklabnik\/CLOSURE","private":false,"owner":{"login":"steveklabnik","id":27786,"node_id":"MDQ6VXNlcjI3Nzg2","avatar_url":"https:\/\/avatars2.githubusercontent.com\/u\/27786?v=4","gravatar_id":"","url":"https:\/\/api.github.com\/users\/steveklabnik","html_url":"https:\/\/github.com\/steveklabnik","followers_url":"https:\/\/api.github.com\/users\/steveklabnik\/followers","following_url":"https:\/\/api.github.com\/users\/steveklabnik\/following{\/other_user}","gists_url":"https:\/\/api.github.com\/users\/steveklabnik\/gists{\/gist_id}","starred_url":"https:\/\/api.github.com\/users\/steveklabnik\/starred{\/owner}{\/repo}","subscriptions_url":"https:\/\/api.github.com\/users\/steveklabnik\/subscriptions","organizations_url":"https:\/\/api.github.com\/users\/steveklabnik\/orgs","repos_url":"https:\/\/api.github.com\/users\/steveklabnik\/repos","events_url":"https:\/\/api.github.com\/users\/steveklabnik\/events{\/privacy}","received_events_url":"https:\/\/api.github.com\/users\/steveklabnik\/received_events","type":"User","site_admin":false},"html_url":"https:\/\/github.com\/steveklabnik\/CLOSURE","description":"Thanks, _why.","fork":false,"url":"https:\/\/api.github.com\/repos\/steveklabnik\/CLOSURE","forks_url":"https:\/\/api.github.com\/repos\/steveklabnik\/CLOSURE\/forks","keys_url":"https:\/\/api.github.com\/repos\/steveklabnik\/CLOSURE\/keys{\/key_id}","collaborators_url":"https:\/\/api.github.com\/repos\/steveklabnik\/CLOSURE\/collaborators{\/collaborator}","teams_url":"https:\/\/api.github.com\/repos\/steveklabnik\/CLOSURE\/teams","hooks_url":"https:\/\/api.github.com\/repos\/steveklabnik\/CLOSURE\/hooks","issue_events_url":"https:\/\/api.github.com\/repos\/steveklabnik\/CLOSURE\/issues\/events{\/number}","events_url":"https:\/\/api.github.com\/repos\/steveklabnik\/CLOSURE\/events","assignees_url":"https:\/\/api.github.com\/repos\/steveklabnik\/CLOSURE\/assignees{\/user}","branches_url":"https:\/\/api.github.com\/repos\/steveklabnik\/CLOSURE\/branches{\/branch}","tags_url":"https:\/\/api.github.com\/repos\/steveklabnik\/CLOSURE\/tags","blobs_url":"https:\/\/api.github.com\/repos\/steveklabnik\/CLOSURE\/git\/blobs{\/sha}","git_tags_url":"https:\/\/api.github.com\/repos\/steveklabnik\/CLOSURE\/git\/tags{\/sha}","git_refs_url":"https:\/\/api.github.com\/repos\/steveklabnik\/CLOSURE\/git\/refs{\/sha}","trees_url":"https:\/\/api.github.com\/repos\/steveklabnik\/CLOSURE\/git\/trees{\/sha}","statuses_url":"https:\/\/api.github.com\/repos\/steveklabnik\/CLOSURE\/statuses\/{sha}","languages_url":"https:\/\/api.github.com\/repos\/steveklabnik\/CLOSURE\/languages","stargazers_url":"https:\/\/api.github.com\/repos\/steveklabnik\/CLOSURE\/stargazers","contributors_url":"https:\/\/api.github.com\/repos\/steveklabnik\/CLOSURE\/contributors","subscribers_url":"https:\/\/api.github.com\/repos\/steveklabnik\/CLOSURE\/subscribers","subscription_url":"https:\/\/api.github.com\/repos\/steveklabnik\/CLOSURE\/subscription","commits_url":"https:\/\/api.github.com\/repos\/steveklabnik\/CLOSURE\/commits{\/sha}","git_commits_url":"https:\/\/api.github.com\/repos\/steveklabnik\/CLOSURE\/git\/commits{\/sha}","comments_url":"https:\/\/api.github.com\/repos\/steveklabnik\/CLOSURE\/comments{\/number}","issue_comment_url":"https:\/\/api.github.com\/repos\/steveklabnik\/CLOSURE\/issues\/comments{\/number}","contents_url":"https:\/\/api.github.com\/repos\/steveklabnik\/CLOSURE\/contents\/{+path}","compare_url":"https:\/\/api.github.com\/repos\/steveklabnik\/CLOSURE\/compare\/{base}...{head}","merges_url":"https:\/\/api.github.com\/repos\/steveklabnik\/CLOSURE\/merges","archive_url":"https:\/\/api.github.com\/repos\/steveklabnik\/CLOSURE\/{archive_format}{\/ref}","downloads_url":"https:\/\/api.github.com\/repos\/steveklabnik\/CLOSURE\/downloads","issues_url":"https:\/\/api.github.com\/repos\/steveklabnik\/CLOSURE\/issues{\/number}","pulls_url":"https:\/\/api.github.com\/repos\/steveklabnik\/CLOSURE\/pulls{\/number}","milestones_url":"https:\/\/api.github.com\/repos\/steveklabnik\/CLOSURE\/milestones{\/number}","notifications_url":"https:\/\/api.github.com\/repos\/steveklabnik\/CLOSURE\/notifications{?since,all,participating}","labels_url":"https:\/\/api.github.com\/repos\/steveklabnik\/CLOSURE\/labels{\/name}","releases_url":"https:\/\/api.github.com\/repos\/steveklabnik\/CLOSURE\/releases{\/id}","deployments_url":"https:\/\/api.github.com\/repos\/steveklabnik\/CLOSURE\/deployments","created_at":"2013-04-19T16:35:35Z","updated_at":"2019-01-25T03:10:45Z","pushed_at":"2016-08-19T21:52:58Z","git_url":"git:\/\/github.com\/steveklabnik\/CLOSURE.git","ssh_url":"git@github.com:steveklabnik\/CLOSURE.git","clone_url":"https:\/\/github.com\/steveklabnik\/CLOSURE.git","svn_url":"https:\/\/github.com\/steveklabnik\/CLOSURE","homepage":null,"size":98819,"stargazers_count":347,"watchers_count":347,"language":null,"has_issues":true,"has_projects":true,"has_downloads":true,"has_wiki":true,"has_pages":false,"forks_count":29,"mirror_url":null,"archived":false,"open_issues_count":1,"license":null,"forks":29,"open_issues":1,"watchers":347,"default_branch":"master","score":83.83711},{"id":285132,"node_id":"MDEwOlJlcG9zaXRvcnkyODUxMzI=","name":"TryRuby","full_name":"Sophrinix\/TryRuby","private":false,"owner":{"login":"Sophrinix","id":34090,"node_id":"MDQ6VXNlcjM0MDkw","avatar_url":"https:\/\/avatars1.githubusercontent.com\/u\/34090?v=4","gravatar_id":"","url":"https:\/\/api.github.com\/users\/Sophrinix","html_url":"https:\/\/github.com\/Sophrinix","followers_url":"https:\/\/api.github.com\/users\/Sophrinix\/followers","following_url":"https:\/\/api.github.com\/users\/Sophrinix\/following{\/other_user}","gists_url":"https:\/\/api.github.com\/users\/Sophrinix\/gists{\/gist_id}","starred_url":"https:\/\/api.github.com\/users\/Sophrinix\/starred{\/owner}{\/repo}","subscriptions_url":"https:\/\/api.github.com\/users\/Sophrinix\/subscriptions","organizations_url":"https:\/\/api.github.com\/users\/Sophrinix\/orgs","repos_url":"https:\/\/api.github.com\/users\/Sophrinix\/repos","events_url":"https:\/\/api.github.com\/users\/Sophrinix\/events{\/privacy}","received_events_url":"https:\/\/api.github.com\/users\/Sophrinix\/received_events","type":"User","site_admin":false},"html_url":"https:\/\/github.com\/Sophrinix\/TryRuby","description":"Try Ruby is a interactive shell that quickly and whimsically teaches the Ruby programming language. Originally _why's idea, it has been recreated from the ground up by Rubyists who have a passion for Ruby and for teaching their fellow (wo)man how to program.","fork":false,"url":"https:\/\/api.github.com\/repos\/Sophrinix\/TryRuby","forks_url":"https:\/\/api.github.com\/repos\/Sophrinix\/TryRuby\/forks","keys_url":"https:\/\/api.github.com\/repos\/Sophrinix\/TryRuby\/keys{\/key_id}","collaborators_url":"https:\/\/api.github.com\/repos\/Sophrinix\/TryRuby\/collaborators{\/collaborator}","teams_url":"https:\/\/api.github.com\/repos\/Sophrinix\/TryRuby\/teams","hooks_url":"https:\/\/api.github.com\/repos\/Sophrinix\/TryRuby\/hooks","issue_events_url":"https:\/\/api.github.com\/repos\/Sophrinix\/TryRuby\/issues\/events{\/number}","events_url":"https:\/\/api.github.com\/repos\/Sophrinix\/TryRuby\/events","assignees_url":"https:\/\/api.github.com\/repos\/Sophrinix\/TryRuby\/assignees{\/user}","branches_url":"https:\/\/api.github.com\/repos\/Sophrinix\/TryRuby\/branches{\/branch}","tags_url":"https:\/\/api.github.com\/repos\/Sophrinix\/TryRuby\/tags","blobs_url":"https:\/\/api.github.com\/repos\/Sophrinix\/TryRuby\/git\/blobs{\/sha}","git_tags_url":"https:\/\/api.github.com\/repos\/Sophrinix\/TryRuby\/git\/tags{\/sha}","git_refs_url":"https:\/\/api.github.com\/repos\/Sophrinix\/TryRuby\/git\/refs{\/sha}","trees_url":"https:\/\/api.github.com\/repos\/Sophrinix\/TryRuby\/git\/trees{\/sha}","statuses_url":"https:\/\/api.github.com\/repos\/Sophrinix\/TryRuby\/statuses\/{sha}","languages_url":"https:\/\/api.github.com\/repos\/Sophrinix\/TryRuby\/languages","stargazers_url":"https:\/\/api.github.com\/repos\/Sophrinix\/TryRuby\/stargazers","contributors_url":"https:\/\/api.github.com\/repos\/Sophrinix\/TryRuby\/contributors","subscribers_url":"https:\/\/api.github.com\/repos\/Sophrinix\/TryRuby\/subscribers","subscription_url":"https:\/\/api.github.com\/repos\/Sophrinix\/TryRuby\/subscription","commits_url":"https:\/\/api.github.com\/repos\/Sophrinix\/TryRuby\/commits{\/sha}","git_commits_url":"https:\/\/api.github.com\/repos\/Sophrinix\/TryRuby\/git\/commits{\/sha}","comments_url":"https:\/\/api.github.com\/repos\/Sophrinix\/TryRuby\/comments{\/number}","issue_comment_url":"https:\/\/api.github.com\/repos\/Sophrinix\/TryRuby\/issues\/comments{\/number}","contents_url":"https:\/\/api.github.com\/repos\/Sophrinix\/TryRuby\/contents\/{+path}","compare_url":"https:\/\/api.github.com\/repos\/Sophrinix\/TryRuby\/compare\/{base}...{head}","merges_url":"https:\/\/api.github.com\/repos\/Sophrinix\/TryRuby\/merges","archive_url":"https:\/\/api.github.com\/repos\/Sophrinix\/TryRuby\/{archive_format}{\/ref}","downloads_url":"https:\/\/api.github.com\/repos\/Sophrinix\/TryRuby\/downloads","issues_url":"https:\/\/api.github.com\/repos\/Sophrinix\/TryRuby\/issues{\/number}","pulls_url":"https:\/\/api.github.com\/repos\/Sophrinix\/TryRuby\/pulls{\/number}","milestones_url":"https:\/\/api.github.com\/repos\/Sophrinix\/TryRuby\/milestones{\/number}","notifications_url":"https:\/\/api.github.com\/repos\/Sophrinix\/TryRuby\/notifications{?since,all,participating}","labels_url":"https:\/\/api.github.com\/repos\/Sophrinix\/TryRuby\/labels{\/name}","releases_url":"https:\/\/api.github.com\/repos\/Sophrinix\/TryRuby\/releases{\/id}","deployments_url":"https:\/\/api.github.com\/repos\/Sophrinix\/TryRuby\/deployments","created_at":"2009-08-22T17:31:37Z","updated_at":"2019-01-21T09:33:14Z","pushed_at":"2018-06-02T04:32:55Z","git_url":"git:\/\/github.com\/Sophrinix\/TryRuby.git","ssh_url":"git@github.com:Sophrinix\/TryRuby.git","clone_url":"https:\/\/github.com\/Sophrinix\/TryRuby.git","svn_url":"https:\/\/github.com\/Sophrinix\/TryRuby","homepage":"tryruby.org","size":881,"stargazers_count":346,"watchers_count":346,"language":"HTML","has_issues":true,"has_projects":true,"has_downloads":true,"has_wiki":true,"has_pages":false,"forks_count":82,"mirror_url":null,"archived":false,"open_issues_count":69,"license":null,"forks":82,"open_issues":69,"watchers":346,"default_branch":"master","score":21.985352},{"id":139259807,"node_id":"MDEwOlJlcG9zaXRvcnkxMzkyNTk4MDc=","name":"UserDefaultsStore","full_name":"omaralbeik\/UserDefaultsStore","private":false,"owner":{"login":"omaralbeik","id":8127757,"node_id":"MDQ6VXNlcjgxMjc3NTc=","avatar_url":"https:\/\/avatars2.githubusercontent.com\/u\/8127757?v=4","gravatar_id":"","url":"https:\/\/api.github.com\/users\/omaralbeik","html_url":"https:\/\/github.com\/omaralbeik","followers_url":"https:\/\/api.github.com\/users\/omaralbeik\/followers","following_url":"https:\/\/api.github.com\/users\/omaralbeik\/following{\/other_user}","gists_url":"https:\/\/api.github.com\/users\/omaralbeik\/gists{\/gist_id}","starred_url":"https:\/\/api.github.com\/users\/omaralbeik\/starred{\/owner}{\/repo}","subscriptions_url":"https:\/\/api.github.com\/users\/omaralbeik\/subscriptions","organizations_url":"https:\/\/api.github.com\/users\/omaralbeik\/orgs","repos_url":"https:\/\/api.github.com\/users\/omaralbeik\/repos","events_url":"https:\/\/api.github.com\/users\/omaralbeik\/events{\/privacy}","received_events_url":"https:\/\/api.github.com\/users\/omaralbeik\/received_events","type":"User","site_admin":false},"html_url":"https:\/\/github.com\/omaralbeik\/UserDefaultsStore","description":"Why not use UserDefaults to store Codable objects \ud83d\ude09","fork":false,"url":"https:\/\/api.github.com\/repos\/omaralbeik\/UserDefaultsStore","forks_url":"https:\/\/api.github.com\/repos\/omaralbeik\/UserDefaultsStore\/forks","keys_url":"https:\/\/api.github.com\/repos\/omaralbeik\/UserDefaultsStore\/keys{\/key_id}","collaborators_url":"https:\/\/api.github.com\/repos\/omaralbeik\/UserDefaultsStore\/collaborators{\/collaborator}","teams_url":"https:\/\/api.github.com\/repos\/omaralbeik\/UserDefaultsStore\/teams","hooks_url":"https:\/\/api.github.com\/repos\/omaralbeik\/UserDefaultsStore\/hooks","issue_events_url":"https:\/\/api.github.com\/repos\/omaralbeik\/UserDefaultsStore\/issues\/events{\/number}","events_url":"https:\/\/api.github.com\/repos\/omaralbeik\/UserDefaultsStore\/events","assignees_url":"https:\/\/api.github.com\/repos\/omaralbeik\/UserDefaultsStore\/assignees{\/user}","branches_url":"https:\/\/api.github.com\/repos\/omaralbeik\/UserDefaultsStore\/branches{\/branch}","tags_url":"https:\/\/api.github.com\/repos\/omaralbeik\/UserDefaultsStore\/tags","blobs_url":"https:\/\/api.github.com\/repos\/omaralbeik\/UserDefaultsStore\/git\/blobs{\/sha}","git_tags_url":"https:\/\/api.github.com\/repos\/omaralbeik\/UserDefaultsStore\/git\/tags{\/sha}","git_refs_url":"https:\/\/api.github.com\/repos\/omaralbeik\/UserDefaultsStore\/git\/refs{\/sha}","trees_url":"https:\/\/api.github.com\/repos\/omaralbeik\/UserDefaultsStore\/git\/trees{\/sha}","statuses_url":"https:\/\/api.github.com\/repos\/omaralbeik\/UserDefaultsStore\/statuses\/{sha}","languages_url":"https:\/\/api.github.com\/repos\/omaralbeik\/UserDefaultsStore\/languages","stargazers_url":"https:\/\/api.github.com\/repos\/omaralbeik\/UserDefaultsStore\/stargazers","contributors_url":"https:\/\/api.github.com\/repos\/omaralbeik\/UserDefaultsStore\/contributors","subscribers_url":"https:\/\/api.github.com\/repos\/omaralbeik\/UserDefaultsStore\/subscribers","subscription_url":"https:\/\/api.github.com\/repos\/omaralbeik\/UserDefaultsStore\/subscription","commits_url":"https:\/\/api.github.com\/repos\/omaralbeik\/UserDefaultsStore\/commits{\/sha}","git_commits_url":"https:\/\/api.github.com\/repos\/omaralbeik\/UserDefaultsStore\/git\/commits{\/sha}","comments_url":"https:\/\/api.github.com\/repos\/omaralbeik\/UserDefaultsStore\/comments{\/number}","issue_comment_url":"https:\/\/api.github.com\/repos\/omaralbeik\/UserDefaultsStore\/issues\/comments{\/number}","contents_url":"https:\/\/api.github.com\/repos\/omaralbeik\/UserDefaultsStore\/contents\/{+path}","compare_url":"https:\/\/api.github.com\/repos\/omaralbeik\/UserDefaultsStore\/compare\/{base}...{head}","merges_url":"https:\/\/api.github.com\/repos\/omaralbeik\/UserDefaultsStore\/merges","archive_url":"https:\/\/api.github.com\/repos\/omaralbeik\/UserDefaultsStore\/{archive_format}{\/ref}","downloads_url":"https:\/\/api.github.com\/repos\/omaralbeik\/UserDefaultsStore\/downloads","issues_url":"https:\/\/api.github.com\/repos\/omaralbeik\/UserDefaultsStore\/issues{\/number}","pulls_url":"https:\/\/api.github.com\/repos\/omaralbeik\/UserDefaultsStore\/pulls{\/number}","milestones_url":"https:\/\/api.github.com\/repos\/omaralbeik\/UserDefaultsStore\/milestones{\/number}","notifications_url":"https:\/\/api.github.com\/repos\/omaralbeik\/UserDefaultsStore\/notifications{?since,all,participating}","labels_url":"https:\/\/api.github.com\/repos\/omaralbeik\/UserDefaultsStore\/labels{\/name}","releases_url":"https:\/\/api.github.com\/repos\/omaralbeik\/UserDefaultsStore\/releases{\/id}","deployments_url":"https:\/\/api.github.com\/repos\/omaralbeik\/UserDefaultsStore\/deployments","created_at":"2018-06-30T15:29:31Z","updated_at":"2019-01-28T22:49:33Z","pushed_at":"2018-11-08T05:49:36Z","git_url":"git:\/\/github.com\/omaralbeik\/UserDefaultsStore.git","ssh_url":"git@github.com:omaralbeik\/UserDefaultsStore.git","clone_url":"https:\/\/github.com\/omaralbeik\/UserDefaultsStore.git","svn_url":"https:\/\/github.com\/omaralbeik\/UserDefaultsStore","homepage":null,"size":388,"stargazers_count":311,"watchers_count":311,"language":"Swift","has_issues":true,"has_projects":false,"has_downloads":true,"has_wiki":false,"has_pages":false,"forks_count":13,"mirror_url":null,"archived":false,"open_issues_count":2,"license":{"key":"mit","name":"MIT License","spdx_id":"MIT","url":"https:\/\/api.github.com\/licenses\/mit","node_id":"MDc6TGljZW5zZTEz"},"forks":13,"open_issues":2,"watchers":311,"default_branch":"master","score":51.533554},{"id":1666180,"node_id":"MDEwOlJlcG9zaXRvcnkxNjY2MTgw","name":"why_i_love_github","full_name":"schacon\/why_i_love_github","private":false,"owner":{"login":"schacon","id":70,"node_id":"MDQ6VXNlcjcw","avatar_url":"https:\/\/avatars0.githubusercontent.com\/u\/70?v=4","gravatar_id":"","url":"https:\/\/api.github.com\/users\/schacon","html_url":"https:\/\/github.com\/schacon","followers_url":"https:\/\/api.github.com\/users\/schacon\/followers","following_url":"https:\/\/api.github.com\/users\/schacon\/following{\/other_user}","gists_url":"https:\/\/api.github.com\/users\/schacon\/gists{\/gist_id}","starred_url":"https:\/\/api.github.com\/users\/schacon\/starred{\/owner}{\/repo}","subscriptions_url":"https:\/\/api.github.com\/users\/schacon\/subscriptions","organizations_url":"https:\/\/api.github.com\/users\/schacon\/orgs","repos_url":"https:\/\/api.github.com\/users\/schacon\/repos","events_url":"https:\/\/api.github.com\/users\/schacon\/events{\/privacy}","received_events_url":"https:\/\/api.github.com\/users\/schacon\/received_events","type":"User","site_admin":false},"html_url":"https:\/\/github.com\/schacon\/why_i_love_github","description":null,"fork":false,"url":"https:\/\/api.github.com\/repos\/schacon\/why_i_love_github","forks_url":"https:\/\/api.github.com\/repos\/schacon\/why_i_love_github\/forks","keys_url":"https:\/\/api.github.com\/repos\/schacon\/why_i_love_github\/keys{\/key_id}","collaborators_url":"https:\/\/api.github.com\/repos\/schacon\/why_i_love_github\/collaborators{\/collaborator}","teams_url":"https:\/\/api.github.com\/repos\/schacon\/why_i_love_github\/teams","hooks_url":"https:\/\/api.github.com\/repos\/schacon\/why_i_love_github\/hooks","issue_events_url":"https:\/\/api.github.com\/repos\/schacon\/why_i_love_github\/issues\/events{\/number}","events_url":"https:\/\/api.github.com\/repos\/schacon\/why_i_love_github\/events","assignees_url":"https:\/\/api.github.com\/repos\/schacon\/why_i_love_github\/assignees{\/user}","branches_url":"https:\/\/api.github.com\/repos\/schacon\/why_i_love_github\/branches{\/branch}","tags_url":"https:\/\/api.github.com\/repos\/schacon\/why_i_love_github\/tags","blobs_url":"https:\/\/api.github.com\/repos\/schacon\/why_i_love_github\/git\/blobs{\/sha}","git_tags_url":"https:\/\/api.github.com\/repos\/schacon\/why_i_love_github\/git\/tags{\/sha}","git_refs_url":"https:\/\/api.github.com\/repos\/schacon\/why_i_love_github\/git\/refs{\/sha}","trees_url":"https:\/\/api.github.com\/repos\/schacon\/why_i_love_github\/git\/trees{\/sha}","statuses_url":"https:\/\/api.github.com\/repos\/schacon\/why_i_love_github\/statuses\/{sha}","languages_url":"https:\/\/api.github.com\/repos\/schacon\/why_i_love_github\/languages","stargazers_url":"https:\/\/api.github.com\/repos\/schacon\/why_i_love_github\/stargazers","contributors_url":"https:\/\/api.github.com\/repos\/schacon\/why_i_love_github\/contributors","subscribers_url":"https:\/\/api.github.com\/repos\/schacon\/why_i_love_github\/subscribers","subscription_url":"https:\/\/api.github.com\/repos\/schacon\/why_i_love_github\/subscription","commits_url":"https:\/\/api.github.com\/repos\/schacon\/why_i_love_github\/commits{\/sha}","git_commits_url":"https:\/\/api.github.com\/repos\/schacon\/why_i_love_github\/git\/commits{\/sha}","comments_url":"https:\/\/api.github.com\/repos\/schacon\/why_i_love_github\/comments{\/number}","issue_comment_url":"https:\/\/api.github.com\/repos\/schacon\/why_i_love_github\/issues\/comments{\/number}","contents_url":"https:\/\/api.github.com\/repos\/schacon\/why_i_love_github\/contents\/{+path}","compare_url":"https:\/\/api.github.com\/repos\/schacon\/why_i_love_github\/compare\/{base}...{head}","merges_url":"https:\/\/api.github.com\/repos\/schacon\/why_i_love_github\/merges","archive_url":"https:\/\/api.github.com\/repos\/schacon\/why_i_love_github\/{archive_format}{\/ref}","downloads_url":"https:\/\/api.github.com\/repos\/schacon\/why_i_love_github\/downloads","issues_url":"https:\/\/api.github.com\/repos\/schacon\/why_i_love_github\/issues{\/number}","pulls_url":"https:\/\/api.github.com\/repos\/schacon\/why_i_love_github\/pulls{\/number}","milestones_url":"https:\/\/api.github.com\/repos\/schacon\/why_i_love_github\/milestones{\/number}","notifications_url":"https:\/\/api.github.com\/repos\/schacon\/why_i_love_github\/notifications{?since,all,participating}","labels_url":"https:\/\/api.github.com\/repos\/schacon\/why_i_love_github\/labels{\/name}","releases_url":"https:\/\/api.github.com\/repos\/schacon\/why_i_love_github\/releases{\/id}","deployments_url":"https:\/\/api.github.com\/repos\/schacon\/why_i_love_github\/deployments","created_at":"2011-04-26T17:18:57Z","updated_at":"2018-12-26T22:44:49Z","pushed_at":"2018-09-06T06:18:12Z","git_url":"git:\/\/github.com\/schacon\/why_i_love_github.git","ssh_url":"git@github.com:schacon\/why_i_love_github.git","clone_url":"https:\/\/github.com\/schacon\/why_i_love_github.git","svn_url":"https:\/\/github.com\/schacon\/why_i_love_github","homepage":"","size":296,"stargazers_count":269,"watchers_count":269,"language":null,"has_issues":true,"has_projects":true,"has_downloads":true,"has_wiki":true,"has_pages":false,"forks_count":202,"mirror_url":null,"archived":false,"open_issues_count":115,"license":null,"forks":202,"open_issues":115,"watchers":269,"default_branch":"master","score":94.83825},{"id":5762352,"node_id":"MDEwOlJlcG9zaXRvcnk1NzYyMzUy","name":"nightowls","full_name":"Swizec\/nightowls","private":false,"owner":{"login":"Swizec","id":56883,"node_id":"MDQ6VXNlcjU2ODgz","avatar_url":"https:\/\/avatars0.githubusercontent.com\/u\/56883?v=4","gravatar_id":"","url":"https:\/\/api.github.com\/users\/Swizec","html_url":"https:\/\/github.com\/Swizec","followers_url":"https:\/\/api.github.com\/users\/Swizec\/followers","following_url":"https:\/\/api.github.com\/users\/Swizec\/following{\/other_user}","gists_url":"https:\/\/api.github.com\/users\/Swizec\/gists{\/gist_id}","starred_url":"https:\/\/api.github.com\/users\/Swizec\/starred{\/owner}{\/repo}","subscriptions_url":"https:\/\/api.github.com\/users\/Swizec\/subscriptions","organizations_url":"https:\/\/api.github.com\/users\/Swizec\/orgs","repos_url":"https:\/\/api.github.com\/users\/Swizec\/repos","events_url":"https:\/\/api.github.com\/users\/Swizec\/events{\/privacy}","received_events_url":"https:\/\/api.github.com\/users\/Swizec\/received_events","type":"User","site_admin":false},"html_url":"https:\/\/github.com\/Swizec\/nightowls","description":"Why programmers work at night - a book about programmers, by a programmer","fork":false,"url":"https:\/\/api.github.com\/repos\/Swizec\/nightowls","forks_url":"https:\/\/api.github.com\/repos\/Swizec\/nightowls\/forks","keys_url":"https:\/\/api.github.com\/repos\/Swizec\/nightowls\/keys{\/key_id}","collaborators_url":"https:\/\/api.github.com\/repos\/Swizec\/nightowls\/collaborators{\/collaborator}","teams_url":"https:\/\/api.github.com\/repos\/Swizec\/nightowls\/teams","hooks_url":"https:\/\/api.github.com\/repos\/Swizec\/nightowls\/hooks","issue_events_url":"https:\/\/api.github.com\/repos\/Swizec\/nightowls\/issues\/events{\/number}","events_url":"https:\/\/api.github.com\/repos\/Swizec\/nightowls\/events","assignees_url":"https:\/\/api.github.com\/repos\/Swizec\/nightowls\/assignees{\/user}","branches_url":"https:\/\/api.github.com\/repos\/Swizec\/nightowls\/branches{\/branch}","tags_url":"https:\/\/api.github.com\/repos\/Swizec\/nightowls\/tags","blobs_url":"https:\/\/api.github.com\/repos\/Swizec\/nightowls\/git\/blobs{\/sha}","git_tags_url":"https:\/\/api.github.com\/repos\/Swizec\/nightowls\/git\/tags{\/sha}","git_refs_url":"https:\/\/api.github.com\/repos\/Swizec\/nightowls\/git\/refs{\/sha}","trees_url":"https:\/\/api.github.com\/repos\/Swizec\/nightowls\/git\/trees{\/sha}","statuses_url":"https:\/\/api.github.com\/repos\/Swizec\/nightowls\/statuses\/{sha}","languages_url":"https:\/\/api.github.com\/repos\/Swizec\/nightowls\/languages","stargazers_url":"https:\/\/api.github.com\/repos\/Swizec\/nightowls\/stargazers","contributors_url":"https:\/\/api.github.com\/repos\/Swizec\/nightowls\/contributors","subscribers_url":"https:\/\/api.github.com\/repos\/Swizec\/nightowls\/subscribers","subscription_url":"https:\/\/api.github.com\/repos\/Swizec\/nightowls\/subscription","commits_url":"https:\/\/api.github.com\/repos\/Swizec\/nightowls\/commits{\/sha}","git_commits_url":"https:\/\/api.github.com\/repos\/Swizec\/nightowls\/git\/commits{\/sha}","comments_url":"https:\/\/api.github.com\/repos\/Swizec\/nightowls\/comments{\/number}","issue_comment_url":"https:\/\/api.github.com\/repos\/Swizec\/nightowls\/issues\/comments{\/number}","contents_url":"https:\/\/api.github.com\/repos\/Swizec\/nightowls\/contents\/{+path}","compare_url":"https:\/\/api.github.com\/repos\/Swizec\/nightowls\/compare\/{base}...{head}","merges_url":"https:\/\/api.github.com\/repos\/Swizec\/nightowls\/merges","archive_url":"https:\/\/api.github.com\/repos\/Swizec\/nightowls\/{archive_format}{\/ref}","downloads_url":"https:\/\/api.github.com\/repos\/Swizec\/nightowls\/downloads","issues_url":"https:\/\/api.github.com\/repos\/Swizec\/nightowls\/issues{\/number}","pulls_url":"https:\/\/api.github.com\/repos\/Swizec\/nightowls\/pulls{\/number}","milestones_url":"https:\/\/api.github.com\/repos\/Swizec\/nightowls\/milestones{\/number}","notifications_url":"https:\/\/api.github.com\/repos\/Swizec\/nightowls\/notifications{?since,all,participating}","labels_url":"https:\/\/api.github.com\/repos\/Swizec\/nightowls\/labels{\/name}","releases_url":"https:\/\/api.github.com\/repos\/Swizec\/nightowls\/releases{\/id}","deployments_url":"https:\/\/api.github.com\/repos\/Swizec\/nightowls\/deployments","created_at":"2012-09-11T08:55:05Z","updated_at":"2019-01-22T17:12:56Z","pushed_at":"2017-04-24T09:21:43Z","git_url":"git:\/\/github.com\/Swizec\/nightowls.git","ssh_url":"git@github.com:Swizec\/nightowls.git","clone_url":"https:\/\/github.com\/Swizec\/nightowls.git","svn_url":"https:\/\/github.com\/Swizec\/nightowls","homepage":"https:\/\/leanpub.com\/nightowls","size":1301,"stargazers_count":267,"watchers_count":267,"language":null,"has_issues":true,"has_projects":true,"has_downloads":true,"has_wiki":true,"has_pages":false,"forks_count":23,"mirror_url":null,"archived":false,"open_issues_count":7,"license":null,"forks":23,"open_issues":7,"watchers":267,"default_branch":"master","score":46.147224},{"id":86715491,"node_id":"MDEwOlJlcG9zaXRvcnk4NjcxNTQ5MQ==","name":"pmdarima","full_name":"tgsmith61591\/pmdarima","private":false,"owner":{"login":"tgsmith61591","id":6124706,"node_id":"MDQ6VXNlcjYxMjQ3MDY=","avatar_url":"https:\/\/avatars0.githubusercontent.com\/u\/6124706?v=4","gravatar_id":"","url":"https:\/\/api.github.com\/users\/tgsmith61591","html_url":"https:\/\/github.com\/tgsmith61591","followers_url":"https:\/\/api.github.com\/users\/tgsmith61591\/followers","following_url":"https:\/\/api.github.com\/users\/tgsmith61591\/following{\/other_user}","gists_url":"https:\/\/api.github.com\/users\/tgsmith61591\/gists{\/gist_id}","starred_url":"https:\/\/api.github.com\/users\/tgsmith61591\/starred{\/owner}{\/repo}","subscriptions_url":"https:\/\/api.github.com\/users\/tgsmith61591\/subscriptions","organizations_url":"https:\/\/api.github.com\/users\/tgsmith61591\/orgs","repos_url":"https:\/\/api.github.com\/users\/tgsmith61591\/repos","events_url":"https:\/\/api.github.com\/users\/tgsmith61591\/events{\/privacy}","received_events_url":"https:\/\/api.github.com\/users\/tgsmith61591\/received_events","type":"User","site_admin":false},"html_url":"https:\/\/github.com\/tgsmith61591\/pmdarima","description":"A package that brings R's beloved auto.arima to Python, making an even stronger case for why Python > R for data science. ","fork":false,"url":"https:\/\/api.github.com\/repos\/tgsmith61591\/pmdarima","forks_url":"https:\/\/api.github.com\/repos\/tgsmith61591\/pmdarima\/forks","keys_url":"https:\/\/api.github.com\/repos\/tgsmith61591\/pmdarima\/keys{\/key_id}","collaborators_url":"https:\/\/api.github.com\/repos\/tgsmith61591\/pmdarima\/collaborators{\/collaborator}","teams_url":"https:\/\/api.github.com\/repos\/tgsmith61591\/pmdarima\/teams","hooks_url":"https:\/\/api.github.com\/repos\/tgsmith61591\/pmdarima\/hooks","issue_events_url":"https:\/\/api.github.com\/repos\/tgsmith61591\/pmdarima\/issues\/events{\/number}","events_url":"https:\/\/api.github.com\/repos\/tgsmith61591\/pmdarima\/events","assignees_url":"https:\/\/api.github.com\/repos\/tgsmith61591\/pmdarima\/assignees{\/user}","branches_url":"https:\/\/api.github.com\/repos\/tgsmith61591\/pmdarima\/branches{\/branch}","tags_url":"https:\/\/api.github.com\/repos\/tgsmith61591\/pmdarima\/tags","blobs_url":"https:\/\/api.github.com\/repos\/tgsmith61591\/pmdarima\/git\/blobs{\/sha}","git_tags_url":"https:\/\/api.github.com\/repos\/tgsmith61591\/pmdarima\/git\/tags{\/sha}","git_refs_url":"https:\/\/api.github.com\/repos\/tgsmith61591\/pmdarima\/git\/refs{\/sha}","trees_url":"https:\/\/api.github.com\/repos\/tgsmith61591\/pmdarima\/git\/trees{\/sha}","statuses_url":"https:\/\/api.github.com\/repos\/tgsmith61591\/pmdarima\/statuses\/{sha}","languages_url":"https:\/\/api.github.com\/repos\/tgsmith61591\/pmdarima\/languages","stargazers_url":"https:\/\/api.github.com\/repos\/tgsmith61591\/pmdarima\/stargazers","contributors_url":"https:\/\/api.github.com\/repos\/tgsmith61591\/pmdarima\/contributors","subscribers_url":"https:\/\/api.github.com\/repos\/tgsmith61591\/pmdarima\/subscribers","subscription_url":"https:\/\/api.github.com\/repos\/tgsmith61591\/pmdarima\/subscription","commits_url":"https:\/\/api.github.com\/repos\/tgsmith61591\/pmdarima\/commits{\/sha}","git_commits_url":"https:\/\/api.github.com\/repos\/tgsmith61591\/pmdarima\/git\/commits{\/sha}","comments_url":"https:\/\/api.github.com\/repos\/tgsmith61591\/pmdarima\/comments{\/number}","issue_comment_url":"https:\/\/api.github.com\/repos\/tgsmith61591\/pmdarima\/issues\/comments{\/number}","contents_url":"https:\/\/api.github.com\/repos\/tgsmith61591\/pmdarima\/contents\/{+path}","compare_url":"https:\/\/api.github.com\/repos\/tgsmith61591\/pmdarima\/compare\/{base}...{head}","merges_url":"https:\/\/api.github.com\/repos\/tgsmith61591\/pmdarima\/merges","archive_url":"https:\/\/api.github.com\/repos\/tgsmith61591\/pmdarima\/{archive_format}{\/ref}","downloads_url":"https:\/\/api.github.com\/repos\/tgsmith61591\/pmdarima\/downloads","issues_url":"https:\/\/api.github.com\/repos\/tgsmith61591\/pmdarima\/issues{\/number}","pulls_url":"https:\/\/api.github.com\/repos\/tgsmith61591\/pmdarima\/pulls{\/number}","milestones_url":"https:\/\/api.github.com\/repos\/tgsmith61591\/pmdarima\/milestones{\/number}","notifications_url":"https:\/\/api.github.com\/repos\/tgsmith61591\/pmdarima\/notifications{?since,all,participating}","labels_url":"https:\/\/api.github.com\/repos\/tgsmith61591\/pmdarima\/labels{\/name}","releases_url":"https:\/\/api.github.com\/repos\/tgsmith61591\/pmdarima\/releases{\/id}","deployments_url":"https:\/\/api.github.com\/repos\/tgsmith61591\/pmdarima\/deployments","created_at":"2017-03-30T14:58:30Z","updated_at":"2019-01-27T16:57:38Z","pushed_at":"2019-01-21T21:26:02Z","git_url":"git:\/\/github.com\/tgsmith61591\/pmdarima.git","ssh_url":"git@github.com:tgsmith61591\/pmdarima.git","clone_url":"https:\/\/github.com\/tgsmith61591\/pmdarima.git","svn_url":"https:\/\/github.com\/tgsmith61591\/pmdarima","homepage":"https:\/\/www.alkaline-ml.com\/pmdarima","size":60561,"stargazers_count":254,"watchers_count":254,"language":"Python","has_issues":true,"has_projects":true,"has_downloads":true,"has_wiki":true,"has_pages":true,"forks_count":64,"mirror_url":null,"archived":false,"open_issues_count":1,"license":{"key":"mit","name":"MIT License","spdx_id":"MIT","url":"https:\/\/api.github.com\/licenses\/mit","node_id":"MDc6TGljZW5zZTEz"},"forks":64,"open_issues":1,"watchers":254,"default_branch":"master","score":37.533985},{"id":72917308,"node_id":"MDEwOlJlcG9zaXRvcnk3MjkxNzMwOA==","name":"learn-elm","full_name":"dwyl\/learn-elm","private":false,"owner":{"login":"dwyl","id":11708465,"node_id":"MDEyOk9yZ2FuaXphdGlvbjExNzA4NDY1","avatar_url":"https:\/\/avatars1.githubusercontent.com\/u\/11708465?v=4","gravatar_id":"","url":"https:\/\/api.github.com\/users\/dwyl","html_url":"https:\/\/github.com\/dwyl","followers_url":"https:\/\/api.github.com\/users\/dwyl\/followers","following_url":"https:\/\/api.github.com\/users\/dwyl\/following{\/other_user}","gists_url":"https:\/\/api.github.com\/users\/dwyl\/gists{\/gist_id}","starred_url":"https:\/\/api.github.com\/users\/dwyl\/starred{\/owner}{\/repo}","subscriptions_url":"https:\/\/api.github.com\/users\/dwyl\/subscriptions","organizations_url":"https:\/\/api.github.com\/users\/dwyl\/orgs","repos_url":"https:\/\/api.github.com\/users\/dwyl\/repos","events_url":"https:\/\/api.github.com\/users\/dwyl\/events{\/privacy}","received_events_url":"https:\/\/api.github.com\/users\/dwyl\/received_events","type":"Organization","site_admin":false},"html_url":"https:\/\/github.com\/dwyl\/learn-elm","description":":rainbow: discover why people are switching to Elm and how you can get started today!","fork":false,"url":"https:\/\/api.github.com\/repos\/dwyl\/learn-elm","forks_url":"https:\/\/api.github.com\/repos\/dwyl\/learn-elm\/forks","keys_url":"https:\/\/api.github.com\/repos\/dwyl\/learn-elm\/keys{\/key_id}","collaborators_url":"https:\/\/api.github.com\/repos\/dwyl\/learn-elm\/collaborators{\/collaborator}","teams_url":"https:\/\/api.github.com\/repos\/dwyl\/learn-elm\/teams","hooks_url":"https:\/\/api.github.com\/repos\/dwyl\/learn-elm\/hooks","issue_events_url":"https:\/\/api.github.com\/repos\/dwyl\/learn-elm\/issues\/events{\/number}","events_url":"https:\/\/api.github.com\/repos\/dwyl\/learn-elm\/events","assignees_url":"https:\/\/api.github.com\/repos\/dwyl\/learn-elm\/assignees{\/user}","branches_url":"https:\/\/api.github.com\/repos\/dwyl\/learn-elm\/branches{\/branch}","tags_url":"https:\/\/api.github.com\/repos\/dwyl\/learn-elm\/tags","blobs_url":"https:\/\/api.github.com\/repos\/dwyl\/learn-elm\/git\/blobs{\/sha}","git_tags_url":"https:\/\/api.github.com\/repos\/dwyl\/learn-elm\/git\/tags{\/sha}","git_refs_url":"https:\/\/api.github.com\/repos\/dwyl\/learn-elm\/git\/refs{\/sha}","trees_url":"https:\/\/api.github.com\/repos\/dwyl\/learn-elm\/git\/trees{\/sha}","statuses_url":"https:\/\/api.github.com\/repos\/dwyl\/learn-elm\/statuses\/{sha}","languages_url":"https:\/\/api.github.com\/repos\/dwyl\/learn-elm\/languages","stargazers_url":"https:\/\/api.github.com\/repos\/dwyl\/learn-elm\/stargazers","contributors_url":"https:\/\/api.github.com\/repos\/dwyl\/learn-elm\/contributors","subscribers_url":"https:\/\/api.github.com\/repos\/dwyl\/learn-elm\/subscribers","subscription_url":"https:\/\/api.github.com\/repos\/dwyl\/learn-elm\/subscription","commits_url":"https:\/\/api.github.com\/repos\/dwyl\/learn-elm\/commits{\/sha}","git_commits_url":"https:\/\/api.github.com\/repos\/dwyl\/learn-elm\/git\/commits{\/sha}","comments_url":"https:\/\/api.github.com\/repos\/dwyl\/learn-elm\/comments{\/number}","issue_comment_url":"https:\/\/api.github.com\/repos\/dwyl\/learn-elm\/issues\/comments{\/number}","contents_url":"https:\/\/api.github.com\/repos\/dwyl\/learn-elm\/contents\/{+path}","compare_url":"https:\/\/api.github.com\/repos\/dwyl\/learn-elm\/compare\/{base}...{head}","merges_url":"https:\/\/api.github.com\/repos\/dwyl\/learn-elm\/merges","archive_url":"https:\/\/api.github.com\/repos\/dwyl\/learn-elm\/{archive_format}{\/ref}","downloads_url":"https:\/\/api.github.com\/repos\/dwyl\/learn-elm\/downloads","issues_url":"https:\/\/api.github.com\/repos\/dwyl\/learn-elm\/issues{\/number}","pulls_url":"https:\/\/api.github.com\/repos\/dwyl\/learn-elm\/pulls{\/number}","milestones_url":"https:\/\/api.github.com\/repos\/dwyl\/learn-elm\/milestones{\/number}","notifications_url":"https:\/\/api.github.com\/repos\/dwyl\/learn-elm\/notifications{?since,all,participating}","labels_url":"https:\/\/api.github.com\/repos\/dwyl\/learn-elm\/labels{\/name}","releases_url":"https:\/\/api.github.com\/repos\/dwyl\/learn-elm\/releases{\/id}","deployments_url":"https:\/\/api.github.com\/repos\/dwyl\/learn-elm\/deployments","created_at":"2016-11-05T09:45:12Z","updated_at":"2019-01-25T17:03:04Z","pushed_at":"2018-12-04T22:17:50Z","git_url":"git:\/\/github.com\/dwyl\/learn-elm.git","ssh_url":"git@github.com:dwyl\/learn-elm.git","clone_url":"https:\/\/github.com\/dwyl\/learn-elm.git","svn_url":"https:\/\/github.com\/dwyl\/learn-elm","homepage":"https:\/\/github.com\/dwyl\/learn-elm","size":622,"stargazers_count":238,"watchers_count":238,"language":"HTML","has_issues":true,"has_projects":true,"has_downloads":true,"has_wiki":true,"has_pages":false,"forks_count":19,"mirror_url":null,"archived":false,"open_issues_count":78,"license":null,"forks":19,"open_issues":78,"watchers":238,"default_branch":"master","score":44.101902},{"id":35120209,"node_id":"MDEwOlJlcG9zaXRvcnkzNTEyMDIwOQ==","name":"wtfnode","full_name":"myndzi\/wtfnode","private":false,"owner":{"login":"myndzi","id":1588419,"node_id":"MDQ6VXNlcjE1ODg0MTk=","avatar_url":"https:\/\/avatars1.githubusercontent.com\/u\/1588419?v=4","gravatar_id":"","url":"https:\/\/api.github.com\/users\/myndzi","html_url":"https:\/\/github.com\/myndzi","followers_url":"https:\/\/api.github.com\/users\/myndzi\/followers","following_url":"https:\/\/api.github.com\/users\/myndzi\/following{\/other_user}","gists_url":"https:\/\/api.github.com\/users\/myndzi\/gists{\/gist_id}","starred_url":"https:\/\/api.github.com\/users\/myndzi\/starred{\/owner}{\/repo}","subscriptions_url":"https:\/\/api.github.com\/users\/myndzi\/subscriptions","organizations_url":"https:\/\/api.github.com\/users\/myndzi\/orgs","repos_url":"https:\/\/api.github.com\/users\/myndzi\/repos","events_url":"https:\/\/api.github.com\/users\/myndzi\/events{\/privacy}","received_events_url":"https:\/\/api.github.com\/users\/myndzi\/received_events","type":"User","site_admin":false},"html_url":"https:\/\/github.com\/myndzi\/wtfnode","description":"Utility to help find out why Node isn't exiting","fork":false,"url":"https:\/\/api.github.com\/repos\/myndzi\/wtfnode","forks_url":"https:\/\/api.github.com\/repos\/myndzi\/wtfnode\/forks","keys_url":"https:\/\/api.github.com\/repos\/myndzi\/wtfnode\/keys{\/key_id}","collaborators_url":"https:\/\/api.github.com\/repos\/myndzi\/wtfnode\/collaborators{\/collaborator}","teams_url":"https:\/\/api.github.com\/repos\/myndzi\/wtfnode\/teams","hooks_url":"https:\/\/api.github.com\/repos\/myndzi\/wtfnode\/hooks","issue_events_url":"https:\/\/api.github.com\/repos\/myndzi\/wtfnode\/issues\/events{\/number}","events_url":"https:\/\/api.github.com\/repos\/myndzi\/wtfnode\/events","assignees_url":"https:\/\/api.github.com\/repos\/myndzi\/wtfnode\/assignees{\/user}","branches_url":"https:\/\/api.github.com\/repos\/myndzi\/wtfnode\/branches{\/branch}","tags_url":"https:\/\/api.github.com\/repos\/myndzi\/wtfnode\/tags","blobs_url":"https:\/\/api.github.com\/repos\/myndzi\/wtfnode\/git\/blobs{\/sha}","git_tags_url":"https:\/\/api.github.com\/repos\/myndzi\/wtfnode\/git\/tags{\/sha}","git_refs_url":"https:\/\/api.github.com\/repos\/myndzi\/wtfnode\/git\/refs{\/sha}","trees_url":"https:\/\/api.github.com\/repos\/myndzi\/wtfnode\/git\/trees{\/sha}","statuses_url":"https:\/\/api.github.com\/repos\/myndzi\/wtfnode\/statuses\/{sha}","languages_url":"https:\/\/api.github.com\/repos\/myndzi\/wtfnode\/languages","stargazers_url":"https:\/\/api.github.com\/repos\/myndzi\/wtfnode\/stargazers","contributors_url":"https:\/\/api.github.com\/repos\/myndzi\/wtfnode\/contributors","subscribers_url":"https:\/\/api.github.com\/repos\/myndzi\/wtfnode\/subscribers","subscription_url":"https:\/\/api.github.com\/repos\/myndzi\/wtfnode\/subscription","commits_url":"https:\/\/api.github.com\/repos\/myndzi\/wtfnode\/commits{\/sha}","git_commits_url":"https:\/\/api.github.com\/repos\/myndzi\/wtfnode\/git\/commits{\/sha}","comments_url":"https:\/\/api.github.com\/repos\/myndzi\/wtfnode\/comments{\/number}","issue_comment_url":"https:\/\/api.github.com\/repos\/myndzi\/wtfnode\/issues\/comments{\/number}","contents_url":"https:\/\/api.github.com\/repos\/myndzi\/wtfnode\/contents\/{+path}","compare_url":"https:\/\/api.github.com\/repos\/myndzi\/wtfnode\/compare\/{base}...{head}","merges_url":"https:\/\/api.github.com\/repos\/myndzi\/wtfnode\/merges","archive_url":"https:\/\/api.github.com\/repos\/myndzi\/wtfnode\/{archive_format}{\/ref}","downloads_url":"https:\/\/api.github.com\/repos\/myndzi\/wtfnode\/downloads","issues_url":"https:\/\/api.github.com\/repos\/myndzi\/wtfnode\/issues{\/number}","pulls_url":"https:\/\/api.github.com\/repos\/myndzi\/wtfnode\/pulls{\/number}","milestones_url":"https:\/\/api.github.com\/repos\/myndzi\/wtfnode\/milestones{\/number}","notifications_url":"https:\/\/api.github.com\/repos\/myndzi\/wtfnode\/notifications{?since,all,participating}","labels_url":"https:\/\/api.github.com\/repos\/myndzi\/wtfnode\/labels{\/name}","releases_url":"https:\/\/api.github.com\/repos\/myndzi\/wtfnode\/releases{\/id}","deployments_url":"https:\/\/api.github.com\/repos\/myndzi\/wtfnode\/deployments","created_at":"2015-05-05T19:42:42Z","updated_at":"2019-01-23T23:23:20Z","pushed_at":"2019-01-15T03:26:56Z","git_url":"git:\/\/github.com\/myndzi\/wtfnode.git","ssh_url":"git@github.com:myndzi\/wtfnode.git","clone_url":"https:\/\/github.com\/myndzi\/wtfnode.git","svn_url":"https:\/\/github.com\/myndzi\/wtfnode","homepage":null,"size":59,"stargazers_count":237,"watchers_count":237,"language":"JavaScript","has_issues":true,"has_projects":true,"has_downloads":true,"has_wiki":true,"has_pages":false,"forks_count":14,"mirror_url":null,"archived":false,"open_issues_count":0,"license":null,"forks":14,"open_issues":0,"watchers":237,"default_branch":"master","score":51.469967},{"id":539003,"node_id":"MDEwOlJlcG9zaXRvcnk1MzkwMDM=","name":"jquery-outside-events","full_name":"cowboy\/jquery-outside-events","private":false,"owner":{"login":"cowboy","id":54051,"node_id":"MDQ6VXNlcjU0MDUx","avatar_url":"https:\/\/avatars0.githubusercontent.com\/u\/54051?v=4","gravatar_id":"","url":"https:\/\/api.github.com\/users\/cowboy","html_url":"https:\/\/github.com\/cowboy","followers_url":"https:\/\/api.github.com\/users\/cowboy\/followers","following_url":"https:\/\/api.github.com\/users\/cowboy\/following{\/other_user}","gists_url":"https:\/\/api.github.com\/users\/cowboy\/gists{\/gist_id}","starred_url":"https:\/\/api.github.com\/users\/cowboy\/starred{\/owner}{\/repo}","subscriptions_url":"https:\/\/api.github.com\/users\/cowboy\/subscriptions","organizations_url":"https:\/\/api.github.com\/users\/cowboy\/orgs","repos_url":"https:\/\/api.github.com\/users\/cowboy\/repos","events_url":"https:\/\/api.github.com\/users\/cowboy\/events{\/privacy}","received_events_url":"https:\/\/api.github.com\/users\/cowboy\/received_events","type":"User","site_admin":false},"html_url":"https:\/\/github.com\/cowboy\/jquery-outside-events","description":"Why trigger an event on something, when you can trigger it on everything else?","fork":false,"url":"https:\/\/api.github.com\/repos\/cowboy\/jquery-outside-events","forks_url":"https:\/\/api.github.com\/repos\/cowboy\/jquery-outside-events\/forks","keys_url":"https:\/\/api.github.com\/repos\/cowboy\/jquery-outside-events\/keys{\/key_id}","collaborators_url":"https:\/\/api.github.com\/repos\/cowboy\/jquery-outside-events\/collaborators{\/collaborator}","teams_url":"https:\/\/api.github.com\/repos\/cowboy\/jquery-outside-events\/teams","hooks_url":"https:\/\/api.github.com\/repos\/cowboy\/jquery-outside-events\/hooks","issue_events_url":"https:\/\/api.github.com\/repos\/cowboy\/jquery-outside-events\/issues\/events{\/number}","events_url":"https:\/\/api.github.com\/repos\/cowboy\/jquery-outside-events\/events","assignees_url":"https:\/\/api.github.com\/repos\/cowboy\/jquery-outside-events\/assignees{\/user}","branches_url":"https:\/\/api.github.com\/repos\/cowboy\/jquery-outside-events\/branches{\/branch}","tags_url":"https:\/\/api.github.com\/repos\/cowboy\/jquery-outside-events\/tags","blobs_url":"https:\/\/api.github.com\/repos\/cowboy\/jquery-outside-events\/git\/blobs{\/sha}","git_tags_url":"https:\/\/api.github.com\/repos\/cowboy\/jquery-outside-events\/git\/tags{\/sha}","git_refs_url":"https:\/\/api.github.com\/repos\/cowboy\/jquery-outside-events\/git\/refs{\/sha}","trees_url":"https:\/\/api.github.com\/repos\/cowboy\/jquery-outside-events\/git\/trees{\/sha}","statuses_url":"https:\/\/api.github.com\/repos\/cowboy\/jquery-outside-events\/statuses\/{sha}","languages_url":"https:\/\/api.github.com\/repos\/cowboy\/jquery-outside-events\/languages","stargazers_url":"https:\/\/api.github.com\/repos\/cowboy\/jquery-outside-events\/stargazers","contributors_url":"https:\/\/api.github.com\/repos\/cowboy\/jquery-outside-events\/contributors","subscribers_url":"https:\/\/api.github.com\/repos\/cowboy\/jquery-outside-events\/subscribers","subscription_url":"https:\/\/api.github.com\/repos\/cowboy\/jquery-outside-events\/subscription","commits_url":"https:\/\/api.github.com\/repos\/cowboy\/jquery-outside-events\/commits{\/sha}","git_commits_url":"https:\/\/api.github.com\/repos\/cowboy\/jquery-outside-events\/git\/commits{\/sha}","comments_url":"https:\/\/api.github.com\/repos\/cowboy\/jquery-outside-events\/comments{\/number}","issue_comment_url":"https:\/\/api.github.com\/repos\/cowboy\/jquery-outside-events\/issues\/comments{\/number}","contents_url":"https:\/\/api.github.com\/repos\/cowboy\/jquery-outside-events\/contents\/{+path}","compare_url":"https:\/\/api.github.com\/repos\/cowboy\/jquery-outside-events\/compare\/{base}...{head}","merges_url":"https:\/\/api.github.com\/repos\/cowboy\/jquery-outside-events\/merges","archive_url":"https:\/\/api.github.com\/repos\/cowboy\/jquery-outside-events\/{archive_format}{\/ref}","downloads_url":"https:\/\/api.github.com\/repos\/cowboy\/jquery-outside-events\/downloads","issues_url":"https:\/\/api.github.com\/repos\/cowboy\/jquery-outside-events\/issues{\/number}","pulls_url":"https:\/\/api.github.com\/repos\/cowboy\/jquery-outside-events\/pulls{\/number}","milestones_url":"https:\/\/api.github.com\/repos\/cowboy\/jquery-outside-events\/milestones{\/number}","notifications_url":"https:\/\/api.github.com\/repos\/cowboy\/jquery-outside-events\/notifications{?since,all,participating}","labels_url":"https:\/\/api.github.com\/repos\/cowboy\/jquery-outside-events\/labels{\/name}","releases_url":"https:\/\/api.github.com\/repos\/cowboy\/jquery-outside-events\/releases{\/id}","deployments_url":"https:\/\/api.github.com\/repos\/cowboy\/jquery-outside-events\/deployments","created_at":"2010-02-27T19:56:14Z","updated_at":"2019-01-23T22:10:28Z","pushed_at":"2016-04-03T09:27:45Z","git_url":"git:\/\/github.com\/cowboy\/jquery-outside-events.git","ssh_url":"git@github.com:cowboy\/jquery-outside-events.git","clone_url":"https:\/\/github.com\/cowboy\/jquery-outside-events.git","svn_url":"https:\/\/github.com\/cowboy\/jquery-outside-events","homepage":"http:\/\/benalman.com\/projects\/jquery-clickoutside-plugin\/","size":320,"stargazers_count":236,"watchers_count":236,"language":"JavaScript","has_issues":true,"has_projects":true,"has_downloads":true,"has_wiki":true,"has_pages":false,"forks_count":44,"mirror_url":null,"archived":false,"open_issues_count":10,"license":{"key":"other","name":"Other","spdx_id":"NOASSERTION","url":null,"node_id":"MDc6TGljZW5zZTA="},"forks":44,"open_issues":10,"watchers":236,"default_branch":"master","score":49.763874},{"id":124265580,"node_id":"MDEwOlJlcG9zaXRvcnkxMjQyNjU1ODA=","name":"Viewpager-Transformation","full_name":"dipanshukr\/Viewpager-Transformation","private":false,"owner":{"login":"dipanshukr","id":29334373,"node_id":"MDQ6VXNlcjI5MzM0Mzcz","avatar_url":"https:\/\/avatars3.githubusercontent.com\/u\/29334373?v=4","gravatar_id":"","url":"https:\/\/api.github.com\/users\/dipanshukr","html_url":"https:\/\/github.com\/dipanshukr","followers_url":"https:\/\/api.github.com\/users\/dipanshukr\/followers","following_url":"https:\/\/api.github.com\/users\/dipanshukr\/following{\/other_user}","gists_url":"https:\/\/api.github.com\/users\/dipanshukr\/gists{\/gist_id}","starred_url":"https:\/\/api.github.com\/users\/dipanshukr\/starred{\/owner}{\/repo}","subscriptions_url":"https:\/\/api.github.com\/users\/dipanshukr\/subscriptions","organizations_url":"https:\/\/api.github.com\/users\/dipanshukr\/orgs","repos_url":"https:\/\/api.github.com\/users\/dipanshukr\/repos","events_url":"https:\/\/api.github.com\/users\/dipanshukr\/events{\/privacy}","received_events_url":"https:\/\/api.github.com\/users\/dipanshukr\/received_events","type":"User","site_admin":false},"html_url":"https:\/\/github.com\/dipanshukr\/Viewpager-Transformation","description":"Why use dependencies when you create your own transformations for Viewpager ?","fork":false,"url":"https:\/\/api.github.com\/repos\/dipanshukr\/Viewpager-Transformation","forks_url":"https:\/\/api.github.com\/repos\/dipanshukr\/Viewpager-Transformation\/forks","keys_url":"https:\/\/api.github.com\/repos\/dipanshukr\/Viewpager-Transformation\/keys{\/key_id}","collaborators_url":"https:\/\/api.github.com\/repos\/dipanshukr\/Viewpager-Transformation\/collaborators{\/collaborator}","teams_url":"https:\/\/api.github.com\/repos\/dipanshukr\/Viewpager-Transformation\/teams","hooks_url":"https:\/\/api.github.com\/repos\/dipanshukr\/Viewpager-Transformation\/hooks","issue_events_url":"https:\/\/api.github.com\/repos\/dipanshukr\/Viewpager-Transformation\/issues\/events{\/number}","events_url":"https:\/\/api.github.com\/repos\/dipanshukr\/Viewpager-Transformation\/events","assignees_url":"https:\/\/api.github.com\/repos\/dipanshukr\/Viewpager-Transformation\/assignees{\/user}","branches_url":"https:\/\/api.github.com\/repos\/dipanshukr\/Viewpager-Transformation\/branches{\/branch}","tags_url":"https:\/\/api.github.com\/repos\/dipanshukr\/Viewpager-Transformation\/tags","blobs_url":"https:\/\/api.github.com\/repos\/dipanshukr\/Viewpager-Transformation\/git\/blobs{\/sha}","git_tags_url":"https:\/\/api.github.com\/repos\/dipanshukr\/Viewpager-Transformation\/git\/tags{\/sha}","git_refs_url":"https:\/\/api.github.com\/repos\/dipanshukr\/Viewpager-Transformation\/git\/refs{\/sha}","trees_url":"https:\/\/api.github.com\/repos\/dipanshukr\/Viewpager-Transformation\/git\/trees{\/sha}","statuses_url":"https:\/\/api.github.com\/repos\/dipanshukr\/Viewpager-Transformation\/statuses\/{sha}","languages_url":"https:\/\/api.github.com\/repos\/dipanshukr\/Viewpager-Transformation\/languages","stargazers_url":"https:\/\/api.github.com\/repos\/dipanshukr\/Viewpager-Transformation\/stargazers","contributors_url":"https:\/\/api.github.com\/repos\/dipanshukr\/Viewpager-Transformation\/contributors","subscribers_url":"https:\/\/api.github.com\/repos\/dipanshukr\/Viewpager-Transformation\/subscribers","subscription_url":"https:\/\/api.github.com\/repos\/dipanshukr\/Viewpager-Transformation\/subscription","commits_url":"https:\/\/api.github.com\/repos\/dipanshukr\/Viewpager-Transformation\/commits{\/sha}","git_commits_url":"https:\/\/api.github.com\/repos\/dipanshukr\/Viewpager-Transformation\/git\/commits{\/sha}","comments_url":"https:\/\/api.github.com\/repos\/dipanshukr\/Viewpager-Transformation\/comments{\/number}","issue_comment_url":"https:\/\/api.github.com\/repos\/dipanshukr\/Viewpager-Transformation\/issues\/comments{\/number}","contents_url":"https:\/\/api.github.com\/repos\/dipanshukr\/Viewpager-Transformation\/contents\/{+path}","compare_url":"https:\/\/api.github.com\/repos\/dipanshukr\/Viewpager-Transformation\/compare\/{base}...{head}","merges_url":"https:\/\/api.github.com\/repos\/dipanshukr\/Viewpager-Transformation\/merges","archive_url":"https:\/\/api.github.com\/repos\/dipanshukr\/Viewpager-Transformation\/{archive_format}{\/ref}","downloads_url":"https:\/\/api.github.com\/repos\/dipanshukr\/Viewpager-Transformation\/downloads","issues_url":"https:\/\/api.github.com\/repos\/dipanshukr\/Viewpager-Transformation\/issues{\/number}","pulls_url":"https:\/\/api.github.com\/repos\/dipanshukr\/Viewpager-Transformation\/pulls{\/number}","milestones_url":"https:\/\/api.github.com\/repos\/dipanshukr\/Viewpager-Transformation\/milestones{\/number}","notifications_url":"https:\/\/api.github.com\/repos\/dipanshukr\/Viewpager-Transformation\/notifications{?since,all,participating}","labels_url":"https:\/\/api.github.com\/repos\/dipanshukr\/Viewpager-Transformation\/labels{\/name}","releases_url":"https:\/\/api.github.com\/repos\/dipanshukr\/Viewpager-Transformation\/releases{\/id}","deployments_url":"https:\/\/api.github.com\/repos\/dipanshukr\/Viewpager-Transformation\/deployments","created_at":"2018-03-07T16:45:42Z","updated_at":"2019-01-27T11:19:10Z","pushed_at":"2018-06-21T07:17:59Z","git_url":"git:\/\/github.com\/dipanshukr\/Viewpager-Transformation.git","ssh_url":"git@github.com:dipanshukr\/Viewpager-Transformation.git","clone_url":"https:\/\/github.com\/dipanshukr\/Viewpager-Transformation.git","svn_url":"https:\/\/github.com\/dipanshukr\/Viewpager-Transformation","homepage":"","size":181654,"stargazers_count":230,"watchers_count":230,"language":"Java","has_issues":true,"has_projects":true,"has_downloads":true,"has_wiki":true,"has_pages":true,"forks_count":44,"mirror_url":null,"archived":false,"open_issues_count":1,"license":null,"forks":44,"open_issues":1,"watchers":230,"default_branch":"master","score":49.984024},{"id":17420185,"node_id":"MDEwOlJlcG9zaXRvcnkxNzQyMDE4NQ==","name":"enemy-of-the-state","full_name":"jspahrsummers\/enemy-of-the-state","private":false,"owner":{"login":"jspahrsummers","id":432536,"node_id":"MDQ6VXNlcjQzMjUzNg==","avatar_url":"https:\/\/avatars0.githubusercontent.com\/u\/432536?v=4","gravatar_id":"","url":"https:\/\/api.github.com\/users\/jspahrsummers","html_url":"https:\/\/github.com\/jspahrsummers","followers_url":"https:\/\/api.github.com\/users\/jspahrsummers\/followers","following_url":"https:\/\/api.github.com\/users\/jspahrsummers\/following{\/other_user}","gists_url":"https:\/\/api.github.com\/users\/jspahrsummers\/gists{\/gist_id}","starred_url":"https:\/\/api.github.com\/users\/jspahrsummers\/starred{\/owner}{\/repo}","subscriptions_url":"https:\/\/api.github.com\/users\/jspahrsummers\/subscriptions","organizations_url":"https:\/\/api.github.com\/users\/jspahrsummers\/orgs","repos_url":"https:\/\/api.github.com\/users\/jspahrsummers\/repos","events_url":"https:\/\/api.github.com\/users\/jspahrsummers\/events{\/privacy}","received_events_url":"https:\/\/api.github.com\/users\/jspahrsummers\/received_events","type":"User","site_admin":false},"html_url":"https:\/\/github.com\/jspahrsummers\/enemy-of-the-state","description":"My talk explaining what state is and why it's so harmful","fork":false,"url":"https:\/\/api.github.com\/repos\/jspahrsummers\/enemy-of-the-state","forks_url":"https:\/\/api.github.com\/repos\/jspahrsummers\/enemy-of-the-state\/forks","keys_url":"https:\/\/api.github.com\/repos\/jspahrsummers\/enemy-of-the-state\/keys{\/key_id}","collaborators_url":"https:\/\/api.github.com\/repos\/jspahrsummers\/enemy-of-the-state\/collaborators{\/collaborator}","teams_url":"https:\/\/api.github.com\/repos\/jspahrsummers\/enemy-of-the-state\/teams","hooks_url":"https:\/\/api.github.com\/repos\/jspahrsummers\/enemy-of-the-state\/hooks","issue_events_url":"https:\/\/api.github.com\/repos\/jspahrsummers\/enemy-of-the-state\/issues\/events{\/number}","events_url":"https:\/\/api.github.com\/repos\/jspahrsummers\/enemy-of-the-state\/events","assignees_url":"https:\/\/api.github.com\/repos\/jspahrsummers\/enemy-of-the-state\/assignees{\/user}","branches_url":"https:\/\/api.github.com\/repos\/jspahrsummers\/enemy-of-the-state\/branches{\/branch}","tags_url":"https:\/\/api.github.com\/repos\/jspahrsummers\/enemy-of-the-state\/tags","blobs_url":"https:\/\/api.github.com\/repos\/jspahrsummers\/enemy-of-the-state\/git\/blobs{\/sha}","git_tags_url":"https:\/\/api.github.com\/repos\/jspahrsummers\/enemy-of-the-state\/git\/tags{\/sha}","git_refs_url":"https:\/\/api.github.com\/repos\/jspahrsummers\/enemy-of-the-state\/git\/refs{\/sha}","trees_url":"https:\/\/api.github.com\/repos\/jspahrsummers\/enemy-of-the-state\/git\/trees{\/sha}","statuses_url":"https:\/\/api.github.com\/repos\/jspahrsummers\/enemy-of-the-state\/statuses\/{sha}","languages_url":"https:\/\/api.github.com\/repos\/jspahrsummers\/enemy-of-the-state\/languages","stargazers_url":"https:\/\/api.github.com\/repos\/jspahrsummers\/enemy-of-the-state\/stargazers","contributors_url":"https:\/\/api.github.com\/repos\/jspahrsummers\/enemy-of-the-state\/contributors","subscribers_url":"https:\/\/api.github.com\/repos\/jspahrsummers\/enemy-of-the-state\/subscribers","subscription_url":"https:\/\/api.github.com\/repos\/jspahrsummers\/enemy-of-the-state\/subscription","commits_url":"https:\/\/api.github.com\/repos\/jspahrsummers\/enemy-of-the-state\/commits{\/sha}","git_commits_url":"https:\/\/api.github.com\/repos\/jspahrsummers\/enemy-of-the-state\/git\/commits{\/sha}","comments_url":"https:\/\/api.github.com\/repos\/jspahrsummers\/enemy-of-the-state\/comments{\/number}","issue_comment_url":"https:\/\/api.github.com\/repos\/jspahrsummers\/enemy-of-the-state\/issues\/comments{\/number}","contents_url":"https:\/\/api.github.com\/repos\/jspahrsummers\/enemy-of-the-state\/contents\/{+path}","compare_url":"https:\/\/api.github.com\/repos\/jspahrsummers\/enemy-of-the-state\/compare\/{base}...{head}","merges_url":"https:\/\/api.github.com\/repos\/jspahrsummers\/enemy-of-the-state\/merges","archive_url":"https:\/\/api.github.com\/repos\/jspahrsummers\/enemy-of-the-state\/{archive_format}{\/ref}","downloads_url":"https:\/\/api.github.com\/repos\/jspahrsummers\/enemy-of-the-state\/downloads","issues_url":"https:\/\/api.github.com\/repos\/jspahrsummers\/enemy-of-the-state\/issues{\/number}","pulls_url":"https:\/\/api.github.com\/repos\/jspahrsummers\/enemy-of-the-state\/pulls{\/number}","milestones_url":"https:\/\/api.github.com\/repos\/jspahrsummers\/enemy-of-the-state\/milestones{\/number}","notifications_url":"https:\/\/api.github.com\/repos\/jspahrsummers\/enemy-of-the-state\/notifications{?since,all,participating}","labels_url":"https:\/\/api.github.com\/repos\/jspahrsummers\/enemy-of-the-state\/labels{\/name}","releases_url":"https:\/\/api.github.com\/repos\/jspahrsummers\/enemy-of-the-state\/releases{\/id}","deployments_url":"https:\/\/api.github.com\/repos\/jspahrsummers\/enemy-of-the-state\/deployments","created_at":"2014-03-04T22:49:56Z","updated_at":"2018-12-26T21:07:06Z","pushed_at":"2017-07-26T14:26:39Z","git_url":"git:\/\/github.com\/jspahrsummers\/enemy-of-the-state.git","ssh_url":"git@github.com:jspahrsummers\/enemy-of-the-state.git","clone_url":"https:\/\/github.com\/jspahrsummers\/enemy-of-the-state.git","svn_url":"https:\/\/github.com\/jspahrsummers\/enemy-of-the-state","homepage":"","size":46901,"stargazers_count":208,"watchers_count":208,"language":"Swift","has_issues":true,"has_projects":true,"has_downloads":true,"has_wiki":false,"has_pages":false,"forks_count":16,"mirror_url":null,"archived":false,"open_issues_count":1,"license":{"key":"other","name":"Other","spdx_id":"NOASSERTION","url":null,"node_id":"MDc6TGljZW5zZTA="},"forks":16,"open_issues":1,"watchers":208,"default_branch":"master","score":42.186844},{"id":93794235,"node_id":"MDEwOlJlcG9zaXRvcnk5Mzc5NDIzNQ==","name":"drop_watch","full_name":"pavel-odintsov\/drop_watch","private":false,"owner":{"login":"pavel-odintsov","id":2744166,"node_id":"MDQ6VXNlcjI3NDQxNjY=","avatar_url":"https:\/\/avatars0.githubusercontent.com\/u\/2744166?v=4","gravatar_id":"","url":"https:\/\/api.github.com\/users\/pavel-odintsov","html_url":"https:\/\/github.com\/pavel-odintsov","followers_url":"https:\/\/api.github.com\/users\/pavel-odintsov\/followers","following_url":"https:\/\/api.github.com\/users\/pavel-odintsov\/following{\/other_user}","gists_url":"https:\/\/api.github.com\/users\/pavel-odintsov\/gists{\/gist_id}","starred_url":"https:\/\/api.github.com\/users\/pavel-odintsov\/starred{\/owner}{\/repo}","subscriptions_url":"https:\/\/api.github.com\/users\/pavel-odintsov\/subscriptions","organizations_url":"https:\/\/api.github.com\/users\/pavel-odintsov\/orgs","repos_url":"https:\/\/api.github.com\/users\/pavel-odintsov\/repos","events_url":"https:\/\/api.github.com\/users\/pavel-odintsov\/events{\/privacy}","received_events_url":"https:\/\/api.github.com\/users\/pavel-odintsov\/received_events","type":"User","site_admin":false},"html_url":"https:\/\/github.com\/pavel-odintsov\/drop_watch","description":"Monitor reasons why and where linux drops UDP packets","fork":false,"url":"https:\/\/api.github.com\/repos\/pavel-odintsov\/drop_watch","forks_url":"https:\/\/api.github.com\/repos\/pavel-odintsov\/drop_watch\/forks","keys_url":"https:\/\/api.github.com\/repos\/pavel-odintsov\/drop_watch\/keys{\/key_id}","collaborators_url":"https:\/\/api.github.com\/repos\/pavel-odintsov\/drop_watch\/collaborators{\/collaborator}","teams_url":"https:\/\/api.github.com\/repos\/pavel-odintsov\/drop_watch\/teams","hooks_url":"https:\/\/api.github.com\/repos\/pavel-odintsov\/drop_watch\/hooks","issue_events_url":"https:\/\/api.github.com\/repos\/pavel-odintsov\/drop_watch\/issues\/events{\/number}","events_url":"https:\/\/api.github.com\/repos\/pavel-odintsov\/drop_watch\/events","assignees_url":"https:\/\/api.github.com\/repos\/pavel-odintsov\/drop_watch\/assignees{\/user}","branches_url":"https:\/\/api.github.com\/repos\/pavel-odintsov\/drop_watch\/branches{\/branch}","tags_url":"https:\/\/api.github.com\/repos\/pavel-odintsov\/drop_watch\/tags","blobs_url":"https:\/\/api.github.com\/repos\/pavel-odintsov\/drop_watch\/git\/blobs{\/sha}","git_tags_url":"https:\/\/api.github.com\/repos\/pavel-odintsov\/drop_watch\/git\/tags{\/sha}","git_refs_url":"https:\/\/api.github.com\/repos\/pavel-odintsov\/drop_watch\/git\/refs{\/sha}","trees_url":"https:\/\/api.github.com\/repos\/pavel-odintsov\/drop_watch\/git\/trees{\/sha}","statuses_url":"https:\/\/api.github.com\/repos\/pavel-odintsov\/drop_watch\/statuses\/{sha}","languages_url":"https:\/\/api.github.com\/repos\/pavel-odintsov\/drop_watch\/languages","stargazers_url":"https:\/\/api.github.com\/repos\/pavel-odintsov\/drop_watch\/stargazers","contributors_url":"https:\/\/api.github.com\/repos\/pavel-odintsov\/drop_watch\/contributors","subscribers_url":"https:\/\/api.github.com\/repos\/pavel-odintsov\/drop_watch\/subscribers","subscription_url":"https:\/\/api.github.com\/repos\/pavel-odintsov\/drop_watch\/subscription","commits_url":"https:\/\/api.github.com\/repos\/pavel-odintsov\/drop_watch\/commits{\/sha}","git_commits_url":"https:\/\/api.github.com\/repos\/pavel-odintsov\/drop_watch\/git\/commits{\/sha}","comments_url":"https:\/\/api.github.com\/repos\/pavel-odintsov\/drop_watch\/comments{\/number}","issue_comment_url":"https:\/\/api.github.com\/repos\/pavel-odintsov\/drop_watch\/issues\/comments{\/number}","contents_url":"https:\/\/api.github.com\/repos\/pavel-odintsov\/drop_watch\/contents\/{+path}","compare_url":"https:\/\/api.github.com\/repos\/pavel-odintsov\/drop_watch\/compare\/{base}...{head}","merges_url":"https:\/\/api.github.com\/repos\/pavel-odintsov\/drop_watch\/merges","archive_url":"https:\/\/api.github.com\/repos\/pavel-odintsov\/drop_watch\/{archive_format}{\/ref}","downloads_url":"https:\/\/api.github.com\/repos\/pavel-odintsov\/drop_watch\/downloads","issues_url":"https:\/\/api.github.com\/repos\/pavel-odintsov\/drop_watch\/issues{\/number}","pulls_url":"https:\/\/api.github.com\/repos\/pavel-odintsov\/drop_watch\/pulls{\/number}","milestones_url":"https:\/\/api.github.com\/repos\/pavel-odintsov\/drop_watch\/milestones{\/number}","notifications_url":"https:\/\/api.github.com\/repos\/pavel-odintsov\/drop_watch\/notifications{?since,all,participating}","labels_url":"https:\/\/api.github.com\/repos\/pavel-odintsov\/drop_watch\/labels{\/name}","releases_url":"https:\/\/api.github.com\/repos\/pavel-odintsov\/drop_watch\/releases{\/id}","deployments_url":"https:\/\/api.github.com\/repos\/pavel-odintsov\/drop_watch\/deployments","created_at":"2017-06-08T21:43:00Z","updated_at":"2019-01-28T14:39:16Z","pushed_at":"2017-10-12T20:13:24Z","git_url":"git:\/\/github.com\/pavel-odintsov\/drop_watch.git","ssh_url":"git@github.com:pavel-odintsov\/drop_watch.git","clone_url":"https:\/\/github.com\/pavel-odintsov\/drop_watch.git","svn_url":"https:\/\/github.com\/pavel-odintsov\/drop_watch","homepage":"","size":153,"stargazers_count":183,"watchers_count":183,"language":"C","has_issues":true,"has_projects":true,"has_downloads":true,"has_wiki":true,"has_pages":false,"forks_count":20,"mirror_url":null,"archived":false,"open_issues_count":0,"license":{"key":"gpl-2.0","name":"GNU General Public License v2.0","spdx_id":"GPL-2.0","url":"https:\/\/api.github.com\/licenses\/gpl-2.0","node_id":"MDc6TGljZW5zZTg="},"forks":20,"open_issues":0,"watchers":183,"default_branch":"master","score":53.153645}]} [] []
[2019-01-29 13:40:10] name.WARNING: Array [] []
[2019-01-29 13:40:10] name.WARNING: [{"id":58605580,"node_id":"MDEwOlJlcG9zaXRvcnk1ODYwNTU4MA==","name":"why-did-you-update","full_name":"garbles\/why-did-you-update","private":false,"owner":{"login":"garbles","id":1139884,"node_id":"MDQ6VXNlcjExMzk4ODQ=","avatar_url":"https:\/\/avatars1.githubusercontent.com\/u\/1139884?v=4","gravatar_id":"","url":"https:\/\/api.github.com\/users\/garbles","html_url":"https:\/\/github.com\/garbles","followers_url":"https:\/\/api.github.com\/users\/garbles\/followers","following_url":"https:\/\/api.github.com\/users\/garbles\/following{\/other_user}","gists_url":"https:\/\/api.github.com\/users\/garbles\/gists{\/gist_id}","starred_url":"https:\/\/api.github.com\/users\/garbles\/starred{\/owner}{\/repo}","subscriptions_url":"https:\/\/api.github.com\/users\/garbles\/subscriptions","organizations_url":"https:\/\/api.github.com\/users\/garbles\/orgs","repos_url":"https:\/\/api.github.com\/users\/garbles\/repos","events_url":"https:\/\/api.github.com\/users\/garbles\/events{\/privacy}","received_events_url":"https:\/\/api.github.com\/users\/garbles\/received_events","type":"User","site_admin":false},"html_url":"https:\/\/github.com\/garbles\/why-did-you-update","description":":boom: Puts your console on blast when React is making unnecessary updates.","fork":false,"url":"https:\/\/api.github.com\/repos\/garbles\/why-did-you-update","forks_url":"https:\/\/api.github.com\/repos\/garbles\/why-did-you-update\/forks","keys_url":"https:\/\/api.github.com\/repos\/garbles\/why-did-you-update\/keys{\/key_id}","collaborators_url":"https:\/\/api.github.com\/repos\/garbles\/why-did-you-update\/collaborators{\/collaborator}","teams_url":"https:\/\/api.github.com\/repos\/garbles\/why-did-you-update\/teams","hooks_url":"https:\/\/api.github.com\/repos\/garbles\/why-did-you-update\/hooks","issue_events_url":"https:\/\/api.github.com\/repos\/garbles\/why-did-you-update\/issues\/events{\/number}","events_url":"https:\/\/api.github.com\/repos\/garbles\/why-did-you-update\/events","assignees_url":"https:\/\/api.github.com\/repos\/garbles\/why-did-you-update\/assignees{\/user}","branches_url":"https:\/\/api.github.com\/repos\/garbles\/why-did-you-update\/branches{\/branch}","tags_url":"https:\/\/api.github.com\/repos\/garbles\/why-did-you-update\/tags","blobs_url":"https:\/\/api.github.com\/repos\/garbles\/why-did-you-update\/git\/blobs{\/sha}","git_tags_url":"https:\/\/api.github.com\/repos\/garbles\/why-did-you-update\/git\/tags{\/sha}","git_refs_url":"https:\/\/api.github.com\/repos\/garbles\/why-did-you-update\/git\/refs{\/sha}","trees_url":"https:\/\/api.github.com\/repos\/garbles\/why-did-you-update\/git\/trees{\/sha}","statuses_url":"https:\/\/api.github.com\/repos\/garbles\/why-did-you-update\/statuses\/{sha}","languages_url":"https:\/\/api.github.com\/repos\/garbles\/why-did-you-update\/languages","stargazers_url":"https:\/\/api.github.com\/repos\/garbles\/why-did-you-update\/stargazers","contributors_url":"https:\/\/api.github.com\/repos\/garbles\/why-did-you-update\/contributors","subscribers_url":"https:\/\/api.github.com\/repos\/garbles\/why-did-you-update\/subscribers","subscription_url":"https:\/\/api.github.com\/repos\/garbles\/why-did-you-update\/subscription","commits_url":"https:\/\/api.github.com\/repos\/garbles\/why-did-you-update\/commits{\/sha}","git_commits_url":"https:\/\/api.github.com\/repos\/garbles\/why-did-you-update\/git\/commits{\/sha}","comments_url":"https:\/\/api.github.com\/repos\/garbles\/why-did-you-update\/comments{\/number}","issue_comment_url":"https:\/\/api.github.com\/repos\/garbles\/why-did-you-update\/issues\/comments{\/number}","contents_url":"https:\/\/api.github.com\/repos\/garbles\/why-did-you-update\/contents\/{+path}","compare_url":"https:\/\/api.github.com\/repos\/garbles\/why-did-you-update\/compare\/{base}...{head}","merges_url":"https:\/\/api.github.com\/repos\/garbles\/why-did-you-update\/merges","archive_url":"https:\/\/api.github.com\/repos\/garbles\/why-did-you-update\/{archive_format}{\/ref}","downloads_url":"https:\/\/api.github.com\/repos\/garbles\/why-did-you-update\/downloads","issues_url":"https:\/\/api.github.com\/repos\/garbles\/why-did-you-update\/issues{\/number}","pulls_url":"https:\/\/api.github.com\/repos\/garbles\/why-did-you-update\/pulls{\/number}","milestones_url":"https:\/\/api.github.com\/repos\/garbles\/why-did-you-update\/milestones{\/number}","notifications_url":"https:\/\/api.github.com\/repos\/garbles\/why-did-you-update\/notifications{?since,all,participating}","labels_url":"https:\/\/api.github.com\/repos\/garbles\/why-did-you-update\/labels{\/name}","releases_url":"https:\/\/api.github.com\/repos\/garbles\/why-did-you-update\/releases{\/id}","deployments_url":"https:\/\/api.github.com\/repos\/garbles\/why-did-you-update\/deployments","created_at":"2016-05-12T03:49:06Z","updated_at":"2019-01-28T21:53:29Z","pushed_at":"2017-09-23T05:54:19Z","git_url":"git:\/\/github.com\/garbles\/why-did-you-update.git","ssh_url":"git@github.com:garbles\/why-did-you-update.git","clone_url":"https:\/\/github.com\/garbles\/why-did-you-update.git","svn_url":"https:\/\/github.com\/garbles\/why-did-you-update","homepage":null,"size":29,"stargazers_count":5177,"watchers_count":5177,"language":"JavaScript","has_issues":true,"has_projects":true,"has_downloads":true,"has_wiki":true,"has_pages":false,"forks_count":112,"mirror_url":null,"archived":true,"open_issues_count":28,"license":null,"forks":112,"open_issues":28,"watchers":5177,"default_branch":"master","score":102.16451},{"id":97779740,"node_id":"MDEwOlJlcG9zaXRvcnk5Nzc3OTc0MA==","name":"why-did-you-update","full_name":"maicki\/why-did-you-update","private":false,"owner":{"login":"maicki","id":25288,"node_id":"MDQ6VXNlcjI1Mjg4","avatar_url":"https:\/\/avatars1.githubusercontent.com\/u\/25288?v=4","gravatar_id":"","url":"https:\/\/api.github.com\/users\/maicki","html_url":"https:\/\/github.com\/maicki","followers_url":"https:\/\/api.github.com\/users\/maicki\/followers","following_url":"https:\/\/api.github.com\/users\/maicki\/following{\/other_user}","gists_url":"https:\/\/api.github.com\/users\/maicki\/gists{\/gist_id}","starred_url":"https:\/\/api.github.com\/users\/maicki\/starred{\/owner}{\/repo}","subscriptions_url":"https:\/\/api.github.com\/users\/maicki\/subscriptions","organizations_url":"https:\/\/api.github.com\/users\/maicki\/orgs","repos_url":"https:\/\/api.github.com\/users\/maicki\/repos","events_url":"https:\/\/api.github.com\/users\/maicki\/events{\/privacy}","received_events_url":"https:\/\/api.github.com\/users\/maicki\/received_events","type":"User","site_admin":false},"html_url":"https:\/\/github.com\/maicki\/why-did-you-update","description":":boom: Puts your console on blast when React is making unnecessary updates.","fork":false,"url":"https:\/\/api.github.com\/repos\/maicki\/why-did-you-update","forks_url":"https:\/\/api.github.com\/repos\/maicki\/why-did-you-update\/forks","keys_url":"https:\/\/api.github.com\/repos\/maicki\/why-did-you-update\/keys{\/key_id}","collaborators_url":"https:\/\/api.github.com\/repos\/maicki\/why-did-you-update\/collaborators{\/collaborator}","teams_url":"https:\/\/api.github.com\/repos\/maicki\/why-did-you-update\/teams","hooks_url":"https:\/\/api.github.com\/repos\/maicki\/why-did-you-update\/hooks","issue_events_url":"https:\/\/api.github.com\/repos\/maicki\/why-did-you-update\/issues\/events{\/number}","events_url":"https:\/\/api.github.com\/repos\/maicki\/why-did-you-update\/events","assignees_url":"https:\/\/api.github.com\/repos\/maicki\/why-did-you-update\/assignees{\/user}","branches_url":"https:\/\/api.github.com\/repos\/maicki\/why-did-you-update\/branches{\/branch}","tags_url":"https:\/\/api.github.com\/repos\/maicki\/why-did-you-update\/tags","blobs_url":"https:\/\/api.github.com\/repos\/maicki\/why-did-you-update\/git\/blobs{\/sha}","git_tags_url":"https:\/\/api.github.com\/repos\/maicki\/why-did-you-update\/git\/tags{\/sha}","git_refs_url":"https:\/\/api.github.com\/repos\/maicki\/why-did-you-update\/git\/refs{\/sha}","trees_url":"https:\/\/api.github.com\/repos\/maicki\/why-did-you-update\/git\/trees{\/sha}","statuses_url":"https:\/\/api.github.com\/repos\/maicki\/why-did-you-update\/statuses\/{sha}","languages_url":"https:\/\/api.github.com\/repos\/maicki\/why-did-you-update\/languages","stargazers_url":"https:\/\/api.github.com\/repos\/maicki\/why-did-you-update\/stargazers","contributors_url":"https:\/\/api.github.com\/repos\/maicki\/why-did-you-update\/contributors","subscribers_url":"https:\/\/api.github.com\/repos\/maicki\/why-did-you-update\/subscribers","subscription_url":"https:\/\/api.github.com\/repos\/maicki\/why-did-you-update\/subscription","commits_url":"https:\/\/api.github.com\/repos\/maicki\/why-did-you-update\/commits{\/sha}","git_commits_url":"https:\/\/api.github.com\/repos\/maicki\/why-did-you-update\/git\/commits{\/sha}","comments_url":"https:\/\/api.github.com\/repos\/maicki\/why-did-you-update\/comments{\/number}","issue_comment_url":"https:\/\/api.github.com\/repos\/maicki\/why-did-you-update\/issues\/comments{\/number}","contents_url":"https:\/\/api.github.com\/repos\/maicki\/why-did-you-update\/contents\/{+path}","compare_url":"https:\/\/api.github.com\/repos\/maicki\/why-did-you-update\/compare\/{base}...{head}","merges_url":"https:\/\/api.github.com\/repos\/maicki\/why-did-you-update\/merges","archive_url":"https:\/\/api.github.com\/repos\/maicki\/why-did-you-update\/{archive_format}{\/ref}","downloads_url":"https:\/\/api.github.com\/repos\/maicki\/why-did-you-update\/downloads","issues_url":"https:\/\/api.github.com\/repos\/maicki\/why-did-you-update\/issues{\/number}","pulls_url":"https:\/\/api.github.com\/repos\/maicki\/why-did-you-update\/pulls{\/number}","milestones_url":"https:\/\/api.github.com\/repos\/maicki\/why-did-you-update\/milestones{\/number}","notifications_url":"https:\/\/api.github.com\/repos\/maicki\/why-did-you-update\/notifications{?since,all,participating}","labels_url":"https:\/\/api.github.com\/repos\/maicki\/why-did-you-update\/labels{\/name}","releases_url":"https:\/\/api.github.com\/repos\/maicki\/why-did-you-update\/releases{\/id}","deployments_url":"https:\/\/api.github.com\/repos\/maicki\/why-did-you-update\/deployments","created_at":"2017-07-20T02:06:12Z","updated_at":"2019-01-29T05:37:27Z","pushed_at":"2018-12-13T16:41:38Z","git_url":"git:\/\/github.com\/maicki\/why-did-you-update.git","ssh_url":"git@github.com:maicki\/why-did-you-update.git","clone_url":"https:\/\/github.com\/maicki\/why-did-you-update.git","svn_url":"https:\/\/github.com\/maicki\/why-did-you-update","homepage":null,"size":1349,"stargazers_count":3040,"watchers_count":3040,"language":"JavaScript","has_issues":true,"has_projects":true,"has_downloads":true,"has_wiki":true,"has_pages":false,"forks_count":89,"mirror_url":null,"archived":false,"open_issues_count":4,"license":{"key":"mit","name":"MIT License","spdx_id":"MIT","url":"https:\/\/api.github.com\/licenses\/mit","node_id":"MDc6TGljZW5zZTEz"},"forks":89,"open_issues":4,"watchers":3040,"default_branch":"master","score":97.459885},{"id":47007090,"node_id":"MDEwOlJlcG9zaXRvcnk0NzAwNzA5MA==","name":"react-native-nba-app","full_name":"wwayne\/react-native-nba-app","private":false,"owner":{"login":"wwayne","id":5305874,"node_id":"MDQ6VXNlcjUzMDU4NzQ=","avatar_url":"https:\/\/avatars1.githubusercontent.com\/u\/5305874?v=4","gravatar_id":"","url":"https:\/\/api.github.com\/users\/wwayne","html_url":"https:\/\/github.com\/wwayne","followers_url":"https:\/\/api.github.com\/users\/wwayne\/followers","following_url":"https:\/\/api.github.com\/users\/wwayne\/following{\/other_user}","gists_url":"https:\/\/api.github.com\/users\/wwayne\/gists{\/gist_id}","starred_url":"https:\/\/api.github.com\/users\/wwayne\/starred{\/owner}{\/repo}","subscriptions_url":"https:\/\/api.github.com\/users\/wwayne\/subscriptions","organizations_url":"https:\/\/api.github.com\/users\/wwayne\/orgs","repos_url":"https:\/\/api.github.com\/users\/wwayne\/repos","events_url":"https:\/\/api.github.com\/users\/wwayne\/events{\/privacy}","received_events_url":"https:\/\/api.github.com\/users\/wwayne\/received_events","type":"User","site_admin":false},"html_url":"https:\/\/github.com\/wwayne\/react-native-nba-app","description":"This is why we play","fork":false,"url":"https:\/\/api.github.com\/repos\/wwayne\/react-native-nba-app","forks_url":"https:\/\/api.github.com\/repos\/wwayne\/react-native-nba-app\/forks","keys_url":"https:\/\/api.github.com\/repos\/wwayne\/react-native-nba-app\/keys{\/key_id}","collaborators_url":"https:\/\/api.github.com\/repos\/wwayne\/react-native-nba-app\/collaborators{\/collaborator}","teams_url":"https:\/\/api.github.com\/repos\/wwayne\/react-native-nba-app\/teams","hooks_url":"https:\/\/api.github.com\/repos\/wwayne\/react-native-nba-app\/hooks","issue_events_url":"https:\/\/api.github.com\/repos\/wwayne\/react-native-nba-app\/issues\/events{\/number}","events_url":"https:\/\/api.github.com\/repos\/wwayne\/react-native-nba-app\/events","assignees_url":"https:\/\/api.github.com\/repos\/wwayne\/react-native-nba-app\/assignees{\/user}","branches_url":"https:\/\/api.github.com\/repos\/wwayne\/react-native-nba-app\/branches{\/branch}","tags_url":"https:\/\/api.github.com\/repos\/wwayne\/react-native-nba-app\/tags","blobs_url":"https:\/\/api.github.com\/repos\/wwayne\/react-native-nba-app\/git\/blobs{\/sha}","git_tags_url":"https:\/\/api.github.com\/repos\/wwayne\/react-native-nba-app\/git\/tags{\/sha}","git_refs_url":"https:\/\/api.github.com\/repos\/wwayne\/react-native-nba-app\/git\/refs{\/sha}","trees_url":"https:\/\/api.github.com\/repos\/wwayne\/react-native-nba-app\/git\/trees{\/sha}","statuses_url":"https:\/\/api.github.com\/repos\/wwayne\/react-native-nba-app\/statuses\/{sha}","languages_url":"https:\/\/api.github.com\/repos\/wwayne\/react-native-nba-app\/languages","stargazers_url":"https:\/\/api.github.com\/repos\/wwayne\/react-native-nba-app\/stargazers","contributors_url":"https:\/\/api.github.com\/repos\/wwayne\/react-native-nba-app\/contributors","subscribers_url":"https:\/\/api.github.com\/repos\/wwayne\/react-native-nba-app\/subscribers","subscription_url":"https:\/\/api.github.com\/repos\/wwayne\/react-native-nba-app\/subscription","commits_url":"https:\/\/api.github.com\/repos\/wwayne\/react-native-nba-app\/commits{\/sha}","git_commits_url":"https:\/\/api.github.com\/repos\/wwayne\/react-native-nba-app\/git\/commits{\/sha}","comments_url":"https:\/\/api.github.com\/repos\/wwayne\/react-native-nba-app\/comments{\/number}","issue_comment_url":"https:\/\/api.github.com\/repos\/wwayne\/react-native-nba-app\/issues\/comments{\/number}","contents_url":"https:\/\/api.github.com\/repos\/wwayne\/react-native-nba-app\/contents\/{+path}","compare_url":"https:\/\/api.github.com\/repos\/wwayne\/react-native-nba-app\/compare\/{base}...{head}","merges_url":"https:\/\/api.github.com\/repos\/wwayne\/react-native-nba-app\/merges","archive_url":"https:\/\/api.github.com\/repos\/wwayne\/react-native-nba-app\/{archive_format}{\/ref}","downloads_url":"https:\/\/api.github.com\/repos\/wwayne\/react-native-nba-app\/downloads","issues_url":"https:\/\/api.github.com\/repos\/wwayne\/react-native-nba-app\/issues{\/number}","pulls_url":"https:\/\/api.github.com\/repos\/wwayne\/react-native-nba-app\/pulls{\/number}","milestones_url":"https:\/\/api.github.com\/repos\/wwayne\/react-native-nba-app\/milestones{\/number}","notifications_url":"https:\/\/api.github.com\/repos\/wwayne\/react-native-nba-app\/notifications{?since,all,participating}","labels_url":"https:\/\/api.github.com\/repos\/wwayne\/react-native-nba-app\/labels{\/name}","releases_url":"https:\/\/api.github.com\/repos\/wwayne\/react-native-nba-app\/releases{\/id}","deployments_url":"https:\/\/api.github.com\/repos\/wwayne\/react-native-nba-app\/deployments","created_at":"2015-11-28T02:30:45Z","updated_at":"2019-01-29T06:24:22Z","pushed_at":"2017-02-07T17:42:38Z","git_url":"git:\/\/github.com\/wwayne\/react-native-nba-app.git","ssh_url":"git@github.com:wwayne\/react-native-nba-app.git","clone_url":"https:\/\/github.com\/wwayne\/react-native-nba-app.git","svn_url":"https:\/\/github.com\/wwayne\/react-native-nba-app","homepage":"","size":2796,"stargazers_count":2073,"watchers_count":2073,"language":"Objective-C","has_issues":true,"has_projects":true,"has_downloads":true,"has_wiki":true,"has_pages":false,"forks_count":480,"mirror_url":null,"archived":false,"open_issues_count":8,"license":{"key":"mit","name":"MIT License","spdx_id":"MIT","url":"https:\/\/api.github.com\/licenses\/mit","node_id":"MDc6TGljZW5zZTEz"},"forks":480,"open_issues":8,"watchers":2073,"default_branch":"master","score":110.829346},{"id":17720394,"node_id":"MDEwOlJlcG9zaXRvcnkxNzcyMDM5NA==","name":"pyinstrument","full_name":"joerick\/pyinstrument","private":false,"owner":{"login":"joerick","id":1244307,"node_id":"MDQ6VXNlcjEyNDQzMDc=","avatar_url":"https:\/\/avatars1.githubusercontent.com\/u\/1244307?v=4","gravatar_id":"","url":"https:\/\/api.github.com\/users\/joerick","html_url":"https:\/\/github.com\/joerick","followers_url":"https:\/\/api.github.com\/users\/joerick\/followers","following_url":"https:\/\/api.github.com\/users\/joerick\/following{\/other_user}","gists_url":"https:\/\/api.github.com\/users\/joerick\/gists{\/gist_id}","starred_url":"https:\/\/api.github.com\/users\/joerick\/starred{\/owner}{\/repo}","subscriptions_url":"https:\/\/api.github.com\/users\/joerick\/subscriptions","organizations_url":"https:\/\/api.github.com\/users\/joerick\/orgs","repos_url":"https:\/\/api.github.com\/users\/joerick\/repos","events_url":"https:\/\/api.github.com\/users\/joerick\/events{\/privacy}","received_events_url":"https:\/\/api.github.com\/users\/joerick\/received_events","type":"User","site_admin":false},"html_url":"https:\/\/github.com\/joerick\/pyinstrument","description":"\ud83d\udeb4 Call stack profiler for Python. Shows you why your code is slow!","fork":false,"url":"https:\/\/api.github.com\/repos\/joerick\/pyinstrument","forks_url":"https:\/\/api.github.com\/repos\/joerick\/pyinstrument\/forks","keys_url":"https:\/\/api.github.com\/repos\/joerick\/pyinstrument\/keys{\/key_id}","collaborators_url":"https:\/\/api.github.com\/repos\/joerick\/pyinstrument\/collaborators{\/collaborator}","teams_url":"https:\/\/api.github.com\/repos\/joerick\/pyinstrument\/teams","hooks_url":"https:\/\/api.github.com\/repos\/joerick\/pyinstrument\/hooks","issue_events_url":"https:\/\/api.github.com\/repos\/joerick\/pyinstrument\/issues\/events{\/number}","events_url":"https:\/\/api.github.com\/repos\/joerick\/pyinstrument\/events","assignees_url":"https:\/\/api.github.com\/repos\/joerick\/pyinstrument\/assignees{\/user}","branches_url":"https:\/\/api.github.com\/repos\/joerick\/pyinstrument\/branches{\/branch}","tags_url":"https:\/\/api.github.com\/repos\/joerick\/pyinstrument\/tags","blobs_url":"https:\/\/api.github.com\/repos\/joerick\/pyinstrument\/git\/blobs{\/sha}","git_tags_url":"https:\/\/api.github.com\/repos\/joerick\/pyinstrument\/git\/tags{\/sha}","git_refs_url":"https:\/\/api.github.com\/repos\/joerick\/pyinstrument\/git\/refs{\/sha}","trees_url":"https:\/\/api.github.com\/repos\/joerick\/pyinstrument\/git\/trees{\/sha}","statuses_url":"https:\/\/api.github.com\/repos\/joerick\/pyinstrument\/statuses\/{sha}","languages_url":"https:\/\/api.github.com\/repos\/joerick\/pyinstrument\/languages","stargazers_url":"https:\/\/api.github.com\/repos\/joerick\/pyinstrument\/stargazers","contributors_url":"https:\/\/api.github.com\/repos\/joerick\/pyinstrument\/contributors","subscribers_url":"https:\/\/api.github.com\/repos\/joerick\/pyinstrument\/subscribers","subscription_url":"https:\/\/api.github.com\/repos\/joerick\/pyinstrument\/subscription","commits_url":"https:\/\/api.github.com\/repos\/joerick\/pyinstrument\/commits{\/sha}","git_commits_url":"https:\/\/api.github.com\/repos\/joerick\/pyinstrument\/git\/commits{\/sha}","comments_url":"https:\/\/api.github.com\/repos\/joerick\/pyinstrument\/comments{\/number}","issue_comment_url":"https:\/\/api.github.com\/repos\/joerick\/pyinstrument\/issues\/comments{\/number}","contents_url":"https:\/\/api.github.com\/repos\/joerick\/pyinstrument\/contents\/{+path}","compare_url":"https:\/\/api.github.com\/repos\/joerick\/pyinstrument\/compare\/{base}...{head}","merges_url":"https:\/\/api.github.com\/repos\/joerick\/pyinstrument\/merges","archive_url":"https:\/\/api.github.com\/repos\/joerick\/pyinstrument\/{archive_format}{\/ref}","downloads_url":"https:\/\/api.github.com\/repos\/joerick\/pyinstrument\/downloads","issues_url":"https:\/\/api.github.com\/repos\/joerick\/pyinstrument\/issues{\/number}","pulls_url":"https:\/\/api.github.com\/repos\/joerick\/pyinstrument\/pulls{\/number}","milestones_url":"https:\/\/api.github.com\/repos\/joerick\/pyinstrument\/milestones{\/number}","notifications_url":"https:\/\/api.github.com\/repos\/joerick\/pyinstrument\/notifications{?since,all,participating}","labels_url":"https:\/\/api.github.com\/repos\/joerick\/pyinstrument\/labels{\/name}","releases_url":"https:\/\/api.github.com\/repos\/joerick\/pyinstrument\/releases{\/id}","deployments_url":"https:\/\/api.github.com\/repos\/joerick\/pyinstrument\/deployments","created_at":"2014-03-13T17:53:13Z","updated_at":"2019-01-27T14:58:45Z","pushed_at":"2019-01-15T13:57:27Z","git_url":"git:\/\/github.com\/joerick\/pyinstrument.git","ssh_url":"git@github.com:joerick\/pyinstrument.git","clone_url":"https:\/\/github.com\/joerick\/pyinstrument.git","svn_url":"https:\/\/github.com\/joerick\/pyinstrument","homepage":"","size":1949,"stargazers_count":1081,"watchers_count":1081,"language":"Python","has_issues":true,"has_projects":true,"has_downloads":true,"has_wiki":true,"has_pages":false,"forks_count":66,"mirror_url":null,"archived":false,"open_issues_count":5,"license":{"key":"bsd-3-clause","name":"BSD 3-Clause \"New\" or \"Revised\" License","spdx_id":"BSD-3-Clause","url":"https:\/\/api.github.com\/licenses\/bsd-3-clause","node_id":"MDc6TGljZW5zZTU="},"forks":66,"open_issues":5,"watchers":1081,"default_branch":"master","score":57.178505},{"id":51375640,"node_id":"MDEwOlJlcG9zaXRvcnk1MTM3NTY0MA==","name":"why-is-node-running","full_name":"mafintosh\/why-is-node-running","private":false,"owner":{"login":"mafintosh","id":376661,"node_id":"MDQ6VXNlcjM3NjY2MQ==","avatar_url":"https:\/\/avatars1.githubusercontent.com\/u\/376661?v=4","gravatar_id":"","url":"https:\/\/api.github.com\/users\/mafintosh","html_url":"https:\/\/github.com\/mafintosh","followers_url":"https:\/\/api.github.com\/users\/mafintosh\/followers","following_url":"https:\/\/api.github.com\/users\/mafintosh\/following{\/other_user}","gists_url":"https:\/\/api.github.com\/users\/mafintosh\/gists{\/gist_id}","starred_url":"https:\/\/api.github.com\/users\/mafintosh\/starred{\/owner}{\/repo}","subscriptions_url":"https:\/\/api.github.com\/users\/mafintosh\/subscriptions","organizations_url":"https:\/\/api.github.com\/users\/mafintosh\/orgs","repos_url":"https:\/\/api.github.com\/users\/mafintosh\/repos","events_url":"https:\/\/api.github.com\/users\/mafintosh\/events{\/privacy}","received_events_url":"https:\/\/api.github.com\/users\/mafintosh\/received_events","type":"User","site_admin":false},"html_url":"https:\/\/github.com\/mafintosh\/why-is-node-running","description":"Node is running but you don't know why? why-is-node-running is here to help you.","fork":false,"url":"https:\/\/api.github.com\/repos\/mafintosh\/why-is-node-running","forks_url":"https:\/\/api.github.com\/repos\/mafintosh\/why-is-node-running\/forks","keys_url":"https:\/\/api.github.com\/repos\/mafintosh\/why-is-node-running\/keys{\/key_id}","collaborators_url":"https:\/\/api.github.com\/repos\/mafintosh\/why-is-node-running\/collaborators{\/collaborator}","teams_url":"https:\/\/api.github.com\/repos\/mafintosh\/why-is-node-running\/teams","hooks_url":"https:\/\/api.github.com\/repos\/mafintosh\/why-is-node-running\/hooks","issue_events_url":"https:\/\/api.github.com\/repos\/mafintosh\/why-is-node-running\/issues\/events{\/number}","events_url":"https:\/\/api.github.com\/repos\/mafintosh\/why-is-node-running\/events","assignees_url":"https:\/\/api.github.com\/repos\/mafintosh\/why-is-node-running\/assignees{\/user}","branches_url":"https:\/\/api.github.com\/repos\/mafintosh\/why-is-node-running\/branches{\/branch}","tags_url":"https:\/\/api.github.com\/repos\/mafintosh\/why-is-node-running\/tags","blobs_url":"https:\/\/api.github.com\/repos\/mafintosh\/why-is-node-running\/git\/blobs{\/sha}","git_tags_url":"https:\/\/api.github.com\/repos\/mafintosh\/why-is-node-running\/git\/tags{\/sha}","git_refs_url":"https:\/\/api.github.com\/repos\/mafintosh\/why-is-node-running\/git\/refs{\/sha}","trees_url":"https:\/\/api.github.com\/repos\/mafintosh\/why-is-node-running\/git\/trees{\/sha}","statuses_url":"https:\/\/api.github.com\/repos\/mafintosh\/why-is-node-running\/statuses\/{sha}","languages_url":"https:\/\/api.github.com\/repos\/mafintosh\/why-is-node-running\/languages","stargazers_url":"https:\/\/api.github.com\/repos\/mafintosh\/why-is-node-running\/stargazers","contributors_url":"https:\/\/api.github.com\/repos\/mafintosh\/why-is-node-running\/contributors","subscribers_url":"https:\/\/api.github.com\/repos\/mafintosh\/why-is-node-running\/subscribers","subscription_url":"https:\/\/api.github.com\/repos\/mafintosh\/why-is-node-running\/subscription","commits_url":"https:\/\/api.github.com\/repos\/mafintosh\/why-is-node-running\/commits{\/sha}","git_commits_url":"https:\/\/api.github.com\/repos\/mafintosh\/why-is-node-running\/git\/commits{\/sha}","comments_url":"https:\/\/api.github.com\/repos\/mafintosh\/why-is-node-running\/comments{\/number}","issue_comment_url":"https:\/\/api.github.com\/repos\/mafintosh\/why-is-node-running\/issues\/comments{\/number}","contents_url":"https:\/\/api.github.com\/repos\/mafintosh\/why-is-node-running\/contents\/{+path}","compare_url":"https:\/\/api.github.com\/repos\/mafintosh\/why-is-node-running\/compare\/{base}...{head}","merges_url":"https:\/\/api.github.com\/repos\/mafintosh\/why-is-node-running\/merges","archive_url":"https:\/\/api.github.com\/repos\/mafintosh\/why-is-node-running\/{archive_format}{\/ref}","downloads_url":"https:\/\/api.github.com\/repos\/mafintosh\/why-is-node-running\/downloads","issues_url":"https:\/\/api.github.com\/repos\/mafintosh\/why-is-node-running\/issues{\/number}","pulls_url":"https:\/\/api.github.com\/repos\/mafintosh\/why-is-node-running\/pulls{\/number}","milestones_url":"https:\/\/api.github.com\/repos\/mafintosh\/why-is-node-running\/milestones{\/number}","notifications_url":"https:\/\/api.github.com\/repos\/mafintosh\/why-is-node-running\/notifications{?since,all,participating}","labels_url":"https:\/\/api.github.com\/repos\/mafintosh\/why-is-node-running\/labels{\/name}","releases_url":"https:\/\/api.github.com\/repos\/mafintosh\/why-is-node-running\/releases{\/id}","deployments_url":"https:\/\/api.github.com\/repos\/mafintosh\/why-is-node-running\/deployments","created_at":"2016-02-09T15:29:28Z","updated_at":"2019-01-27T07:40:29Z","pushed_at":"2018-10-26T08:54:53Z","git_url":"git:\/\/github.com\/mafintosh\/why-is-node-running.git","ssh_url":"git@github.com:mafintosh\/why-is-node-running.git","clone_url":"https:\/\/github.com\/mafintosh\/why-is-node-running.git","svn_url":"https:\/\/github.com\/mafintosh\/why-is-node-running","homepage":null,"size":18,"stargazers_count":873,"watchers_count":873,"language":"JavaScript","has_issues":true,"has_projects":true,"has_downloads":true,"has_wiki":true,"has_pages":false,"forks_count":32,"mirror_url":null,"archived":false,"open_issues_count":12,"license":{"key":"mit","name":"MIT License","spdx_id":"MIT","url":"https:\/\/api.github.com\/licenses\/mit","node_id":"MDc6TGljZW5zZTEz"},"forks":32,"open_issues":12,"watchers":873,"default_branch":"master","score":80.29878},{"id":103874950,"node_id":"MDEwOlJlcG9zaXRvcnkxMDM4NzQ5NTA=","name":"bashful","full_name":"wagoodman\/bashful","private":false,"owner":{"login":"wagoodman","id":590471,"node_id":"MDQ6VXNlcjU5MDQ3MQ==","avatar_url":"https:\/\/avatars3.githubusercontent.com\/u\/590471?v=4","gravatar_id":"","url":"https:\/\/api.github.com\/users\/wagoodman","html_url":"https:\/\/github.com\/wagoodman","followers_url":"https:\/\/api.github.com\/users\/wagoodman\/followers","following_url":"https:\/\/api.github.com\/users\/wagoodman\/following{\/other_user}","gists_url":"https:\/\/api.github.com\/users\/wagoodman\/gists{\/gist_id}","starred_url":"https:\/\/api.github.com\/users\/wagoodman\/starred{\/owner}{\/repo}","subscriptions_url":"https:\/\/api.github.com\/users\/wagoodman\/subscriptions","organizations_url":"https:\/\/api.github.com\/users\/wagoodman\/orgs","repos_url":"https:\/\/api.github.com\/users\/wagoodman\/repos","events_url":"https:\/\/api.github.com\/users\/wagoodman\/events{\/privacy}","received_events_url":"https:\/\/api.github.com\/users\/wagoodman\/received_events","type":"User","site_admin":false},"html_url":"https:\/\/github.com\/wagoodman\/bashful","description":"Use a yaml file to stitch together commands and bash snippits and run them with a bit of style.  Why? Because your bash script should be quiet and shy-like (...and not such a loud mouth). ","fork":false,"url":"https:\/\/api.github.com\/repos\/wagoodman\/bashful","forks_url":"https:\/\/api.github.com\/repos\/wagoodman\/bashful\/forks","keys_url":"https:\/\/api.github.com\/repos\/wagoodman\/bashful\/keys{\/key_id}","collaborators_url":"https:\/\/api.github.com\/repos\/wagoodman\/bashful\/collaborators{\/collaborator}","teams_url":"https:\/\/api.github.com\/repos\/wagoodman\/bashful\/teams","hooks_url":"https:\/\/api.github.com\/repos\/wagoodman\/bashful\/hooks","issue_events_url":"https:\/\/api.github.com\/repos\/wagoodman\/bashful\/issues\/events{\/number}","events_url":"https:\/\/api.github.com\/repos\/wagoodman\/bashful\/events","assignees_url":"https:\/\/api.github.com\/repos\/wagoodman\/bashful\/assignees{\/user}","branches_url":"https:\/\/api.github.com\/repos\/wagoodman\/bashful\/branches{\/branch}","tags_url":"https:\/\/api.github.com\/repos\/wagoodman\/bashful\/tags","blobs_url":"https:\/\/api.github.com\/repos\/wagoodman\/bashful\/git\/blobs{\/sha}","git_tags_url":"https:\/\/api.github.com\/repos\/wagoodman\/bashful\/git\/tags{\/sha}","git_refs_url":"https:\/\/api.github.com\/repos\/wagoodman\/bashful\/git\/refs{\/sha}","trees_url":"https:\/\/api.github.com\/repos\/wagoodman\/bashful\/git\/trees{\/sha}","statuses_url":"https:\/\/api.github.com\/repos\/wagoodman\/bashful\/statuses\/{sha}","languages_url":"https:\/\/api.github.com\/repos\/wagoodman\/bashful\/languages","stargazers_url":"https:\/\/api.github.com\/repos\/wagoodman\/bashful\/stargazers","contributors_url":"https:\/\/api.github.com\/repos\/wagoodman\/bashful\/contributors","subscribers_url":"https:\/\/api.github.com\/repos\/wagoodman\/bashful\/subscribers","subscription_url":"https:\/\/api.github.com\/repos\/wagoodman\/bashful\/subscription","commits_url":"https:\/\/api.github.com\/repos\/wagoodman\/bashful\/commits{\/sha}","git_commits_url":"https:\/\/api.github.com\/repos\/wagoodman\/bashful\/git\/commits{\/sha}","comments_url":"https:\/\/api.github.com\/repos\/wagoodman\/bashful\/comments{\/number}","issue_comment_url":"https:\/\/api.github.com\/repos\/wagoodman\/bashful\/issues\/comments{\/number}","contents_url":"https:\/\/api.github.com\/repos\/wagoodman\/bashful\/contents\/{+path}","compare_url":"https:\/\/api.github.com\/repos\/wagoodman\/bashful\/compare\/{base}...{head}","merges_url":"https:\/\/api.github.com\/repos\/wagoodman\/bashful\/merges","archive_url":"https:\/\/api.github.com\/repos\/wagoodman\/bashful\/{archive_format}{\/ref}","downloads_url":"https:\/\/api.github.com\/repos\/wagoodman\/bashful\/downloads","issues_url":"https:\/\/api.github.com\/repos\/wagoodman\/bashful\/issues{\/number}","pulls_url":"https:\/\/api.github.com\/repos\/wagoodman\/bashful\/pulls{\/number}","milestones_url":"https:\/\/api.github.com\/repos\/wagoodman\/bashful\/milestones{\/number}","notifications_url":"https:\/\/api.github.com\/repos\/wagoodman\/bashful\/notifications{?since,all,participating}","labels_url":"https:\/\/api.github.com\/repos\/wagoodman\/bashful\/labels{\/name}","releases_url":"https:\/\/api.github.com\/repos\/wagoodman\/bashful\/releases{\/id}","deployments_url":"https:\/\/api.github.com\/repos\/wagoodman\/bashful\/deployments","created_at":"2017-09-18T01:04:55Z","updated_at":"2019-01-28T20:06:21Z","pushed_at":"2019-01-06T18:52:52Z","git_url":"git:\/\/github.com\/wagoodman\/bashful.git","ssh_url":"git@github.com:wagoodman\/bashful.git","clone_url":"https:\/\/github.com\/wagoodman\/bashful.git","svn_url":"https:\/\/github.com\/wagoodman\/bashful","homepage":"","size":4157,"stargazers_count":827,"watchers_count":827,"language":"Go","has_issues":true,"has_projects":true,"has_downloads":true,"has_wiki":true,"has_pages":false,"forks_count":24,"mirror_url":null,"archived":false,"open_issues_count":15,"license":{"key":"mit","name":"MIT License","spdx_id":"MIT","url":"https:\/\/api.github.com\/licenses\/mit","node_id":"MDc6TGljZW5zZTEz"},"forks":24,"open_issues":15,"watchers":827,"default_branch":"master","score":27.881475},{"id":100889899,"node_id":"MDEwOlJlcG9zaXRvcnkxMDA4ODk4OTk=","name":"wtfautolayout","full_name":"johnpatrickmorgan\/wtfautolayout","private":false,"owner":{"login":"johnpatrickmorgan","id":6318566,"node_id":"MDQ6VXNlcjYzMTg1NjY=","avatar_url":"https:\/\/avatars3.githubusercontent.com\/u\/6318566?v=4","gravatar_id":"","url":"https:\/\/api.github.com\/users\/johnpatrickmorgan","html_url":"https:\/\/github.com\/johnpatrickmorgan","followers_url":"https:\/\/api.github.com\/users\/johnpatrickmorgan\/followers","following_url":"https:\/\/api.github.com\/users\/johnpatrickmorgan\/following{\/other_user}","gists_url":"https:\/\/api.github.com\/users\/johnpatrickmorgan\/gists{\/gist_id}","starred_url":"https:\/\/api.github.com\/users\/johnpatrickmorgan\/starred{\/owner}{\/repo}","subscriptions_url":"https:\/\/api.github.com\/users\/johnpatrickmorgan\/subscriptions","organizations_url":"https:\/\/api.github.com\/users\/johnpatrickmorgan\/orgs","repos_url":"https:\/\/api.github.com\/users\/johnpatrickmorgan\/repos","events_url":"https:\/\/api.github.com\/users\/johnpatrickmorgan\/events{\/privacy}","received_events_url":"https:\/\/api.github.com\/users\/johnpatrickmorgan\/received_events","type":"User","site_admin":false},"html_url":"https:\/\/github.com\/johnpatrickmorgan\/wtfautolayout","description":"The source code for Why The Failure, Auto Layout?","fork":false,"url":"https:\/\/api.github.com\/repos\/johnpatrickmorgan\/wtfautolayout","forks_url":"https:\/\/api.github.com\/repos\/johnpatrickmorgan\/wtfautolayout\/forks","keys_url":"https:\/\/api.github.com\/repos\/johnpatrickmorgan\/wtfautolayout\/keys{\/key_id}","collaborators_url":"https:\/\/api.github.com\/repos\/johnpatrickmorgan\/wtfautolayout\/collaborators{\/collaborator}","teams_url":"https:\/\/api.github.com\/repos\/johnpatrickmorgan\/wtfautolayout\/teams","hooks_url":"https:\/\/api.github.com\/repos\/johnpatrickmorgan\/wtfautolayout\/hooks","issue_events_url":"https:\/\/api.github.com\/repos\/johnpatrickmorgan\/wtfautolayout\/issues\/events{\/number}","events_url":"https:\/\/api.github.com\/repos\/johnpatrickmorgan\/wtfautolayout\/events","assignees_url":"https:\/\/api.github.com\/repos\/johnpatrickmorgan\/wtfautolayout\/assignees{\/user}","branches_url":"https:\/\/api.github.com\/repos\/johnpatrickmorgan\/wtfautolayout\/branches{\/branch}","tags_url":"https:\/\/api.github.com\/repos\/johnpatrickmorgan\/wtfautolayout\/tags","blobs_url":"https:\/\/api.github.com\/repos\/johnpatrickmorgan\/wtfautolayout\/git\/blobs{\/sha}","git_tags_url":"https:\/\/api.github.com\/repos\/johnpatrickmorgan\/wtfautolayout\/git\/tags{\/sha}","git_refs_url":"https:\/\/api.github.com\/repos\/johnpatrickmorgan\/wtfautolayout\/git\/refs{\/sha}","trees_url":"https:\/\/api.github.com\/repos\/johnpatrickmorgan\/wtfautolayout\/git\/trees{\/sha}","statuses_url":"https:\/\/api.github.com\/repos\/johnpatrickmorgan\/wtfautolayout\/statuses\/{sha}","languages_url":"https:\/\/api.github.com\/repos\/johnpatrickmorgan\/wtfautolayout\/languages","stargazers_url":"https:\/\/api.github.com\/repos\/johnpatrickmorgan\/wtfautolayout\/stargazers","contributors_url":"https:\/\/api.github.com\/repos\/johnpatrickmorgan\/wtfautolayout\/contributors","subscribers_url":"https:\/\/api.github.com\/repos\/johnpatrickmorgan\/wtfautolayout\/subscribers","subscription_url":"https:\/\/api.github.com\/repos\/johnpatrickmorgan\/wtfautolayout\/subscription","commits_url":"https:\/\/api.github.com\/repos\/johnpatrickmorgan\/wtfautolayout\/commits{\/sha}","git_commits_url":"https:\/\/api.github.com\/repos\/johnpatrickmorgan\/wtfautolayout\/git\/commits{\/sha}","comments_url":"https:\/\/api.github.com\/repos\/johnpatrickmorgan\/wtfautolayout\/comments{\/number}","issue_comment_url":"https:\/\/api.github.com\/repos\/johnpatrickmorgan\/wtfautolayout\/issues\/comments{\/number}","contents_url":"https:\/\/api.github.com\/repos\/johnpatrickmorgan\/wtfautolayout\/contents\/{+path}","compare_url":"https:\/\/api.github.com\/repos\/johnpatrickmorgan\/wtfautolayout\/compare\/{base}...{head}","merges_url":"https:\/\/api.github.com\/repos\/johnpatrickmorgan\/wtfautolayout\/merges","archive_url":"https:\/\/api.github.com\/repos\/johnpatrickmorgan\/wtfautolayout\/{archive_format}{\/ref}","downloads_url":"https:\/\/api.github.com\/repos\/johnpatrickmorgan\/wtfautolayout\/downloads","issues_url":"https:\/\/api.github.com\/repos\/johnpatrickmorgan\/wtfautolayout\/issues{\/number}","pulls_url":"https:\/\/api.github.com\/repos\/johnpatrickmorgan\/wtfautolayout\/pulls{\/number}","milestones_url":"https:\/\/api.github.com\/repos\/johnpatrickmorgan\/wtfautolayout\/milestones{\/number}","notifications_url":"https:\/\/api.github.com\/repos\/johnpatrickmorgan\/wtfautolayout\/notifications{?since,all,participating}","labels_url":"https:\/\/api.github.com\/repos\/johnpatrickmorgan\/wtfautolayout\/labels{\/name}","releases_url":"https:\/\/api.github.com\/repos\/johnpatrickmorgan\/wtfautolayout\/releases{\/id}","deployments_url":"https:\/\/api.github.com\/repos\/johnpatrickmorgan\/wtfautolayout\/deployments","created_at":"2017-08-20T21:32:57Z","updated_at":"2019-01-28T12:46:45Z","pushed_at":"2019-01-24T23:44:25Z","git_url":"git:\/\/github.com\/johnpatrickmorgan\/wtfautolayout.git","ssh_url":"git@github.com:johnpatrickmorgan\/wtfautolayout.git","clone_url":"https:\/\/github.com\/johnpatrickmorgan\/wtfautolayout.git","svn_url":"https:\/\/github.com\/johnpatrickmorgan\/wtfautolayout","homepage":"https:\/\/www.wtfautolayout.com","size":347,"stargazers_count":674,"watchers_count":674,"language":"Swift","has_issues":true,"has_projects":true,"has_downloads":true,"has_wiki":true,"has_pages":false,"forks_count":15,"mirror_url":null,"archived":false,"open_issues_count":5,"license":{"key":"mit","name":"MIT License","spdx_id":"MIT","url":"https:\/\/api.github.com\/licenses\/mit","node_id":"MDc6TGljZW5zZTEz"},"forks":15,"open_issues":5,"watchers":674,"default_branch":"master","score":56.573776},{"id":28422398,"node_id":"MDEwOlJlcG9zaXRvcnkyODQyMjM5OA==","name":"react-router-flux-starter-kit","full_name":"przeor\/react-router-flux-starter-kit","private":false,"owner":{"login":"przeor","id":5995,"node_id":"MDQ6VXNlcjU5OTU=","avatar_url":"https:\/\/avatars2.githubusercontent.com\/u\/5995?v=4","gravatar_id":"","url":"https:\/\/api.github.com\/users\/przeor","html_url":"https:\/\/github.com\/przeor","followers_url":"https:\/\/api.github.com\/users\/przeor\/followers","following_url":"https:\/\/api.github.com\/users\/przeor\/following{\/other_user}","gists_url":"https:\/\/api.github.com\/users\/przeor\/gists{\/gist_id}","starred_url":"https:\/\/api.github.com\/users\/przeor\/starred{\/owner}{\/repo}","subscriptions_url":"https:\/\/api.github.com\/users\/przeor\/subscriptions","organizations_url":"https:\/\/api.github.com\/users\/przeor\/orgs","repos_url":"https:\/\/api.github.com\/users\/przeor\/repos","events_url":"https:\/\/api.github.com\/users\/przeor\/events{\/privacy}","received_events_url":"https:\/\/api.github.com\/users\/przeor\/received_events","type":"User","site_admin":false},"html_url":"https:\/\/github.com\/przeor\/react-router-flux-starter-kit","description":"Why & How to Learn React Redux, the right highly scalable way.","fork":false,"url":"https:\/\/api.github.com\/repos\/przeor\/react-router-flux-starter-kit","forks_url":"https:\/\/api.github.com\/repos\/przeor\/react-router-flux-starter-kit\/forks","keys_url":"https:\/\/api.github.com\/repos\/przeor\/react-router-flux-starter-kit\/keys{\/key_id}","collaborators_url":"https:\/\/api.github.com\/repos\/przeor\/react-router-flux-starter-kit\/collaborators{\/collaborator}","teams_url":"https:\/\/api.github.com\/repos\/przeor\/react-router-flux-starter-kit\/teams","hooks_url":"https:\/\/api.github.com\/repos\/przeor\/react-router-flux-starter-kit\/hooks","issue_events_url":"https:\/\/api.github.com\/repos\/przeor\/react-router-flux-starter-kit\/issues\/events{\/number}","events_url":"https:\/\/api.github.com\/repos\/przeor\/react-router-flux-starter-kit\/events","assignees_url":"https:\/\/api.github.com\/repos\/przeor\/react-router-flux-starter-kit\/assignees{\/user}","branches_url":"https:\/\/api.github.com\/repos\/przeor\/react-router-flux-starter-kit\/branches{\/branch}","tags_url":"https:\/\/api.github.com\/repos\/przeor\/react-router-flux-starter-kit\/tags","blobs_url":"https:\/\/api.github.com\/repos\/przeor\/react-router-flux-starter-kit\/git\/blobs{\/sha}","git_tags_url":"https:\/\/api.github.com\/repos\/przeor\/react-router-flux-starter-kit\/git\/tags{\/sha}","git_refs_url":"https:\/\/api.github.com\/repos\/przeor\/react-router-flux-starter-kit\/git\/refs{\/sha}","trees_url":"https:\/\/api.github.com\/repos\/przeor\/react-router-flux-starter-kit\/git\/trees{\/sha}","statuses_url":"https:\/\/api.github.com\/repos\/przeor\/react-router-flux-starter-kit\/statuses\/{sha}","languages_url":"https:\/\/api.github.com\/repos\/przeor\/react-router-flux-starter-kit\/languages","stargazers_url":"https:\/\/api.github.com\/repos\/przeor\/react-router-flux-starter-kit\/stargazers","contributors_url":"https:\/\/api.github.com\/repos\/przeor\/react-router-flux-starter-kit\/contributors","subscribers_url":"https:\/\/api.github.com\/repos\/przeor\/react-router-flux-starter-kit\/subscribers","subscription_url":"https:\/\/api.github.com\/repos\/przeor\/react-router-flux-starter-kit\/subscription","commits_url":"https:\/\/api.github.com\/repos\/przeor\/react-router-flux-starter-kit\/commits{\/sha}","git_commits_url":"https:\/\/api.github.com\/repos\/przeor\/react-router-flux-starter-kit\/git\/commits{\/sha}","comments_url":"https:\/\/api.github.com\/repos\/przeor\/react-router-flux-starter-kit\/comments{\/number}","issue_comment_url":"https:\/\/api.github.com\/repos\/przeor\/react-router-flux-starter-kit\/issues\/comments{\/number}","contents_url":"https:\/\/api.github.com\/repos\/przeor\/react-router-flux-starter-kit\/contents\/{+path}","compare_url":"https:\/\/api.github.com\/repos\/przeor\/react-router-flux-starter-kit\/compare\/{base}...{head}","merges_url":"https:\/\/api.github.com\/repos\/przeor\/react-router-flux-starter-kit\/merges","archive_url":"https:\/\/api.github.com\/repos\/przeor\/react-router-flux-starter-kit\/{archive_format}{\/ref}","downloads_url":"https:\/\/api.github.com\/repos\/przeor\/react-router-flux-starter-kit\/downloads","issues_url":"https:\/\/api.github.com\/repos\/przeor\/react-router-flux-starter-kit\/issues{\/number}","pulls_url":"https:\/\/api.github.com\/repos\/przeor\/react-router-flux-starter-kit\/pulls{\/number}","milestones_url":"https:\/\/api.github.com\/repos\/przeor\/react-router-flux-starter-kit\/milestones{\/number}","notifications_url":"https:\/\/api.github.com\/repos\/przeor\/react-router-flux-starter-kit\/notifications{?since,all,participating}","labels_url":"https:\/\/api.github.com\/repos\/przeor\/react-router-flux-starter-kit\/labels{\/name}","releases_url":"https:\/\/api.github.com\/repos\/przeor\/react-router-flux-starter-kit\/releases{\/id}","deployments_url":"https:\/\/api.github.com\/repos\/przeor\/react-router-flux-starter-kit\/deployments","created_at":"2014-12-23T22:19:47Z","updated_at":"2019-01-23T01:25:46Z","pushed_at":"2016-08-19T08:19:37Z","git_url":"git:\/\/github.com\/przeor\/react-router-flux-starter-kit.git","ssh_url":"git@github.com:przeor\/react-router-flux-starter-kit.git","clone_url":"https:\/\/github.com\/przeor\/react-router-flux-starter-kit.git","svn_url":"https:\/\/github.com\/przeor\/react-router-flux-starter-kit","homepage":"","size":4999,"stargazers_count":650,"watchers_count":650,"language":"JavaScript","has_issues":true,"has_projects":true,"has_downloads":true,"has_wiki":true,"has_pages":false,"forks_count":97,"mirror_url":null,"archived":false,"open_issues_count":5,"license":null,"forks":97,"open_issues":5,"watchers":650,"default_branch":"master","score":58.769493},{"id":282344,"node_id":"MDEwOlJlcG9zaXRvcnkyODIzNDQ=","name":"potion","full_name":"perl11\/potion","private":false,"owner":{"login":"perl11","id":2390370,"node_id":"MDEyOk9yZ2FuaXphdGlvbjIzOTAzNzA=","avatar_url":"https:\/\/avatars3.githubusercontent.com\/u\/2390370?v=4","gravatar_id":"","url":"https:\/\/api.github.com\/users\/perl11","html_url":"https:\/\/github.com\/perl11","followers_url":"https:\/\/api.github.com\/users\/perl11\/followers","following_url":"https:\/\/api.github.com\/users\/perl11\/following{\/other_user}","gists_url":"https:\/\/api.github.com\/users\/perl11\/gists{\/gist_id}","starred_url":"https:\/\/api.github.com\/users\/perl11\/starred{\/owner}{\/repo}","subscriptions_url":"https:\/\/api.github.com\/users\/perl11\/subscriptions","organizations_url":"https:\/\/api.github.com\/users\/perl11\/orgs","repos_url":"https:\/\/api.github.com\/users\/perl11\/repos","events_url":"https:\/\/api.github.com\/users\/perl11\/events{\/privacy}","received_events_url":"https:\/\/api.github.com\/users\/perl11\/received_events","type":"Organization","site_admin":false},"html_url":"https:\/\/github.com\/perl11\/potion","description":"_why the lucky stiff's little language (the official repo... until _why returns)","fork":false,"url":"https:\/\/api.github.com\/repos\/perl11\/potion","forks_url":"https:\/\/api.github.com\/repos\/perl11\/potion\/forks","keys_url":"https:\/\/api.github.com\/repos\/perl11\/potion\/keys{\/key_id}","collaborators_url":"https:\/\/api.github.com\/repos\/perl11\/potion\/collaborators{\/collaborator}","teams_url":"https:\/\/api.github.com\/repos\/perl11\/potion\/teams","hooks_url":"https:\/\/api.github.com\/repos\/perl11\/potion\/hooks","issue_events_url":"https:\/\/api.github.com\/repos\/perl11\/potion\/issues\/events{\/number}","events_url":"https:\/\/api.github.com\/repos\/perl11\/potion\/events","assignees_url":"https:\/\/api.github.com\/repos\/perl11\/potion\/assignees{\/user}","branches_url":"https:\/\/api.github.com\/repos\/perl11\/potion\/branches{\/branch}","tags_url":"https:\/\/api.github.com\/repos\/perl11\/potion\/tags","blobs_url":"https:\/\/api.github.com\/repos\/perl11\/potion\/git\/blobs{\/sha}","git_tags_url":"https:\/\/api.github.com\/repos\/perl11\/potion\/git\/tags{\/sha}","git_refs_url":"https:\/\/api.github.com\/repos\/perl11\/potion\/git\/refs{\/sha}","trees_url":"https:\/\/api.github.com\/repos\/perl11\/potion\/git\/trees{\/sha}","statuses_url":"https:\/\/api.github.com\/repos\/perl11\/potion\/statuses\/{sha}","languages_url":"https:\/\/api.github.com\/repos\/perl11\/potion\/languages","stargazers_url":"https:\/\/api.github.com\/repos\/perl11\/potion\/stargazers","contributors_url":"https:\/\/api.github.com\/repos\/perl11\/potion\/contributors","subscribers_url":"https:\/\/api.github.com\/repos\/perl11\/potion\/subscribers","subscription_url":"https:\/\/api.github.com\/repos\/perl11\/potion\/subscription","commits_url":"https:\/\/api.github.com\/repos\/perl11\/potion\/commits{\/sha}","git_commits_url":"https:\/\/api.github.com\/repos\/perl11\/potion\/git\/commits{\/sha}","comments_url":"https:\/\/api.github.com\/repos\/perl11\/potion\/comments{\/number}","issue_comment_url":"https:\/\/api.github.com\/repos\/perl11\/potion\/issues\/comments{\/number}","contents_url":"https:\/\/api.github.com\/repos\/perl11\/potion\/contents\/{+path}","compare_url":"https:\/\/api.github.com\/repos\/perl11\/potion\/compare\/{base}...{head}","merges_url":"https:\/\/api.github.com\/repos\/perl11\/potion\/merges","archive_url":"https:\/\/api.github.com\/repos\/perl11\/potion\/{archive_format}{\/ref}","downloads_url":"https:\/\/api.github.com\/repos\/perl11\/potion\/downloads","issues_url":"https:\/\/api.github.com\/repos\/perl11\/potion\/issues{\/number}","pulls_url":"https:\/\/api.github.com\/repos\/perl11\/potion\/pulls{\/number}","milestones_url":"https:\/\/api.github.com\/repos\/perl11\/potion\/milestones{\/number}","notifications_url":"https:\/\/api.github.com\/repos\/perl11\/potion\/notifications{?since,all,participating}","labels_url":"https:\/\/api.github.com\/repos\/perl11\/potion\/labels{\/name}","releases_url":"https:\/\/api.github.com\/repos\/perl11\/potion\/releases{\/id}","deployments_url":"https:\/\/api.github.com\/repos\/perl11\/potion\/deployments","created_at":"2009-08-19T20:06:21Z","updated_at":"2019-01-23T08:11:13Z","pushed_at":"2018-02-02T09:04:03Z","git_url":"git:\/\/github.com\/perl11\/potion.git","ssh_url":"git@github.com:perl11\/potion.git","clone_url":"https:\/\/github.com\/perl11\/potion.git","svn_url":"https:\/\/github.com\/perl11\/potion","homepage":"http:\/\/groups.google.com\/group\/potion-lang","size":4417,"stargazers_count":540,"watchers_count":540,"language":"C","has_issues":true,"has_projects":true,"has_downloads":true,"has_wiki":true,"has_pages":true,"forks_count":78,"mirror_url":null,"archived":false,"open_issues_count":19,"license":{"key":"other","name":"Other","spdx_id":"NOASSERTION","url":null,"node_id":"MDc6TGljZW5zZTA="},"forks":78,"open_issues":19,"watchers":540,"default_branch":"master","score":81.9806},{"id":282622,"node_id":"MDEwOlJlcG9zaXRvcnkyODI2MjI=","name":"poignant-guide","full_name":"mislav\/poignant-guide","private":false,"owner":{"login":"mislav","id":887,"node_id":"MDQ6VXNlcjg4Nw==","avatar_url":"https:\/\/avatars2.githubusercontent.com\/u\/887?v=4","gravatar_id":"","url":"https:\/\/api.github.com\/users\/mislav","html_url":"https:\/\/github.com\/mislav","followers_url":"https:\/\/api.github.com\/users\/mislav\/followers","following_url":"https:\/\/api.github.com\/users\/mislav\/following{\/other_user}","gists_url":"https:\/\/api.github.com\/users\/mislav\/gists{\/gist_id}","starred_url":"https:\/\/api.github.com\/users\/mislav\/starred{\/owner}{\/repo}","subscriptions_url":"https:\/\/api.github.com\/users\/mislav\/subscriptions","organizations_url":"https:\/\/api.github.com\/users\/mislav\/orgs","repos_url":"https:\/\/api.github.com\/users\/mislav\/repos","events_url":"https:\/\/api.github.com\/users\/mislav\/events{\/privacy}","received_events_url":"https:\/\/api.github.com\/users\/mislav\/received_events","type":"User","site_admin":true},"html_url":"https:\/\/github.com\/mislav\/poignant-guide","description":"Why's Poignant Guide to Ruby","fork":false,"url":"https:\/\/api.github.com\/repos\/mislav\/poignant-guide","forks_url":"https:\/\/api.github.com\/repos\/mislav\/poignant-guide\/forks","keys_url":"https:\/\/api.github.com\/repos\/mislav\/poignant-guide\/keys{\/key_id}","collaborators_url":"https:\/\/api.github.com\/repos\/mislav\/poignant-guide\/collaborators{\/collaborator}","teams_url":"https:\/\/api.github.com\/repos\/mislav\/poignant-guide\/teams","hooks_url":"https:\/\/api.github.com\/repos\/mislav\/poignant-guide\/hooks","issue_events_url":"https:\/\/api.github.com\/repos\/mislav\/poignant-guide\/issues\/events{\/number}","events_url":"https:\/\/api.github.com\/repos\/mislav\/poignant-guide\/events","assignees_url":"https:\/\/api.github.com\/repos\/mislav\/poignant-guide\/assignees{\/user}","branches_url":"https:\/\/api.github.com\/repos\/mislav\/poignant-guide\/branches{\/branch}","tags_url":"https:\/\/api.github.com\/repos\/mislav\/poignant-guide\/tags","blobs_url":"https:\/\/api.github.com\/repos\/mislav\/poignant-guide\/git\/blobs{\/sha}","git_tags_url":"https:\/\/api.github.com\/repos\/mislav\/poignant-guide\/git\/tags{\/sha}","git_refs_url":"https:\/\/api.github.com\/repos\/mislav\/poignant-guide\/git\/refs{\/sha}","trees_url":"https:\/\/api.github.com\/repos\/mislav\/poignant-guide\/git\/trees{\/sha}","statuses_url":"https:\/\/api.github.com\/repos\/mislav\/poignant-guide\/statuses\/{sha}","languages_url":"https:\/\/api.github.com\/repos\/mislav\/poignant-guide\/languages","stargazers_url":"https:\/\/api.github.com\/repos\/mislav\/poignant-guide\/stargazers","contributors_url":"https:\/\/api.github.com\/repos\/mislav\/poignant-guide\/contributors","subscribers_url":"https:\/\/api.github.com\/repos\/mislav\/poignant-guide\/subscribers","subscription_url":"https:\/\/api.github.com\/repos\/mislav\/poignant-guide\/subscription","commits_url":"https:\/\/api.github.com\/repos\/mislav\/poignant-guide\/commits{\/sha}","git_commits_url":"https:\/\/api.github.com\/repos\/mislav\/poignant-guide\/git\/commits{\/sha}","comments_url":"https:\/\/api.github.com\/repos\/mislav\/poignant-guide\/comments{\/number}","issue_comment_url":"https:\/\/api.github.com\/repos\/mislav\/poignant-guide\/issues\/comments{\/number}","contents_url":"https:\/\/api.github.com\/repos\/mislav\/poignant-guide\/contents\/{+path}","compare_url":"https:\/\/api.github.com\/repos\/mislav\/poignant-guide\/compare\/{base}...{head}","merges_url":"https:\/\/api.github.com\/repos\/mislav\/poignant-guide\/merges","archive_url":"https:\/\/api.github.com\/repos\/mislav\/poignant-guide\/{archive_format}{\/ref}","downloads_url":"https:\/\/api.github.com\/repos\/mislav\/poignant-guide\/downloads","issues_url":"https:\/\/api.github.com\/repos\/mislav\/poignant-guide\/issues{\/number}","pulls_url":"https:\/\/api.github.com\/repos\/mislav\/poignant-guide\/pulls{\/number}","milestones_url":"https:\/\/api.github.com\/repos\/mislav\/poignant-guide\/milestones{\/number}","notifications_url":"https:\/\/api.github.com\/repos\/mislav\/poignant-guide\/notifications{?since,all,participating}","labels_url":"https:\/\/api.github.com\/repos\/mislav\/poignant-guide\/labels{\/name}","releases_url":"https:\/\/api.github.com\/repos\/mislav\/poignant-guide\/releases{\/id}","deployments_url":"https:\/\/api.github.com\/repos\/mislav\/poignant-guide\/deployments","created_at":"2009-08-20T01:17:54Z","updated_at":"2019-01-26T12:32:58Z","pushed_at":"2018-11-20T13:08:57Z","git_url":"git:\/\/github.com\/mislav\/poignant-guide.git","ssh_url":"git@github.com:mislav\/poignant-guide.git","clone_url":"https:\/\/github.com\/mislav\/poignant-guide.git","svn_url":"https:\/\/github.com\/mislav\/poignant-guide","homepage":"http:\/\/poignant.guide\/","size":12871,"stargazers_count":532,"watchers_count":532,"language":"HTML","has_issues":false,"has_projects":true,"has_downloads":true,"has_wiki":false,"has_pages":true,"forks_count":103,"mirror_url":null,"archived":false,"open_issues_count":0,"license":null,"forks":103,"open_issues":0,"watchers":532,"default_branch":"gh-pages","score":81.49605},{"id":30485473,"node_id":"MDEwOlJlcG9zaXRvcnkzMDQ4NTQ3Mw==","name":"Why-Reject","full_name":"jcccn\/Why-Reject","private":false,"owner":{"login":"jcccn","id":397243,"node_id":"MDQ6VXNlcjM5NzI0Mw==","avatar_url":"https:\/\/avatars1.githubusercontent.com\/u\/397243?v=4","gravatar_id":"","url":"https:\/\/api.github.com\/users\/jcccn","html_url":"https:\/\/github.com\/jcccn","followers_url":"https:\/\/api.github.com\/users\/jcccn\/followers","following_url":"https:\/\/api.github.com\/users\/jcccn\/following{\/other_user}","gists_url":"https:\/\/api.github.com\/users\/jcccn\/gists{\/gist_id}","starred_url":"https:\/\/api.github.com\/users\/jcccn\/starred{\/owner}{\/repo}","subscriptions_url":"https:\/\/api.github.com\/users\/jcccn\/subscriptions","organizations_url":"https:\/\/api.github.com\/users\/jcccn\/orgs","repos_url":"https:\/\/api.github.com\/users\/jcccn\/repos","events_url":"https:\/\/api.github.com\/users\/jcccn\/events{\/privacy}","received_events_url":"https:\/\/api.github.com\/users\/jcccn\/received_events","type":"User","site_admin":false},"html_url":"https:\/\/github.com\/jcccn\/Why-Reject","description":"\u82f9\u679cAppStore\u88ab\u62d2\u7406\u7531\u5927\u5168","fork":false,"url":"https:\/\/api.github.com\/repos\/jcccn\/Why-Reject","forks_url":"https:\/\/api.github.com\/repos\/jcccn\/Why-Reject\/forks","keys_url":"https:\/\/api.github.com\/repos\/jcccn\/Why-Reject\/keys{\/key_id}","collaborators_url":"https:\/\/api.github.com\/repos\/jcccn\/Why-Reject\/collaborators{\/collaborator}","teams_url":"https:\/\/api.github.com\/repos\/jcccn\/Why-Reject\/teams","hooks_url":"https:\/\/api.github.com\/repos\/jcccn\/Why-Reject\/hooks","issue_events_url":"https:\/\/api.github.com\/repos\/jcccn\/Why-Reject\/issues\/events{\/number}","events_url":"https:\/\/api.github.com\/repos\/jcccn\/Why-Reject\/events","assignees_url":"https:\/\/api.github.com\/repos\/jcccn\/Why-Reject\/assignees{\/user}","branches_url":"https:\/\/api.github.com\/repos\/jcccn\/Why-Reject\/branches{\/branch}","tags_url":"https:\/\/api.github.com\/repos\/jcccn\/Why-Reject\/tags","blobs_url":"https:\/\/api.github.com\/repos\/jcccn\/Why-Reject\/git\/blobs{\/sha}","git_tags_url":"https:\/\/api.github.com\/repos\/jcccn\/Why-Reject\/git\/tags{\/sha}","git_refs_url":"https:\/\/api.github.com\/repos\/jcccn\/Why-Reject\/git\/refs{\/sha}","trees_url":"https:\/\/api.github.com\/repos\/jcccn\/Why-Reject\/git\/trees{\/sha}","statuses_url":"https:\/\/api.github.com\/repos\/jcccn\/Why-Reject\/statuses\/{sha}","languages_url":"https:\/\/api.github.com\/repos\/jcccn\/Why-Reject\/languages","stargazers_url":"https:\/\/api.github.com\/repos\/jcccn\/Why-Reject\/stargazers","contributors_url":"https:\/\/api.github.com\/repos\/jcccn\/Why-Reject\/contributors","subscribers_url":"https:\/\/api.github.com\/repos\/jcccn\/Why-Reject\/subscribers","subscription_url":"https:\/\/api.github.com\/repos\/jcccn\/Why-Reject\/subscription","commits_url":"https:\/\/api.github.com\/repos\/jcccn\/Why-Reject\/commits{\/sha}","git_commits_url":"https:\/\/api.github.com\/repos\/jcccn\/Why-Reject\/git\/commits{\/sha}","comments_url":"https:\/\/api.github.com\/repos\/jcccn\/Why-Reject\/comments{\/number}","issue_comment_url":"https:\/\/api.github.com\/repos\/jcccn\/Why-Reject\/issues\/comments{\/number}","contents_url":"https:\/\/api.github.com\/repos\/jcccn\/Why-Reject\/contents\/{+path}","compare_url":"https:\/\/api.github.com\/repos\/jcccn\/Why-Reject\/compare\/{base}...{head}","merges_url":"https:\/\/api.github.com\/repos\/jcccn\/Why-Reject\/merges","archive_url":"https:\/\/api.github.com\/repos\/jcccn\/Why-Reject\/{archive_format}{\/ref}","downloads_url":"https:\/\/api.github.com\/repos\/jcccn\/Why-Reject\/downloads","issues_url":"https:\/\/api.github.com\/repos\/jcccn\/Why-Reject\/issues{\/number}","pulls_url":"https:\/\/api.github.com\/repos\/jcccn\/Why-Reject\/pulls{\/number}","milestones_url":"https:\/\/api.github.com\/repos\/jcccn\/Why-Reject\/milestones{\/number}","notifications_url":"https:\/\/api.github.com\/repos\/jcccn\/Why-Reject\/notifications{?since,all,participating}","labels_url":"https:\/\/api.github.com\/repos\/jcccn\/Why-Reject\/labels{\/name}","releases_url":"https:\/\/api.github.com\/repos\/jcccn\/Why-Reject\/releases{\/id}","deployments_url":"https:\/\/api.github.com\/repos\/jcccn\/Why-Reject\/deployments","created_at":"2015-02-08T08:37:17Z","updated_at":"2019-01-28T12:02:55Z","pushed_at":"2017-05-06T07:35:44Z","git_url":"git:\/\/github.com\/jcccn\/Why-Reject.git","ssh_url":"git@github.com:jcccn\/Why-Reject.git","clone_url":"https:\/\/github.com\/jcccn\/Why-Reject.git","svn_url":"https:\/\/github.com\/jcccn\/Why-Reject","homepage":"https:\/\/whyreject.jcccn.me","size":684,"stargazers_count":493,"watchers_count":493,"language":null,"has_issues":true,"has_projects":true,"has_downloads":true,"has_wiki":true,"has_pages":true,"forks_count":113,"mirror_url":null,"archived":false,"open_issues_count":0,"license":null,"forks":113,"open_issues":0,"watchers":493,"default_branch":"master","score":96.20372},{"id":76408906,"node_id":"MDEwOlJlcG9zaXRvcnk3NjQwODkwNg==","name":"meta","full_name":"mateodelnorte\/meta","private":false,"owner":{"login":"mateodelnorte","id":554847,"node_id":"MDQ6VXNlcjU1NDg0Nw==","avatar_url":"https:\/\/avatars3.githubusercontent.com\/u\/554847?v=4","gravatar_id":"","url":"https:\/\/api.github.com\/users\/mateodelnorte","html_url":"https:\/\/github.com\/mateodelnorte","followers_url":"https:\/\/api.github.com\/users\/mateodelnorte\/followers","following_url":"https:\/\/api.github.com\/users\/mateodelnorte\/following{\/other_user}","gists_url":"https:\/\/api.github.com\/users\/mateodelnorte\/gists{\/gist_id}","starred_url":"https:\/\/api.github.com\/users\/mateodelnorte\/starred{\/owner}{\/repo}","subscriptions_url":"https:\/\/api.github.com\/users\/mateodelnorte\/subscriptions","organizations_url":"https:\/\/api.github.com\/users\/mateodelnorte\/orgs","repos_url":"https:\/\/api.github.com\/users\/mateodelnorte\/repos","events_url":"https:\/\/api.github.com\/users\/mateodelnorte\/events{\/privacy}","received_events_url":"https:\/\/api.github.com\/users\/mateodelnorte\/received_events","type":"User","site_admin":false},"html_url":"https:\/\/github.com\/mateodelnorte\/meta","description":"tool for turning many repos into a meta repo. why choose many repos or a monolithic repo, when you can have both with a meta repo?","fork":false,"url":"https:\/\/api.github.com\/repos\/mateodelnorte\/meta","forks_url":"https:\/\/api.github.com\/repos\/mateodelnorte\/meta\/forks","keys_url":"https:\/\/api.github.com\/repos\/mateodelnorte\/meta\/keys{\/key_id}","collaborators_url":"https:\/\/api.github.com\/repos\/mateodelnorte\/meta\/collaborators{\/collaborator}","teams_url":"https:\/\/api.github.com\/repos\/mateodelnorte\/meta\/teams","hooks_url":"https:\/\/api.github.com\/repos\/mateodelnorte\/meta\/hooks","issue_events_url":"https:\/\/api.github.com\/repos\/mateodelnorte\/meta\/issues\/events{\/number}","events_url":"https:\/\/api.github.com\/repos\/mateodelnorte\/meta\/events","assignees_url":"https:\/\/api.github.com\/repos\/mateodelnorte\/meta\/assignees{\/user}","branches_url":"https:\/\/api.github.com\/repos\/mateodelnorte\/meta\/branches{\/branch}","tags_url":"https:\/\/api.github.com\/repos\/mateodelnorte\/meta\/tags","blobs_url":"https:\/\/api.github.com\/repos\/mateodelnorte\/meta\/git\/blobs{\/sha}","git_tags_url":"https:\/\/api.github.com\/repos\/mateodelnorte\/meta\/git\/tags{\/sha}","git_refs_url":"https:\/\/api.github.com\/repos\/mateodelnorte\/meta\/git\/refs{\/sha}","trees_url":"https:\/\/api.github.com\/repos\/mateodelnorte\/meta\/git\/trees{\/sha}","statuses_url":"https:\/\/api.github.com\/repos\/mateodelnorte\/meta\/statuses\/{sha}","languages_url":"https:\/\/api.github.com\/repos\/mateodelnorte\/meta\/languages","stargazers_url":"https:\/\/api.github.com\/repos\/mateodelnorte\/meta\/stargazers","contributors_url":"https:\/\/api.github.com\/repos\/mateodelnorte\/meta\/contributors","subscribers_url":"https:\/\/api.github.com\/repos\/mateodelnorte\/meta\/subscribers","subscription_url":"https:\/\/api.github.com\/repos\/mateodelnorte\/meta\/subscription","commits_url":"https:\/\/api.github.com\/repos\/mateodelnorte\/meta\/commits{\/sha}","git_commits_url":"https:\/\/api.github.com\/repos\/mateodelnorte\/meta\/git\/commits{\/sha}","comments_url":"https:\/\/api.github.com\/repos\/mateodelnorte\/meta\/comments{\/number}","issue_comment_url":"https:\/\/api.github.com\/repos\/mateodelnorte\/meta\/issues\/comments{\/number}","contents_url":"https:\/\/api.github.com\/repos\/mateodelnorte\/meta\/contents\/{+path}","compare_url":"https:\/\/api.github.com\/repos\/mateodelnorte\/meta\/compare\/{base}...{head}","merges_url":"https:\/\/api.github.com\/repos\/mateodelnorte\/meta\/merges","archive_url":"https:\/\/api.github.com\/repos\/mateodelnorte\/meta\/{archive_format}{\/ref}","downloads_url":"https:\/\/api.github.com\/repos\/mateodelnorte\/meta\/downloads","issues_url":"https:\/\/api.github.com\/repos\/mateodelnorte\/meta\/issues{\/number}","pulls_url":"https:\/\/api.github.com\/repos\/mateodelnorte\/meta\/pulls{\/number}","milestones_url":"https:\/\/api.github.com\/repos\/mateodelnorte\/meta\/milestones{\/number}","notifications_url":"https:\/\/api.github.com\/repos\/mateodelnorte\/meta\/notifications{?since,all,participating}","labels_url":"https:\/\/api.github.com\/repos\/mateodelnorte\/meta\/labels{\/name}","releases_url":"https:\/\/api.github.com\/repos\/mateodelnorte\/meta\/releases{\/id}","deployments_url":"https:\/\/api.github.com\/repos\/mateodelnorte\/meta\/deployments","created_at":"2016-12-14T00:06:35Z","updated_at":"2019-01-27T07:29:38Z","pushed_at":"2019-01-25T18:00:32Z","git_url":"git:\/\/github.com\/mateodelnorte\/meta.git","ssh_url":"git@github.com:mateodelnorte\/meta.git","clone_url":"https:\/\/github.com\/mateodelnorte\/meta.git","svn_url":"https:\/\/github.com\/mateodelnorte\/meta","homepage":"","size":2507,"stargazers_count":489,"watchers_count":489,"language":"JavaScript","has_issues":true,"has_projects":true,"has_downloads":true,"has_wiki":true,"has_pages":false,"forks_count":27,"mirror_url":null,"archived":false,"open_issues_count":18,"license":null,"forks":27,"open_issues":18,"watchers":489,"default_branch":"master","score":35.321407},{"id":120470493,"node_id":"MDEwOlJlcG9zaXRvcnkxMjA0NzA0OTM=","name":"awesome-dev-podcasts","full_name":"sw-yx\/awesome-dev-podcasts","private":false,"owner":{"login":"sw-yx","id":6764957,"node_id":"MDQ6VXNlcjY3NjQ5NTc=","avatar_url":"https:\/\/avatars1.githubusercontent.com\/u\/6764957?v=4","gravatar_id":"","url":"https:\/\/api.github.com\/users\/sw-yx","html_url":"https:\/\/github.com\/sw-yx","followers_url":"https:\/\/api.github.com\/users\/sw-yx\/followers","following_url":"https:\/\/api.github.com\/users\/sw-yx\/following{\/other_user}","gists_url":"https:\/\/api.github.com\/users\/sw-yx\/gists{\/gist_id}","starred_url":"https:\/\/api.github.com\/users\/sw-yx\/starred{\/owner}{\/repo}","subscriptions_url":"https:\/\/api.github.com\/users\/sw-yx\/subscriptions","organizations_url":"https:\/\/api.github.com\/users\/sw-yx\/orgs","repos_url":"https:\/\/api.github.com\/users\/sw-yx\/repos","events_url":"https:\/\/api.github.com\/users\/sw-yx\/events{\/privacy}","received_events_url":"https:\/\/api.github.com\/users\/sw-yx\/received_events","type":"User","site_admin":false},"html_url":"https:\/\/github.com\/sw-yx\/awesome-dev-podcasts","description":"a curated list of awesome dev podcasts and why they are awesome","fork":false,"url":"https:\/\/api.github.com\/repos\/sw-yx\/awesome-dev-podcasts","forks_url":"https:\/\/api.github.com\/repos\/sw-yx\/awesome-dev-podcasts\/forks","keys_url":"https:\/\/api.github.com\/repos\/sw-yx\/awesome-dev-podcasts\/keys{\/key_id}","collaborators_url":"https:\/\/api.github.com\/repos\/sw-yx\/awesome-dev-podcasts\/collaborators{\/collaborator}","teams_url":"https:\/\/api.github.com\/repos\/sw-yx\/awesome-dev-podcasts\/teams","hooks_url":"https:\/\/api.github.com\/repos\/sw-yx\/awesome-dev-podcasts\/hooks","issue_events_url":"https:\/\/api.github.com\/repos\/sw-yx\/awesome-dev-podcasts\/issues\/events{\/number}","events_url":"https:\/\/api.github.com\/repos\/sw-yx\/awesome-dev-podcasts\/events","assignees_url":"https:\/\/api.github.com\/repos\/sw-yx\/awesome-dev-podcasts\/assignees{\/user}","branches_url":"https:\/\/api.github.com\/repos\/sw-yx\/awesome-dev-podcasts\/branches{\/branch}","tags_url":"https:\/\/api.github.com\/repos\/sw-yx\/awesome-dev-podcasts\/tags","blobs_url":"https:\/\/api.github.com\/repos\/sw-yx\/awesome-dev-podcasts\/git\/blobs{\/sha}","git_tags_url":"https:\/\/api.github.com\/repos\/sw-yx\/awesome-dev-podcasts\/git\/tags{\/sha}","git_refs_url":"https:\/\/api.github.com\/repos\/sw-yx\/awesome-dev-podcasts\/git\/refs{\/sha}","trees_url":"https:\/\/api.github.com\/repos\/sw-yx\/awesome-dev-podcasts\/git\/trees{\/sha}","statuses_url":"https:\/\/api.github.com\/repos\/sw-yx\/awesome-dev-podcasts\/statuses\/{sha}","languages_url":"https:\/\/api.github.com\/repos\/sw-yx\/awesome-dev-podcasts\/languages","stargazers_url":"https:\/\/api.github.com\/repos\/sw-yx\/awesome-dev-podcasts\/stargazers","contributors_url":"https:\/\/api.github.com\/repos\/sw-yx\/awesome-dev-podcasts\/contributors","subscribers_url":"https:\/\/api.github.com\/repos\/sw-yx\/awesome-dev-podcasts\/subscribers","subscription_url":"https:\/\/api.github.com\/repos\/sw-yx\/awesome-dev-podcasts\/subscription","commits_url":"https:\/\/api.github.com\/repos\/sw-yx\/awesome-dev-podcasts\/commits{\/sha}","git_commits_url":"https:\/\/api.github.com\/repos\/sw-yx\/awesome-dev-podcasts\/git\/commits{\/sha}","comments_url":"https:\/\/api.github.com\/repos\/sw-yx\/awesome-dev-podcasts\/comments{\/number}","issue_comment_url":"https:\/\/api.github.com\/repos\/sw-yx\/awesome-dev-podcasts\/issues\/comments{\/number}","contents_url":"https:\/\/api.github.com\/repos\/sw-yx\/awesome-dev-podcasts\/contents\/{+path}","compare_url":"https:\/\/api.github.com\/repos\/sw-yx\/awesome-dev-podcasts\/compare\/{base}...{head}","merges_url":"https:\/\/api.github.com\/repos\/sw-yx\/awesome-dev-podcasts\/merges","archive_url":"https:\/\/api.github.com\/repos\/sw-yx\/awesome-dev-podcasts\/{archive_format}{\/ref}","downloads_url":"https:\/\/api.github.com\/repos\/sw-yx\/awesome-dev-podcasts\/downloads","issues_url":"https:\/\/api.github.com\/repos\/sw-yx\/awesome-dev-podcasts\/issues{\/number}","pulls_url":"https:\/\/api.github.com\/repos\/sw-yx\/awesome-dev-podcasts\/pulls{\/number}","milestones_url":"https:\/\/api.github.com\/repos\/sw-yx\/awesome-dev-podcasts\/milestones{\/number}","notifications_url":"https:\/\/api.github.com\/repos\/sw-yx\/awesome-dev-podcasts\/notifications{?since,all,participating}","labels_url":"https:\/\/api.github.com\/repos\/sw-yx\/awesome-dev-podcasts\/labels{\/name}","releases_url":"https:\/\/api.github.com\/repos\/sw-yx\/awesome-dev-podcasts\/releases{\/id}","deployments_url":"https:\/\/api.github.com\/repos\/sw-yx\/awesome-dev-podcasts\/deployments","created_at":"2018-02-06T14:32:41Z","updated_at":"2019-01-23T00:52:57Z","pushed_at":"2018-09-12T14:28:36Z","git_url":"git:\/\/github.com\/sw-yx\/awesome-dev-podcasts.git","ssh_url":"git@github.com:sw-yx\/awesome-dev-podcasts.git","clone_url":"https:\/\/github.com\/sw-yx\/awesome-dev-podcasts.git","svn_url":"https:\/\/github.com\/sw-yx\/awesome-dev-podcasts","homepage":"","size":29,"stargazers_count":455,"watchers_count":455,"language":null,"has_issues":true,"has_projects":true,"has_downloads":true,"has_wiki":true,"has_pages":false,"forks_count":26,"mirror_url":null,"archived":false,"open_issues_count":3,"license":null,"forks":26,"open_issues":3,"watchers":455,"default_branch":"master","score":48.013966},{"id":18601900,"node_id":"MDEwOlJlcG9zaXRvcnkxODYwMTkwMA==","name":"eliot","full_name":"itamarst\/eliot","private":false,"owner":{"login":"itamarst","id":3266662,"node_id":"MDQ6VXNlcjMyNjY2NjI=","avatar_url":"https:\/\/avatars1.githubusercontent.com\/u\/3266662?v=4","gravatar_id":"","url":"https:\/\/api.github.com\/users\/itamarst","html_url":"https:\/\/github.com\/itamarst","followers_url":"https:\/\/api.github.com\/users\/itamarst\/followers","following_url":"https:\/\/api.github.com\/users\/itamarst\/following{\/other_user}","gists_url":"https:\/\/api.github.com\/users\/itamarst\/gists{\/gist_id}","starred_url":"https:\/\/api.github.com\/users\/itamarst\/starred{\/owner}{\/repo}","subscriptions_url":"https:\/\/api.github.com\/users\/itamarst\/subscriptions","organizations_url":"https:\/\/api.github.com\/users\/itamarst\/orgs","repos_url":"https:\/\/api.github.com\/users\/itamarst\/repos","events_url":"https:\/\/api.github.com\/users\/itamarst\/events{\/privacy}","received_events_url":"https:\/\/api.github.com\/users\/itamarst\/received_events","type":"User","site_admin":false},"html_url":"https:\/\/github.com\/itamarst\/eliot","description":"Eliot: the logging system that tells you *why* it happened","fork":false,"url":"https:\/\/api.github.com\/repos\/itamarst\/eliot","forks_url":"https:\/\/api.github.com\/repos\/itamarst\/eliot\/forks","keys_url":"https:\/\/api.github.com\/repos\/itamarst\/eliot\/keys{\/key_id}","collaborators_url":"https:\/\/api.github.com\/repos\/itamarst\/eliot\/collaborators{\/collaborator}","teams_url":"https:\/\/api.github.com\/repos\/itamarst\/eliot\/teams","hooks_url":"https:\/\/api.github.com\/repos\/itamarst\/eliot\/hooks","issue_events_url":"https:\/\/api.github.com\/repos\/itamarst\/eliot\/issues\/events{\/number}","events_url":"https:\/\/api.github.com\/repos\/itamarst\/eliot\/events","assignees_url":"https:\/\/api.github.com\/repos\/itamarst\/eliot\/assignees{\/user}","branches_url":"https:\/\/api.github.com\/repos\/itamarst\/eliot\/branches{\/branch}","tags_url":"https:\/\/api.github.com\/repos\/itamarst\/eliot\/tags","blobs_url":"https:\/\/api.github.com\/repos\/itamarst\/eliot\/git\/blobs{\/sha}","git_tags_url":"https:\/\/api.github.com\/repos\/itamarst\/eliot\/git\/tags{\/sha}","git_refs_url":"https:\/\/api.github.com\/repos\/itamarst\/eliot\/git\/refs{\/sha}","trees_url":"https:\/\/api.github.com\/repos\/itamarst\/eliot\/git\/trees{\/sha}","statuses_url":"https:\/\/api.github.com\/repos\/itamarst\/eliot\/statuses\/{sha}","languages_url":"https:\/\/api.github.com\/repos\/itamarst\/eliot\/languages","stargazers_url":"https:\/\/api.github.com\/repos\/itamarst\/eliot\/stargazers","contributors_url":"https:\/\/api.github.com\/repos\/itamarst\/eliot\/contributors","subscribers_url":"https:\/\/api.github.com\/repos\/itamarst\/eliot\/subscribers","subscription_url":"https:\/\/api.github.com\/repos\/itamarst\/eliot\/subscription","commits_url":"https:\/\/api.github.com\/repos\/itamarst\/eliot\/commits{\/sha}","git_commits_url":"https:\/\/api.github.com\/repos\/itamarst\/eliot\/git\/commits{\/sha}","comments_url":"https:\/\/api.github.com\/repos\/itamarst\/eliot\/comments{\/number}","issue_comment_url":"https:\/\/api.github.com\/repos\/itamarst\/eliot\/issues\/comments{\/number}","contents_url":"https:\/\/api.github.com\/repos\/itamarst\/eliot\/contents\/{+path}","compare_url":"https:\/\/api.github.com\/repos\/itamarst\/eliot\/compare\/{base}...{head}","merges_url":"https:\/\/api.github.com\/repos\/itamarst\/eliot\/merges","archive_url":"https:\/\/api.github.com\/repos\/itamarst\/eliot\/{archive_format}{\/ref}","downloads_url":"https:\/\/api.github.com\/repos\/itamarst\/eliot\/downloads","issues_url":"https:\/\/api.github.com\/repos\/itamarst\/eliot\/issues{\/number}","pulls_url":"https:\/\/api.github.com\/repos\/itamarst\/eliot\/pulls{\/number}","milestones_url":"https:\/\/api.github.com\/repos\/itamarst\/eliot\/milestones{\/number}","notifications_url":"https:\/\/api.github.com\/repos\/itamarst\/eliot\/notifications{?since,all,participating}","labels_url":"https:\/\/api.github.com\/repos\/itamarst\/eliot\/labels{\/name}","releases_url":"https:\/\/api.github.com\/repos\/itamarst\/eliot\/releases{\/id}","deployments_url":"https:\/\/api.github.com\/repos\/itamarst\/eliot\/deployments","created_at":"2014-04-09T15:12:19Z","updated_at":"2019-01-25T22:49:37Z","pushed_at":"2019-01-02T18:19:45Z","git_url":"git:\/\/github.com\/itamarst\/eliot.git","ssh_url":"git@github.com:itamarst\/eliot.git","clone_url":"https:\/\/github.com\/itamarst\/eliot.git","svn_url":"https:\/\/github.com\/itamarst\/eliot","homepage":"https:\/\/eliot.readthedocs.io","size":1017,"stargazers_count":445,"watchers_count":445,"language":"Python","has_issues":true,"has_projects":true,"has_downloads":true,"has_wiki":true,"has_pages":false,"forks_count":32,"mirror_url":null,"archived":false,"open_issues_count":89,"license":{"key":"apache-2.0","name":"Apache License 2.0","spdx_id":"Apache-2.0","url":"https:\/\/api.github.com\/licenses\/apache-2.0","node_id":"MDc6TGljZW5zZTI="},"forks":32,"open_issues":89,"watchers":445,"default_branch":"master","score":61.207333},{"id":164816947,"node_id":"MDEwOlJlcG9zaXRvcnkxNjQ4MTY5NDc=","name":"stockpredictionai","full_name":"borisbanushev\/stockpredictionai","private":false,"owner":{"login":"borisbanushev","id":36700291,"node_id":"MDQ6VXNlcjM2NzAwMjkx","avatar_url":"https:\/\/avatars3.githubusercontent.com\/u\/36700291?v=4","gravatar_id":"","url":"https:\/\/api.github.com\/users\/borisbanushev","html_url":"https:\/\/github.com\/borisbanushev","followers_url":"https:\/\/api.github.com\/users\/borisbanushev\/followers","following_url":"https:\/\/api.github.com\/users\/borisbanushev\/following{\/other_user}","gists_url":"https:\/\/api.github.com\/users\/borisbanushev\/gists{\/gist_id}","starred_url":"https:\/\/api.github.com\/users\/borisbanushev\/starred{\/owner}{\/repo}","subscriptions_url":"https:\/\/api.github.com\/users\/borisbanushev\/subscriptions","organizations_url":"https:\/\/api.github.com\/users\/borisbanushev\/orgs","repos_url":"https:\/\/api.github.com\/users\/borisbanushev\/repos","events_url":"https:\/\/api.github.com\/users\/borisbanushev\/events{\/privacy}","received_events_url":"https:\/\/api.github.com\/users\/borisbanushev\/received_events","type":"User","site_admin":false},"html_url":"https:\/\/github.com\/borisbanushev\/stockpredictionai","description":"       In this noteboook I will create a complete process for predicting stock price movements. Follow along and we will achieve some pretty good results. For that purpose we will use a Generative Adversarial Network (GAN) with LSTM, a type of Recurrent Neural Network, as generator, and a Convolutional Neural Network, CNN, as a discriminator. We use LSTM for the obvious reason that we are trying to predict time series data. Why we use GAN and specifically CNN as a discriminator? That is a good question: there are special sections on that later.","fork":false,"url":"https:\/\/api.github.com\/repos\/borisbanushev\/stockpredictionai","forks_url":"https:\/\/api.github.com\/repos\/borisbanushev\/stockpredictionai\/forks","keys_url":"https:\/\/api.github.com\/repos\/borisbanushev\/stockpredictionai\/keys{\/key_id}","collaborators_url":"https:\/\/api.github.com\/repos\/borisbanushev\/stockpredictionai\/collaborators{\/collaborator}","teams_url":"https:\/\/api.github.com\/repos\/borisbanushev\/stockpredictionai\/teams","hooks_url":"https:\/\/api.github.com\/repos\/borisbanushev\/stockpredictionai\/hooks","issue_events_url":"https:\/\/api.github.com\/repos\/borisbanushev\/stockpredictionai\/issues\/events{\/number}","events_url":"https:\/\/api.github.com\/repos\/borisbanushev\/stockpredictionai\/events","assignees_url":"https:\/\/api.github.com\/repos\/borisbanushev\/stockpredictionai\/assignees{\/user}","branches_url":"https:\/\/api.github.com\/repos\/borisbanushev\/stockpredictionai\/branches{\/branch}","tags_url":"https:\/\/api.github.com\/repos\/borisbanushev\/stockpredictionai\/tags","blobs_url":"https:\/\/api.github.com\/repos\/borisbanushev\/stockpredictionai\/git\/blobs{\/sha}","git_tags_url":"https:\/\/api.github.com\/repos\/borisbanushev\/stockpredictionai\/git\/tags{\/sha}","git_refs_url":"https:\/\/api.github.com\/repos\/borisbanushev\/stockpredictionai\/git\/refs{\/sha}","trees_url":"https:\/\/api.github.com\/repos\/borisbanushev\/stockpredictionai\/git\/trees{\/sha}","statuses_url":"https:\/\/api.github.com\/repos\/borisbanushev\/stockpredictionai\/statuses\/{sha}","languages_url":"https:\/\/api.github.com\/repos\/borisbanushev\/stockpredictionai\/languages","stargazers_url":"https:\/\/api.github.com\/repos\/borisbanushev\/stockpredictionai\/stargazers","contributors_url":"https:\/\/api.github.com\/repos\/borisbanushev\/stockpredictionai\/contributors","subscribers_url":"https:\/\/api.github.com\/repos\/borisbanushev\/stockpredictionai\/subscribers","subscription_url":"https:\/\/api.github.com\/repos\/borisbanushev\/stockpredictionai\/subscription","commits_url":"https:\/\/api.github.com\/repos\/borisbanushev\/stockpredictionai\/commits{\/sha}","git_commits_url":"https:\/\/api.github.com\/repos\/borisbanushev\/stockpredictionai\/git\/commits{\/sha}","comments_url":"https:\/\/api.github.com\/repos\/borisbanushev\/stockpredictionai\/comments{\/number}","issue_comment_url":"https:\/\/api.github.com\/repos\/borisbanushev\/stockpredictionai\/issues\/comments{\/number}","contents_url":"https:\/\/api.github.com\/repos\/borisbanushev\/stockpredictionai\/contents\/{+path}","compare_url":"https:\/\/api.github.com\/repos\/borisbanushev\/stockpredictionai\/compare\/{base}...{head}","merges_url":"https:\/\/api.github.com\/repos\/borisbanushev\/stockpredictionai\/merges","archive_url":"https:\/\/api.github.com\/repos\/borisbanushev\/stockpredictionai\/{archive_format}{\/ref}","downloads_url":"https:\/\/api.github.com\/repos\/borisbanushev\/stockpredictionai\/downloads","issues_url":"https:\/\/api.github.com\/repos\/borisbanushev\/stockpredictionai\/issues{\/number}","pulls_url":"https:\/\/api.github.com\/repos\/borisbanushev\/stockpredictionai\/pulls{\/number}","milestones_url":"https:\/\/api.github.com\/repos\/borisbanushev\/stockpredictionai\/milestones{\/number}","notifications_url":"https:\/\/api.github.com\/repos\/borisbanushev\/stockpredictionai\/notifications{?since,all,participating}","labels_url":"https:\/\/api.github.com\/repos\/borisbanushev\/stockpredictionai\/labels{\/name}","releases_url":"https:\/\/api.github.com\/repos\/borisbanushev\/stockpredictionai\/releases{\/id}","deployments_url":"https:\/\/api.github.com\/repos\/borisbanushev\/stockpredictionai\/deployments","created_at":"2019-01-09T08:02:47Z","updated_at":"2019-01-28T20:24:48Z","pushed_at":"2019-01-24T20:24:50Z","git_url":"git:\/\/github.com\/borisbanushev\/stockpredictionai.git","ssh_url":"git@github.com:borisbanushev\/stockpredictionai.git","clone_url":"https:\/\/github.com\/borisbanushev\/stockpredictionai.git","svn_url":"https:\/\/github.com\/borisbanushev\/stockpredictionai","homepage":"","size":1950,"stargazers_count":417,"watchers_count":417,"language":null,"has_issues":true,"has_projects":true,"has_downloads":true,"has_wiki":true,"has_pages":false,"forks_count":181,"mirror_url":null,"archived":false,"open_issues_count":12,"license":null,"forks":181,"open_issues":12,"watchers":417,"default_branch":"master","score":14.908409},{"id":35077713,"node_id":"MDEwOlJlcG9zaXRvcnkzNTA3NzcxMw==","name":"whyliam.workflows.youdao","full_name":"liszd\/whyliam.workflows.youdao","private":false,"owner":{"login":"liszd","id":3387850,"node_id":"MDQ6VXNlcjMzODc4NTA=","avatar_url":"https:\/\/avatars0.githubusercontent.com\/u\/3387850?v=4","gravatar_id":"","url":"https:\/\/api.github.com\/users\/liszd","html_url":"https:\/\/github.com\/liszd","followers_url":"https:\/\/api.github.com\/users\/liszd\/followers","following_url":"https:\/\/api.github.com\/users\/liszd\/following{\/other_user}","gists_url":"https:\/\/api.github.com\/users\/liszd\/gists{\/gist_id}","starred_url":"https:\/\/api.github.com\/users\/liszd\/starred{\/owner}{\/repo}","subscriptions_url":"https:\/\/api.github.com\/users\/liszd\/subscriptions","organizations_url":"https:\/\/api.github.com\/users\/liszd\/orgs","repos_url":"https:\/\/api.github.com\/users\/liszd\/repos","events_url":"https:\/\/api.github.com\/users\/liszd\/events{\/privacy}","received_events_url":"https:\/\/api.github.com\/users\/liszd\/received_events","type":"User","site_admin":false},"html_url":"https:\/\/github.com\/liszd\/whyliam.workflows.youdao","description":"\u4f7f\u7528\u6709\u9053\u7ffb\u8bd1\u4f60\u60f3\u77e5\u9053\u7684\u5355\u8bcd\u548c\u8bed\u53e5","fork":false,"url":"https:\/\/api.github.com\/repos\/liszd\/whyliam.workflows.youdao","forks_url":"https:\/\/api.github.com\/repos\/liszd\/whyliam.workflows.youdao\/forks","keys_url":"https:\/\/api.github.com\/repos\/liszd\/whyliam.workflows.youdao\/keys{\/key_id}","collaborators_url":"https:\/\/api.github.com\/repos\/liszd\/whyliam.workflows.youdao\/collaborators{\/collaborator}","teams_url":"https:\/\/api.github.com\/repos\/liszd\/whyliam.workflows.youdao\/teams","hooks_url":"https:\/\/api.github.com\/repos\/liszd\/whyliam.workflows.youdao\/hooks","issue_events_url":"https:\/\/api.github.com\/repos\/liszd\/whyliam.workflows.youdao\/issues\/events{\/number}","events_url":"https:\/\/api.github.com\/repos\/liszd\/whyliam.workflows.youdao\/events","assignees_url":"https:\/\/api.github.com\/repos\/liszd\/whyliam.workflows.youdao\/assignees{\/user}","branches_url":"https:\/\/api.github.com\/repos\/liszd\/whyliam.workflows.youdao\/branches{\/branch}","tags_url":"https:\/\/api.github.com\/repos\/liszd\/whyliam.workflows.youdao\/tags","blobs_url":"https:\/\/api.github.com\/repos\/liszd\/whyliam.workflows.youdao\/git\/blobs{\/sha}","git_tags_url":"https:\/\/api.github.com\/repos\/liszd\/whyliam.workflows.youdao\/git\/tags{\/sha}","git_refs_url":"https:\/\/api.github.com\/repos\/liszd\/whyliam.workflows.youdao\/git\/refs{\/sha}","trees_url":"https:\/\/api.github.com\/repos\/liszd\/whyliam.workflows.youdao\/git\/trees{\/sha}","statuses_url":"https:\/\/api.github.com\/repos\/liszd\/whyliam.workflows.youdao\/statuses\/{sha}","languages_url":"https:\/\/api.github.com\/repos\/liszd\/whyliam.workflows.youdao\/languages","stargazers_url":"https:\/\/api.github.com\/repos\/liszd\/whyliam.workflows.youdao\/stargazers","contributors_url":"https:\/\/api.github.com\/repos\/liszd\/whyliam.workflows.youdao\/contributors","subscribers_url":"https:\/\/api.github.com\/repos\/liszd\/whyliam.workflows.youdao\/subscribers","subscription_url":"https:\/\/api.github.com\/repos\/liszd\/whyliam.workflows.youdao\/subscription","commits_url":"https:\/\/api.github.com\/repos\/liszd\/whyliam.workflows.youdao\/commits{\/sha}","git_commits_url":"https:\/\/api.github.com\/repos\/liszd\/whyliam.workflows.youdao\/git\/commits{\/sha}","comments_url":"https:\/\/api.github.com\/repos\/liszd\/whyliam.workflows.youdao\/comments{\/number}","issue_comment_url":"https:\/\/api.github.com\/repos\/liszd\/whyliam.workflows.youdao\/issues\/comments{\/number}","contents_url":"https:\/\/api.github.com\/repos\/liszd\/whyliam.workflows.youdao\/contents\/{+path}","compare_url":"https:\/\/api.github.com\/repos\/liszd\/whyliam.workflows.youdao\/compare\/{base}...{head}","merges_url":"https:\/\/api.github.com\/repos\/liszd\/whyliam.workflows.youdao\/merges","archive_url":"https:\/\/api.github.com\/repos\/liszd\/whyliam.workflows.youdao\/{archive_format}{\/ref}","downloads_url":"https:\/\/api.github.com\/repos\/liszd\/whyliam.workflows.youdao\/downloads","issues_url":"https:\/\/api.github.com\/repos\/liszd\/whyliam.workflows.youdao\/issues{\/number}","pulls_url":"https:\/\/api.github.com\/repos\/liszd\/whyliam.workflows.youdao\/pulls{\/number}","milestones_url":"https:\/\/api.github.com\/repos\/liszd\/whyliam.workflows.youdao\/milestones{\/number}","notifications_url":"https:\/\/api.github.com\/repos\/liszd\/whyliam.workflows.youdao\/notifications{?since,all,participating}","labels_url":"https:\/\/api.github.com\/repos\/liszd\/whyliam.workflows.youdao\/labels{\/name}","releases_url":"https:\/\/api.github.com\/repos\/liszd\/whyliam.workflows.youdao\/releases{\/id}","deployments_url":"https:\/\/api.github.com\/repos\/liszd\/whyliam.workflows.youdao\/deployments","created_at":"2015-05-05T04:23:14Z","updated_at":"2019-01-27T04:15:49Z","pushed_at":"2018-08-03T05:49:11Z","git_url":"git:\/\/github.com\/liszd\/whyliam.workflows.youdao.git","ssh_url":"git@github.com:liszd\/whyliam.workflows.youdao.git","clone_url":"https:\/\/github.com\/liszd\/whyliam.workflows.youdao.git","svn_url":"https:\/\/github.com\/liszd\/whyliam.workflows.youdao","homepage":"http:\/\/blog.naaln.com\/2015\/05\/repeat-create-the-wheel-alfred-plugin-youdao","size":3048,"stargazers_count":416,"watchers_count":416,"language":"Python","has_issues":true,"has_projects":true,"has_downloads":true,"has_wiki":true,"has_pages":false,"forks_count":72,"mirror_url":null,"archived":false,"open_issues_count":1,"license":{"key":"mit","name":"MIT License","spdx_id":"MIT","url":"https:\/\/api.github.com\/licenses\/mit","node_id":"MDc6TGljZW5zZTEz"},"forks":72,"open_issues":1,"watchers":416,"default_branch":"master","score":85.44245},{"id":2192780,"node_id":"MDEwOlJlcG9zaXRvcnkyMTkyNzgw","name":"jOOX","full_name":"jOOQ\/jOOX","private":false,"owner":{"login":"jOOQ","id":1666512,"node_id":"MDEyOk9yZ2FuaXphdGlvbjE2NjY1MTI=","avatar_url":"https:\/\/avatars3.githubusercontent.com\/u\/1666512?v=4","gravatar_id":"","url":"https:\/\/api.github.com\/users\/jOOQ","html_url":"https:\/\/github.com\/jOOQ","followers_url":"https:\/\/api.github.com\/users\/jOOQ\/followers","following_url":"https:\/\/api.github.com\/users\/jOOQ\/following{\/other_user}","gists_url":"https:\/\/api.github.com\/users\/jOOQ\/gists{\/gist_id}","starred_url":"https:\/\/api.github.com\/users\/jOOQ\/starred{\/owner}{\/repo}","subscriptions_url":"https:\/\/api.github.com\/users\/jOOQ\/subscriptions","organizations_url":"https:\/\/api.github.com\/users\/jOOQ\/orgs","repos_url":"https:\/\/api.github.com\/users\/jOOQ\/repos","events_url":"https:\/\/api.github.com\/users\/jOOQ\/events{\/privacy}","received_events_url":"https:\/\/api.github.com\/users\/jOOQ\/received_events","type":"Organization","site_admin":false},"html_url":"https:\/\/github.com\/jOOQ\/jOOX","description":"jOOX - The Power of jQuery Applied to W3C DOM Like JDBC, DOM is a powerful, yet very verbose low-level API to manipulate XML. The HTML DOM an be manipulated with the popular jQuery product, in JavaScript. Why don't we have jQuery in Java? jOOX is jQuery's XML parts, applied to Java.","fork":false,"url":"https:\/\/api.github.com\/repos\/jOOQ\/jOOX","forks_url":"https:\/\/api.github.com\/repos\/jOOQ\/jOOX\/forks","keys_url":"https:\/\/api.github.com\/repos\/jOOQ\/jOOX\/keys{\/key_id}","collaborators_url":"https:\/\/api.github.com\/repos\/jOOQ\/jOOX\/collaborators{\/collaborator}","teams_url":"https:\/\/api.github.com\/repos\/jOOQ\/jOOX\/teams","hooks_url":"https:\/\/api.github.com\/repos\/jOOQ\/jOOX\/hooks","issue_events_url":"https:\/\/api.github.com\/repos\/jOOQ\/jOOX\/issues\/events{\/number}","events_url":"https:\/\/api.github.com\/repos\/jOOQ\/jOOX\/events","assignees_url":"https:\/\/api.github.com\/repos\/jOOQ\/jOOX\/assignees{\/user}","branches_url":"https:\/\/api.github.com\/repos\/jOOQ\/jOOX\/branches{\/branch}","tags_url":"https:\/\/api.github.com\/repos\/jOOQ\/jOOX\/tags","blobs_url":"https:\/\/api.github.com\/repos\/jOOQ\/jOOX\/git\/blobs{\/sha}","git_tags_url":"https:\/\/api.github.com\/repos\/jOOQ\/jOOX\/git\/tags{\/sha}","git_refs_url":"https:\/\/api.github.com\/repos\/jOOQ\/jOOX\/git\/refs{\/sha}","trees_url":"https:\/\/api.github.com\/repos\/jOOQ\/jOOX\/git\/trees{\/sha}","statuses_url":"https:\/\/api.github.com\/repos\/jOOQ\/jOOX\/statuses\/{sha}","languages_url":"https:\/\/api.github.com\/repos\/jOOQ\/jOOX\/languages","stargazers_url":"https:\/\/api.github.com\/repos\/jOOQ\/jOOX\/stargazers","contributors_url":"https:\/\/api.github.com\/repos\/jOOQ\/jOOX\/contributors","subscribers_url":"https:\/\/api.github.com\/repos\/jOOQ\/jOOX\/subscribers","subscription_url":"https:\/\/api.github.com\/repos\/jOOQ\/jOOX\/subscription","commits_url":"https:\/\/api.github.com\/repos\/jOOQ\/jOOX\/commits{\/sha}","git_commits_url":"https:\/\/api.github.com\/repos\/jOOQ\/jOOX\/git\/commits{\/sha}","comments_url":"https:\/\/api.github.com\/repos\/jOOQ\/jOOX\/comments{\/number}","issue_comment_url":"https:\/\/api.github.com\/repos\/jOOQ\/jOOX\/issues\/comments{\/number}","contents_url":"https:\/\/api.github.com\/repos\/jOOQ\/jOOX\/contents\/{+path}","compare_url":"https:\/\/api.github.com\/repos\/jOOQ\/jOOX\/compare\/{base}...{head}","merges_url":"https:\/\/api.github.com\/repos\/jOOQ\/jOOX\/merges","archive_url":"https:\/\/api.github.com\/repos\/jOOQ\/jOOX\/{archive_format}{\/ref}","downloads_url":"https:\/\/api.github.com\/repos\/jOOQ\/jOOX\/downloads","issues_url":"https:\/\/api.github.com\/repos\/jOOQ\/jOOX\/issues{\/number}","pulls_url":"https:\/\/api.github.com\/repos\/jOOQ\/jOOX\/pulls{\/number}","milestones_url":"https:\/\/api.github.com\/repos\/jOOQ\/jOOX\/milestones{\/number}","notifications_url":"https:\/\/api.github.com\/repos\/jOOQ\/jOOX\/notifications{?since,all,participating}","labels_url":"https:\/\/api.github.com\/repos\/jOOQ\/jOOX\/labels{\/name}","releases_url":"https:\/\/api.github.com\/repos\/jOOQ\/jOOX\/releases{\/id}","deployments_url":"https:\/\/api.github.com\/repos\/jOOQ\/jOOX\/deployments","created_at":"2011-08-11T18:08:47Z","updated_at":"2019-01-29T02:59:21Z","pushed_at":"2018-09-10T11:04:36Z","git_url":"git:\/\/github.com\/jOOQ\/jOOX.git","ssh_url":"git@github.com:jOOQ\/jOOX.git","clone_url":"https:\/\/github.com\/jOOQ\/jOOX.git","svn_url":"https:\/\/github.com\/jOOQ\/jOOX","homepage":"http:\/\/www.jooq.org\/products","size":678,"stargazers_count":393,"watchers_count":393,"language":"Java","has_issues":true,"has_projects":true,"has_downloads":true,"has_wiki":true,"has_pages":false,"forks_count":33,"mirror_url":null,"archived":false,"open_issues_count":47,"license":{"key":"apache-2.0","name":"Apache License 2.0","spdx_id":"Apache-2.0","url":"https:\/\/api.github.com\/licenses\/apache-2.0","node_id":"MDc6TGljZW5zZTI="},"forks":33,"open_issues":47,"watchers":393,"default_branch":"master","score":19.785538},{"id":122733470,"node_id":"MDEwOlJlcG9zaXRvcnkxMjI3MzM0NzA=","name":"whybundled","full_name":"d4rkr00t\/whybundled","private":false,"owner":{"login":"d4rkr00t","id":200119,"node_id":"MDQ6VXNlcjIwMDExOQ==","avatar_url":"https:\/\/avatars2.githubusercontent.com\/u\/200119?v=4","gravatar_id":"","url":"https:\/\/api.github.com\/users\/d4rkr00t","html_url":"https:\/\/github.com\/d4rkr00t","followers_url":"https:\/\/api.github.com\/users\/d4rkr00t\/followers","following_url":"https:\/\/api.github.com\/users\/d4rkr00t\/following{\/other_user}","gists_url":"https:\/\/api.github.com\/users\/d4rkr00t\/gists{\/gist_id}","starred_url":"https:\/\/api.github.com\/users\/d4rkr00t\/starred{\/owner}{\/repo}","subscriptions_url":"https:\/\/api.github.com\/users\/d4rkr00t\/subscriptions","organizations_url":"https:\/\/api.github.com\/users\/d4rkr00t\/orgs","repos_url":"https:\/\/api.github.com\/users\/d4rkr00t\/repos","events_url":"https:\/\/api.github.com\/users\/d4rkr00t\/events{\/privacy}","received_events_url":"https:\/\/api.github.com\/users\/d4rkr00t\/received_events","type":"User","site_admin":false},"html_url":"https:\/\/github.com\/d4rkr00t\/whybundled","description":"Answers the question \u2013 Why the hell is this module in a bundle?","fork":false,"url":"https:\/\/api.github.com\/repos\/d4rkr00t\/whybundled","forks_url":"https:\/\/api.github.com\/repos\/d4rkr00t\/whybundled\/forks","keys_url":"https:\/\/api.github.com\/repos\/d4rkr00t\/whybundled\/keys{\/key_id}","collaborators_url":"https:\/\/api.github.com\/repos\/d4rkr00t\/whybundled\/collaborators{\/collaborator}","teams_url":"https:\/\/api.github.com\/repos\/d4rkr00t\/whybundled\/teams","hooks_url":"https:\/\/api.github.com\/repos\/d4rkr00t\/whybundled\/hooks","issue_events_url":"https:\/\/api.github.com\/repos\/d4rkr00t\/whybundled\/issues\/events{\/number}","events_url":"https:\/\/api.github.com\/repos\/d4rkr00t\/whybundled\/events","assignees_url":"https:\/\/api.github.com\/repos\/d4rkr00t\/whybundled\/assignees{\/user}","branches_url":"https:\/\/api.github.com\/repos\/d4rkr00t\/whybundled\/branches{\/branch}","tags_url":"https:\/\/api.github.com\/repos\/d4rkr00t\/whybundled\/tags","blobs_url":"https:\/\/api.github.com\/repos\/d4rkr00t\/whybundled\/git\/blobs{\/sha}","git_tags_url":"https:\/\/api.github.com\/repos\/d4rkr00t\/whybundled\/git\/tags{\/sha}","git_refs_url":"https:\/\/api.github.com\/repos\/d4rkr00t\/whybundled\/git\/refs{\/sha}","trees_url":"https:\/\/api.github.com\/repos\/d4rkr00t\/whybundled\/git\/trees{\/sha}","statuses_url":"https:\/\/api.github.com\/repos\/d4rkr00t\/whybundled\/statuses\/{sha}","languages_url":"https:\/\/api.github.com\/repos\/d4rkr00t\/whybundled\/languages","stargazers_url":"https:\/\/api.github.com\/repos\/d4rkr00t\/whybundled\/stargazers","contributors_url":"https:\/\/api.github.com\/repos\/d4rkr00t\/whybundled\/contributors","subscribers_url":"https:\/\/api.github.com\/repos\/d4rkr00t\/whybundled\/subscribers","subscription_url":"https:\/\/api.github.com\/repos\/d4rkr00t\/whybundled\/subscription","commits_url":"https:\/\/api.github.com\/repos\/d4rkr00t\/whybundled\/commits{\/sha}","git_commits_url":"https:\/\/api.github.com\/repos\/d4rkr00t\/whybundled\/git\/commits{\/sha}","comments_url":"https:\/\/api.github.com\/repos\/d4rkr00t\/whybundled\/comments{\/number}","issue_comment_url":"https:\/\/api.github.com\/repos\/d4rkr00t\/whybundled\/issues\/comments{\/number}","contents_url":"https:\/\/api.github.com\/repos\/d4rkr00t\/whybundled\/contents\/{+path}","compare_url":"https:\/\/api.github.com\/repos\/d4rkr00t\/whybundled\/compare\/{base}...{head}","merges_url":"https:\/\/api.github.com\/repos\/d4rkr00t\/whybundled\/merges","archive_url":"https:\/\/api.github.com\/repos\/d4rkr00t\/whybundled\/{archive_format}{\/ref}","downloads_url":"https:\/\/api.github.com\/repos\/d4rkr00t\/whybundled\/downloads","issues_url":"https:\/\/api.github.com\/repos\/d4rkr00t\/whybundled\/issues{\/number}","pulls_url":"https:\/\/api.github.com\/repos\/d4rkr00t\/whybundled\/pulls{\/number}","milestones_url":"https:\/\/api.github.com\/repos\/d4rkr00t\/whybundled\/milestones{\/number}","notifications_url":"https:\/\/api.github.com\/repos\/d4rkr00t\/whybundled\/notifications{?since,all,participating}","labels_url":"https:\/\/api.github.com\/repos\/d4rkr00t\/whybundled\/labels{\/name}","releases_url":"https:\/\/api.github.com\/repos\/d4rkr00t\/whybundled\/releases{\/id}","deployments_url":"https:\/\/api.github.com\/repos\/d4rkr00t\/whybundled\/deployments","created_at":"2018-02-24T11:12:27Z","updated_at":"2019-01-23T19:10:27Z","pushed_at":"2018-08-20T15:27:01Z","git_url":"git:\/\/github.com\/d4rkr00t\/whybundled.git","ssh_url":"git@github.com:d4rkr00t\/whybundled.git","clone_url":"https:\/\/github.com\/d4rkr00t\/whybundled.git","svn_url":"https:\/\/github.com\/d4rkr00t\/whybundled","homepage":"","size":2003,"stargazers_count":374,"watchers_count":374,"language":"JavaScript","has_issues":true,"has_projects":true,"has_downloads":true,"has_wiki":true,"has_pages":false,"forks_count":8,"mirror_url":null,"archived":false,"open_issues_count":0,"license":{"key":"mit","name":"MIT License","spdx_id":"MIT","url":"https:\/\/api.github.com\/licenses\/mit","node_id":"MDc6TGljZW5zZTEz"},"forks":8,"open_issues":0,"watchers":374,"default_branch":"master","score":68.718346},{"id":9549719,"node_id":"MDEwOlJlcG9zaXRvcnk5NTQ5NzE5","name":"CLOSURE","full_name":"steveklabnik\/CLOSURE","private":false,"owner":{"login":"steveklabnik","id":27786,"node_id":"MDQ6VXNlcjI3Nzg2","avatar_url":"https:\/\/avatars2.githubusercontent.com\/u\/27786?v=4","gravatar_id":"","url":"https:\/\/api.github.com\/users\/steveklabnik","html_url":"https:\/\/github.com\/steveklabnik","followers_url":"https:\/\/api.github.com\/users\/steveklabnik\/followers","following_url":"https:\/\/api.github.com\/users\/steveklabnik\/following{\/other_user}","gists_url":"https:\/\/api.github.com\/users\/steveklabnik\/gists{\/gist_id}","starred_url":"https:\/\/api.github.com\/users\/steveklabnik\/starred{\/owner}{\/repo}","subscriptions_url":"https:\/\/api.github.com\/users\/steveklabnik\/subscriptions","organizations_url":"https:\/\/api.github.com\/users\/steveklabnik\/orgs","repos_url":"https:\/\/api.github.com\/users\/steveklabnik\/repos","events_url":"https:\/\/api.github.com\/users\/steveklabnik\/events{\/privacy}","received_events_url":"https:\/\/api.github.com\/users\/steveklabnik\/received_events","type":"User","site_admin":false},"html_url":"https:\/\/github.com\/steveklabnik\/CLOSURE","description":"Thanks, _why.","fork":false,"url":"https:\/\/api.github.com\/repos\/steveklabnik\/CLOSURE","forks_url":"https:\/\/api.github.com\/repos\/steveklabnik\/CLOSURE\/forks","keys_url":"https:\/\/api.github.com\/repos\/steveklabnik\/CLOSURE\/keys{\/key_id}","collaborators_url":"https:\/\/api.github.com\/repos\/steveklabnik\/CLOSURE\/collaborators{\/collaborator}","teams_url":"https:\/\/api.github.com\/repos\/steveklabnik\/CLOSURE\/teams","hooks_url":"https:\/\/api.github.com\/repos\/steveklabnik\/CLOSURE\/hooks","issue_events_url":"https:\/\/api.github.com\/repos\/steveklabnik\/CLOSURE\/issues\/events{\/number}","events_url":"https:\/\/api.github.com\/repos\/steveklabnik\/CLOSURE\/events","assignees_url":"https:\/\/api.github.com\/repos\/steveklabnik\/CLOSURE\/assignees{\/user}","branches_url":"https:\/\/api.github.com\/repos\/steveklabnik\/CLOSURE\/branches{\/branch}","tags_url":"https:\/\/api.github.com\/repos\/steveklabnik\/CLOSURE\/tags","blobs_url":"https:\/\/api.github.com\/repos\/steveklabnik\/CLOSURE\/git\/blobs{\/sha}","git_tags_url":"https:\/\/api.github.com\/repos\/steveklabnik\/CLOSURE\/git\/tags{\/sha}","git_refs_url":"https:\/\/api.github.com\/repos\/steveklabnik\/CLOSURE\/git\/refs{\/sha}","trees_url":"https:\/\/api.github.com\/repos\/steveklabnik\/CLOSURE\/git\/trees{\/sha}","statuses_url":"https:\/\/api.github.com\/repos\/steveklabnik\/CLOSURE\/statuses\/{sha}","languages_url":"https:\/\/api.github.com\/repos\/steveklabnik\/CLOSURE\/languages","stargazers_url":"https:\/\/api.github.com\/repos\/steveklabnik\/CLOSURE\/stargazers","contributors_url":"https:\/\/api.github.com\/repos\/steveklabnik\/CLOSURE\/contributors","subscribers_url":"https:\/\/api.github.com\/repos\/steveklabnik\/CLOSURE\/subscribers","subscription_url":"https:\/\/api.github.com\/repos\/steveklabnik\/CLOSURE\/subscription","commits_url":"https:\/\/api.github.com\/repos\/steveklabnik\/CLOSURE\/commits{\/sha}","git_commits_url":"https:\/\/api.github.com\/repos\/steveklabnik\/CLOSURE\/git\/commits{\/sha}","comments_url":"https:\/\/api.github.com\/repos\/steveklabnik\/CLOSURE\/comments{\/number}","issue_comment_url":"https:\/\/api.github.com\/repos\/steveklabnik\/CLOSURE\/issues\/comments{\/number}","contents_url":"https:\/\/api.github.com\/repos\/steveklabnik\/CLOSURE\/contents\/{+path}","compare_url":"https:\/\/api.github.com\/repos\/steveklabnik\/CLOSURE\/compare\/{base}...{head}","merges_url":"https:\/\/api.github.com\/repos\/steveklabnik\/CLOSURE\/merges","archive_url":"https:\/\/api.github.com\/repos\/steveklabnik\/CLOSURE\/{archive_format}{\/ref}","downloads_url":"https:\/\/api.github.com\/repos\/steveklabnik\/CLOSURE\/downloads","issues_url":"https:\/\/api.github.com\/repos\/steveklabnik\/CLOSURE\/issues{\/number}","pulls_url":"https:\/\/api.github.com\/repos\/steveklabnik\/CLOSURE\/pulls{\/number}","milestones_url":"https:\/\/api.github.com\/repos\/steveklabnik\/CLOSURE\/milestones{\/number}","notifications_url":"https:\/\/api.github.com\/repos\/steveklabnik\/CLOSURE\/notifications{?since,all,participating}","labels_url":"https:\/\/api.github.com\/repos\/steveklabnik\/CLOSURE\/labels{\/name}","releases_url":"https:\/\/api.github.com\/repos\/steveklabnik\/CLOSURE\/releases{\/id}","deployments_url":"https:\/\/api.github.com\/repos\/steveklabnik\/CLOSURE\/deployments","created_at":"2013-04-19T16:35:35Z","updated_at":"2019-01-25T03:10:45Z","pushed_at":"2016-08-19T21:52:58Z","git_url":"git:\/\/github.com\/steveklabnik\/CLOSURE.git","ssh_url":"git@github.com:steveklabnik\/CLOSURE.git","clone_url":"https:\/\/github.com\/steveklabnik\/CLOSURE.git","svn_url":"https:\/\/github.com\/steveklabnik\/CLOSURE","homepage":null,"size":98819,"stargazers_count":347,"watchers_count":347,"language":null,"has_issues":true,"has_projects":true,"has_downloads":true,"has_wiki":true,"has_pages":false,"forks_count":29,"mirror_url":null,"archived":false,"open_issues_count":1,"license":null,"forks":29,"open_issues":1,"watchers":347,"default_branch":"master","score":83.837135},{"id":285132,"node_id":"MDEwOlJlcG9zaXRvcnkyODUxMzI=","name":"TryRuby","full_name":"Sophrinix\/TryRuby","private":false,"owner":{"login":"Sophrinix","id":34090,"node_id":"MDQ6VXNlcjM0MDkw","avatar_url":"https:\/\/avatars1.githubusercontent.com\/u\/34090?v=4","gravatar_id":"","url":"https:\/\/api.github.com\/users\/Sophrinix","html_url":"https:\/\/github.com\/Sophrinix","followers_url":"https:\/\/api.github.com\/users\/Sophrinix\/followers","following_url":"https:\/\/api.github.com\/users\/Sophrinix\/following{\/other_user}","gists_url":"https:\/\/api.github.com\/users\/Sophrinix\/gists{\/gist_id}","starred_url":"https:\/\/api.github.com\/users\/Sophrinix\/starred{\/owner}{\/repo}","subscriptions_url":"https:\/\/api.github.com\/users\/Sophrinix\/subscriptions","organizations_url":"https:\/\/api.github.com\/users\/Sophrinix\/orgs","repos_url":"https:\/\/api.github.com\/users\/Sophrinix\/repos","events_url":"https:\/\/api.github.com\/users\/Sophrinix\/events{\/privacy}","received_events_url":"https:\/\/api.github.com\/users\/Sophrinix\/received_events","type":"User","site_admin":false},"html_url":"https:\/\/github.com\/Sophrinix\/TryRuby","description":"Try Ruby is a interactive shell that quickly and whimsically teaches the Ruby programming language. Originally _why's idea, it has been recreated from the ground up by Rubyists who have a passion for Ruby and for teaching their fellow (wo)man how to program.","fork":false,"url":"https:\/\/api.github.com\/repos\/Sophrinix\/TryRuby","forks_url":"https:\/\/api.github.com\/repos\/Sophrinix\/TryRuby\/forks","keys_url":"https:\/\/api.github.com\/repos\/Sophrinix\/TryRuby\/keys{\/key_id}","collaborators_url":"https:\/\/api.github.com\/repos\/Sophrinix\/TryRuby\/collaborators{\/collaborator}","teams_url":"https:\/\/api.github.com\/repos\/Sophrinix\/TryRuby\/teams","hooks_url":"https:\/\/api.github.com\/repos\/Sophrinix\/TryRuby\/hooks","issue_events_url":"https:\/\/api.github.com\/repos\/Sophrinix\/TryRuby\/issues\/events{\/number}","events_url":"https:\/\/api.github.com\/repos\/Sophrinix\/TryRuby\/events","assignees_url":"https:\/\/api.github.com\/repos\/Sophrinix\/TryRuby\/assignees{\/user}","branches_url":"https:\/\/api.github.com\/repos\/Sophrinix\/TryRuby\/branches{\/branch}","tags_url":"https:\/\/api.github.com\/repos\/Sophrinix\/TryRuby\/tags","blobs_url":"https:\/\/api.github.com\/repos\/Sophrinix\/TryRuby\/git\/blobs{\/sha}","git_tags_url":"https:\/\/api.github.com\/repos\/Sophrinix\/TryRuby\/git\/tags{\/sha}","git_refs_url":"https:\/\/api.github.com\/repos\/Sophrinix\/TryRuby\/git\/refs{\/sha}","trees_url":"https:\/\/api.github.com\/repos\/Sophrinix\/TryRuby\/git\/trees{\/sha}","statuses_url":"https:\/\/api.github.com\/repos\/Sophrinix\/TryRuby\/statuses\/{sha}","languages_url":"https:\/\/api.github.com\/repos\/Sophrinix\/TryRuby\/languages","stargazers_url":"https:\/\/api.github.com\/repos\/Sophrinix\/TryRuby\/stargazers","contributors_url":"https:\/\/api.github.com\/repos\/Sophrinix\/TryRuby\/contributors","subscribers_url":"https:\/\/api.github.com\/repos\/Sophrinix\/TryRuby\/subscribers","subscription_url":"https:\/\/api.github.com\/repos\/Sophrinix\/TryRuby\/subscription","commits_url":"https:\/\/api.github.com\/repos\/Sophrinix\/TryRuby\/commits{\/sha}","git_commits_url":"https:\/\/api.github.com\/repos\/Sophrinix\/TryRuby\/git\/commits{\/sha}","comments_url":"https:\/\/api.github.com\/repos\/Sophrinix\/TryRuby\/comments{\/number}","issue_comment_url":"https:\/\/api.github.com\/repos\/Sophrinix\/TryRuby\/issues\/comments{\/number}","contents_url":"https:\/\/api.github.com\/repos\/Sophrinix\/TryRuby\/contents\/{+path}","compare_url":"https:\/\/api.github.com\/repos\/Sophrinix\/TryRuby\/compare\/{base}...{head}","merges_url":"https:\/\/api.github.com\/repos\/Sophrinix\/TryRuby\/merges","archive_url":"https:\/\/api.github.com\/repos\/Sophrinix\/TryRuby\/{archive_format}{\/ref}","downloads_url":"https:\/\/api.github.com\/repos\/Sophrinix\/TryRuby\/downloads","issues_url":"https:\/\/api.github.com\/repos\/Sophrinix\/TryRuby\/issues{\/number}","pulls_url":"https:\/\/api.github.com\/repos\/Sophrinix\/TryRuby\/pulls{\/number}","milestones_url":"https:\/\/api.github.com\/repos\/Sophrinix\/TryRuby\/milestones{\/number}","notifications_url":"https:\/\/api.github.com\/repos\/Sophrinix\/TryRuby\/notifications{?since,all,participating}","labels_url":"https:\/\/api.github.com\/repos\/Sophrinix\/TryRuby\/labels{\/name}","releases_url":"https:\/\/api.github.com\/repos\/Sophrinix\/TryRuby\/releases{\/id}","deployments_url":"https:\/\/api.github.com\/repos\/Sophrinix\/TryRuby\/deployments","created_at":"2009-08-22T17:31:37Z","updated_at":"2019-01-21T09:33:14Z","pushed_at":"2018-06-02T04:32:55Z","git_url":"git:\/\/github.com\/Sophrinix\/TryRuby.git","ssh_url":"git@github.com:Sophrinix\/TryRuby.git","clone_url":"https:\/\/github.com\/Sophrinix\/TryRuby.git","svn_url":"https:\/\/github.com\/Sophrinix\/TryRuby","homepage":"tryruby.org","size":881,"stargazers_count":346,"watchers_count":346,"language":"HTML","has_issues":true,"has_projects":true,"has_downloads":true,"has_wiki":true,"has_pages":false,"forks_count":82,"mirror_url":null,"archived":false,"open_issues_count":69,"license":null,"forks":82,"open_issues":69,"watchers":346,"default_branch":"master","score":21.902199},{"id":139259807,"node_id":"MDEwOlJlcG9zaXRvcnkxMzkyNTk4MDc=","name":"UserDefaultsStore","full_name":"omaralbeik\/UserDefaultsStore","private":false,"owner":{"login":"omaralbeik","id":8127757,"node_id":"MDQ6VXNlcjgxMjc3NTc=","avatar_url":"https:\/\/avatars2.githubusercontent.com\/u\/8127757?v=4","gravatar_id":"","url":"https:\/\/api.github.com\/users\/omaralbeik","html_url":"https:\/\/github.com\/omaralbeik","followers_url":"https:\/\/api.github.com\/users\/omaralbeik\/followers","following_url":"https:\/\/api.github.com\/users\/omaralbeik\/following{\/other_user}","gists_url":"https:\/\/api.github.com\/users\/omaralbeik\/gists{\/gist_id}","starred_url":"https:\/\/api.github.com\/users\/omaralbeik\/starred{\/owner}{\/repo}","subscriptions_url":"https:\/\/api.github.com\/users\/omaralbeik\/subscriptions","organizations_url":"https:\/\/api.github.com\/users\/omaralbeik\/orgs","repos_url":"https:\/\/api.github.com\/users\/omaralbeik\/repos","events_url":"https:\/\/api.github.com\/users\/omaralbeik\/events{\/privacy}","received_events_url":"https:\/\/api.github.com\/users\/omaralbeik\/received_events","type":"User","site_admin":false},"html_url":"https:\/\/github.com\/omaralbeik\/UserDefaultsStore","description":"Why not use UserDefaults to store Codable objects \ud83d\ude09","fork":false,"url":"https:\/\/api.github.com\/repos\/omaralbeik\/UserDefaultsStore","forks_url":"https:\/\/api.github.com\/repos\/omaralbeik\/UserDefaultsStore\/forks","keys_url":"https:\/\/api.github.com\/repos\/omaralbeik\/UserDefaultsStore\/keys{\/key_id}","collaborators_url":"https:\/\/api.github.com\/repos\/omaralbeik\/UserDefaultsStore\/collaborators{\/collaborator}","teams_url":"https:\/\/api.github.com\/repos\/omaralbeik\/UserDefaultsStore\/teams","hooks_url":"https:\/\/api.github.com\/repos\/omaralbeik\/UserDefaultsStore\/hooks","issue_events_url":"https:\/\/api.github.com\/repos\/omaralbeik\/UserDefaultsStore\/issues\/events{\/number}","events_url":"https:\/\/api.github.com\/repos\/omaralbeik\/UserDefaultsStore\/events","assignees_url":"https:\/\/api.github.com\/repos\/omaralbeik\/UserDefaultsStore\/assignees{\/user}","branches_url":"https:\/\/api.github.com\/repos\/omaralbeik\/UserDefaultsStore\/branches{\/branch}","tags_url":"https:\/\/api.github.com\/repos\/omaralbeik\/UserDefaultsStore\/tags","blobs_url":"https:\/\/api.github.com\/repos\/omaralbeik\/UserDefaultsStore\/git\/blobs{\/sha}","git_tags_url":"https:\/\/api.github.com\/repos\/omaralbeik\/UserDefaultsStore\/git\/tags{\/sha}","git_refs_url":"https:\/\/api.github.com\/repos\/omaralbeik\/UserDefaultsStore\/git\/refs{\/sha}","trees_url":"https:\/\/api.github.com\/repos\/omaralbeik\/UserDefaultsStore\/git\/trees{\/sha}","statuses_url":"https:\/\/api.github.com\/repos\/omaralbeik\/UserDefaultsStore\/statuses\/{sha}","languages_url":"https:\/\/api.github.com\/repos\/omaralbeik\/UserDefaultsStore\/languages","stargazers_url":"https:\/\/api.github.com\/repos\/omaralbeik\/UserDefaultsStore\/stargazers","contributors_url":"https:\/\/api.github.com\/repos\/omaralbeik\/UserDefaultsStore\/contributors","subscribers_url":"https:\/\/api.github.com\/repos\/omaralbeik\/UserDefaultsStore\/subscribers","subscription_url":"https:\/\/api.github.com\/repos\/omaralbeik\/UserDefaultsStore\/subscription","commits_url":"https:\/\/api.github.com\/repos\/omaralbeik\/UserDefaultsStore\/commits{\/sha}","git_commits_url":"https:\/\/api.github.com\/repos\/omaralbeik\/UserDefaultsStore\/git\/commits{\/sha}","comments_url":"https:\/\/api.github.com\/repos\/omaralbeik\/UserDefaultsStore\/comments{\/number}","issue_comment_url":"https:\/\/api.github.com\/repos\/omaralbeik\/UserDefaultsStore\/issues\/comments{\/number}","contents_url":"https:\/\/api.github.com\/repos\/omaralbeik\/UserDefaultsStore\/contents\/{+path}","compare_url":"https:\/\/api.github.com\/repos\/omaralbeik\/UserDefaultsStore\/compare\/{base}...{head}","merges_url":"https:\/\/api.github.com\/repos\/omaralbeik\/UserDefaultsStore\/merges","archive_url":"https:\/\/api.github.com\/repos\/omaralbeik\/UserDefaultsStore\/{archive_format}{\/ref}","downloads_url":"https:\/\/api.github.com\/repos\/omaralbeik\/UserDefaultsStore\/downloads","issues_url":"https:\/\/api.github.com\/repos\/omaralbeik\/UserDefaultsStore\/issues{\/number}","pulls_url":"https:\/\/api.github.com\/repos\/omaralbeik\/UserDefaultsStore\/pulls{\/number}","milestones_url":"https:\/\/api.github.com\/repos\/omaralbeik\/UserDefaultsStore\/milestones{\/number}","notifications_url":"https:\/\/api.github.com\/repos\/omaralbeik\/UserDefaultsStore\/notifications{?since,all,participating}","labels_url":"https:\/\/api.github.com\/repos\/omaralbeik\/UserDefaultsStore\/labels{\/name}","releases_url":"https:\/\/api.github.com\/repos\/omaralbeik\/UserDefaultsStore\/releases{\/id}","deployments_url":"https:\/\/api.github.com\/repos\/omaralbeik\/UserDefaultsStore\/deployments","created_at":"2018-06-30T15:29:31Z","updated_at":"2019-01-28T22:49:33Z","pushed_at":"2018-11-08T05:49:36Z","git_url":"git:\/\/github.com\/omaralbeik\/UserDefaultsStore.git","ssh_url":"git@github.com:omaralbeik\/UserDefaultsStore.git","clone_url":"https:\/\/github.com\/omaralbeik\/UserDefaultsStore.git","svn_url":"https:\/\/github.com\/omaralbeik\/UserDefaultsStore","homepage":null,"size":388,"stargazers_count":311,"watchers_count":311,"language":"Swift","has_issues":true,"has_projects":false,"has_downloads":true,"has_wiki":false,"has_pages":false,"forks_count":13,"mirror_url":null,"archived":false,"open_issues_count":2,"license":{"key":"mit","name":"MIT License","spdx_id":"MIT","url":"https:\/\/api.github.com\/licenses\/mit","node_id":"MDc6TGljZW5zZTEz"},"forks":13,"open_issues":2,"watchers":311,"default_branch":"master","score":51.533585},{"id":1666180,"node_id":"MDEwOlJlcG9zaXRvcnkxNjY2MTgw","name":"why_i_love_github","full_name":"schacon\/why_i_love_github","private":false,"owner":{"login":"schacon","id":70,"node_id":"MDQ6VXNlcjcw","avatar_url":"https:\/\/avatars0.githubusercontent.com\/u\/70?v=4","gravatar_id":"","url":"https:\/\/api.github.com\/users\/schacon","html_url":"https:\/\/github.com\/schacon","followers_url":"https:\/\/api.github.com\/users\/schacon\/followers","following_url":"https:\/\/api.github.com\/users\/schacon\/following{\/other_user}","gists_url":"https:\/\/api.github.com\/users\/schacon\/gists{\/gist_id}","starred_url":"https:\/\/api.github.com\/users\/schacon\/starred{\/owner}{\/repo}","subscriptions_url":"https:\/\/api.github.com\/users\/schacon\/subscriptions","organizations_url":"https:\/\/api.github.com\/users\/schacon\/orgs","repos_url":"https:\/\/api.github.com\/users\/schacon\/repos","events_url":"https:\/\/api.github.com\/users\/schacon\/events{\/privacy}","received_events_url":"https:\/\/api.github.com\/users\/schacon\/received_events","type":"User","site_admin":false},"html_url":"https:\/\/github.com\/schacon\/why_i_love_github","description":null,"fork":false,"url":"https:\/\/api.github.com\/repos\/schacon\/why_i_love_github","forks_url":"https:\/\/api.github.com\/repos\/schacon\/why_i_love_github\/forks","keys_url":"https:\/\/api.github.com\/repos\/schacon\/why_i_love_github\/keys{\/key_id}","collaborators_url":"https:\/\/api.github.com\/repos\/schacon\/why_i_love_github\/collaborators{\/collaborator}","teams_url":"https:\/\/api.github.com\/repos\/schacon\/why_i_love_github\/teams","hooks_url":"https:\/\/api.github.com\/repos\/schacon\/why_i_love_github\/hooks","issue_events_url":"https:\/\/api.github.com\/repos\/schacon\/why_i_love_github\/issues\/events{\/number}","events_url":"https:\/\/api.github.com\/repos\/schacon\/why_i_love_github\/events","assignees_url":"https:\/\/api.github.com\/repos\/schacon\/why_i_love_github\/assignees{\/user}","branches_url":"https:\/\/api.github.com\/repos\/schacon\/why_i_love_github\/branches{\/branch}","tags_url":"https:\/\/api.github.com\/repos\/schacon\/why_i_love_github\/tags","blobs_url":"https:\/\/api.github.com\/repos\/schacon\/why_i_love_github\/git\/blobs{\/sha}","git_tags_url":"https:\/\/api.github.com\/repos\/schacon\/why_i_love_github\/git\/tags{\/sha}","git_refs_url":"https:\/\/api.github.com\/repos\/schacon\/why_i_love_github\/git\/refs{\/sha}","trees_url":"https:\/\/api.github.com\/repos\/schacon\/why_i_love_github\/git\/trees{\/sha}","statuses_url":"https:\/\/api.github.com\/repos\/schacon\/why_i_love_github\/statuses\/{sha}","languages_url":"https:\/\/api.github.com\/repos\/schacon\/why_i_love_github\/languages","stargazers_url":"https:\/\/api.github.com\/repos\/schacon\/why_i_love_github\/stargazers","contributors_url":"https:\/\/api.github.com\/repos\/schacon\/why_i_love_github\/contributors","subscribers_url":"https:\/\/api.github.com\/repos\/schacon\/why_i_love_github\/subscribers","subscription_url":"https:\/\/api.github.com\/repos\/schacon\/why_i_love_github\/subscription","commits_url":"https:\/\/api.github.com\/repos\/schacon\/why_i_love_github\/commits{\/sha}","git_commits_url":"https:\/\/api.github.com\/repos\/schacon\/why_i_love_github\/git\/commits{\/sha}","comments_url":"https:\/\/api.github.com\/repos\/schacon\/why_i_love_github\/comments{\/number}","issue_comment_url":"https:\/\/api.github.com\/repos\/schacon\/why_i_love_github\/issues\/comments{\/number}","contents_url":"https:\/\/api.github.com\/repos\/schacon\/why_i_love_github\/contents\/{+path}","compare_url":"https:\/\/api.github.com\/repos\/schacon\/why_i_love_github\/compare\/{base}...{head}","merges_url":"https:\/\/api.github.com\/repos\/schacon\/why_i_love_github\/merges","archive_url":"https:\/\/api.github.com\/repos\/schacon\/why_i_love_github\/{archive_format}{\/ref}","downloads_url":"https:\/\/api.github.com\/repos\/schacon\/why_i_love_github\/downloads","issues_url":"https:\/\/api.github.com\/repos\/schacon\/why_i_love_github\/issues{\/number}","pulls_url":"https:\/\/api.github.com\/repos\/schacon\/why_i_love_github\/pulls{\/number}","milestones_url":"https:\/\/api.github.com\/repos\/schacon\/why_i_love_github\/milestones{\/number}","notifications_url":"https:\/\/api.github.com\/repos\/schacon\/why_i_love_github\/notifications{?since,all,participating}","labels_url":"https:\/\/api.github.com\/repos\/schacon\/why_i_love_github\/labels{\/name}","releases_url":"https:\/\/api.github.com\/repos\/schacon\/why_i_love_github\/releases{\/id}","deployments_url":"https:\/\/api.github.com\/repos\/schacon\/why_i_love_github\/deployments","created_at":"2011-04-26T17:18:57Z","updated_at":"2018-12-26T22:44:49Z","pushed_at":"2018-09-06T06:18:12Z","git_url":"git:\/\/github.com\/schacon\/why_i_love_github.git","ssh_url":"git@github.com:schacon\/why_i_love_github.git","clone_url":"https:\/\/github.com\/schacon\/why_i_love_github.git","svn_url":"https:\/\/github.com\/schacon\/why_i_love_github","homepage":"","size":296,"stargazers_count":269,"watchers_count":269,"language":null,"has_issues":true,"has_projects":true,"has_downloads":true,"has_wiki":true,"has_pages":false,"forks_count":202,"mirror_url":null,"archived":false,"open_issues_count":115,"license":null,"forks":202,"open_issues":115,"watchers":269,"default_branch":"master","score":94.83828},{"id":5762352,"node_id":"MDEwOlJlcG9zaXRvcnk1NzYyMzUy","name":"nightowls","full_name":"Swizec\/nightowls","private":false,"owner":{"login":"Swizec","id":56883,"node_id":"MDQ6VXNlcjU2ODgz","avatar_url":"https:\/\/avatars0.githubusercontent.com\/u\/56883?v=4","gravatar_id":"","url":"https:\/\/api.github.com\/users\/Swizec","html_url":"https:\/\/github.com\/Swizec","followers_url":"https:\/\/api.github.com\/users\/Swizec\/followers","following_url":"https:\/\/api.github.com\/users\/Swizec\/following{\/other_user}","gists_url":"https:\/\/api.github.com\/users\/Swizec\/gists{\/gist_id}","starred_url":"https:\/\/api.github.com\/users\/Swizec\/starred{\/owner}{\/repo}","subscriptions_url":"https:\/\/api.github.com\/users\/Swizec\/subscriptions","organizations_url":"https:\/\/api.github.com\/users\/Swizec\/orgs","repos_url":"https:\/\/api.github.com\/users\/Swizec\/repos","events_url":"https:\/\/api.github.com\/users\/Swizec\/events{\/privacy}","received_events_url":"https:\/\/api.github.com\/users\/Swizec\/received_events","type":"User","site_admin":false},"html_url":"https:\/\/github.com\/Swizec\/nightowls","description":"Why programmers work at night - a book about programmers, by a programmer","fork":false,"url":"https:\/\/api.github.com\/repos\/Swizec\/nightowls","forks_url":"https:\/\/api.github.com\/repos\/Swizec\/nightowls\/forks","keys_url":"https:\/\/api.github.com\/repos\/Swizec\/nightowls\/keys{\/key_id}","collaborators_url":"https:\/\/api.github.com\/repos\/Swizec\/nightowls\/collaborators{\/collaborator}","teams_url":"https:\/\/api.github.com\/repos\/Swizec\/nightowls\/teams","hooks_url":"https:\/\/api.github.com\/repos\/Swizec\/nightowls\/hooks","issue_events_url":"https:\/\/api.github.com\/repos\/Swizec\/nightowls\/issues\/events{\/number}","events_url":"https:\/\/api.github.com\/repos\/Swizec\/nightowls\/events","assignees_url":"https:\/\/api.github.com\/repos\/Swizec\/nightowls\/assignees{\/user}","branches_url":"https:\/\/api.github.com\/repos\/Swizec\/nightowls\/branches{\/branch}","tags_url":"https:\/\/api.github.com\/repos\/Swizec\/nightowls\/tags","blobs_url":"https:\/\/api.github.com\/repos\/Swizec\/nightowls\/git\/blobs{\/sha}","git_tags_url":"https:\/\/api.github.com\/repos\/Swizec\/nightowls\/git\/tags{\/sha}","git_refs_url":"https:\/\/api.github.com\/repos\/Swizec\/nightowls\/git\/refs{\/sha}","trees_url":"https:\/\/api.github.com\/repos\/Swizec\/nightowls\/git\/trees{\/sha}","statuses_url":"https:\/\/api.github.com\/repos\/Swizec\/nightowls\/statuses\/{sha}","languages_url":"https:\/\/api.github.com\/repos\/Swizec\/nightowls\/languages","stargazers_url":"https:\/\/api.github.com\/repos\/Swizec\/nightowls\/stargazers","contributors_url":"https:\/\/api.github.com\/repos\/Swizec\/nightowls\/contributors","subscribers_url":"https:\/\/api.github.com\/repos\/Swizec\/nightowls\/subscribers","subscription_url":"https:\/\/api.github.com\/repos\/Swizec\/nightowls\/subscription","commits_url":"https:\/\/api.github.com\/repos\/Swizec\/nightowls\/commits{\/sha}","git_commits_url":"https:\/\/api.github.com\/repos\/Swizec\/nightowls\/git\/commits{\/sha}","comments_url":"https:\/\/api.github.com\/repos\/Swizec\/nightowls\/comments{\/number}","issue_comment_url":"https:\/\/api.github.com\/repos\/Swizec\/nightowls\/issues\/comments{\/number}","contents_url":"https:\/\/api.github.com\/repos\/Swizec\/nightowls\/contents\/{+path}","compare_url":"https:\/\/api.github.com\/repos\/Swizec\/nightowls\/compare\/{base}...{head}","merges_url":"https:\/\/api.github.com\/repos\/Swizec\/nightowls\/merges","archive_url":"https:\/\/api.github.com\/repos\/Swizec\/nightowls\/{archive_format}{\/ref}","downloads_url":"https:\/\/api.github.com\/repos\/Swizec\/nightowls\/downloads","issues_url":"https:\/\/api.github.com\/repos\/Swizec\/nightowls\/issues{\/number}","pulls_url":"https:\/\/api.github.com\/repos\/Swizec\/nightowls\/pulls{\/number}","milestones_url":"https:\/\/api.github.com\/repos\/Swizec\/nightowls\/milestones{\/number}","notifications_url":"https:\/\/api.github.com\/repos\/Swizec\/nightowls\/notifications{?since,all,participating}","labels_url":"https:\/\/api.github.com\/repos\/Swizec\/nightowls\/labels{\/name}","releases_url":"https:\/\/api.github.com\/repos\/Swizec\/nightowls\/releases{\/id}","deployments_url":"https:\/\/api.github.com\/repos\/Swizec\/nightowls\/deployments","created_at":"2012-09-11T08:55:05Z","updated_at":"2019-01-22T17:12:56Z","pushed_at":"2017-04-24T09:21:43Z","git_url":"git:\/\/github.com\/Swizec\/nightowls.git","ssh_url":"git@github.com:Swizec\/nightowls.git","clone_url":"https:\/\/github.com\/Swizec\/nightowls.git","svn_url":"https:\/\/github.com\/Swizec\/nightowls","homepage":"https:\/\/leanpub.com\/nightowls","size":1301,"stargazers_count":267,"watchers_count":267,"language":null,"has_issues":true,"has_projects":true,"has_downloads":true,"has_wiki":true,"has_pages":false,"forks_count":23,"mirror_url":null,"archived":false,"open_issues_count":7,"license":null,"forks":23,"open_issues":7,"watchers":267,"default_branch":"master","score":46.1503},{"id":86715491,"node_id":"MDEwOlJlcG9zaXRvcnk4NjcxNTQ5MQ==","name":"pmdarima","full_name":"tgsmith61591\/pmdarima","private":false,"owner":{"login":"tgsmith61591","id":6124706,"node_id":"MDQ6VXNlcjYxMjQ3MDY=","avatar_url":"https:\/\/avatars0.githubusercontent.com\/u\/6124706?v=4","gravatar_id":"","url":"https:\/\/api.github.com\/users\/tgsmith61591","html_url":"https:\/\/github.com\/tgsmith61591","followers_url":"https:\/\/api.github.com\/users\/tgsmith61591\/followers","following_url":"https:\/\/api.github.com\/users\/tgsmith61591\/following{\/other_user}","gists_url":"https:\/\/api.github.com\/users\/tgsmith61591\/gists{\/gist_id}","starred_url":"https:\/\/api.github.com\/users\/tgsmith61591\/starred{\/owner}{\/repo}","subscriptions_url":"https:\/\/api.github.com\/users\/tgsmith61591\/subscriptions","organizations_url":"https:\/\/api.github.com\/users\/tgsmith61591\/orgs","repos_url":"https:\/\/api.github.com\/users\/tgsmith61591\/repos","events_url":"https:\/\/api.github.com\/users\/tgsmith61591\/events{\/privacy}","received_events_url":"https:\/\/api.github.com\/users\/tgsmith61591\/received_events","type":"User","site_admin":false},"html_url":"https:\/\/github.com\/tgsmith61591\/pmdarima","description":"A package that brings R's beloved auto.arima to Python, making an even stronger case for why Python > R for data science. ","fork":false,"url":"https:\/\/api.github.com\/repos\/tgsmith61591\/pmdarima","forks_url":"https:\/\/api.github.com\/repos\/tgsmith61591\/pmdarima\/forks","keys_url":"https:\/\/api.github.com\/repos\/tgsmith61591\/pmdarima\/keys{\/key_id}","collaborators_url":"https:\/\/api.github.com\/repos\/tgsmith61591\/pmdarima\/collaborators{\/collaborator}","teams_url":"https:\/\/api.github.com\/repos\/tgsmith61591\/pmdarima\/teams","hooks_url":"https:\/\/api.github.com\/repos\/tgsmith61591\/pmdarima\/hooks","issue_events_url":"https:\/\/api.github.com\/repos\/tgsmith61591\/pmdarima\/issues\/events{\/number}","events_url":"https:\/\/api.github.com\/repos\/tgsmith61591\/pmdarima\/events","assignees_url":"https:\/\/api.github.com\/repos\/tgsmith61591\/pmdarima\/assignees{\/user}","branches_url":"https:\/\/api.github.com\/repos\/tgsmith61591\/pmdarima\/branches{\/branch}","tags_url":"https:\/\/api.github.com\/repos\/tgsmith61591\/pmdarima\/tags","blobs_url":"https:\/\/api.github.com\/repos\/tgsmith61591\/pmdarima\/git\/blobs{\/sha}","git_tags_url":"https:\/\/api.github.com\/repos\/tgsmith61591\/pmdarima\/git\/tags{\/sha}","git_refs_url":"https:\/\/api.github.com\/repos\/tgsmith61591\/pmdarima\/git\/refs{\/sha}","trees_url":"https:\/\/api.github.com\/repos\/tgsmith61591\/pmdarima\/git\/trees{\/sha}","statuses_url":"https:\/\/api.github.com\/repos\/tgsmith61591\/pmdarima\/statuses\/{sha}","languages_url":"https:\/\/api.github.com\/repos\/tgsmith61591\/pmdarima\/languages","stargazers_url":"https:\/\/api.github.com\/repos\/tgsmith61591\/pmdarima\/stargazers","contributors_url":"https:\/\/api.github.com\/repos\/tgsmith61591\/pmdarima\/contributors","subscribers_url":"https:\/\/api.github.com\/repos\/tgsmith61591\/pmdarima\/subscribers","subscription_url":"https:\/\/api.github.com\/repos\/tgsmith61591\/pmdarima\/subscription","commits_url":"https:\/\/api.github.com\/repos\/tgsmith61591\/pmdarima\/commits{\/sha}","git_commits_url":"https:\/\/api.github.com\/repos\/tgsmith61591\/pmdarima\/git\/commits{\/sha}","comments_url":"https:\/\/api.github.com\/repos\/tgsmith61591\/pmdarima\/comments{\/number}","issue_comment_url":"https:\/\/api.github.com\/repos\/tgsmith61591\/pmdarima\/issues\/comments{\/number}","contents_url":"https:\/\/api.github.com\/repos\/tgsmith61591\/pmdarima\/contents\/{+path}","compare_url":"https:\/\/api.github.com\/repos\/tgsmith61591\/pmdarima\/compare\/{base}...{head}","merges_url":"https:\/\/api.github.com\/repos\/tgsmith61591\/pmdarima\/merges","archive_url":"https:\/\/api.github.com\/repos\/tgsmith61591\/pmdarima\/{archive_format}{\/ref}","downloads_url":"https:\/\/api.github.com\/repos\/tgsmith61591\/pmdarima\/downloads","issues_url":"https:\/\/api.github.com\/repos\/tgsmith61591\/pmdarima\/issues{\/number}","pulls_url":"https:\/\/api.github.com\/repos\/tgsmith61591\/pmdarima\/pulls{\/number}","milestones_url":"https:\/\/api.github.com\/repos\/tgsmith61591\/pmdarima\/milestones{\/number}","notifications_url":"https:\/\/api.github.com\/repos\/tgsmith61591\/pmdarima\/notifications{?since,all,participating}","labels_url":"https:\/\/api.github.com\/repos\/tgsmith61591\/pmdarima\/labels{\/name}","releases_url":"https:\/\/api.github.com\/repos\/tgsmith61591\/pmdarima\/releases{\/id}","deployments_url":"https:\/\/api.github.com\/repos\/tgsmith61591\/pmdarima\/deployments","created_at":"2017-03-30T14:58:30Z","updated_at":"2019-01-27T16:57:38Z","pushed_at":"2019-01-21T21:26:02Z","git_url":"git:\/\/github.com\/tgsmith61591\/pmdarima.git","ssh_url":"git@github.com:tgsmith61591\/pmdarima.git","clone_url":"https:\/\/github.com\/tgsmith61591\/pmdarima.git","svn_url":"https:\/\/github.com\/tgsmith61591\/pmdarima","homepage":"https:\/\/www.alkaline-ml.com\/pmdarima","size":60561,"stargazers_count":254,"watchers_count":254,"language":"Python","has_issues":true,"has_projects":true,"has_downloads":true,"has_wiki":true,"has_pages":true,"forks_count":64,"mirror_url":null,"archived":false,"open_issues_count":1,"license":{"key":"mit","name":"MIT License","spdx_id":"MIT","url":"https:\/\/api.github.com\/licenses\/mit","node_id":"MDc6TGljZW5zZTEz"},"forks":64,"open_issues":1,"watchers":254,"default_branch":"master","score":37.53398},{"id":72917308,"node_id":"MDEwOlJlcG9zaXRvcnk3MjkxNzMwOA==","name":"learn-elm","full_name":"dwyl\/learn-elm","private":false,"owner":{"login":"dwyl","id":11708465,"node_id":"MDEyOk9yZ2FuaXphdGlvbjExNzA4NDY1","avatar_url":"https:\/\/avatars1.githubusercontent.com\/u\/11708465?v=4","gravatar_id":"","url":"https:\/\/api.github.com\/users\/dwyl","html_url":"https:\/\/github.com\/dwyl","followers_url":"https:\/\/api.github.com\/users\/dwyl\/followers","following_url":"https:\/\/api.github.com\/users\/dwyl\/following{\/other_user}","gists_url":"https:\/\/api.github.com\/users\/dwyl\/gists{\/gist_id}","starred_url":"https:\/\/api.github.com\/users\/dwyl\/starred{\/owner}{\/repo}","subscriptions_url":"https:\/\/api.github.com\/users\/dwyl\/subscriptions","organizations_url":"https:\/\/api.github.com\/users\/dwyl\/orgs","repos_url":"https:\/\/api.github.com\/users\/dwyl\/repos","events_url":"https:\/\/api.github.com\/users\/dwyl\/events{\/privacy}","received_events_url":"https:\/\/api.github.com\/users\/dwyl\/received_events","type":"Organization","site_admin":false},"html_url":"https:\/\/github.com\/dwyl\/learn-elm","description":":rainbow: discover why people are switching to Elm and how you can get started today!","fork":false,"url":"https:\/\/api.github.com\/repos\/dwyl\/learn-elm","forks_url":"https:\/\/api.github.com\/repos\/dwyl\/learn-elm\/forks","keys_url":"https:\/\/api.github.com\/repos\/dwyl\/learn-elm\/keys{\/key_id}","collaborators_url":"https:\/\/api.github.com\/repos\/dwyl\/learn-elm\/collaborators{\/collaborator}","teams_url":"https:\/\/api.github.com\/repos\/dwyl\/learn-elm\/teams","hooks_url":"https:\/\/api.github.com\/repos\/dwyl\/learn-elm\/hooks","issue_events_url":"https:\/\/api.github.com\/repos\/dwyl\/learn-elm\/issues\/events{\/number}","events_url":"https:\/\/api.github.com\/repos\/dwyl\/learn-elm\/events","assignees_url":"https:\/\/api.github.com\/repos\/dwyl\/learn-elm\/assignees{\/user}","branches_url":"https:\/\/api.github.com\/repos\/dwyl\/learn-elm\/branches{\/branch}","tags_url":"https:\/\/api.github.com\/repos\/dwyl\/learn-elm\/tags","blobs_url":"https:\/\/api.github.com\/repos\/dwyl\/learn-elm\/git\/blobs{\/sha}","git_tags_url":"https:\/\/api.github.com\/repos\/dwyl\/learn-elm\/git\/tags{\/sha}","git_refs_url":"https:\/\/api.github.com\/repos\/dwyl\/learn-elm\/git\/refs{\/sha}","trees_url":"https:\/\/api.github.com\/repos\/dwyl\/learn-elm\/git\/trees{\/sha}","statuses_url":"https:\/\/api.github.com\/repos\/dwyl\/learn-elm\/statuses\/{sha}","languages_url":"https:\/\/api.github.com\/repos\/dwyl\/learn-elm\/languages","stargazers_url":"https:\/\/api.github.com\/repos\/dwyl\/learn-elm\/stargazers","contributors_url":"https:\/\/api.github.com\/repos\/dwyl\/learn-elm\/contributors","subscribers_url":"https:\/\/api.github.com\/repos\/dwyl\/learn-elm\/subscribers","subscription_url":"https:\/\/api.github.com\/repos\/dwyl\/learn-elm\/subscription","commits_url":"https:\/\/api.github.com\/repos\/dwyl\/learn-elm\/commits{\/sha}","git_commits_url":"https:\/\/api.github.com\/repos\/dwyl\/learn-elm\/git\/commits{\/sha}","comments_url":"https:\/\/api.github.com\/repos\/dwyl\/learn-elm\/comments{\/number}","issue_comment_url":"https:\/\/api.github.com\/repos\/dwyl\/learn-elm\/issues\/comments{\/number}","contents_url":"https:\/\/api.github.com\/repos\/dwyl\/learn-elm\/contents\/{+path}","compare_url":"https:\/\/api.github.com\/repos\/dwyl\/learn-elm\/compare\/{base}...{head}","merges_url":"https:\/\/api.github.com\/repos\/dwyl\/learn-elm\/merges","archive_url":"https:\/\/api.github.com\/repos\/dwyl\/learn-elm\/{archive_format}{\/ref}","downloads_url":"https:\/\/api.github.com\/repos\/dwyl\/learn-elm\/downloads","issues_url":"https:\/\/api.github.com\/repos\/dwyl\/learn-elm\/issues{\/number}","pulls_url":"https:\/\/api.github.com\/repos\/dwyl\/learn-elm\/pulls{\/number}","milestones_url":"https:\/\/api.github.com\/repos\/dwyl\/learn-elm\/milestones{\/number}","notifications_url":"https:\/\/api.github.com\/repos\/dwyl\/learn-elm\/notifications{?since,all,participating}","labels_url":"https:\/\/api.github.com\/repos\/dwyl\/learn-elm\/labels{\/name}","releases_url":"https:\/\/api.github.com\/repos\/dwyl\/learn-elm\/releases{\/id}","deployments_url":"https:\/\/api.github.com\/repos\/dwyl\/learn-elm\/deployments","created_at":"2016-11-05T09:45:12Z","updated_at":"2019-01-25T17:03:04Z","pushed_at":"2018-12-04T22:17:50Z","git_url":"git:\/\/github.com\/dwyl\/learn-elm.git","ssh_url":"git@github.com:dwyl\/learn-elm.git","clone_url":"https:\/\/github.com\/dwyl\/learn-elm.git","svn_url":"https:\/\/github.com\/dwyl\/learn-elm","homepage":"https:\/\/github.com\/dwyl\/learn-elm","size":622,"stargazers_count":238,"watchers_count":238,"language":"HTML","has_issues":true,"has_projects":true,"has_downloads":true,"has_wiki":true,"has_pages":false,"forks_count":19,"mirror_url":null,"archived":false,"open_issues_count":78,"license":null,"forks":19,"open_issues":78,"watchers":238,"default_branch":"master","score":44.101894},{"id":35120209,"node_id":"MDEwOlJlcG9zaXRvcnkzNTEyMDIwOQ==","name":"wtfnode","full_name":"myndzi\/wtfnode","private":false,"owner":{"login":"myndzi","id":1588419,"node_id":"MDQ6VXNlcjE1ODg0MTk=","avatar_url":"https:\/\/avatars1.githubusercontent.com\/u\/1588419?v=4","gravatar_id":"","url":"https:\/\/api.github.com\/users\/myndzi","html_url":"https:\/\/github.com\/myndzi","followers_url":"https:\/\/api.github.com\/users\/myndzi\/followers","following_url":"https:\/\/api.github.com\/users\/myndzi\/following{\/other_user}","gists_url":"https:\/\/api.github.com\/users\/myndzi\/gists{\/gist_id}","starred_url":"https:\/\/api.github.com\/users\/myndzi\/starred{\/owner}{\/repo}","subscriptions_url":"https:\/\/api.github.com\/users\/myndzi\/subscriptions","organizations_url":"https:\/\/api.github.com\/users\/myndzi\/orgs","repos_url":"https:\/\/api.github.com\/users\/myndzi\/repos","events_url":"https:\/\/api.github.com\/users\/myndzi\/events{\/privacy}","received_events_url":"https:\/\/api.github.com\/users\/myndzi\/received_events","type":"User","site_admin":false},"html_url":"https:\/\/github.com\/myndzi\/wtfnode","description":"Utility to help find out why Node isn't exiting","fork":false,"url":"https:\/\/api.github.com\/repos\/myndzi\/wtfnode","forks_url":"https:\/\/api.github.com\/repos\/myndzi\/wtfnode\/forks","keys_url":"https:\/\/api.github.com\/repos\/myndzi\/wtfnode\/keys{\/key_id}","collaborators_url":"https:\/\/api.github.com\/repos\/myndzi\/wtfnode\/collaborators{\/collaborator}","teams_url":"https:\/\/api.github.com\/repos\/myndzi\/wtfnode\/teams","hooks_url":"https:\/\/api.github.com\/repos\/myndzi\/wtfnode\/hooks","issue_events_url":"https:\/\/api.github.com\/repos\/myndzi\/wtfnode\/issues\/events{\/number}","events_url":"https:\/\/api.github.com\/repos\/myndzi\/wtfnode\/events","assignees_url":"https:\/\/api.github.com\/repos\/myndzi\/wtfnode\/assignees{\/user}","branches_url":"https:\/\/api.github.com\/repos\/myndzi\/wtfnode\/branches{\/branch}","tags_url":"https:\/\/api.github.com\/repos\/myndzi\/wtfnode\/tags","blobs_url":"https:\/\/api.github.com\/repos\/myndzi\/wtfnode\/git\/blobs{\/sha}","git_tags_url":"https:\/\/api.github.com\/repos\/myndzi\/wtfnode\/git\/tags{\/sha}","git_refs_url":"https:\/\/api.github.com\/repos\/myndzi\/wtfnode\/git\/refs{\/sha}","trees_url":"https:\/\/api.github.com\/repos\/myndzi\/wtfnode\/git\/trees{\/sha}","statuses_url":"https:\/\/api.github.com\/repos\/myndzi\/wtfnode\/statuses\/{sha}","languages_url":"https:\/\/api.github.com\/repos\/myndzi\/wtfnode\/languages","stargazers_url":"https:\/\/api.github.com\/repos\/myndzi\/wtfnode\/stargazers","contributors_url":"https:\/\/api.github.com\/repos\/myndzi\/wtfnode\/contributors","subscribers_url":"https:\/\/api.github.com\/repos\/myndzi\/wtfnode\/subscribers","subscription_url":"https:\/\/api.github.com\/repos\/myndzi\/wtfnode\/subscription","commits_url":"https:\/\/api.github.com\/repos\/myndzi\/wtfnode\/commits{\/sha}","git_commits_url":"https:\/\/api.github.com\/repos\/myndzi\/wtfnode\/git\/commits{\/sha}","comments_url":"https:\/\/api.github.com\/repos\/myndzi\/wtfnode\/comments{\/number}","issue_comment_url":"https:\/\/api.github.com\/repos\/myndzi\/wtfnode\/issues\/comments{\/number}","contents_url":"https:\/\/api.github.com\/repos\/myndzi\/wtfnode\/contents\/{+path}","compare_url":"https:\/\/api.github.com\/repos\/myndzi\/wtfnode\/compare\/{base}...{head}","merges_url":"https:\/\/api.github.com\/repos\/myndzi\/wtfnode\/merges","archive_url":"https:\/\/api.github.com\/repos\/myndzi\/wtfnode\/{archive_format}{\/ref}","downloads_url":"https:\/\/api.github.com\/repos\/myndzi\/wtfnode\/downloads","issues_url":"https:\/\/api.github.com\/repos\/myndzi\/wtfnode\/issues{\/number}","pulls_url":"https:\/\/api.github.com\/repos\/myndzi\/wtfnode\/pulls{\/number}","milestones_url":"https:\/\/api.github.com\/repos\/myndzi\/wtfnode\/milestones{\/number}","notifications_url":"https:\/\/api.github.com\/repos\/myndzi\/wtfnode\/notifications{?since,all,participating}","labels_url":"https:\/\/api.github.com\/repos\/myndzi\/wtfnode\/labels{\/name}","releases_url":"https:\/\/api.github.com\/repos\/myndzi\/wtfnode\/releases{\/id}","deployments_url":"https:\/\/api.github.com\/repos\/myndzi\/wtfnode\/deployments","created_at":"2015-05-05T19:42:42Z","updated_at":"2019-01-23T23:23:20Z","pushed_at":"2019-01-15T03:26:56Z","git_url":"git:\/\/github.com\/myndzi\/wtfnode.git","ssh_url":"git@github.com:myndzi\/wtfnode.git","clone_url":"https:\/\/github.com\/myndzi\/wtfnode.git","svn_url":"https:\/\/github.com\/myndzi\/wtfnode","homepage":null,"size":59,"stargazers_count":237,"watchers_count":237,"language":"JavaScript","has_issues":true,"has_projects":true,"has_downloads":true,"has_wiki":true,"has_pages":false,"forks_count":14,"mirror_url":null,"archived":false,"open_issues_count":0,"license":null,"forks":14,"open_issues":0,"watchers":237,"default_branch":"master","score":51.347836},{"id":539003,"node_id":"MDEwOlJlcG9zaXRvcnk1MzkwMDM=","name":"jquery-outside-events","full_name":"cowboy\/jquery-outside-events","private":false,"owner":{"login":"cowboy","id":54051,"node_id":"MDQ6VXNlcjU0MDUx","avatar_url":"https:\/\/avatars0.githubusercontent.com\/u\/54051?v=4","gravatar_id":"","url":"https:\/\/api.github.com\/users\/cowboy","html_url":"https:\/\/github.com\/cowboy","followers_url":"https:\/\/api.github.com\/users\/cowboy\/followers","following_url":"https:\/\/api.github.com\/users\/cowboy\/following{\/other_user}","gists_url":"https:\/\/api.github.com\/users\/cowboy\/gists{\/gist_id}","starred_url":"https:\/\/api.github.com\/users\/cowboy\/starred{\/owner}{\/repo}","subscriptions_url":"https:\/\/api.github.com\/users\/cowboy\/subscriptions","organizations_url":"https:\/\/api.github.com\/users\/cowboy\/orgs","repos_url":"https:\/\/api.github.com\/users\/cowboy\/repos","events_url":"https:\/\/api.github.com\/users\/cowboy\/events{\/privacy}","received_events_url":"https:\/\/api.github.com\/users\/cowboy\/received_events","type":"User","site_admin":false},"html_url":"https:\/\/github.com\/cowboy\/jquery-outside-events","description":"Why trigger an event on something, when you can trigger it on everything else?","fork":false,"url":"https:\/\/api.github.com\/repos\/cowboy\/jquery-outside-events","forks_url":"https:\/\/api.github.com\/repos\/cowboy\/jquery-outside-events\/forks","keys_url":"https:\/\/api.github.com\/repos\/cowboy\/jquery-outside-events\/keys{\/key_id}","collaborators_url":"https:\/\/api.github.com\/repos\/cowboy\/jquery-outside-events\/collaborators{\/collaborator}","teams_url":"https:\/\/api.github.com\/repos\/cowboy\/jquery-outside-events\/teams","hooks_url":"https:\/\/api.github.com\/repos\/cowboy\/jquery-outside-events\/hooks","issue_events_url":"https:\/\/api.github.com\/repos\/cowboy\/jquery-outside-events\/issues\/events{\/number}","events_url":"https:\/\/api.github.com\/repos\/cowboy\/jquery-outside-events\/events","assignees_url":"https:\/\/api.github.com\/repos\/cowboy\/jquery-outside-events\/assignees{\/user}","branches_url":"https:\/\/api.github.com\/repos\/cowboy\/jquery-outside-events\/branches{\/branch}","tags_url":"https:\/\/api.github.com\/repos\/cowboy\/jquery-outside-events\/tags","blobs_url":"https:\/\/api.github.com\/repos\/cowboy\/jquery-outside-events\/git\/blobs{\/sha}","git_tags_url":"https:\/\/api.github.com\/repos\/cowboy\/jquery-outside-events\/git\/tags{\/sha}","git_refs_url":"https:\/\/api.github.com\/repos\/cowboy\/jquery-outside-events\/git\/refs{\/sha}","trees_url":"https:\/\/api.github.com\/repos\/cowboy\/jquery-outside-events\/git\/trees{\/sha}","statuses_url":"https:\/\/api.github.com\/repos\/cowboy\/jquery-outside-events\/statuses\/{sha}","languages_url":"https:\/\/api.github.com\/repos\/cowboy\/jquery-outside-events\/languages","stargazers_url":"https:\/\/api.github.com\/repos\/cowboy\/jquery-outside-events\/stargazers","contributors_url":"https:\/\/api.github.com\/repos\/cowboy\/jquery-outside-events\/contributors","subscribers_url":"https:\/\/api.github.com\/repos\/cowboy\/jquery-outside-events\/subscribers","subscription_url":"https:\/\/api.github.com\/repos\/cowboy\/jquery-outside-events\/subscription","commits_url":"https:\/\/api.github.com\/repos\/cowboy\/jquery-outside-events\/commits{\/sha}","git_commits_url":"https:\/\/api.github.com\/repos\/cowboy\/jquery-outside-events\/git\/commits{\/sha}","comments_url":"https:\/\/api.github.com\/repos\/cowboy\/jquery-outside-events\/comments{\/number}","issue_comment_url":"https:\/\/api.github.com\/repos\/cowboy\/jquery-outside-events\/issues\/comments{\/number}","contents_url":"https:\/\/api.github.com\/repos\/cowboy\/jquery-outside-events\/contents\/{+path}","compare_url":"https:\/\/api.github.com\/repos\/cowboy\/jquery-outside-events\/compare\/{base}...{head}","merges_url":"https:\/\/api.github.com\/repos\/cowboy\/jquery-outside-events\/merges","archive_url":"https:\/\/api.github.com\/repos\/cowboy\/jquery-outside-events\/{archive_format}{\/ref}","downloads_url":"https:\/\/api.github.com\/repos\/cowboy\/jquery-outside-events\/downloads","issues_url":"https:\/\/api.github.com\/repos\/cowboy\/jquery-outside-events\/issues{\/number}","pulls_url":"https:\/\/api.github.com\/repos\/cowboy\/jquery-outside-events\/pulls{\/number}","milestones_url":"https:\/\/api.github.com\/repos\/cowboy\/jquery-outside-events\/milestones{\/number}","notifications_url":"https:\/\/api.github.com\/repos\/cowboy\/jquery-outside-events\/notifications{?since,all,participating}","labels_url":"https:\/\/api.github.com\/repos\/cowboy\/jquery-outside-events\/labels{\/name}","releases_url":"https:\/\/api.github.com\/repos\/cowboy\/jquery-outside-events\/releases{\/id}","deployments_url":"https:\/\/api.github.com\/repos\/cowboy\/jquery-outside-events\/deployments","created_at":"2010-02-27T19:56:14Z","updated_at":"2019-01-23T22:10:28Z","pushed_at":"2016-04-03T09:27:45Z","git_url":"git:\/\/github.com\/cowboy\/jquery-outside-events.git","ssh_url":"git@github.com:cowboy\/jquery-outside-events.git","clone_url":"https:\/\/github.com\/cowboy\/jquery-outside-events.git","svn_url":"https:\/\/github.com\/cowboy\/jquery-outside-events","homepage":"http:\/\/benalman.com\/projects\/jquery-clickoutside-plugin\/","size":320,"stargazers_count":236,"watchers_count":236,"language":"JavaScript","has_issues":true,"has_projects":true,"has_downloads":true,"has_wiki":true,"has_pages":false,"forks_count":44,"mirror_url":null,"archived":false,"open_issues_count":10,"license":{"key":"other","name":"Other","spdx_id":"NOASSERTION","url":null,"node_id":"MDc6TGljZW5zZTA="},"forks":44,"open_issues":10,"watchers":236,"default_branch":"master","score":49.76389},{"id":124265580,"node_id":"MDEwOlJlcG9zaXRvcnkxMjQyNjU1ODA=","name":"Viewpager-Transformation","full_name":"dipanshukr\/Viewpager-Transformation","private":false,"owner":{"login":"dipanshukr","id":29334373,"node_id":"MDQ6VXNlcjI5MzM0Mzcz","avatar_url":"https:\/\/avatars3.githubusercontent.com\/u\/29334373?v=4","gravatar_id":"","url":"https:\/\/api.github.com\/users\/dipanshukr","html_url":"https:\/\/github.com\/dipanshukr","followers_url":"https:\/\/api.github.com\/users\/dipanshukr\/followers","following_url":"https:\/\/api.github.com\/users\/dipanshukr\/following{\/other_user}","gists_url":"https:\/\/api.github.com\/users\/dipanshukr\/gists{\/gist_id}","starred_url":"https:\/\/api.github.com\/users\/dipanshukr\/starred{\/owner}{\/repo}","subscriptions_url":"https:\/\/api.github.com\/users\/dipanshukr\/subscriptions","organizations_url":"https:\/\/api.github.com\/users\/dipanshukr\/orgs","repos_url":"https:\/\/api.github.com\/users\/dipanshukr\/repos","events_url":"https:\/\/api.github.com\/users\/dipanshukr\/events{\/privacy}","received_events_url":"https:\/\/api.github.com\/users\/dipanshukr\/received_events","type":"User","site_admin":false},"html_url":"https:\/\/github.com\/dipanshukr\/Viewpager-Transformation","description":"Why use dependencies when you create your own transformations for Viewpager ?","fork":false,"url":"https:\/\/api.github.com\/repos\/dipanshukr\/Viewpager-Transformation","forks_url":"https:\/\/api.github.com\/repos\/dipanshukr\/Viewpager-Transformation\/forks","keys_url":"https:\/\/api.github.com\/repos\/dipanshukr\/Viewpager-Transformation\/keys{\/key_id}","collaborators_url":"https:\/\/api.github.com\/repos\/dipanshukr\/Viewpager-Transformation\/collaborators{\/collaborator}","teams_url":"https:\/\/api.github.com\/repos\/dipanshukr\/Viewpager-Transformation\/teams","hooks_url":"https:\/\/api.github.com\/repos\/dipanshukr\/Viewpager-Transformation\/hooks","issue_events_url":"https:\/\/api.github.com\/repos\/dipanshukr\/Viewpager-Transformation\/issues\/events{\/number}","events_url":"https:\/\/api.github.com\/repos\/dipanshukr\/Viewpager-Transformation\/events","assignees_url":"https:\/\/api.github.com\/repos\/dipanshukr\/Viewpager-Transformation\/assignees{\/user}","branches_url":"https:\/\/api.github.com\/repos\/dipanshukr\/Viewpager-Transformation\/branches{\/branch}","tags_url":"https:\/\/api.github.com\/repos\/dipanshukr\/Viewpager-Transformation\/tags","blobs_url":"https:\/\/api.github.com\/repos\/dipanshukr\/Viewpager-Transformation\/git\/blobs{\/sha}","git_tags_url":"https:\/\/api.github.com\/repos\/dipanshukr\/Viewpager-Transformation\/git\/tags{\/sha}","git_refs_url":"https:\/\/api.github.com\/repos\/dipanshukr\/Viewpager-Transformation\/git\/refs{\/sha}","trees_url":"https:\/\/api.github.com\/repos\/dipanshukr\/Viewpager-Transformation\/git\/trees{\/sha}","statuses_url":"https:\/\/api.github.com\/repos\/dipanshukr\/Viewpager-Transformation\/statuses\/{sha}","languages_url":"https:\/\/api.github.com\/repos\/dipanshukr\/Viewpager-Transformation\/languages","stargazers_url":"https:\/\/api.github.com\/repos\/dipanshukr\/Viewpager-Transformation\/stargazers","contributors_url":"https:\/\/api.github.com\/repos\/dipanshukr\/Viewpager-Transformation\/contributors","subscribers_url":"https:\/\/api.github.com\/repos\/dipanshukr\/Viewpager-Transformation\/subscribers","subscription_url":"https:\/\/api.github.com\/repos\/dipanshukr\/Viewpager-Transformation\/subscription","commits_url":"https:\/\/api.github.com\/repos\/dipanshukr\/Viewpager-Transformation\/commits{\/sha}","git_commits_url":"https:\/\/api.github.com\/repos\/dipanshukr\/Viewpager-Transformation\/git\/commits{\/sha}","comments_url":"https:\/\/api.github.com\/repos\/dipanshukr\/Viewpager-Transformation\/comments{\/number}","issue_comment_url":"https:\/\/api.github.com\/repos\/dipanshukr\/Viewpager-Transformation\/issues\/comments{\/number}","contents_url":"https:\/\/api.github.com\/repos\/dipanshukr\/Viewpager-Transformation\/contents\/{+path}","compare_url":"https:\/\/api.github.com\/repos\/dipanshukr\/Viewpager-Transformation\/compare\/{base}...{head}","merges_url":"https:\/\/api.github.com\/repos\/dipanshukr\/Viewpager-Transformation\/merges","archive_url":"https:\/\/api.github.com\/repos\/dipanshukr\/Viewpager-Transformation\/{archive_format}{\/ref}","downloads_url":"https:\/\/api.github.com\/repos\/dipanshukr\/Viewpager-Transformation\/downloads","issues_url":"https:\/\/api.github.com\/repos\/dipanshukr\/Viewpager-Transformation\/issues{\/number}","pulls_url":"https:\/\/api.github.com\/repos\/dipanshukr\/Viewpager-Transformation\/pulls{\/number}","milestones_url":"https:\/\/api.github.com\/repos\/dipanshukr\/Viewpager-Transformation\/milestones{\/number}","notifications_url":"https:\/\/api.github.com\/repos\/dipanshukr\/Viewpager-Transformation\/notifications{?since,all,participating}","labels_url":"https:\/\/api.github.com\/repos\/dipanshukr\/Viewpager-Transformation\/labels{\/name}","releases_url":"https:\/\/api.github.com\/repos\/dipanshukr\/Viewpager-Transformation\/releases{\/id}","deployments_url":"https:\/\/api.github.com\/repos\/dipanshukr\/Viewpager-Transformation\/deployments","created_at":"2018-03-07T16:45:42Z","updated_at":"2019-01-27T11:19:10Z","pushed_at":"2018-06-21T07:17:59Z","git_url":"git:\/\/github.com\/dipanshukr\/Viewpager-Transformation.git","ssh_url":"git@github.com:dipanshukr\/Viewpager-Transformation.git","clone_url":"https:\/\/github.com\/dipanshukr\/Viewpager-Transformation.git","svn_url":"https:\/\/github.com\/dipanshukr\/Viewpager-Transformation","homepage":"","size":181654,"stargazers_count":230,"watchers_count":230,"language":"Java","has_issues":true,"has_projects":true,"has_downloads":true,"has_wiki":true,"has_pages":true,"forks_count":44,"mirror_url":null,"archived":false,"open_issues_count":1,"license":null,"forks":44,"open_issues":1,"watchers":230,"default_branch":"master","score":49.988335},{"id":17420185,"node_id":"MDEwOlJlcG9zaXRvcnkxNzQyMDE4NQ==","name":"enemy-of-the-state","full_name":"jspahrsummers\/enemy-of-the-state","private":false,"owner":{"login":"jspahrsummers","id":432536,"node_id":"MDQ6VXNlcjQzMjUzNg==","avatar_url":"https:\/\/avatars0.githubusercontent.com\/u\/432536?v=4","gravatar_id":"","url":"https:\/\/api.github.com\/users\/jspahrsummers","html_url":"https:\/\/github.com\/jspahrsummers","followers_url":"https:\/\/api.github.com\/users\/jspahrsummers\/followers","following_url":"https:\/\/api.github.com\/users\/jspahrsummers\/following{\/other_user}","gists_url":"https:\/\/api.github.com\/users\/jspahrsummers\/gists{\/gist_id}","starred_url":"https:\/\/api.github.com\/users\/jspahrsummers\/starred{\/owner}{\/repo}","subscriptions_url":"https:\/\/api.github.com\/users\/jspahrsummers\/subscriptions","organizations_url":"https:\/\/api.github.com\/users\/jspahrsummers\/orgs","repos_url":"https:\/\/api.github.com\/users\/jspahrsummers\/repos","events_url":"https:\/\/api.github.com\/users\/jspahrsummers\/events{\/privacy}","received_events_url":"https:\/\/api.github.com\/users\/jspahrsummers\/received_events","type":"User","site_admin":false},"html_url":"https:\/\/github.com\/jspahrsummers\/enemy-of-the-state","description":"My talk explaining what state is and why it's so harmful","fork":false,"url":"https:\/\/api.github.com\/repos\/jspahrsummers\/enemy-of-the-state","forks_url":"https:\/\/api.github.com\/repos\/jspahrsummers\/enemy-of-the-state\/forks","keys_url":"https:\/\/api.github.com\/repos\/jspahrsummers\/enemy-of-the-state\/keys{\/key_id}","collaborators_url":"https:\/\/api.github.com\/repos\/jspahrsummers\/enemy-of-the-state\/collaborators{\/collaborator}","teams_url":"https:\/\/api.github.com\/repos\/jspahrsummers\/enemy-of-the-state\/teams","hooks_url":"https:\/\/api.github.com\/repos\/jspahrsummers\/enemy-of-the-state\/hooks","issue_events_url":"https:\/\/api.github.com\/repos\/jspahrsummers\/enemy-of-the-state\/issues\/events{\/number}","events_url":"https:\/\/api.github.com\/repos\/jspahrsummers\/enemy-of-the-state\/events","assignees_url":"https:\/\/api.github.com\/repos\/jspahrsummers\/enemy-of-the-state\/assignees{\/user}","branches_url":"https:\/\/api.github.com\/repos\/jspahrsummers\/enemy-of-the-state\/branches{\/branch}","tags_url":"https:\/\/api.github.com\/repos\/jspahrsummers\/enemy-of-the-state\/tags","blobs_url":"https:\/\/api.github.com\/repos\/jspahrsummers\/enemy-of-the-state\/git\/blobs{\/sha}","git_tags_url":"https:\/\/api.github.com\/repos\/jspahrsummers\/enemy-of-the-state\/git\/tags{\/sha}","git_refs_url":"https:\/\/api.github.com\/repos\/jspahrsummers\/enemy-of-the-state\/git\/refs{\/sha}","trees_url":"https:\/\/api.github.com\/repos\/jspahrsummers\/enemy-of-the-state\/git\/trees{\/sha}","statuses_url":"https:\/\/api.github.com\/repos\/jspahrsummers\/enemy-of-the-state\/statuses\/{sha}","languages_url":"https:\/\/api.github.com\/repos\/jspahrsummers\/enemy-of-the-state\/languages","stargazers_url":"https:\/\/api.github.com\/repos\/jspahrsummers\/enemy-of-the-state\/stargazers","contributors_url":"https:\/\/api.github.com\/repos\/jspahrsummers\/enemy-of-the-state\/contributors","subscribers_url":"https:\/\/api.github.com\/repos\/jspahrsummers\/enemy-of-the-state\/subscribers","subscription_url":"https:\/\/api.github.com\/repos\/jspahrsummers\/enemy-of-the-state\/subscription","commits_url":"https:\/\/api.github.com\/repos\/jspahrsummers\/enemy-of-the-state\/commits{\/sha}","git_commits_url":"https:\/\/api.github.com\/repos\/jspahrsummers\/enemy-of-the-state\/git\/commits{\/sha}","comments_url":"https:\/\/api.github.com\/repos\/jspahrsummers\/enemy-of-the-state\/comments{\/number}","issue_comment_url":"https:\/\/api.github.com\/repos\/jspahrsummers\/enemy-of-the-state\/issues\/comments{\/number}","contents_url":"https:\/\/api.github.com\/repos\/jspahrsummers\/enemy-of-the-state\/contents\/{+path}","compare_url":"https:\/\/api.github.com\/repos\/jspahrsummers\/enemy-of-the-state\/compare\/{base}...{head}","merges_url":"https:\/\/api.github.com\/repos\/jspahrsummers\/enemy-of-the-state\/merges","archive_url":"https:\/\/api.github.com\/repos\/jspahrsummers\/enemy-of-the-state\/{archive_format}{\/ref}","downloads_url":"https:\/\/api.github.com\/repos\/jspahrsummers\/enemy-of-the-state\/downloads","issues_url":"https:\/\/api.github.com\/repos\/jspahrsummers\/enemy-of-the-state\/issues{\/number}","pulls_url":"https:\/\/api.github.com\/repos\/jspahrsummers\/enemy-of-the-state\/pulls{\/number}","milestones_url":"https:\/\/api.github.com\/repos\/jspahrsummers\/enemy-of-the-state\/milestones{\/number}","notifications_url":"https:\/\/api.github.com\/repos\/jspahrsummers\/enemy-of-the-state\/notifications{?since,all,participating}","labels_url":"https:\/\/api.github.com\/repos\/jspahrsummers\/enemy-of-the-state\/labels{\/name}","releases_url":"https:\/\/api.github.com\/repos\/jspahrsummers\/enemy-of-the-state\/releases{\/id}","deployments_url":"https:\/\/api.github.com\/repos\/jspahrsummers\/enemy-of-the-state\/deployments","created_at":"2014-03-04T22:49:56Z","updated_at":"2018-12-26T21:07:06Z","pushed_at":"2017-07-26T14:26:39Z","git_url":"git:\/\/github.com\/jspahrsummers\/enemy-of-the-state.git","ssh_url":"git@github.com:jspahrsummers\/enemy-of-the-state.git","clone_url":"https:\/\/github.com\/jspahrsummers\/enemy-of-the-state.git","svn_url":"https:\/\/github.com\/jspahrsummers\/enemy-of-the-state","homepage":"","size":46901,"stargazers_count":208,"watchers_count":208,"language":"Swift","has_issues":true,"has_projects":true,"has_downloads":true,"has_wiki":false,"has_pages":false,"forks_count":16,"mirror_url":null,"archived":false,"open_issues_count":1,"license":{"key":"other","name":"Other","spdx_id":"NOASSERTION","url":null,"node_id":"MDc6TGljZW5zZTA="},"forks":16,"open_issues":1,"watchers":208,"default_branch":"master","score":42.186844},{"id":93794235,"node_id":"MDEwOlJlcG9zaXRvcnk5Mzc5NDIzNQ==","name":"drop_watch","full_name":"pavel-odintsov\/drop_watch","private":false,"owner":{"login":"pavel-odintsov","id":2744166,"node_id":"MDQ6VXNlcjI3NDQxNjY=","avatar_url":"https:\/\/avatars0.githubusercontent.com\/u\/2744166?v=4","gravatar_id":"","url":"https:\/\/api.github.com\/users\/pavel-odintsov","html_url":"https:\/\/github.com\/pavel-odintsov","followers_url":"https:\/\/api.github.com\/users\/pavel-odintsov\/followers","following_url":"https:\/\/api.github.com\/users\/pavel-odintsov\/following{\/other_user}","gists_url":"https:\/\/api.github.com\/users\/pavel-odintsov\/gists{\/gist_id}","starred_url":"https:\/\/api.github.com\/users\/pavel-odintsov\/starred{\/owner}{\/repo}","subscriptions_url":"https:\/\/api.github.com\/users\/pavel-odintsov\/subscriptions","organizations_url":"https:\/\/api.github.com\/users\/pavel-odintsov\/orgs","repos_url":"https:\/\/api.github.com\/users\/pavel-odintsov\/repos","events_url":"https:\/\/api.github.com\/users\/pavel-odintsov\/events{\/privacy}","received_events_url":"https:\/\/api.github.com\/users\/pavel-odintsov\/received_events","type":"User","site_admin":false},"html_url":"https:\/\/github.com\/pavel-odintsov\/drop_watch","description":"Monitor reasons why and where linux drops UDP packets","fork":false,"url":"https:\/\/api.github.com\/repos\/pavel-odintsov\/drop_watch","forks_url":"https:\/\/api.github.com\/repos\/pavel-odintsov\/drop_watch\/forks","keys_url":"https:\/\/api.github.com\/repos\/pavel-odintsov\/drop_watch\/keys{\/key_id}","collaborators_url":"https:\/\/api.github.com\/repos\/pavel-odintsov\/drop_watch\/collaborators{\/collaborator}","teams_url":"https:\/\/api.github.com\/repos\/pavel-odintsov\/drop_watch\/teams","hooks_url":"https:\/\/api.github.com\/repos\/pavel-odintsov\/drop_watch\/hooks","issue_events_url":"https:\/\/api.github.com\/repos\/pavel-odintsov\/drop_watch\/issues\/events{\/number}","events_url":"https:\/\/api.github.com\/repos\/pavel-odintsov\/drop_watch\/events","assignees_url":"https:\/\/api.github.com\/repos\/pavel-odintsov\/drop_watch\/assignees{\/user}","branches_url":"https:\/\/api.github.com\/repos\/pavel-odintsov\/drop_watch\/branches{\/branch}","tags_url":"https:\/\/api.github.com\/repos\/pavel-odintsov\/drop_watch\/tags","blobs_url":"https:\/\/api.github.com\/repos\/pavel-odintsov\/drop_watch\/git\/blobs{\/sha}","git_tags_url":"https:\/\/api.github.com\/repos\/pavel-odintsov\/drop_watch\/git\/tags{\/sha}","git_refs_url":"https:\/\/api.github.com\/repos\/pavel-odintsov\/drop_watch\/git\/refs{\/sha}","trees_url":"https:\/\/api.github.com\/repos\/pavel-odintsov\/drop_watch\/git\/trees{\/sha}","statuses_url":"https:\/\/api.github.com\/repos\/pavel-odintsov\/drop_watch\/statuses\/{sha}","languages_url":"https:\/\/api.github.com\/repos\/pavel-odintsov\/drop_watch\/languages","stargazers_url":"https:\/\/api.github.com\/repos\/pavel-odintsov\/drop_watch\/stargazers","contributors_url":"https:\/\/api.github.com\/repos\/pavel-odintsov\/drop_watch\/contributors","subscribers_url":"https:\/\/api.github.com\/repos\/pavel-odintsov\/drop_watch\/subscribers","subscription_url":"https:\/\/api.github.com\/repos\/pavel-odintsov\/drop_watch\/subscription","commits_url":"https:\/\/api.github.com\/repos\/pavel-odintsov\/drop_watch\/commits{\/sha}","git_commits_url":"https:\/\/api.github.com\/repos\/pavel-odintsov\/drop_watch\/git\/commits{\/sha}","comments_url":"https:\/\/api.github.com\/repos\/pavel-odintsov\/drop_watch\/comments{\/number}","issue_comment_url":"https:\/\/api.github.com\/repos\/pavel-odintsov\/drop_watch\/issues\/comments{\/number}","contents_url":"https:\/\/api.github.com\/repos\/pavel-odintsov\/drop_watch\/contents\/{+path}","compare_url":"https:\/\/api.github.com\/repos\/pavel-odintsov\/drop_watch\/compare\/{base}...{head}","merges_url":"https:\/\/api.github.com\/repos\/pavel-odintsov\/drop_watch\/merges","archive_url":"https:\/\/api.github.com\/repos\/pavel-odintsov\/drop_watch\/{archive_format}{\/ref}","downloads_url":"https:\/\/api.github.com\/repos\/pavel-odintsov\/drop_watch\/downloads","issues_url":"https:\/\/api.github.com\/repos\/pavel-odintsov\/drop_watch\/issues{\/number}","pulls_url":"https:\/\/api.github.com\/repos\/pavel-odintsov\/drop_watch\/pulls{\/number}","milestones_url":"https:\/\/api.github.com\/repos\/pavel-odintsov\/drop_watch\/milestones{\/number}","notifications_url":"https:\/\/api.github.com\/repos\/pavel-odintsov\/drop_watch\/notifications{?since,all,participating}","labels_url":"https:\/\/api.github.com\/repos\/pavel-odintsov\/drop_watch\/labels{\/name}","releases_url":"https:\/\/api.github.com\/repos\/pavel-odintsov\/drop_watch\/releases{\/id}","deployments_url":"https:\/\/api.github.com\/repos\/pavel-odintsov\/drop_watch\/deployments","created_at":"2017-06-08T21:43:00Z","updated_at":"2019-01-28T14:39:16Z","pushed_at":"2017-10-12T20:13:24Z","git_url":"git:\/\/github.com\/pavel-odintsov\/drop_watch.git","ssh_url":"git@github.com:pavel-odintsov\/drop_watch.git","clone_url":"https:\/\/github.com\/pavel-odintsov\/drop_watch.git","svn_url":"https:\/\/github.com\/pavel-odintsov\/drop_watch","homepage":"","size":153,"stargazers_count":183,"watchers_count":183,"language":"C","has_issues":true,"has_projects":true,"has_downloads":true,"has_wiki":true,"has_pages":false,"forks_count":20,"mirror_url":null,"archived":false,"open_issues_count":0,"license":{"key":"gpl-2.0","name":"GNU General Public License v2.0","spdx_id":"GPL-2.0","url":"https:\/\/api.github.com\/licenses\/gpl-2.0","node_id":"MDc6TGljZW5zZTg="},"forks":20,"open_issues":0,"watchers":183,"default_branch":"master","score":53.153652}] [] []
[2019-01-29 13:42:40] name.WARNING: Array [] []
[2019-01-29 13:42:40] name.WARNING: [{"id":58605580,"node_id":"MDEwOlJlcG9zaXRvcnk1ODYwNTU4MA==","name":"why-did-you-update","full_name":"garbles\/why-did-you-update","private":false,"owner":{"login":"garbles","id":1139884,"node_id":"MDQ6VXNlcjExMzk4ODQ=","avatar_url":"https:\/\/avatars1.githubusercontent.com\/u\/1139884?v=4","gravatar_id":"","url":"https:\/\/api.github.com\/users\/garbles","html_url":"https:\/\/github.com\/garbles","followers_url":"https:\/\/api.github.com\/users\/garbles\/followers","following_url":"https:\/\/api.github.com\/users\/garbles\/following{\/other_user}","gists_url":"https:\/\/api.github.com\/users\/garbles\/gists{\/gist_id}","starred_url":"https:\/\/api.github.com\/users\/garbles\/starred{\/owner}{\/repo}","subscriptions_url":"https:\/\/api.github.com\/users\/garbles\/subscriptions","organizations_url":"https:\/\/api.github.com\/users\/garbles\/orgs","repos_url":"https:\/\/api.github.com\/users\/garbles\/repos","events_url":"https:\/\/api.github.com\/users\/garbles\/events{\/privacy}","received_events_url":"https:\/\/api.github.com\/users\/garbles\/received_events","type":"User","site_admin":false},"html_url":"https:\/\/github.com\/garbles\/why-did-you-update","description":":boom: Puts your console on blast when React is making unnecessary updates.","fork":false,"url":"https:\/\/api.github.com\/repos\/garbles\/why-did-you-update","forks_url":"https:\/\/api.github.com\/repos\/garbles\/why-did-you-update\/forks","keys_url":"https:\/\/api.github.com\/repos\/garbles\/why-did-you-update\/keys{\/key_id}","collaborators_url":"https:\/\/api.github.com\/repos\/garbles\/why-did-you-update\/collaborators{\/collaborator}","teams_url":"https:\/\/api.github.com\/repos\/garbles\/why-did-you-update\/teams","hooks_url":"https:\/\/api.github.com\/repos\/garbles\/why-did-you-update\/hooks","issue_events_url":"https:\/\/api.github.com\/repos\/garbles\/why-did-you-update\/issues\/events{\/number}","events_url":"https:\/\/api.github.com\/repos\/garbles\/why-did-you-update\/events","assignees_url":"https:\/\/api.github.com\/repos\/garbles\/why-did-you-update\/assignees{\/user}","branches_url":"https:\/\/api.github.com\/repos\/garbles\/why-did-you-update\/branches{\/branch}","tags_url":"https:\/\/api.github.com\/repos\/garbles\/why-did-you-update\/tags","blobs_url":"https:\/\/api.github.com\/repos\/garbles\/why-did-you-update\/git\/blobs{\/sha}","git_tags_url":"https:\/\/api.github.com\/repos\/garbles\/why-did-you-update\/git\/tags{\/sha}","git_refs_url":"https:\/\/api.github.com\/repos\/garbles\/why-did-you-update\/git\/refs{\/sha}","trees_url":"https:\/\/api.github.com\/repos\/garbles\/why-did-you-update\/git\/trees{\/sha}","statuses_url":"https:\/\/api.github.com\/repos\/garbles\/why-did-you-update\/statuses\/{sha}","languages_url":"https:\/\/api.github.com\/repos\/garbles\/why-did-you-update\/languages","stargazers_url":"https:\/\/api.github.com\/repos\/garbles\/why-did-you-update\/stargazers","contributors_url":"https:\/\/api.github.com\/repos\/garbles\/why-did-you-update\/contributors","subscribers_url":"https:\/\/api.github.com\/repos\/garbles\/why-did-you-update\/subscribers","subscription_url":"https:\/\/api.github.com\/repos\/garbles\/why-did-you-update\/subscription","commits_url":"https:\/\/api.github.com\/repos\/garbles\/why-did-you-update\/commits{\/sha}","git_commits_url":"https:\/\/api.github.com\/repos\/garbles\/why-did-you-update\/git\/commits{\/sha}","comments_url":"https:\/\/api.github.com\/repos\/garbles\/why-did-you-update\/comments{\/number}","issue_comment_url":"https:\/\/api.github.com\/repos\/garbles\/why-did-you-update\/issues\/comments{\/number}","contents_url":"https:\/\/api.github.com\/repos\/garbles\/why-did-you-update\/contents\/{+path}","compare_url":"https:\/\/api.github.com\/repos\/garbles\/why-did-you-update\/compare\/{base}...{head}","merges_url":"https:\/\/api.github.com\/repos\/garbles\/why-did-you-update\/merges","archive_url":"https:\/\/api.github.com\/repos\/garbles\/why-did-you-update\/{archive_format}{\/ref}","downloads_url":"https:\/\/api.github.com\/repos\/garbles\/why-did-you-update\/downloads","issues_url":"https:\/\/api.github.com\/repos\/garbles\/why-did-you-update\/issues{\/number}","pulls_url":"https:\/\/api.github.com\/repos\/garbles\/why-did-you-update\/pulls{\/number}","milestones_url":"https:\/\/api.github.com\/repos\/garbles\/why-did-you-update\/milestones{\/number}","notifications_url":"https:\/\/api.github.com\/repos\/garbles\/why-did-you-update\/notifications{?since,all,participating}","labels_url":"https:\/\/api.github.com\/repos\/garbles\/why-did-you-update\/labels{\/name}","releases_url":"https:\/\/api.github.com\/repos\/garbles\/why-did-you-update\/releases{\/id}","deployments_url":"https:\/\/api.github.com\/repos\/garbles\/why-did-you-update\/deployments","created_at":"2016-05-12T03:49:06Z","updated_at":"2019-01-28T21:53:29Z","pushed_at":"2017-09-23T05:54:19Z","git_url":"git:\/\/github.com\/garbles\/why-did-you-update.git","ssh_url":"git@github.com:garbles\/why-did-you-update.git","clone_url":"https:\/\/github.com\/garbles\/why-did-you-update.git","svn_url":"https:\/\/github.com\/garbles\/why-did-you-update","homepage":null,"size":29,"stargazers_count":5177,"watchers_count":5177,"language":"JavaScript","has_issues":true,"has_projects":true,"has_downloads":true,"has_wiki":true,"has_pages":false,"forks_count":112,"mirror_url":null,"archived":true,"open_issues_count":28,"license":null,"forks":112,"open_issues":28,"watchers":5177,"default_branch":"master","score":102.164734},{"id":97779740,"node_id":"MDEwOlJlcG9zaXRvcnk5Nzc3OTc0MA==","name":"why-did-you-update","full_name":"maicki\/why-did-you-update","private":false,"owner":{"login":"maicki","id":25288,"node_id":"MDQ6VXNlcjI1Mjg4","avatar_url":"https:\/\/avatars1.githubusercontent.com\/u\/25288?v=4","gravatar_id":"","url":"https:\/\/api.github.com\/users\/maicki","html_url":"https:\/\/github.com\/maicki","followers_url":"https:\/\/api.github.com\/users\/maicki\/followers","following_url":"https:\/\/api.github.com\/users\/maicki\/following{\/other_user}","gists_url":"https:\/\/api.github.com\/users\/maicki\/gists{\/gist_id}","starred_url":"https:\/\/api.github.com\/users\/maicki\/starred{\/owner}{\/repo}","subscriptions_url":"https:\/\/api.github.com\/users\/maicki\/subscriptions","organizations_url":"https:\/\/api.github.com\/users\/maicki\/orgs","repos_url":"https:\/\/api.github.com\/users\/maicki\/repos","events_url":"https:\/\/api.github.com\/users\/maicki\/events{\/privacy}","received_events_url":"https:\/\/api.github.com\/users\/maicki\/received_events","type":"User","site_admin":false},"html_url":"https:\/\/github.com\/maicki\/why-did-you-update","description":":boom: Puts your console on blast when React is making unnecessary updates.","fork":false,"url":"https:\/\/api.github.com\/repos\/maicki\/why-did-you-update","forks_url":"https:\/\/api.github.com\/repos\/maicki\/why-did-you-update\/forks","keys_url":"https:\/\/api.github.com\/repos\/maicki\/why-did-you-update\/keys{\/key_id}","collaborators_url":"https:\/\/api.github.com\/repos\/maicki\/why-did-you-update\/collaborators{\/collaborator}","teams_url":"https:\/\/api.github.com\/repos\/maicki\/why-did-you-update\/teams","hooks_url":"https:\/\/api.github.com\/repos\/maicki\/why-did-you-update\/hooks","issue_events_url":"https:\/\/api.github.com\/repos\/maicki\/why-did-you-update\/issues\/events{\/number}","events_url":"https:\/\/api.github.com\/repos\/maicki\/why-did-you-update\/events","assignees_url":"https:\/\/api.github.com\/repos\/maicki\/why-did-you-update\/assignees{\/user}","branches_url":"https:\/\/api.github.com\/repos\/maicki\/why-did-you-update\/branches{\/branch}","tags_url":"https:\/\/api.github.com\/repos\/maicki\/why-did-you-update\/tags","blobs_url":"https:\/\/api.github.com\/repos\/maicki\/why-did-you-update\/git\/blobs{\/sha}","git_tags_url":"https:\/\/api.github.com\/repos\/maicki\/why-did-you-update\/git\/tags{\/sha}","git_refs_url":"https:\/\/api.github.com\/repos\/maicki\/why-did-you-update\/git\/refs{\/sha}","trees_url":"https:\/\/api.github.com\/repos\/maicki\/why-did-you-update\/git\/trees{\/sha}","statuses_url":"https:\/\/api.github.com\/repos\/maicki\/why-did-you-update\/statuses\/{sha}","languages_url":"https:\/\/api.github.com\/repos\/maicki\/why-did-you-update\/languages","stargazers_url":"https:\/\/api.github.com\/repos\/maicki\/why-did-you-update\/stargazers","contributors_url":"https:\/\/api.github.com\/repos\/maicki\/why-did-you-update\/contributors","subscribers_url":"https:\/\/api.github.com\/repos\/maicki\/why-did-you-update\/subscribers","subscription_url":"https:\/\/api.github.com\/repos\/maicki\/why-did-you-update\/subscription","commits_url":"https:\/\/api.github.com\/repos\/maicki\/why-did-you-update\/commits{\/sha}","git_commits_url":"https:\/\/api.github.com\/repos\/maicki\/why-did-you-update\/git\/commits{\/sha}","comments_url":"https:\/\/api.github.com\/repos\/maicki\/why-did-you-update\/comments{\/number}","issue_comment_url":"https:\/\/api.github.com\/repos\/maicki\/why-did-you-update\/issues\/comments{\/number}","contents_url":"https:\/\/api.github.com\/repos\/maicki\/why-did-you-update\/contents\/{+path}","compare_url":"https:\/\/api.github.com\/repos\/maicki\/why-did-you-update\/compare\/{base}...{head}","merges_url":"https:\/\/api.github.com\/repos\/maicki\/why-did-you-update\/merges","archive_url":"https:\/\/api.github.com\/repos\/maicki\/why-did-you-update\/{archive_format}{\/ref}","downloads_url":"https:\/\/api.github.com\/repos\/maicki\/why-did-you-update\/downloads","issues_url":"https:\/\/api.github.com\/repos\/maicki\/why-did-you-update\/issues{\/number}","pulls_url":"https:\/\/api.github.com\/repos\/maicki\/why-did-you-update\/pulls{\/number}","milestones_url":"https:\/\/api.github.com\/repos\/maicki\/why-did-you-update\/milestones{\/number}","notifications_url":"https:\/\/api.github.com\/repos\/maicki\/why-did-you-update\/notifications{?since,all,participating}","labels_url":"https:\/\/api.github.com\/repos\/maicki\/why-did-you-update\/labels{\/name}","releases_url":"https:\/\/api.github.com\/repos\/maicki\/why-did-you-update\/releases{\/id}","deployments_url":"https:\/\/api.github.com\/repos\/maicki\/why-did-you-update\/deployments","created_at":"2017-07-20T02:06:12Z","updated_at":"2019-01-29T05:37:27Z","pushed_at":"2018-12-13T16:41:38Z","git_url":"git:\/\/github.com\/maicki\/why-did-you-update.git","ssh_url":"git@github.com:maicki\/why-did-you-update.git","clone_url":"https:\/\/github.com\/maicki\/why-did-you-update.git","svn_url":"https:\/\/github.com\/maicki\/why-did-you-update","homepage":null,"size":1349,"stargazers_count":3040,"watchers_count":3040,"language":"JavaScript","has_issues":true,"has_projects":true,"has_downloads":true,"has_wiki":true,"has_pages":false,"forks_count":89,"mirror_url":null,"archived":false,"open_issues_count":4,"license":{"key":"mit","name":"MIT License","spdx_id":"MIT","url":"https:\/\/api.github.com\/licenses\/mit","node_id":"MDc6TGljZW5zZTEz"},"forks":89,"open_issues":4,"watchers":3040,"default_branch":"master","score":97.4601},{"id":47007090,"node_id":"MDEwOlJlcG9zaXRvcnk0NzAwNzA5MA==","name":"react-native-nba-app","full_name":"wwayne\/react-native-nba-app","private":false,"owner":{"login":"wwayne","id":5305874,"node_id":"MDQ6VXNlcjUzMDU4NzQ=","avatar_url":"https:\/\/avatars1.githubusercontent.com\/u\/5305874?v=4","gravatar_id":"","url":"https:\/\/api.github.com\/users\/wwayne","html_url":"https:\/\/github.com\/wwayne","followers_url":"https:\/\/api.github.com\/users\/wwayne\/followers","following_url":"https:\/\/api.github.com\/users\/wwayne\/following{\/other_user}","gists_url":"https:\/\/api.github.com\/users\/wwayne\/gists{\/gist_id}","starred_url":"https:\/\/api.github.com\/users\/wwayne\/starred{\/owner}{\/repo}","subscriptions_url":"https:\/\/api.github.com\/users\/wwayne\/subscriptions","organizations_url":"https:\/\/api.github.com\/users\/wwayne\/orgs","repos_url":"https:\/\/api.github.com\/users\/wwayne\/repos","events_url":"https:\/\/api.github.com\/users\/wwayne\/events{\/privacy}","received_events_url":"https:\/\/api.github.com\/users\/wwayne\/received_events","type":"User","site_admin":false},"html_url":"https:\/\/github.com\/wwayne\/react-native-nba-app","description":"This is why we play","fork":false,"url":"https:\/\/api.github.com\/repos\/wwayne\/react-native-nba-app","forks_url":"https:\/\/api.github.com\/repos\/wwayne\/react-native-nba-app\/forks","keys_url":"https:\/\/api.github.com\/repos\/wwayne\/react-native-nba-app\/keys{\/key_id}","collaborators_url":"https:\/\/api.github.com\/repos\/wwayne\/react-native-nba-app\/collaborators{\/collaborator}","teams_url":"https:\/\/api.github.com\/repos\/wwayne\/react-native-nba-app\/teams","hooks_url":"https:\/\/api.github.com\/repos\/wwayne\/react-native-nba-app\/hooks","issue_events_url":"https:\/\/api.github.com\/repos\/wwayne\/react-native-nba-app\/issues\/events{\/number}","events_url":"https:\/\/api.github.com\/repos\/wwayne\/react-native-nba-app\/events","assignees_url":"https:\/\/api.github.com\/repos\/wwayne\/react-native-nba-app\/assignees{\/user}","branches_url":"https:\/\/api.github.com\/repos\/wwayne\/react-native-nba-app\/branches{\/branch}","tags_url":"https:\/\/api.github.com\/repos\/wwayne\/react-native-nba-app\/tags","blobs_url":"https:\/\/api.github.com\/repos\/wwayne\/react-native-nba-app\/git\/blobs{\/sha}","git_tags_url":"https:\/\/api.github.com\/repos\/wwayne\/react-native-nba-app\/git\/tags{\/sha}","git_refs_url":"https:\/\/api.github.com\/repos\/wwayne\/react-native-nba-app\/git\/refs{\/sha}","trees_url":"https:\/\/api.github.com\/repos\/wwayne\/react-native-nba-app\/git\/trees{\/sha}","statuses_url":"https:\/\/api.github.com\/repos\/wwayne\/react-native-nba-app\/statuses\/{sha}","languages_url":"https:\/\/api.github.com\/repos\/wwayne\/react-native-nba-app\/languages","stargazers_url":"https:\/\/api.github.com\/repos\/wwayne\/react-native-nba-app\/stargazers","contributors_url":"https:\/\/api.github.com\/repos\/wwayne\/react-native-nba-app\/contributors","subscribers_url":"https:\/\/api.github.com\/repos\/wwayne\/react-native-nba-app\/subscribers","subscription_url":"https:\/\/api.github.com\/repos\/wwayne\/react-native-nba-app\/subscription","commits_url":"https:\/\/api.github.com\/repos\/wwayne\/react-native-nba-app\/commits{\/sha}","git_commits_url":"https:\/\/api.github.com\/repos\/wwayne\/react-native-nba-app\/git\/commits{\/sha}","comments_url":"https:\/\/api.github.com\/repos\/wwayne\/react-native-nba-app\/comments{\/number}","issue_comment_url":"https:\/\/api.github.com\/repos\/wwayne\/react-native-nba-app\/issues\/comments{\/number}","contents_url":"https:\/\/api.github.com\/repos\/wwayne\/react-native-nba-app\/contents\/{+path}","compare_url":"https:\/\/api.github.com\/repos\/wwayne\/react-native-nba-app\/compare\/{base}...{head}","merges_url":"https:\/\/api.github.com\/repos\/wwayne\/react-native-nba-app\/merges","archive_url":"https:\/\/api.github.com\/repos\/wwayne\/react-native-nba-app\/{archive_format}{\/ref}","downloads_url":"https:\/\/api.github.com\/repos\/wwayne\/react-native-nba-app\/downloads","issues_url":"https:\/\/api.github.com\/repos\/wwayne\/react-native-nba-app\/issues{\/number}","pulls_url":"https:\/\/api.github.com\/repos\/wwayne\/react-native-nba-app\/pulls{\/number}","milestones_url":"https:\/\/api.github.com\/repos\/wwayne\/react-native-nba-app\/milestones{\/number}","notifications_url":"https:\/\/api.github.com\/repos\/wwayne\/react-native-nba-app\/notifications{?since,all,participating}","labels_url":"https:\/\/api.github.com\/repos\/wwayne\/react-native-nba-app\/labels{\/name}","releases_url":"https:\/\/api.github.com\/repos\/wwayne\/react-native-nba-app\/releases{\/id}","deployments_url":"https:\/\/api.github.com\/repos\/wwayne\/react-native-nba-app\/deployments","created_at":"2015-11-28T02:30:45Z","updated_at":"2019-01-29T06:24:22Z","pushed_at":"2017-02-07T17:42:38Z","git_url":"git:\/\/github.com\/wwayne\/react-native-nba-app.git","ssh_url":"git@github.com:wwayne\/react-native-nba-app.git","clone_url":"https:\/\/github.com\/wwayne\/react-native-nba-app.git","svn_url":"https:\/\/github.com\/wwayne\/react-native-nba-app","homepage":"","size":2796,"stargazers_count":2073,"watchers_count":2073,"language":"Objective-C","has_issues":true,"has_projects":true,"has_downloads":true,"has_wiki":true,"has_pages":false,"forks_count":480,"mirror_url":null,"archived":false,"open_issues_count":8,"license":{"key":"mit","name":"MIT License","spdx_id":"MIT","url":"https:\/\/api.github.com\/licenses\/mit","node_id":"MDc6TGljZW5zZTEz"},"forks":480,"open_issues":8,"watchers":2073,"default_branch":"master","score":110.82955},{"id":17720394,"node_id":"MDEwOlJlcG9zaXRvcnkxNzcyMDM5NA==","name":"pyinstrument","full_name":"joerick\/pyinstrument","private":false,"owner":{"login":"joerick","id":1244307,"node_id":"MDQ6VXNlcjEyNDQzMDc=","avatar_url":"https:\/\/avatars1.githubusercontent.com\/u\/1244307?v=4","gravatar_id":"","url":"https:\/\/api.github.com\/users\/joerick","html_url":"https:\/\/github.com\/joerick","followers_url":"https:\/\/api.github.com\/users\/joerick\/followers","following_url":"https:\/\/api.github.com\/users\/joerick\/following{\/other_user}","gists_url":"https:\/\/api.github.com\/users\/joerick\/gists{\/gist_id}","starred_url":"https:\/\/api.github.com\/users\/joerick\/starred{\/owner}{\/repo}","subscriptions_url":"https:\/\/api.github.com\/users\/joerick\/subscriptions","organizations_url":"https:\/\/api.github.com\/users\/joerick\/orgs","repos_url":"https:\/\/api.github.com\/users\/joerick\/repos","events_url":"https:\/\/api.github.com\/users\/joerick\/events{\/privacy}","received_events_url":"https:\/\/api.github.com\/users\/joerick\/received_events","type":"User","site_admin":false},"html_url":"https:\/\/github.com\/joerick\/pyinstrument","description":"\ud83d\udeb4 Call stack profiler for Python. Shows you why your code is slow!","fork":false,"url":"https:\/\/api.github.com\/repos\/joerick\/pyinstrument","forks_url":"https:\/\/api.github.com\/repos\/joerick\/pyinstrument\/forks","keys_url":"https:\/\/api.github.com\/repos\/joerick\/pyinstrument\/keys{\/key_id}","collaborators_url":"https:\/\/api.github.com\/repos\/joerick\/pyinstrument\/collaborators{\/collaborator}","teams_url":"https:\/\/api.github.com\/repos\/joerick\/pyinstrument\/teams","hooks_url":"https:\/\/api.github.com\/repos\/joerick\/pyinstrument\/hooks","issue_events_url":"https:\/\/api.github.com\/repos\/joerick\/pyinstrument\/issues\/events{\/number}","events_url":"https:\/\/api.github.com\/repos\/joerick\/pyinstrument\/events","assignees_url":"https:\/\/api.github.com\/repos\/joerick\/pyinstrument\/assignees{\/user}","branches_url":"https:\/\/api.github.com\/repos\/joerick\/pyinstrument\/branches{\/branch}","tags_url":"https:\/\/api.github.com\/repos\/joerick\/pyinstrument\/tags","blobs_url":"https:\/\/api.github.com\/repos\/joerick\/pyinstrument\/git\/blobs{\/sha}","git_tags_url":"https:\/\/api.github.com\/repos\/joerick\/pyinstrument\/git\/tags{\/sha}","git_refs_url":"https:\/\/api.github.com\/repos\/joerick\/pyinstrument\/git\/refs{\/sha}","trees_url":"https:\/\/api.github.com\/repos\/joerick\/pyinstrument\/git\/trees{\/sha}","statuses_url":"https:\/\/api.github.com\/repos\/joerick\/pyinstrument\/statuses\/{sha}","languages_url":"https:\/\/api.github.com\/repos\/joerick\/pyinstrument\/languages","stargazers_url":"https:\/\/api.github.com\/repos\/joerick\/pyinstrument\/stargazers","contributors_url":"https:\/\/api.github.com\/repos\/joerick\/pyinstrument\/contributors","subscribers_url":"https:\/\/api.github.com\/repos\/joerick\/pyinstrument\/subscribers","subscription_url":"https:\/\/api.github.com\/repos\/joerick\/pyinstrument\/subscription","commits_url":"https:\/\/api.github.com\/repos\/joerick\/pyinstrument\/commits{\/sha}","git_commits_url":"https:\/\/api.github.com\/repos\/joerick\/pyinstrument\/git\/commits{\/sha}","comments_url":"https:\/\/api.github.com\/repos\/joerick\/pyinstrument\/comments{\/number}","issue_comment_url":"https:\/\/api.github.com\/repos\/joerick\/pyinstrument\/issues\/comments{\/number}","contents_url":"https:\/\/api.github.com\/repos\/joerick\/pyinstrument\/contents\/{+path}","compare_url":"https:\/\/api.github.com\/repos\/joerick\/pyinstrument\/compare\/{base}...{head}","merges_url":"https:\/\/api.github.com\/repos\/joerick\/pyinstrument\/merges","archive_url":"https:\/\/api.github.com\/repos\/joerick\/pyinstrument\/{archive_format}{\/ref}","downloads_url":"https:\/\/api.github.com\/repos\/joerick\/pyinstrument\/downloads","issues_url":"https:\/\/api.github.com\/repos\/joerick\/pyinstrument\/issues{\/number}","pulls_url":"https:\/\/api.github.com\/repos\/joerick\/pyinstrument\/pulls{\/number}","milestones_url":"https:\/\/api.github.com\/repos\/joerick\/pyinstrument\/milestones{\/number}","notifications_url":"https:\/\/api.github.com\/repos\/joerick\/pyinstrument\/notifications{?since,all,participating}","labels_url":"https:\/\/api.github.com\/repos\/joerick\/pyinstrument\/labels{\/name}","releases_url":"https:\/\/api.github.com\/repos\/joerick\/pyinstrument\/releases{\/id}","deployments_url":"https:\/\/api.github.com\/repos\/joerick\/pyinstrument\/deployments","created_at":"2014-03-13T17:53:13Z","updated_at":"2019-01-27T14:58:45Z","pushed_at":"2019-01-15T13:57:27Z","git_url":"git:\/\/github.com\/joerick\/pyinstrument.git","ssh_url":"git@github.com:joerick\/pyinstrument.git","clone_url":"https:\/\/github.com\/joerick\/pyinstrument.git","svn_url":"https:\/\/github.com\/joerick\/pyinstrument","homepage":"","size":1949,"stargazers_count":1081,"watchers_count":1081,"language":"Python","has_issues":true,"has_projects":true,"has_downloads":true,"has_wiki":true,"has_pages":false,"forks_count":66,"mirror_url":null,"archived":false,"open_issues_count":5,"license":{"key":"bsd-3-clause","name":"BSD 3-Clause \"New\" or \"Revised\" License","spdx_id":"BSD-3-Clause","url":"https:\/\/api.github.com\/licenses\/bsd-3-clause","node_id":"MDc6TGljZW5zZTU="},"forks":66,"open_issues":5,"watchers":1081,"default_branch":"master","score":57.17852},{"id":51375640,"node_id":"MDEwOlJlcG9zaXRvcnk1MTM3NTY0MA==","name":"why-is-node-running","full_name":"mafintosh\/why-is-node-running","private":false,"owner":{"login":"mafintosh","id":376661,"node_id":"MDQ6VXNlcjM3NjY2MQ==","avatar_url":"https:\/\/avatars1.githubusercontent.com\/u\/376661?v=4","gravatar_id":"","url":"https:\/\/api.github.com\/users\/mafintosh","html_url":"https:\/\/github.com\/mafintosh","followers_url":"https:\/\/api.github.com\/users\/mafintosh\/followers","following_url":"https:\/\/api.github.com\/users\/mafintosh\/following{\/other_user}","gists_url":"https:\/\/api.github.com\/users\/mafintosh\/gists{\/gist_id}","starred_url":"https:\/\/api.github.com\/users\/mafintosh\/starred{\/owner}{\/repo}","subscriptions_url":"https:\/\/api.github.com\/users\/mafintosh\/subscriptions","organizations_url":"https:\/\/api.github.com\/users\/mafintosh\/orgs","repos_url":"https:\/\/api.github.com\/users\/mafintosh\/repos","events_url":"https:\/\/api.github.com\/users\/mafintosh\/events{\/privacy}","received_events_url":"https:\/\/api.github.com\/users\/mafintosh\/received_events","type":"User","site_admin":false},"html_url":"https:\/\/github.com\/mafintosh\/why-is-node-running","description":"Node is running but you don't know why? why-is-node-running is here to help you.","fork":false,"url":"https:\/\/api.github.com\/repos\/mafintosh\/why-is-node-running","forks_url":"https:\/\/api.github.com\/repos\/mafintosh\/why-is-node-running\/forks","keys_url":"https:\/\/api.github.com\/repos\/mafintosh\/why-is-node-running\/keys{\/key_id}","collaborators_url":"https:\/\/api.github.com\/repos\/mafintosh\/why-is-node-running\/collaborators{\/collaborator}","teams_url":"https:\/\/api.github.com\/repos\/mafintosh\/why-is-node-running\/teams","hooks_url":"https:\/\/api.github.com\/repos\/mafintosh\/why-is-node-running\/hooks","issue_events_url":"https:\/\/api.github.com\/repos\/mafintosh\/why-is-node-running\/issues\/events{\/number}","events_url":"https:\/\/api.github.com\/repos\/mafintosh\/why-is-node-running\/events","assignees_url":"https:\/\/api.github.com\/repos\/mafintosh\/why-is-node-running\/assignees{\/user}","branches_url":"https:\/\/api.github.com\/repos\/mafintosh\/why-is-node-running\/branches{\/branch}","tags_url":"https:\/\/api.github.com\/repos\/mafintosh\/why-is-node-running\/tags","blobs_url":"https:\/\/api.github.com\/repos\/mafintosh\/why-is-node-running\/git\/blobs{\/sha}","git_tags_url":"https:\/\/api.github.com\/repos\/mafintosh\/why-is-node-running\/git\/tags{\/sha}","git_refs_url":"https:\/\/api.github.com\/repos\/mafintosh\/why-is-node-running\/git\/refs{\/sha}","trees_url":"https:\/\/api.github.com\/repos\/mafintosh\/why-is-node-running\/git\/trees{\/sha}","statuses_url":"https:\/\/api.github.com\/repos\/mafintosh\/why-is-node-running\/statuses\/{sha}","languages_url":"https:\/\/api.github.com\/repos\/mafintosh\/why-is-node-running\/languages","stargazers_url":"https:\/\/api.github.com\/repos\/mafintosh\/why-is-node-running\/stargazers","contributors_url":"https:\/\/api.github.com\/repos\/mafintosh\/why-is-node-running\/contributors","subscribers_url":"https:\/\/api.github.com\/repos\/mafintosh\/why-is-node-running\/subscribers","subscription_url":"https:\/\/api.github.com\/repos\/mafintosh\/why-is-node-running\/subscription","commits_url":"https:\/\/api.github.com\/repos\/mafintosh\/why-is-node-running\/commits{\/sha}","git_commits_url":"https:\/\/api.github.com\/repos\/mafintosh\/why-is-node-running\/git\/commits{\/sha}","comments_url":"https:\/\/api.github.com\/repos\/mafintosh\/why-is-node-running\/comments{\/number}","issue_comment_url":"https:\/\/api.github.com\/repos\/mafintosh\/why-is-node-running\/issues\/comments{\/number}","contents_url":"https:\/\/api.github.com\/repos\/mafintosh\/why-is-node-running\/contents\/{+path}","compare_url":"https:\/\/api.github.com\/repos\/mafintosh\/why-is-node-running\/compare\/{base}...{head}","merges_url":"https:\/\/api.github.com\/repos\/mafintosh\/why-is-node-running\/merges","archive_url":"https:\/\/api.github.com\/repos\/mafintosh\/why-is-node-running\/{archive_format}{\/ref}","downloads_url":"https:\/\/api.github.com\/repos\/mafintosh\/why-is-node-running\/downloads","issues_url":"https:\/\/api.github.com\/repos\/mafintosh\/why-is-node-running\/issues{\/number}","pulls_url":"https:\/\/api.github.com\/repos\/mafintosh\/why-is-node-running\/pulls{\/number}","milestones_url":"https:\/\/api.github.com\/repos\/mafintosh\/why-is-node-running\/milestones{\/number}","notifications_url":"https:\/\/api.github.com\/repos\/mafintosh\/why-is-node-running\/notifications{?since,all,participating}","labels_url":"https:\/\/api.github.com\/repos\/mafintosh\/why-is-node-running\/labels{\/name}","releases_url":"https:\/\/api.github.com\/repos\/mafintosh\/why-is-node-running\/releases{\/id}","deployments_url":"https:\/\/api.github.com\/repos\/mafintosh\/why-is-node-running\/deployments","created_at":"2016-02-09T15:29:28Z","updated_at":"2019-01-27T07:40:29Z","pushed_at":"2018-10-26T08:54:53Z","git_url":"git:\/\/github.com\/mafintosh\/why-is-node-running.git","ssh_url":"git@github.com:mafintosh\/why-is-node-running.git","clone_url":"https:\/\/github.com\/mafintosh\/why-is-node-running.git","svn_url":"https:\/\/github.com\/mafintosh\/why-is-node-running","homepage":null,"size":18,"stargazers_count":873,"watchers_count":873,"language":"JavaScript","has_issues":true,"has_projects":true,"has_downloads":true,"has_wiki":true,"has_pages":false,"forks_count":32,"mirror_url":null,"archived":false,"open_issues_count":12,"license":{"key":"mit","name":"MIT License","spdx_id":"MIT","url":"https:\/\/api.github.com\/licenses\/mit","node_id":"MDc6TGljZW5zZTEz"},"forks":32,"open_issues":12,"watchers":873,"default_branch":"master","score":80.29894},{"id":103874950,"node_id":"MDEwOlJlcG9zaXRvcnkxMDM4NzQ5NTA=","name":"bashful","full_name":"wagoodman\/bashful","private":false,"owner":{"login":"wagoodman","id":590471,"node_id":"MDQ6VXNlcjU5MDQ3MQ==","avatar_url":"https:\/\/avatars3.githubusercontent.com\/u\/590471?v=4","gravatar_id":"","url":"https:\/\/api.github.com\/users\/wagoodman","html_url":"https:\/\/github.com\/wagoodman","followers_url":"https:\/\/api.github.com\/users\/wagoodman\/followers","following_url":"https:\/\/api.github.com\/users\/wagoodman\/following{\/other_user}","gists_url":"https:\/\/api.github.com\/users\/wagoodman\/gists{\/gist_id}","starred_url":"https:\/\/api.github.com\/users\/wagoodman\/starred{\/owner}{\/repo}","subscriptions_url":"https:\/\/api.github.com\/users\/wagoodman\/subscriptions","organizations_url":"https:\/\/api.github.com\/users\/wagoodman\/orgs","repos_url":"https:\/\/api.github.com\/users\/wagoodman\/repos","events_url":"https:\/\/api.github.com\/users\/wagoodman\/events{\/privacy}","received_events_url":"https:\/\/api.github.com\/users\/wagoodman\/received_events","type":"User","site_admin":false},"html_url":"https:\/\/github.com\/wagoodman\/bashful","description":"Use a yaml file to stitch together commands and bash snippits and run them with a bit of style.  Why? Because your bash script should be quiet and shy-like (...and not such a loud mouth). ","fork":false,"url":"https:\/\/api.github.com\/repos\/wagoodman\/bashful","forks_url":"https:\/\/api.github.com\/repos\/wagoodman\/bashful\/forks","keys_url":"https:\/\/api.github.com\/repos\/wagoodman\/bashful\/keys{\/key_id}","collaborators_url":"https:\/\/api.github.com\/repos\/wagoodman\/bashful\/collaborators{\/collaborator}","teams_url":"https:\/\/api.github.com\/repos\/wagoodman\/bashful\/teams","hooks_url":"https:\/\/api.github.com\/repos\/wagoodman\/bashful\/hooks","issue_events_url":"https:\/\/api.github.com\/repos\/wagoodman\/bashful\/issues\/events{\/number}","events_url":"https:\/\/api.github.com\/repos\/wagoodman\/bashful\/events","assignees_url":"https:\/\/api.github.com\/repos\/wagoodman\/bashful\/assignees{\/user}","branches_url":"https:\/\/api.github.com\/repos\/wagoodman\/bashful\/branches{\/branch}","tags_url":"https:\/\/api.github.com\/repos\/wagoodman\/bashful\/tags","blobs_url":"https:\/\/api.github.com\/repos\/wagoodman\/bashful\/git\/blobs{\/sha}","git_tags_url":"https:\/\/api.github.com\/repos\/wagoodman\/bashful\/git\/tags{\/sha}","git_refs_url":"https:\/\/api.github.com\/repos\/wagoodman\/bashful\/git\/refs{\/sha}","trees_url":"https:\/\/api.github.com\/repos\/wagoodman\/bashful\/git\/trees{\/sha}","statuses_url":"https:\/\/api.github.com\/repos\/wagoodman\/bashful\/statuses\/{sha}","languages_url":"https:\/\/api.github.com\/repos\/wagoodman\/bashful\/languages","stargazers_url":"https:\/\/api.github.com\/repos\/wagoodman\/bashful\/stargazers","contributors_url":"https:\/\/api.github.com\/repos\/wagoodman\/bashful\/contributors","subscribers_url":"https:\/\/api.github.com\/repos\/wagoodman\/bashful\/subscribers","subscription_url":"https:\/\/api.github.com\/repos\/wagoodman\/bashful\/subscription","commits_url":"https:\/\/api.github.com\/repos\/wagoodman\/bashful\/commits{\/sha}","git_commits_url":"https:\/\/api.github.com\/repos\/wagoodman\/bashful\/git\/commits{\/sha}","comments_url":"https:\/\/api.github.com\/repos\/wagoodman\/bashful\/comments{\/number}","issue_comment_url":"https:\/\/api.github.com\/repos\/wagoodman\/bashful\/issues\/comments{\/number}","contents_url":"https:\/\/api.github.com\/repos\/wagoodman\/bashful\/contents\/{+path}","compare_url":"https:\/\/api.github.com\/repos\/wagoodman\/bashful\/compare\/{base}...{head}","merges_url":"https:\/\/api.github.com\/repos\/wagoodman\/bashful\/merges","archive_url":"https:\/\/api.github.com\/repos\/wagoodman\/bashful\/{archive_format}{\/ref}","downloads_url":"https:\/\/api.github.com\/repos\/wagoodman\/bashful\/downloads","issues_url":"https:\/\/api.github.com\/repos\/wagoodman\/bashful\/issues{\/number}","pulls_url":"https:\/\/api.github.com\/repos\/wagoodman\/bashful\/pulls{\/number}","milestones_url":"https:\/\/api.github.com\/repos\/wagoodman\/bashful\/milestones{\/number}","notifications_url":"https:\/\/api.github.com\/repos\/wagoodman\/bashful\/notifications{?since,all,participating}","labels_url":"https:\/\/api.github.com\/repos\/wagoodman\/bashful\/labels{\/name}","releases_url":"https:\/\/api.github.com\/repos\/wagoodman\/bashful\/releases{\/id}","deployments_url":"https:\/\/api.github.com\/repos\/wagoodman\/bashful\/deployments","created_at":"2017-09-18T01:04:55Z","updated_at":"2019-01-28T20:06:21Z","pushed_at":"2019-01-06T18:52:52Z","git_url":"git:\/\/github.com\/wagoodman\/bashful.git","ssh_url":"git@github.com:wagoodman\/bashful.git","clone_url":"https:\/\/github.com\/wagoodman\/bashful.git","svn_url":"https:\/\/github.com\/wagoodman\/bashful","homepage":"","size":4157,"stargazers_count":827,"watchers_count":827,"language":"Go","has_issues":true,"has_projects":true,"has_downloads":true,"has_wiki":true,"has_pages":false,"forks_count":24,"mirror_url":null,"archived":false,"open_issues_count":15,"license":{"key":"mit","name":"MIT License","spdx_id":"MIT","url":"https:\/\/api.github.com\/licenses\/mit","node_id":"MDc6TGljZW5zZTEz"},"forks":24,"open_issues":15,"watchers":827,"default_branch":"master","score":27.878452},{"id":100889899,"node_id":"MDEwOlJlcG9zaXRvcnkxMDA4ODk4OTk=","name":"wtfautolayout","full_name":"johnpatrickmorgan\/wtfautolayout","private":false,"owner":{"login":"johnpatrickmorgan","id":6318566,"node_id":"MDQ6VXNlcjYzMTg1NjY=","avatar_url":"https:\/\/avatars3.githubusercontent.com\/u\/6318566?v=4","gravatar_id":"","url":"https:\/\/api.github.com\/users\/johnpatrickmorgan","html_url":"https:\/\/github.com\/johnpatrickmorgan","followers_url":"https:\/\/api.github.com\/users\/johnpatrickmorgan\/followers","following_url":"https:\/\/api.github.com\/users\/johnpatrickmorgan\/following{\/other_user}","gists_url":"https:\/\/api.github.com\/users\/johnpatrickmorgan\/gists{\/gist_id}","starred_url":"https:\/\/api.github.com\/users\/johnpatrickmorgan\/starred{\/owner}{\/repo}","subscriptions_url":"https:\/\/api.github.com\/users\/johnpatrickmorgan\/subscriptions","organizations_url":"https:\/\/api.github.com\/users\/johnpatrickmorgan\/orgs","repos_url":"https:\/\/api.github.com\/users\/johnpatrickmorgan\/repos","events_url":"https:\/\/api.github.com\/users\/johnpatrickmorgan\/events{\/privacy}","received_events_url":"https:\/\/api.github.com\/users\/johnpatrickmorgan\/received_events","type":"User","site_admin":false},"html_url":"https:\/\/github.com\/johnpatrickmorgan\/wtfautolayout","description":"The source code for Why The Failure, Auto Layout?","fork":false,"url":"https:\/\/api.github.com\/repos\/johnpatrickmorgan\/wtfautolayout","forks_url":"https:\/\/api.github.com\/repos\/johnpatrickmorgan\/wtfautolayout\/forks","keys_url":"https:\/\/api.github.com\/repos\/johnpatrickmorgan\/wtfautolayout\/keys{\/key_id}","collaborators_url":"https:\/\/api.github.com\/repos\/johnpatrickmorgan\/wtfautolayout\/collaborators{\/collaborator}","teams_url":"https:\/\/api.github.com\/repos\/johnpatrickmorgan\/wtfautolayout\/teams","hooks_url":"https:\/\/api.github.com\/repos\/johnpatrickmorgan\/wtfautolayout\/hooks","issue_events_url":"https:\/\/api.github.com\/repos\/johnpatrickmorgan\/wtfautolayout\/issues\/events{\/number}","events_url":"https:\/\/api.github.com\/repos\/johnpatrickmorgan\/wtfautolayout\/events","assignees_url":"https:\/\/api.github.com\/repos\/johnpatrickmorgan\/wtfautolayout\/assignees{\/user}","branches_url":"https:\/\/api.github.com\/repos\/johnpatrickmorgan\/wtfautolayout\/branches{\/branch}","tags_url":"https:\/\/api.github.com\/repos\/johnpatrickmorgan\/wtfautolayout\/tags","blobs_url":"https:\/\/api.github.com\/repos\/johnpatrickmorgan\/wtfautolayout\/git\/blobs{\/sha}","git_tags_url":"https:\/\/api.github.com\/repos\/johnpatrickmorgan\/wtfautolayout\/git\/tags{\/sha}","git_refs_url":"https:\/\/api.github.com\/repos\/johnpatrickmorgan\/wtfautolayout\/git\/refs{\/sha}","trees_url":"https:\/\/api.github.com\/repos\/johnpatrickmorgan\/wtfautolayout\/git\/trees{\/sha}","statuses_url":"https:\/\/api.github.com\/repos\/johnpatrickmorgan\/wtfautolayout\/statuses\/{sha}","languages_url":"https:\/\/api.github.com\/repos\/johnpatrickmorgan\/wtfautolayout\/languages","stargazers_url":"https:\/\/api.github.com\/repos\/johnpatrickmorgan\/wtfautolayout\/stargazers","contributors_url":"https:\/\/api.github.com\/repos\/johnpatrickmorgan\/wtfautolayout\/contributors","subscribers_url":"https:\/\/api.github.com\/repos\/johnpatrickmorgan\/wtfautolayout\/subscribers","subscription_url":"https:\/\/api.github.com\/repos\/johnpatrickmorgan\/wtfautolayout\/subscription","commits_url":"https:\/\/api.github.com\/repos\/johnpatrickmorgan\/wtfautolayout\/commits{\/sha}","git_commits_url":"https:\/\/api.github.com\/repos\/johnpatrickmorgan\/wtfautolayout\/git\/commits{\/sha}","comments_url":"https:\/\/api.github.com\/repos\/johnpatrickmorgan\/wtfautolayout\/comments{\/number}","issue_comment_url":"https:\/\/api.github.com\/repos\/johnpatrickmorgan\/wtfautolayout\/issues\/comments{\/number}","contents_url":"https:\/\/api.github.com\/repos\/johnpatrickmorgan\/wtfautolayout\/contents\/{+path}","compare_url":"https:\/\/api.github.com\/repos\/johnpatrickmorgan\/wtfautolayout\/compare\/{base}...{head}","merges_url":"https:\/\/api.github.com\/repos\/johnpatrickmorgan\/wtfautolayout\/merges","archive_url":"https:\/\/api.github.com\/repos\/johnpatrickmorgan\/wtfautolayout\/{archive_format}{\/ref}","downloads_url":"https:\/\/api.github.com\/repos\/johnpatrickmorgan\/wtfautolayout\/downloads","issues_url":"https:\/\/api.github.com\/repos\/johnpatrickmorgan\/wtfautolayout\/issues{\/number}","pulls_url":"https:\/\/api.github.com\/repos\/johnpatrickmorgan\/wtfautolayout\/pulls{\/number}","milestones_url":"https:\/\/api.github.com\/repos\/johnpatrickmorgan\/wtfautolayout\/milestones{\/number}","notifications_url":"https:\/\/api.github.com\/repos\/johnpatrickmorgan\/wtfautolayout\/notifications{?since,all,participating}","labels_url":"https:\/\/api.github.com\/repos\/johnpatrickmorgan\/wtfautolayout\/labels{\/name}","releases_url":"https:\/\/api.github.com\/repos\/johnpatrickmorgan\/wtfautolayout\/releases{\/id}","deployments_url":"https:\/\/api.github.com\/repos\/johnpatrickmorgan\/wtfautolayout\/deployments","created_at":"2017-08-20T21:32:57Z","updated_at":"2019-01-28T12:46:45Z","pushed_at":"2019-01-24T23:44:25Z","git_url":"git:\/\/github.com\/johnpatrickmorgan\/wtfautolayout.git","ssh_url":"git@github.com:johnpatrickmorgan\/wtfautolayout.git","clone_url":"https:\/\/github.com\/johnpatrickmorgan\/wtfautolayout.git","svn_url":"https:\/\/github.com\/johnpatrickmorgan\/wtfautolayout","homepage":"https:\/\/www.wtfautolayout.com","size":347,"stargazers_count":674,"watchers_count":674,"language":"Swift","has_issues":true,"has_projects":true,"has_downloads":true,"has_wiki":true,"has_pages":false,"forks_count":15,"mirror_url":null,"archived":false,"open_issues_count":5,"license":{"key":"mit","name":"MIT License","spdx_id":"MIT","url":"https:\/\/api.github.com\/licenses\/mit","node_id":"MDc6TGljZW5zZTEz"},"forks":15,"open_issues":5,"watchers":674,"default_branch":"master","score":56.448433},{"id":28422398,"node_id":"MDEwOlJlcG9zaXRvcnkyODQyMjM5OA==","name":"react-router-flux-starter-kit","full_name":"przeor\/react-router-flux-starter-kit","private":false,"owner":{"login":"przeor","id":5995,"node_id":"MDQ6VXNlcjU5OTU=","avatar_url":"https:\/\/avatars2.githubusercontent.com\/u\/5995?v=4","gravatar_id":"","url":"https:\/\/api.github.com\/users\/przeor","html_url":"https:\/\/github.com\/przeor","followers_url":"https:\/\/api.github.com\/users\/przeor\/followers","following_url":"https:\/\/api.github.com\/users\/przeor\/following{\/other_user}","gists_url":"https:\/\/api.github.com\/users\/przeor\/gists{\/gist_id}","starred_url":"https:\/\/api.github.com\/users\/przeor\/starred{\/owner}{\/repo}","subscriptions_url":"https:\/\/api.github.com\/users\/przeor\/subscriptions","organizations_url":"https:\/\/api.github.com\/users\/przeor\/orgs","repos_url":"https:\/\/api.github.com\/users\/przeor\/repos","events_url":"https:\/\/api.github.com\/users\/przeor\/events{\/privacy}","received_events_url":"https:\/\/api.github.com\/users\/przeor\/received_events","type":"User","site_admin":false},"html_url":"https:\/\/github.com\/przeor\/react-router-flux-starter-kit","description":"Why & How to Learn React Redux, the right highly scalable way.","fork":false,"url":"https:\/\/api.github.com\/repos\/przeor\/react-router-flux-starter-kit","forks_url":"https:\/\/api.github.com\/repos\/przeor\/react-router-flux-starter-kit\/forks","keys_url":"https:\/\/api.github.com\/repos\/przeor\/react-router-flux-starter-kit\/keys{\/key_id}","collaborators_url":"https:\/\/api.github.com\/repos\/przeor\/react-router-flux-starter-kit\/collaborators{\/collaborator}","teams_url":"https:\/\/api.github.com\/repos\/przeor\/react-router-flux-starter-kit\/teams","hooks_url":"https:\/\/api.github.com\/repos\/przeor\/react-router-flux-starter-kit\/hooks","issue_events_url":"https:\/\/api.github.com\/repos\/przeor\/react-router-flux-starter-kit\/issues\/events{\/number}","events_url":"https:\/\/api.github.com\/repos\/przeor\/react-router-flux-starter-kit\/events","assignees_url":"https:\/\/api.github.com\/repos\/przeor\/react-router-flux-starter-kit\/assignees{\/user}","branches_url":"https:\/\/api.github.com\/repos\/przeor\/react-router-flux-starter-kit\/branches{\/branch}","tags_url":"https:\/\/api.github.com\/repos\/przeor\/react-router-flux-starter-kit\/tags","blobs_url":"https:\/\/api.github.com\/repos\/przeor\/react-router-flux-starter-kit\/git\/blobs{\/sha}","git_tags_url":"https:\/\/api.github.com\/repos\/przeor\/react-router-flux-starter-kit\/git\/tags{\/sha}","git_refs_url":"https:\/\/api.github.com\/repos\/przeor\/react-router-flux-starter-kit\/git\/refs{\/sha}","trees_url":"https:\/\/api.github.com\/repos\/przeor\/react-router-flux-starter-kit\/git\/trees{\/sha}","statuses_url":"https:\/\/api.github.com\/repos\/przeor\/react-router-flux-starter-kit\/statuses\/{sha}","languages_url":"https:\/\/api.github.com\/repos\/przeor\/react-router-flux-starter-kit\/languages","stargazers_url":"https:\/\/api.github.com\/repos\/przeor\/react-router-flux-starter-kit\/stargazers","contributors_url":"https:\/\/api.github.com\/repos\/przeor\/react-router-flux-starter-kit\/contributors","subscribers_url":"https:\/\/api.github.com\/repos\/przeor\/react-router-flux-starter-kit\/subscribers","subscription_url":"https:\/\/api.github.com\/repos\/przeor\/react-router-flux-starter-kit\/subscription","commits_url":"https:\/\/api.github.com\/repos\/przeor\/react-router-flux-starter-kit\/commits{\/sha}","git_commits_url":"https:\/\/api.github.com\/repos\/przeor\/react-router-flux-starter-kit\/git\/commits{\/sha}","comments_url":"https:\/\/api.github.com\/repos\/przeor\/react-router-flux-starter-kit\/comments{\/number}","issue_comment_url":"https:\/\/api.github.com\/repos\/przeor\/react-router-flux-starter-kit\/issues\/comments{\/number}","contents_url":"https:\/\/api.github.com\/repos\/przeor\/react-router-flux-starter-kit\/contents\/{+path}","compare_url":"https:\/\/api.github.com\/repos\/przeor\/react-router-flux-starter-kit\/compare\/{base}...{head}","merges_url":"https:\/\/api.github.com\/repos\/przeor\/react-router-flux-starter-kit\/merges","archive_url":"https:\/\/api.github.com\/repos\/przeor\/react-router-flux-starter-kit\/{archive_format}{\/ref}","downloads_url":"https:\/\/api.github.com\/repos\/przeor\/react-router-flux-starter-kit\/downloads","issues_url":"https:\/\/api.github.com\/repos\/przeor\/react-router-flux-starter-kit\/issues{\/number}","pulls_url":"https:\/\/api.github.com\/repos\/przeor\/react-router-flux-starter-kit\/pulls{\/number}","milestones_url":"https:\/\/api.github.com\/repos\/przeor\/react-router-flux-starter-kit\/milestones{\/number}","notifications_url":"https:\/\/api.github.com\/repos\/przeor\/react-router-flux-starter-kit\/notifications{?since,all,participating}","labels_url":"https:\/\/api.github.com\/repos\/przeor\/react-router-flux-starter-kit\/labels{\/name}","releases_url":"https:\/\/api.github.com\/repos\/przeor\/react-router-flux-starter-kit\/releases{\/id}","deployments_url":"https:\/\/api.github.com\/repos\/przeor\/react-router-flux-starter-kit\/deployments","created_at":"2014-12-23T22:19:47Z","updated_at":"2019-01-23T01:25:46Z","pushed_at":"2016-08-19T08:19:37Z","git_url":"git:\/\/github.com\/przeor\/react-router-flux-starter-kit.git","ssh_url":"git@github.com:przeor\/react-router-flux-starter-kit.git","clone_url":"https:\/\/github.com\/przeor\/react-router-flux-starter-kit.git","svn_url":"https:\/\/github.com\/przeor\/react-router-flux-starter-kit","homepage":"","size":4999,"stargazers_count":650,"watchers_count":650,"language":"JavaScript","has_issues":true,"has_projects":true,"has_downloads":true,"has_wiki":true,"has_pages":false,"forks_count":97,"mirror_url":null,"archived":false,"open_issues_count":5,"license":null,"forks":97,"open_issues":5,"watchers":650,"default_branch":"master","score":58.76958},{"id":282344,"node_id":"MDEwOlJlcG9zaXRvcnkyODIzNDQ=","name":"potion","full_name":"perl11\/potion","private":false,"owner":{"login":"perl11","id":2390370,"node_id":"MDEyOk9yZ2FuaXphdGlvbjIzOTAzNzA=","avatar_url":"https:\/\/avatars3.githubusercontent.com\/u\/2390370?v=4","gravatar_id":"","url":"https:\/\/api.github.com\/users\/perl11","html_url":"https:\/\/github.com\/perl11","followers_url":"https:\/\/api.github.com\/users\/perl11\/followers","following_url":"https:\/\/api.github.com\/users\/perl11\/following{\/other_user}","gists_url":"https:\/\/api.github.com\/users\/perl11\/gists{\/gist_id}","starred_url":"https:\/\/api.github.com\/users\/perl11\/starred{\/owner}{\/repo}","subscriptions_url":"https:\/\/api.github.com\/users\/perl11\/subscriptions","organizations_url":"https:\/\/api.github.com\/users\/perl11\/orgs","repos_url":"https:\/\/api.github.com\/users\/perl11\/repos","events_url":"https:\/\/api.github.com\/users\/perl11\/events{\/privacy}","received_events_url":"https:\/\/api.github.com\/users\/perl11\/received_events","type":"Organization","site_admin":false},"html_url":"https:\/\/github.com\/perl11\/potion","description":"_why the lucky stiff's little language (the official repo... until _why returns)","fork":false,"url":"https:\/\/api.github.com\/repos\/perl11\/potion","forks_url":"https:\/\/api.github.com\/repos\/perl11\/potion\/forks","keys_url":"https:\/\/api.github.com\/repos\/perl11\/potion\/keys{\/key_id}","collaborators_url":"https:\/\/api.github.com\/repos\/perl11\/potion\/collaborators{\/collaborator}","teams_url":"https:\/\/api.github.com\/repos\/perl11\/potion\/teams","hooks_url":"https:\/\/api.github.com\/repos\/perl11\/potion\/hooks","issue_events_url":"https:\/\/api.github.com\/repos\/perl11\/potion\/issues\/events{\/number}","events_url":"https:\/\/api.github.com\/repos\/perl11\/potion\/events","assignees_url":"https:\/\/api.github.com\/repos\/perl11\/potion\/assignees{\/user}","branches_url":"https:\/\/api.github.com\/repos\/perl11\/potion\/branches{\/branch}","tags_url":"https:\/\/api.github.com\/repos\/perl11\/potion\/tags","blobs_url":"https:\/\/api.github.com\/repos\/perl11\/potion\/git\/blobs{\/sha}","git_tags_url":"https:\/\/api.github.com\/repos\/perl11\/potion\/git\/tags{\/sha}","git_refs_url":"https:\/\/api.github.com\/repos\/perl11\/potion\/git\/refs{\/sha}","trees_url":"https:\/\/api.github.com\/repos\/perl11\/potion\/git\/trees{\/sha}","statuses_url":"https:\/\/api.github.com\/repos\/perl11\/potion\/statuses\/{sha}","languages_url":"https:\/\/api.github.com\/repos\/perl11\/potion\/languages","stargazers_url":"https:\/\/api.github.com\/repos\/perl11\/potion\/stargazers","contributors_url":"https:\/\/api.github.com\/repos\/perl11\/potion\/contributors","subscribers_url":"https:\/\/api.github.com\/repos\/perl11\/potion\/subscribers","subscription_url":"https:\/\/api.github.com\/repos\/perl11\/potion\/subscription","commits_url":"https:\/\/api.github.com\/repos\/perl11\/potion\/commits{\/sha}","git_commits_url":"https:\/\/api.github.com\/repos\/perl11\/potion\/git\/commits{\/sha}","comments_url":"https:\/\/api.github.com\/repos\/perl11\/potion\/comments{\/number}","issue_comment_url":"https:\/\/api.github.com\/repos\/perl11\/potion\/issues\/comments{\/number}","contents_url":"https:\/\/api.github.com\/repos\/perl11\/potion\/contents\/{+path}","compare_url":"https:\/\/api.github.com\/repos\/perl11\/potion\/compare\/{base}...{head}","merges_url":"https:\/\/api.github.com\/repos\/perl11\/potion\/merges","archive_url":"https:\/\/api.github.com\/repos\/perl11\/potion\/{archive_format}{\/ref}","downloads_url":"https:\/\/api.github.com\/repos\/perl11\/potion\/downloads","issues_url":"https:\/\/api.github.com\/repos\/perl11\/potion\/issues{\/number}","pulls_url":"https:\/\/api.github.com\/repos\/perl11\/potion\/pulls{\/number}","milestones_url":"https:\/\/api.github.com\/repos\/perl11\/potion\/milestones{\/number}","notifications_url":"https:\/\/api.github.com\/repos\/perl11\/potion\/notifications{?since,all,participating}","labels_url":"https:\/\/api.github.com\/repos\/perl11\/potion\/labels{\/name}","releases_url":"https:\/\/api.github.com\/repos\/perl11\/potion\/releases{\/id}","deployments_url":"https:\/\/api.github.com\/repos\/perl11\/potion\/deployments","created_at":"2009-08-19T20:06:21Z","updated_at":"2019-01-23T08:11:13Z","pushed_at":"2018-02-02T09:04:03Z","git_url":"git:\/\/github.com\/perl11\/potion.git","ssh_url":"git@github.com:perl11\/potion.git","clone_url":"https:\/\/github.com\/perl11\/potion.git","svn_url":"https:\/\/github.com\/perl11\/potion","homepage":"http:\/\/groups.google.com\/group\/potion-lang","size":4417,"stargazers_count":540,"watchers_count":540,"language":"C","has_issues":true,"has_projects":true,"has_downloads":true,"has_wiki":true,"has_pages":true,"forks_count":78,"mirror_url":null,"archived":false,"open_issues_count":19,"license":{"key":"other","name":"Other","spdx_id":"NOASSERTION","url":null,"node_id":"MDc6TGljZW5zZTA="},"forks":78,"open_issues":19,"watchers":540,"default_branch":"master","score":81.980545},{"id":282622,"node_id":"MDEwOlJlcG9zaXRvcnkyODI2MjI=","name":"poignant-guide","full_name":"mislav\/poignant-guide","private":false,"owner":{"login":"mislav","id":887,"node_id":"MDQ6VXNlcjg4Nw==","avatar_url":"https:\/\/avatars2.githubusercontent.com\/u\/887?v=4","gravatar_id":"","url":"https:\/\/api.github.com\/users\/mislav","html_url":"https:\/\/github.com\/mislav","followers_url":"https:\/\/api.github.com\/users\/mislav\/followers","following_url":"https:\/\/api.github.com\/users\/mislav\/following{\/other_user}","gists_url":"https:\/\/api.github.com\/users\/mislav\/gists{\/gist_id}","starred_url":"https:\/\/api.github.com\/users\/mislav\/starred{\/owner}{\/repo}","subscriptions_url":"https:\/\/api.github.com\/users\/mislav\/subscriptions","organizations_url":"https:\/\/api.github.com\/users\/mislav\/orgs","repos_url":"https:\/\/api.github.com\/users\/mislav\/repos","events_url":"https:\/\/api.github.com\/users\/mislav\/events{\/privacy}","received_events_url":"https:\/\/api.github.com\/users\/mislav\/received_events","type":"User","site_admin":true},"html_url":"https:\/\/github.com\/mislav\/poignant-guide","description":"Why's Poignant Guide to Ruby","fork":false,"url":"https:\/\/api.github.com\/repos\/mislav\/poignant-guide","forks_url":"https:\/\/api.github.com\/repos\/mislav\/poignant-guide\/forks","keys_url":"https:\/\/api.github.com\/repos\/mislav\/poignant-guide\/keys{\/key_id}","collaborators_url":"https:\/\/api.github.com\/repos\/mislav\/poignant-guide\/collaborators{\/collaborator}","teams_url":"https:\/\/api.github.com\/repos\/mislav\/poignant-guide\/teams","hooks_url":"https:\/\/api.github.com\/repos\/mislav\/poignant-guide\/hooks","issue_events_url":"https:\/\/api.github.com\/repos\/mislav\/poignant-guide\/issues\/events{\/number}","events_url":"https:\/\/api.github.com\/repos\/mislav\/poignant-guide\/events","assignees_url":"https:\/\/api.github.com\/repos\/mislav\/poignant-guide\/assignees{\/user}","branches_url":"https:\/\/api.github.com\/repos\/mislav\/poignant-guide\/branches{\/branch}","tags_url":"https:\/\/api.github.com\/repos\/mislav\/poignant-guide\/tags","blobs_url":"https:\/\/api.github.com\/repos\/mislav\/poignant-guide\/git\/blobs{\/sha}","git_tags_url":"https:\/\/api.github.com\/repos\/mislav\/poignant-guide\/git\/tags{\/sha}","git_refs_url":"https:\/\/api.github.com\/repos\/mislav\/poignant-guide\/git\/refs{\/sha}","trees_url":"https:\/\/api.github.com\/repos\/mislav\/poignant-guide\/git\/trees{\/sha}","statuses_url":"https:\/\/api.github.com\/repos\/mislav\/poignant-guide\/statuses\/{sha}","languages_url":"https:\/\/api.github.com\/repos\/mislav\/poignant-guide\/languages","stargazers_url":"https:\/\/api.github.com\/repos\/mislav\/poignant-guide\/stargazers","contributors_url":"https:\/\/api.github.com\/repos\/mislav\/poignant-guide\/contributors","subscribers_url":"https:\/\/api.github.com\/repos\/mislav\/poignant-guide\/subscribers","subscription_url":"https:\/\/api.github.com\/repos\/mislav\/poignant-guide\/subscription","commits_url":"https:\/\/api.github.com\/repos\/mislav\/poignant-guide\/commits{\/sha}","git_commits_url":"https:\/\/api.github.com\/repos\/mislav\/poignant-guide\/git\/commits{\/sha}","comments_url":"https:\/\/api.github.com\/repos\/mislav\/poignant-guide\/comments{\/number}","issue_comment_url":"https:\/\/api.github.com\/repos\/mislav\/poignant-guide\/issues\/comments{\/number}","contents_url":"https:\/\/api.github.com\/repos\/mislav\/poignant-guide\/contents\/{+path}","compare_url":"https:\/\/api.github.com\/repos\/mislav\/poignant-guide\/compare\/{base}...{head}","merges_url":"https:\/\/api.github.com\/repos\/mislav\/poignant-guide\/merges","archive_url":"https:\/\/api.github.com\/repos\/mislav\/poignant-guide\/{archive_format}{\/ref}","downloads_url":"https:\/\/api.github.com\/repos\/mislav\/poignant-guide\/downloads","issues_url":"https:\/\/api.github.com\/repos\/mislav\/poignant-guide\/issues{\/number}","pulls_url":"https:\/\/api.github.com\/repos\/mislav\/poignant-guide\/pulls{\/number}","milestones_url":"https:\/\/api.github.com\/repos\/mislav\/poignant-guide\/milestones{\/number}","notifications_url":"https:\/\/api.github.com\/repos\/mislav\/poignant-guide\/notifications{?since,all,participating}","labels_url":"https:\/\/api.github.com\/repos\/mislav\/poignant-guide\/labels{\/name}","releases_url":"https:\/\/api.github.com\/repos\/mislav\/poignant-guide\/releases{\/id}","deployments_url":"https:\/\/api.github.com\/repos\/mislav\/poignant-guide\/deployments","created_at":"2009-08-20T01:17:54Z","updated_at":"2019-01-26T12:32:58Z","pushed_at":"2018-11-20T13:08:57Z","git_url":"git:\/\/github.com\/mislav\/poignant-guide.git","ssh_url":"git@github.com:mislav\/poignant-guide.git","clone_url":"https:\/\/github.com\/mislav\/poignant-guide.git","svn_url":"https:\/\/github.com\/mislav\/poignant-guide","homepage":"http:\/\/poignant.guide\/","size":12871,"stargazers_count":532,"watchers_count":532,"language":"HTML","has_issues":false,"has_projects":true,"has_downloads":true,"has_wiki":false,"has_pages":true,"forks_count":103,"mirror_url":null,"archived":false,"open_issues_count":0,"license":null,"forks":103,"open_issues":0,"watchers":532,"default_branch":"gh-pages","score":81.49609},{"id":30485473,"node_id":"MDEwOlJlcG9zaXRvcnkzMDQ4NTQ3Mw==","name":"Why-Reject","full_name":"jcccn\/Why-Reject","private":false,"owner":{"login":"jcccn","id":397243,"node_id":"MDQ6VXNlcjM5NzI0Mw==","avatar_url":"https:\/\/avatars1.githubusercontent.com\/u\/397243?v=4","gravatar_id":"","url":"https:\/\/api.github.com\/users\/jcccn","html_url":"https:\/\/github.com\/jcccn","followers_url":"https:\/\/api.github.com\/users\/jcccn\/followers","following_url":"https:\/\/api.github.com\/users\/jcccn\/following{\/other_user}","gists_url":"https:\/\/api.github.com\/users\/jcccn\/gists{\/gist_id}","starred_url":"https:\/\/api.github.com\/users\/jcccn\/starred{\/owner}{\/repo}","subscriptions_url":"https:\/\/api.github.com\/users\/jcccn\/subscriptions","organizations_url":"https:\/\/api.github.com\/users\/jcccn\/orgs","repos_url":"https:\/\/api.github.com\/users\/jcccn\/repos","events_url":"https:\/\/api.github.com\/users\/jcccn\/events{\/privacy}","received_events_url":"https:\/\/api.github.com\/users\/jcccn\/received_events","type":"User","site_admin":false},"html_url":"https:\/\/github.com\/jcccn\/Why-Reject","description":"\u82f9\u679cAppStore\u88ab\u62d2\u7406\u7531\u5927\u5168","fork":false,"url":"https:\/\/api.github.com\/repos\/jcccn\/Why-Reject","forks_url":"https:\/\/api.github.com\/repos\/jcccn\/Why-Reject\/forks","keys_url":"https:\/\/api.github.com\/repos\/jcccn\/Why-Reject\/keys{\/key_id}","collaborators_url":"https:\/\/api.github.com\/repos\/jcccn\/Why-Reject\/collaborators{\/collaborator}","teams_url":"https:\/\/api.github.com\/repos\/jcccn\/Why-Reject\/teams","hooks_url":"https:\/\/api.github.com\/repos\/jcccn\/Why-Reject\/hooks","issue_events_url":"https:\/\/api.github.com\/repos\/jcccn\/Why-Reject\/issues\/events{\/number}","events_url":"https:\/\/api.github.com\/repos\/jcccn\/Why-Reject\/events","assignees_url":"https:\/\/api.github.com\/repos\/jcccn\/Why-Reject\/assignees{\/user}","branches_url":"https:\/\/api.github.com\/repos\/jcccn\/Why-Reject\/branches{\/branch}","tags_url":"https:\/\/api.github.com\/repos\/jcccn\/Why-Reject\/tags","blobs_url":"https:\/\/api.github.com\/repos\/jcccn\/Why-Reject\/git\/blobs{\/sha}","git_tags_url":"https:\/\/api.github.com\/repos\/jcccn\/Why-Reject\/git\/tags{\/sha}","git_refs_url":"https:\/\/api.github.com\/repos\/jcccn\/Why-Reject\/git\/refs{\/sha}","trees_url":"https:\/\/api.github.com\/repos\/jcccn\/Why-Reject\/git\/trees{\/sha}","statuses_url":"https:\/\/api.github.com\/repos\/jcccn\/Why-Reject\/statuses\/{sha}","languages_url":"https:\/\/api.github.com\/repos\/jcccn\/Why-Reject\/languages","stargazers_url":"https:\/\/api.github.com\/repos\/jcccn\/Why-Reject\/stargazers","contributors_url":"https:\/\/api.github.com\/repos\/jcccn\/Why-Reject\/contributors","subscribers_url":"https:\/\/api.github.com\/repos\/jcccn\/Why-Reject\/subscribers","subscription_url":"https:\/\/api.github.com\/repos\/jcccn\/Why-Reject\/subscription","commits_url":"https:\/\/api.github.com\/repos\/jcccn\/Why-Reject\/commits{\/sha}","git_commits_url":"https:\/\/api.github.com\/repos\/jcccn\/Why-Reject\/git\/commits{\/sha}","comments_url":"https:\/\/api.github.com\/repos\/jcccn\/Why-Reject\/comments{\/number}","issue_comment_url":"https:\/\/api.github.com\/repos\/jcccn\/Why-Reject\/issues\/comments{\/number}","contents_url":"https:\/\/api.github.com\/repos\/jcccn\/Why-Reject\/contents\/{+path}","compare_url":"https:\/\/api.github.com\/repos\/jcccn\/Why-Reject\/compare\/{base}...{head}","merges_url":"https:\/\/api.github.com\/repos\/jcccn\/Why-Reject\/merges","archive_url":"https:\/\/api.github.com\/repos\/jcccn\/Why-Reject\/{archive_format}{\/ref}","downloads_url":"https:\/\/api.github.com\/repos\/jcccn\/Why-Reject\/downloads","issues_url":"https:\/\/api.github.com\/repos\/jcccn\/Why-Reject\/issues{\/number}","pulls_url":"https:\/\/api.github.com\/repos\/jcccn\/Why-Reject\/pulls{\/number}","milestones_url":"https:\/\/api.github.com\/repos\/jcccn\/Why-Reject\/milestones{\/number}","notifications_url":"https:\/\/api.github.com\/repos\/jcccn\/Why-Reject\/notifications{?since,all,participating}","labels_url":"https:\/\/api.github.com\/repos\/jcccn\/Why-Reject\/labels{\/name}","releases_url":"https:\/\/api.github.com\/repos\/jcccn\/Why-Reject\/releases{\/id}","deployments_url":"https:\/\/api.github.com\/repos\/jcccn\/Why-Reject\/deployments","created_at":"2015-02-08T08:37:17Z","updated_at":"2019-01-28T12:02:55Z","pushed_at":"2017-05-06T07:35:44Z","git_url":"git:\/\/github.com\/jcccn\/Why-Reject.git","ssh_url":"git@github.com:jcccn\/Why-Reject.git","clone_url":"https:\/\/github.com\/jcccn\/Why-Reject.git","svn_url":"https:\/\/github.com\/jcccn\/Why-Reject","homepage":"https:\/\/whyreject.jcccn.me","size":684,"stargazers_count":493,"watchers_count":493,"language":null,"has_issues":true,"has_projects":true,"has_downloads":true,"has_wiki":true,"has_pages":true,"forks_count":113,"mirror_url":null,"archived":false,"open_issues_count":0,"license":null,"forks":113,"open_issues":0,"watchers":493,"default_branch":"master","score":96.06085},{"id":76408906,"node_id":"MDEwOlJlcG9zaXRvcnk3NjQwODkwNg==","name":"meta","full_name":"mateodelnorte\/meta","private":false,"owner":{"login":"mateodelnorte","id":554847,"node_id":"MDQ6VXNlcjU1NDg0Nw==","avatar_url":"https:\/\/avatars3.githubusercontent.com\/u\/554847?v=4","gravatar_id":"","url":"https:\/\/api.github.com\/users\/mateodelnorte","html_url":"https:\/\/github.com\/mateodelnorte","followers_url":"https:\/\/api.github.com\/users\/mateodelnorte\/followers","following_url":"https:\/\/api.github.com\/users\/mateodelnorte\/following{\/other_user}","gists_url":"https:\/\/api.github.com\/users\/mateodelnorte\/gists{\/gist_id}","starred_url":"https:\/\/api.github.com\/users\/mateodelnorte\/starred{\/owner}{\/repo}","subscriptions_url":"https:\/\/api.github.com\/users\/mateodelnorte\/subscriptions","organizations_url":"https:\/\/api.github.com\/users\/mateodelnorte\/orgs","repos_url":"https:\/\/api.github.com\/users\/mateodelnorte\/repos","events_url":"https:\/\/api.github.com\/users\/mateodelnorte\/events{\/privacy}","received_events_url":"https:\/\/api.github.com\/users\/mateodelnorte\/received_events","type":"User","site_admin":false},"html_url":"https:\/\/github.com\/mateodelnorte\/meta","description":"tool for turning many repos into a meta repo. why choose many repos or a monolithic repo, when you can have both with a meta repo?","fork":false,"url":"https:\/\/api.github.com\/repos\/mateodelnorte\/meta","forks_url":"https:\/\/api.github.com\/repos\/mateodelnorte\/meta\/forks","keys_url":"https:\/\/api.github.com\/repos\/mateodelnorte\/meta\/keys{\/key_id}","collaborators_url":"https:\/\/api.github.com\/repos\/mateodelnorte\/meta\/collaborators{\/collaborator}","teams_url":"https:\/\/api.github.com\/repos\/mateodelnorte\/meta\/teams","hooks_url":"https:\/\/api.github.com\/repos\/mateodelnorte\/meta\/hooks","issue_events_url":"https:\/\/api.github.com\/repos\/mateodelnorte\/meta\/issues\/events{\/number}","events_url":"https:\/\/api.github.com\/repos\/mateodelnorte\/meta\/events","assignees_url":"https:\/\/api.github.com\/repos\/mateodelnorte\/meta\/assignees{\/user}","branches_url":"https:\/\/api.github.com\/repos\/mateodelnorte\/meta\/branches{\/branch}","tags_url":"https:\/\/api.github.com\/repos\/mateodelnorte\/meta\/tags","blobs_url":"https:\/\/api.github.com\/repos\/mateodelnorte\/meta\/git\/blobs{\/sha}","git_tags_url":"https:\/\/api.github.com\/repos\/mateodelnorte\/meta\/git\/tags{\/sha}","git_refs_url":"https:\/\/api.github.com\/repos\/mateodelnorte\/meta\/git\/refs{\/sha}","trees_url":"https:\/\/api.github.com\/repos\/mateodelnorte\/meta\/git\/trees{\/sha}","statuses_url":"https:\/\/api.github.com\/repos\/mateodelnorte\/meta\/statuses\/{sha}","languages_url":"https:\/\/api.github.com\/repos\/mateodelnorte\/meta\/languages","stargazers_url":"https:\/\/api.github.com\/repos\/mateodelnorte\/meta\/stargazers","contributors_url":"https:\/\/api.github.com\/repos\/mateodelnorte\/meta\/contributors","subscribers_url":"https:\/\/api.github.com\/repos\/mateodelnorte\/meta\/subscribers","subscription_url":"https:\/\/api.github.com\/repos\/mateodelnorte\/meta\/subscription","commits_url":"https:\/\/api.github.com\/repos\/mateodelnorte\/meta\/commits{\/sha}","git_commits_url":"https:\/\/api.github.com\/repos\/mateodelnorte\/meta\/git\/commits{\/sha}","comments_url":"https:\/\/api.github.com\/repos\/mateodelnorte\/meta\/comments{\/number}","issue_comment_url":"https:\/\/api.github.com\/repos\/mateodelnorte\/meta\/issues\/comments{\/number}","contents_url":"https:\/\/api.github.com\/repos\/mateodelnorte\/meta\/contents\/{+path}","compare_url":"https:\/\/api.github.com\/repos\/mateodelnorte\/meta\/compare\/{base}...{head}","merges_url":"https:\/\/api.github.com\/repos\/mateodelnorte\/meta\/merges","archive_url":"https:\/\/api.github.com\/repos\/mateodelnorte\/meta\/{archive_format}{\/ref}","downloads_url":"https:\/\/api.github.com\/repos\/mateodelnorte\/meta\/downloads","issues_url":"https:\/\/api.github.com\/repos\/mateodelnorte\/meta\/issues{\/number}","pulls_url":"https:\/\/api.github.com\/repos\/mateodelnorte\/meta\/pulls{\/number}","milestones_url":"https:\/\/api.github.com\/repos\/mateodelnorte\/meta\/milestones{\/number}","notifications_url":"https:\/\/api.github.com\/repos\/mateodelnorte\/meta\/notifications{?since,all,participating}","labels_url":"https:\/\/api.github.com\/repos\/mateodelnorte\/meta\/labels{\/name}","releases_url":"https:\/\/api.github.com\/repos\/mateodelnorte\/meta\/releases{\/id}","deployments_url":"https:\/\/api.github.com\/repos\/mateodelnorte\/meta\/deployments","created_at":"2016-12-14T00:06:35Z","updated_at":"2019-01-27T07:29:38Z","pushed_at":"2019-01-25T18:00:32Z","git_url":"git:\/\/github.com\/mateodelnorte\/meta.git","ssh_url":"git@github.com:mateodelnorte\/meta.git","clone_url":"https:\/\/github.com\/mateodelnorte\/meta.git","svn_url":"https:\/\/github.com\/mateodelnorte\/meta","homepage":"","size":2507,"stargazers_count":489,"watchers_count":489,"language":"JavaScript","has_issues":true,"has_projects":true,"has_downloads":true,"has_wiki":true,"has_pages":false,"forks_count":27,"mirror_url":null,"archived":false,"open_issues_count":18,"license":null,"forks":27,"open_issues":18,"watchers":489,"default_branch":"master","score":35.232788},{"id":120470493,"node_id":"MDEwOlJlcG9zaXRvcnkxMjA0NzA0OTM=","name":"awesome-dev-podcasts","full_name":"sw-yx\/awesome-dev-podcasts","private":false,"owner":{"login":"sw-yx","id":6764957,"node_id":"MDQ6VXNlcjY3NjQ5NTc=","avatar_url":"https:\/\/avatars1.githubusercontent.com\/u\/6764957?v=4","gravatar_id":"","url":"https:\/\/api.github.com\/users\/sw-yx","html_url":"https:\/\/github.com\/sw-yx","followers_url":"https:\/\/api.github.com\/users\/sw-yx\/followers","following_url":"https:\/\/api.github.com\/users\/sw-yx\/following{\/other_user}","gists_url":"https:\/\/api.github.com\/users\/sw-yx\/gists{\/gist_id}","starred_url":"https:\/\/api.github.com\/users\/sw-yx\/starred{\/owner}{\/repo}","subscriptions_url":"https:\/\/api.github.com\/users\/sw-yx\/subscriptions","organizations_url":"https:\/\/api.github.com\/users\/sw-yx\/orgs","repos_url":"https:\/\/api.github.com\/users\/sw-yx\/repos","events_url":"https:\/\/api.github.com\/users\/sw-yx\/events{\/privacy}","received_events_url":"https:\/\/api.github.com\/users\/sw-yx\/received_events","type":"User","site_admin":false},"html_url":"https:\/\/github.com\/sw-yx\/awesome-dev-podcasts","description":"a curated list of awesome dev podcasts and why they are awesome","fork":false,"url":"https:\/\/api.github.com\/repos\/sw-yx\/awesome-dev-podcasts","forks_url":"https:\/\/api.github.com\/repos\/sw-yx\/awesome-dev-podcasts\/forks","keys_url":"https:\/\/api.github.com\/repos\/sw-yx\/awesome-dev-podcasts\/keys{\/key_id}","collaborators_url":"https:\/\/api.github.com\/repos\/sw-yx\/awesome-dev-podcasts\/collaborators{\/collaborator}","teams_url":"https:\/\/api.github.com\/repos\/sw-yx\/awesome-dev-podcasts\/teams","hooks_url":"https:\/\/api.github.com\/repos\/sw-yx\/awesome-dev-podcasts\/hooks","issue_events_url":"https:\/\/api.github.com\/repos\/sw-yx\/awesome-dev-podcasts\/issues\/events{\/number}","events_url":"https:\/\/api.github.com\/repos\/sw-yx\/awesome-dev-podcasts\/events","assignees_url":"https:\/\/api.github.com\/repos\/sw-yx\/awesome-dev-podcasts\/assignees{\/user}","branches_url":"https:\/\/api.github.com\/repos\/sw-yx\/awesome-dev-podcasts\/branches{\/branch}","tags_url":"https:\/\/api.github.com\/repos\/sw-yx\/awesome-dev-podcasts\/tags","blobs_url":"https:\/\/api.github.com\/repos\/sw-yx\/awesome-dev-podcasts\/git\/blobs{\/sha}","git_tags_url":"https:\/\/api.github.com\/repos\/sw-yx\/awesome-dev-podcasts\/git\/tags{\/sha}","git_refs_url":"https:\/\/api.github.com\/repos\/sw-yx\/awesome-dev-podcasts\/git\/refs{\/sha}","trees_url":"https:\/\/api.github.com\/repos\/sw-yx\/awesome-dev-podcasts\/git\/trees{\/sha}","statuses_url":"https:\/\/api.github.com\/repos\/sw-yx\/awesome-dev-podcasts\/statuses\/{sha}","languages_url":"https:\/\/api.github.com\/repos\/sw-yx\/awesome-dev-podcasts\/languages","stargazers_url":"https:\/\/api.github.com\/repos\/sw-yx\/awesome-dev-podcasts\/stargazers","contributors_url":"https:\/\/api.github.com\/repos\/sw-yx\/awesome-dev-podcasts\/contributors","subscribers_url":"https:\/\/api.github.com\/repos\/sw-yx\/awesome-dev-podcasts\/subscribers","subscription_url":"https:\/\/api.github.com\/repos\/sw-yx\/awesome-dev-podcasts\/subscription","commits_url":"https:\/\/api.github.com\/repos\/sw-yx\/awesome-dev-podcasts\/commits{\/sha}","git_commits_url":"https:\/\/api.github.com\/repos\/sw-yx\/awesome-dev-podcasts\/git\/commits{\/sha}","comments_url":"https:\/\/api.github.com\/repos\/sw-yx\/awesome-dev-podcasts\/comments{\/number}","issue_comment_url":"https:\/\/api.github.com\/repos\/sw-yx\/awesome-dev-podcasts\/issues\/comments{\/number}","contents_url":"https:\/\/api.github.com\/repos\/sw-yx\/awesome-dev-podcasts\/contents\/{+path}","compare_url":"https:\/\/api.github.com\/repos\/sw-yx\/awesome-dev-podcasts\/compare\/{base}...{head}","merges_url":"https:\/\/api.github.com\/repos\/sw-yx\/awesome-dev-podcasts\/merges","archive_url":"https:\/\/api.github.com\/repos\/sw-yx\/awesome-dev-podcasts\/{archive_format}{\/ref}","downloads_url":"https:\/\/api.github.com\/repos\/sw-yx\/awesome-dev-podcasts\/downloads","issues_url":"https:\/\/api.github.com\/repos\/sw-yx\/awesome-dev-podcasts\/issues{\/number}","pulls_url":"https:\/\/api.github.com\/repos\/sw-yx\/awesome-dev-podcasts\/pulls{\/number}","milestones_url":"https:\/\/api.github.com\/repos\/sw-yx\/awesome-dev-podcasts\/milestones{\/number}","notifications_url":"https:\/\/api.github.com\/repos\/sw-yx\/awesome-dev-podcasts\/notifications{?since,all,participating}","labels_url":"https:\/\/api.github.com\/repos\/sw-yx\/awesome-dev-podcasts\/labels{\/name}","releases_url":"https:\/\/api.github.com\/repos\/sw-yx\/awesome-dev-podcasts\/releases{\/id}","deployments_url":"https:\/\/api.github.com\/repos\/sw-yx\/awesome-dev-podcasts\/deployments","created_at":"2018-02-06T14:32:41Z","updated_at":"2019-01-23T00:52:57Z","pushed_at":"2018-09-12T14:28:36Z","git_url":"git:\/\/github.com\/sw-yx\/awesome-dev-podcasts.git","ssh_url":"git@github.com:sw-yx\/awesome-dev-podcasts.git","clone_url":"https:\/\/github.com\/sw-yx\/awesome-dev-podcasts.git","svn_url":"https:\/\/github.com\/sw-yx\/awesome-dev-podcasts","homepage":"","size":29,"stargazers_count":455,"watchers_count":455,"language":null,"has_issues":true,"has_projects":true,"has_downloads":true,"has_wiki":true,"has_pages":false,"forks_count":26,"mirror_url":null,"archived":false,"open_issues_count":3,"license":null,"forks":26,"open_issues":3,"watchers":455,"default_branch":"master","score":48.013947},{"id":18601900,"node_id":"MDEwOlJlcG9zaXRvcnkxODYwMTkwMA==","name":"eliot","full_name":"itamarst\/eliot","private":false,"owner":{"login":"itamarst","id":3266662,"node_id":"MDQ6VXNlcjMyNjY2NjI=","avatar_url":"https:\/\/avatars1.githubusercontent.com\/u\/3266662?v=4","gravatar_id":"","url":"https:\/\/api.github.com\/users\/itamarst","html_url":"https:\/\/github.com\/itamarst","followers_url":"https:\/\/api.github.com\/users\/itamarst\/followers","following_url":"https:\/\/api.github.com\/users\/itamarst\/following{\/other_user}","gists_url":"https:\/\/api.github.com\/users\/itamarst\/gists{\/gist_id}","starred_url":"https:\/\/api.github.com\/users\/itamarst\/starred{\/owner}{\/repo}","subscriptions_url":"https:\/\/api.github.com\/users\/itamarst\/subscriptions","organizations_url":"https:\/\/api.github.com\/users\/itamarst\/orgs","repos_url":"https:\/\/api.github.com\/users\/itamarst\/repos","events_url":"https:\/\/api.github.com\/users\/itamarst\/events{\/privacy}","received_events_url":"https:\/\/api.github.com\/users\/itamarst\/received_events","type":"User","site_admin":false},"html_url":"https:\/\/github.com\/itamarst\/eliot","description":"Eliot: the logging system that tells you *why* it happened","fork":false,"url":"https:\/\/api.github.com\/repos\/itamarst\/eliot","forks_url":"https:\/\/api.github.com\/repos\/itamarst\/eliot\/forks","keys_url":"https:\/\/api.github.com\/repos\/itamarst\/eliot\/keys{\/key_id}","collaborators_url":"https:\/\/api.github.com\/repos\/itamarst\/eliot\/collaborators{\/collaborator}","teams_url":"https:\/\/api.github.com\/repos\/itamarst\/eliot\/teams","hooks_url":"https:\/\/api.github.com\/repos\/itamarst\/eliot\/hooks","issue_events_url":"https:\/\/api.github.com\/repos\/itamarst\/eliot\/issues\/events{\/number}","events_url":"https:\/\/api.github.com\/repos\/itamarst\/eliot\/events","assignees_url":"https:\/\/api.github.com\/repos\/itamarst\/eliot\/assignees{\/user}","branches_url":"https:\/\/api.github.com\/repos\/itamarst\/eliot\/branches{\/branch}","tags_url":"https:\/\/api.github.com\/repos\/itamarst\/eliot\/tags","blobs_url":"https:\/\/api.github.com\/repos\/itamarst\/eliot\/git\/blobs{\/sha}","git_tags_url":"https:\/\/api.github.com\/repos\/itamarst\/eliot\/git\/tags{\/sha}","git_refs_url":"https:\/\/api.github.com\/repos\/itamarst\/eliot\/git\/refs{\/sha}","trees_url":"https:\/\/api.github.com\/repos\/itamarst\/eliot\/git\/trees{\/sha}","statuses_url":"https:\/\/api.github.com\/repos\/itamarst\/eliot\/statuses\/{sha}","languages_url":"https:\/\/api.github.com\/repos\/itamarst\/eliot\/languages","stargazers_url":"https:\/\/api.github.com\/repos\/itamarst\/eliot\/stargazers","contributors_url":"https:\/\/api.github.com\/repos\/itamarst\/eliot\/contributors","subscribers_url":"https:\/\/api.github.com\/repos\/itamarst\/eliot\/subscribers","subscription_url":"https:\/\/api.github.com\/repos\/itamarst\/eliot\/subscription","commits_url":"https:\/\/api.github.com\/repos\/itamarst\/eliot\/commits{\/sha}","git_commits_url":"https:\/\/api.github.com\/repos\/itamarst\/eliot\/git\/commits{\/sha}","comments_url":"https:\/\/api.github.com\/repos\/itamarst\/eliot\/comments{\/number}","issue_comment_url":"https:\/\/api.github.com\/repos\/itamarst\/eliot\/issues\/comments{\/number}","contents_url":"https:\/\/api.github.com\/repos\/itamarst\/eliot\/contents\/{+path}","compare_url":"https:\/\/api.github.com\/repos\/itamarst\/eliot\/compare\/{base}...{head}","merges_url":"https:\/\/api.github.com\/repos\/itamarst\/eliot\/merges","archive_url":"https:\/\/api.github.com\/repos\/itamarst\/eliot\/{archive_format}{\/ref}","downloads_url":"https:\/\/api.github.com\/repos\/itamarst\/eliot\/downloads","issues_url":"https:\/\/api.github.com\/repos\/itamarst\/eliot\/issues{\/number}","pulls_url":"https:\/\/api.github.com\/repos\/itamarst\/eliot\/pulls{\/number}","milestones_url":"https:\/\/api.github.com\/repos\/itamarst\/eliot\/milestones{\/number}","notifications_url":"https:\/\/api.github.com\/repos\/itamarst\/eliot\/notifications{?since,all,participating}","labels_url":"https:\/\/api.github.com\/repos\/itamarst\/eliot\/labels{\/name}","releases_url":"https:\/\/api.github.com\/repos\/itamarst\/eliot\/releases{\/id}","deployments_url":"https:\/\/api.github.com\/repos\/itamarst\/eliot\/deployments","created_at":"2014-04-09T15:12:19Z","updated_at":"2019-01-25T22:49:37Z","pushed_at":"2019-01-02T18:19:45Z","git_url":"git:\/\/github.com\/itamarst\/eliot.git","ssh_url":"git@github.com:itamarst\/eliot.git","clone_url":"https:\/\/github.com\/itamarst\/eliot.git","svn_url":"https:\/\/github.com\/itamarst\/eliot","homepage":"https:\/\/eliot.readthedocs.io","size":1017,"stargazers_count":445,"watchers_count":445,"language":"Python","has_issues":true,"has_projects":true,"has_downloads":true,"has_wiki":true,"has_pages":false,"forks_count":32,"mirror_url":null,"archived":false,"open_issues_count":89,"license":{"key":"apache-2.0","name":"Apache License 2.0","spdx_id":"Apache-2.0","url":"https:\/\/api.github.com\/licenses\/apache-2.0","node_id":"MDc6TGljZW5zZTI="},"forks":32,"open_issues":89,"watchers":445,"default_branch":"master","score":61.202938},{"id":164816947,"node_id":"MDEwOlJlcG9zaXRvcnkxNjQ4MTY5NDc=","name":"stockpredictionai","full_name":"borisbanushev\/stockpredictionai","private":false,"owner":{"login":"borisbanushev","id":36700291,"node_id":"MDQ6VXNlcjM2NzAwMjkx","avatar_url":"https:\/\/avatars3.githubusercontent.com\/u\/36700291?v=4","gravatar_id":"","url":"https:\/\/api.github.com\/users\/borisbanushev","html_url":"https:\/\/github.com\/borisbanushev","followers_url":"https:\/\/api.github.com\/users\/borisbanushev\/followers","following_url":"https:\/\/api.github.com\/users\/borisbanushev\/following{\/other_user}","gists_url":"https:\/\/api.github.com\/users\/borisbanushev\/gists{\/gist_id}","starred_url":"https:\/\/api.github.com\/users\/borisbanushev\/starred{\/owner}{\/repo}","subscriptions_url":"https:\/\/api.github.com\/users\/borisbanushev\/subscriptions","organizations_url":"https:\/\/api.github.com\/users\/borisbanushev\/orgs","repos_url":"https:\/\/api.github.com\/users\/borisbanushev\/repos","events_url":"https:\/\/api.github.com\/users\/borisbanushev\/events{\/privacy}","received_events_url":"https:\/\/api.github.com\/users\/borisbanushev\/received_events","type":"User","site_admin":false},"html_url":"https:\/\/github.com\/borisbanushev\/stockpredictionai","description":"       In this noteboook I will create a complete process for predicting stock price movements. Follow along and we will achieve some pretty good results. For that purpose we will use a Generative Adversarial Network (GAN) with LSTM, a type of Recurrent Neural Network, as generator, and a Convolutional Neural Network, CNN, as a discriminator. We use LSTM for the obvious reason that we are trying to predict time series data. Why we use GAN and specifically CNN as a discriminator? That is a good question: there are special sections on that later.","fork":false,"url":"https:\/\/api.github.com\/repos\/borisbanushev\/stockpredictionai","forks_url":"https:\/\/api.github.com\/repos\/borisbanushev\/stockpredictionai\/forks","keys_url":"https:\/\/api.github.com\/repos\/borisbanushev\/stockpredictionai\/keys{\/key_id}","collaborators_url":"https:\/\/api.github.com\/repos\/borisbanushev\/stockpredictionai\/collaborators{\/collaborator}","teams_url":"https:\/\/api.github.com\/repos\/borisbanushev\/stockpredictionai\/teams","hooks_url":"https:\/\/api.github.com\/repos\/borisbanushev\/stockpredictionai\/hooks","issue_events_url":"https:\/\/api.github.com\/repos\/borisbanushev\/stockpredictionai\/issues\/events{\/number}","events_url":"https:\/\/api.github.com\/repos\/borisbanushev\/stockpredictionai\/events","assignees_url":"https:\/\/api.github.com\/repos\/borisbanushev\/stockpredictionai\/assignees{\/user}","branches_url":"https:\/\/api.github.com\/repos\/borisbanushev\/stockpredictionai\/branches{\/branch}","tags_url":"https:\/\/api.github.com\/repos\/borisbanushev\/stockpredictionai\/tags","blobs_url":"https:\/\/api.github.com\/repos\/borisbanushev\/stockpredictionai\/git\/blobs{\/sha}","git_tags_url":"https:\/\/api.github.com\/repos\/borisbanushev\/stockpredictionai\/git\/tags{\/sha}","git_refs_url":"https:\/\/api.github.com\/repos\/borisbanushev\/stockpredictionai\/git\/refs{\/sha}","trees_url":"https:\/\/api.github.com\/repos\/borisbanushev\/stockpredictionai\/git\/trees{\/sha}","statuses_url":"https:\/\/api.github.com\/repos\/borisbanushev\/stockpredictionai\/statuses\/{sha}","languages_url":"https:\/\/api.github.com\/repos\/borisbanushev\/stockpredictionai\/languages","stargazers_url":"https:\/\/api.github.com\/repos\/borisbanushev\/stockpredictionai\/stargazers","contributors_url":"https:\/\/api.github.com\/repos\/borisbanushev\/stockpredictionai\/contributors","subscribers_url":"https:\/\/api.github.com\/repos\/borisbanushev\/stockpredictionai\/subscribers","subscription_url":"https:\/\/api.github.com\/repos\/borisbanushev\/stockpredictionai\/subscription","commits_url":"https:\/\/api.github.com\/repos\/borisbanushev\/stockpredictionai\/commits{\/sha}","git_commits_url":"https:\/\/api.github.com\/repos\/borisbanushev\/stockpredictionai\/git\/commits{\/sha}","comments_url":"https:\/\/api.github.com\/repos\/borisbanushev\/stockpredictionai\/comments{\/number}","issue_comment_url":"https:\/\/api.github.com\/repos\/borisbanushev\/stockpredictionai\/issues\/comments{\/number}","contents_url":"https:\/\/api.github.com\/repos\/borisbanushev\/stockpredictionai\/contents\/{+path}","compare_url":"https:\/\/api.github.com\/repos\/borisbanushev\/stockpredictionai\/compare\/{base}...{head}","merges_url":"https:\/\/api.github.com\/repos\/borisbanushev\/stockpredictionai\/merges","archive_url":"https:\/\/api.github.com\/repos\/borisbanushev\/stockpredictionai\/{archive_format}{\/ref}","downloads_url":"https:\/\/api.github.com\/repos\/borisbanushev\/stockpredictionai\/downloads","issues_url":"https:\/\/api.github.com\/repos\/borisbanushev\/stockpredictionai\/issues{\/number}","pulls_url":"https:\/\/api.github.com\/repos\/borisbanushev\/stockpredictionai\/pulls{\/number}","milestones_url":"https:\/\/api.github.com\/repos\/borisbanushev\/stockpredictionai\/milestones{\/number}","notifications_url":"https:\/\/api.github.com\/repos\/borisbanushev\/stockpredictionai\/notifications{?since,all,participating}","labels_url":"https:\/\/api.github.com\/repos\/borisbanushev\/stockpredictionai\/labels{\/name}","releases_url":"https:\/\/api.github.com\/repos\/borisbanushev\/stockpredictionai\/releases{\/id}","deployments_url":"https:\/\/api.github.com\/repos\/borisbanushev\/stockpredictionai\/deployments","created_at":"2019-01-09T08:02:47Z","updated_at":"2019-01-28T20:24:48Z","pushed_at":"2019-01-24T20:24:50Z","git_url":"git:\/\/github.com\/borisbanushev\/stockpredictionai.git","ssh_url":"git@github.com:borisbanushev\/stockpredictionai.git","clone_url":"https:\/\/github.com\/borisbanushev\/stockpredictionai.git","svn_url":"https:\/\/github.com\/borisbanushev\/stockpredictionai","homepage":"","size":1950,"stargazers_count":417,"watchers_count":417,"language":null,"has_issues":true,"has_projects":true,"has_downloads":true,"has_wiki":true,"has_pages":false,"forks_count":181,"mirror_url":null,"archived":false,"open_issues_count":12,"license":null,"forks":181,"open_issues":12,"watchers":417,"default_branch":"master","score":14.908502},{"id":35077713,"node_id":"MDEwOlJlcG9zaXRvcnkzNTA3NzcxMw==","name":"whyliam.workflows.youdao","full_name":"liszd\/whyliam.workflows.youdao","private":false,"owner":{"login":"liszd","id":3387850,"node_id":"MDQ6VXNlcjMzODc4NTA=","avatar_url":"https:\/\/avatars0.githubusercontent.com\/u\/3387850?v=4","gravatar_id":"","url":"https:\/\/api.github.com\/users\/liszd","html_url":"https:\/\/github.com\/liszd","followers_url":"https:\/\/api.github.com\/users\/liszd\/followers","following_url":"https:\/\/api.github.com\/users\/liszd\/following{\/other_user}","gists_url":"https:\/\/api.github.com\/users\/liszd\/gists{\/gist_id}","starred_url":"https:\/\/api.github.com\/users\/liszd\/starred{\/owner}{\/repo}","subscriptions_url":"https:\/\/api.github.com\/users\/liszd\/subscriptions","organizations_url":"https:\/\/api.github.com\/users\/liszd\/orgs","repos_url":"https:\/\/api.github.com\/users\/liszd\/repos","events_url":"https:\/\/api.github.com\/users\/liszd\/events{\/privacy}","received_events_url":"https:\/\/api.github.com\/users\/liszd\/received_events","type":"User","site_admin":false},"html_url":"https:\/\/github.com\/liszd\/whyliam.workflows.youdao","description":"\u4f7f\u7528\u6709\u9053\u7ffb\u8bd1\u4f60\u60f3\u77e5\u9053\u7684\u5355\u8bcd\u548c\u8bed\u53e5","fork":false,"url":"https:\/\/api.github.com\/repos\/liszd\/whyliam.workflows.youdao","forks_url":"https:\/\/api.github.com\/repos\/liszd\/whyliam.workflows.youdao\/forks","keys_url":"https:\/\/api.github.com\/repos\/liszd\/whyliam.workflows.youdao\/keys{\/key_id}","collaborators_url":"https:\/\/api.github.com\/repos\/liszd\/whyliam.workflows.youdao\/collaborators{\/collaborator}","teams_url":"https:\/\/api.github.com\/repos\/liszd\/whyliam.workflows.youdao\/teams","hooks_url":"https:\/\/api.github.com\/repos\/liszd\/whyliam.workflows.youdao\/hooks","issue_events_url":"https:\/\/api.github.com\/repos\/liszd\/whyliam.workflows.youdao\/issues\/events{\/number}","events_url":"https:\/\/api.github.com\/repos\/liszd\/whyliam.workflows.youdao\/events","assignees_url":"https:\/\/api.github.com\/repos\/liszd\/whyliam.workflows.youdao\/assignees{\/user}","branches_url":"https:\/\/api.github.com\/repos\/liszd\/whyliam.workflows.youdao\/branches{\/branch}","tags_url":"https:\/\/api.github.com\/repos\/liszd\/whyliam.workflows.youdao\/tags","blobs_url":"https:\/\/api.github.com\/repos\/liszd\/whyliam.workflows.youdao\/git\/blobs{\/sha}","git_tags_url":"https:\/\/api.github.com\/repos\/liszd\/whyliam.workflows.youdao\/git\/tags{\/sha}","git_refs_url":"https:\/\/api.github.com\/repos\/liszd\/whyliam.workflows.youdao\/git\/refs{\/sha}","trees_url":"https:\/\/api.github.com\/repos\/liszd\/whyliam.workflows.youdao\/git\/trees{\/sha}","statuses_url":"https:\/\/api.github.com\/repos\/liszd\/whyliam.workflows.youdao\/statuses\/{sha}","languages_url":"https:\/\/api.github.com\/repos\/liszd\/whyliam.workflows.youdao\/languages","stargazers_url":"https:\/\/api.github.com\/repos\/liszd\/whyliam.workflows.youdao\/stargazers","contributors_url":"https:\/\/api.github.com\/repos\/liszd\/whyliam.workflows.youdao\/contributors","subscribers_url":"https:\/\/api.github.com\/repos\/liszd\/whyliam.workflows.youdao\/subscribers","subscription_url":"https:\/\/api.github.com\/repos\/liszd\/whyliam.workflows.youdao\/subscription","commits_url":"https:\/\/api.github.com\/repos\/liszd\/whyliam.workflows.youdao\/commits{\/sha}","git_commits_url":"https:\/\/api.github.com\/repos\/liszd\/whyliam.workflows.youdao\/git\/commits{\/sha}","comments_url":"https:\/\/api.github.com\/repos\/liszd\/whyliam.workflows.youdao\/comments{\/number}","issue_comment_url":"https:\/\/api.github.com\/repos\/liszd\/whyliam.workflows.youdao\/issues\/comments{\/number}","contents_url":"https:\/\/api.github.com\/repos\/liszd\/whyliam.workflows.youdao\/contents\/{+path}","compare_url":"https:\/\/api.github.com\/repos\/liszd\/whyliam.workflows.youdao\/compare\/{base}...{head}","merges_url":"https:\/\/api.github.com\/repos\/liszd\/whyliam.workflows.youdao\/merges","archive_url":"https:\/\/api.github.com\/repos\/liszd\/whyliam.workflows.youdao\/{archive_format}{\/ref}","downloads_url":"https:\/\/api.github.com\/repos\/liszd\/whyliam.workflows.youdao\/downloads","issues_url":"https:\/\/api.github.com\/repos\/liszd\/whyliam.workflows.youdao\/issues{\/number}","pulls_url":"https:\/\/api.github.com\/repos\/liszd\/whyliam.workflows.youdao\/pulls{\/number}","milestones_url":"https:\/\/api.github.com\/repos\/liszd\/whyliam.workflows.youdao\/milestones{\/number}","notifications_url":"https:\/\/api.github.com\/repos\/liszd\/whyliam.workflows.youdao\/notifications{?since,all,participating}","labels_url":"https:\/\/api.github.com\/repos\/liszd\/whyliam.workflows.youdao\/labels{\/name}","releases_url":"https:\/\/api.github.com\/repos\/liszd\/whyliam.workflows.youdao\/releases{\/id}","deployments_url":"https:\/\/api.github.com\/repos\/liszd\/whyliam.workflows.youdao\/deployments","created_at":"2015-05-05T04:23:14Z","updated_at":"2019-01-27T04:15:49Z","pushed_at":"2018-08-03T05:49:11Z","git_url":"git:\/\/github.com\/liszd\/whyliam.workflows.youdao.git","ssh_url":"git@github.com:liszd\/whyliam.workflows.youdao.git","clone_url":"https:\/\/github.com\/liszd\/whyliam.workflows.youdao.git","svn_url":"https:\/\/github.com\/liszd\/whyliam.workflows.youdao","homepage":"http:\/\/blog.naaln.com\/2015\/05\/repeat-create-the-wheel-alfred-plugin-youdao","size":3048,"stargazers_count":416,"watchers_count":416,"language":"Python","has_issues":true,"has_projects":true,"has_downloads":true,"has_wiki":true,"has_pages":false,"forks_count":72,"mirror_url":null,"archived":false,"open_issues_count":1,"license":{"key":"mit","name":"MIT License","spdx_id":"MIT","url":"https:\/\/api.github.com\/licenses\/mit","node_id":"MDc6TGljZW5zZTEz"},"forks":72,"open_issues":1,"watchers":416,"default_branch":"master","score":85.41235},{"id":2192780,"node_id":"MDEwOlJlcG9zaXRvcnkyMTkyNzgw","name":"jOOX","full_name":"jOOQ\/jOOX","private":false,"owner":{"login":"jOOQ","id":1666512,"node_id":"MDEyOk9yZ2FuaXphdGlvbjE2NjY1MTI=","avatar_url":"https:\/\/avatars3.githubusercontent.com\/u\/1666512?v=4","gravatar_id":"","url":"https:\/\/api.github.com\/users\/jOOQ","html_url":"https:\/\/github.com\/jOOQ","followers_url":"https:\/\/api.github.com\/users\/jOOQ\/followers","following_url":"https:\/\/api.github.com\/users\/jOOQ\/following{\/other_user}","gists_url":"https:\/\/api.github.com\/users\/jOOQ\/gists{\/gist_id}","starred_url":"https:\/\/api.github.com\/users\/jOOQ\/starred{\/owner}{\/repo}","subscriptions_url":"https:\/\/api.github.com\/users\/jOOQ\/subscriptions","organizations_url":"https:\/\/api.github.com\/users\/jOOQ\/orgs","repos_url":"https:\/\/api.github.com\/users\/jOOQ\/repos","events_url":"https:\/\/api.github.com\/users\/jOOQ\/events{\/privacy}","received_events_url":"https:\/\/api.github.com\/users\/jOOQ\/received_events","type":"Organization","site_admin":false},"html_url":"https:\/\/github.com\/jOOQ\/jOOX","description":"jOOX - The Power of jQuery Applied to W3C DOM Like JDBC, DOM is a powerful, yet very verbose low-level API to manipulate XML. The HTML DOM an be manipulated with the popular jQuery product, in JavaScript. Why don't we have jQuery in Java? jOOX is jQuery's XML parts, applied to Java.","fork":false,"url":"https:\/\/api.github.com\/repos\/jOOQ\/jOOX","forks_url":"https:\/\/api.github.com\/repos\/jOOQ\/jOOX\/forks","keys_url":"https:\/\/api.github.com\/repos\/jOOQ\/jOOX\/keys{\/key_id}","collaborators_url":"https:\/\/api.github.com\/repos\/jOOQ\/jOOX\/collaborators{\/collaborator}","teams_url":"https:\/\/api.github.com\/repos\/jOOQ\/jOOX\/teams","hooks_url":"https:\/\/api.github.com\/repos\/jOOQ\/jOOX\/hooks","issue_events_url":"https:\/\/api.github.com\/repos\/jOOQ\/jOOX\/issues\/events{\/number}","events_url":"https:\/\/api.github.com\/repos\/jOOQ\/jOOX\/events","assignees_url":"https:\/\/api.github.com\/repos\/jOOQ\/jOOX\/assignees{\/user}","branches_url":"https:\/\/api.github.com\/repos\/jOOQ\/jOOX\/branches{\/branch}","tags_url":"https:\/\/api.github.com\/repos\/jOOQ\/jOOX\/tags","blobs_url":"https:\/\/api.github.com\/repos\/jOOQ\/jOOX\/git\/blobs{\/sha}","git_tags_url":"https:\/\/api.github.com\/repos\/jOOQ\/jOOX\/git\/tags{\/sha}","git_refs_url":"https:\/\/api.github.com\/repos\/jOOQ\/jOOX\/git\/refs{\/sha}","trees_url":"https:\/\/api.github.com\/repos\/jOOQ\/jOOX\/git\/trees{\/sha}","statuses_url":"https:\/\/api.github.com\/repos\/jOOQ\/jOOX\/statuses\/{sha}","languages_url":"https:\/\/api.github.com\/repos\/jOOQ\/jOOX\/languages","stargazers_url":"https:\/\/api.github.com\/repos\/jOOQ\/jOOX\/stargazers","contributors_url":"https:\/\/api.github.com\/repos\/jOOQ\/jOOX\/contributors","subscribers_url":"https:\/\/api.github.com\/repos\/jOOQ\/jOOX\/subscribers","subscription_url":"https:\/\/api.github.com\/repos\/jOOQ\/jOOX\/subscription","commits_url":"https:\/\/api.github.com\/repos\/jOOQ\/jOOX\/commits{\/sha}","git_commits_url":"https:\/\/api.github.com\/repos\/jOOQ\/jOOX\/git\/commits{\/sha}","comments_url":"https:\/\/api.github.com\/repos\/jOOQ\/jOOX\/comments{\/number}","issue_comment_url":"https:\/\/api.github.com\/repos\/jOOQ\/jOOX\/issues\/comments{\/number}","contents_url":"https:\/\/api.github.com\/repos\/jOOQ\/jOOX\/contents\/{+path}","compare_url":"https:\/\/api.github.com\/repos\/jOOQ\/jOOX\/compare\/{base}...{head}","merges_url":"https:\/\/api.github.com\/repos\/jOOQ\/jOOX\/merges","archive_url":"https:\/\/api.github.com\/repos\/jOOQ\/jOOX\/{archive_format}{\/ref}","downloads_url":"https:\/\/api.github.com\/repos\/jOOQ\/jOOX\/downloads","issues_url":"https:\/\/api.github.com\/repos\/jOOQ\/jOOX\/issues{\/number}","pulls_url":"https:\/\/api.github.com\/repos\/jOOQ\/jOOX\/pulls{\/number}","milestones_url":"https:\/\/api.github.com\/repos\/jOOQ\/jOOX\/milestones{\/number}","notifications_url":"https:\/\/api.github.com\/repos\/jOOQ\/jOOX\/notifications{?since,all,participating}","labels_url":"https:\/\/api.github.com\/repos\/jOOQ\/jOOX\/labels{\/name}","releases_url":"https:\/\/api.github.com\/repos\/jOOQ\/jOOX\/releases{\/id}","deployments_url":"https:\/\/api.github.com\/repos\/jOOQ\/jOOX\/deployments","created_at":"2011-08-11T18:08:47Z","updated_at":"2019-01-29T02:59:21Z","pushed_at":"2018-09-10T11:04:36Z","git_url":"git:\/\/github.com\/jOOQ\/jOOX.git","ssh_url":"git@github.com:jOOQ\/jOOX.git","clone_url":"https:\/\/github.com\/jOOQ\/jOOX.git","svn_url":"https:\/\/github.com\/jOOQ\/jOOX","homepage":"http:\/\/www.jooq.org\/products","size":678,"stargazers_count":393,"watchers_count":393,"language":"Java","has_issues":true,"has_projects":true,"has_downloads":true,"has_wiki":true,"has_pages":false,"forks_count":33,"mirror_url":null,"archived":false,"open_issues_count":47,"license":{"key":"apache-2.0","name":"Apache License 2.0","spdx_id":"Apache-2.0","url":"https:\/\/api.github.com\/licenses\/apache-2.0","node_id":"MDc6TGljZW5zZTI="},"forks":33,"open_issues":47,"watchers":393,"default_branch":"master","score":19.783384},{"id":122733470,"node_id":"MDEwOlJlcG9zaXRvcnkxMjI3MzM0NzA=","name":"whybundled","full_name":"d4rkr00t\/whybundled","private":false,"owner":{"login":"d4rkr00t","id":200119,"node_id":"MDQ6VXNlcjIwMDExOQ==","avatar_url":"https:\/\/avatars2.githubusercontent.com\/u\/200119?v=4","gravatar_id":"","url":"https:\/\/api.github.com\/users\/d4rkr00t","html_url":"https:\/\/github.com\/d4rkr00t","followers_url":"https:\/\/api.github.com\/users\/d4rkr00t\/followers","following_url":"https:\/\/api.github.com\/users\/d4rkr00t\/following{\/other_user}","gists_url":"https:\/\/api.github.com\/users\/d4rkr00t\/gists{\/gist_id}","starred_url":"https:\/\/api.github.com\/users\/d4rkr00t\/starred{\/owner}{\/repo}","subscriptions_url":"https:\/\/api.github.com\/users\/d4rkr00t\/subscriptions","organizations_url":"https:\/\/api.github.com\/users\/d4rkr00t\/orgs","repos_url":"https:\/\/api.github.com\/users\/d4rkr00t\/repos","events_url":"https:\/\/api.github.com\/users\/d4rkr00t\/events{\/privacy}","received_events_url":"https:\/\/api.github.com\/users\/d4rkr00t\/received_events","type":"User","site_admin":false},"html_url":"https:\/\/github.com\/d4rkr00t\/whybundled","description":"Answers the question \u2013 Why the hell is this module in a bundle?","fork":false,"url":"https:\/\/api.github.com\/repos\/d4rkr00t\/whybundled","forks_url":"https:\/\/api.github.com\/repos\/d4rkr00t\/whybundled\/forks","keys_url":"https:\/\/api.github.com\/repos\/d4rkr00t\/whybundled\/keys{\/key_id}","collaborators_url":"https:\/\/api.github.com\/repos\/d4rkr00t\/whybundled\/collaborators{\/collaborator}","teams_url":"https:\/\/api.github.com\/repos\/d4rkr00t\/whybundled\/teams","hooks_url":"https:\/\/api.github.com\/repos\/d4rkr00t\/whybundled\/hooks","issue_events_url":"https:\/\/api.github.com\/repos\/d4rkr00t\/whybundled\/issues\/events{\/number}","events_url":"https:\/\/api.github.com\/repos\/d4rkr00t\/whybundled\/events","assignees_url":"https:\/\/api.github.com\/repos\/d4rkr00t\/whybundled\/assignees{\/user}","branches_url":"https:\/\/api.github.com\/repos\/d4rkr00t\/whybundled\/branches{\/branch}","tags_url":"https:\/\/api.github.com\/repos\/d4rkr00t\/whybundled\/tags","blobs_url":"https:\/\/api.github.com\/repos\/d4rkr00t\/whybundled\/git\/blobs{\/sha}","git_tags_url":"https:\/\/api.github.com\/repos\/d4rkr00t\/whybundled\/git\/tags{\/sha}","git_refs_url":"https:\/\/api.github.com\/repos\/d4rkr00t\/whybundled\/git\/refs{\/sha}","trees_url":"https:\/\/api.github.com\/repos\/d4rkr00t\/whybundled\/git\/trees{\/sha}","statuses_url":"https:\/\/api.github.com\/repos\/d4rkr00t\/whybundled\/statuses\/{sha}","languages_url":"https:\/\/api.github.com\/repos\/d4rkr00t\/whybundled\/languages","stargazers_url":"https:\/\/api.github.com\/repos\/d4rkr00t\/whybundled\/stargazers","contributors_url":"https:\/\/api.github.com\/repos\/d4rkr00t\/whybundled\/contributors","subscribers_url":"https:\/\/api.github.com\/repos\/d4rkr00t\/whybundled\/subscribers","subscription_url":"https:\/\/api.github.com\/repos\/d4rkr00t\/whybundled\/subscription","commits_url":"https:\/\/api.github.com\/repos\/d4rkr00t\/whybundled\/commits{\/sha}","git_commits_url":"https:\/\/api.github.com\/repos\/d4rkr00t\/whybundled\/git\/commits{\/sha}","comments_url":"https:\/\/api.github.com\/repos\/d4rkr00t\/whybundled\/comments{\/number}","issue_comment_url":"https:\/\/api.github.com\/repos\/d4rkr00t\/whybundled\/issues\/comments{\/number}","contents_url":"https:\/\/api.github.com\/repos\/d4rkr00t\/whybundled\/contents\/{+path}","compare_url":"https:\/\/api.github.com\/repos\/d4rkr00t\/whybundled\/compare\/{base}...{head}","merges_url":"https:\/\/api.github.com\/repos\/d4rkr00t\/whybundled\/merges","archive_url":"https:\/\/api.github.com\/repos\/d4rkr00t\/whybundled\/{archive_format}{\/ref}","downloads_url":"https:\/\/api.github.com\/repos\/d4rkr00t\/whybundled\/downloads","issues_url":"https:\/\/api.github.com\/repos\/d4rkr00t\/whybundled\/issues{\/number}","pulls_url":"https:\/\/api.github.com\/repos\/d4rkr00t\/whybundled\/pulls{\/number}","milestones_url":"https:\/\/api.github.com\/repos\/d4rkr00t\/whybundled\/milestones{\/number}","notifications_url":"https:\/\/api.github.com\/repos\/d4rkr00t\/whybundled\/notifications{?since,all,participating}","labels_url":"https:\/\/api.github.com\/repos\/d4rkr00t\/whybundled\/labels{\/name}","releases_url":"https:\/\/api.github.com\/repos\/d4rkr00t\/whybundled\/releases{\/id}","deployments_url":"https:\/\/api.github.com\/repos\/d4rkr00t\/whybundled\/deployments","created_at":"2018-02-24T11:12:27Z","updated_at":"2019-01-23T19:10:27Z","pushed_at":"2018-08-20T15:27:01Z","git_url":"git:\/\/github.com\/d4rkr00t\/whybundled.git","ssh_url":"git@github.com:d4rkr00t\/whybundled.git","clone_url":"https:\/\/github.com\/d4rkr00t\/whybundled.git","svn_url":"https:\/\/github.com\/d4rkr00t\/whybundled","homepage":"","size":2003,"stargazers_count":374,"watchers_count":374,"language":"JavaScript","has_issues":true,"has_projects":true,"has_downloads":true,"has_wiki":true,"has_pages":false,"forks_count":8,"mirror_url":null,"archived":false,"open_issues_count":0,"license":{"key":"mit","name":"MIT License","spdx_id":"MIT","url":"https:\/\/api.github.com\/licenses\/mit","node_id":"MDc6TGljZW5zZTEz"},"forks":8,"open_issues":0,"watchers":374,"default_branch":"master","score":68.71855},{"id":9549719,"node_id":"MDEwOlJlcG9zaXRvcnk5NTQ5NzE5","name":"CLOSURE","full_name":"steveklabnik\/CLOSURE","private":false,"owner":{"login":"steveklabnik","id":27786,"node_id":"MDQ6VXNlcjI3Nzg2","avatar_url":"https:\/\/avatars2.githubusercontent.com\/u\/27786?v=4","gravatar_id":"","url":"https:\/\/api.github.com\/users\/steveklabnik","html_url":"https:\/\/github.com\/steveklabnik","followers_url":"https:\/\/api.github.com\/users\/steveklabnik\/followers","following_url":"https:\/\/api.github.com\/users\/steveklabnik\/following{\/other_user}","gists_url":"https:\/\/api.github.com\/users\/steveklabnik\/gists{\/gist_id}","starred_url":"https:\/\/api.github.com\/users\/steveklabnik\/starred{\/owner}{\/repo}","subscriptions_url":"https:\/\/api.github.com\/users\/steveklabnik\/subscriptions","organizations_url":"https:\/\/api.github.com\/users\/steveklabnik\/orgs","repos_url":"https:\/\/api.github.com\/users\/steveklabnik\/repos","events_url":"https:\/\/api.github.com\/users\/steveklabnik\/events{\/privacy}","received_events_url":"https:\/\/api.github.com\/users\/steveklabnik\/received_events","type":"User","site_admin":false},"html_url":"https:\/\/github.com\/steveklabnik\/CLOSURE","description":"Thanks, _why.","fork":false,"url":"https:\/\/api.github.com\/repos\/steveklabnik\/CLOSURE","forks_url":"https:\/\/api.github.com\/repos\/steveklabnik\/CLOSURE\/forks","keys_url":"https:\/\/api.github.com\/repos\/steveklabnik\/CLOSURE\/keys{\/key_id}","collaborators_url":"https:\/\/api.github.com\/repos\/steveklabnik\/CLOSURE\/collaborators{\/collaborator}","teams_url":"https:\/\/api.github.com\/repos\/steveklabnik\/CLOSURE\/teams","hooks_url":"https:\/\/api.github.com\/repos\/steveklabnik\/CLOSURE\/hooks","issue_events_url":"https:\/\/api.github.com\/repos\/steveklabnik\/CLOSURE\/issues\/events{\/number}","events_url":"https:\/\/api.github.com\/repos\/steveklabnik\/CLOSURE\/events","assignees_url":"https:\/\/api.github.com\/repos\/steveklabnik\/CLOSURE\/assignees{\/user}","branches_url":"https:\/\/api.github.com\/repos\/steveklabnik\/CLOSURE\/branches{\/branch}","tags_url":"https:\/\/api.github.com\/repos\/steveklabnik\/CLOSURE\/tags","blobs_url":"https:\/\/api.github.com\/repos\/steveklabnik\/CLOSURE\/git\/blobs{\/sha}","git_tags_url":"https:\/\/api.github.com\/repos\/steveklabnik\/CLOSURE\/git\/tags{\/sha}","git_refs_url":"https:\/\/api.github.com\/repos\/steveklabnik\/CLOSURE\/git\/refs{\/sha}","trees_url":"https:\/\/api.github.com\/repos\/steveklabnik\/CLOSURE\/git\/trees{\/sha}","statuses_url":"https:\/\/api.github.com\/repos\/steveklabnik\/CLOSURE\/statuses\/{sha}","languages_url":"https:\/\/api.github.com\/repos\/steveklabnik\/CLOSURE\/languages","stargazers_url":"https:\/\/api.github.com\/repos\/steveklabnik\/CLOSURE\/stargazers","contributors_url":"https:\/\/api.github.com\/repos\/steveklabnik\/CLOSURE\/contributors","subscribers_url":"https:\/\/api.github.com\/repos\/steveklabnik\/CLOSURE\/subscribers","subscription_url":"https:\/\/api.github.com\/repos\/steveklabnik\/CLOSURE\/subscription","commits_url":"https:\/\/api.github.com\/repos\/steveklabnik\/CLOSURE\/commits{\/sha}","git_commits_url":"https:\/\/api.github.com\/repos\/steveklabnik\/CLOSURE\/git\/commits{\/sha}","comments_url":"https:\/\/api.github.com\/repos\/steveklabnik\/CLOSURE\/comments{\/number}","issue_comment_url":"https:\/\/api.github.com\/repos\/steveklabnik\/CLOSURE\/issues\/comments{\/number}","contents_url":"https:\/\/api.github.com\/repos\/steveklabnik\/CLOSURE\/contents\/{+path}","compare_url":"https:\/\/api.github.com\/repos\/steveklabnik\/CLOSURE\/compare\/{base}...{head}","merges_url":"https:\/\/api.github.com\/repos\/steveklabnik\/CLOSURE\/merges","archive_url":"https:\/\/api.github.com\/repos\/steveklabnik\/CLOSURE\/{archive_format}{\/ref}","downloads_url":"https:\/\/api.github.com\/repos\/steveklabnik\/CLOSURE\/downloads","issues_url":"https:\/\/api.github.com\/repos\/steveklabnik\/CLOSURE\/issues{\/number}","pulls_url":"https:\/\/api.github.com\/repos\/steveklabnik\/CLOSURE\/pulls{\/number}","milestones_url":"https:\/\/api.github.com\/repos\/steveklabnik\/CLOSURE\/milestones{\/number}","notifications_url":"https:\/\/api.github.com\/repos\/steveklabnik\/CLOSURE\/notifications{?since,all,participating}","labels_url":"https:\/\/api.github.com\/repos\/steveklabnik\/CLOSURE\/labels{\/name}","releases_url":"https:\/\/api.github.com\/repos\/steveklabnik\/CLOSURE\/releases{\/id}","deployments_url":"https:\/\/api.github.com\/repos\/steveklabnik\/CLOSURE\/deployments","created_at":"2013-04-19T16:35:35Z","updated_at":"2019-01-25T03:10:45Z","pushed_at":"2016-08-19T21:52:58Z","git_url":"git:\/\/github.com\/steveklabnik\/CLOSURE.git","ssh_url":"git@github.com:steveklabnik\/CLOSURE.git","clone_url":"https:\/\/github.com\/steveklabnik\/CLOSURE.git","svn_url":"https:\/\/github.com\/steveklabnik\/CLOSURE","homepage":null,"size":98819,"stargazers_count":347,"watchers_count":347,"language":null,"has_issues":true,"has_projects":true,"has_downloads":true,"has_wiki":true,"has_pages":false,"forks_count":29,"mirror_url":null,"archived":false,"open_issues_count":1,"license":null,"forks":29,"open_issues":1,"watchers":347,"default_branch":"master","score":83.83729},{"id":285132,"node_id":"MDEwOlJlcG9zaXRvcnkyODUxMzI=","name":"TryRuby","full_name":"Sophrinix\/TryRuby","private":false,"owner":{"login":"Sophrinix","id":34090,"node_id":"MDQ6VXNlcjM0MDkw","avatar_url":"https:\/\/avatars1.githubusercontent.com\/u\/34090?v=4","gravatar_id":"","url":"https:\/\/api.github.com\/users\/Sophrinix","html_url":"https:\/\/github.com\/Sophrinix","followers_url":"https:\/\/api.github.com\/users\/Sophrinix\/followers","following_url":"https:\/\/api.github.com\/users\/Sophrinix\/following{\/other_user}","gists_url":"https:\/\/api.github.com\/users\/Sophrinix\/gists{\/gist_id}","starred_url":"https:\/\/api.github.com\/users\/Sophrinix\/starred{\/owner}{\/repo}","subscriptions_url":"https:\/\/api.github.com\/users\/Sophrinix\/subscriptions","organizations_url":"https:\/\/api.github.com\/users\/Sophrinix\/orgs","repos_url":"https:\/\/api.github.com\/users\/Sophrinix\/repos","events_url":"https:\/\/api.github.com\/users\/Sophrinix\/events{\/privacy}","received_events_url":"https:\/\/api.github.com\/users\/Sophrinix\/received_events","type":"User","site_admin":false},"html_url":"https:\/\/github.com\/Sophrinix\/TryRuby","description":"Try Ruby is a interactive shell that quickly and whimsically teaches the Ruby programming language. Originally _why's idea, it has been recreated from the ground up by Rubyists who have a passion for Ruby and for teaching their fellow (wo)man how to program.","fork":false,"url":"https:\/\/api.github.com\/repos\/Sophrinix\/TryRuby","forks_url":"https:\/\/api.github.com\/repos\/Sophrinix\/TryRuby\/forks","keys_url":"https:\/\/api.github.com\/repos\/Sophrinix\/TryRuby\/keys{\/key_id}","collaborators_url":"https:\/\/api.github.com\/repos\/Sophrinix\/TryRuby\/collaborators{\/collaborator}","teams_url":"https:\/\/api.github.com\/repos\/Sophrinix\/TryRuby\/teams","hooks_url":"https:\/\/api.github.com\/repos\/Sophrinix\/TryRuby\/hooks","issue_events_url":"https:\/\/api.github.com\/repos\/Sophrinix\/TryRuby\/issues\/events{\/number}","events_url":"https:\/\/api.github.com\/repos\/Sophrinix\/TryRuby\/events","assignees_url":"https:\/\/api.github.com\/repos\/Sophrinix\/TryRuby\/assignees{\/user}","branches_url":"https:\/\/api.github.com\/repos\/Sophrinix\/TryRuby\/branches{\/branch}","tags_url":"https:\/\/api.github.com\/repos\/Sophrinix\/TryRuby\/tags","blobs_url":"https:\/\/api.github.com\/repos\/Sophrinix\/TryRuby\/git\/blobs{\/sha}","git_tags_url":"https:\/\/api.github.com\/repos\/Sophrinix\/TryRuby\/git\/tags{\/sha}","git_refs_url":"https:\/\/api.github.com\/repos\/Sophrinix\/TryRuby\/git\/refs{\/sha}","trees_url":"https:\/\/api.github.com\/repos\/Sophrinix\/TryRuby\/git\/trees{\/sha}","statuses_url":"https:\/\/api.github.com\/repos\/Sophrinix\/TryRuby\/statuses\/{sha}","languages_url":"https:\/\/api.github.com\/repos\/Sophrinix\/TryRuby\/languages","stargazers_url":"https:\/\/api.github.com\/repos\/Sophrinix\/TryRuby\/stargazers","contributors_url":"https:\/\/api.github.com\/repos\/Sophrinix\/TryRuby\/contributors","subscribers_url":"https:\/\/api.github.com\/repos\/Sophrinix\/TryRuby\/subscribers","subscription_url":"https:\/\/api.github.com\/repos\/Sophrinix\/TryRuby\/subscription","commits_url":"https:\/\/api.github.com\/repos\/Sophrinix\/TryRuby\/commits{\/sha}","git_commits_url":"https:\/\/api.github.com\/repos\/Sophrinix\/TryRuby\/git\/commits{\/sha}","comments_url":"https:\/\/api.github.com\/repos\/Sophrinix\/TryRuby\/comments{\/number}","issue_comment_url":"https:\/\/api.github.com\/repos\/Sophrinix\/TryRuby\/issues\/comments{\/number}","contents_url":"https:\/\/api.github.com\/repos\/Sophrinix\/TryRuby\/contents\/{+path}","compare_url":"https:\/\/api.github.com\/repos\/Sophrinix\/TryRuby\/compare\/{base}...{head}","merges_url":"https:\/\/api.github.com\/repos\/Sophrinix\/TryRuby\/merges","archive_url":"https:\/\/api.github.com\/repos\/Sophrinix\/TryRuby\/{archive_format}{\/ref}","downloads_url":"https:\/\/api.github.com\/repos\/Sophrinix\/TryRuby\/downloads","issues_url":"https:\/\/api.github.com\/repos\/Sophrinix\/TryRuby\/issues{\/number}","pulls_url":"https:\/\/api.github.com\/repos\/Sophrinix\/TryRuby\/pulls{\/number}","milestones_url":"https:\/\/api.github.com\/repos\/Sophrinix\/TryRuby\/milestones{\/number}","notifications_url":"https:\/\/api.github.com\/repos\/Sophrinix\/TryRuby\/notifications{?since,all,participating}","labels_url":"https:\/\/api.github.com\/repos\/Sophrinix\/TryRuby\/labels{\/name}","releases_url":"https:\/\/api.github.com\/repos\/Sophrinix\/TryRuby\/releases{\/id}","deployments_url":"https:\/\/api.github.com\/repos\/Sophrinix\/TryRuby\/deployments","created_at":"2009-08-22T17:31:37Z","updated_at":"2019-01-21T09:33:14Z","pushed_at":"2018-06-02T04:32:55Z","git_url":"git:\/\/github.com\/Sophrinix\/TryRuby.git","ssh_url":"git@github.com:Sophrinix\/TryRuby.git","clone_url":"https:\/\/github.com\/Sophrinix\/TryRuby.git","svn_url":"https:\/\/github.com\/Sophrinix\/TryRuby","homepage":"tryruby.org","size":881,"stargazers_count":346,"watchers_count":346,"language":"HTML","has_issues":true,"has_projects":true,"has_downloads":true,"has_wiki":true,"has_pages":false,"forks_count":82,"mirror_url":null,"archived":false,"open_issues_count":69,"license":null,"forks":82,"open_issues":69,"watchers":346,"default_branch":"master","score":21.902197},{"id":139259807,"node_id":"MDEwOlJlcG9zaXRvcnkxMzkyNTk4MDc=","name":"UserDefaultsStore","full_name":"omaralbeik\/UserDefaultsStore","private":false,"owner":{"login":"omaralbeik","id":8127757,"node_id":"MDQ6VXNlcjgxMjc3NTc=","avatar_url":"https:\/\/avatars2.githubusercontent.com\/u\/8127757?v=4","gravatar_id":"","url":"https:\/\/api.github.com\/users\/omaralbeik","html_url":"https:\/\/github.com\/omaralbeik","followers_url":"https:\/\/api.github.com\/users\/omaralbeik\/followers","following_url":"https:\/\/api.github.com\/users\/omaralbeik\/following{\/other_user}","gists_url":"https:\/\/api.github.com\/users\/omaralbeik\/gists{\/gist_id}","starred_url":"https:\/\/api.github.com\/users\/omaralbeik\/starred{\/owner}{\/repo}","subscriptions_url":"https:\/\/api.github.com\/users\/omaralbeik\/subscriptions","organizations_url":"https:\/\/api.github.com\/users\/omaralbeik\/orgs","repos_url":"https:\/\/api.github.com\/users\/omaralbeik\/repos","events_url":"https:\/\/api.github.com\/users\/omaralbeik\/events{\/privacy}","received_events_url":"https:\/\/api.github.com\/users\/omaralbeik\/received_events","type":"User","site_admin":false},"html_url":"https:\/\/github.com\/omaralbeik\/UserDefaultsStore","description":"Why not use UserDefaults to store Codable objects \ud83d\ude09","fork":false,"url":"https:\/\/api.github.com\/repos\/omaralbeik\/UserDefaultsStore","forks_url":"https:\/\/api.github.com\/repos\/omaralbeik\/UserDefaultsStore\/forks","keys_url":"https:\/\/api.github.com\/repos\/omaralbeik\/UserDefaultsStore\/keys{\/key_id}","collaborators_url":"https:\/\/api.github.com\/repos\/omaralbeik\/UserDefaultsStore\/collaborators{\/collaborator}","teams_url":"https:\/\/api.github.com\/repos\/omaralbeik\/UserDefaultsStore\/teams","hooks_url":"https:\/\/api.github.com\/repos\/omaralbeik\/UserDefaultsStore\/hooks","issue_events_url":"https:\/\/api.github.com\/repos\/omaralbeik\/UserDefaultsStore\/issues\/events{\/number}","events_url":"https:\/\/api.github.com\/repos\/omaralbeik\/UserDefaultsStore\/events","assignees_url":"https:\/\/api.github.com\/repos\/omaralbeik\/UserDefaultsStore\/assignees{\/user}","branches_url":"https:\/\/api.github.com\/repos\/omaralbeik\/UserDefaultsStore\/branches{\/branch}","tags_url":"https:\/\/api.github.com\/repos\/omaralbeik\/UserDefaultsStore\/tags","blobs_url":"https:\/\/api.github.com\/repos\/omaralbeik\/UserDefaultsStore\/git\/blobs{\/sha}","git_tags_url":"https:\/\/api.github.com\/repos\/omaralbeik\/UserDefaultsStore\/git\/tags{\/sha}","git_refs_url":"https:\/\/api.github.com\/repos\/omaralbeik\/UserDefaultsStore\/git\/refs{\/sha}","trees_url":"https:\/\/api.github.com\/repos\/omaralbeik\/UserDefaultsStore\/git\/trees{\/sha}","statuses_url":"https:\/\/api.github.com\/repos\/omaralbeik\/UserDefaultsStore\/statuses\/{sha}","languages_url":"https:\/\/api.github.com\/repos\/omaralbeik\/UserDefaultsStore\/languages","stargazers_url":"https:\/\/api.github.com\/repos\/omaralbeik\/UserDefaultsStore\/stargazers","contributors_url":"https:\/\/api.github.com\/repos\/omaralbeik\/UserDefaultsStore\/contributors","subscribers_url":"https:\/\/api.github.com\/repos\/omaralbeik\/UserDefaultsStore\/subscribers","subscription_url":"https:\/\/api.github.com\/repos\/omaralbeik\/UserDefaultsStore\/subscription","commits_url":"https:\/\/api.github.com\/repos\/omaralbeik\/UserDefaultsStore\/commits{\/sha}","git_commits_url":"https:\/\/api.github.com\/repos\/omaralbeik\/UserDefaultsStore\/git\/commits{\/sha}","comments_url":"https:\/\/api.github.com\/repos\/omaralbeik\/UserDefaultsStore\/comments{\/number}","issue_comment_url":"https:\/\/api.github.com\/repos\/omaralbeik\/UserDefaultsStore\/issues\/comments{\/number}","contents_url":"https:\/\/api.github.com\/repos\/omaralbeik\/UserDefaultsStore\/contents\/{+path}","compare_url":"https:\/\/api.github.com\/repos\/omaralbeik\/UserDefaultsStore\/compare\/{base}...{head}","merges_url":"https:\/\/api.github.com\/repos\/omaralbeik\/UserDefaultsStore\/merges","archive_url":"https:\/\/api.github.com\/repos\/omaralbeik\/UserDefaultsStore\/{archive_format}{\/ref}","downloads_url":"https:\/\/api.github.com\/repos\/omaralbeik\/UserDefaultsStore\/downloads","issues_url":"https:\/\/api.github.com\/repos\/omaralbeik\/UserDefaultsStore\/issues{\/number}","pulls_url":"https:\/\/api.github.com\/repos\/omaralbeik\/UserDefaultsStore\/pulls{\/number}","milestones_url":"https:\/\/api.github.com\/repos\/omaralbeik\/UserDefaultsStore\/milestones{\/number}","notifications_url":"https:\/\/api.github.com\/repos\/omaralbeik\/UserDefaultsStore\/notifications{?since,all,participating}","labels_url":"https:\/\/api.github.com\/repos\/omaralbeik\/UserDefaultsStore\/labels{\/name}","releases_url":"https:\/\/api.github.com\/repos\/omaralbeik\/UserDefaultsStore\/releases{\/id}","deployments_url":"https:\/\/api.github.com\/repos\/omaralbeik\/UserDefaultsStore\/deployments","created_at":"2018-06-30T15:29:31Z","updated_at":"2019-01-28T22:49:33Z","pushed_at":"2018-11-08T05:49:36Z","git_url":"git:\/\/github.com\/omaralbeik\/UserDefaultsStore.git","ssh_url":"git@github.com:omaralbeik\/UserDefaultsStore.git","clone_url":"https:\/\/github.com\/omaralbeik\/UserDefaultsStore.git","svn_url":"https:\/\/github.com\/omaralbeik\/UserDefaultsStore","homepage":null,"size":388,"stargazers_count":311,"watchers_count":311,"language":"Swift","has_issues":true,"has_projects":false,"has_downloads":true,"has_wiki":false,"has_pages":false,"forks_count":13,"mirror_url":null,"archived":false,"open_issues_count":2,"license":{"key":"mit","name":"MIT License","spdx_id":"MIT","url":"https:\/\/api.github.com\/licenses\/mit","node_id":"MDc6TGljZW5zZTEz"},"forks":13,"open_issues":2,"watchers":311,"default_branch":"master","score":51.533596},{"id":1666180,"node_id":"MDEwOlJlcG9zaXRvcnkxNjY2MTgw","name":"why_i_love_github","full_name":"schacon\/why_i_love_github","private":false,"owner":{"login":"schacon","id":70,"node_id":"MDQ6VXNlcjcw","avatar_url":"https:\/\/avatars0.githubusercontent.com\/u\/70?v=4","gravatar_id":"","url":"https:\/\/api.github.com\/users\/schacon","html_url":"https:\/\/github.com\/schacon","followers_url":"https:\/\/api.github.com\/users\/schacon\/followers","following_url":"https:\/\/api.github.com\/users\/schacon\/following{\/other_user}","gists_url":"https:\/\/api.github.com\/users\/schacon\/gists{\/gist_id}","starred_url":"https:\/\/api.github.com\/users\/schacon\/starred{\/owner}{\/repo}","subscriptions_url":"https:\/\/api.github.com\/users\/schacon\/subscriptions","organizations_url":"https:\/\/api.github.com\/users\/schacon\/orgs","repos_url":"https:\/\/api.github.com\/users\/schacon\/repos","events_url":"https:\/\/api.github.com\/users\/schacon\/events{\/privacy}","received_events_url":"https:\/\/api.github.com\/users\/schacon\/received_events","type":"User","site_admin":false},"html_url":"https:\/\/github.com\/schacon\/why_i_love_github","description":null,"fork":false,"url":"https:\/\/api.github.com\/repos\/schacon\/why_i_love_github","forks_url":"https:\/\/api.github.com\/repos\/schacon\/why_i_love_github\/forks","keys_url":"https:\/\/api.github.com\/repos\/schacon\/why_i_love_github\/keys{\/key_id}","collaborators_url":"https:\/\/api.github.com\/repos\/schacon\/why_i_love_github\/collaborators{\/collaborator}","teams_url":"https:\/\/api.github.com\/repos\/schacon\/why_i_love_github\/teams","hooks_url":"https:\/\/api.github.com\/repos\/schacon\/why_i_love_github\/hooks","issue_events_url":"https:\/\/api.github.com\/repos\/schacon\/why_i_love_github\/issues\/events{\/number}","events_url":"https:\/\/api.github.com\/repos\/schacon\/why_i_love_github\/events","assignees_url":"https:\/\/api.github.com\/repos\/schacon\/why_i_love_github\/assignees{\/user}","branches_url":"https:\/\/api.github.com\/repos\/schacon\/why_i_love_github\/branches{\/branch}","tags_url":"https:\/\/api.github.com\/repos\/schacon\/why_i_love_github\/tags","blobs_url":"https:\/\/api.github.com\/repos\/schacon\/why_i_love_github\/git\/blobs{\/sha}","git_tags_url":"https:\/\/api.github.com\/repos\/schacon\/why_i_love_github\/git\/tags{\/sha}","git_refs_url":"https:\/\/api.github.com\/repos\/schacon\/why_i_love_github\/git\/refs{\/sha}","trees_url":"https:\/\/api.github.com\/repos\/schacon\/why_i_love_github\/git\/trees{\/sha}","statuses_url":"https:\/\/api.github.com\/repos\/schacon\/why_i_love_github\/statuses\/{sha}","languages_url":"https:\/\/api.github.com\/repos\/schacon\/why_i_love_github\/languages","stargazers_url":"https:\/\/api.github.com\/repos\/schacon\/why_i_love_github\/stargazers","contributors_url":"https:\/\/api.github.com\/repos\/schacon\/why_i_love_github\/contributors","subscribers_url":"https:\/\/api.github.com\/repos\/schacon\/why_i_love_github\/subscribers","subscription_url":"https:\/\/api.github.com\/repos\/schacon\/why_i_love_github\/subscription","commits_url":"https:\/\/api.github.com\/repos\/schacon\/why_i_love_github\/commits{\/sha}","git_commits_url":"https:\/\/api.github.com\/repos\/schacon\/why_i_love_github\/git\/commits{\/sha}","comments_url":"https:\/\/api.github.com\/repos\/schacon\/why_i_love_github\/comments{\/number}","issue_comment_url":"https:\/\/api.github.com\/repos\/schacon\/why_i_love_github\/issues\/comments{\/number}","contents_url":"https:\/\/api.github.com\/repos\/schacon\/why_i_love_github\/contents\/{+path}","compare_url":"https:\/\/api.github.com\/repos\/schacon\/why_i_love_github\/compare\/{base}...{head}","merges_url":"https:\/\/api.github.com\/repos\/schacon\/why_i_love_github\/merges","archive_url":"https:\/\/api.github.com\/repos\/schacon\/why_i_love_github\/{archive_format}{\/ref}","downloads_url":"https:\/\/api.github.com\/repos\/schacon\/why_i_love_github\/downloads","issues_url":"https:\/\/api.github.com\/repos\/schacon\/why_i_love_github\/issues{\/number}","pulls_url":"https:\/\/api.github.com\/repos\/schacon\/why_i_love_github\/pulls{\/number}","milestones_url":"https:\/\/api.github.com\/repos\/schacon\/why_i_love_github\/milestones{\/number}","notifications_url":"https:\/\/api.github.com\/repos\/schacon\/why_i_love_github\/notifications{?since,all,participating}","labels_url":"https:\/\/api.github.com\/repos\/schacon\/why_i_love_github\/labels{\/name}","releases_url":"https:\/\/api.github.com\/repos\/schacon\/why_i_love_github\/releases{\/id}","deployments_url":"https:\/\/api.github.com\/repos\/schacon\/why_i_love_github\/deployments","created_at":"2011-04-26T17:18:57Z","updated_at":"2018-12-26T22:44:49Z","pushed_at":"2018-09-06T06:18:12Z","git_url":"git:\/\/github.com\/schacon\/why_i_love_github.git","ssh_url":"git@github.com:schacon\/why_i_love_github.git","clone_url":"https:\/\/github.com\/schacon\/why_i_love_github.git","svn_url":"https:\/\/github.com\/schacon\/why_i_love_github","homepage":"","size":296,"stargazers_count":269,"watchers_count":269,"language":null,"has_issues":true,"has_projects":true,"has_downloads":true,"has_wiki":true,"has_pages":false,"forks_count":202,"mirror_url":null,"archived":false,"open_issues_count":115,"license":null,"forks":202,"open_issues":115,"watchers":269,"default_branch":"master","score":94.83848},{"id":5762352,"node_id":"MDEwOlJlcG9zaXRvcnk1NzYyMzUy","name":"nightowls","full_name":"Swizec\/nightowls","private":false,"owner":{"login":"Swizec","id":56883,"node_id":"MDQ6VXNlcjU2ODgz","avatar_url":"https:\/\/avatars0.githubusercontent.com\/u\/56883?v=4","gravatar_id":"","url":"https:\/\/api.github.com\/users\/Swizec","html_url":"https:\/\/github.com\/Swizec","followers_url":"https:\/\/api.github.com\/users\/Swizec\/followers","following_url":"https:\/\/api.github.com\/users\/Swizec\/following{\/other_user}","gists_url":"https:\/\/api.github.com\/users\/Swizec\/gists{\/gist_id}","starred_url":"https:\/\/api.github.com\/users\/Swizec\/starred{\/owner}{\/repo}","subscriptions_url":"https:\/\/api.github.com\/users\/Swizec\/subscriptions","organizations_url":"https:\/\/api.github.com\/users\/Swizec\/orgs","repos_url":"https:\/\/api.github.com\/users\/Swizec\/repos","events_url":"https:\/\/api.github.com\/users\/Swizec\/events{\/privacy}","received_events_url":"https:\/\/api.github.com\/users\/Swizec\/received_events","type":"User","site_admin":false},"html_url":"https:\/\/github.com\/Swizec\/nightowls","description":"Why programmers work at night - a book about programmers, by a programmer","fork":false,"url":"https:\/\/api.github.com\/repos\/Swizec\/nightowls","forks_url":"https:\/\/api.github.com\/repos\/Swizec\/nightowls\/forks","keys_url":"https:\/\/api.github.com\/repos\/Swizec\/nightowls\/keys{\/key_id}","collaborators_url":"https:\/\/api.github.com\/repos\/Swizec\/nightowls\/collaborators{\/collaborator}","teams_url":"https:\/\/api.github.com\/repos\/Swizec\/nightowls\/teams","hooks_url":"https:\/\/api.github.com\/repos\/Swizec\/nightowls\/hooks","issue_events_url":"https:\/\/api.github.com\/repos\/Swizec\/nightowls\/issues\/events{\/number}","events_url":"https:\/\/api.github.com\/repos\/Swizec\/nightowls\/events","assignees_url":"https:\/\/api.github.com\/repos\/Swizec\/nightowls\/assignees{\/user}","branches_url":"https:\/\/api.github.com\/repos\/Swizec\/nightowls\/branches{\/branch}","tags_url":"https:\/\/api.github.com\/repos\/Swizec\/nightowls\/tags","blobs_url":"https:\/\/api.github.com\/repos\/Swizec\/nightowls\/git\/blobs{\/sha}","git_tags_url":"https:\/\/api.github.com\/repos\/Swizec\/nightowls\/git\/tags{\/sha}","git_refs_url":"https:\/\/api.github.com\/repos\/Swizec\/nightowls\/git\/refs{\/sha}","trees_url":"https:\/\/api.github.com\/repos\/Swizec\/nightowls\/git\/trees{\/sha}","statuses_url":"https:\/\/api.github.com\/repos\/Swizec\/nightowls\/statuses\/{sha}","languages_url":"https:\/\/api.github.com\/repos\/Swizec\/nightowls\/languages","stargazers_url":"https:\/\/api.github.com\/repos\/Swizec\/nightowls\/stargazers","contributors_url":"https:\/\/api.github.com\/repos\/Swizec\/nightowls\/contributors","subscribers_url":"https:\/\/api.github.com\/repos\/Swizec\/nightowls\/subscribers","subscription_url":"https:\/\/api.github.com\/repos\/Swizec\/nightowls\/subscription","commits_url":"https:\/\/api.github.com\/repos\/Swizec\/nightowls\/commits{\/sha}","git_commits_url":"https:\/\/api.github.com\/repos\/Swizec\/nightowls\/git\/commits{\/sha}","comments_url":"https:\/\/api.github.com\/repos\/Swizec\/nightowls\/comments{\/number}","issue_comment_url":"https:\/\/api.github.com\/repos\/Swizec\/nightowls\/issues\/comments{\/number}","contents_url":"https:\/\/api.github.com\/repos\/Swizec\/nightowls\/contents\/{+path}","compare_url":"https:\/\/api.github.com\/repos\/Swizec\/nightowls\/compare\/{base}...{head}","merges_url":"https:\/\/api.github.com\/repos\/Swizec\/nightowls\/merges","archive_url":"https:\/\/api.github.com\/repos\/Swizec\/nightowls\/{archive_format}{\/ref}","downloads_url":"https:\/\/api.github.com\/repos\/Swizec\/nightowls\/downloads","issues_url":"https:\/\/api.github.com\/repos\/Swizec\/nightowls\/issues{\/number}","pulls_url":"https:\/\/api.github.com\/repos\/Swizec\/nightowls\/pulls{\/number}","milestones_url":"https:\/\/api.github.com\/repos\/Swizec\/nightowls\/milestones{\/number}","notifications_url":"https:\/\/api.github.com\/repos\/Swizec\/nightowls\/notifications{?since,all,participating}","labels_url":"https:\/\/api.github.com\/repos\/Swizec\/nightowls\/labels{\/name}","releases_url":"https:\/\/api.github.com\/repos\/Swizec\/nightowls\/releases{\/id}","deployments_url":"https:\/\/api.github.com\/repos\/Swizec\/nightowls\/deployments","created_at":"2012-09-11T08:55:05Z","updated_at":"2019-01-22T17:12:56Z","pushed_at":"2017-04-24T09:21:43Z","git_url":"git:\/\/github.com\/Swizec\/nightowls.git","ssh_url":"git@github.com:Swizec\/nightowls.git","clone_url":"https:\/\/github.com\/Swizec\/nightowls.git","svn_url":"https:\/\/github.com\/Swizec\/nightowls","homepage":"https:\/\/leanpub.com\/nightowls","size":1301,"stargazers_count":267,"watchers_count":267,"language":null,"has_issues":true,"has_projects":true,"has_downloads":true,"has_wiki":true,"has_pages":false,"forks_count":23,"mirror_url":null,"archived":false,"open_issues_count":7,"license":null,"forks":23,"open_issues":7,"watchers":267,"default_branch":"master","score":46.14725},{"id":86715491,"node_id":"MDEwOlJlcG9zaXRvcnk4NjcxNTQ5MQ==","name":"pmdarima","full_name":"tgsmith61591\/pmdarima","private":false,"owner":{"login":"tgsmith61591","id":6124706,"node_id":"MDQ6VXNlcjYxMjQ3MDY=","avatar_url":"https:\/\/avatars0.githubusercontent.com\/u\/6124706?v=4","gravatar_id":"","url":"https:\/\/api.github.com\/users\/tgsmith61591","html_url":"https:\/\/github.com\/tgsmith61591","followers_url":"https:\/\/api.github.com\/users\/tgsmith61591\/followers","following_url":"https:\/\/api.github.com\/users\/tgsmith61591\/following{\/other_user}","gists_url":"https:\/\/api.github.com\/users\/tgsmith61591\/gists{\/gist_id}","starred_url":"https:\/\/api.github.com\/users\/tgsmith61591\/starred{\/owner}{\/repo}","subscriptions_url":"https:\/\/api.github.com\/users\/tgsmith61591\/subscriptions","organizations_url":"https:\/\/api.github.com\/users\/tgsmith61591\/orgs","repos_url":"https:\/\/api.github.com\/users\/tgsmith61591\/repos","events_url":"https:\/\/api.github.com\/users\/tgsmith61591\/events{\/privacy}","received_events_url":"https:\/\/api.github.com\/users\/tgsmith61591\/received_events","type":"User","site_admin":false},"html_url":"https:\/\/github.com\/tgsmith61591\/pmdarima","description":"A package that brings R's beloved auto.arima to Python, making an even stronger case for why Python > R for data science. ","fork":false,"url":"https:\/\/api.github.com\/repos\/tgsmith61591\/pmdarima","forks_url":"https:\/\/api.github.com\/repos\/tgsmith61591\/pmdarima\/forks","keys_url":"https:\/\/api.github.com\/repos\/tgsmith61591\/pmdarima\/keys{\/key_id}","collaborators_url":"https:\/\/api.github.com\/repos\/tgsmith61591\/pmdarima\/collaborators{\/collaborator}","teams_url":"https:\/\/api.github.com\/repos\/tgsmith61591\/pmdarima\/teams","hooks_url":"https:\/\/api.github.com\/repos\/tgsmith61591\/pmdarima\/hooks","issue_events_url":"https:\/\/api.github.com\/repos\/tgsmith61591\/pmdarima\/issues\/events{\/number}","events_url":"https:\/\/api.github.com\/repos\/tgsmith61591\/pmdarima\/events","assignees_url":"https:\/\/api.github.com\/repos\/tgsmith61591\/pmdarima\/assignees{\/user}","branches_url":"https:\/\/api.github.com\/repos\/tgsmith61591\/pmdarima\/branches{\/branch}","tags_url":"https:\/\/api.github.com\/repos\/tgsmith61591\/pmdarima\/tags","blobs_url":"https:\/\/api.github.com\/repos\/tgsmith61591\/pmdarima\/git\/blobs{\/sha}","git_tags_url":"https:\/\/api.github.com\/repos\/tgsmith61591\/pmdarima\/git\/tags{\/sha}","git_refs_url":"https:\/\/api.github.com\/repos\/tgsmith61591\/pmdarima\/git\/refs{\/sha}","trees_url":"https:\/\/api.github.com\/repos\/tgsmith61591\/pmdarima\/git\/trees{\/sha}","statuses_url":"https:\/\/api.github.com\/repos\/tgsmith61591\/pmdarima\/statuses\/{sha}","languages_url":"https:\/\/api.github.com\/repos\/tgsmith61591\/pmdarima\/languages","stargazers_url":"https:\/\/api.github.com\/repos\/tgsmith61591\/pmdarima\/stargazers","contributors_url":"https:\/\/api.github.com\/repos\/tgsmith61591\/pmdarima\/contributors","subscribers_url":"https:\/\/api.github.com\/repos\/tgsmith61591\/pmdarima\/subscribers","subscription_url":"https:\/\/api.github.com\/repos\/tgsmith61591\/pmdarima\/subscription","commits_url":"https:\/\/api.github.com\/repos\/tgsmith61591\/pmdarima\/commits{\/sha}","git_commits_url":"https:\/\/api.github.com\/repos\/tgsmith61591\/pmdarima\/git\/commits{\/sha}","comments_url":"https:\/\/api.github.com\/repos\/tgsmith61591\/pmdarima\/comments{\/number}","issue_comment_url":"https:\/\/api.github.com\/repos\/tgsmith61591\/pmdarima\/issues\/comments{\/number}","contents_url":"https:\/\/api.github.com\/repos\/tgsmith61591\/pmdarima\/contents\/{+path}","compare_url":"https:\/\/api.github.com\/repos\/tgsmith61591\/pmdarima\/compare\/{base}...{head}","merges_url":"https:\/\/api.github.com\/repos\/tgsmith61591\/pmdarima\/merges","archive_url":"https:\/\/api.github.com\/repos\/tgsmith61591\/pmdarima\/{archive_format}{\/ref}","downloads_url":"https:\/\/api.github.com\/repos\/tgsmith61591\/pmdarima\/downloads","issues_url":"https:\/\/api.github.com\/repos\/tgsmith61591\/pmdarima\/issues{\/number}","pulls_url":"https:\/\/api.github.com\/repos\/tgsmith61591\/pmdarima\/pulls{\/number}","milestones_url":"https:\/\/api.github.com\/repos\/tgsmith61591\/pmdarima\/milestones{\/number}","notifications_url":"https:\/\/api.github.com\/repos\/tgsmith61591\/pmdarima\/notifications{?since,all,participating}","labels_url":"https:\/\/api.github.com\/repos\/tgsmith61591\/pmdarima\/labels{\/name}","releases_url":"https:\/\/api.github.com\/repos\/tgsmith61591\/pmdarima\/releases{\/id}","deployments_url":"https:\/\/api.github.com\/repos\/tgsmith61591\/pmdarima\/deployments","created_at":"2017-03-30T14:58:30Z","updated_at":"2019-01-27T16:57:38Z","pushed_at":"2019-01-21T21:26:02Z","git_url":"git:\/\/github.com\/tgsmith61591\/pmdarima.git","ssh_url":"git@github.com:tgsmith61591\/pmdarima.git","clone_url":"https:\/\/github.com\/tgsmith61591\/pmdarima.git","svn_url":"https:\/\/github.com\/tgsmith61591\/pmdarima","homepage":"https:\/\/www.alkaline-ml.com\/pmdarima","size":60561,"stargazers_count":254,"watchers_count":254,"language":"Python","has_issues":true,"has_projects":true,"has_downloads":true,"has_wiki":true,"has_pages":true,"forks_count":64,"mirror_url":null,"archived":false,"open_issues_count":1,"license":{"key":"mit","name":"MIT License","spdx_id":"MIT","url":"https:\/\/api.github.com\/licenses\/mit","node_id":"MDc6TGljZW5zZTEz"},"forks":64,"open_issues":1,"watchers":254,"default_branch":"master","score":37.53396},{"id":72917308,"node_id":"MDEwOlJlcG9zaXRvcnk3MjkxNzMwOA==","name":"learn-elm","full_name":"dwyl\/learn-elm","private":false,"owner":{"login":"dwyl","id":11708465,"node_id":"MDEyOk9yZ2FuaXphdGlvbjExNzA4NDY1","avatar_url":"https:\/\/avatars1.githubusercontent.com\/u\/11708465?v=4","gravatar_id":"","url":"https:\/\/api.github.com\/users\/dwyl","html_url":"https:\/\/github.com\/dwyl","followers_url":"https:\/\/api.github.com\/users\/dwyl\/followers","following_url":"https:\/\/api.github.com\/users\/dwyl\/following{\/other_user}","gists_url":"https:\/\/api.github.com\/users\/dwyl\/gists{\/gist_id}","starred_url":"https:\/\/api.github.com\/users\/dwyl\/starred{\/owner}{\/repo}","subscriptions_url":"https:\/\/api.github.com\/users\/dwyl\/subscriptions","organizations_url":"https:\/\/api.github.com\/users\/dwyl\/orgs","repos_url":"https:\/\/api.github.com\/users\/dwyl\/repos","events_url":"https:\/\/api.github.com\/users\/dwyl\/events{\/privacy}","received_events_url":"https:\/\/api.github.com\/users\/dwyl\/received_events","type":"Organization","site_admin":false},"html_url":"https:\/\/github.com\/dwyl\/learn-elm","description":":rainbow: discover why people are switching to Elm and how you can get started today!","fork":false,"url":"https:\/\/api.github.com\/repos\/dwyl\/learn-elm","forks_url":"https:\/\/api.github.com\/repos\/dwyl\/learn-elm\/forks","keys_url":"https:\/\/api.github.com\/repos\/dwyl\/learn-elm\/keys{\/key_id}","collaborators_url":"https:\/\/api.github.com\/repos\/dwyl\/learn-elm\/collaborators{\/collaborator}","teams_url":"https:\/\/api.github.com\/repos\/dwyl\/learn-elm\/teams","hooks_url":"https:\/\/api.github.com\/repos\/dwyl\/learn-elm\/hooks","issue_events_url":"https:\/\/api.github.com\/repos\/dwyl\/learn-elm\/issues\/events{\/number}","events_url":"https:\/\/api.github.com\/repos\/dwyl\/learn-elm\/events","assignees_url":"https:\/\/api.github.com\/repos\/dwyl\/learn-elm\/assignees{\/user}","branches_url":"https:\/\/api.github.com\/repos\/dwyl\/learn-elm\/branches{\/branch}","tags_url":"https:\/\/api.github.com\/repos\/dwyl\/learn-elm\/tags","blobs_url":"https:\/\/api.github.com\/repos\/dwyl\/learn-elm\/git\/blobs{\/sha}","git_tags_url":"https:\/\/api.github.com\/repos\/dwyl\/learn-elm\/git\/tags{\/sha}","git_refs_url":"https:\/\/api.github.com\/repos\/dwyl\/learn-elm\/git\/refs{\/sha}","trees_url":"https:\/\/api.github.com\/repos\/dwyl\/learn-elm\/git\/trees{\/sha}","statuses_url":"https:\/\/api.github.com\/repos\/dwyl\/learn-elm\/statuses\/{sha}","languages_url":"https:\/\/api.github.com\/repos\/dwyl\/learn-elm\/languages","stargazers_url":"https:\/\/api.github.com\/repos\/dwyl\/learn-elm\/stargazers","contributors_url":"https:\/\/api.github.com\/repos\/dwyl\/learn-elm\/contributors","subscribers_url":"https:\/\/api.github.com\/repos\/dwyl\/learn-elm\/subscribers","subscription_url":"https:\/\/api.github.com\/repos\/dwyl\/learn-elm\/subscription","commits_url":"https:\/\/api.github.com\/repos\/dwyl\/learn-elm\/commits{\/sha}","git_commits_url":"https:\/\/api.github.com\/repos\/dwyl\/learn-elm\/git\/commits{\/sha}","comments_url":"https:\/\/api.github.com\/repos\/dwyl\/learn-elm\/comments{\/number}","issue_comment_url":"https:\/\/api.github.com\/repos\/dwyl\/learn-elm\/issues\/comments{\/number}","contents_url":"https:\/\/api.github.com\/repos\/dwyl\/learn-elm\/contents\/{+path}","compare_url":"https:\/\/api.github.com\/repos\/dwyl\/learn-elm\/compare\/{base}...{head}","merges_url":"https:\/\/api.github.com\/repos\/dwyl\/learn-elm\/merges","archive_url":"https:\/\/api.github.com\/repos\/dwyl\/learn-elm\/{archive_format}{\/ref}","downloads_url":"https:\/\/api.github.com\/repos\/dwyl\/learn-elm\/downloads","issues_url":"https:\/\/api.github.com\/repos\/dwyl\/learn-elm\/issues{\/number}","pulls_url":"https:\/\/api.github.com\/repos\/dwyl\/learn-elm\/pulls{\/number}","milestones_url":"https:\/\/api.github.com\/repos\/dwyl\/learn-elm\/milestones{\/number}","notifications_url":"https:\/\/api.github.com\/repos\/dwyl\/learn-elm\/notifications{?since,all,participating}","labels_url":"https:\/\/api.github.com\/repos\/dwyl\/learn-elm\/labels{\/name}","releases_url":"https:\/\/api.github.com\/repos\/dwyl\/learn-elm\/releases{\/id}","deployments_url":"https:\/\/api.github.com\/repos\/dwyl\/learn-elm\/deployments","created_at":"2016-11-05T09:45:12Z","updated_at":"2019-01-25T17:03:04Z","pushed_at":"2018-12-04T22:17:50Z","git_url":"git:\/\/github.com\/dwyl\/learn-elm.git","ssh_url":"git@github.com:dwyl\/learn-elm.git","clone_url":"https:\/\/github.com\/dwyl\/learn-elm.git","svn_url":"https:\/\/github.com\/dwyl\/learn-elm","homepage":"https:\/\/github.com\/dwyl\/learn-elm","size":622,"stargazers_count":238,"watchers_count":238,"language":"HTML","has_issues":true,"has_projects":true,"has_downloads":true,"has_wiki":true,"has_pages":false,"forks_count":19,"mirror_url":null,"archived":false,"open_issues_count":78,"license":null,"forks":19,"open_issues":78,"watchers":238,"default_branch":"master","score":44.10191},{"id":35120209,"node_id":"MDEwOlJlcG9zaXRvcnkzNTEyMDIwOQ==","name":"wtfnode","full_name":"myndzi\/wtfnode","private":false,"owner":{"login":"myndzi","id":1588419,"node_id":"MDQ6VXNlcjE1ODg0MTk=","avatar_url":"https:\/\/avatars1.githubusercontent.com\/u\/1588419?v=4","gravatar_id":"","url":"https:\/\/api.github.com\/users\/myndzi","html_url":"https:\/\/github.com\/myndzi","followers_url":"https:\/\/api.github.com\/users\/myndzi\/followers","following_url":"https:\/\/api.github.com\/users\/myndzi\/following{\/other_user}","gists_url":"https:\/\/api.github.com\/users\/myndzi\/gists{\/gist_id}","starred_url":"https:\/\/api.github.com\/users\/myndzi\/starred{\/owner}{\/repo}","subscriptions_url":"https:\/\/api.github.com\/users\/myndzi\/subscriptions","organizations_url":"https:\/\/api.github.com\/users\/myndzi\/orgs","repos_url":"https:\/\/api.github.com\/users\/myndzi\/repos","events_url":"https:\/\/api.github.com\/users\/myndzi\/events{\/privacy}","received_events_url":"https:\/\/api.github.com\/users\/myndzi\/received_events","type":"User","site_admin":false},"html_url":"https:\/\/github.com\/myndzi\/wtfnode","description":"Utility to help find out why Node isn't exiting","fork":false,"url":"https:\/\/api.github.com\/repos\/myndzi\/wtfnode","forks_url":"https:\/\/api.github.com\/repos\/myndzi\/wtfnode\/forks","keys_url":"https:\/\/api.github.com\/repos\/myndzi\/wtfnode\/keys{\/key_id}","collaborators_url":"https:\/\/api.github.com\/repos\/myndzi\/wtfnode\/collaborators{\/collaborator}","teams_url":"https:\/\/api.github.com\/repos\/myndzi\/wtfnode\/teams","hooks_url":"https:\/\/api.github.com\/repos\/myndzi\/wtfnode\/hooks","issue_events_url":"https:\/\/api.github.com\/repos\/myndzi\/wtfnode\/issues\/events{\/number}","events_url":"https:\/\/api.github.com\/repos\/myndzi\/wtfnode\/events","assignees_url":"https:\/\/api.github.com\/repos\/myndzi\/wtfnode\/assignees{\/user}","branches_url":"https:\/\/api.github.com\/repos\/myndzi\/wtfnode\/branches{\/branch}","tags_url":"https:\/\/api.github.com\/repos\/myndzi\/wtfnode\/tags","blobs_url":"https:\/\/api.github.com\/repos\/myndzi\/wtfnode\/git\/blobs{\/sha}","git_tags_url":"https:\/\/api.github.com\/repos\/myndzi\/wtfnode\/git\/tags{\/sha}","git_refs_url":"https:\/\/api.github.com\/repos\/myndzi\/wtfnode\/git\/refs{\/sha}","trees_url":"https:\/\/api.github.com\/repos\/myndzi\/wtfnode\/git\/trees{\/sha}","statuses_url":"https:\/\/api.github.com\/repos\/myndzi\/wtfnode\/statuses\/{sha}","languages_url":"https:\/\/api.github.com\/repos\/myndzi\/wtfnode\/languages","stargazers_url":"https:\/\/api.github.com\/repos\/myndzi\/wtfnode\/stargazers","contributors_url":"https:\/\/api.github.com\/repos\/myndzi\/wtfnode\/contributors","subscribers_url":"https:\/\/api.github.com\/repos\/myndzi\/wtfnode\/subscribers","subscription_url":"https:\/\/api.github.com\/repos\/myndzi\/wtfnode\/subscription","commits_url":"https:\/\/api.github.com\/repos\/myndzi\/wtfnode\/commits{\/sha}","git_commits_url":"https:\/\/api.github.com\/repos\/myndzi\/wtfnode\/git\/commits{\/sha}","comments_url":"https:\/\/api.github.com\/repos\/myndzi\/wtfnode\/comments{\/number}","issue_comment_url":"https:\/\/api.github.com\/repos\/myndzi\/wtfnode\/issues\/comments{\/number}","contents_url":"https:\/\/api.github.com\/repos\/myndzi\/wtfnode\/contents\/{+path}","compare_url":"https:\/\/api.github.com\/repos\/myndzi\/wtfnode\/compare\/{base}...{head}","merges_url":"https:\/\/api.github.com\/repos\/myndzi\/wtfnode\/merges","archive_url":"https:\/\/api.github.com\/repos\/myndzi\/wtfnode\/{archive_format}{\/ref}","downloads_url":"https:\/\/api.github.com\/repos\/myndzi\/wtfnode\/downloads","issues_url":"https:\/\/api.github.com\/repos\/myndzi\/wtfnode\/issues{\/number}","pulls_url":"https:\/\/api.github.com\/repos\/myndzi\/wtfnode\/pulls{\/number}","milestones_url":"https:\/\/api.github.com\/repos\/myndzi\/wtfnode\/milestones{\/number}","notifications_url":"https:\/\/api.github.com\/repos\/myndzi\/wtfnode\/notifications{?since,all,participating}","labels_url":"https:\/\/api.github.com\/repos\/myndzi\/wtfnode\/labels{\/name}","releases_url":"https:\/\/api.github.com\/repos\/myndzi\/wtfnode\/releases{\/id}","deployments_url":"https:\/\/api.github.com\/repos\/myndzi\/wtfnode\/deployments","created_at":"2015-05-05T19:42:42Z","updated_at":"2019-01-23T23:23:20Z","pushed_at":"2019-01-15T03:26:56Z","git_url":"git:\/\/github.com\/myndzi\/wtfnode.git","ssh_url":"git@github.com:myndzi\/wtfnode.git","clone_url":"https:\/\/github.com\/myndzi\/wtfnode.git","svn_url":"https:\/\/github.com\/myndzi\/wtfnode","homepage":null,"size":59,"stargazers_count":237,"watchers_count":237,"language":"JavaScript","has_issues":true,"has_projects":true,"has_downloads":true,"has_wiki":true,"has_pages":false,"forks_count":14,"mirror_url":null,"archived":false,"open_issues_count":0,"license":null,"forks":14,"open_issues":0,"watchers":237,"default_branch":"master","score":51.347893},{"id":539003,"node_id":"MDEwOlJlcG9zaXRvcnk1MzkwMDM=","name":"jquery-outside-events","full_name":"cowboy\/jquery-outside-events","private":false,"owner":{"login":"cowboy","id":54051,"node_id":"MDQ6VXNlcjU0MDUx","avatar_url":"https:\/\/avatars0.githubusercontent.com\/u\/54051?v=4","gravatar_id":"","url":"https:\/\/api.github.com\/users\/cowboy","html_url":"https:\/\/github.com\/cowboy","followers_url":"https:\/\/api.github.com\/users\/cowboy\/followers","following_url":"https:\/\/api.github.com\/users\/cowboy\/following{\/other_user}","gists_url":"https:\/\/api.github.com\/users\/cowboy\/gists{\/gist_id}","starred_url":"https:\/\/api.github.com\/users\/cowboy\/starred{\/owner}{\/repo}","subscriptions_url":"https:\/\/api.github.com\/users\/cowboy\/subscriptions","organizations_url":"https:\/\/api.github.com\/users\/cowboy\/orgs","repos_url":"https:\/\/api.github.com\/users\/cowboy\/repos","events_url":"https:\/\/api.github.com\/users\/cowboy\/events{\/privacy}","received_events_url":"https:\/\/api.github.com\/users\/cowboy\/received_events","type":"User","site_admin":false},"html_url":"https:\/\/github.com\/cowboy\/jquery-outside-events","description":"Why trigger an event on something, when you can trigger it on everything else?","fork":false,"url":"https:\/\/api.github.com\/repos\/cowboy\/jquery-outside-events","forks_url":"https:\/\/api.github.com\/repos\/cowboy\/jquery-outside-events\/forks","keys_url":"https:\/\/api.github.com\/repos\/cowboy\/jquery-outside-events\/keys{\/key_id}","collaborators_url":"https:\/\/api.github.com\/repos\/cowboy\/jquery-outside-events\/collaborators{\/collaborator}","teams_url":"https:\/\/api.github.com\/repos\/cowboy\/jquery-outside-events\/teams","hooks_url":"https:\/\/api.github.com\/repos\/cowboy\/jquery-outside-events\/hooks","issue_events_url":"https:\/\/api.github.com\/repos\/cowboy\/jquery-outside-events\/issues\/events{\/number}","events_url":"https:\/\/api.github.com\/repos\/cowboy\/jquery-outside-events\/events","assignees_url":"https:\/\/api.github.com\/repos\/cowboy\/jquery-outside-events\/assignees{\/user}","branches_url":"https:\/\/api.github.com\/repos\/cowboy\/jquery-outside-events\/branches{\/branch}","tags_url":"https:\/\/api.github.com\/repos\/cowboy\/jquery-outside-events\/tags","blobs_url":"https:\/\/api.github.com\/repos\/cowboy\/jquery-outside-events\/git\/blobs{\/sha}","git_tags_url":"https:\/\/api.github.com\/repos\/cowboy\/jquery-outside-events\/git\/tags{\/sha}","git_refs_url":"https:\/\/api.github.com\/repos\/cowboy\/jquery-outside-events\/git\/refs{\/sha}","trees_url":"https:\/\/api.github.com\/repos\/cowboy\/jquery-outside-events\/git\/trees{\/sha}","statuses_url":"https:\/\/api.github.com\/repos\/cowboy\/jquery-outside-events\/statuses\/{sha}","languages_url":"https:\/\/api.github.com\/repos\/cowboy\/jquery-outside-events\/languages","stargazers_url":"https:\/\/api.github.com\/repos\/cowboy\/jquery-outside-events\/stargazers","contributors_url":"https:\/\/api.github.com\/repos\/cowboy\/jquery-outside-events\/contributors","subscribers_url":"https:\/\/api.github.com\/repos\/cowboy\/jquery-outside-events\/subscribers","subscription_url":"https:\/\/api.github.com\/repos\/cowboy\/jquery-outside-events\/subscription","commits_url":"https:\/\/api.github.com\/repos\/cowboy\/jquery-outside-events\/commits{\/sha}","git_commits_url":"https:\/\/api.github.com\/repos\/cowboy\/jquery-outside-events\/git\/commits{\/sha}","comments_url":"https:\/\/api.github.com\/repos\/cowboy\/jquery-outside-events\/comments{\/number}","issue_comment_url":"https:\/\/api.github.com\/repos\/cowboy\/jquery-outside-events\/issues\/comments{\/number}","contents_url":"https:\/\/api.github.com\/repos\/cowboy\/jquery-outside-events\/contents\/{+path}","compare_url":"https:\/\/api.github.com\/repos\/cowboy\/jquery-outside-events\/compare\/{base}...{head}","merges_url":"https:\/\/api.github.com\/repos\/cowboy\/jquery-outside-events\/merges","archive_url":"https:\/\/api.github.com\/repos\/cowboy\/jquery-outside-events\/{archive_format}{\/ref}","downloads_url":"https:\/\/api.github.com\/repos\/cowboy\/jquery-outside-events\/downloads","issues_url":"https:\/\/api.github.com\/repos\/cowboy\/jquery-outside-events\/issues{\/number}","pulls_url":"https:\/\/api.github.com\/repos\/cowboy\/jquery-outside-events\/pulls{\/number}","milestones_url":"https:\/\/api.github.com\/repos\/cowboy\/jquery-outside-events\/milestones{\/number}","notifications_url":"https:\/\/api.github.com\/repos\/cowboy\/jquery-outside-events\/notifications{?since,all,participating}","labels_url":"https:\/\/api.github.com\/repos\/cowboy\/jquery-outside-events\/labels{\/name}","releases_url":"https:\/\/api.github.com\/repos\/cowboy\/jquery-outside-events\/releases{\/id}","deployments_url":"https:\/\/api.github.com\/repos\/cowboy\/jquery-outside-events\/deployments","created_at":"2010-02-27T19:56:14Z","updated_at":"2019-01-23T22:10:28Z","pushed_at":"2016-04-03T09:27:45Z","git_url":"git:\/\/github.com\/cowboy\/jquery-outside-events.git","ssh_url":"git@github.com:cowboy\/jquery-outside-events.git","clone_url":"https:\/\/github.com\/cowboy\/jquery-outside-events.git","svn_url":"https:\/\/github.com\/cowboy\/jquery-outside-events","homepage":"http:\/\/benalman.com\/projects\/jquery-clickoutside-plugin\/","size":320,"stargazers_count":236,"watchers_count":236,"language":"JavaScript","has_issues":true,"has_projects":true,"has_downloads":true,"has_wiki":true,"has_pages":false,"forks_count":44,"mirror_url":null,"archived":false,"open_issues_count":10,"license":{"key":"other","name":"Other","spdx_id":"NOASSERTION","url":null,"node_id":"MDc6TGljZW5zZTA="},"forks":44,"open_issues":10,"watchers":236,"default_branch":"master","score":49.7639},{"id":124265580,"node_id":"MDEwOlJlcG9zaXRvcnkxMjQyNjU1ODA=","name":"Viewpager-Transformation","full_name":"dipanshukr\/Viewpager-Transformation","private":false,"owner":{"login":"dipanshukr","id":29334373,"node_id":"MDQ6VXNlcjI5MzM0Mzcz","avatar_url":"https:\/\/avatars3.githubusercontent.com\/u\/29334373?v=4","gravatar_id":"","url":"https:\/\/api.github.com\/users\/dipanshukr","html_url":"https:\/\/github.com\/dipanshukr","followers_url":"https:\/\/api.github.com\/users\/dipanshukr\/followers","following_url":"https:\/\/api.github.com\/users\/dipanshukr\/following{\/other_user}","gists_url":"https:\/\/api.github.com\/users\/dipanshukr\/gists{\/gist_id}","starred_url":"https:\/\/api.github.com\/users\/dipanshukr\/starred{\/owner}{\/repo}","subscriptions_url":"https:\/\/api.github.com\/users\/dipanshukr\/subscriptions","organizations_url":"https:\/\/api.github.com\/users\/dipanshukr\/orgs","repos_url":"https:\/\/api.github.com\/users\/dipanshukr\/repos","events_url":"https:\/\/api.github.com\/users\/dipanshukr\/events{\/privacy}","received_events_url":"https:\/\/api.github.com\/users\/dipanshukr\/received_events","type":"User","site_admin":false},"html_url":"https:\/\/github.com\/dipanshukr\/Viewpager-Transformation","description":"Why use dependencies when you create your own transformations for Viewpager ?","fork":false,"url":"https:\/\/api.github.com\/repos\/dipanshukr\/Viewpager-Transformation","forks_url":"https:\/\/api.github.com\/repos\/dipanshukr\/Viewpager-Transformation\/forks","keys_url":"https:\/\/api.github.com\/repos\/dipanshukr\/Viewpager-Transformation\/keys{\/key_id}","collaborators_url":"https:\/\/api.github.com\/repos\/dipanshukr\/Viewpager-Transformation\/collaborators{\/collaborator}","teams_url":"https:\/\/api.github.com\/repos\/dipanshukr\/Viewpager-Transformation\/teams","hooks_url":"https:\/\/api.github.com\/repos\/dipanshukr\/Viewpager-Transformation\/hooks","issue_events_url":"https:\/\/api.github.com\/repos\/dipanshukr\/Viewpager-Transformation\/issues\/events{\/number}","events_url":"https:\/\/api.github.com\/repos\/dipanshukr\/Viewpager-Transformation\/events","assignees_url":"https:\/\/api.github.com\/repos\/dipanshukr\/Viewpager-Transformation\/assignees{\/user}","branches_url":"https:\/\/api.github.com\/repos\/dipanshukr\/Viewpager-Transformation\/branches{\/branch}","tags_url":"https:\/\/api.github.com\/repos\/dipanshukr\/Viewpager-Transformation\/tags","blobs_url":"https:\/\/api.github.com\/repos\/dipanshukr\/Viewpager-Transformation\/git\/blobs{\/sha}","git_tags_url":"https:\/\/api.github.com\/repos\/dipanshukr\/Viewpager-Transformation\/git\/tags{\/sha}","git_refs_url":"https:\/\/api.github.com\/repos\/dipanshukr\/Viewpager-Transformation\/git\/refs{\/sha}","trees_url":"https:\/\/api.github.com\/repos\/dipanshukr\/Viewpager-Transformation\/git\/trees{\/sha}","statuses_url":"https:\/\/api.github.com\/repos\/dipanshukr\/Viewpager-Transformation\/statuses\/{sha}","languages_url":"https:\/\/api.github.com\/repos\/dipanshukr\/Viewpager-Transformation\/languages","stargazers_url":"https:\/\/api.github.com\/repos\/dipanshukr\/Viewpager-Transformation\/stargazers","contributors_url":"https:\/\/api.github.com\/repos\/dipanshukr\/Viewpager-Transformation\/contributors","subscribers_url":"https:\/\/api.github.com\/repos\/dipanshukr\/Viewpager-Transformation\/subscribers","subscription_url":"https:\/\/api.github.com\/repos\/dipanshukr\/Viewpager-Transformation\/subscription","commits_url":"https:\/\/api.github.com\/repos\/dipanshukr\/Viewpager-Transformation\/commits{\/sha}","git_commits_url":"https:\/\/api.github.com\/repos\/dipanshukr\/Viewpager-Transformation\/git\/commits{\/sha}","comments_url":"https:\/\/api.github.com\/repos\/dipanshukr\/Viewpager-Transformation\/comments{\/number}","issue_comment_url":"https:\/\/api.github.com\/repos\/dipanshukr\/Viewpager-Transformation\/issues\/comments{\/number}","contents_url":"https:\/\/api.github.com\/repos\/dipanshukr\/Viewpager-Transformation\/contents\/{+path}","compare_url":"https:\/\/api.github.com\/repos\/dipanshukr\/Viewpager-Transformation\/compare\/{base}...{head}","merges_url":"https:\/\/api.github.com\/repos\/dipanshukr\/Viewpager-Transformation\/merges","archive_url":"https:\/\/api.github.com\/repos\/dipanshukr\/Viewpager-Transformation\/{archive_format}{\/ref}","downloads_url":"https:\/\/api.github.com\/repos\/dipanshukr\/Viewpager-Transformation\/downloads","issues_url":"https:\/\/api.github.com\/repos\/dipanshukr\/Viewpager-Transformation\/issues{\/number}","pulls_url":"https:\/\/api.github.com\/repos\/dipanshukr\/Viewpager-Transformation\/pulls{\/number}","milestones_url":"https:\/\/api.github.com\/repos\/dipanshukr\/Viewpager-Transformation\/milestones{\/number}","notifications_url":"https:\/\/api.github.com\/repos\/dipanshukr\/Viewpager-Transformation\/notifications{?since,all,participating}","labels_url":"https:\/\/api.github.com\/repos\/dipanshukr\/Viewpager-Transformation\/labels{\/name}","releases_url":"https:\/\/api.github.com\/repos\/dipanshukr\/Viewpager-Transformation\/releases{\/id}","deployments_url":"https:\/\/api.github.com\/repos\/dipanshukr\/Viewpager-Transformation\/deployments","created_at":"2018-03-07T16:45:42Z","updated_at":"2019-01-27T11:19:10Z","pushed_at":"2018-06-21T07:17:59Z","git_url":"git:\/\/github.com\/dipanshukr\/Viewpager-Transformation.git","ssh_url":"git@github.com:dipanshukr\/Viewpager-Transformation.git","clone_url":"https:\/\/github.com\/dipanshukr\/Viewpager-Transformation.git","svn_url":"https:\/\/github.com\/dipanshukr\/Viewpager-Transformation","homepage":"","size":181654,"stargazers_count":230,"watchers_count":230,"language":"Java","has_issues":true,"has_projects":true,"has_downloads":true,"has_wiki":true,"has_pages":true,"forks_count":44,"mirror_url":null,"archived":false,"open_issues_count":1,"license":null,"forks":44,"open_issues":1,"watchers":230,"default_branch":"master","score":49.98406},{"id":17420185,"node_id":"MDEwOlJlcG9zaXRvcnkxNzQyMDE4NQ==","name":"enemy-of-the-state","full_name":"jspahrsummers\/enemy-of-the-state","private":false,"owner":{"login":"jspahrsummers","id":432536,"node_id":"MDQ6VXNlcjQzMjUzNg==","avatar_url":"https:\/\/avatars0.githubusercontent.com\/u\/432536?v=4","gravatar_id":"","url":"https:\/\/api.github.com\/users\/jspahrsummers","html_url":"https:\/\/github.com\/jspahrsummers","followers_url":"https:\/\/api.github.com\/users\/jspahrsummers\/followers","following_url":"https:\/\/api.github.com\/users\/jspahrsummers\/following{\/other_user}","gists_url":"https:\/\/api.github.com\/users\/jspahrsummers\/gists{\/gist_id}","starred_url":"https:\/\/api.github.com\/users\/jspahrsummers\/starred{\/owner}{\/repo}","subscriptions_url":"https:\/\/api.github.com\/users\/jspahrsummers\/subscriptions","organizations_url":"https:\/\/api.github.com\/users\/jspahrsummers\/orgs","repos_url":"https:\/\/api.github.com\/users\/jspahrsummers\/repos","events_url":"https:\/\/api.github.com\/users\/jspahrsummers\/events{\/privacy}","received_events_url":"https:\/\/api.github.com\/users\/jspahrsummers\/received_events","type":"User","site_admin":false},"html_url":"https:\/\/github.com\/jspahrsummers\/enemy-of-the-state","description":"My talk explaining what state is and why it's so harmful","fork":false,"url":"https:\/\/api.github.com\/repos\/jspahrsummers\/enemy-of-the-state","forks_url":"https:\/\/api.github.com\/repos\/jspahrsummers\/enemy-of-the-state\/forks","keys_url":"https:\/\/api.github.com\/repos\/jspahrsummers\/enemy-of-the-state\/keys{\/key_id}","collaborators_url":"https:\/\/api.github.com\/repos\/jspahrsummers\/enemy-of-the-state\/collaborators{\/collaborator}","teams_url":"https:\/\/api.github.com\/repos\/jspahrsummers\/enemy-of-the-state\/teams","hooks_url":"https:\/\/api.github.com\/repos\/jspahrsummers\/enemy-of-the-state\/hooks","issue_events_url":"https:\/\/api.github.com\/repos\/jspahrsummers\/enemy-of-the-state\/issues\/events{\/number}","events_url":"https:\/\/api.github.com\/repos\/jspahrsummers\/enemy-of-the-state\/events","assignees_url":"https:\/\/api.github.com\/repos\/jspahrsummers\/enemy-of-the-state\/assignees{\/user}","branches_url":"https:\/\/api.github.com\/repos\/jspahrsummers\/enemy-of-the-state\/branches{\/branch}","tags_url":"https:\/\/api.github.com\/repos\/jspahrsummers\/enemy-of-the-state\/tags","blobs_url":"https:\/\/api.github.com\/repos\/jspahrsummers\/enemy-of-the-state\/git\/blobs{\/sha}","git_tags_url":"https:\/\/api.github.com\/repos\/jspahrsummers\/enemy-of-the-state\/git\/tags{\/sha}","git_refs_url":"https:\/\/api.github.com\/repos\/jspahrsummers\/enemy-of-the-state\/git\/refs{\/sha}","trees_url":"https:\/\/api.github.com\/repos\/jspahrsummers\/enemy-of-the-state\/git\/trees{\/sha}","statuses_url":"https:\/\/api.github.com\/repos\/jspahrsummers\/enemy-of-the-state\/statuses\/{sha}","languages_url":"https:\/\/api.github.com\/repos\/jspahrsummers\/enemy-of-the-state\/languages","stargazers_url":"https:\/\/api.github.com\/repos\/jspahrsummers\/enemy-of-the-state\/stargazers","contributors_url":"https:\/\/api.github.com\/repos\/jspahrsummers\/enemy-of-the-state\/contributors","subscribers_url":"https:\/\/api.github.com\/repos\/jspahrsummers\/enemy-of-the-state\/subscribers","subscription_url":"https:\/\/api.github.com\/repos\/jspahrsummers\/enemy-of-the-state\/subscription","commits_url":"https:\/\/api.github.com\/repos\/jspahrsummers\/enemy-of-the-state\/commits{\/sha}","git_commits_url":"https:\/\/api.github.com\/repos\/jspahrsummers\/enemy-of-the-state\/git\/commits{\/sha}","comments_url":"https:\/\/api.github.com\/repos\/jspahrsummers\/enemy-of-the-state\/comments{\/number}","issue_comment_url":"https:\/\/api.github.com\/repos\/jspahrsummers\/enemy-of-the-state\/issues\/comments{\/number}","contents_url":"https:\/\/api.github.com\/repos\/jspahrsummers\/enemy-of-the-state\/contents\/{+path}","compare_url":"https:\/\/api.github.com\/repos\/jspahrsummers\/enemy-of-the-state\/compare\/{base}...{head}","merges_url":"https:\/\/api.github.com\/repos\/jspahrsummers\/enemy-of-the-state\/merges","archive_url":"https:\/\/api.github.com\/repos\/jspahrsummers\/enemy-of-the-state\/{archive_format}{\/ref}","downloads_url":"https:\/\/api.github.com\/repos\/jspahrsummers\/enemy-of-the-state\/downloads","issues_url":"https:\/\/api.github.com\/repos\/jspahrsummers\/enemy-of-the-state\/issues{\/number}","pulls_url":"https:\/\/api.github.com\/repos\/jspahrsummers\/enemy-of-the-state\/pulls{\/number}","milestones_url":"https:\/\/api.github.com\/repos\/jspahrsummers\/enemy-of-the-state\/milestones{\/number}","notifications_url":"https:\/\/api.github.com\/repos\/jspahrsummers\/enemy-of-the-state\/notifications{?since,all,participating}","labels_url":"https:\/\/api.github.com\/repos\/jspahrsummers\/enemy-of-the-state\/labels{\/name}","releases_url":"https:\/\/api.github.com\/repos\/jspahrsummers\/enemy-of-the-state\/releases{\/id}","deployments_url":"https:\/\/api.github.com\/repos\/jspahrsummers\/enemy-of-the-state\/deployments","created_at":"2014-03-04T22:49:56Z","updated_at":"2018-12-26T21:07:06Z","pushed_at":"2017-07-26T14:26:39Z","git_url":"git:\/\/github.com\/jspahrsummers\/enemy-of-the-state.git","ssh_url":"git@github.com:jspahrsummers\/enemy-of-the-state.git","clone_url":"https:\/\/github.com\/jspahrsummers\/enemy-of-the-state.git","svn_url":"https:\/\/github.com\/jspahrsummers\/enemy-of-the-state","homepage":"","size":46901,"stargazers_count":208,"watchers_count":208,"language":"Swift","has_issues":true,"has_projects":true,"has_downloads":true,"has_wiki":false,"has_pages":false,"forks_count":16,"mirror_url":null,"archived":false,"open_issues_count":1,"license":{"key":"other","name":"Other","spdx_id":"NOASSERTION","url":null,"node_id":"MDc6TGljZW5zZTA="},"forks":16,"open_issues":1,"watchers":208,"default_branch":"master","score":42.186928},{"id":93794235,"node_id":"MDEwOlJlcG9zaXRvcnk5Mzc5NDIzNQ==","name":"drop_watch","full_name":"pavel-odintsov\/drop_watch","private":false,"owner":{"login":"pavel-odintsov","id":2744166,"node_id":"MDQ6VXNlcjI3NDQxNjY=","avatar_url":"https:\/\/avatars0.githubusercontent.com\/u\/2744166?v=4","gravatar_id":"","url":"https:\/\/api.github.com\/users\/pavel-odintsov","html_url":"https:\/\/github.com\/pavel-odintsov","followers_url":"https:\/\/api.github.com\/users\/pavel-odintsov\/followers","following_url":"https:\/\/api.github.com\/users\/pavel-odintsov\/following{\/other_user}","gists_url":"https:\/\/api.github.com\/users\/pavel-odintsov\/gists{\/gist_id}","starred_url":"https:\/\/api.github.com\/users\/pavel-odintsov\/starred{\/owner}{\/repo}","subscriptions_url":"https:\/\/api.github.com\/users\/pavel-odintsov\/subscriptions","organizations_url":"https:\/\/api.github.com\/users\/pavel-odintsov\/orgs","repos_url":"https:\/\/api.github.com\/users\/pavel-odintsov\/repos","events_url":"https:\/\/api.github.com\/users\/pavel-odintsov\/events{\/privacy}","received_events_url":"https:\/\/api.github.com\/users\/pavel-odintsov\/received_events","type":"User","site_admin":false},"html_url":"https:\/\/github.com\/pavel-odintsov\/drop_watch","description":"Monitor reasons why and where linux drops UDP packets","fork":false,"url":"https:\/\/api.github.com\/repos\/pavel-odintsov\/drop_watch","forks_url":"https:\/\/api.github.com\/repos\/pavel-odintsov\/drop_watch\/forks","keys_url":"https:\/\/api.github.com\/repos\/pavel-odintsov\/drop_watch\/keys{\/key_id}","collaborators_url":"https:\/\/api.github.com\/repos\/pavel-odintsov\/drop_watch\/collaborators{\/collaborator}","teams_url":"https:\/\/api.github.com\/repos\/pavel-odintsov\/drop_watch\/teams","hooks_url":"https:\/\/api.github.com\/repos\/pavel-odintsov\/drop_watch\/hooks","issue_events_url":"https:\/\/api.github.com\/repos\/pavel-odintsov\/drop_watch\/issues\/events{\/number}","events_url":"https:\/\/api.github.com\/repos\/pavel-odintsov\/drop_watch\/events","assignees_url":"https:\/\/api.github.com\/repos\/pavel-odintsov\/drop_watch\/assignees{\/user}","branches_url":"https:\/\/api.github.com\/repos\/pavel-odintsov\/drop_watch\/branches{\/branch}","tags_url":"https:\/\/api.github.com\/repos\/pavel-odintsov\/drop_watch\/tags","blobs_url":"https:\/\/api.github.com\/repos\/pavel-odintsov\/drop_watch\/git\/blobs{\/sha}","git_tags_url":"https:\/\/api.github.com\/repos\/pavel-odintsov\/drop_watch\/git\/tags{\/sha}","git_refs_url":"https:\/\/api.github.com\/repos\/pavel-odintsov\/drop_watch\/git\/refs{\/sha}","trees_url":"https:\/\/api.github.com\/repos\/pavel-odintsov\/drop_watch\/git\/trees{\/sha}","statuses_url":"https:\/\/api.github.com\/repos\/pavel-odintsov\/drop_watch\/statuses\/{sha}","languages_url":"https:\/\/api.github.com\/repos\/pavel-odintsov\/drop_watch\/languages","stargazers_url":"https:\/\/api.github.com\/repos\/pavel-odintsov\/drop_watch\/stargazers","contributors_url":"https:\/\/api.github.com\/repos\/pavel-odintsov\/drop_watch\/contributors","subscribers_url":"https:\/\/api.github.com\/repos\/pavel-odintsov\/drop_watch\/subscribers","subscription_url":"https:\/\/api.github.com\/repos\/pavel-odintsov\/drop_watch\/subscription","commits_url":"https:\/\/api.github.com\/repos\/pavel-odintsov\/drop_watch\/commits{\/sha}","git_commits_url":"https:\/\/api.github.com\/repos\/pavel-odintsov\/drop_watch\/git\/commits{\/sha}","comments_url":"https:\/\/api.github.com\/repos\/pavel-odintsov\/drop_watch\/comments{\/number}","issue_comment_url":"https:\/\/api.github.com\/repos\/pavel-odintsov\/drop_watch\/issues\/comments{\/number}","contents_url":"https:\/\/api.github.com\/repos\/pavel-odintsov\/drop_watch\/contents\/{+path}","compare_url":"https:\/\/api.github.com\/repos\/pavel-odintsov\/drop_watch\/compare\/{base}...{head}","merges_url":"https:\/\/api.github.com\/repos\/pavel-odintsov\/drop_watch\/merges","archive_url":"https:\/\/api.github.com\/repos\/pavel-odintsov\/drop_watch\/{archive_format}{\/ref}","downloads_url":"https:\/\/api.github.com\/repos\/pavel-odintsov\/drop_watch\/downloads","issues_url":"https:\/\/api.github.com\/repos\/pavel-odintsov\/drop_watch\/issues{\/number}","pulls_url":"https:\/\/api.github.com\/repos\/pavel-odintsov\/drop_watch\/pulls{\/number}","milestones_url":"https:\/\/api.github.com\/repos\/pavel-odintsov\/drop_watch\/milestones{\/number}","notifications_url":"https:\/\/api.github.com\/repos\/pavel-odintsov\/drop_watch\/notifications{?since,all,participating}","labels_url":"https:\/\/api.github.com\/repos\/pavel-odintsov\/drop_watch\/labels{\/name}","releases_url":"https:\/\/api.github.com\/repos\/pavel-odintsov\/drop_watch\/releases{\/id}","deployments_url":"https:\/\/api.github.com\/repos\/pavel-odintsov\/drop_watch\/deployments","created_at":"2017-06-08T21:43:00Z","updated_at":"2019-01-28T14:39:16Z","pushed_at":"2017-10-12T20:13:24Z","git_url":"git:\/\/github.com\/pavel-odintsov\/drop_watch.git","ssh_url":"git@github.com:pavel-odintsov\/drop_watch.git","clone_url":"https:\/\/github.com\/pavel-odintsov\/drop_watch.git","svn_url":"https:\/\/github.com\/pavel-odintsov\/drop_watch","homepage":"","size":153,"stargazers_count":183,"watchers_count":183,"language":"C","has_issues":true,"has_projects":true,"has_downloads":true,"has_wiki":true,"has_pages":false,"forks_count":20,"mirror_url":null,"archived":false,"open_issues_count":0,"license":{"key":"gpl-2.0","name":"GNU General Public License v2.0","spdx_id":"GPL-2.0","url":"https:\/\/api.github.com\/licenses\/gpl-2.0","node_id":"MDc6TGljZW5zZTg="},"forks":20,"open_issues":0,"watchers":183,"default_branch":"master","score":53.153675}] [] []
[2019-01-29 13:43:24] name.WARNING: Array [] []
[2019-01-29 13:43:24] name.WARNING: Array [] []
[2019-01-29 13:44:50] name.WARNING: Array [] []
[2019-01-29 13:44:50] name.WARNING: [{"id":58605580,"node_id":"MDEwOlJlcG9zaXRvcnk1ODYwNTU4MA==","name":"why-did-you-update","full_name":"garbles\/why-did-you-update","private":false,"owner":{"login":"garbles","id":1139884,"node_id":"MDQ6VXNlcjExMzk4ODQ=","avatar_url":"https:\/\/avatars1.githubusercontent.com\/u\/1139884?v=4","gravatar_id":"","url":"https:\/\/api.github.com\/users\/garbles","html_url":"https:\/\/github.com\/garbles","followers_url":"https:\/\/api.github.com\/users\/garbles\/followers","following_url":"https:\/\/api.github.com\/users\/garbles\/following{\/other_user}","gists_url":"https:\/\/api.github.com\/users\/garbles\/gists{\/gist_id}","starred_url":"https:\/\/api.github.com\/users\/garbles\/starred{\/owner}{\/repo}","subscriptions_url":"https:\/\/api.github.com\/users\/garbles\/subscriptions","organizations_url":"https:\/\/api.github.com\/users\/garbles\/orgs","repos_url":"https:\/\/api.github.com\/users\/garbles\/repos","events_url":"https:\/\/api.github.com\/users\/garbles\/events{\/privacy}","received_events_url":"https:\/\/api.github.com\/users\/garbles\/received_events","type":"User","site_admin":false},"html_url":"https:\/\/github.com\/garbles\/why-did-you-update","description":":boom: Puts your console on blast when React is making unnecessary updates.","fork":false,"url":"https:\/\/api.github.com\/repos\/garbles\/why-did-you-update","forks_url":"https:\/\/api.github.com\/repos\/garbles\/why-did-you-update\/forks","keys_url":"https:\/\/api.github.com\/repos\/garbles\/why-did-you-update\/keys{\/key_id}","collaborators_url":"https:\/\/api.github.com\/repos\/garbles\/why-did-you-update\/collaborators{\/collaborator}","teams_url":"https:\/\/api.github.com\/repos\/garbles\/why-did-you-update\/teams","hooks_url":"https:\/\/api.github.com\/repos\/garbles\/why-did-you-update\/hooks","issue_events_url":"https:\/\/api.github.com\/repos\/garbles\/why-did-you-update\/issues\/events{\/number}","events_url":"https:\/\/api.github.com\/repos\/garbles\/why-did-you-update\/events","assignees_url":"https:\/\/api.github.com\/repos\/garbles\/why-did-you-update\/assignees{\/user}","branches_url":"https:\/\/api.github.com\/repos\/garbles\/why-did-you-update\/branches{\/branch}","tags_url":"https:\/\/api.github.com\/repos\/garbles\/why-did-you-update\/tags","blobs_url":"https:\/\/api.github.com\/repos\/garbles\/why-did-you-update\/git\/blobs{\/sha}","git_tags_url":"https:\/\/api.github.com\/repos\/garbles\/why-did-you-update\/git\/tags{\/sha}","git_refs_url":"https:\/\/api.github.com\/repos\/garbles\/why-did-you-update\/git\/refs{\/sha}","trees_url":"https:\/\/api.github.com\/repos\/garbles\/why-did-you-update\/git\/trees{\/sha}","statuses_url":"https:\/\/api.github.com\/repos\/garbles\/why-did-you-update\/statuses\/{sha}","languages_url":"https:\/\/api.github.com\/repos\/garbles\/why-did-you-update\/languages","stargazers_url":"https:\/\/api.github.com\/repos\/garbles\/why-did-you-update\/stargazers","contributors_url":"https:\/\/api.github.com\/repos\/garbles\/why-did-you-update\/contributors","subscribers_url":"https:\/\/api.github.com\/repos\/garbles\/why-did-you-update\/subscribers","subscription_url":"https:\/\/api.github.com\/repos\/garbles\/why-did-you-update\/subscription","commits_url":"https:\/\/api.github.com\/repos\/garbles\/why-did-you-update\/commits{\/sha}","git_commits_url":"https:\/\/api.github.com\/repos\/garbles\/why-did-you-update\/git\/commits{\/sha}","comments_url":"https:\/\/api.github.com\/repos\/garbles\/why-did-you-update\/comments{\/number}","issue_comment_url":"https:\/\/api.github.com\/repos\/garbles\/why-did-you-update\/issues\/comments{\/number}","contents_url":"https:\/\/api.github.com\/repos\/garbles\/why-did-you-update\/contents\/{+path}","compare_url":"https:\/\/api.github.com\/repos\/garbles\/why-did-you-update\/compare\/{base}...{head}","merges_url":"https:\/\/api.github.com\/repos\/garbles\/why-did-you-update\/merges","archive_url":"https:\/\/api.github.com\/repos\/garbles\/why-did-you-update\/{archive_format}{\/ref}","downloads_url":"https:\/\/api.github.com\/repos\/garbles\/why-did-you-update\/downloads","issues_url":"https:\/\/api.github.com\/repos\/garbles\/why-did-you-update\/issues{\/number}","pulls_url":"https:\/\/api.github.com\/repos\/garbles\/why-did-you-update\/pulls{\/number}","milestones_url":"https:\/\/api.github.com\/repos\/garbles\/why-did-you-update\/milestones{\/number}","notifications_url":"https:\/\/api.github.com\/repos\/garbles\/why-did-you-update\/notifications{?since,all,participating}","labels_url":"https:\/\/api.github.com\/repos\/garbles\/why-did-you-update\/labels{\/name}","releases_url":"https:\/\/api.github.com\/repos\/garbles\/why-did-you-update\/releases{\/id}","deployments_url":"https:\/\/api.github.com\/repos\/garbles\/why-did-you-update\/deployments","created_at":"2016-05-12T03:49:06Z","updated_at":"2019-01-28T21:53:29Z","pushed_at":"2017-09-23T05:54:19Z","git_url":"git:\/\/github.com\/garbles\/why-did-you-update.git","ssh_url":"git@github.com:garbles\/why-did-you-update.git","clone_url":"https:\/\/github.com\/garbles\/why-did-you-update.git","svn_url":"https:\/\/github.com\/garbles\/why-did-you-update","homepage":null,"size":29,"stargazers_count":5177,"watchers_count":5177,"language":"JavaScript","has_issues":true,"has_projects":true,"has_downloads":true,"has_wiki":true,"has_pages":false,"forks_count":112,"mirror_url":null,"archived":true,"open_issues_count":28,"license":null,"forks":112,"open_issues":28,"watchers":5177,"default_branch":"master","score":102.164955},{"id":97779740,"node_id":"MDEwOlJlcG9zaXRvcnk5Nzc3OTc0MA==","name":"why-did-you-update","full_name":"maicki\/why-did-you-update","private":false,"owner":{"login":"maicki","id":25288,"node_id":"MDQ6VXNlcjI1Mjg4","avatar_url":"https:\/\/avatars1.githubusercontent.com\/u\/25288?v=4","gravatar_id":"","url":"https:\/\/api.github.com\/users\/maicki","html_url":"https:\/\/github.com\/maicki","followers_url":"https:\/\/api.github.com\/users\/maicki\/followers","following_url":"https:\/\/api.github.com\/users\/maicki\/following{\/other_user}","gists_url":"https:\/\/api.github.com\/users\/maicki\/gists{\/gist_id}","starred_url":"https:\/\/api.github.com\/users\/maicki\/starred{\/owner}{\/repo}","subscriptions_url":"https:\/\/api.github.com\/users\/maicki\/subscriptions","organizations_url":"https:\/\/api.github.com\/users\/maicki\/orgs","repos_url":"https:\/\/api.github.com\/users\/maicki\/repos","events_url":"https:\/\/api.github.com\/users\/maicki\/events{\/privacy}","received_events_url":"https:\/\/api.github.com\/users\/maicki\/received_events","type":"User","site_admin":false},"html_url":"https:\/\/github.com\/maicki\/why-did-you-update","description":":boom: Puts your console on blast when React is making unnecessary updates.","fork":false,"url":"https:\/\/api.github.com\/repos\/maicki\/why-did-you-update","forks_url":"https:\/\/api.github.com\/repos\/maicki\/why-did-you-update\/forks","keys_url":"https:\/\/api.github.com\/repos\/maicki\/why-did-you-update\/keys{\/key_id}","collaborators_url":"https:\/\/api.github.com\/repos\/maicki\/why-did-you-update\/collaborators{\/collaborator}","teams_url":"https:\/\/api.github.com\/repos\/maicki\/why-did-you-update\/teams","hooks_url":"https:\/\/api.github.com\/repos\/maicki\/why-did-you-update\/hooks","issue_events_url":"https:\/\/api.github.com\/repos\/maicki\/why-did-you-update\/issues\/events{\/number}","events_url":"https:\/\/api.github.com\/repos\/maicki\/why-did-you-update\/events","assignees_url":"https:\/\/api.github.com\/repos\/maicki\/why-did-you-update\/assignees{\/user}","branches_url":"https:\/\/api.github.com\/repos\/maicki\/why-did-you-update\/branches{\/branch}","tags_url":"https:\/\/api.github.com\/repos\/maicki\/why-did-you-update\/tags","blobs_url":"https:\/\/api.github.com\/repos\/maicki\/why-did-you-update\/git\/blobs{\/sha}","git_tags_url":"https:\/\/api.github.com\/repos\/maicki\/why-did-you-update\/git\/tags{\/sha}","git_refs_url":"https:\/\/api.github.com\/repos\/maicki\/why-did-you-update\/git\/refs{\/sha}","trees_url":"https:\/\/api.github.com\/repos\/maicki\/why-did-you-update\/git\/trees{\/sha}","statuses_url":"https:\/\/api.github.com\/repos\/maicki\/why-did-you-update\/statuses\/{sha}","languages_url":"https:\/\/api.github.com\/repos\/maicki\/why-did-you-update\/languages","stargazers_url":"https:\/\/api.github.com\/repos\/maicki\/why-did-you-update\/stargazers","contributors_url":"https:\/\/api.github.com\/repos\/maicki\/why-did-you-update\/contributors","subscribers_url":"https:\/\/api.github.com\/repos\/maicki\/why-did-you-update\/subscribers","subscription_url":"https:\/\/api.github.com\/repos\/maicki\/why-did-you-update\/subscription","commits_url":"https:\/\/api.github.com\/repos\/maicki\/why-did-you-update\/commits{\/sha}","git_commits_url":"https:\/\/api.github.com\/repos\/maicki\/why-did-you-update\/git\/commits{\/sha}","comments_url":"https:\/\/api.github.com\/repos\/maicki\/why-did-you-update\/comments{\/number}","issue_comment_url":"https:\/\/api.github.com\/repos\/maicki\/why-did-you-update\/issues\/comments{\/number}","contents_url":"https:\/\/api.github.com\/repos\/maicki\/why-did-you-update\/contents\/{+path}","compare_url":"https:\/\/api.github.com\/repos\/maicki\/why-did-you-update\/compare\/{base}...{head}","merges_url":"https:\/\/api.github.com\/repos\/maicki\/why-did-you-update\/merges","archive_url":"https:\/\/api.github.com\/repos\/maicki\/why-did-you-update\/{archive_format}{\/ref}","downloads_url":"https:\/\/api.github.com\/repos\/maicki\/why-did-you-update\/downloads","issues_url":"https:\/\/api.github.com\/repos\/maicki\/why-did-you-update\/issues{\/number}","pulls_url":"https:\/\/api.github.com\/repos\/maicki\/why-did-you-update\/pulls{\/number}","milestones_url":"https:\/\/api.github.com\/repos\/maicki\/why-did-you-update\/milestones{\/number}","notifications_url":"https:\/\/api.github.com\/repos\/maicki\/why-did-you-update\/notifications{?since,all,participating}","labels_url":"https:\/\/api.github.com\/repos\/maicki\/why-did-you-update\/labels{\/name}","releases_url":"https:\/\/api.github.com\/repos\/maicki\/why-did-you-update\/releases{\/id}","deployments_url":"https:\/\/api.github.com\/repos\/maicki\/why-did-you-update\/deployments","created_at":"2017-07-20T02:06:12Z","updated_at":"2019-01-29T05:37:27Z","pushed_at":"2018-12-13T16:41:38Z","git_url":"git:\/\/github.com\/maicki\/why-did-you-update.git","ssh_url":"git@github.com:maicki\/why-did-you-update.git","clone_url":"https:\/\/github.com\/maicki\/why-did-you-update.git","svn_url":"https:\/\/github.com\/maicki\/why-did-you-update","homepage":null,"size":1349,"stargazers_count":3040,"watchers_count":3040,"language":"JavaScript","has_issues":true,"has_projects":true,"has_downloads":true,"has_wiki":true,"has_pages":false,"forks_count":89,"mirror_url":null,"archived":false,"open_issues_count":4,"license":{"key":"mit","name":"MIT License","spdx_id":"MIT","url":"https:\/\/api.github.com\/licenses\/mit","node_id":"MDc6TGljZW5zZTEz"},"forks":89,"open_issues":4,"watchers":3040,"default_branch":"master","score":97.46017},{"id":47007090,"node_id":"MDEwOlJlcG9zaXRvcnk0NzAwNzA5MA==","name":"react-native-nba-app","full_name":"wwayne\/react-native-nba-app","private":false,"owner":{"login":"wwayne","id":5305874,"node_id":"MDQ6VXNlcjUzMDU4NzQ=","avatar_url":"https:\/\/avatars1.githubusercontent.com\/u\/5305874?v=4","gravatar_id":"","url":"https:\/\/api.github.com\/users\/wwayne","html_url":"https:\/\/github.com\/wwayne","followers_url":"https:\/\/api.github.com\/users\/wwayne\/followers","following_url":"https:\/\/api.github.com\/users\/wwayne\/following{\/other_user}","gists_url":"https:\/\/api.github.com\/users\/wwayne\/gists{\/gist_id}","starred_url":"https:\/\/api.github.com\/users\/wwayne\/starred{\/owner}{\/repo}","subscriptions_url":"https:\/\/api.github.com\/users\/wwayne\/subscriptions","organizations_url":"https:\/\/api.github.com\/users\/wwayne\/orgs","repos_url":"https:\/\/api.github.com\/users\/wwayne\/repos","events_url":"https:\/\/api.github.com\/users\/wwayne\/events{\/privacy}","received_events_url":"https:\/\/api.github.com\/users\/wwayne\/received_events","type":"User","site_admin":false},"html_url":"https:\/\/github.com\/wwayne\/react-native-nba-app","description":"This is why we play","fork":false,"url":"https:\/\/api.github.com\/repos\/wwayne\/react-native-nba-app","forks_url":"https:\/\/api.github.com\/repos\/wwayne\/react-native-nba-app\/forks","keys_url":"https:\/\/api.github.com\/repos\/wwayne\/react-native-nba-app\/keys{\/key_id}","collaborators_url":"https:\/\/api.github.com\/repos\/wwayne\/react-native-nba-app\/collaborators{\/collaborator}","teams_url":"https:\/\/api.github.com\/repos\/wwayne\/react-native-nba-app\/teams","hooks_url":"https:\/\/api.github.com\/repos\/wwayne\/react-native-nba-app\/hooks","issue_events_url":"https:\/\/api.github.com\/repos\/wwayne\/react-native-nba-app\/issues\/events{\/number}","events_url":"https:\/\/api.github.com\/repos\/wwayne\/react-native-nba-app\/events","assignees_url":"https:\/\/api.github.com\/repos\/wwayne\/react-native-nba-app\/assignees{\/user}","branches_url":"https:\/\/api.github.com\/repos\/wwayne\/react-native-nba-app\/branches{\/branch}","tags_url":"https:\/\/api.github.com\/repos\/wwayne\/react-native-nba-app\/tags","blobs_url":"https:\/\/api.github.com\/repos\/wwayne\/react-native-nba-app\/git\/blobs{\/sha}","git_tags_url":"https:\/\/api.github.com\/repos\/wwayne\/react-native-nba-app\/git\/tags{\/sha}","git_refs_url":"https:\/\/api.github.com\/repos\/wwayne\/react-native-nba-app\/git\/refs{\/sha}","trees_url":"https:\/\/api.github.com\/repos\/wwayne\/react-native-nba-app\/git\/trees{\/sha}","statuses_url":"https:\/\/api.github.com\/repos\/wwayne\/react-native-nba-app\/statuses\/{sha}","languages_url":"https:\/\/api.github.com\/repos\/wwayne\/react-native-nba-app\/languages","stargazers_url":"https:\/\/api.github.com\/repos\/wwayne\/react-native-nba-app\/stargazers","contributors_url":"https:\/\/api.github.com\/repos\/wwayne\/react-native-nba-app\/contributors","subscribers_url":"https:\/\/api.github.com\/repos\/wwayne\/react-native-nba-app\/subscribers","subscription_url":"https:\/\/api.github.com\/repos\/wwayne\/react-native-nba-app\/subscription","commits_url":"https:\/\/api.github.com\/repos\/wwayne\/react-native-nba-app\/commits{\/sha}","git_commits_url":"https:\/\/api.github.com\/repos\/wwayne\/react-native-nba-app\/git\/commits{\/sha}","comments_url":"https:\/\/api.github.com\/repos\/wwayne\/react-native-nba-app\/comments{\/number}","issue_comment_url":"https:\/\/api.github.com\/repos\/wwayne\/react-native-nba-app\/issues\/comments{\/number}","contents_url":"https:\/\/api.github.com\/repos\/wwayne\/react-native-nba-app\/contents\/{+path}","compare_url":"https:\/\/api.github.com\/repos\/wwayne\/react-native-nba-app\/compare\/{base}...{head}","merges_url":"https:\/\/api.github.com\/repos\/wwayne\/react-native-nba-app\/merges","archive_url":"https:\/\/api.github.com\/repos\/wwayne\/react-native-nba-app\/{archive_format}{\/ref}","downloads_url":"https:\/\/api.github.com\/repos\/wwayne\/react-native-nba-app\/downloads","issues_url":"https:\/\/api.github.com\/repos\/wwayne\/react-native-nba-app\/issues{\/number}","pulls_url":"https:\/\/api.github.com\/repos\/wwayne\/react-native-nba-app\/pulls{\/number}","milestones_url":"https:\/\/api.github.com\/repos\/wwayne\/react-native-nba-app\/milestones{\/number}","notifications_url":"https:\/\/api.github.com\/repos\/wwayne\/react-native-nba-app\/notifications{?since,all,participating}","labels_url":"https:\/\/api.github.com\/repos\/wwayne\/react-native-nba-app\/labels{\/name}","releases_url":"https:\/\/api.github.com\/repos\/wwayne\/react-native-nba-app\/releases{\/id}","deployments_url":"https:\/\/api.github.com\/repos\/wwayne\/react-native-nba-app\/deployments","created_at":"2015-11-28T02:30:45Z","updated_at":"2019-01-29T06:24:22Z","pushed_at":"2017-02-07T17:42:38Z","git_url":"git:\/\/github.com\/wwayne\/react-native-nba-app.git","ssh_url":"git@github.com:wwayne\/react-native-nba-app.git","clone_url":"https:\/\/github.com\/wwayne\/react-native-nba-app.git","svn_url":"https:\/\/github.com\/wwayne\/react-native-nba-app","homepage":"","size":2796,"stargazers_count":2073,"watchers_count":2073,"language":"Objective-C","has_issues":true,"has_projects":true,"has_downloads":true,"has_wiki":true,"has_pages":false,"forks_count":480,"mirror_url":null,"archived":false,"open_issues_count":8,"license":{"key":"mit","name":"MIT License","spdx_id":"MIT","url":"https:\/\/api.github.com\/licenses\/mit","node_id":"MDc6TGljZW5zZTEz"},"forks":480,"open_issues":8,"watchers":2073,"default_branch":"master","score":110.82968},{"id":17720394,"node_id":"MDEwOlJlcG9zaXRvcnkxNzcyMDM5NA==","name":"pyinstrument","full_name":"joerick\/pyinstrument","private":false,"owner":{"login":"joerick","id":1244307,"node_id":"MDQ6VXNlcjEyNDQzMDc=","avatar_url":"https:\/\/avatars1.githubusercontent.com\/u\/1244307?v=4","gravatar_id":"","url":"https:\/\/api.github.com\/users\/joerick","html_url":"https:\/\/github.com\/joerick","followers_url":"https:\/\/api.github.com\/users\/joerick\/followers","following_url":"https:\/\/api.github.com\/users\/joerick\/following{\/other_user}","gists_url":"https:\/\/api.github.com\/users\/joerick\/gists{\/gist_id}","starred_url":"https:\/\/api.github.com\/users\/joerick\/starred{\/owner}{\/repo}","subscriptions_url":"https:\/\/api.github.com\/users\/joerick\/subscriptions","organizations_url":"https:\/\/api.github.com\/users\/joerick\/orgs","repos_url":"https:\/\/api.github.com\/users\/joerick\/repos","events_url":"https:\/\/api.github.com\/users\/joerick\/events{\/privacy}","received_events_url":"https:\/\/api.github.com\/users\/joerick\/received_events","type":"User","site_admin":false},"html_url":"https:\/\/github.com\/joerick\/pyinstrument","description":"\ud83d\udeb4 Call stack profiler for Python. Shows you why your code is slow!","fork":false,"url":"https:\/\/api.github.com\/repos\/joerick\/pyinstrument","forks_url":"https:\/\/api.github.com\/repos\/joerick\/pyinstrument\/forks","keys_url":"https:\/\/api.github.com\/repos\/joerick\/pyinstrument\/keys{\/key_id}","collaborators_url":"https:\/\/api.github.com\/repos\/joerick\/pyinstrument\/collaborators{\/collaborator}","teams_url":"https:\/\/api.github.com\/repos\/joerick\/pyinstrument\/teams","hooks_url":"https:\/\/api.github.com\/repos\/joerick\/pyinstrument\/hooks","issue_events_url":"https:\/\/api.github.com\/repos\/joerick\/pyinstrument\/issues\/events{\/number}","events_url":"https:\/\/api.github.com\/repos\/joerick\/pyinstrument\/events","assignees_url":"https:\/\/api.github.com\/repos\/joerick\/pyinstrument\/assignees{\/user}","branches_url":"https:\/\/api.github.com\/repos\/joerick\/pyinstrument\/branches{\/branch}","tags_url":"https:\/\/api.github.com\/repos\/joerick\/pyinstrument\/tags","blobs_url":"https:\/\/api.github.com\/repos\/joerick\/pyinstrument\/git\/blobs{\/sha}","git_tags_url":"https:\/\/api.github.com\/repos\/joerick\/pyinstrument\/git\/tags{\/sha}","git_refs_url":"https:\/\/api.github.com\/repos\/joerick\/pyinstrument\/git\/refs{\/sha}","trees_url":"https:\/\/api.github.com\/repos\/joerick\/pyinstrument\/git\/trees{\/sha}","statuses_url":"https:\/\/api.github.com\/repos\/joerick\/pyinstrument\/statuses\/{sha}","languages_url":"https:\/\/api.github.com\/repos\/joerick\/pyinstrument\/languages","stargazers_url":"https:\/\/api.github.com\/repos\/joerick\/pyinstrument\/stargazers","contributors_url":"https:\/\/api.github.com\/repos\/joerick\/pyinstrument\/contributors","subscribers_url":"https:\/\/api.github.com\/repos\/joerick\/pyinstrument\/subscribers","subscription_url":"https:\/\/api.github.com\/repos\/joerick\/pyinstrument\/subscription","commits_url":"https:\/\/api.github.com\/repos\/joerick\/pyinstrument\/commits{\/sha}","git_commits_url":"https:\/\/api.github.com\/repos\/joerick\/pyinstrument\/git\/commits{\/sha}","comments_url":"https:\/\/api.github.com\/repos\/joerick\/pyinstrument\/comments{\/number}","issue_comment_url":"https:\/\/api.github.com\/repos\/joerick\/pyinstrument\/issues\/comments{\/number}","contents_url":"https:\/\/api.github.com\/repos\/joerick\/pyinstrument\/contents\/{+path}","compare_url":"https:\/\/api.github.com\/repos\/joerick\/pyinstrument\/compare\/{base}...{head}","merges_url":"https:\/\/api.github.com\/repos\/joerick\/pyinstrument\/merges","archive_url":"https:\/\/api.github.com\/repos\/joerick\/pyinstrument\/{archive_format}{\/ref}","downloads_url":"https:\/\/api.github.com\/repos\/joerick\/pyinstrument\/downloads","issues_url":"https:\/\/api.github.com\/repos\/joerick\/pyinstrument\/issues{\/number}","pulls_url":"https:\/\/api.github.com\/repos\/joerick\/pyinstrument\/pulls{\/number}","milestones_url":"https:\/\/api.github.com\/repos\/joerick\/pyinstrument\/milestones{\/number}","notifications_url":"https:\/\/api.github.com\/repos\/joerick\/pyinstrument\/notifications{?since,all,participating}","labels_url":"https:\/\/api.github.com\/repos\/joerick\/pyinstrument\/labels{\/name}","releases_url":"https:\/\/api.github.com\/repos\/joerick\/pyinstrument\/releases{\/id}","deployments_url":"https:\/\/api.github.com\/repos\/joerick\/pyinstrument\/deployments","created_at":"2014-03-13T17:53:13Z","updated_at":"2019-01-27T14:58:45Z","pushed_at":"2019-01-15T13:57:27Z","git_url":"git:\/\/github.com\/joerick\/pyinstrument.git","ssh_url":"git@github.com:joerick\/pyinstrument.git","clone_url":"https:\/\/github.com\/joerick\/pyinstrument.git","svn_url":"https:\/\/github.com\/joerick\/pyinstrument","homepage":"","size":1949,"stargazers_count":1081,"watchers_count":1081,"language":"Python","has_issues":true,"has_projects":true,"has_downloads":true,"has_wiki":true,"has_pages":false,"forks_count":66,"mirror_url":null,"archived":false,"open_issues_count":5,"license":{"key":"bsd-3-clause","name":"BSD 3-Clause \"New\" or \"Revised\" License","spdx_id":"BSD-3-Clause","url":"https:\/\/api.github.com\/licenses\/bsd-3-clause","node_id":"MDc6TGljZW5zZTU="},"forks":66,"open_issues":5,"watchers":1081,"default_branch":"master","score":57.17854},{"id":51375640,"node_id":"MDEwOlJlcG9zaXRvcnk1MTM3NTY0MA==","name":"why-is-node-running","full_name":"mafintosh\/why-is-node-running","private":false,"owner":{"login":"mafintosh","id":376661,"node_id":"MDQ6VXNlcjM3NjY2MQ==","avatar_url":"https:\/\/avatars1.githubusercontent.com\/u\/376661?v=4","gravatar_id":"","url":"https:\/\/api.github.com\/users\/mafintosh","html_url":"https:\/\/github.com\/mafintosh","followers_url":"https:\/\/api.github.com\/users\/mafintosh\/followers","following_url":"https:\/\/api.github.com\/users\/mafintosh\/following{\/other_user}","gists_url":"https:\/\/api.github.com\/users\/mafintosh\/gists{\/gist_id}","starred_url":"https:\/\/api.github.com\/users\/mafintosh\/starred{\/owner}{\/repo}","subscriptions_url":"https:\/\/api.github.com\/users\/mafintosh\/subscriptions","organizations_url":"https:\/\/api.github.com\/users\/mafintosh\/orgs","repos_url":"https:\/\/api.github.com\/users\/mafintosh\/repos","events_url":"https:\/\/api.github.com\/users\/mafintosh\/events{\/privacy}","received_events_url":"https:\/\/api.github.com\/users\/mafintosh\/received_events","type":"User","site_admin":false},"html_url":"https:\/\/github.com\/mafintosh\/why-is-node-running","description":"Node is running but you don't know why? why-is-node-running is here to help you.","fork":false,"url":"https:\/\/api.github.com\/repos\/mafintosh\/why-is-node-running","forks_url":"https:\/\/api.github.com\/repos\/mafintosh\/why-is-node-running\/forks","keys_url":"https:\/\/api.github.com\/repos\/mafintosh\/why-is-node-running\/keys{\/key_id}","collaborators_url":"https:\/\/api.github.com\/repos\/mafintosh\/why-is-node-running\/collaborators{\/collaborator}","teams_url":"https:\/\/api.github.com\/repos\/mafintosh\/why-is-node-running\/teams","hooks_url":"https:\/\/api.github.com\/repos\/mafintosh\/why-is-node-running\/hooks","issue_events_url":"https:\/\/api.github.com\/repos\/mafintosh\/why-is-node-running\/issues\/events{\/number}","events_url":"https:\/\/api.github.com\/repos\/mafintosh\/why-is-node-running\/events","assignees_url":"https:\/\/api.github.com\/repos\/mafintosh\/why-is-node-running\/assignees{\/user}","branches_url":"https:\/\/api.github.com\/repos\/mafintosh\/why-is-node-running\/branches{\/branch}","tags_url":"https:\/\/api.github.com\/repos\/mafintosh\/why-is-node-running\/tags","blobs_url":"https:\/\/api.github.com\/repos\/mafintosh\/why-is-node-running\/git\/blobs{\/sha}","git_tags_url":"https:\/\/api.github.com\/repos\/mafintosh\/why-is-node-running\/git\/tags{\/sha}","git_refs_url":"https:\/\/api.github.com\/repos\/mafintosh\/why-is-node-running\/git\/refs{\/sha}","trees_url":"https:\/\/api.github.com\/repos\/mafintosh\/why-is-node-running\/git\/trees{\/sha}","statuses_url":"https:\/\/api.github.com\/repos\/mafintosh\/why-is-node-running\/statuses\/{sha}","languages_url":"https:\/\/api.github.com\/repos\/mafintosh\/why-is-node-running\/languages","stargazers_url":"https:\/\/api.github.com\/repos\/mafintosh\/why-is-node-running\/stargazers","contributors_url":"https:\/\/api.github.com\/repos\/mafintosh\/why-is-node-running\/contributors","subscribers_url":"https:\/\/api.github.com\/repos\/mafintosh\/why-is-node-running\/subscribers","subscription_url":"https:\/\/api.github.com\/repos\/mafintosh\/why-is-node-running\/subscription","commits_url":"https:\/\/api.github.com\/repos\/mafintosh\/why-is-node-running\/commits{\/sha}","git_commits_url":"https:\/\/api.github.com\/repos\/mafintosh\/why-is-node-running\/git\/commits{\/sha}","comments_url":"https:\/\/api.github.com\/repos\/mafintosh\/why-is-node-running\/comments{\/number}","issue_comment_url":"https:\/\/api.github.com\/repos\/mafintosh\/why-is-node-running\/issues\/comments{\/number}","contents_url":"https:\/\/api.github.com\/repos\/mafintosh\/why-is-node-running\/contents\/{+path}","compare_url":"https:\/\/api.github.com\/repos\/mafintosh\/why-is-node-running\/compare\/{base}...{head}","merges_url":"https:\/\/api.github.com\/repos\/mafintosh\/why-is-node-running\/merges","archive_url":"https:\/\/api.github.com\/repos\/mafintosh\/why-is-node-running\/{archive_format}{\/ref}","downloads_url":"https:\/\/api.github.com\/repos\/mafintosh\/why-is-node-running\/downloads","issues_url":"https:\/\/api.github.com\/repos\/mafintosh\/why-is-node-running\/issues{\/number}","pulls_url":"https:\/\/api.github.com\/repos\/mafintosh\/why-is-node-running\/pulls{\/number}","milestones_url":"https:\/\/api.github.com\/repos\/mafintosh\/why-is-node-running\/milestones{\/number}","notifications_url":"https:\/\/api.github.com\/repos\/mafintosh\/why-is-node-running\/notifications{?since,all,participating}","labels_url":"https:\/\/api.github.com\/repos\/mafintosh\/why-is-node-running\/labels{\/name}","releases_url":"https:\/\/api.github.com\/repos\/mafintosh\/why-is-node-running\/releases{\/id}","deployments_url":"https:\/\/api.github.com\/repos\/mafintosh\/why-is-node-running\/deployments","created_at":"2016-02-09T15:29:28Z","updated_at":"2019-01-27T07:40:29Z","pushed_at":"2018-10-26T08:54:53Z","git_url":"git:\/\/github.com\/mafintosh\/why-is-node-running.git","ssh_url":"git@github.com:mafintosh\/why-is-node-running.git","clone_url":"https:\/\/github.com\/mafintosh\/why-is-node-running.git","svn_url":"https:\/\/github.com\/mafintosh\/why-is-node-running","homepage":null,"size":18,"stargazers_count":873,"watchers_count":873,"language":"JavaScript","has_issues":true,"has_projects":true,"has_downloads":true,"has_wiki":true,"has_pages":false,"forks_count":32,"mirror_url":null,"archived":false,"open_issues_count":12,"license":{"key":"mit","name":"MIT License","spdx_id":"MIT","url":"https:\/\/api.github.com\/licenses\/mit","node_id":"MDc6TGljZW5zZTEz"},"forks":32,"open_issues":12,"watchers":873,"default_branch":"master","score":80.29905},{"id":103874950,"node_id":"MDEwOlJlcG9zaXRvcnkxMDM4NzQ5NTA=","name":"bashful","full_name":"wagoodman\/bashful","private":false,"owner":{"login":"wagoodman","id":590471,"node_id":"MDQ6VXNlcjU5MDQ3MQ==","avatar_url":"https:\/\/avatars3.githubusercontent.com\/u\/590471?v=4","gravatar_id":"","url":"https:\/\/api.github.com\/users\/wagoodman","html_url":"https:\/\/github.com\/wagoodman","followers_url":"https:\/\/api.github.com\/users\/wagoodman\/followers","following_url":"https:\/\/api.github.com\/users\/wagoodman\/following{\/other_user}","gists_url":"https:\/\/api.github.com\/users\/wagoodman\/gists{\/gist_id}","starred_url":"https:\/\/api.github.com\/users\/wagoodman\/starred{\/owner}{\/repo}","subscriptions_url":"https:\/\/api.github.com\/users\/wagoodman\/subscriptions","organizations_url":"https:\/\/api.github.com\/users\/wagoodman\/orgs","repos_url":"https:\/\/api.github.com\/users\/wagoodman\/repos","events_url":"https:\/\/api.github.com\/users\/wagoodman\/events{\/privacy}","received_events_url":"https:\/\/api.github.com\/users\/wagoodman\/received_events","type":"User","site_admin":false},"html_url":"https:\/\/github.com\/wagoodman\/bashful","description":"Use a yaml file to stitch together commands and bash snippits and run them with a bit of style.  Why? Because your bash script should be quiet and shy-like (...and not such a loud mouth). ","fork":false,"url":"https:\/\/api.github.com\/repos\/wagoodman\/bashful","forks_url":"https:\/\/api.github.com\/repos\/wagoodman\/bashful\/forks","keys_url":"https:\/\/api.github.com\/repos\/wagoodman\/bashful\/keys{\/key_id}","collaborators_url":"https:\/\/api.github.com\/repos\/wagoodman\/bashful\/collaborators{\/collaborator}","teams_url":"https:\/\/api.github.com\/repos\/wagoodman\/bashful\/teams","hooks_url":"https:\/\/api.github.com\/repos\/wagoodman\/bashful\/hooks","issue_events_url":"https:\/\/api.github.com\/repos\/wagoodman\/bashful\/issues\/events{\/number}","events_url":"https:\/\/api.github.com\/repos\/wagoodman\/bashful\/events","assignees_url":"https:\/\/api.github.com\/repos\/wagoodman\/bashful\/assignees{\/user}","branches_url":"https:\/\/api.github.com\/repos\/wagoodman\/bashful\/branches{\/branch}","tags_url":"https:\/\/api.github.com\/repos\/wagoodman\/bashful\/tags","blobs_url":"https:\/\/api.github.com\/repos\/wagoodman\/bashful\/git\/blobs{\/sha}","git_tags_url":"https:\/\/api.github.com\/repos\/wagoodman\/bashful\/git\/tags{\/sha}","git_refs_url":"https:\/\/api.github.com\/repos\/wagoodman\/bashful\/git\/refs{\/sha}","trees_url":"https:\/\/api.github.com\/repos\/wagoodman\/bashful\/git\/trees{\/sha}","statuses_url":"https:\/\/api.github.com\/repos\/wagoodman\/bashful\/statuses\/{sha}","languages_url":"https:\/\/api.github.com\/repos\/wagoodman\/bashful\/languages","stargazers_url":"https:\/\/api.github.com\/repos\/wagoodman\/bashful\/stargazers","contributors_url":"https:\/\/api.github.com\/repos\/wagoodman\/bashful\/contributors","subscribers_url":"https:\/\/api.github.com\/repos\/wagoodman\/bashful\/subscribers","subscription_url":"https:\/\/api.github.com\/repos\/wagoodman\/bashful\/subscription","commits_url":"https:\/\/api.github.com\/repos\/wagoodman\/bashful\/commits{\/sha}","git_commits_url":"https:\/\/api.github.com\/repos\/wagoodman\/bashful\/git\/commits{\/sha}","comments_url":"https:\/\/api.github.com\/repos\/wagoodman\/bashful\/comments{\/number}","issue_comment_url":"https:\/\/api.github.com\/repos\/wagoodman\/bashful\/issues\/comments{\/number}","contents_url":"https:\/\/api.github.com\/repos\/wagoodman\/bashful\/contents\/{+path}","compare_url":"https:\/\/api.github.com\/repos\/wagoodman\/bashful\/compare\/{base}...{head}","merges_url":"https:\/\/api.github.com\/repos\/wagoodman\/bashful\/merges","archive_url":"https:\/\/api.github.com\/repos\/wagoodman\/bashful\/{archive_format}{\/ref}","downloads_url":"https:\/\/api.github.com\/repos\/wagoodman\/bashful\/downloads","issues_url":"https:\/\/api.github.com\/repos\/wagoodman\/bashful\/issues{\/number}","pulls_url":"https:\/\/api.github.com\/repos\/wagoodman\/bashful\/pulls{\/number}","milestones_url":"https:\/\/api.github.com\/repos\/wagoodman\/bashful\/milestones{\/number}","notifications_url":"https:\/\/api.github.com\/repos\/wagoodman\/bashful\/notifications{?since,all,participating}","labels_url":"https:\/\/api.github.com\/repos\/wagoodman\/bashful\/labels{\/name}","releases_url":"https:\/\/api.github.com\/repos\/wagoodman\/bashful\/releases{\/id}","deployments_url":"https:\/\/api.github.com\/repos\/wagoodman\/bashful\/deployments","created_at":"2017-09-18T01:04:55Z","updated_at":"2019-01-28T20:06:21Z","pushed_at":"2019-01-06T18:52:52Z","git_url":"git:\/\/github.com\/wagoodman\/bashful.git","ssh_url":"git@github.com:wagoodman\/bashful.git","clone_url":"https:\/\/github.com\/wagoodman\/bashful.git","svn_url":"https:\/\/github.com\/wagoodman\/bashful","homepage":"","size":4157,"stargazers_count":827,"watchers_count":827,"language":"Go","has_issues":true,"has_projects":true,"has_downloads":true,"has_wiki":true,"has_pages":false,"forks_count":24,"mirror_url":null,"archived":false,"open_issues_count":15,"license":{"key":"mit","name":"MIT License","spdx_id":"MIT","url":"https:\/\/api.github.com\/licenses\/mit","node_id":"MDc6TGljZW5zZTEz"},"forks":24,"open_issues":15,"watchers":827,"default_branch":"master","score":27.878546},{"id":100889899,"node_id":"MDEwOlJlcG9zaXRvcnkxMDA4ODk4OTk=","name":"wtfautolayout","full_name":"johnpatrickmorgan\/wtfautolayout","private":false,"owner":{"login":"johnpatrickmorgan","id":6318566,"node_id":"MDQ6VXNlcjYzMTg1NjY=","avatar_url":"https:\/\/avatars3.githubusercontent.com\/u\/6318566?v=4","gravatar_id":"","url":"https:\/\/api.github.com\/users\/johnpatrickmorgan","html_url":"https:\/\/github.com\/johnpatrickmorgan","followers_url":"https:\/\/api.github.com\/users\/johnpatrickmorgan\/followers","following_url":"https:\/\/api.github.com\/users\/johnpatrickmorgan\/following{\/other_user}","gists_url":"https:\/\/api.github.com\/users\/johnpatrickmorgan\/gists{\/gist_id}","starred_url":"https:\/\/api.github.com\/users\/johnpatrickmorgan\/starred{\/owner}{\/repo}","subscriptions_url":"https:\/\/api.github.com\/users\/johnpatrickmorgan\/subscriptions","organizations_url":"https:\/\/api.github.com\/users\/johnpatrickmorgan\/orgs","repos_url":"https:\/\/api.github.com\/users\/johnpatrickmorgan\/repos","events_url":"https:\/\/api.github.com\/users\/johnpatrickmorgan\/events{\/privacy}","received_events_url":"https:\/\/api.github.com\/users\/johnpatrickmorgan\/received_events","type":"User","site_admin":false},"html_url":"https:\/\/github.com\/johnpatrickmorgan\/wtfautolayout","description":"The source code for Why The Failure, Auto Layout?","fork":false,"url":"https:\/\/api.github.com\/repos\/johnpatrickmorgan\/wtfautolayout","forks_url":"https:\/\/api.github.com\/repos\/johnpatrickmorgan\/wtfautolayout\/forks","keys_url":"https:\/\/api.github.com\/repos\/johnpatrickmorgan\/wtfautolayout\/keys{\/key_id}","collaborators_url":"https:\/\/api.github.com\/repos\/johnpatrickmorgan\/wtfautolayout\/collaborators{\/collaborator}","teams_url":"https:\/\/api.github.com\/repos\/johnpatrickmorgan\/wtfautolayout\/teams","hooks_url":"https:\/\/api.github.com\/repos\/johnpatrickmorgan\/wtfautolayout\/hooks","issue_events_url":"https:\/\/api.github.com\/repos\/johnpatrickmorgan\/wtfautolayout\/issues\/events{\/number}","events_url":"https:\/\/api.github.com\/repos\/johnpatrickmorgan\/wtfautolayout\/events","assignees_url":"https:\/\/api.github.com\/repos\/johnpatrickmorgan\/wtfautolayout\/assignees{\/user}","branches_url":"https:\/\/api.github.com\/repos\/johnpatrickmorgan\/wtfautolayout\/branches{\/branch}","tags_url":"https:\/\/api.github.com\/repos\/johnpatrickmorgan\/wtfautolayout\/tags","blobs_url":"https:\/\/api.github.com\/repos\/johnpatrickmorgan\/wtfautolayout\/git\/blobs{\/sha}","git_tags_url":"https:\/\/api.github.com\/repos\/johnpatrickmorgan\/wtfautolayout\/git\/tags{\/sha}","git_refs_url":"https:\/\/api.github.com\/repos\/johnpatrickmorgan\/wtfautolayout\/git\/refs{\/sha}","trees_url":"https:\/\/api.github.com\/repos\/johnpatrickmorgan\/wtfautolayout\/git\/trees{\/sha}","statuses_url":"https:\/\/api.github.com\/repos\/johnpatrickmorgan\/wtfautolayout\/statuses\/{sha}","languages_url":"https:\/\/api.github.com\/repos\/johnpatrickmorgan\/wtfautolayout\/languages","stargazers_url":"https:\/\/api.github.com\/repos\/johnpatrickmorgan\/wtfautolayout\/stargazers","contributors_url":"https:\/\/api.github.com\/repos\/johnpatrickmorgan\/wtfautolayout\/contributors","subscribers_url":"https:\/\/api.github.com\/repos\/johnpatrickmorgan\/wtfautolayout\/subscribers","subscription_url":"https:\/\/api.github.com\/repos\/johnpatrickmorgan\/wtfautolayout\/subscription","commits_url":"https:\/\/api.github.com\/repos\/johnpatrickmorgan\/wtfautolayout\/commits{\/sha}","git_commits_url":"https:\/\/api.github.com\/repos\/johnpatrickmorgan\/wtfautolayout\/git\/commits{\/sha}","comments_url":"https:\/\/api.github.com\/repos\/johnpatrickmorgan\/wtfautolayout\/comments{\/number}","issue_comment_url":"https:\/\/api.github.com\/repos\/johnpatrickmorgan\/wtfautolayout\/issues\/comments{\/number}","contents_url":"https:\/\/api.github.com\/repos\/johnpatrickmorgan\/wtfautolayout\/contents\/{+path}","compare_url":"https:\/\/api.github.com\/repos\/johnpatrickmorgan\/wtfautolayout\/compare\/{base}...{head}","merges_url":"https:\/\/api.github.com\/repos\/johnpatrickmorgan\/wtfautolayout\/merges","archive_url":"https:\/\/api.github.com\/repos\/johnpatrickmorgan\/wtfautolayout\/{archive_format}{\/ref}","downloads_url":"https:\/\/api.github.com\/repos\/johnpatrickmorgan\/wtfautolayout\/downloads","issues_url":"https:\/\/api.github.com\/repos\/johnpatrickmorgan\/wtfautolayout\/issues{\/number}","pulls_url":"https:\/\/api.github.com\/repos\/johnpatrickmorgan\/wtfautolayout\/pulls{\/number}","milestones_url":"https:\/\/api.github.com\/repos\/johnpatrickmorgan\/wtfautolayout\/milestones{\/number}","notifications_url":"https:\/\/api.github.com\/repos\/johnpatrickmorgan\/wtfautolayout\/notifications{?since,all,participating}","labels_url":"https:\/\/api.github.com\/repos\/johnpatrickmorgan\/wtfautolayout\/labels{\/name}","releases_url":"https:\/\/api.github.com\/repos\/johnpatrickmorgan\/wtfautolayout\/releases{\/id}","deployments_url":"https:\/\/api.github.com\/repos\/johnpatrickmorgan\/wtfautolayout\/deployments","created_at":"2017-08-20T21:32:57Z","updated_at":"2019-01-28T12:46:45Z","pushed_at":"2019-01-24T23:44:25Z","git_url":"git:\/\/github.com\/johnpatrickmorgan\/wtfautolayout.git","ssh_url":"git@github.com:johnpatrickmorgan\/wtfautolayout.git","clone_url":"https:\/\/github.com\/johnpatrickmorgan\/wtfautolayout.git","svn_url":"https:\/\/github.com\/johnpatrickmorgan\/wtfautolayout","homepage":"https:\/\/www.wtfautolayout.com","size":347,"stargazers_count":674,"watchers_count":674,"language":"Swift","has_issues":true,"has_projects":true,"has_downloads":true,"has_wiki":true,"has_pages":false,"forks_count":15,"mirror_url":null,"archived":false,"open_issues_count":5,"license":{"key":"mit","name":"MIT License","spdx_id":"MIT","url":"https:\/\/api.github.com\/licenses\/mit","node_id":"MDc6TGljZW5zZTEz"},"forks":15,"open_issues":5,"watchers":674,"default_branch":"master","score":56.448357},{"id":28422398,"node_id":"MDEwOlJlcG9zaXRvcnkyODQyMjM5OA==","name":"react-router-flux-starter-kit","full_name":"przeor\/react-router-flux-starter-kit","private":false,"owner":{"login":"przeor","id":5995,"node_id":"MDQ6VXNlcjU5OTU=","avatar_url":"https:\/\/avatars2.githubusercontent.com\/u\/5995?v=4","gravatar_id":"","url":"https:\/\/api.github.com\/users\/przeor","html_url":"https:\/\/github.com\/przeor","followers_url":"https:\/\/api.github.com\/users\/przeor\/followers","following_url":"https:\/\/api.github.com\/users\/przeor\/following{\/other_user}","gists_url":"https:\/\/api.github.com\/users\/przeor\/gists{\/gist_id}","starred_url":"https:\/\/api.github.com\/users\/przeor\/starred{\/owner}{\/repo}","subscriptions_url":"https:\/\/api.github.com\/users\/przeor\/subscriptions","organizations_url":"https:\/\/api.github.com\/users\/przeor\/orgs","repos_url":"https:\/\/api.github.com\/users\/przeor\/repos","events_url":"https:\/\/api.github.com\/users\/przeor\/events{\/privacy}","received_events_url":"https:\/\/api.github.com\/users\/przeor\/received_events","type":"User","site_admin":false},"html_url":"https:\/\/github.com\/przeor\/react-router-flux-starter-kit","description":"Why & How to Learn React Redux, the right highly scalable way.","fork":false,"url":"https:\/\/api.github.com\/repos\/przeor\/react-router-flux-starter-kit","forks_url":"https:\/\/api.github.com\/repos\/przeor\/react-router-flux-starter-kit\/forks","keys_url":"https:\/\/api.github.com\/repos\/przeor\/react-router-flux-starter-kit\/keys{\/key_id}","collaborators_url":"https:\/\/api.github.com\/repos\/przeor\/react-router-flux-starter-kit\/collaborators{\/collaborator}","teams_url":"https:\/\/api.github.com\/repos\/przeor\/react-router-flux-starter-kit\/teams","hooks_url":"https:\/\/api.github.com\/repos\/przeor\/react-router-flux-starter-kit\/hooks","issue_events_url":"https:\/\/api.github.com\/repos\/przeor\/react-router-flux-starter-kit\/issues\/events{\/number}","events_url":"https:\/\/api.github.com\/repos\/przeor\/react-router-flux-starter-kit\/events","assignees_url":"https:\/\/api.github.com\/repos\/przeor\/react-router-flux-starter-kit\/assignees{\/user}","branches_url":"https:\/\/api.github.com\/repos\/przeor\/react-router-flux-starter-kit\/branches{\/branch}","tags_url":"https:\/\/api.github.com\/repos\/przeor\/react-router-flux-starter-kit\/tags","blobs_url":"https:\/\/api.github.com\/repos\/przeor\/react-router-flux-starter-kit\/git\/blobs{\/sha}","git_tags_url":"https:\/\/api.github.com\/repos\/przeor\/react-router-flux-starter-kit\/git\/tags{\/sha}","git_refs_url":"https:\/\/api.github.com\/repos\/przeor\/react-router-flux-starter-kit\/git\/refs{\/sha}","trees_url":"https:\/\/api.github.com\/repos\/przeor\/react-router-flux-starter-kit\/git\/trees{\/sha}","statuses_url":"https:\/\/api.github.com\/repos\/przeor\/react-router-flux-starter-kit\/statuses\/{sha}","languages_url":"https:\/\/api.github.com\/repos\/przeor\/react-router-flux-starter-kit\/languages","stargazers_url":"https:\/\/api.github.com\/repos\/przeor\/react-router-flux-starter-kit\/stargazers","contributors_url":"https:\/\/api.github.com\/repos\/przeor\/react-router-flux-starter-kit\/contributors","subscribers_url":"https:\/\/api.github.com\/repos\/przeor\/react-router-flux-starter-kit\/subscribers","subscription_url":"https:\/\/api.github.com\/repos\/przeor\/react-router-flux-starter-kit\/subscription","commits_url":"https:\/\/api.github.com\/repos\/przeor\/react-router-flux-starter-kit\/commits{\/sha}","git_commits_url":"https:\/\/api.github.com\/repos\/przeor\/react-router-flux-starter-kit\/git\/commits{\/sha}","comments_url":"https:\/\/api.github.com\/repos\/przeor\/react-router-flux-starter-kit\/comments{\/number}","issue_comment_url":"https:\/\/api.github.com\/repos\/przeor\/react-router-flux-starter-kit\/issues\/comments{\/number}","contents_url":"https:\/\/api.github.com\/repos\/przeor\/react-router-flux-starter-kit\/contents\/{+path}","compare_url":"https:\/\/api.github.com\/repos\/przeor\/react-router-flux-starter-kit\/compare\/{base}...{head}","merges_url":"https:\/\/api.github.com\/repos\/przeor\/react-router-flux-starter-kit\/merges","archive_url":"https:\/\/api.github.com\/repos\/przeor\/react-router-flux-starter-kit\/{archive_format}{\/ref}","downloads_url":"https:\/\/api.github.com\/repos\/przeor\/react-router-flux-starter-kit\/downloads","issues_url":"https:\/\/api.github.com\/repos\/przeor\/react-router-flux-starter-kit\/issues{\/number}","pulls_url":"https:\/\/api.github.com\/repos\/przeor\/react-router-flux-starter-kit\/pulls{\/number}","milestones_url":"https:\/\/api.github.com\/repos\/przeor\/react-router-flux-starter-kit\/milestones{\/number}","notifications_url":"https:\/\/api.github.com\/repos\/przeor\/react-router-flux-starter-kit\/notifications{?since,all,participating}","labels_url":"https:\/\/api.github.com\/repos\/przeor\/react-router-flux-starter-kit\/labels{\/name}","releases_url":"https:\/\/api.github.com\/repos\/przeor\/react-router-flux-starter-kit\/releases{\/id}","deployments_url":"https:\/\/api.github.com\/repos\/przeor\/react-router-flux-starter-kit\/deployments","created_at":"2014-12-23T22:19:47Z","updated_at":"2019-01-23T01:25:46Z","pushed_at":"2016-08-19T08:19:37Z","git_url":"git:\/\/github.com\/przeor\/react-router-flux-starter-kit.git","ssh_url":"git@github.com:przeor\/react-router-flux-starter-kit.git","clone_url":"https:\/\/github.com\/przeor\/react-router-flux-starter-kit.git","svn_url":"https:\/\/github.com\/przeor\/react-router-flux-starter-kit","homepage":"","size":4999,"stargazers_count":650,"watchers_count":650,"language":"JavaScript","has_issues":true,"has_projects":true,"has_downloads":true,"has_wiki":true,"has_pages":false,"forks_count":97,"mirror_url":null,"archived":false,"open_issues_count":5,"license":null,"forks":97,"open_issues":5,"watchers":650,"default_branch":"master","score":58.769623},{"id":282344,"node_id":"MDEwOlJlcG9zaXRvcnkyODIzNDQ=","name":"potion","full_name":"perl11\/potion","private":false,"owner":{"login":"perl11","id":2390370,"node_id":"MDEyOk9yZ2FuaXphdGlvbjIzOTAzNzA=","avatar_url":"https:\/\/avatars3.githubusercontent.com\/u\/2390370?v=4","gravatar_id":"","url":"https:\/\/api.github.com\/users\/perl11","html_url":"https:\/\/github.com\/perl11","followers_url":"https:\/\/api.github.com\/users\/perl11\/followers","following_url":"https:\/\/api.github.com\/users\/perl11\/following{\/other_user}","gists_url":"https:\/\/api.github.com\/users\/perl11\/gists{\/gist_id}","starred_url":"https:\/\/api.github.com\/users\/perl11\/starred{\/owner}{\/repo}","subscriptions_url":"https:\/\/api.github.com\/users\/perl11\/subscriptions","organizations_url":"https:\/\/api.github.com\/users\/perl11\/orgs","repos_url":"https:\/\/api.github.com\/users\/perl11\/repos","events_url":"https:\/\/api.github.com\/users\/perl11\/events{\/privacy}","received_events_url":"https:\/\/api.github.com\/users\/perl11\/received_events","type":"Organization","site_admin":false},"html_url":"https:\/\/github.com\/perl11\/potion","description":"_why the lucky stiff's little language (the official repo... until _why returns)","fork":false,"url":"https:\/\/api.github.com\/repos\/perl11\/potion","forks_url":"https:\/\/api.github.com\/repos\/perl11\/potion\/forks","keys_url":"https:\/\/api.github.com\/repos\/perl11\/potion\/keys{\/key_id}","collaborators_url":"https:\/\/api.github.com\/repos\/perl11\/potion\/collaborators{\/collaborator}","teams_url":"https:\/\/api.github.com\/repos\/perl11\/potion\/teams","hooks_url":"https:\/\/api.github.com\/repos\/perl11\/potion\/hooks","issue_events_url":"https:\/\/api.github.com\/repos\/perl11\/potion\/issues\/events{\/number}","events_url":"https:\/\/api.github.com\/repos\/perl11\/potion\/events","assignees_url":"https:\/\/api.github.com\/repos\/perl11\/potion\/assignees{\/user}","branches_url":"https:\/\/api.github.com\/repos\/perl11\/potion\/branches{\/branch}","tags_url":"https:\/\/api.github.com\/repos\/perl11\/potion\/tags","blobs_url":"https:\/\/api.github.com\/repos\/perl11\/potion\/git\/blobs{\/sha}","git_tags_url":"https:\/\/api.github.com\/repos\/perl11\/potion\/git\/tags{\/sha}","git_refs_url":"https:\/\/api.github.com\/repos\/perl11\/potion\/git\/refs{\/sha}","trees_url":"https:\/\/api.github.com\/repos\/perl11\/potion\/git\/trees{\/sha}","statuses_url":"https:\/\/api.github.com\/repos\/perl11\/potion\/statuses\/{sha}","languages_url":"https:\/\/api.github.com\/repos\/perl11\/potion\/languages","stargazers_url":"https:\/\/api.github.com\/repos\/perl11\/potion\/stargazers","contributors_url":"https:\/\/api.github.com\/repos\/perl11\/potion\/contributors","subscribers_url":"https:\/\/api.github.com\/repos\/perl11\/potion\/subscribers","subscription_url":"https:\/\/api.github.com\/repos\/perl11\/potion\/subscription","commits_url":"https:\/\/api.github.com\/repos\/perl11\/potion\/commits{\/sha}","git_commits_url":"https:\/\/api.github.com\/repos\/perl11\/potion\/git\/commits{\/sha}","comments_url":"https:\/\/api.github.com\/repos\/perl11\/potion\/comments{\/number}","issue_comment_url":"https:\/\/api.github.com\/repos\/perl11\/potion\/issues\/comments{\/number}","contents_url":"https:\/\/api.github.com\/repos\/perl11\/potion\/contents\/{+path}","compare_url":"https:\/\/api.github.com\/repos\/perl11\/potion\/compare\/{base}...{head}","merges_url":"https:\/\/api.github.com\/repos\/perl11\/potion\/merges","archive_url":"https:\/\/api.github.com\/repos\/perl11\/potion\/{archive_format}{\/ref}","downloads_url":"https:\/\/api.github.com\/repos\/perl11\/potion\/downloads","issues_url":"https:\/\/api.github.com\/repos\/perl11\/potion\/issues{\/number}","pulls_url":"https:\/\/api.github.com\/repos\/perl11\/potion\/pulls{\/number}","milestones_url":"https:\/\/api.github.com\/repos\/perl11\/potion\/milestones{\/number}","notifications_url":"https:\/\/api.github.com\/repos\/perl11\/potion\/notifications{?since,all,participating}","labels_url":"https:\/\/api.github.com\/repos\/perl11\/potion\/labels{\/name}","releases_url":"https:\/\/api.github.com\/repos\/perl11\/potion\/releases{\/id}","deployments_url":"https:\/\/api.github.com\/repos\/perl11\/potion\/deployments","created_at":"2009-08-19T20:06:21Z","updated_at":"2019-01-23T08:11:13Z","pushed_at":"2018-02-02T09:04:03Z","git_url":"git:\/\/github.com\/perl11\/potion.git","ssh_url":"git@github.com:perl11\/potion.git","clone_url":"https:\/\/github.com\/perl11\/potion.git","svn_url":"https:\/\/github.com\/perl11\/potion","homepage":"http:\/\/groups.google.com\/group\/potion-lang","size":4417,"stargazers_count":540,"watchers_count":540,"language":"C","has_issues":true,"has_projects":true,"has_downloads":true,"has_wiki":true,"has_pages":true,"forks_count":78,"mirror_url":null,"archived":false,"open_issues_count":19,"license":{"key":"other","name":"Other","spdx_id":"NOASSERTION","url":null,"node_id":"MDc6TGljZW5zZTA="},"forks":78,"open_issues":19,"watchers":540,"default_branch":"master","score":81.980644},{"id":282622,"node_id":"MDEwOlJlcG9zaXRvcnkyODI2MjI=","name":"poignant-guide","full_name":"mislav\/poignant-guide","private":false,"owner":{"login":"mislav","id":887,"node_id":"MDQ6VXNlcjg4Nw==","avatar_url":"https:\/\/avatars2.githubusercontent.com\/u\/887?v=4","gravatar_id":"","url":"https:\/\/api.github.com\/users\/mislav","html_url":"https:\/\/github.com\/mislav","followers_url":"https:\/\/api.github.com\/users\/mislav\/followers","following_url":"https:\/\/api.github.com\/users\/mislav\/following{\/other_user}","gists_url":"https:\/\/api.github.com\/users\/mislav\/gists{\/gist_id}","starred_url":"https:\/\/api.github.com\/users\/mislav\/starred{\/owner}{\/repo}","subscriptions_url":"https:\/\/api.github.com\/users\/mislav\/subscriptions","organizations_url":"https:\/\/api.github.com\/users\/mislav\/orgs","repos_url":"https:\/\/api.github.com\/users\/mislav\/repos","events_url":"https:\/\/api.github.com\/users\/mislav\/events{\/privacy}","received_events_url":"https:\/\/api.github.com\/users\/mislav\/received_events","type":"User","site_admin":true},"html_url":"https:\/\/github.com\/mislav\/poignant-guide","description":"Why's Poignant Guide to Ruby","fork":false,"url":"https:\/\/api.github.com\/repos\/mislav\/poignant-guide","forks_url":"https:\/\/api.github.com\/repos\/mislav\/poignant-guide\/forks","keys_url":"https:\/\/api.github.com\/repos\/mislav\/poignant-guide\/keys{\/key_id}","collaborators_url":"https:\/\/api.github.com\/repos\/mislav\/poignant-guide\/collaborators{\/collaborator}","teams_url":"https:\/\/api.github.com\/repos\/mislav\/poignant-guide\/teams","hooks_url":"https:\/\/api.github.com\/repos\/mislav\/poignant-guide\/hooks","issue_events_url":"https:\/\/api.github.com\/repos\/mislav\/poignant-guide\/issues\/events{\/number}","events_url":"https:\/\/api.github.com\/repos\/mislav\/poignant-guide\/events","assignees_url":"https:\/\/api.github.com\/repos\/mislav\/poignant-guide\/assignees{\/user}","branches_url":"https:\/\/api.github.com\/repos\/mislav\/poignant-guide\/branches{\/branch}","tags_url":"https:\/\/api.github.com\/repos\/mislav\/poignant-guide\/tags","blobs_url":"https:\/\/api.github.com\/repos\/mislav\/poignant-guide\/git\/blobs{\/sha}","git_tags_url":"https:\/\/api.github.com\/repos\/mislav\/poignant-guide\/git\/tags{\/sha}","git_refs_url":"https:\/\/api.github.com\/repos\/mislav\/poignant-guide\/git\/refs{\/sha}","trees_url":"https:\/\/api.github.com\/repos\/mislav\/poignant-guide\/git\/trees{\/sha}","statuses_url":"https:\/\/api.github.com\/repos\/mislav\/poignant-guide\/statuses\/{sha}","languages_url":"https:\/\/api.github.com\/repos\/mislav\/poignant-guide\/languages","stargazers_url":"https:\/\/api.github.com\/repos\/mislav\/poignant-guide\/stargazers","contributors_url":"https:\/\/api.github.com\/repos\/mislav\/poignant-guide\/contributors","subscribers_url":"https:\/\/api.github.com\/repos\/mislav\/poignant-guide\/subscribers","subscription_url":"https:\/\/api.github.com\/repos\/mislav\/poignant-guide\/subscription","commits_url":"https:\/\/api.github.com\/repos\/mislav\/poignant-guide\/commits{\/sha}","git_commits_url":"https:\/\/api.github.com\/repos\/mislav\/poignant-guide\/git\/commits{\/sha}","comments_url":"https:\/\/api.github.com\/repos\/mislav\/poignant-guide\/comments{\/number}","issue_comment_url":"https:\/\/api.github.com\/repos\/mislav\/poignant-guide\/issues\/comments{\/number}","contents_url":"https:\/\/api.github.com\/repos\/mislav\/poignant-guide\/contents\/{+path}","compare_url":"https:\/\/api.github.com\/repos\/mislav\/poignant-guide\/compare\/{base}...{head}","merges_url":"https:\/\/api.github.com\/repos\/mislav\/poignant-guide\/merges","archive_url":"https:\/\/api.github.com\/repos\/mislav\/poignant-guide\/{archive_format}{\/ref}","downloads_url":"https:\/\/api.github.com\/repos\/mislav\/poignant-guide\/downloads","issues_url":"https:\/\/api.github.com\/repos\/mislav\/poignant-guide\/issues{\/number}","pulls_url":"https:\/\/api.github.com\/repos\/mislav\/poignant-guide\/pulls{\/number}","milestones_url":"https:\/\/api.github.com\/repos\/mislav\/poignant-guide\/milestones{\/number}","notifications_url":"https:\/\/api.github.com\/repos\/mislav\/poignant-guide\/notifications{?since,all,participating}","labels_url":"https:\/\/api.github.com\/repos\/mislav\/poignant-guide\/labels{\/name}","releases_url":"https:\/\/api.github.com\/repos\/mislav\/poignant-guide\/releases{\/id}","deployments_url":"https:\/\/api.github.com\/repos\/mislav\/poignant-guide\/deployments","created_at":"2009-08-20T01:17:54Z","updated_at":"2019-01-26T12:32:58Z","pushed_at":"2018-11-20T13:08:57Z","git_url":"git:\/\/github.com\/mislav\/poignant-guide.git","ssh_url":"git@github.com:mislav\/poignant-guide.git","clone_url":"https:\/\/github.com\/mislav\/poignant-guide.git","svn_url":"https:\/\/github.com\/mislav\/poignant-guide","homepage":"http:\/\/poignant.guide\/","size":12871,"stargazers_count":532,"watchers_count":532,"language":"HTML","has_issues":false,"has_projects":true,"has_downloads":true,"has_wiki":false,"has_pages":true,"forks_count":103,"mirror_url":null,"archived":false,"open_issues_count":0,"license":null,"forks":103,"open_issues":0,"watchers":532,"default_branch":"gh-pages","score":81.49615},{"id":30485473,"node_id":"MDEwOlJlcG9zaXRvcnkzMDQ4NTQ3Mw==","name":"Why-Reject","full_name":"jcccn\/Why-Reject","private":false,"owner":{"login":"jcccn","id":397243,"node_id":"MDQ6VXNlcjM5NzI0Mw==","avatar_url":"https:\/\/avatars1.githubusercontent.com\/u\/397243?v=4","gravatar_id":"","url":"https:\/\/api.github.com\/users\/jcccn","html_url":"https:\/\/github.com\/jcccn","followers_url":"https:\/\/api.github.com\/users\/jcccn\/followers","following_url":"https:\/\/api.github.com\/users\/jcccn\/following{\/other_user}","gists_url":"https:\/\/api.github.com\/users\/jcccn\/gists{\/gist_id}","starred_url":"https:\/\/api.github.com\/users\/jcccn\/starred{\/owner}{\/repo}","subscriptions_url":"https:\/\/api.github.com\/users\/jcccn\/subscriptions","organizations_url":"https:\/\/api.github.com\/users\/jcccn\/orgs","repos_url":"https:\/\/api.github.com\/users\/jcccn\/repos","events_url":"https:\/\/api.github.com\/users\/jcccn\/events{\/privacy}","received_events_url":"https:\/\/api.github.com\/users\/jcccn\/received_events","type":"User","site_admin":false},"html_url":"https:\/\/github.com\/jcccn\/Why-Reject","description":"\u82f9\u679cAppStore\u88ab\u62d2\u7406\u7531\u5927\u5168","fork":false,"url":"https:\/\/api.github.com\/repos\/jcccn\/Why-Reject","forks_url":"https:\/\/api.github.com\/repos\/jcccn\/Why-Reject\/forks","keys_url":"https:\/\/api.github.com\/repos\/jcccn\/Why-Reject\/keys{\/key_id}","collaborators_url":"https:\/\/api.github.com\/repos\/jcccn\/Why-Reject\/collaborators{\/collaborator}","teams_url":"https:\/\/api.github.com\/repos\/jcccn\/Why-Reject\/teams","hooks_url":"https:\/\/api.github.com\/repos\/jcccn\/Why-Reject\/hooks","issue_events_url":"https:\/\/api.github.com\/repos\/jcccn\/Why-Reject\/issues\/events{\/number}","events_url":"https:\/\/api.github.com\/repos\/jcccn\/Why-Reject\/events","assignees_url":"https:\/\/api.github.com\/repos\/jcccn\/Why-Reject\/assignees{\/user}","branches_url":"https:\/\/api.github.com\/repos\/jcccn\/Why-Reject\/branches{\/branch}","tags_url":"https:\/\/api.github.com\/repos\/jcccn\/Why-Reject\/tags","blobs_url":"https:\/\/api.github.com\/repos\/jcccn\/Why-Reject\/git\/blobs{\/sha}","git_tags_url":"https:\/\/api.github.com\/repos\/jcccn\/Why-Reject\/git\/tags{\/sha}","git_refs_url":"https:\/\/api.github.com\/repos\/jcccn\/Why-Reject\/git\/refs{\/sha}","trees_url":"https:\/\/api.github.com\/repos\/jcccn\/Why-Reject\/git\/trees{\/sha}","statuses_url":"https:\/\/api.github.com\/repos\/jcccn\/Why-Reject\/statuses\/{sha}","languages_url":"https:\/\/api.github.com\/repos\/jcccn\/Why-Reject\/languages","stargazers_url":"https:\/\/api.github.com\/repos\/jcccn\/Why-Reject\/stargazers","contributors_url":"https:\/\/api.github.com\/repos\/jcccn\/Why-Reject\/contributors","subscribers_url":"https:\/\/api.github.com\/repos\/jcccn\/Why-Reject\/subscribers","subscription_url":"https:\/\/api.github.com\/repos\/jcccn\/Why-Reject\/subscription","commits_url":"https:\/\/api.github.com\/repos\/jcccn\/Why-Reject\/commits{\/sha}","git_commits_url":"https:\/\/api.github.com\/repos\/jcccn\/Why-Reject\/git\/commits{\/sha}","comments_url":"https:\/\/api.github.com\/repos\/jcccn\/Why-Reject\/comments{\/number}","issue_comment_url":"https:\/\/api.github.com\/repos\/jcccn\/Why-Reject\/issues\/comments{\/number}","contents_url":"https:\/\/api.github.com\/repos\/jcccn\/Why-Reject\/contents\/{+path}","compare_url":"https:\/\/api.github.com\/repos\/jcccn\/Why-Reject\/compare\/{base}...{head}","merges_url":"https:\/\/api.github.com\/repos\/jcccn\/Why-Reject\/merges","archive_url":"https:\/\/api.github.com\/repos\/jcccn\/Why-Reject\/{archive_format}{\/ref}","downloads_url":"https:\/\/api.github.com\/repos\/jcccn\/Why-Reject\/downloads","issues_url":"https:\/\/api.github.com\/repos\/jcccn\/Why-Reject\/issues{\/number}","pulls_url":"https:\/\/api.github.com\/repos\/jcccn\/Why-Reject\/pulls{\/number}","milestones_url":"https:\/\/api.github.com\/repos\/jcccn\/Why-Reject\/milestones{\/number}","notifications_url":"https:\/\/api.github.com\/repos\/jcccn\/Why-Reject\/notifications{?since,all,participating}","labels_url":"https:\/\/api.github.com\/repos\/jcccn\/Why-Reject\/labels{\/name}","releases_url":"https:\/\/api.github.com\/repos\/jcccn\/Why-Reject\/releases{\/id}","deployments_url":"https:\/\/api.github.com\/repos\/jcccn\/Why-Reject\/deployments","created_at":"2015-02-08T08:37:17Z","updated_at":"2019-01-28T12:02:55Z","pushed_at":"2017-05-06T07:35:44Z","git_url":"git:\/\/github.com\/jcccn\/Why-Reject.git","ssh_url":"git@github.com:jcccn\/Why-Reject.git","clone_url":"https:\/\/github.com\/jcccn\/Why-Reject.git","svn_url":"https:\/\/github.com\/jcccn\/Why-Reject","homepage":"https:\/\/whyreject.jcccn.me","size":684,"stargazers_count":493,"watchers_count":493,"language":null,"has_issues":true,"has_projects":true,"has_downloads":true,"has_wiki":true,"has_pages":true,"forks_count":113,"mirror_url":null,"archived":false,"open_issues_count":0,"license":null,"forks":113,"open_issues":0,"watchers":493,"default_branch":"master","score":96.06098},{"id":76408906,"node_id":"MDEwOlJlcG9zaXRvcnk3NjQwODkwNg==","name":"meta","full_name":"mateodelnorte\/meta","private":false,"owner":{"login":"mateodelnorte","id":554847,"node_id":"MDQ6VXNlcjU1NDg0Nw==","avatar_url":"https:\/\/avatars3.githubusercontent.com\/u\/554847?v=4","gravatar_id":"","url":"https:\/\/api.github.com\/users\/mateodelnorte","html_url":"https:\/\/github.com\/mateodelnorte","followers_url":"https:\/\/api.github.com\/users\/mateodelnorte\/followers","following_url":"https:\/\/api.github.com\/users\/mateodelnorte\/following{\/other_user}","gists_url":"https:\/\/api.github.com\/users\/mateodelnorte\/gists{\/gist_id}","starred_url":"https:\/\/api.github.com\/users\/mateodelnorte\/starred{\/owner}{\/repo}","subscriptions_url":"https:\/\/api.github.com\/users\/mateodelnorte\/subscriptions","organizations_url":"https:\/\/api.github.com\/users\/mateodelnorte\/orgs","repos_url":"https:\/\/api.github.com\/users\/mateodelnorte\/repos","events_url":"https:\/\/api.github.com\/users\/mateodelnorte\/events{\/privacy}","received_events_url":"https:\/\/api.github.com\/users\/mateodelnorte\/received_events","type":"User","site_admin":false},"html_url":"https:\/\/github.com\/mateodelnorte\/meta","description":"tool for turning many repos into a meta repo. why choose many repos or a monolithic repo, when you can have both with a meta repo?","fork":false,"url":"https:\/\/api.github.com\/repos\/mateodelnorte\/meta","forks_url":"https:\/\/api.github.com\/repos\/mateodelnorte\/meta\/forks","keys_url":"https:\/\/api.github.com\/repos\/mateodelnorte\/meta\/keys{\/key_id}","collaborators_url":"https:\/\/api.github.com\/repos\/mateodelnorte\/meta\/collaborators{\/collaborator}","teams_url":"https:\/\/api.github.com\/repos\/mateodelnorte\/meta\/teams","hooks_url":"https:\/\/api.github.com\/repos\/mateodelnorte\/meta\/hooks","issue_events_url":"https:\/\/api.github.com\/repos\/mateodelnorte\/meta\/issues\/events{\/number}","events_url":"https:\/\/api.github.com\/repos\/mateodelnorte\/meta\/events","assignees_url":"https:\/\/api.github.com\/repos\/mateodelnorte\/meta\/assignees{\/user}","branches_url":"https:\/\/api.github.com\/repos\/mateodelnorte\/meta\/branches{\/branch}","tags_url":"https:\/\/api.github.com\/repos\/mateodelnorte\/meta\/tags","blobs_url":"https:\/\/api.github.com\/repos\/mateodelnorte\/meta\/git\/blobs{\/sha}","git_tags_url":"https:\/\/api.github.com\/repos\/mateodelnorte\/meta\/git\/tags{\/sha}","git_refs_url":"https:\/\/api.github.com\/repos\/mateodelnorte\/meta\/git\/refs{\/sha}","trees_url":"https:\/\/api.github.com\/repos\/mateodelnorte\/meta\/git\/trees{\/sha}","statuses_url":"https:\/\/api.github.com\/repos\/mateodelnorte\/meta\/statuses\/{sha}","languages_url":"https:\/\/api.github.com\/repos\/mateodelnorte\/meta\/languages","stargazers_url":"https:\/\/api.github.com\/repos\/mateodelnorte\/meta\/stargazers","contributors_url":"https:\/\/api.github.com\/repos\/mateodelnorte\/meta\/contributors","subscribers_url":"https:\/\/api.github.com\/repos\/mateodelnorte\/meta\/subscribers","subscription_url":"https:\/\/api.github.com\/repos\/mateodelnorte\/meta\/subscription","commits_url":"https:\/\/api.github.com\/repos\/mateodelnorte\/meta\/commits{\/sha}","git_commits_url":"https:\/\/api.github.com\/repos\/mateodelnorte\/meta\/git\/commits{\/sha}","comments_url":"https:\/\/api.github.com\/repos\/mateodelnorte\/meta\/comments{\/number}","issue_comment_url":"https:\/\/api.github.com\/repos\/mateodelnorte\/meta\/issues\/comments{\/number}","contents_url":"https:\/\/api.github.com\/repos\/mateodelnorte\/meta\/contents\/{+path}","compare_url":"https:\/\/api.github.com\/repos\/mateodelnorte\/meta\/compare\/{base}...{head}","merges_url":"https:\/\/api.github.com\/repos\/mateodelnorte\/meta\/merges","archive_url":"https:\/\/api.github.com\/repos\/mateodelnorte\/meta\/{archive_format}{\/ref}","downloads_url":"https:\/\/api.github.com\/repos\/mateodelnorte\/meta\/downloads","issues_url":"https:\/\/api.github.com\/repos\/mateodelnorte\/meta\/issues{\/number}","pulls_url":"https:\/\/api.github.com\/repos\/mateodelnorte\/meta\/pulls{\/number}","milestones_url":"https:\/\/api.github.com\/repos\/mateodelnorte\/meta\/milestones{\/number}","notifications_url":"https:\/\/api.github.com\/repos\/mateodelnorte\/meta\/notifications{?since,all,participating}","labels_url":"https:\/\/api.github.com\/repos\/mateodelnorte\/meta\/labels{\/name}","releases_url":"https:\/\/api.github.com\/repos\/mateodelnorte\/meta\/releases{\/id}","deployments_url":"https:\/\/api.github.com\/repos\/mateodelnorte\/meta\/deployments","created_at":"2016-12-14T00:06:35Z","updated_at":"2019-01-27T07:29:38Z","pushed_at":"2019-01-25T18:00:32Z","git_url":"git:\/\/github.com\/mateodelnorte\/meta.git","ssh_url":"git@github.com:mateodelnorte\/meta.git","clone_url":"https:\/\/github.com\/mateodelnorte\/meta.git","svn_url":"https:\/\/github.com\/mateodelnorte\/meta","homepage":"","size":2507,"stargazers_count":489,"watchers_count":489,"language":"JavaScript","has_issues":true,"has_projects":true,"has_downloads":true,"has_wiki":true,"has_pages":false,"forks_count":27,"mirror_url":null,"archived":false,"open_issues_count":18,"license":null,"forks":27,"open_issues":18,"watchers":489,"default_branch":"master","score":35.232716},{"id":120470493,"node_id":"MDEwOlJlcG9zaXRvcnkxMjA0NzA0OTM=","name":"awesome-dev-podcasts","full_name":"sw-yx\/awesome-dev-podcasts","private":false,"owner":{"login":"sw-yx","id":6764957,"node_id":"MDQ6VXNlcjY3NjQ5NTc=","avatar_url":"https:\/\/avatars1.githubusercontent.com\/u\/6764957?v=4","gravatar_id":"","url":"https:\/\/api.github.com\/users\/sw-yx","html_url":"https:\/\/github.com\/sw-yx","followers_url":"https:\/\/api.github.com\/users\/sw-yx\/followers","following_url":"https:\/\/api.github.com\/users\/sw-yx\/following{\/other_user}","gists_url":"https:\/\/api.github.com\/users\/sw-yx\/gists{\/gist_id}","starred_url":"https:\/\/api.github.com\/users\/sw-yx\/starred{\/owner}{\/repo}","subscriptions_url":"https:\/\/api.github.com\/users\/sw-yx\/subscriptions","organizations_url":"https:\/\/api.github.com\/users\/sw-yx\/orgs","repos_url":"https:\/\/api.github.com\/users\/sw-yx\/repos","events_url":"https:\/\/api.github.com\/users\/sw-yx\/events{\/privacy}","received_events_url":"https:\/\/api.github.com\/users\/sw-yx\/received_events","type":"User","site_admin":false},"html_url":"https:\/\/github.com\/sw-yx\/awesome-dev-podcasts","description":"a curated list of awesome dev podcasts and why they are awesome","fork":false,"url":"https:\/\/api.github.com\/repos\/sw-yx\/awesome-dev-podcasts","forks_url":"https:\/\/api.github.com\/repos\/sw-yx\/awesome-dev-podcasts\/forks","keys_url":"https:\/\/api.github.com\/repos\/sw-yx\/awesome-dev-podcasts\/keys{\/key_id}","collaborators_url":"https:\/\/api.github.com\/repos\/sw-yx\/awesome-dev-podcasts\/collaborators{\/collaborator}","teams_url":"https:\/\/api.github.com\/repos\/sw-yx\/awesome-dev-podcasts\/teams","hooks_url":"https:\/\/api.github.com\/repos\/sw-yx\/awesome-dev-podcasts\/hooks","issue_events_url":"https:\/\/api.github.com\/repos\/sw-yx\/awesome-dev-podcasts\/issues\/events{\/number}","events_url":"https:\/\/api.github.com\/repos\/sw-yx\/awesome-dev-podcasts\/events","assignees_url":"https:\/\/api.github.com\/repos\/sw-yx\/awesome-dev-podcasts\/assignees{\/user}","branches_url":"https:\/\/api.github.com\/repos\/sw-yx\/awesome-dev-podcasts\/branches{\/branch}","tags_url":"https:\/\/api.github.com\/repos\/sw-yx\/awesome-dev-podcasts\/tags","blobs_url":"https:\/\/api.github.com\/repos\/sw-yx\/awesome-dev-podcasts\/git\/blobs{\/sha}","git_tags_url":"https:\/\/api.github.com\/repos\/sw-yx\/awesome-dev-podcasts\/git\/tags{\/sha}","git_refs_url":"https:\/\/api.github.com\/repos\/sw-yx\/awesome-dev-podcasts\/git\/refs{\/sha}","trees_url":"https:\/\/api.github.com\/repos\/sw-yx\/awesome-dev-podcasts\/git\/trees{\/sha}","statuses_url":"https:\/\/api.github.com\/repos\/sw-yx\/awesome-dev-podcasts\/statuses\/{sha}","languages_url":"https:\/\/api.github.com\/repos\/sw-yx\/awesome-dev-podcasts\/languages","stargazers_url":"https:\/\/api.github.com\/repos\/sw-yx\/awesome-dev-podcasts\/stargazers","contributors_url":"https:\/\/api.github.com\/repos\/sw-yx\/awesome-dev-podcasts\/contributors","subscribers_url":"https:\/\/api.github.com\/repos\/sw-yx\/awesome-dev-podcasts\/subscribers","subscription_url":"https:\/\/api.github.com\/repos\/sw-yx\/awesome-dev-podcasts\/subscription","commits_url":"https:\/\/api.github.com\/repos\/sw-yx\/awesome-dev-podcasts\/commits{\/sha}","git_commits_url":"https:\/\/api.github.com\/repos\/sw-yx\/awesome-dev-podcasts\/git\/commits{\/sha}","comments_url":"https:\/\/api.github.com\/repos\/sw-yx\/awesome-dev-podcasts\/comments{\/number}","issue_comment_url":"https:\/\/api.github.com\/repos\/sw-yx\/awesome-dev-podcasts\/issues\/comments{\/number}","contents_url":"https:\/\/api.github.com\/repos\/sw-yx\/awesome-dev-podcasts\/contents\/{+path}","compare_url":"https:\/\/api.github.com\/repos\/sw-yx\/awesome-dev-podcasts\/compare\/{base}...{head}","merges_url":"https:\/\/api.github.com\/repos\/sw-yx\/awesome-dev-podcasts\/merges","archive_url":"https:\/\/api.github.com\/repos\/sw-yx\/awesome-dev-podcasts\/{archive_format}{\/ref}","downloads_url":"https:\/\/api.github.com\/repos\/sw-yx\/awesome-dev-podcasts\/downloads","issues_url":"https:\/\/api.github.com\/repos\/sw-yx\/awesome-dev-podcasts\/issues{\/number}","pulls_url":"https:\/\/api.github.com\/repos\/sw-yx\/awesome-dev-podcasts\/pulls{\/number}","milestones_url":"https:\/\/api.github.com\/repos\/sw-yx\/awesome-dev-podcasts\/milestones{\/number}","notifications_url":"https:\/\/api.github.com\/repos\/sw-yx\/awesome-dev-podcasts\/notifications{?since,all,participating}","labels_url":"https:\/\/api.github.com\/repos\/sw-yx\/awesome-dev-podcasts\/labels{\/name}","releases_url":"https:\/\/api.github.com\/repos\/sw-yx\/awesome-dev-podcasts\/releases{\/id}","deployments_url":"https:\/\/api.github.com\/repos\/sw-yx\/awesome-dev-podcasts\/deployments","created_at":"2018-02-06T14:32:41Z","updated_at":"2019-01-23T00:52:57Z","pushed_at":"2018-09-12T14:28:36Z","git_url":"git:\/\/github.com\/sw-yx\/awesome-dev-podcasts.git","ssh_url":"git@github.com:sw-yx\/awesome-dev-podcasts.git","clone_url":"https:\/\/github.com\/sw-yx\/awesome-dev-podcasts.git","svn_url":"https:\/\/github.com\/sw-yx\/awesome-dev-podcasts","homepage":"","size":29,"stargazers_count":455,"watchers_count":455,"language":null,"has_issues":true,"has_projects":true,"has_downloads":true,"has_wiki":true,"has_pages":false,"forks_count":26,"mirror_url":null,"archived":false,"open_issues_count":3,"license":null,"forks":26,"open_issues":3,"watchers":455,"default_branch":"master","score":48.013977},{"id":18601900,"node_id":"MDEwOlJlcG9zaXRvcnkxODYwMTkwMA==","name":"eliot","full_name":"itamarst\/eliot","private":false,"owner":{"login":"itamarst","id":3266662,"node_id":"MDQ6VXNlcjMyNjY2NjI=","avatar_url":"https:\/\/avatars1.githubusercontent.com\/u\/3266662?v=4","gravatar_id":"","url":"https:\/\/api.github.com\/users\/itamarst","html_url":"https:\/\/github.com\/itamarst","followers_url":"https:\/\/api.github.com\/users\/itamarst\/followers","following_url":"https:\/\/api.github.com\/users\/itamarst\/following{\/other_user}","gists_url":"https:\/\/api.github.com\/users\/itamarst\/gists{\/gist_id}","starred_url":"https:\/\/api.github.com\/users\/itamarst\/starred{\/owner}{\/repo}","subscriptions_url":"https:\/\/api.github.com\/users\/itamarst\/subscriptions","organizations_url":"https:\/\/api.github.com\/users\/itamarst\/orgs","repos_url":"https:\/\/api.github.com\/users\/itamarst\/repos","events_url":"https:\/\/api.github.com\/users\/itamarst\/events{\/privacy}","received_events_url":"https:\/\/api.github.com\/users\/itamarst\/received_events","type":"User","site_admin":false},"html_url":"https:\/\/github.com\/itamarst\/eliot","description":"Eliot: the logging system that tells you *why* it happened","fork":false,"url":"https:\/\/api.github.com\/repos\/itamarst\/eliot","forks_url":"https:\/\/api.github.com\/repos\/itamarst\/eliot\/forks","keys_url":"https:\/\/api.github.com\/repos\/itamarst\/eliot\/keys{\/key_id}","collaborators_url":"https:\/\/api.github.com\/repos\/itamarst\/eliot\/collaborators{\/collaborator}","teams_url":"https:\/\/api.github.com\/repos\/itamarst\/eliot\/teams","hooks_url":"https:\/\/api.github.com\/repos\/itamarst\/eliot\/hooks","issue_events_url":"https:\/\/api.github.com\/repos\/itamarst\/eliot\/issues\/events{\/number}","events_url":"https:\/\/api.github.com\/repos\/itamarst\/eliot\/events","assignees_url":"https:\/\/api.github.com\/repos\/itamarst\/eliot\/assignees{\/user}","branches_url":"https:\/\/api.github.com\/repos\/itamarst\/eliot\/branches{\/branch}","tags_url":"https:\/\/api.github.com\/repos\/itamarst\/eliot\/tags","blobs_url":"https:\/\/api.github.com\/repos\/itamarst\/eliot\/git\/blobs{\/sha}","git_tags_url":"https:\/\/api.github.com\/repos\/itamarst\/eliot\/git\/tags{\/sha}","git_refs_url":"https:\/\/api.github.com\/repos\/itamarst\/eliot\/git\/refs{\/sha}","trees_url":"https:\/\/api.github.com\/repos\/itamarst\/eliot\/git\/trees{\/sha}","statuses_url":"https:\/\/api.github.com\/repos\/itamarst\/eliot\/statuses\/{sha}","languages_url":"https:\/\/api.github.com\/repos\/itamarst\/eliot\/languages","stargazers_url":"https:\/\/api.github.com\/repos\/itamarst\/eliot\/stargazers","contributors_url":"https:\/\/api.github.com\/repos\/itamarst\/eliot\/contributors","subscribers_url":"https:\/\/api.github.com\/repos\/itamarst\/eliot\/subscribers","subscription_url":"https:\/\/api.github.com\/repos\/itamarst\/eliot\/subscription","commits_url":"https:\/\/api.github.com\/repos\/itamarst\/eliot\/commits{\/sha}","git_commits_url":"https:\/\/api.github.com\/repos\/itamarst\/eliot\/git\/commits{\/sha}","comments_url":"https:\/\/api.github.com\/repos\/itamarst\/eliot\/comments{\/number}","issue_comment_url":"https:\/\/api.github.com\/repos\/itamarst\/eliot\/issues\/comments{\/number}","contents_url":"https:\/\/api.github.com\/repos\/itamarst\/eliot\/contents\/{+path}","compare_url":"https:\/\/api.github.com\/repos\/itamarst\/eliot\/compare\/{base}...{head}","merges_url":"https:\/\/api.github.com\/repos\/itamarst\/eliot\/merges","archive_url":"https:\/\/api.github.com\/repos\/itamarst\/eliot\/{archive_format}{\/ref}","downloads_url":"https:\/\/api.github.com\/repos\/itamarst\/eliot\/downloads","issues_url":"https:\/\/api.github.com\/repos\/itamarst\/eliot\/issues{\/number}","pulls_url":"https:\/\/api.github.com\/repos\/itamarst\/eliot\/pulls{\/number}","milestones_url":"https:\/\/api.github.com\/repos\/itamarst\/eliot\/milestones{\/number}","notifications_url":"https:\/\/api.github.com\/repos\/itamarst\/eliot\/notifications{?since,all,participating}","labels_url":"https:\/\/api.github.com\/repos\/itamarst\/eliot\/labels{\/name}","releases_url":"https:\/\/api.github.com\/repos\/itamarst\/eliot\/releases{\/id}","deployments_url":"https:\/\/api.github.com\/repos\/itamarst\/eliot\/deployments","created_at":"2014-04-09T15:12:19Z","updated_at":"2019-01-25T22:49:37Z","pushed_at":"2019-01-02T18:19:45Z","git_url":"git:\/\/github.com\/itamarst\/eliot.git","ssh_url":"git@github.com:itamarst\/eliot.git","clone_url":"https:\/\/github.com\/itamarst\/eliot.git","svn_url":"https:\/\/github.com\/itamarst\/eliot","homepage":"https:\/\/eliot.readthedocs.io","size":1017,"stargazers_count":445,"watchers_count":445,"language":"Python","has_issues":true,"has_projects":true,"has_downloads":true,"has_wiki":true,"has_pages":false,"forks_count":32,"mirror_url":null,"archived":false,"open_issues_count":89,"license":{"key":"apache-2.0","name":"Apache License 2.0","spdx_id":"Apache-2.0","url":"https:\/\/api.github.com\/licenses\/apache-2.0","node_id":"MDc6TGljZW5zZTI="},"forks":32,"open_issues":89,"watchers":445,"default_branch":"master","score":61.202984},{"id":164816947,"node_id":"MDEwOlJlcG9zaXRvcnkxNjQ4MTY5NDc=","name":"stockpredictionai","full_name":"borisbanushev\/stockpredictionai","private":false,"owner":{"login":"borisbanushev","id":36700291,"node_id":"MDQ6VXNlcjM2NzAwMjkx","avatar_url":"https:\/\/avatars3.githubusercontent.com\/u\/36700291?v=4","gravatar_id":"","url":"https:\/\/api.github.com\/users\/borisbanushev","html_url":"https:\/\/github.com\/borisbanushev","followers_url":"https:\/\/api.github.com\/users\/borisbanushev\/followers","following_url":"https:\/\/api.github.com\/users\/borisbanushev\/following{\/other_user}","gists_url":"https:\/\/api.github.com\/users\/borisbanushev\/gists{\/gist_id}","starred_url":"https:\/\/api.github.com\/users\/borisbanushev\/starred{\/owner}{\/repo}","subscriptions_url":"https:\/\/api.github.com\/users\/borisbanushev\/subscriptions","organizations_url":"https:\/\/api.github.com\/users\/borisbanushev\/orgs","repos_url":"https:\/\/api.github.com\/users\/borisbanushev\/repos","events_url":"https:\/\/api.github.com\/users\/borisbanushev\/events{\/privacy}","received_events_url":"https:\/\/api.github.com\/users\/borisbanushev\/received_events","type":"User","site_admin":false},"html_url":"https:\/\/github.com\/borisbanushev\/stockpredictionai","description":"       In this noteboook I will create a complete process for predicting stock price movements. Follow along and we will achieve some pretty good results. For that purpose we will use a Generative Adversarial Network (GAN) with LSTM, a type of Recurrent Neural Network, as generator, and a Convolutional Neural Network, CNN, as a discriminator. We use LSTM for the obvious reason that we are trying to predict time series data. Why we use GAN and specifically CNN as a discriminator? That is a good question: there are special sections on that later.","fork":false,"url":"https:\/\/api.github.com\/repos\/borisbanushev\/stockpredictionai","forks_url":"https:\/\/api.github.com\/repos\/borisbanushev\/stockpredictionai\/forks","keys_url":"https:\/\/api.github.com\/repos\/borisbanushev\/stockpredictionai\/keys{\/key_id}","collaborators_url":"https:\/\/api.github.com\/repos\/borisbanushev\/stockpredictionai\/collaborators{\/collaborator}","teams_url":"https:\/\/api.github.com\/repos\/borisbanushev\/stockpredictionai\/teams","hooks_url":"https:\/\/api.github.com\/repos\/borisbanushev\/stockpredictionai\/hooks","issue_events_url":"https:\/\/api.github.com\/repos\/borisbanushev\/stockpredictionai\/issues\/events{\/number}","events_url":"https:\/\/api.github.com\/repos\/borisbanushev\/stockpredictionai\/events","assignees_url":"https:\/\/api.github.com\/repos\/borisbanushev\/stockpredictionai\/assignees{\/user}","branches_url":"https:\/\/api.github.com\/repos\/borisbanushev\/stockpredictionai\/branches{\/branch}","tags_url":"https:\/\/api.github.com\/repos\/borisbanushev\/stockpredictionai\/tags","blobs_url":"https:\/\/api.github.com\/repos\/borisbanushev\/stockpredictionai\/git\/blobs{\/sha}","git_tags_url":"https:\/\/api.github.com\/repos\/borisbanushev\/stockpredictionai\/git\/tags{\/sha}","git_refs_url":"https:\/\/api.github.com\/repos\/borisbanushev\/stockpredictionai\/git\/refs{\/sha}","trees_url":"https:\/\/api.github.com\/repos\/borisbanushev\/stockpredictionai\/git\/trees{\/sha}","statuses_url":"https:\/\/api.github.com\/repos\/borisbanushev\/stockpredictionai\/statuses\/{sha}","languages_url":"https:\/\/api.github.com\/repos\/borisbanushev\/stockpredictionai\/languages","stargazers_url":"https:\/\/api.github.com\/repos\/borisbanushev\/stockpredictionai\/stargazers","contributors_url":"https:\/\/api.github.com\/repos\/borisbanushev\/stockpredictionai\/contributors","subscribers_url":"https:\/\/api.github.com\/repos\/borisbanushev\/stockpredictionai\/subscribers","subscription_url":"https:\/\/api.github.com\/repos\/borisbanushev\/stockpredictionai\/subscription","commits_url":"https:\/\/api.github.com\/repos\/borisbanushev\/stockpredictionai\/commits{\/sha}","git_commits_url":"https:\/\/api.github.com\/repos\/borisbanushev\/stockpredictionai\/git\/commits{\/sha}","comments_url":"https:\/\/api.github.com\/repos\/borisbanushev\/stockpredictionai\/comments{\/number}","issue_comment_url":"https:\/\/api.github.com\/repos\/borisbanushev\/stockpredictionai\/issues\/comments{\/number}","contents_url":"https:\/\/api.github.com\/repos\/borisbanushev\/stockpredictionai\/contents\/{+path}","compare_url":"https:\/\/api.github.com\/repos\/borisbanushev\/stockpredictionai\/compare\/{base}...{head}","merges_url":"https:\/\/api.github.com\/repos\/borisbanushev\/stockpredictionai\/merges","archive_url":"https:\/\/api.github.com\/repos\/borisbanushev\/stockpredictionai\/{archive_format}{\/ref}","downloads_url":"https:\/\/api.github.com\/repos\/borisbanushev\/stockpredictionai\/downloads","issues_url":"https:\/\/api.github.com\/repos\/borisbanushev\/stockpredictionai\/issues{\/number}","pulls_url":"https:\/\/api.github.com\/repos\/borisbanushev\/stockpredictionai\/pulls{\/number}","milestones_url":"https:\/\/api.github.com\/repos\/borisbanushev\/stockpredictionai\/milestones{\/number}","notifications_url":"https:\/\/api.github.com\/repos\/borisbanushev\/stockpredictionai\/notifications{?since,all,participating}","labels_url":"https:\/\/api.github.com\/repos\/borisbanushev\/stockpredictionai\/labels{\/name}","releases_url":"https:\/\/api.github.com\/repos\/borisbanushev\/stockpredictionai\/releases{\/id}","deployments_url":"https:\/\/api.github.com\/repos\/borisbanushev\/stockpredictionai\/deployments","created_at":"2019-01-09T08:02:47Z","updated_at":"2019-01-28T20:24:48Z","pushed_at":"2019-01-24T20:24:50Z","git_url":"git:\/\/github.com\/borisbanushev\/stockpredictionai.git","ssh_url":"git@github.com:borisbanushev\/stockpredictionai.git","clone_url":"https:\/\/github.com\/borisbanushev\/stockpredictionai.git","svn_url":"https:\/\/github.com\/borisbanushev\/stockpredictionai","homepage":"","size":1950,"stargazers_count":417,"watchers_count":417,"language":null,"has_issues":true,"has_projects":true,"has_downloads":true,"has_wiki":true,"has_pages":false,"forks_count":181,"mirror_url":null,"archived":false,"open_issues_count":12,"license":null,"forks":181,"open_issues":12,"watchers":417,"default_branch":"master","score":14.908488},{"id":35077713,"node_id":"MDEwOlJlcG9zaXRvcnkzNTA3NzcxMw==","name":"whyliam.workflows.youdao","full_name":"liszd\/whyliam.workflows.youdao","private":false,"owner":{"login":"liszd","id":3387850,"node_id":"MDQ6VXNlcjMzODc4NTA=","avatar_url":"https:\/\/avatars0.githubusercontent.com\/u\/3387850?v=4","gravatar_id":"","url":"https:\/\/api.github.com\/users\/liszd","html_url":"https:\/\/github.com\/liszd","followers_url":"https:\/\/api.github.com\/users\/liszd\/followers","following_url":"https:\/\/api.github.com\/users\/liszd\/following{\/other_user}","gists_url":"https:\/\/api.github.com\/users\/liszd\/gists{\/gist_id}","starred_url":"https:\/\/api.github.com\/users\/liszd\/starred{\/owner}{\/repo}","subscriptions_url":"https:\/\/api.github.com\/users\/liszd\/subscriptions","organizations_url":"https:\/\/api.github.com\/users\/liszd\/orgs","repos_url":"https:\/\/api.github.com\/users\/liszd\/repos","events_url":"https:\/\/api.github.com\/users\/liszd\/events{\/privacy}","received_events_url":"https:\/\/api.github.com\/users\/liszd\/received_events","type":"User","site_admin":false},"html_url":"https:\/\/github.com\/liszd\/whyliam.workflows.youdao","description":"\u4f7f\u7528\u6709\u9053\u7ffb\u8bd1\u4f60\u60f3\u77e5\u9053\u7684\u5355\u8bcd\u548c\u8bed\u53e5","fork":false,"url":"https:\/\/api.github.com\/repos\/liszd\/whyliam.workflows.youdao","forks_url":"https:\/\/api.github.com\/repos\/liszd\/whyliam.workflows.youdao\/forks","keys_url":"https:\/\/api.github.com\/repos\/liszd\/whyliam.workflows.youdao\/keys{\/key_id}","collaborators_url":"https:\/\/api.github.com\/repos\/liszd\/whyliam.workflows.youdao\/collaborators{\/collaborator}","teams_url":"https:\/\/api.github.com\/repos\/liszd\/whyliam.workflows.youdao\/teams","hooks_url":"https:\/\/api.github.com\/repos\/liszd\/whyliam.workflows.youdao\/hooks","issue_events_url":"https:\/\/api.github.com\/repos\/liszd\/whyliam.workflows.youdao\/issues\/events{\/number}","events_url":"https:\/\/api.github.com\/repos\/liszd\/whyliam.workflows.youdao\/events","assignees_url":"https:\/\/api.github.com\/repos\/liszd\/whyliam.workflows.youdao\/assignees{\/user}","branches_url":"https:\/\/api.github.com\/repos\/liszd\/whyliam.workflows.youdao\/branches{\/branch}","tags_url":"https:\/\/api.github.com\/repos\/liszd\/whyliam.workflows.youdao\/tags","blobs_url":"https:\/\/api.github.com\/repos\/liszd\/whyliam.workflows.youdao\/git\/blobs{\/sha}","git_tags_url":"https:\/\/api.github.com\/repos\/liszd\/whyliam.workflows.youdao\/git\/tags{\/sha}","git_refs_url":"https:\/\/api.github.com\/repos\/liszd\/whyliam.workflows.youdao\/git\/refs{\/sha}","trees_url":"https:\/\/api.github.com\/repos\/liszd\/whyliam.workflows.youdao\/git\/trees{\/sha}","statuses_url":"https:\/\/api.github.com\/repos\/liszd\/whyliam.workflows.youdao\/statuses\/{sha}","languages_url":"https:\/\/api.github.com\/repos\/liszd\/whyliam.workflows.youdao\/languages","stargazers_url":"https:\/\/api.github.com\/repos\/liszd\/whyliam.workflows.youdao\/stargazers","contributors_url":"https:\/\/api.github.com\/repos\/liszd\/whyliam.workflows.youdao\/contributors","subscribers_url":"https:\/\/api.github.com\/repos\/liszd\/whyliam.workflows.youdao\/subscribers","subscription_url":"https:\/\/api.github.com\/repos\/liszd\/whyliam.workflows.youdao\/subscription","commits_url":"https:\/\/api.github.com\/repos\/liszd\/whyliam.workflows.youdao\/commits{\/sha}","git_commits_url":"https:\/\/api.github.com\/repos\/liszd\/whyliam.workflows.youdao\/git\/commits{\/sha}","comments_url":"https:\/\/api.github.com\/repos\/liszd\/whyliam.workflows.youdao\/comments{\/number}","issue_comment_url":"https:\/\/api.github.com\/repos\/liszd\/whyliam.workflows.youdao\/issues\/comments{\/number}","contents_url":"https:\/\/api.github.com\/repos\/liszd\/whyliam.workflows.youdao\/contents\/{+path}","compare_url":"https:\/\/api.github.com\/repos\/liszd\/whyliam.workflows.youdao\/compare\/{base}...{head}","merges_url":"https:\/\/api.github.com\/repos\/liszd\/whyliam.workflows.youdao\/merges","archive_url":"https:\/\/api.github.com\/repos\/liszd\/whyliam.workflows.youdao\/{archive_format}{\/ref}","downloads_url":"https:\/\/api.github.com\/repos\/liszd\/whyliam.workflows.youdao\/downloads","issues_url":"https:\/\/api.github.com\/repos\/liszd\/whyliam.workflows.youdao\/issues{\/number}","pulls_url":"https:\/\/api.github.com\/repos\/liszd\/whyliam.workflows.youdao\/pulls{\/number}","milestones_url":"https:\/\/api.github.com\/repos\/liszd\/whyliam.workflows.youdao\/milestones{\/number}","notifications_url":"https:\/\/api.github.com\/repos\/liszd\/whyliam.workflows.youdao\/notifications{?since,all,participating}","labels_url":"https:\/\/api.github.com\/repos\/liszd\/whyliam.workflows.youdao\/labels{\/name}","releases_url":"https:\/\/api.github.com\/repos\/liszd\/whyliam.workflows.youdao\/releases{\/id}","deployments_url":"https:\/\/api.github.com\/repos\/liszd\/whyliam.workflows.youdao\/deployments","created_at":"2015-05-05T04:23:14Z","updated_at":"2019-01-27T04:15:49Z","pushed_at":"2018-08-03T05:49:11Z","git_url":"git:\/\/github.com\/liszd\/whyliam.workflows.youdao.git","ssh_url":"git@github.com:liszd\/whyliam.workflows.youdao.git","clone_url":"https:\/\/github.com\/liszd\/whyliam.workflows.youdao.git","svn_url":"https:\/\/github.com\/liszd\/whyliam.workflows.youdao","homepage":"http:\/\/blog.naaln.com\/2015\/05\/repeat-create-the-wheel-alfred-plugin-youdao","size":3048,"stargazers_count":416,"watchers_count":416,"language":"Python","has_issues":true,"has_projects":true,"has_downloads":true,"has_wiki":true,"has_pages":false,"forks_count":72,"mirror_url":null,"archived":false,"open_issues_count":1,"license":{"key":"mit","name":"MIT License","spdx_id":"MIT","url":"https:\/\/api.github.com\/licenses\/mit","node_id":"MDc6TGljZW5zZTEz"},"forks":72,"open_issues":1,"watchers":416,"default_branch":"master","score":85.41251},{"id":2192780,"node_id":"MDEwOlJlcG9zaXRvcnkyMTkyNzgw","name":"jOOX","full_name":"jOOQ\/jOOX","private":false,"owner":{"login":"jOOQ","id":1666512,"node_id":"MDEyOk9yZ2FuaXphdGlvbjE2NjY1MTI=","avatar_url":"https:\/\/avatars3.githubusercontent.com\/u\/1666512?v=4","gravatar_id":"","url":"https:\/\/api.github.com\/users\/jOOQ","html_url":"https:\/\/github.com\/jOOQ","followers_url":"https:\/\/api.github.com\/users\/jOOQ\/followers","following_url":"https:\/\/api.github.com\/users\/jOOQ\/following{\/other_user}","gists_url":"https:\/\/api.github.com\/users\/jOOQ\/gists{\/gist_id}","starred_url":"https:\/\/api.github.com\/users\/jOOQ\/starred{\/owner}{\/repo}","subscriptions_url":"https:\/\/api.github.com\/users\/jOOQ\/subscriptions","organizations_url":"https:\/\/api.github.com\/users\/jOOQ\/orgs","repos_url":"https:\/\/api.github.com\/users\/jOOQ\/repos","events_url":"https:\/\/api.github.com\/users\/jOOQ\/events{\/privacy}","received_events_url":"https:\/\/api.github.com\/users\/jOOQ\/received_events","type":"Organization","site_admin":false},"html_url":"https:\/\/github.com\/jOOQ\/jOOX","description":"jOOX - The Power of jQuery Applied to W3C DOM Like JDBC, DOM is a powerful, yet very verbose low-level API to manipulate XML. The HTML DOM an be manipulated with the popular jQuery product, in JavaScript. Why don't we have jQuery in Java? jOOX is jQuery's XML parts, applied to Java.","fork":false,"url":"https:\/\/api.github.com\/repos\/jOOQ\/jOOX","forks_url":"https:\/\/api.github.com\/repos\/jOOQ\/jOOX\/forks","keys_url":"https:\/\/api.github.com\/repos\/jOOQ\/jOOX\/keys{\/key_id}","collaborators_url":"https:\/\/api.github.com\/repos\/jOOQ\/jOOX\/collaborators{\/collaborator}","teams_url":"https:\/\/api.github.com\/repos\/jOOQ\/jOOX\/teams","hooks_url":"https:\/\/api.github.com\/repos\/jOOQ\/jOOX\/hooks","issue_events_url":"https:\/\/api.github.com\/repos\/jOOQ\/jOOX\/issues\/events{\/number}","events_url":"https:\/\/api.github.com\/repos\/jOOQ\/jOOX\/events","assignees_url":"https:\/\/api.github.com\/repos\/jOOQ\/jOOX\/assignees{\/user}","branches_url":"https:\/\/api.github.com\/repos\/jOOQ\/jOOX\/branches{\/branch}","tags_url":"https:\/\/api.github.com\/repos\/jOOQ\/jOOX\/tags","blobs_url":"https:\/\/api.github.com\/repos\/jOOQ\/jOOX\/git\/blobs{\/sha}","git_tags_url":"https:\/\/api.github.com\/repos\/jOOQ\/jOOX\/git\/tags{\/sha}","git_refs_url":"https:\/\/api.github.com\/repos\/jOOQ\/jOOX\/git\/refs{\/sha}","trees_url":"https:\/\/api.github.com\/repos\/jOOQ\/jOOX\/git\/trees{\/sha}","statuses_url":"https:\/\/api.github.com\/repos\/jOOQ\/jOOX\/statuses\/{sha}","languages_url":"https:\/\/api.github.com\/repos\/jOOQ\/jOOX\/languages","stargazers_url":"https:\/\/api.github.com\/repos\/jOOQ\/jOOX\/stargazers","contributors_url":"https:\/\/api.github.com\/repos\/jOOQ\/jOOX\/contributors","subscribers_url":"https:\/\/api.github.com\/repos\/jOOQ\/jOOX\/subscribers","subscription_url":"https:\/\/api.github.com\/repos\/jOOQ\/jOOX\/subscription","commits_url":"https:\/\/api.github.com\/repos\/jOOQ\/jOOX\/commits{\/sha}","git_commits_url":"https:\/\/api.github.com\/repos\/jOOQ\/jOOX\/git\/commits{\/sha}","comments_url":"https:\/\/api.github.com\/repos\/jOOQ\/jOOX\/comments{\/number}","issue_comment_url":"https:\/\/api.github.com\/repos\/jOOQ\/jOOX\/issues\/comments{\/number}","contents_url":"https:\/\/api.github.com\/repos\/jOOQ\/jOOX\/contents\/{+path}","compare_url":"https:\/\/api.github.com\/repos\/jOOQ\/jOOX\/compare\/{base}...{head}","merges_url":"https:\/\/api.github.com\/repos\/jOOQ\/jOOX\/merges","archive_url":"https:\/\/api.github.com\/repos\/jOOQ\/jOOX\/{archive_format}{\/ref}","downloads_url":"https:\/\/api.github.com\/repos\/jOOQ\/jOOX\/downloads","issues_url":"https:\/\/api.github.com\/repos\/jOOQ\/jOOX\/issues{\/number}","pulls_url":"https:\/\/api.github.com\/repos\/jOOQ\/jOOX\/pulls{\/number}","milestones_url":"https:\/\/api.github.com\/repos\/jOOQ\/jOOX\/milestones{\/number}","notifications_url":"https:\/\/api.github.com\/repos\/jOOQ\/jOOX\/notifications{?since,all,participating}","labels_url":"https:\/\/api.github.com\/repos\/jOOQ\/jOOX\/labels{\/name}","releases_url":"https:\/\/api.github.com\/repos\/jOOQ\/jOOX\/releases{\/id}","deployments_url":"https:\/\/api.github.com\/repos\/jOOQ\/jOOX\/deployments","created_at":"2011-08-11T18:08:47Z","updated_at":"2019-01-29T02:59:21Z","pushed_at":"2018-09-10T11:04:36Z","git_url":"git:\/\/github.com\/jOOQ\/jOOX.git","ssh_url":"git@github.com:jOOQ\/jOOX.git","clone_url":"https:\/\/github.com\/jOOQ\/jOOX.git","svn_url":"https:\/\/github.com\/jOOQ\/jOOX","homepage":"http:\/\/www.jooq.org\/products","size":678,"stargazers_count":393,"watchers_count":393,"language":"Java","has_issues":true,"has_projects":true,"has_downloads":true,"has_wiki":true,"has_pages":false,"forks_count":33,"mirror_url":null,"archived":false,"open_issues_count":47,"license":{"key":"apache-2.0","name":"Apache License 2.0","spdx_id":"Apache-2.0","url":"https:\/\/api.github.com\/licenses\/apache-2.0","node_id":"MDc6TGljZW5zZTI="},"forks":33,"open_issues":47,"watchers":393,"default_branch":"master","score":19.783453},{"id":122733470,"node_id":"MDEwOlJlcG9zaXRvcnkxMjI3MzM0NzA=","name":"whybundled","full_name":"d4rkr00t\/whybundled","private":false,"owner":{"login":"d4rkr00t","id":200119,"node_id":"MDQ6VXNlcjIwMDExOQ==","avatar_url":"https:\/\/avatars2.githubusercontent.com\/u\/200119?v=4","gravatar_id":"","url":"https:\/\/api.github.com\/users\/d4rkr00t","html_url":"https:\/\/github.com\/d4rkr00t","followers_url":"https:\/\/api.github.com\/users\/d4rkr00t\/followers","following_url":"https:\/\/api.github.com\/users\/d4rkr00t\/following{\/other_user}","gists_url":"https:\/\/api.github.com\/users\/d4rkr00t\/gists{\/gist_id}","starred_url":"https:\/\/api.github.com\/users\/d4rkr00t\/starred{\/owner}{\/repo}","subscriptions_url":"https:\/\/api.github.com\/users\/d4rkr00t\/subscriptions","organizations_url":"https:\/\/api.github.com\/users\/d4rkr00t\/orgs","repos_url":"https:\/\/api.github.com\/users\/d4rkr00t\/repos","events_url":"https:\/\/api.github.com\/users\/d4rkr00t\/events{\/privacy}","received_events_url":"https:\/\/api.github.com\/users\/d4rkr00t\/received_events","type":"User","site_admin":false},"html_url":"https:\/\/github.com\/d4rkr00t\/whybundled","description":"Answers the question \u2013 Why the hell is this module in a bundle?","fork":false,"url":"https:\/\/api.github.com\/repos\/d4rkr00t\/whybundled","forks_url":"https:\/\/api.github.com\/repos\/d4rkr00t\/whybundled\/forks","keys_url":"https:\/\/api.github.com\/repos\/d4rkr00t\/whybundled\/keys{\/key_id}","collaborators_url":"https:\/\/api.github.com\/repos\/d4rkr00t\/whybundled\/collaborators{\/collaborator}","teams_url":"https:\/\/api.github.com\/repos\/d4rkr00t\/whybundled\/teams","hooks_url":"https:\/\/api.github.com\/repos\/d4rkr00t\/whybundled\/hooks","issue_events_url":"https:\/\/api.github.com\/repos\/d4rkr00t\/whybundled\/issues\/events{\/number}","events_url":"https:\/\/api.github.com\/repos\/d4rkr00t\/whybundled\/events","assignees_url":"https:\/\/api.github.com\/repos\/d4rkr00t\/whybundled\/assignees{\/user}","branches_url":"https:\/\/api.github.com\/repos\/d4rkr00t\/whybundled\/branches{\/branch}","tags_url":"https:\/\/api.github.com\/repos\/d4rkr00t\/whybundled\/tags","blobs_url":"https:\/\/api.github.com\/repos\/d4rkr00t\/whybundled\/git\/blobs{\/sha}","git_tags_url":"https:\/\/api.github.com\/repos\/d4rkr00t\/whybundled\/git\/tags{\/sha}","git_refs_url":"https:\/\/api.github.com\/repos\/d4rkr00t\/whybundled\/git\/refs{\/sha}","trees_url":"https:\/\/api.github.com\/repos\/d4rkr00t\/whybundled\/git\/trees{\/sha}","statuses_url":"https:\/\/api.github.com\/repos\/d4rkr00t\/whybundled\/statuses\/{sha}","languages_url":"https:\/\/api.github.com\/repos\/d4rkr00t\/whybundled\/languages","stargazers_url":"https:\/\/api.github.com\/repos\/d4rkr00t\/whybundled\/stargazers","contributors_url":"https:\/\/api.github.com\/repos\/d4rkr00t\/whybundled\/contributors","subscribers_url":"https:\/\/api.github.com\/repos\/d4rkr00t\/whybundled\/subscribers","subscription_url":"https:\/\/api.github.com\/repos\/d4rkr00t\/whybundled\/subscription","commits_url":"https:\/\/api.github.com\/repos\/d4rkr00t\/whybundled\/commits{\/sha}","git_commits_url":"https:\/\/api.github.com\/repos\/d4rkr00t\/whybundled\/git\/commits{\/sha}","comments_url":"https:\/\/api.github.com\/repos\/d4rkr00t\/whybundled\/comments{\/number}","issue_comment_url":"https:\/\/api.github.com\/repos\/d4rkr00t\/whybundled\/issues\/comments{\/number}","contents_url":"https:\/\/api.github.com\/repos\/d4rkr00t\/whybundled\/contents\/{+path}","compare_url":"https:\/\/api.github.com\/repos\/d4rkr00t\/whybundled\/compare\/{base}...{head}","merges_url":"https:\/\/api.github.com\/repos\/d4rkr00t\/whybundled\/merges","archive_url":"https:\/\/api.github.com\/repos\/d4rkr00t\/whybundled\/{archive_format}{\/ref}","downloads_url":"https:\/\/api.github.com\/repos\/d4rkr00t\/whybundled\/downloads","issues_url":"https:\/\/api.github.com\/repos\/d4rkr00t\/whybundled\/issues{\/number}","pulls_url":"https:\/\/api.github.com\/repos\/d4rkr00t\/whybundled\/pulls{\/number}","milestones_url":"https:\/\/api.github.com\/repos\/d4rkr00t\/whybundled\/milestones{\/number}","notifications_url":"https:\/\/api.github.com\/repos\/d4rkr00t\/whybundled\/notifications{?since,all,participating}","labels_url":"https:\/\/api.github.com\/repos\/d4rkr00t\/whybundled\/labels{\/name}","releases_url":"https:\/\/api.github.com\/repos\/d4rkr00t\/whybundled\/releases{\/id}","deployments_url":"https:\/\/api.github.com\/repos\/d4rkr00t\/whybundled\/deployments","created_at":"2018-02-24T11:12:27Z","updated_at":"2019-01-23T19:10:27Z","pushed_at":"2018-08-20T15:27:01Z","git_url":"git:\/\/github.com\/d4rkr00t\/whybundled.git","ssh_url":"git@github.com:d4rkr00t\/whybundled.git","clone_url":"https:\/\/github.com\/d4rkr00t\/whybundled.git","svn_url":"https:\/\/github.com\/d4rkr00t\/whybundled","homepage":"","size":2003,"stargazers_count":374,"watchers_count":374,"language":"JavaScript","has_issues":true,"has_projects":true,"has_downloads":true,"has_wiki":true,"has_pages":false,"forks_count":8,"mirror_url":null,"archived":false,"open_issues_count":0,"license":{"key":"mit","name":"MIT License","spdx_id":"MIT","url":"https:\/\/api.github.com\/licenses\/mit","node_id":"MDc6TGljZW5zZTEz"},"forks":8,"open_issues":0,"watchers":374,"default_branch":"master","score":68.71868},{"id":9549719,"node_id":"MDEwOlJlcG9zaXRvcnk5NTQ5NzE5","name":"CLOSURE","full_name":"steveklabnik\/CLOSURE","private":false,"owner":{"login":"steveklabnik","id":27786,"node_id":"MDQ6VXNlcjI3Nzg2","avatar_url":"https:\/\/avatars2.githubusercontent.com\/u\/27786?v=4","gravatar_id":"","url":"https:\/\/api.github.com\/users\/steveklabnik","html_url":"https:\/\/github.com\/steveklabnik","followers_url":"https:\/\/api.github.com\/users\/steveklabnik\/followers","following_url":"https:\/\/api.github.com\/users\/steveklabnik\/following{\/other_user}","gists_url":"https:\/\/api.github.com\/users\/steveklabnik\/gists{\/gist_id}","starred_url":"https:\/\/api.github.com\/users\/steveklabnik\/starred{\/owner}{\/repo}","subscriptions_url":"https:\/\/api.github.com\/users\/steveklabnik\/subscriptions","organizations_url":"https:\/\/api.github.com\/users\/steveklabnik\/orgs","repos_url":"https:\/\/api.github.com\/users\/steveklabnik\/repos","events_url":"https:\/\/api.github.com\/users\/steveklabnik\/events{\/privacy}","received_events_url":"https:\/\/api.github.com\/users\/steveklabnik\/received_events","type":"User","site_admin":false},"html_url":"https:\/\/github.com\/steveklabnik\/CLOSURE","description":"Thanks, _why.","fork":false,"url":"https:\/\/api.github.com\/repos\/steveklabnik\/CLOSURE","forks_url":"https:\/\/api.github.com\/repos\/steveklabnik\/CLOSURE\/forks","keys_url":"https:\/\/api.github.com\/repos\/steveklabnik\/CLOSURE\/keys{\/key_id}","collaborators_url":"https:\/\/api.github.com\/repos\/steveklabnik\/CLOSURE\/collaborators{\/collaborator}","teams_url":"https:\/\/api.github.com\/repos\/steveklabnik\/CLOSURE\/teams","hooks_url":"https:\/\/api.github.com\/repos\/steveklabnik\/CLOSURE\/hooks","issue_events_url":"https:\/\/api.github.com\/repos\/steveklabnik\/CLOSURE\/issues\/events{\/number}","events_url":"https:\/\/api.github.com\/repos\/steveklabnik\/CLOSURE\/events","assignees_url":"https:\/\/api.github.com\/repos\/steveklabnik\/CLOSURE\/assignees{\/user}","branches_url":"https:\/\/api.github.com\/repos\/steveklabnik\/CLOSURE\/branches{\/branch}","tags_url":"https:\/\/api.github.com\/repos\/steveklabnik\/CLOSURE\/tags","blobs_url":"https:\/\/api.github.com\/repos\/steveklabnik\/CLOSURE\/git\/blobs{\/sha}","git_tags_url":"https:\/\/api.github.com\/repos\/steveklabnik\/CLOSURE\/git\/tags{\/sha}","git_refs_url":"https:\/\/api.github.com\/repos\/steveklabnik\/CLOSURE\/git\/refs{\/sha}","trees_url":"https:\/\/api.github.com\/repos\/steveklabnik\/CLOSURE\/git\/trees{\/sha}","statuses_url":"https:\/\/api.github.com\/repos\/steveklabnik\/CLOSURE\/statuses\/{sha}","languages_url":"https:\/\/api.github.com\/repos\/steveklabnik\/CLOSURE\/languages","stargazers_url":"https:\/\/api.github.com\/repos\/steveklabnik\/CLOSURE\/stargazers","contributors_url":"https:\/\/api.github.com\/repos\/steveklabnik\/CLOSURE\/contributors","subscribers_url":"https:\/\/api.github.com\/repos\/steveklabnik\/CLOSURE\/subscribers","subscription_url":"https:\/\/api.github.com\/repos\/steveklabnik\/CLOSURE\/subscription","commits_url":"https:\/\/api.github.com\/repos\/steveklabnik\/CLOSURE\/commits{\/sha}","git_commits_url":"https:\/\/api.github.com\/repos\/steveklabnik\/CLOSURE\/git\/commits{\/sha}","comments_url":"https:\/\/api.github.com\/repos\/steveklabnik\/CLOSURE\/comments{\/number}","issue_comment_url":"https:\/\/api.github.com\/repos\/steveklabnik\/CLOSURE\/issues\/comments{\/number}","contents_url":"https:\/\/api.github.com\/repos\/steveklabnik\/CLOSURE\/contents\/{+path}","compare_url":"https:\/\/api.github.com\/repos\/steveklabnik\/CLOSURE\/compare\/{base}...{head}","merges_url":"https:\/\/api.github.com\/repos\/steveklabnik\/CLOSURE\/merges","archive_url":"https:\/\/api.github.com\/repos\/steveklabnik\/CLOSURE\/{archive_format}{\/ref}","downloads_url":"https:\/\/api.github.com\/repos\/steveklabnik\/CLOSURE\/downloads","issues_url":"https:\/\/api.github.com\/repos\/steveklabnik\/CLOSURE\/issues{\/number}","pulls_url":"https:\/\/api.github.com\/repos\/steveklabnik\/CLOSURE\/pulls{\/number}","milestones_url":"https:\/\/api.github.com\/repos\/steveklabnik\/CLOSURE\/milestones{\/number}","notifications_url":"https:\/\/api.github.com\/repos\/steveklabnik\/CLOSURE\/notifications{?since,all,participating}","labels_url":"https:\/\/api.github.com\/repos\/steveklabnik\/CLOSURE\/labels{\/name}","releases_url":"https:\/\/api.github.com\/repos\/steveklabnik\/CLOSURE\/releases{\/id}","deployments_url":"https:\/\/api.github.com\/repos\/steveklabnik\/CLOSURE\/deployments","created_at":"2013-04-19T16:35:35Z","updated_at":"2019-01-25T03:10:45Z","pushed_at":"2016-08-19T21:52:58Z","git_url":"git:\/\/github.com\/steveklabnik\/CLOSURE.git","ssh_url":"git@github.com:steveklabnik\/CLOSURE.git","clone_url":"https:\/\/github.com\/steveklabnik\/CLOSURE.git","svn_url":"https:\/\/github.com\/steveklabnik\/CLOSURE","homepage":null,"size":98819,"stargazers_count":347,"watchers_count":347,"language":null,"has_issues":true,"has_projects":true,"has_downloads":true,"has_wiki":true,"has_pages":false,"forks_count":29,"mirror_url":null,"archived":false,"open_issues_count":1,"license":null,"forks":29,"open_issues":1,"watchers":347,"default_branch":"master","score":83.83742},{"id":285132,"node_id":"MDEwOlJlcG9zaXRvcnkyODUxMzI=","name":"TryRuby","full_name":"Sophrinix\/TryRuby","private":false,"owner":{"login":"Sophrinix","id":34090,"node_id":"MDQ6VXNlcjM0MDkw","avatar_url":"https:\/\/avatars1.githubusercontent.com\/u\/34090?v=4","gravatar_id":"","url":"https:\/\/api.github.com\/users\/Sophrinix","html_url":"https:\/\/github.com\/Sophrinix","followers_url":"https:\/\/api.github.com\/users\/Sophrinix\/followers","following_url":"https:\/\/api.github.com\/users\/Sophrinix\/following{\/other_user}","gists_url":"https:\/\/api.github.com\/users\/Sophrinix\/gists{\/gist_id}","starred_url":"https:\/\/api.github.com\/users\/Sophrinix\/starred{\/owner}{\/repo}","subscriptions_url":"https:\/\/api.github.com\/users\/Sophrinix\/subscriptions","organizations_url":"https:\/\/api.github.com\/users\/Sophrinix\/orgs","repos_url":"https:\/\/api.github.com\/users\/Sophrinix\/repos","events_url":"https:\/\/api.github.com\/users\/Sophrinix\/events{\/privacy}","received_events_url":"https:\/\/api.github.com\/users\/Sophrinix\/received_events","type":"User","site_admin":false},"html_url":"https:\/\/github.com\/Sophrinix\/TryRuby","description":"Try Ruby is a interactive shell that quickly and whimsically teaches the Ruby programming language. Originally _why's idea, it has been recreated from the ground up by Rubyists who have a passion for Ruby and for teaching their fellow (wo)man how to program.","fork":false,"url":"https:\/\/api.github.com\/repos\/Sophrinix\/TryRuby","forks_url":"https:\/\/api.github.com\/repos\/Sophrinix\/TryRuby\/forks","keys_url":"https:\/\/api.github.com\/repos\/Sophrinix\/TryRuby\/keys{\/key_id}","collaborators_url":"https:\/\/api.github.com\/repos\/Sophrinix\/TryRuby\/collaborators{\/collaborator}","teams_url":"https:\/\/api.github.com\/repos\/Sophrinix\/TryRuby\/teams","hooks_url":"https:\/\/api.github.com\/repos\/Sophrinix\/TryRuby\/hooks","issue_events_url":"https:\/\/api.github.com\/repos\/Sophrinix\/TryRuby\/issues\/events{\/number}","events_url":"https:\/\/api.github.com\/repos\/Sophrinix\/TryRuby\/events","assignees_url":"https:\/\/api.github.com\/repos\/Sophrinix\/TryRuby\/assignees{\/user}","branches_url":"https:\/\/api.github.com\/repos\/Sophrinix\/TryRuby\/branches{\/branch}","tags_url":"https:\/\/api.github.com\/repos\/Sophrinix\/TryRuby\/tags","blobs_url":"https:\/\/api.github.com\/repos\/Sophrinix\/TryRuby\/git\/blobs{\/sha}","git_tags_url":"https:\/\/api.github.com\/repos\/Sophrinix\/TryRuby\/git\/tags{\/sha}","git_refs_url":"https:\/\/api.github.com\/repos\/Sophrinix\/TryRuby\/git\/refs{\/sha}","trees_url":"https:\/\/api.github.com\/repos\/Sophrinix\/TryRuby\/git\/trees{\/sha}","statuses_url":"https:\/\/api.github.com\/repos\/Sophrinix\/TryRuby\/statuses\/{sha}","languages_url":"https:\/\/api.github.com\/repos\/Sophrinix\/TryRuby\/languages","stargazers_url":"https:\/\/api.github.com\/repos\/Sophrinix\/TryRuby\/stargazers","contributors_url":"https:\/\/api.github.com\/repos\/Sophrinix\/TryRuby\/contributors","subscribers_url":"https:\/\/api.github.com\/repos\/Sophrinix\/TryRuby\/subscribers","subscription_url":"https:\/\/api.github.com\/repos\/Sophrinix\/TryRuby\/subscription","commits_url":"https:\/\/api.github.com\/repos\/Sophrinix\/TryRuby\/commits{\/sha}","git_commits_url":"https:\/\/api.github.com\/repos\/Sophrinix\/TryRuby\/git\/commits{\/sha}","comments_url":"https:\/\/api.github.com\/repos\/Sophrinix\/TryRuby\/comments{\/number}","issue_comment_url":"https:\/\/api.github.com\/repos\/Sophrinix\/TryRuby\/issues\/comments{\/number}","contents_url":"https:\/\/api.github.com\/repos\/Sophrinix\/TryRuby\/contents\/{+path}","compare_url":"https:\/\/api.github.com\/repos\/Sophrinix\/TryRuby\/compare\/{base}...{head}","merges_url":"https:\/\/api.github.com\/repos\/Sophrinix\/TryRuby\/merges","archive_url":"https:\/\/api.github.com\/repos\/Sophrinix\/TryRuby\/{archive_format}{\/ref}","downloads_url":"https:\/\/api.github.com\/repos\/Sophrinix\/TryRuby\/downloads","issues_url":"https:\/\/api.github.com\/repos\/Sophrinix\/TryRuby\/issues{\/number}","pulls_url":"https:\/\/api.github.com\/repos\/Sophrinix\/TryRuby\/pulls{\/number}","milestones_url":"https:\/\/api.github.com\/repos\/Sophrinix\/TryRuby\/milestones{\/number}","notifications_url":"https:\/\/api.github.com\/repos\/Sophrinix\/TryRuby\/notifications{?since,all,participating}","labels_url":"https:\/\/api.github.com\/repos\/Sophrinix\/TryRuby\/labels{\/name}","releases_url":"https:\/\/api.github.com\/repos\/Sophrinix\/TryRuby\/releases{\/id}","deployments_url":"https:\/\/api.github.com\/repos\/Sophrinix\/TryRuby\/deployments","created_at":"2009-08-22T17:31:37Z","updated_at":"2019-01-21T09:33:14Z","pushed_at":"2018-06-02T04:32:55Z","git_url":"git:\/\/github.com\/Sophrinix\/TryRuby.git","ssh_url":"git@github.com:Sophrinix\/TryRuby.git","clone_url":"https:\/\/github.com\/Sophrinix\/TryRuby.git","svn_url":"https:\/\/github.com\/Sophrinix\/TryRuby","homepage":"tryruby.org","size":881,"stargazers_count":346,"watchers_count":346,"language":"HTML","has_issues":true,"has_projects":true,"has_downloads":true,"has_wiki":true,"has_pages":false,"forks_count":82,"mirror_url":null,"archived":false,"open_issues_count":69,"license":null,"forks":82,"open_issues":69,"watchers":346,"default_branch":"master","score":21.90221},{"id":139259807,"node_id":"MDEwOlJlcG9zaXRvcnkxMzkyNTk4MDc=","name":"UserDefaultsStore","full_name":"omaralbeik\/UserDefaultsStore","private":false,"owner":{"login":"omaralbeik","id":8127757,"node_id":"MDQ6VXNlcjgxMjc3NTc=","avatar_url":"https:\/\/avatars2.githubusercontent.com\/u\/8127757?v=4","gravatar_id":"","url":"https:\/\/api.github.com\/users\/omaralbeik","html_url":"https:\/\/github.com\/omaralbeik","followers_url":"https:\/\/api.github.com\/users\/omaralbeik\/followers","following_url":"https:\/\/api.github.com\/users\/omaralbeik\/following{\/other_user}","gists_url":"https:\/\/api.github.com\/users\/omaralbeik\/gists{\/gist_id}","starred_url":"https:\/\/api.github.com\/users\/omaralbeik\/starred{\/owner}{\/repo}","subscriptions_url":"https:\/\/api.github.com\/users\/omaralbeik\/subscriptions","organizations_url":"https:\/\/api.github.com\/users\/omaralbeik\/orgs","repos_url":"https:\/\/api.github.com\/users\/omaralbeik\/repos","events_url":"https:\/\/api.github.com\/users\/omaralbeik\/events{\/privacy}","received_events_url":"https:\/\/api.github.com\/users\/omaralbeik\/received_events","type":"User","site_admin":false},"html_url":"https:\/\/github.com\/omaralbeik\/UserDefaultsStore","description":"Why not use UserDefaults to store Codable objects \ud83d\ude09","fork":false,"url":"https:\/\/api.github.com\/repos\/omaralbeik\/UserDefaultsStore","forks_url":"https:\/\/api.github.com\/repos\/omaralbeik\/UserDefaultsStore\/forks","keys_url":"https:\/\/api.github.com\/repos\/omaralbeik\/UserDefaultsStore\/keys{\/key_id}","collaborators_url":"https:\/\/api.github.com\/repos\/omaralbeik\/UserDefaultsStore\/collaborators{\/collaborator}","teams_url":"https:\/\/api.github.com\/repos\/omaralbeik\/UserDefaultsStore\/teams","hooks_url":"https:\/\/api.github.com\/repos\/omaralbeik\/UserDefaultsStore\/hooks","issue_events_url":"https:\/\/api.github.com\/repos\/omaralbeik\/UserDefaultsStore\/issues\/events{\/number}","events_url":"https:\/\/api.github.com\/repos\/omaralbeik\/UserDefaultsStore\/events","assignees_url":"https:\/\/api.github.com\/repos\/omaralbeik\/UserDefaultsStore\/assignees{\/user}","branches_url":"https:\/\/api.github.com\/repos\/omaralbeik\/UserDefaultsStore\/branches{\/branch}","tags_url":"https:\/\/api.github.com\/repos\/omaralbeik\/UserDefaultsStore\/tags","blobs_url":"https:\/\/api.github.com\/repos\/omaralbeik\/UserDefaultsStore\/git\/blobs{\/sha}","git_tags_url":"https:\/\/api.github.com\/repos\/omaralbeik\/UserDefaultsStore\/git\/tags{\/sha}","git_refs_url":"https:\/\/api.github.com\/repos\/omaralbeik\/UserDefaultsStore\/git\/refs{\/sha}","trees_url":"https:\/\/api.github.com\/repos\/omaralbeik\/UserDefaultsStore\/git\/trees{\/sha}","statuses_url":"https:\/\/api.github.com\/repos\/omaralbeik\/UserDefaultsStore\/statuses\/{sha}","languages_url":"https:\/\/api.github.com\/repos\/omaralbeik\/UserDefaultsStore\/languages","stargazers_url":"https:\/\/api.github.com\/repos\/omaralbeik\/UserDefaultsStore\/stargazers","contributors_url":"https:\/\/api.github.com\/repos\/omaralbeik\/UserDefaultsStore\/contributors","subscribers_url":"https:\/\/api.github.com\/repos\/omaralbeik\/UserDefaultsStore\/subscribers","subscription_url":"https:\/\/api.github.com\/repos\/omaralbeik\/UserDefaultsStore\/subscription","commits_url":"https:\/\/api.github.com\/repos\/omaralbeik\/UserDefaultsStore\/commits{\/sha}","git_commits_url":"https:\/\/api.github.com\/repos\/omaralbeik\/UserDefaultsStore\/git\/commits{\/sha}","comments_url":"https:\/\/api.github.com\/repos\/omaralbeik\/UserDefaultsStore\/comments{\/number}","issue_comment_url":"https:\/\/api.github.com\/repos\/omaralbeik\/UserDefaultsStore\/issues\/comments{\/number}","contents_url":"https:\/\/api.github.com\/repos\/omaralbeik\/UserDefaultsStore\/contents\/{+path}","compare_url":"https:\/\/api.github.com\/repos\/omaralbeik\/UserDefaultsStore\/compare\/{base}...{head}","merges_url":"https:\/\/api.github.com\/repos\/omaralbeik\/UserDefaultsStore\/merges","archive_url":"https:\/\/api.github.com\/repos\/omaralbeik\/UserDefaultsStore\/{archive_format}{\/ref}","downloads_url":"https:\/\/api.github.com\/repos\/omaralbeik\/UserDefaultsStore\/downloads","issues_url":"https:\/\/api.github.com\/repos\/omaralbeik\/UserDefaultsStore\/issues{\/number}","pulls_url":"https:\/\/api.github.com\/repos\/omaralbeik\/UserDefaultsStore\/pulls{\/number}","milestones_url":"https:\/\/api.github.com\/repos\/omaralbeik\/UserDefaultsStore\/milestones{\/number}","notifications_url":"https:\/\/api.github.com\/repos\/omaralbeik\/UserDefaultsStore\/notifications{?since,all,participating}","labels_url":"https:\/\/api.github.com\/repos\/omaralbeik\/UserDefaultsStore\/labels{\/name}","releases_url":"https:\/\/api.github.com\/repos\/omaralbeik\/UserDefaultsStore\/releases{\/id}","deployments_url":"https:\/\/api.github.com\/repos\/omaralbeik\/UserDefaultsStore\/deployments","created_at":"2018-06-30T15:29:31Z","updated_at":"2019-01-28T22:49:33Z","pushed_at":"2018-11-08T05:49:36Z","git_url":"git:\/\/github.com\/omaralbeik\/UserDefaultsStore.git","ssh_url":"git@github.com:omaralbeik\/UserDefaultsStore.git","clone_url":"https:\/\/github.com\/omaralbeik\/UserDefaultsStore.git","svn_url":"https:\/\/github.com\/omaralbeik\/UserDefaultsStore","homepage":null,"size":388,"stargazers_count":311,"watchers_count":311,"language":"Swift","has_issues":true,"has_projects":false,"has_downloads":true,"has_wiki":false,"has_pages":false,"forks_count":13,"mirror_url":null,"archived":false,"open_issues_count":2,"license":{"key":"mit","name":"MIT License","spdx_id":"MIT","url":"https:\/\/api.github.com\/licenses\/mit","node_id":"MDc6TGljZW5zZTEz"},"forks":13,"open_issues":2,"watchers":311,"default_branch":"master","score":51.533646},{"id":1666180,"node_id":"MDEwOlJlcG9zaXRvcnkxNjY2MTgw","name":"why_i_love_github","full_name":"schacon\/why_i_love_github","private":false,"owner":{"login":"schacon","id":70,"node_id":"MDQ6VXNlcjcw","avatar_url":"https:\/\/avatars0.githubusercontent.com\/u\/70?v=4","gravatar_id":"","url":"https:\/\/api.github.com\/users\/schacon","html_url":"https:\/\/github.com\/schacon","followers_url":"https:\/\/api.github.com\/users\/schacon\/followers","following_url":"https:\/\/api.github.com\/users\/schacon\/following{\/other_user}","gists_url":"https:\/\/api.github.com\/users\/schacon\/gists{\/gist_id}","starred_url":"https:\/\/api.github.com\/users\/schacon\/starred{\/owner}{\/repo}","subscriptions_url":"https:\/\/api.github.com\/users\/schacon\/subscriptions","organizations_url":"https:\/\/api.github.com\/users\/schacon\/orgs","repos_url":"https:\/\/api.github.com\/users\/schacon\/repos","events_url":"https:\/\/api.github.com\/users\/schacon\/events{\/privacy}","received_events_url":"https:\/\/api.github.com\/users\/schacon\/received_events","type":"User","site_admin":false},"html_url":"https:\/\/github.com\/schacon\/why_i_love_github","description":null,"fork":false,"url":"https:\/\/api.github.com\/repos\/schacon\/why_i_love_github","forks_url":"https:\/\/api.github.com\/repos\/schacon\/why_i_love_github\/forks","keys_url":"https:\/\/api.github.com\/repos\/schacon\/why_i_love_github\/keys{\/key_id}","collaborators_url":"https:\/\/api.github.com\/repos\/schacon\/why_i_love_github\/collaborators{\/collaborator}","teams_url":"https:\/\/api.github.com\/repos\/schacon\/why_i_love_github\/teams","hooks_url":"https:\/\/api.github.com\/repos\/schacon\/why_i_love_github\/hooks","issue_events_url":"https:\/\/api.github.com\/repos\/schacon\/why_i_love_github\/issues\/events{\/number}","events_url":"https:\/\/api.github.com\/repos\/schacon\/why_i_love_github\/events","assignees_url":"https:\/\/api.github.com\/repos\/schacon\/why_i_love_github\/assignees{\/user}","branches_url":"https:\/\/api.github.com\/repos\/schacon\/why_i_love_github\/branches{\/branch}","tags_url":"https:\/\/api.github.com\/repos\/schacon\/why_i_love_github\/tags","blobs_url":"https:\/\/api.github.com\/repos\/schacon\/why_i_love_github\/git\/blobs{\/sha}","git_tags_url":"https:\/\/api.github.com\/repos\/schacon\/why_i_love_github\/git\/tags{\/sha}","git_refs_url":"https:\/\/api.github.com\/repos\/schacon\/why_i_love_github\/git\/refs{\/sha}","trees_url":"https:\/\/api.github.com\/repos\/schacon\/why_i_love_github\/git\/trees{\/sha}","statuses_url":"https:\/\/api.github.com\/repos\/schacon\/why_i_love_github\/statuses\/{sha}","languages_url":"https:\/\/api.github.com\/repos\/schacon\/why_i_love_github\/languages","stargazers_url":"https:\/\/api.github.com\/repos\/schacon\/why_i_love_github\/stargazers","contributors_url":"https:\/\/api.github.com\/repos\/schacon\/why_i_love_github\/contributors","subscribers_url":"https:\/\/api.github.com\/repos\/schacon\/why_i_love_github\/subscribers","subscription_url":"https:\/\/api.github.com\/repos\/schacon\/why_i_love_github\/subscription","commits_url":"https:\/\/api.github.com\/repos\/schacon\/why_i_love_github\/commits{\/sha}","git_commits_url":"https:\/\/api.github.com\/repos\/schacon\/why_i_love_github\/git\/commits{\/sha}","comments_url":"https:\/\/api.github.com\/repos\/schacon\/why_i_love_github\/comments{\/number}","issue_comment_url":"https:\/\/api.github.com\/repos\/schacon\/why_i_love_github\/issues\/comments{\/number}","contents_url":"https:\/\/api.github.com\/repos\/schacon\/why_i_love_github\/contents\/{+path}","compare_url":"https:\/\/api.github.com\/repos\/schacon\/why_i_love_github\/compare\/{base}...{head}","merges_url":"https:\/\/api.github.com\/repos\/schacon\/why_i_love_github\/merges","archive_url":"https:\/\/api.github.com\/repos\/schacon\/why_i_love_github\/{archive_format}{\/ref}","downloads_url":"https:\/\/api.github.com\/repos\/schacon\/why_i_love_github\/downloads","issues_url":"https:\/\/api.github.com\/repos\/schacon\/why_i_love_github\/issues{\/number}","pulls_url":"https:\/\/api.github.com\/repos\/schacon\/why_i_love_github\/pulls{\/number}","milestones_url":"https:\/\/api.github.com\/repos\/schacon\/why_i_love_github\/milestones{\/number}","notifications_url":"https:\/\/api.github.com\/repos\/schacon\/why_i_love_github\/notifications{?since,all,participating}","labels_url":"https:\/\/api.github.com\/repos\/schacon\/why_i_love_github\/labels{\/name}","releases_url":"https:\/\/api.github.com\/repos\/schacon\/why_i_love_github\/releases{\/id}","deployments_url":"https:\/\/api.github.com\/repos\/schacon\/why_i_love_github\/deployments","created_at":"2011-04-26T17:18:57Z","updated_at":"2018-12-26T22:44:49Z","pushed_at":"2018-09-06T06:18:12Z","git_url":"git:\/\/github.com\/schacon\/why_i_love_github.git","ssh_url":"git@github.com:schacon\/why_i_love_github.git","clone_url":"https:\/\/github.com\/schacon\/why_i_love_github.git","svn_url":"https:\/\/github.com\/schacon\/why_i_love_github","homepage":"","size":296,"stargazers_count":269,"watchers_count":269,"language":null,"has_issues":true,"has_projects":true,"has_downloads":true,"has_wiki":true,"has_pages":false,"forks_count":202,"mirror_url":null,"archived":false,"open_issues_count":115,"license":null,"forks":202,"open_issues":115,"watchers":269,"default_branch":"master","score":94.8386},{"id":5762352,"node_id":"MDEwOlJlcG9zaXRvcnk1NzYyMzUy","name":"nightowls","full_name":"Swizec\/nightowls","private":false,"owner":{"login":"Swizec","id":56883,"node_id":"MDQ6VXNlcjU2ODgz","avatar_url":"https:\/\/avatars0.githubusercontent.com\/u\/56883?v=4","gravatar_id":"","url":"https:\/\/api.github.com\/users\/Swizec","html_url":"https:\/\/github.com\/Swizec","followers_url":"https:\/\/api.github.com\/users\/Swizec\/followers","following_url":"https:\/\/api.github.com\/users\/Swizec\/following{\/other_user}","gists_url":"https:\/\/api.github.com\/users\/Swizec\/gists{\/gist_id}","starred_url":"https:\/\/api.github.com\/users\/Swizec\/starred{\/owner}{\/repo}","subscriptions_url":"https:\/\/api.github.com\/users\/Swizec\/subscriptions","organizations_url":"https:\/\/api.github.com\/users\/Swizec\/orgs","repos_url":"https:\/\/api.github.com\/users\/Swizec\/repos","events_url":"https:\/\/api.github.com\/users\/Swizec\/events{\/privacy}","received_events_url":"https:\/\/api.github.com\/users\/Swizec\/received_events","type":"User","site_admin":false},"html_url":"https:\/\/github.com\/Swizec\/nightowls","description":"Why programmers work at night - a book about programmers, by a programmer","fork":false,"url":"https:\/\/api.github.com\/repos\/Swizec\/nightowls","forks_url":"https:\/\/api.github.com\/repos\/Swizec\/nightowls\/forks","keys_url":"https:\/\/api.github.com\/repos\/Swizec\/nightowls\/keys{\/key_id}","collaborators_url":"https:\/\/api.github.com\/repos\/Swizec\/nightowls\/collaborators{\/collaborator}","teams_url":"https:\/\/api.github.com\/repos\/Swizec\/nightowls\/teams","hooks_url":"https:\/\/api.github.com\/repos\/Swizec\/nightowls\/hooks","issue_events_url":"https:\/\/api.github.com\/repos\/Swizec\/nightowls\/issues\/events{\/number}","events_url":"https:\/\/api.github.com\/repos\/Swizec\/nightowls\/events","assignees_url":"https:\/\/api.github.com\/repos\/Swizec\/nightowls\/assignees{\/user}","branches_url":"https:\/\/api.github.com\/repos\/Swizec\/nightowls\/branches{\/branch}","tags_url":"https:\/\/api.github.com\/repos\/Swizec\/nightowls\/tags","blobs_url":"https:\/\/api.github.com\/repos\/Swizec\/nightowls\/git\/blobs{\/sha}","git_tags_url":"https:\/\/api.github.com\/repos\/Swizec\/nightowls\/git\/tags{\/sha}","git_refs_url":"https:\/\/api.github.com\/repos\/Swizec\/nightowls\/git\/refs{\/sha}","trees_url":"https:\/\/api.github.com\/repos\/Swizec\/nightowls\/git\/trees{\/sha}","statuses_url":"https:\/\/api.github.com\/repos\/Swizec\/nightowls\/statuses\/{sha}","languages_url":"https:\/\/api.github.com\/repos\/Swizec\/nightowls\/languages","stargazers_url":"https:\/\/api.github.com\/repos\/Swizec\/nightowls\/stargazers","contributors_url":"https:\/\/api.github.com\/repos\/Swizec\/nightowls\/contributors","subscribers_url":"https:\/\/api.github.com\/repos\/Swizec\/nightowls\/subscribers","subscription_url":"https:\/\/api.github.com\/repos\/Swizec\/nightowls\/subscription","commits_url":"https:\/\/api.github.com\/repos\/Swizec\/nightowls\/commits{\/sha}","git_commits_url":"https:\/\/api.github.com\/repos\/Swizec\/nightowls\/git\/commits{\/sha}","comments_url":"https:\/\/api.github.com\/repos\/Swizec\/nightowls\/comments{\/number}","issue_comment_url":"https:\/\/api.github.com\/repos\/Swizec\/nightowls\/issues\/comments{\/number}","contents_url":"https:\/\/api.github.com\/repos\/Swizec\/nightowls\/contents\/{+path}","compare_url":"https:\/\/api.github.com\/repos\/Swizec\/nightowls\/compare\/{base}...{head}","merges_url":"https:\/\/api.github.com\/repos\/Swizec\/nightowls\/merges","archive_url":"https:\/\/api.github.com\/repos\/Swizec\/nightowls\/{archive_format}{\/ref}","downloads_url":"https:\/\/api.github.com\/repos\/Swizec\/nightowls\/downloads","issues_url":"https:\/\/api.github.com\/repos\/Swizec\/nightowls\/issues{\/number}","pulls_url":"https:\/\/api.github.com\/repos\/Swizec\/nightowls\/pulls{\/number}","milestones_url":"https:\/\/api.github.com\/repos\/Swizec\/nightowls\/milestones{\/number}","notifications_url":"https:\/\/api.github.com\/repos\/Swizec\/nightowls\/notifications{?since,all,participating}","labels_url":"https:\/\/api.github.com\/repos\/Swizec\/nightowls\/labels{\/name}","releases_url":"https:\/\/api.github.com\/repos\/Swizec\/nightowls\/releases{\/id}","deployments_url":"https:\/\/api.github.com\/repos\/Swizec\/nightowls\/deployments","created_at":"2012-09-11T08:55:05Z","updated_at":"2019-01-22T17:12:56Z","pushed_at":"2017-04-24T09:21:43Z","git_url":"git:\/\/github.com\/Swizec\/nightowls.git","ssh_url":"git@github.com:Swizec\/nightowls.git","clone_url":"https:\/\/github.com\/Swizec\/nightowls.git","svn_url":"https:\/\/github.com\/Swizec\/nightowls","homepage":"https:\/\/leanpub.com\/nightowls","size":1301,"stargazers_count":267,"watchers_count":267,"language":null,"has_issues":true,"has_projects":true,"has_downloads":true,"has_wiki":true,"has_pages":false,"forks_count":23,"mirror_url":null,"archived":false,"open_issues_count":7,"license":null,"forks":23,"open_issues":7,"watchers":267,"default_branch":"master","score":46.14727},{"id":86715491,"node_id":"MDEwOlJlcG9zaXRvcnk4NjcxNTQ5MQ==","name":"pmdarima","full_name":"tgsmith61591\/pmdarima","private":false,"owner":{"login":"tgsmith61591","id":6124706,"node_id":"MDQ6VXNlcjYxMjQ3MDY=","avatar_url":"https:\/\/avatars0.githubusercontent.com\/u\/6124706?v=4","gravatar_id":"","url":"https:\/\/api.github.com\/users\/tgsmith61591","html_url":"https:\/\/github.com\/tgsmith61591","followers_url":"https:\/\/api.github.com\/users\/tgsmith61591\/followers","following_url":"https:\/\/api.github.com\/users\/tgsmith61591\/following{\/other_user}","gists_url":"https:\/\/api.github.com\/users\/tgsmith61591\/gists{\/gist_id}","starred_url":"https:\/\/api.github.com\/users\/tgsmith61591\/starred{\/owner}{\/repo}","subscriptions_url":"https:\/\/api.github.com\/users\/tgsmith61591\/subscriptions","organizations_url":"https:\/\/api.github.com\/users\/tgsmith61591\/orgs","repos_url":"https:\/\/api.github.com\/users\/tgsmith61591\/repos","events_url":"https:\/\/api.github.com\/users\/tgsmith61591\/events{\/privacy}","received_events_url":"https:\/\/api.github.com\/users\/tgsmith61591\/received_events","type":"User","site_admin":false},"html_url":"https:\/\/github.com\/tgsmith61591\/pmdarima","description":"A package that brings R's beloved auto.arima to Python, making an even stronger case for why Python > R for data science. ","fork":false,"url":"https:\/\/api.github.com\/repos\/tgsmith61591\/pmdarima","forks_url":"https:\/\/api.github.com\/repos\/tgsmith61591\/pmdarima\/forks","keys_url":"https:\/\/api.github.com\/repos\/tgsmith61591\/pmdarima\/keys{\/key_id}","collaborators_url":"https:\/\/api.github.com\/repos\/tgsmith61591\/pmdarima\/collaborators{\/collaborator}","teams_url":"https:\/\/api.github.com\/repos\/tgsmith61591\/pmdarima\/teams","hooks_url":"https:\/\/api.github.com\/repos\/tgsmith61591\/pmdarima\/hooks","issue_events_url":"https:\/\/api.github.com\/repos\/tgsmith61591\/pmdarima\/issues\/events{\/number}","events_url":"https:\/\/api.github.com\/repos\/tgsmith61591\/pmdarima\/events","assignees_url":"https:\/\/api.github.com\/repos\/tgsmith61591\/pmdarima\/assignees{\/user}","branches_url":"https:\/\/api.github.com\/repos\/tgsmith61591\/pmdarima\/branches{\/branch}","tags_url":"https:\/\/api.github.com\/repos\/tgsmith61591\/pmdarima\/tags","blobs_url":"https:\/\/api.github.com\/repos\/tgsmith61591\/pmdarima\/git\/blobs{\/sha}","git_tags_url":"https:\/\/api.github.com\/repos\/tgsmith61591\/pmdarima\/git\/tags{\/sha}","git_refs_url":"https:\/\/api.github.com\/repos\/tgsmith61591\/pmdarima\/git\/refs{\/sha}","trees_url":"https:\/\/api.github.com\/repos\/tgsmith61591\/pmdarima\/git\/trees{\/sha}","statuses_url":"https:\/\/api.github.com\/repos\/tgsmith61591\/pmdarima\/statuses\/{sha}","languages_url":"https:\/\/api.github.com\/repos\/tgsmith61591\/pmdarima\/languages","stargazers_url":"https:\/\/api.github.com\/repos\/tgsmith61591\/pmdarima\/stargazers","contributors_url":"https:\/\/api.github.com\/repos\/tgsmith61591\/pmdarima\/contributors","subscribers_url":"https:\/\/api.github.com\/repos\/tgsmith61591\/pmdarima\/subscribers","subscription_url":"https:\/\/api.github.com\/repos\/tgsmith61591\/pmdarima\/subscription","commits_url":"https:\/\/api.github.com\/repos\/tgsmith61591\/pmdarima\/commits{\/sha}","git_commits_url":"https:\/\/api.github.com\/repos\/tgsmith61591\/pmdarima\/git\/commits{\/sha}","comments_url":"https:\/\/api.github.com\/repos\/tgsmith61591\/pmdarima\/comments{\/number}","issue_comment_url":"https:\/\/api.github.com\/repos\/tgsmith61591\/pmdarima\/issues\/comments{\/number}","contents_url":"https:\/\/api.github.com\/repos\/tgsmith61591\/pmdarima\/contents\/{+path}","compare_url":"https:\/\/api.github.com\/repos\/tgsmith61591\/pmdarima\/compare\/{base}...{head}","merges_url":"https:\/\/api.github.com\/repos\/tgsmith61591\/pmdarima\/merges","archive_url":"https:\/\/api.github.com\/repos\/tgsmith61591\/pmdarima\/{archive_format}{\/ref}","downloads_url":"https:\/\/api.github.com\/repos\/tgsmith61591\/pmdarima\/downloads","issues_url":"https:\/\/api.github.com\/repos\/tgsmith61591\/pmdarima\/issues{\/number}","pulls_url":"https:\/\/api.github.com\/repos\/tgsmith61591\/pmdarima\/pulls{\/number}","milestones_url":"https:\/\/api.github.com\/repos\/tgsmith61591\/pmdarima\/milestones{\/number}","notifications_url":"https:\/\/api.github.com\/repos\/tgsmith61591\/pmdarima\/notifications{?since,all,participating}","labels_url":"https:\/\/api.github.com\/repos\/tgsmith61591\/pmdarima\/labels{\/name}","releases_url":"https:\/\/api.github.com\/repos\/tgsmith61591\/pmdarima\/releases{\/id}","deployments_url":"https:\/\/api.github.com\/repos\/tgsmith61591\/pmdarima\/deployments","created_at":"2017-03-30T14:58:30Z","updated_at":"2019-01-27T16:57:38Z","pushed_at":"2019-01-21T21:26:02Z","git_url":"git:\/\/github.com\/tgsmith61591\/pmdarima.git","ssh_url":"git@github.com:tgsmith61591\/pmdarima.git","clone_url":"https:\/\/github.com\/tgsmith61591\/pmdarima.git","svn_url":"https:\/\/github.com\/tgsmith61591\/pmdarima","homepage":"https:\/\/www.alkaline-ml.com\/pmdarima","size":60561,"stargazers_count":254,"watchers_count":254,"language":"Python","has_issues":true,"has_projects":true,"has_downloads":true,"has_wiki":true,"has_pages":true,"forks_count":64,"mirror_url":null,"archived":false,"open_issues_count":1,"license":{"key":"mit","name":"MIT License","spdx_id":"MIT","url":"https:\/\/api.github.com\/licenses\/mit","node_id":"MDc6TGljZW5zZTEz"},"forks":64,"open_issues":1,"watchers":254,"default_branch":"master","score":37.533947},{"id":72917308,"node_id":"MDEwOlJlcG9zaXRvcnk3MjkxNzMwOA==","name":"learn-elm","full_name":"dwyl\/learn-elm","private":false,"owner":{"login":"dwyl","id":11708465,"node_id":"MDEyOk9yZ2FuaXphdGlvbjExNzA4NDY1","avatar_url":"https:\/\/avatars1.githubusercontent.com\/u\/11708465?v=4","gravatar_id":"","url":"https:\/\/api.github.com\/users\/dwyl","html_url":"https:\/\/github.com\/dwyl","followers_url":"https:\/\/api.github.com\/users\/dwyl\/followers","following_url":"https:\/\/api.github.com\/users\/dwyl\/following{\/other_user}","gists_url":"https:\/\/api.github.com\/users\/dwyl\/gists{\/gist_id}","starred_url":"https:\/\/api.github.com\/users\/dwyl\/starred{\/owner}{\/repo}","subscriptions_url":"https:\/\/api.github.com\/users\/dwyl\/subscriptions","organizations_url":"https:\/\/api.github.com\/users\/dwyl\/orgs","repos_url":"https:\/\/api.github.com\/users\/dwyl\/repos","events_url":"https:\/\/api.github.com\/users\/dwyl\/events{\/privacy}","received_events_url":"https:\/\/api.github.com\/users\/dwyl\/received_events","type":"Organization","site_admin":false},"html_url":"https:\/\/github.com\/dwyl\/learn-elm","description":":rainbow: discover why people are switching to Elm and how you can get started today!","fork":false,"url":"https:\/\/api.github.com\/repos\/dwyl\/learn-elm","forks_url":"https:\/\/api.github.com\/repos\/dwyl\/learn-elm\/forks","keys_url":"https:\/\/api.github.com\/repos\/dwyl\/learn-elm\/keys{\/key_id}","collaborators_url":"https:\/\/api.github.com\/repos\/dwyl\/learn-elm\/collaborators{\/collaborator}","teams_url":"https:\/\/api.github.com\/repos\/dwyl\/learn-elm\/teams","hooks_url":"https:\/\/api.github.com\/repos\/dwyl\/learn-elm\/hooks","issue_events_url":"https:\/\/api.github.com\/repos\/dwyl\/learn-elm\/issues\/events{\/number}","events_url":"https:\/\/api.github.com\/repos\/dwyl\/learn-elm\/events","assignees_url":"https:\/\/api.github.com\/repos\/dwyl\/learn-elm\/assignees{\/user}","branches_url":"https:\/\/api.github.com\/repos\/dwyl\/learn-elm\/branches{\/branch}","tags_url":"https:\/\/api.github.com\/repos\/dwyl\/learn-elm\/tags","blobs_url":"https:\/\/api.github.com\/repos\/dwyl\/learn-elm\/git\/blobs{\/sha}","git_tags_url":"https:\/\/api.github.com\/repos\/dwyl\/learn-elm\/git\/tags{\/sha}","git_refs_url":"https:\/\/api.github.com\/repos\/dwyl\/learn-elm\/git\/refs{\/sha}","trees_url":"https:\/\/api.github.com\/repos\/dwyl\/learn-elm\/git\/trees{\/sha}","statuses_url":"https:\/\/api.github.com\/repos\/dwyl\/learn-elm\/statuses\/{sha}","languages_url":"https:\/\/api.github.com\/repos\/dwyl\/learn-elm\/languages","stargazers_url":"https:\/\/api.github.com\/repos\/dwyl\/learn-elm\/stargazers","contributors_url":"https:\/\/api.github.com\/repos\/dwyl\/learn-elm\/contributors","subscribers_url":"https:\/\/api.github.com\/repos\/dwyl\/learn-elm\/subscribers","subscription_url":"https:\/\/api.github.com\/repos\/dwyl\/learn-elm\/subscription","commits_url":"https:\/\/api.github.com\/repos\/dwyl\/learn-elm\/commits{\/sha}","git_commits_url":"https:\/\/api.github.com\/repos\/dwyl\/learn-elm\/git\/commits{\/sha}","comments_url":"https:\/\/api.github.com\/repos\/dwyl\/learn-elm\/comments{\/number}","issue_comment_url":"https:\/\/api.github.com\/repos\/dwyl\/learn-elm\/issues\/comments{\/number}","contents_url":"https:\/\/api.github.com\/repos\/dwyl\/learn-elm\/contents\/{+path}","compare_url":"https:\/\/api.github.com\/repos\/dwyl\/learn-elm\/compare\/{base}...{head}","merges_url":"https:\/\/api.github.com\/repos\/dwyl\/learn-elm\/merges","archive_url":"https:\/\/api.github.com\/repos\/dwyl\/learn-elm\/{archive_format}{\/ref}","downloads_url":"https:\/\/api.github.com\/repos\/dwyl\/learn-elm\/downloads","issues_url":"https:\/\/api.github.com\/repos\/dwyl\/learn-elm\/issues{\/number}","pulls_url":"https:\/\/api.github.com\/repos\/dwyl\/learn-elm\/pulls{\/number}","milestones_url":"https:\/\/api.github.com\/repos\/dwyl\/learn-elm\/milestones{\/number}","notifications_url":"https:\/\/api.github.com\/repos\/dwyl\/learn-elm\/notifications{?since,all,participating}","labels_url":"https:\/\/api.github.com\/repos\/dwyl\/learn-elm\/labels{\/name}","releases_url":"https:\/\/api.github.com\/repos\/dwyl\/learn-elm\/releases{\/id}","deployments_url":"https:\/\/api.github.com\/repos\/dwyl\/learn-elm\/deployments","created_at":"2016-11-05T09:45:12Z","updated_at":"2019-01-25T17:03:04Z","pushed_at":"2018-12-04T22:17:50Z","git_url":"git:\/\/github.com\/dwyl\/learn-elm.git","ssh_url":"git@github.com:dwyl\/learn-elm.git","clone_url":"https:\/\/github.com\/dwyl\/learn-elm.git","svn_url":"https:\/\/github.com\/dwyl\/learn-elm","homepage":"https:\/\/github.com\/dwyl\/learn-elm","size":622,"stargazers_count":238,"watchers_count":238,"language":"HTML","has_issues":true,"has_projects":true,"has_downloads":true,"has_wiki":true,"has_pages":false,"forks_count":19,"mirror_url":null,"archived":false,"open_issues_count":78,"license":null,"forks":19,"open_issues":78,"watchers":238,"default_branch":"master","score":44.101936},{"id":35120209,"node_id":"MDEwOlJlcG9zaXRvcnkzNTEyMDIwOQ==","name":"wtfnode","full_name":"myndzi\/wtfnode","private":false,"owner":{"login":"myndzi","id":1588419,"node_id":"MDQ6VXNlcjE1ODg0MTk=","avatar_url":"https:\/\/avatars1.githubusercontent.com\/u\/1588419?v=4","gravatar_id":"","url":"https:\/\/api.github.com\/users\/myndzi","html_url":"https:\/\/github.com\/myndzi","followers_url":"https:\/\/api.github.com\/users\/myndzi\/followers","following_url":"https:\/\/api.github.com\/users\/myndzi\/following{\/other_user}","gists_url":"https:\/\/api.github.com\/users\/myndzi\/gists{\/gist_id}","starred_url":"https:\/\/api.github.com\/users\/myndzi\/starred{\/owner}{\/repo}","subscriptions_url":"https:\/\/api.github.com\/users\/myndzi\/subscriptions","organizations_url":"https:\/\/api.github.com\/users\/myndzi\/orgs","repos_url":"https:\/\/api.github.com\/users\/myndzi\/repos","events_url":"https:\/\/api.github.com\/users\/myndzi\/events{\/privacy}","received_events_url":"https:\/\/api.github.com\/users\/myndzi\/received_events","type":"User","site_admin":false},"html_url":"https:\/\/github.com\/myndzi\/wtfnode","description":"Utility to help find out why Node isn't exiting","fork":false,"url":"https:\/\/api.github.com\/repos\/myndzi\/wtfnode","forks_url":"https:\/\/api.github.com\/repos\/myndzi\/wtfnode\/forks","keys_url":"https:\/\/api.github.com\/repos\/myndzi\/wtfnode\/keys{\/key_id}","collaborators_url":"https:\/\/api.github.com\/repos\/myndzi\/wtfnode\/collaborators{\/collaborator}","teams_url":"https:\/\/api.github.com\/repos\/myndzi\/wtfnode\/teams","hooks_url":"https:\/\/api.github.com\/repos\/myndzi\/wtfnode\/hooks","issue_events_url":"https:\/\/api.github.com\/repos\/myndzi\/wtfnode\/issues\/events{\/number}","events_url":"https:\/\/api.github.com\/repos\/myndzi\/wtfnode\/events","assignees_url":"https:\/\/api.github.com\/repos\/myndzi\/wtfnode\/assignees{\/user}","branches_url":"https:\/\/api.github.com\/repos\/myndzi\/wtfnode\/branches{\/branch}","tags_url":"https:\/\/api.github.com\/repos\/myndzi\/wtfnode\/tags","blobs_url":"https:\/\/api.github.com\/repos\/myndzi\/wtfnode\/git\/blobs{\/sha}","git_tags_url":"https:\/\/api.github.com\/repos\/myndzi\/wtfnode\/git\/tags{\/sha}","git_refs_url":"https:\/\/api.github.com\/repos\/myndzi\/wtfnode\/git\/refs{\/sha}","trees_url":"https:\/\/api.github.com\/repos\/myndzi\/wtfnode\/git\/trees{\/sha}","statuses_url":"https:\/\/api.github.com\/repos\/myndzi\/wtfnode\/statuses\/{sha}","languages_url":"https:\/\/api.github.com\/repos\/myndzi\/wtfnode\/languages","stargazers_url":"https:\/\/api.github.com\/repos\/myndzi\/wtfnode\/stargazers","contributors_url":"https:\/\/api.github.com\/repos\/myndzi\/wtfnode\/contributors","subscribers_url":"https:\/\/api.github.com\/repos\/myndzi\/wtfnode\/subscribers","subscription_url":"https:\/\/api.github.com\/repos\/myndzi\/wtfnode\/subscription","commits_url":"https:\/\/api.github.com\/repos\/myndzi\/wtfnode\/commits{\/sha}","git_commits_url":"https:\/\/api.github.com\/repos\/myndzi\/wtfnode\/git\/commits{\/sha}","comments_url":"https:\/\/api.github.com\/repos\/myndzi\/wtfnode\/comments{\/number}","issue_comment_url":"https:\/\/api.github.com\/repos\/myndzi\/wtfnode\/issues\/comments{\/number}","contents_url":"https:\/\/api.github.com\/repos\/myndzi\/wtfnode\/contents\/{+path}","compare_url":"https:\/\/api.github.com\/repos\/myndzi\/wtfnode\/compare\/{base}...{head}","merges_url":"https:\/\/api.github.com\/repos\/myndzi\/wtfnode\/merges","archive_url":"https:\/\/api.github.com\/repos\/myndzi\/wtfnode\/{archive_format}{\/ref}","downloads_url":"https:\/\/api.github.com\/repos\/myndzi\/wtfnode\/downloads","issues_url":"https:\/\/api.github.com\/repos\/myndzi\/wtfnode\/issues{\/number}","pulls_url":"https:\/\/api.github.com\/repos\/myndzi\/wtfnode\/pulls{\/number}","milestones_url":"https:\/\/api.github.com\/repos\/myndzi\/wtfnode\/milestones{\/number}","notifications_url":"https:\/\/api.github.com\/repos\/myndzi\/wtfnode\/notifications{?since,all,participating}","labels_url":"https:\/\/api.github.com\/repos\/myndzi\/wtfnode\/labels{\/name}","releases_url":"https:\/\/api.github.com\/repos\/myndzi\/wtfnode\/releases{\/id}","deployments_url":"https:\/\/api.github.com\/repos\/myndzi\/wtfnode\/deployments","created_at":"2015-05-05T19:42:42Z","updated_at":"2019-01-23T23:23:20Z","pushed_at":"2019-01-15T03:26:56Z","git_url":"git:\/\/github.com\/myndzi\/wtfnode.git","ssh_url":"git@github.com:myndzi\/wtfnode.git","clone_url":"https:\/\/github.com\/myndzi\/wtfnode.git","svn_url":"https:\/\/github.com\/myndzi\/wtfnode","homepage":null,"size":59,"stargazers_count":237,"watchers_count":237,"language":"JavaScript","has_issues":true,"has_projects":true,"has_downloads":true,"has_wiki":true,"has_pages":false,"forks_count":14,"mirror_url":null,"archived":false,"open_issues_count":0,"license":null,"forks":14,"open_issues":0,"watchers":237,"default_branch":"master","score":51.34793},{"id":539003,"node_id":"MDEwOlJlcG9zaXRvcnk1MzkwMDM=","name":"jquery-outside-events","full_name":"cowboy\/jquery-outside-events","private":false,"owner":{"login":"cowboy","id":54051,"node_id":"MDQ6VXNlcjU0MDUx","avatar_url":"https:\/\/avatars0.githubusercontent.com\/u\/54051?v=4","gravatar_id":"","url":"https:\/\/api.github.com\/users\/cowboy","html_url":"https:\/\/github.com\/cowboy","followers_url":"https:\/\/api.github.com\/users\/cowboy\/followers","following_url":"https:\/\/api.github.com\/users\/cowboy\/following{\/other_user}","gists_url":"https:\/\/api.github.com\/users\/cowboy\/gists{\/gist_id}","starred_url":"https:\/\/api.github.com\/users\/cowboy\/starred{\/owner}{\/repo}","subscriptions_url":"https:\/\/api.github.com\/users\/cowboy\/subscriptions","organizations_url":"https:\/\/api.github.com\/users\/cowboy\/orgs","repos_url":"https:\/\/api.github.com\/users\/cowboy\/repos","events_url":"https:\/\/api.github.com\/users\/cowboy\/events{\/privacy}","received_events_url":"https:\/\/api.github.com\/users\/cowboy\/received_events","type":"User","site_admin":false},"html_url":"https:\/\/github.com\/cowboy\/jquery-outside-events","description":"Why trigger an event on something, when you can trigger it on everything else?","fork":false,"url":"https:\/\/api.github.com\/repos\/cowboy\/jquery-outside-events","forks_url":"https:\/\/api.github.com\/repos\/cowboy\/jquery-outside-events\/forks","keys_url":"https:\/\/api.github.com\/repos\/cowboy\/jquery-outside-events\/keys{\/key_id}","collaborators_url":"https:\/\/api.github.com\/repos\/cowboy\/jquery-outside-events\/collaborators{\/collaborator}","teams_url":"https:\/\/api.github.com\/repos\/cowboy\/jquery-outside-events\/teams","hooks_url":"https:\/\/api.github.com\/repos\/cowboy\/jquery-outside-events\/hooks","issue_events_url":"https:\/\/api.github.com\/repos\/cowboy\/jquery-outside-events\/issues\/events{\/number}","events_url":"https:\/\/api.github.com\/repos\/cowboy\/jquery-outside-events\/events","assignees_url":"https:\/\/api.github.com\/repos\/cowboy\/jquery-outside-events\/assignees{\/user}","branches_url":"https:\/\/api.github.com\/repos\/cowboy\/jquery-outside-events\/branches{\/branch}","tags_url":"https:\/\/api.github.com\/repos\/cowboy\/jquery-outside-events\/tags","blobs_url":"https:\/\/api.github.com\/repos\/cowboy\/jquery-outside-events\/git\/blobs{\/sha}","git_tags_url":"https:\/\/api.github.com\/repos\/cowboy\/jquery-outside-events\/git\/tags{\/sha}","git_refs_url":"https:\/\/api.github.com\/repos\/cowboy\/jquery-outside-events\/git\/refs{\/sha}","trees_url":"https:\/\/api.github.com\/repos\/cowboy\/jquery-outside-events\/git\/trees{\/sha}","statuses_url":"https:\/\/api.github.com\/repos\/cowboy\/jquery-outside-events\/statuses\/{sha}","languages_url":"https:\/\/api.github.com\/repos\/cowboy\/jquery-outside-events\/languages","stargazers_url":"https:\/\/api.github.com\/repos\/cowboy\/jquery-outside-events\/stargazers","contributors_url":"https:\/\/api.github.com\/repos\/cowboy\/jquery-outside-events\/contributors","subscribers_url":"https:\/\/api.github.com\/repos\/cowboy\/jquery-outside-events\/subscribers","subscription_url":"https:\/\/api.github.com\/repos\/cowboy\/jquery-outside-events\/subscription","commits_url":"https:\/\/api.github.com\/repos\/cowboy\/jquery-outside-events\/commits{\/sha}","git_commits_url":"https:\/\/api.github.com\/repos\/cowboy\/jquery-outside-events\/git\/commits{\/sha}","comments_url":"https:\/\/api.github.com\/repos\/cowboy\/jquery-outside-events\/comments{\/number}","issue_comment_url":"https:\/\/api.github.com\/repos\/cowboy\/jquery-outside-events\/issues\/comments{\/number}","contents_url":"https:\/\/api.github.com\/repos\/cowboy\/jquery-outside-events\/contents\/{+path}","compare_url":"https:\/\/api.github.com\/repos\/cowboy\/jquery-outside-events\/compare\/{base}...{head}","merges_url":"https:\/\/api.github.com\/repos\/cowboy\/jquery-outside-events\/merges","archive_url":"https:\/\/api.github.com\/repos\/cowboy\/jquery-outside-events\/{archive_format}{\/ref}","downloads_url":"https:\/\/api.github.com\/repos\/cowboy\/jquery-outside-events\/downloads","issues_url":"https:\/\/api.github.com\/repos\/cowboy\/jquery-outside-events\/issues{\/number}","pulls_url":"https:\/\/api.github.com\/repos\/cowboy\/jquery-outside-events\/pulls{\/number}","milestones_url":"https:\/\/api.github.com\/repos\/cowboy\/jquery-outside-events\/milestones{\/number}","notifications_url":"https:\/\/api.github.com\/repos\/cowboy\/jquery-outside-events\/notifications{?since,all,participating}","labels_url":"https:\/\/api.github.com\/repos\/cowboy\/jquery-outside-events\/labels{\/name}","releases_url":"https:\/\/api.github.com\/repos\/cowboy\/jquery-outside-events\/releases{\/id}","deployments_url":"https:\/\/api.github.com\/repos\/cowboy\/jquery-outside-events\/deployments","created_at":"2010-02-27T19:56:14Z","updated_at":"2019-01-23T22:10:28Z","pushed_at":"2016-04-03T09:27:45Z","git_url":"git:\/\/github.com\/cowboy\/jquery-outside-events.git","ssh_url":"git@github.com:cowboy\/jquery-outside-events.git","clone_url":"https:\/\/github.com\/cowboy\/jquery-outside-events.git","svn_url":"https:\/\/github.com\/cowboy\/jquery-outside-events","homepage":"http:\/\/benalman.com\/projects\/jquery-clickoutside-plugin\/","size":320,"stargazers_count":236,"watchers_count":236,"language":"JavaScript","has_issues":true,"has_projects":true,"has_downloads":true,"has_wiki":true,"has_pages":false,"forks_count":44,"mirror_url":null,"archived":false,"open_issues_count":10,"license":{"key":"other","name":"Other","spdx_id":"NOASSERTION","url":null,"node_id":"MDc6TGljZW5zZTA="},"forks":44,"open_issues":10,"watchers":236,"default_branch":"master","score":49.76392},{"id":124265580,"node_id":"MDEwOlJlcG9zaXRvcnkxMjQyNjU1ODA=","name":"Viewpager-Transformation","full_name":"dipanshukr\/Viewpager-Transformation","private":false,"owner":{"login":"dipanshukr","id":29334373,"node_id":"MDQ6VXNlcjI5MzM0Mzcz","avatar_url":"https:\/\/avatars3.githubusercontent.com\/u\/29334373?v=4","gravatar_id":"","url":"https:\/\/api.github.com\/users\/dipanshukr","html_url":"https:\/\/github.com\/dipanshukr","followers_url":"https:\/\/api.github.com\/users\/dipanshukr\/followers","following_url":"https:\/\/api.github.com\/users\/dipanshukr\/following{\/other_user}","gists_url":"https:\/\/api.github.com\/users\/dipanshukr\/gists{\/gist_id}","starred_url":"https:\/\/api.github.com\/users\/dipanshukr\/starred{\/owner}{\/repo}","subscriptions_url":"https:\/\/api.github.com\/users\/dipanshukr\/subscriptions","organizations_url":"https:\/\/api.github.com\/users\/dipanshukr\/orgs","repos_url":"https:\/\/api.github.com\/users\/dipanshukr\/repos","events_url":"https:\/\/api.github.com\/users\/dipanshukr\/events{\/privacy}","received_events_url":"https:\/\/api.github.com\/users\/dipanshukr\/received_events","type":"User","site_admin":false},"html_url":"https:\/\/github.com\/dipanshukr\/Viewpager-Transformation","description":"Why use dependencies when you create your own transformations for Viewpager ?","fork":false,"url":"https:\/\/api.github.com\/repos\/dipanshukr\/Viewpager-Transformation","forks_url":"https:\/\/api.github.com\/repos\/dipanshukr\/Viewpager-Transformation\/forks","keys_url":"https:\/\/api.github.com\/repos\/dipanshukr\/Viewpager-Transformation\/keys{\/key_id}","collaborators_url":"https:\/\/api.github.com\/repos\/dipanshukr\/Viewpager-Transformation\/collaborators{\/collaborator}","teams_url":"https:\/\/api.github.com\/repos\/dipanshukr\/Viewpager-Transformation\/teams","hooks_url":"https:\/\/api.github.com\/repos\/dipanshukr\/Viewpager-Transformation\/hooks","issue_events_url":"https:\/\/api.github.com\/repos\/dipanshukr\/Viewpager-Transformation\/issues\/events{\/number}","events_url":"https:\/\/api.github.com\/repos\/dipanshukr\/Viewpager-Transformation\/events","assignees_url":"https:\/\/api.github.com\/repos\/dipanshukr\/Viewpager-Transformation\/assignees{\/user}","branches_url":"https:\/\/api.github.com\/repos\/dipanshukr\/Viewpager-Transformation\/branches{\/branch}","tags_url":"https:\/\/api.github.com\/repos\/dipanshukr\/Viewpager-Transformation\/tags","blobs_url":"https:\/\/api.github.com\/repos\/dipanshukr\/Viewpager-Transformation\/git\/blobs{\/sha}","git_tags_url":"https:\/\/api.github.com\/repos\/dipanshukr\/Viewpager-Transformation\/git\/tags{\/sha}","git_refs_url":"https:\/\/api.github.com\/repos\/dipanshukr\/Viewpager-Transformation\/git\/refs{\/sha}","trees_url":"https:\/\/api.github.com\/repos\/dipanshukr\/Viewpager-Transformation\/git\/trees{\/sha}","statuses_url":"https:\/\/api.github.com\/repos\/dipanshukr\/Viewpager-Transformation\/statuses\/{sha}","languages_url":"https:\/\/api.github.com\/repos\/dipanshukr\/Viewpager-Transformation\/languages","stargazers_url":"https:\/\/api.github.com\/repos\/dipanshukr\/Viewpager-Transformation\/stargazers","contributors_url":"https:\/\/api.github.com\/repos\/dipanshukr\/Viewpager-Transformation\/contributors","subscribers_url":"https:\/\/api.github.com\/repos\/dipanshukr\/Viewpager-Transformation\/subscribers","subscription_url":"https:\/\/api.github.com\/repos\/dipanshukr\/Viewpager-Transformation\/subscription","commits_url":"https:\/\/api.github.com\/repos\/dipanshukr\/Viewpager-Transformation\/commits{\/sha}","git_commits_url":"https:\/\/api.github.com\/repos\/dipanshukr\/Viewpager-Transformation\/git\/commits{\/sha}","comments_url":"https:\/\/api.github.com\/repos\/dipanshukr\/Viewpager-Transformation\/comments{\/number}","issue_comment_url":"https:\/\/api.github.com\/repos\/dipanshukr\/Viewpager-Transformation\/issues\/comments{\/number}","contents_url":"https:\/\/api.github.com\/repos\/dipanshukr\/Viewpager-Transformation\/contents\/{+path}","compare_url":"https:\/\/api.github.com\/repos\/dipanshukr\/Viewpager-Transformation\/compare\/{base}...{head}","merges_url":"https:\/\/api.github.com\/repos\/dipanshukr\/Viewpager-Transformation\/merges","archive_url":"https:\/\/api.github.com\/repos\/dipanshukr\/Viewpager-Transformation\/{archive_format}{\/ref}","downloads_url":"https:\/\/api.github.com\/repos\/dipanshukr\/Viewpager-Transformation\/downloads","issues_url":"https:\/\/api.github.com\/repos\/dipanshukr\/Viewpager-Transformation\/issues{\/number}","pulls_url":"https:\/\/api.github.com\/repos\/dipanshukr\/Viewpager-Transformation\/pulls{\/number}","milestones_url":"https:\/\/api.github.com\/repos\/dipanshukr\/Viewpager-Transformation\/milestones{\/number}","notifications_url":"https:\/\/api.github.com\/repos\/dipanshukr\/Viewpager-Transformation\/notifications{?since,all,participating}","labels_url":"https:\/\/api.github.com\/repos\/dipanshukr\/Viewpager-Transformation\/labels{\/name}","releases_url":"https:\/\/api.github.com\/repos\/dipanshukr\/Viewpager-Transformation\/releases{\/id}","deployments_url":"https:\/\/api.github.com\/repos\/dipanshukr\/Viewpager-Transformation\/deployments","created_at":"2018-03-07T16:45:42Z","updated_at":"2019-01-27T11:19:10Z","pushed_at":"2018-06-21T07:17:59Z","git_url":"git:\/\/github.com\/dipanshukr\/Viewpager-Transformation.git","ssh_url":"git@github.com:dipanshukr\/Viewpager-Transformation.git","clone_url":"https:\/\/github.com\/dipanshukr\/Viewpager-Transformation.git","svn_url":"https:\/\/github.com\/dipanshukr\/Viewpager-Transformation","homepage":"","size":181654,"stargazers_count":230,"watchers_count":230,"language":"Java","has_issues":true,"has_projects":true,"has_downloads":true,"has_wiki":true,"has_pages":true,"forks_count":44,"mirror_url":null,"archived":false,"open_issues_count":1,"license":null,"forks":44,"open_issues":1,"watchers":230,"default_branch":"master","score":49.984024},{"id":17420185,"node_id":"MDEwOlJlcG9zaXRvcnkxNzQyMDE4NQ==","name":"enemy-of-the-state","full_name":"jspahrsummers\/enemy-of-the-state","private":false,"owner":{"login":"jspahrsummers","id":432536,"node_id":"MDQ6VXNlcjQzMjUzNg==","avatar_url":"https:\/\/avatars0.githubusercontent.com\/u\/432536?v=4","gravatar_id":"","url":"https:\/\/api.github.com\/users\/jspahrsummers","html_url":"https:\/\/github.com\/jspahrsummers","followers_url":"https:\/\/api.github.com\/users\/jspahrsummers\/followers","following_url":"https:\/\/api.github.com\/users\/jspahrsummers\/following{\/other_user}","gists_url":"https:\/\/api.github.com\/users\/jspahrsummers\/gists{\/gist_id}","starred_url":"https:\/\/api.github.com\/users\/jspahrsummers\/starred{\/owner}{\/repo}","subscriptions_url":"https:\/\/api.github.com\/users\/jspahrsummers\/subscriptions","organizations_url":"https:\/\/api.github.com\/users\/jspahrsummers\/orgs","repos_url":"https:\/\/api.github.com\/users\/jspahrsummers\/repos","events_url":"https:\/\/api.github.com\/users\/jspahrsummers\/events{\/privacy}","received_events_url":"https:\/\/api.github.com\/users\/jspahrsummers\/received_events","type":"User","site_admin":false},"html_url":"https:\/\/github.com\/jspahrsummers\/enemy-of-the-state","description":"My talk explaining what state is and why it's so harmful","fork":false,"url":"https:\/\/api.github.com\/repos\/jspahrsummers\/enemy-of-the-state","forks_url":"https:\/\/api.github.com\/repos\/jspahrsummers\/enemy-of-the-state\/forks","keys_url":"https:\/\/api.github.com\/repos\/jspahrsummers\/enemy-of-the-state\/keys{\/key_id}","collaborators_url":"https:\/\/api.github.com\/repos\/jspahrsummers\/enemy-of-the-state\/collaborators{\/collaborator}","teams_url":"https:\/\/api.github.com\/repos\/jspahrsummers\/enemy-of-the-state\/teams","hooks_url":"https:\/\/api.github.com\/repos\/jspahrsummers\/enemy-of-the-state\/hooks","issue_events_url":"https:\/\/api.github.com\/repos\/jspahrsummers\/enemy-of-the-state\/issues\/events{\/number}","events_url":"https:\/\/api.github.com\/repos\/jspahrsummers\/enemy-of-the-state\/events","assignees_url":"https:\/\/api.github.com\/repos\/jspahrsummers\/enemy-of-the-state\/assignees{\/user}","branches_url":"https:\/\/api.github.com\/repos\/jspahrsummers\/enemy-of-the-state\/branches{\/branch}","tags_url":"https:\/\/api.github.com\/repos\/jspahrsummers\/enemy-of-the-state\/tags","blobs_url":"https:\/\/api.github.com\/repos\/jspahrsummers\/enemy-of-the-state\/git\/blobs{\/sha}","git_tags_url":"https:\/\/api.github.com\/repos\/jspahrsummers\/enemy-of-the-state\/git\/tags{\/sha}","git_refs_url":"https:\/\/api.github.com\/repos\/jspahrsummers\/enemy-of-the-state\/git\/refs{\/sha}","trees_url":"https:\/\/api.github.com\/repos\/jspahrsummers\/enemy-of-the-state\/git\/trees{\/sha}","statuses_url":"https:\/\/api.github.com\/repos\/jspahrsummers\/enemy-of-the-state\/statuses\/{sha}","languages_url":"https:\/\/api.github.com\/repos\/jspahrsummers\/enemy-of-the-state\/languages","stargazers_url":"https:\/\/api.github.com\/repos\/jspahrsummers\/enemy-of-the-state\/stargazers","contributors_url":"https:\/\/api.github.com\/repos\/jspahrsummers\/enemy-of-the-state\/contributors","subscribers_url":"https:\/\/api.github.com\/repos\/jspahrsummers\/enemy-of-the-state\/subscribers","subscription_url":"https:\/\/api.github.com\/repos\/jspahrsummers\/enemy-of-the-state\/subscription","commits_url":"https:\/\/api.github.com\/repos\/jspahrsummers\/enemy-of-the-state\/commits{\/sha}","git_commits_url":"https:\/\/api.github.com\/repos\/jspahrsummers\/enemy-of-the-state\/git\/commits{\/sha}","comments_url":"https:\/\/api.github.com\/repos\/jspahrsummers\/enemy-of-the-state\/comments{\/number}","issue_comment_url":"https:\/\/api.github.com\/repos\/jspahrsummers\/enemy-of-the-state\/issues\/comments{\/number}","contents_url":"https:\/\/api.github.com\/repos\/jspahrsummers\/enemy-of-the-state\/contents\/{+path}","compare_url":"https:\/\/api.github.com\/repos\/jspahrsummers\/enemy-of-the-state\/compare\/{base}...{head}","merges_url":"https:\/\/api.github.com\/repos\/jspahrsummers\/enemy-of-the-state\/merges","archive_url":"https:\/\/api.github.com\/repos\/jspahrsummers\/enemy-of-the-state\/{archive_format}{\/ref}","downloads_url":"https:\/\/api.github.com\/repos\/jspahrsummers\/enemy-of-the-state\/downloads","issues_url":"https:\/\/api.github.com\/repos\/jspahrsummers\/enemy-of-the-state\/issues{\/number}","pulls_url":"https:\/\/api.github.com\/repos\/jspahrsummers\/enemy-of-the-state\/pulls{\/number}","milestones_url":"https:\/\/api.github.com\/repos\/jspahrsummers\/enemy-of-the-state\/milestones{\/number}","notifications_url":"https:\/\/api.github.com\/repos\/jspahrsummers\/enemy-of-the-state\/notifications{?since,all,participating}","labels_url":"https:\/\/api.github.com\/repos\/jspahrsummers\/enemy-of-the-state\/labels{\/name}","releases_url":"https:\/\/api.github.com\/repos\/jspahrsummers\/enemy-of-the-state\/releases{\/id}","deployments_url":"https:\/\/api.github.com\/repos\/jspahrsummers\/enemy-of-the-state\/deployments","created_at":"2014-03-04T22:49:56Z","updated_at":"2018-12-26T21:07:06Z","pushed_at":"2017-07-26T14:26:39Z","git_url":"git:\/\/github.com\/jspahrsummers\/enemy-of-the-state.git","ssh_url":"git@github.com:jspahrsummers\/enemy-of-the-state.git","clone_url":"https:\/\/github.com\/jspahrsummers\/enemy-of-the-state.git","svn_url":"https:\/\/github.com\/jspahrsummers\/enemy-of-the-state","homepage":"","size":46901,"stargazers_count":208,"watchers_count":208,"language":"Swift","has_issues":true,"has_projects":true,"has_downloads":true,"has_wiki":false,"has_pages":false,"forks_count":16,"mirror_url":null,"archived":false,"open_issues_count":1,"license":{"key":"other","name":"Other","spdx_id":"NOASSERTION","url":null,"node_id":"MDc6TGljZW5zZTA="},"forks":16,"open_issues":1,"watchers":208,"default_branch":"master","score":42.186943},{"id":93794235,"node_id":"MDEwOlJlcG9zaXRvcnk5Mzc5NDIzNQ==","name":"drop_watch","full_name":"pavel-odintsov\/drop_watch","private":false,"owner":{"login":"pavel-odintsov","id":2744166,"node_id":"MDQ6VXNlcjI3NDQxNjY=","avatar_url":"https:\/\/avatars0.githubusercontent.com\/u\/2744166?v=4","gravatar_id":"","url":"https:\/\/api.github.com\/users\/pavel-odintsov","html_url":"https:\/\/github.com\/pavel-odintsov","followers_url":"https:\/\/api.github.com\/users\/pavel-odintsov\/followers","following_url":"https:\/\/api.github.com\/users\/pavel-odintsov\/following{\/other_user}","gists_url":"https:\/\/api.github.com\/users\/pavel-odintsov\/gists{\/gist_id}","starred_url":"https:\/\/api.github.com\/users\/pavel-odintsov\/starred{\/owner}{\/repo}","subscriptions_url":"https:\/\/api.github.com\/users\/pavel-odintsov\/subscriptions","organizations_url":"https:\/\/api.github.com\/users\/pavel-odintsov\/orgs","repos_url":"https:\/\/api.github.com\/users\/pavel-odintsov\/repos","events_url":"https:\/\/api.github.com\/users\/pavel-odintsov\/events{\/privacy}","received_events_url":"https:\/\/api.github.com\/users\/pavel-odintsov\/received_events","type":"User","site_admin":false},"html_url":"https:\/\/github.com\/pavel-odintsov\/drop_watch","description":"Monitor reasons why and where linux drops UDP packets","fork":false,"url":"https:\/\/api.github.com\/repos\/pavel-odintsov\/drop_watch","forks_url":"https:\/\/api.github.com\/repos\/pavel-odintsov\/drop_watch\/forks","keys_url":"https:\/\/api.github.com\/repos\/pavel-odintsov\/drop_watch\/keys{\/key_id}","collaborators_url":"https:\/\/api.github.com\/repos\/pavel-odintsov\/drop_watch\/collaborators{\/collaborator}","teams_url":"https:\/\/api.github.com\/repos\/pavel-odintsov\/drop_watch\/teams","hooks_url":"https:\/\/api.github.com\/repos\/pavel-odintsov\/drop_watch\/hooks","issue_events_url":"https:\/\/api.github.com\/repos\/pavel-odintsov\/drop_watch\/issues\/events{\/number}","events_url":"https:\/\/api.github.com\/repos\/pavel-odintsov\/drop_watch\/events","assignees_url":"https:\/\/api.github.com\/repos\/pavel-odintsov\/drop_watch\/assignees{\/user}","branches_url":"https:\/\/api.github.com\/repos\/pavel-odintsov\/drop_watch\/branches{\/branch}","tags_url":"https:\/\/api.github.com\/repos\/pavel-odintsov\/drop_watch\/tags","blobs_url":"https:\/\/api.github.com\/repos\/pavel-odintsov\/drop_watch\/git\/blobs{\/sha}","git_tags_url":"https:\/\/api.github.com\/repos\/pavel-odintsov\/drop_watch\/git\/tags{\/sha}","git_refs_url":"https:\/\/api.github.com\/repos\/pavel-odintsov\/drop_watch\/git\/refs{\/sha}","trees_url":"https:\/\/api.github.com\/repos\/pavel-odintsov\/drop_watch\/git\/trees{\/sha}","statuses_url":"https:\/\/api.github.com\/repos\/pavel-odintsov\/drop_watch\/statuses\/{sha}","languages_url":"https:\/\/api.github.com\/repos\/pavel-odintsov\/drop_watch\/languages","stargazers_url":"https:\/\/api.github.com\/repos\/pavel-odintsov\/drop_watch\/stargazers","contributors_url":"https:\/\/api.github.com\/repos\/pavel-odintsov\/drop_watch\/contributors","subscribers_url":"https:\/\/api.github.com\/repos\/pavel-odintsov\/drop_watch\/subscribers","subscription_url":"https:\/\/api.github.com\/repos\/pavel-odintsov\/drop_watch\/subscription","commits_url":"https:\/\/api.github.com\/repos\/pavel-odintsov\/drop_watch\/commits{\/sha}","git_commits_url":"https:\/\/api.github.com\/repos\/pavel-odintsov\/drop_watch\/git\/commits{\/sha}","comments_url":"https:\/\/api.github.com\/repos\/pavel-odintsov\/drop_watch\/comments{\/number}","issue_comment_url":"https:\/\/api.github.com\/repos\/pavel-odintsov\/drop_watch\/issues\/comments{\/number}","contents_url":"https:\/\/api.github.com\/repos\/pavel-odintsov\/drop_watch\/contents\/{+path}","compare_url":"https:\/\/api.github.com\/repos\/pavel-odintsov\/drop_watch\/compare\/{base}...{head}","merges_url":"https:\/\/api.github.com\/repos\/pavel-odintsov\/drop_watch\/merges","archive_url":"https:\/\/api.github.com\/repos\/pavel-odintsov\/drop_watch\/{archive_format}{\/ref}","downloads_url":"https:\/\/api.github.com\/repos\/pavel-odintsov\/drop_watch\/downloads","issues_url":"https:\/\/api.github.com\/repos\/pavel-odintsov\/drop_watch\/issues{\/number}","pulls_url":"https:\/\/api.github.com\/repos\/pavel-odintsov\/drop_watch\/pulls{\/number}","milestones_url":"https:\/\/api.github.com\/repos\/pavel-odintsov\/drop_watch\/milestones{\/number}","notifications_url":"https:\/\/api.github.com\/repos\/pavel-odintsov\/drop_watch\/notifications{?since,all,participating}","labels_url":"https:\/\/api.github.com\/repos\/pavel-odintsov\/drop_watch\/labels{\/name}","releases_url":"https:\/\/api.github.com\/repos\/pavel-odintsov\/drop_watch\/releases{\/id}","deployments_url":"https:\/\/api.github.com\/repos\/pavel-odintsov\/drop_watch\/deployments","created_at":"2017-06-08T21:43:00Z","updated_at":"2019-01-28T14:39:16Z","pushed_at":"2017-10-12T20:13:24Z","git_url":"git:\/\/github.com\/pavel-odintsov\/drop_watch.git","ssh_url":"git@github.com:pavel-odintsov\/drop_watch.git","clone_url":"https:\/\/github.com\/pavel-odintsov\/drop_watch.git","svn_url":"https:\/\/github.com\/pavel-odintsov\/drop_watch","homepage":"","size":153,"stargazers_count":183,"watchers_count":183,"language":"C","has_issues":true,"has_projects":true,"has_downloads":true,"has_wiki":true,"has_pages":false,"forks_count":20,"mirror_url":null,"archived":false,"open_issues_count":0,"license":{"key":"gpl-2.0","name":"GNU General Public License v2.0","spdx_id":"GPL-2.0","url":"https:\/\/api.github.com\/licenses\/gpl-2.0","node_id":"MDc6TGljZW5zZTg="},"forks":20,"open_issues":0,"watchers":183,"default_branch":"master","score":53.153713}] [] []
[2019-01-29 13:45:20] name.WARNING: Array [] []
[2019-01-29 13:45:20] name.WARNING: [{"id":58605580,"node_id":"MDEwOlJlcG9zaXRvcnk1ODYwNTU4MA==","name":"why-did-you-update","full_name":"garbles\/why-did-you-update","private":false,"owner":{"login":"garbles","id":1139884,"node_id":"MDQ6VXNlcjExMzk4ODQ=","avatar_url":"https:\/\/avatars1.githubusercontent.com\/u\/1139884?v=4","gravatar_id":"","url":"https:\/\/api.github.com\/users\/garbles","html_url":"https:\/\/github.com\/garbles","followers_url":"https:\/\/api.github.com\/users\/garbles\/followers","following_url":"https:\/\/api.github.com\/users\/garbles\/following{\/other_user}","gists_url":"https:\/\/api.github.com\/users\/garbles\/gists{\/gist_id}","starred_url":"https:\/\/api.github.com\/users\/garbles\/starred{\/owner}{\/repo}","subscriptions_url":"https:\/\/api.github.com\/users\/garbles\/subscriptions","organizations_url":"https:\/\/api.github.com\/users\/garbles\/orgs","repos_url":"https:\/\/api.github.com\/users\/garbles\/repos","events_url":"https:\/\/api.github.com\/users\/garbles\/events{\/privacy}","received_events_url":"https:\/\/api.github.com\/users\/garbles\/received_events","type":"User","site_admin":false},"html_url":"https:\/\/github.com\/garbles\/why-did-you-update","description":":boom: Puts your console on blast when React is making unnecessary updates.","fork":false,"url":"https:\/\/api.github.com\/repos\/garbles\/why-did-you-update","forks_url":"https:\/\/api.github.com\/repos\/garbles\/why-did-you-update\/forks","keys_url":"https:\/\/api.github.com\/repos\/garbles\/why-did-you-update\/keys{\/key_id}","collaborators_url":"https:\/\/api.github.com\/repos\/garbles\/why-did-you-update\/collaborators{\/collaborator}","teams_url":"https:\/\/api.github.com\/repos\/garbles\/why-did-you-update\/teams","hooks_url":"https:\/\/api.github.com\/repos\/garbles\/why-did-you-update\/hooks","issue_events_url":"https:\/\/api.github.com\/repos\/garbles\/why-did-you-update\/issues\/events{\/number}","events_url":"https:\/\/api.github.com\/repos\/garbles\/why-did-you-update\/events","assignees_url":"https:\/\/api.github.com\/repos\/garbles\/why-did-you-update\/assignees{\/user}","branches_url":"https:\/\/api.github.com\/repos\/garbles\/why-did-you-update\/branches{\/branch}","tags_url":"https:\/\/api.github.com\/repos\/garbles\/why-did-you-update\/tags","blobs_url":"https:\/\/api.github.com\/repos\/garbles\/why-did-you-update\/git\/blobs{\/sha}","git_tags_url":"https:\/\/api.github.com\/repos\/garbles\/why-did-you-update\/git\/tags{\/sha}","git_refs_url":"https:\/\/api.github.com\/repos\/garbles\/why-did-you-update\/git\/refs{\/sha}","trees_url":"https:\/\/api.github.com\/repos\/garbles\/why-did-you-update\/git\/trees{\/sha}","statuses_url":"https:\/\/api.github.com\/repos\/garbles\/why-did-you-update\/statuses\/{sha}","languages_url":"https:\/\/api.github.com\/repos\/garbles\/why-did-you-update\/languages","stargazers_url":"https:\/\/api.github.com\/repos\/garbles\/why-did-you-update\/stargazers","contributors_url":"https:\/\/api.github.com\/repos\/garbles\/why-did-you-update\/contributors","subscribers_url":"https:\/\/api.github.com\/repos\/garbles\/why-did-you-update\/subscribers","subscription_url":"https:\/\/api.github.com\/repos\/garbles\/why-did-you-update\/subscription","commits_url":"https:\/\/api.github.com\/repos\/garbles\/why-did-you-update\/commits{\/sha}","git_commits_url":"https:\/\/api.github.com\/repos\/garbles\/why-did-you-update\/git\/commits{\/sha}","comments_url":"https:\/\/api.github.com\/repos\/garbles\/why-did-you-update\/comments{\/number}","issue_comment_url":"https:\/\/api.github.com\/repos\/garbles\/why-did-you-update\/issues\/comments{\/number}","contents_url":"https:\/\/api.github.com\/repos\/garbles\/why-did-you-update\/contents\/{+path}","compare_url":"https:\/\/api.github.com\/repos\/garbles\/why-did-you-update\/compare\/{base}...{head}","merges_url":"https:\/\/api.github.com\/repos\/garbles\/why-did-you-update\/merges","archive_url":"https:\/\/api.github.com\/repos\/garbles\/why-did-you-update\/{archive_format}{\/ref}","downloads_url":"https:\/\/api.github.com\/repos\/garbles\/why-did-you-update\/downloads","issues_url":"https:\/\/api.github.com\/repos\/garbles\/why-did-you-update\/issues{\/number}","pulls_url":"https:\/\/api.github.com\/repos\/garbles\/why-did-you-update\/pulls{\/number}","milestones_url":"https:\/\/api.github.com\/repos\/garbles\/why-did-you-update\/milestones{\/number}","notifications_url":"https:\/\/api.github.com\/repos\/garbles\/why-did-you-update\/notifications{?since,all,participating}","labels_url":"https:\/\/api.github.com\/repos\/garbles\/why-did-you-update\/labels{\/name}","releases_url":"https:\/\/api.github.com\/repos\/garbles\/why-did-you-update\/releases{\/id}","deployments_url":"https:\/\/api.github.com\/repos\/garbles\/why-did-you-update\/deployments","created_at":"2016-05-12T03:49:06Z","updated_at":"2019-01-28T21:53:29Z","pushed_at":"2017-09-23T05:54:19Z","git_url":"git:\/\/github.com\/garbles\/why-did-you-update.git","ssh_url":"git@github.com:garbles\/why-did-you-update.git","clone_url":"https:\/\/github.com\/garbles\/why-did-you-update.git","svn_url":"https:\/\/github.com\/garbles\/why-did-you-update","homepage":null,"size":29,"stargazers_count":5177,"watchers_count":5177,"language":"JavaScript","has_issues":true,"has_projects":true,"has_downloads":true,"has_wiki":true,"has_pages":false,"forks_count":112,"mirror_url":null,"archived":true,"open_issues_count":28,"license":null,"forks":112,"open_issues":28,"watchers":5177,"default_branch":"master","score":102.16501},{"id":97779740,"node_id":"MDEwOlJlcG9zaXRvcnk5Nzc3OTc0MA==","name":"why-did-you-update","full_name":"maicki\/why-did-you-update","private":false,"owner":{"login":"maicki","id":25288,"node_id":"MDQ6VXNlcjI1Mjg4","avatar_url":"https:\/\/avatars1.githubusercontent.com\/u\/25288?v=4","gravatar_id":"","url":"https:\/\/api.github.com\/users\/maicki","html_url":"https:\/\/github.com\/maicki","followers_url":"https:\/\/api.github.com\/users\/maicki\/followers","following_url":"https:\/\/api.github.com\/users\/maicki\/following{\/other_user}","gists_url":"https:\/\/api.github.com\/users\/maicki\/gists{\/gist_id}","starred_url":"https:\/\/api.github.com\/users\/maicki\/starred{\/owner}{\/repo}","subscriptions_url":"https:\/\/api.github.com\/users\/maicki\/subscriptions","organizations_url":"https:\/\/api.github.com\/users\/maicki\/orgs","repos_url":"https:\/\/api.github.com\/users\/maicki\/repos","events_url":"https:\/\/api.github.com\/users\/maicki\/events{\/privacy}","received_events_url":"https:\/\/api.github.com\/users\/maicki\/received_events","type":"User","site_admin":false},"html_url":"https:\/\/github.com\/maicki\/why-did-you-update","description":":boom: Puts your console on blast when React is making unnecessary updates.","fork":false,"url":"https:\/\/api.github.com\/repos\/maicki\/why-did-you-update","forks_url":"https:\/\/api.github.com\/repos\/maicki\/why-did-you-update\/forks","keys_url":"https:\/\/api.github.com\/repos\/maicki\/why-did-you-update\/keys{\/key_id}","collaborators_url":"https:\/\/api.github.com\/repos\/maicki\/why-did-you-update\/collaborators{\/collaborator}","teams_url":"https:\/\/api.github.com\/repos\/maicki\/why-did-you-update\/teams","hooks_url":"https:\/\/api.github.com\/repos\/maicki\/why-did-you-update\/hooks","issue_events_url":"https:\/\/api.github.com\/repos\/maicki\/why-did-you-update\/issues\/events{\/number}","events_url":"https:\/\/api.github.com\/repos\/maicki\/why-did-you-update\/events","assignees_url":"https:\/\/api.github.com\/repos\/maicki\/why-did-you-update\/assignees{\/user}","branches_url":"https:\/\/api.github.com\/repos\/maicki\/why-did-you-update\/branches{\/branch}","tags_url":"https:\/\/api.github.com\/repos\/maicki\/why-did-you-update\/tags","blobs_url":"https:\/\/api.github.com\/repos\/maicki\/why-did-you-update\/git\/blobs{\/sha}","git_tags_url":"https:\/\/api.github.com\/repos\/maicki\/why-did-you-update\/git\/tags{\/sha}","git_refs_url":"https:\/\/api.github.com\/repos\/maicki\/why-did-you-update\/git\/refs{\/sha}","trees_url":"https:\/\/api.github.com\/repos\/maicki\/why-did-you-update\/git\/trees{\/sha}","statuses_url":"https:\/\/api.github.com\/repos\/maicki\/why-did-you-update\/statuses\/{sha}","languages_url":"https:\/\/api.github.com\/repos\/maicki\/why-did-you-update\/languages","stargazers_url":"https:\/\/api.github.com\/repos\/maicki\/why-did-you-update\/stargazers","contributors_url":"https:\/\/api.github.com\/repos\/maicki\/why-did-you-update\/contributors","subscribers_url":"https:\/\/api.github.com\/repos\/maicki\/why-did-you-update\/subscribers","subscription_url":"https:\/\/api.github.com\/repos\/maicki\/why-did-you-update\/subscription","commits_url":"https:\/\/api.github.com\/repos\/maicki\/why-did-you-update\/commits{\/sha}","git_commits_url":"https:\/\/api.github.com\/repos\/maicki\/why-did-you-update\/git\/commits{\/sha}","comments_url":"https:\/\/api.github.com\/repos\/maicki\/why-did-you-update\/comments{\/number}","issue_comment_url":"https:\/\/api.github.com\/repos\/maicki\/why-did-you-update\/issues\/comments{\/number}","contents_url":"https:\/\/api.github.com\/repos\/maicki\/why-did-you-update\/contents\/{+path}","compare_url":"https:\/\/api.github.com\/repos\/maicki\/why-did-you-update\/compare\/{base}...{head}","merges_url":"https:\/\/api.github.com\/repos\/maicki\/why-did-you-update\/merges","archive_url":"https:\/\/api.github.com\/repos\/maicki\/why-did-you-update\/{archive_format}{\/ref}","downloads_url":"https:\/\/api.github.com\/repos\/maicki\/why-did-you-update\/downloads","issues_url":"https:\/\/api.github.com\/repos\/maicki\/why-did-you-update\/issues{\/number}","pulls_url":"https:\/\/api.github.com\/repos\/maicki\/why-did-you-update\/pulls{\/number}","milestones_url":"https:\/\/api.github.com\/repos\/maicki\/why-did-you-update\/milestones{\/number}","notifications_url":"https:\/\/api.github.com\/repos\/maicki\/why-did-you-update\/notifications{?since,all,participating}","labels_url":"https:\/\/api.github.com\/repos\/maicki\/why-did-you-update\/labels{\/name}","releases_url":"https:\/\/api.github.com\/repos\/maicki\/why-did-you-update\/releases{\/id}","deployments_url":"https:\/\/api.github.com\/repos\/maicki\/why-did-you-update\/deployments","created_at":"2017-07-20T02:06:12Z","updated_at":"2019-01-29T05:37:27Z","pushed_at":"2018-12-13T16:41:38Z","git_url":"git:\/\/github.com\/maicki\/why-did-you-update.git","ssh_url":"git@github.com:maicki\/why-did-you-update.git","clone_url":"https:\/\/github.com\/maicki\/why-did-you-update.git","svn_url":"https:\/\/github.com\/maicki\/why-did-you-update","homepage":null,"size":1349,"stargazers_count":3040,"watchers_count":3040,"language":"JavaScript","has_issues":true,"has_projects":true,"has_downloads":true,"has_wiki":true,"has_pages":false,"forks_count":89,"mirror_url":null,"archived":false,"open_issues_count":4,"license":{"key":"mit","name":"MIT License","spdx_id":"MIT","url":"https:\/\/api.github.com\/licenses\/mit","node_id":"MDc6TGljZW5zZTEz"},"forks":89,"open_issues":4,"watchers":3040,"default_branch":"master","score":97.46021},{"id":47007090,"node_id":"MDEwOlJlcG9zaXRvcnk0NzAwNzA5MA==","name":"react-native-nba-app","full_name":"wwayne\/react-native-nba-app","private":false,"owner":{"login":"wwayne","id":5305874,"node_id":"MDQ6VXNlcjUzMDU4NzQ=","avatar_url":"https:\/\/avatars1.githubusercontent.com\/u\/5305874?v=4","gravatar_id":"","url":"https:\/\/api.github.com\/users\/wwayne","html_url":"https:\/\/github.com\/wwayne","followers_url":"https:\/\/api.github.com\/users\/wwayne\/followers","following_url":"https:\/\/api.github.com\/users\/wwayne\/following{\/other_user}","gists_url":"https:\/\/api.github.com\/users\/wwayne\/gists{\/gist_id}","starred_url":"https:\/\/api.github.com\/users\/wwayne\/starred{\/owner}{\/repo}","subscriptions_url":"https:\/\/api.github.com\/users\/wwayne\/subscriptions","organizations_url":"https:\/\/api.github.com\/users\/wwayne\/orgs","repos_url":"https:\/\/api.github.com\/users\/wwayne\/repos","events_url":"https:\/\/api.github.com\/users\/wwayne\/events{\/privacy}","received_events_url":"https:\/\/api.github.com\/users\/wwayne\/received_events","type":"User","site_admin":false},"html_url":"https:\/\/github.com\/wwayne\/react-native-nba-app","description":"This is why we play","fork":false,"url":"https:\/\/api.github.com\/repos\/wwayne\/react-native-nba-app","forks_url":"https:\/\/api.github.com\/repos\/wwayne\/react-native-nba-app\/forks","keys_url":"https:\/\/api.github.com\/repos\/wwayne\/react-native-nba-app\/keys{\/key_id}","collaborators_url":"https:\/\/api.github.com\/repos\/wwayne\/react-native-nba-app\/collaborators{\/collaborator}","teams_url":"https:\/\/api.github.com\/repos\/wwayne\/react-native-nba-app\/teams","hooks_url":"https:\/\/api.github.com\/repos\/wwayne\/react-native-nba-app\/hooks","issue_events_url":"https:\/\/api.github.com\/repos\/wwayne\/react-native-nba-app\/issues\/events{\/number}","events_url":"https:\/\/api.github.com\/repos\/wwayne\/react-native-nba-app\/events","assignees_url":"https:\/\/api.github.com\/repos\/wwayne\/react-native-nba-app\/assignees{\/user}","branches_url":"https:\/\/api.github.com\/repos\/wwayne\/react-native-nba-app\/branches{\/branch}","tags_url":"https:\/\/api.github.com\/repos\/wwayne\/react-native-nba-app\/tags","blobs_url":"https:\/\/api.github.com\/repos\/wwayne\/react-native-nba-app\/git\/blobs{\/sha}","git_tags_url":"https:\/\/api.github.com\/repos\/wwayne\/react-native-nba-app\/git\/tags{\/sha}","git_refs_url":"https:\/\/api.github.com\/repos\/wwayne\/react-native-nba-app\/git\/refs{\/sha}","trees_url":"https:\/\/api.github.com\/repos\/wwayne\/react-native-nba-app\/git\/trees{\/sha}","statuses_url":"https:\/\/api.github.com\/repos\/wwayne\/react-native-nba-app\/statuses\/{sha}","languages_url":"https:\/\/api.github.com\/repos\/wwayne\/react-native-nba-app\/languages","stargazers_url":"https:\/\/api.github.com\/repos\/wwayne\/react-native-nba-app\/stargazers","contributors_url":"https:\/\/api.github.com\/repos\/wwayne\/react-native-nba-app\/contributors","subscribers_url":"https:\/\/api.github.com\/repos\/wwayne\/react-native-nba-app\/subscribers","subscription_url":"https:\/\/api.github.com\/repos\/wwayne\/react-native-nba-app\/subscription","commits_url":"https:\/\/api.github.com\/repos\/wwayne\/react-native-nba-app\/commits{\/sha}","git_commits_url":"https:\/\/api.github.com\/repos\/wwayne\/react-native-nba-app\/git\/commits{\/sha}","comments_url":"https:\/\/api.github.com\/repos\/wwayne\/react-native-nba-app\/comments{\/number}","issue_comment_url":"https:\/\/api.github.com\/repos\/wwayne\/react-native-nba-app\/issues\/comments{\/number}","contents_url":"https:\/\/api.github.com\/repos\/wwayne\/react-native-nba-app\/contents\/{+path}","compare_url":"https:\/\/api.github.com\/repos\/wwayne\/react-native-nba-app\/compare\/{base}...{head}","merges_url":"https:\/\/api.github.com\/repos\/wwayne\/react-native-nba-app\/merges","archive_url":"https:\/\/api.github.com\/repos\/wwayne\/react-native-nba-app\/{archive_format}{\/ref}","downloads_url":"https:\/\/api.github.com\/repos\/wwayne\/react-native-nba-app\/downloads","issues_url":"https:\/\/api.github.com\/repos\/wwayne\/react-native-nba-app\/issues{\/number}","pulls_url":"https:\/\/api.github.com\/repos\/wwayne\/react-native-nba-app\/pulls{\/number}","milestones_url":"https:\/\/api.github.com\/repos\/wwayne\/react-native-nba-app\/milestones{\/number}","notifications_url":"https:\/\/api.github.com\/repos\/wwayne\/react-native-nba-app\/notifications{?since,all,participating}","labels_url":"https:\/\/api.github.com\/repos\/wwayne\/react-native-nba-app\/labels{\/name}","releases_url":"https:\/\/api.github.com\/repos\/wwayne\/react-native-nba-app\/releases{\/id}","deployments_url":"https:\/\/api.github.com\/repos\/wwayne\/react-native-nba-app\/deployments","created_at":"2015-11-28T02:30:45Z","updated_at":"2019-01-29T06:24:22Z","pushed_at":"2017-02-07T17:42:38Z","git_url":"git:\/\/github.com\/wwayne\/react-native-nba-app.git","ssh_url":"git@github.com:wwayne\/react-native-nba-app.git","clone_url":"https:\/\/github.com\/wwayne\/react-native-nba-app.git","svn_url":"https:\/\/github.com\/wwayne\/react-native-nba-app","homepage":"","size":2796,"stargazers_count":2073,"watchers_count":2073,"language":"Objective-C","has_issues":true,"has_projects":true,"has_downloads":true,"has_wiki":true,"has_pages":false,"forks_count":480,"mirror_url":null,"archived":false,"open_issues_count":8,"license":{"key":"mit","name":"MIT License","spdx_id":"MIT","url":"https:\/\/api.github.com\/licenses\/mit","node_id":"MDc6TGljZW5zZTEz"},"forks":480,"open_issues":8,"watchers":2073,"default_branch":"master","score":110.82973},{"id":17720394,"node_id":"MDEwOlJlcG9zaXRvcnkxNzcyMDM5NA==","name":"pyinstrument","full_name":"joerick\/pyinstrument","private":false,"owner":{"login":"joerick","id":1244307,"node_id":"MDQ6VXNlcjEyNDQzMDc=","avatar_url":"https:\/\/avatars1.githubusercontent.com\/u\/1244307?v=4","gravatar_id":"","url":"https:\/\/api.github.com\/users\/joerick","html_url":"https:\/\/github.com\/joerick","followers_url":"https:\/\/api.github.com\/users\/joerick\/followers","following_url":"https:\/\/api.github.com\/users\/joerick\/following{\/other_user}","gists_url":"https:\/\/api.github.com\/users\/joerick\/gists{\/gist_id}","starred_url":"https:\/\/api.github.com\/users\/joerick\/starred{\/owner}{\/repo}","subscriptions_url":"https:\/\/api.github.com\/users\/joerick\/subscriptions","organizations_url":"https:\/\/api.github.com\/users\/joerick\/orgs","repos_url":"https:\/\/api.github.com\/users\/joerick\/repos","events_url":"https:\/\/api.github.com\/users\/joerick\/events{\/privacy}","received_events_url":"https:\/\/api.github.com\/users\/joerick\/received_events","type":"User","site_admin":false},"html_url":"https:\/\/github.com\/joerick\/pyinstrument","description":"\ud83d\udeb4 Call stack profiler for Python. Shows you why your code is slow!","fork":false,"url":"https:\/\/api.github.com\/repos\/joerick\/pyinstrument","forks_url":"https:\/\/api.github.com\/repos\/joerick\/pyinstrument\/forks","keys_url":"https:\/\/api.github.com\/repos\/joerick\/pyinstrument\/keys{\/key_id}","collaborators_url":"https:\/\/api.github.com\/repos\/joerick\/pyinstrument\/collaborators{\/collaborator}","teams_url":"https:\/\/api.github.com\/repos\/joerick\/pyinstrument\/teams","hooks_url":"https:\/\/api.github.com\/repos\/joerick\/pyinstrument\/hooks","issue_events_url":"https:\/\/api.github.com\/repos\/joerick\/pyinstrument\/issues\/events{\/number}","events_url":"https:\/\/api.github.com\/repos\/joerick\/pyinstrument\/events","assignees_url":"https:\/\/api.github.com\/repos\/joerick\/pyinstrument\/assignees{\/user}","branches_url":"https:\/\/api.github.com\/repos\/joerick\/pyinstrument\/branches{\/branch}","tags_url":"https:\/\/api.github.com\/repos\/joerick\/pyinstrument\/tags","blobs_url":"https:\/\/api.github.com\/repos\/joerick\/pyinstrument\/git\/blobs{\/sha}","git_tags_url":"https:\/\/api.github.com\/repos\/joerick\/pyinstrument\/git\/tags{\/sha}","git_refs_url":"https:\/\/api.github.com\/repos\/joerick\/pyinstrument\/git\/refs{\/sha}","trees_url":"https:\/\/api.github.com\/repos\/joerick\/pyinstrument\/git\/trees{\/sha}","statuses_url":"https:\/\/api.github.com\/repos\/joerick\/pyinstrument\/statuses\/{sha}","languages_url":"https:\/\/api.github.com\/repos\/joerick\/pyinstrument\/languages","stargazers_url":"https:\/\/api.github.com\/repos\/joerick\/pyinstrument\/stargazers","contributors_url":"https:\/\/api.github.com\/repos\/joerick\/pyinstrument\/contributors","subscribers_url":"https:\/\/api.github.com\/repos\/joerick\/pyinstrument\/subscribers","subscription_url":"https:\/\/api.github.com\/repos\/joerick\/pyinstrument\/subscription","commits_url":"https:\/\/api.github.com\/repos\/joerick\/pyinstrument\/commits{\/sha}","git_commits_url":"https:\/\/api.github.com\/repos\/joerick\/pyinstrument\/git\/commits{\/sha}","comments_url":"https:\/\/api.github.com\/repos\/joerick\/pyinstrument\/comments{\/number}","issue_comment_url":"https:\/\/api.github.com\/repos\/joerick\/pyinstrument\/issues\/comments{\/number}","contents_url":"https:\/\/api.github.com\/repos\/joerick\/pyinstrument\/contents\/{+path}","compare_url":"https:\/\/api.github.com\/repos\/joerick\/pyinstrument\/compare\/{base}...{head}","merges_url":"https:\/\/api.github.com\/repos\/joerick\/pyinstrument\/merges","archive_url":"https:\/\/api.github.com\/repos\/joerick\/pyinstrument\/{archive_format}{\/ref}","downloads_url":"https:\/\/api.github.com\/repos\/joerick\/pyinstrument\/downloads","issues_url":"https:\/\/api.github.com\/repos\/joerick\/pyinstrument\/issues{\/number}","pulls_url":"https:\/\/api.github.com\/repos\/joerick\/pyinstrument\/pulls{\/number}","milestones_url":"https:\/\/api.github.com\/repos\/joerick\/pyinstrument\/milestones{\/number}","notifications_url":"https:\/\/api.github.com\/repos\/joerick\/pyinstrument\/notifications{?since,all,participating}","labels_url":"https:\/\/api.github.com\/repos\/joerick\/pyinstrument\/labels{\/name}","releases_url":"https:\/\/api.github.com\/repos\/joerick\/pyinstrument\/releases{\/id}","deployments_url":"https:\/\/api.github.com\/repos\/joerick\/pyinstrument\/deployments","created_at":"2014-03-13T17:53:13Z","updated_at":"2019-01-27T14:58:45Z","pushed_at":"2019-01-15T13:57:27Z","git_url":"git:\/\/github.com\/joerick\/pyinstrument.git","ssh_url":"git@github.com:joerick\/pyinstrument.git","clone_url":"https:\/\/github.com\/joerick\/pyinstrument.git","svn_url":"https:\/\/github.com\/joerick\/pyinstrument","homepage":"","size":1949,"stargazers_count":1081,"watchers_count":1081,"language":"Python","has_issues":true,"has_projects":true,"has_downloads":true,"has_wiki":true,"has_pages":false,"forks_count":66,"mirror_url":null,"archived":false,"open_issues_count":5,"license":{"key":"bsd-3-clause","name":"BSD 3-Clause \"New\" or \"Revised\" License","spdx_id":"BSD-3-Clause","url":"https:\/\/api.github.com\/licenses\/bsd-3-clause","node_id":"MDc6TGljZW5zZTU="},"forks":66,"open_issues":5,"watchers":1081,"default_branch":"master","score":57.17855},{"id":51375640,"node_id":"MDEwOlJlcG9zaXRvcnk1MTM3NTY0MA==","name":"why-is-node-running","full_name":"mafintosh\/why-is-node-running","private":false,"owner":{"login":"mafintosh","id":376661,"node_id":"MDQ6VXNlcjM3NjY2MQ==","avatar_url":"https:\/\/avatars1.githubusercontent.com\/u\/376661?v=4","gravatar_id":"","url":"https:\/\/api.github.com\/users\/mafintosh","html_url":"https:\/\/github.com\/mafintosh","followers_url":"https:\/\/api.github.com\/users\/mafintosh\/followers","following_url":"https:\/\/api.github.com\/users\/mafintosh\/following{\/other_user}","gists_url":"https:\/\/api.github.com\/users\/mafintosh\/gists{\/gist_id}","starred_url":"https:\/\/api.github.com\/users\/mafintosh\/starred{\/owner}{\/repo}","subscriptions_url":"https:\/\/api.github.com\/users\/mafintosh\/subscriptions","organizations_url":"https:\/\/api.github.com\/users\/mafintosh\/orgs","repos_url":"https:\/\/api.github.com\/users\/mafintosh\/repos","events_url":"https:\/\/api.github.com\/users\/mafintosh\/events{\/privacy}","received_events_url":"https:\/\/api.github.com\/users\/mafintosh\/received_events","type":"User","site_admin":false},"html_url":"https:\/\/github.com\/mafintosh\/why-is-node-running","description":"Node is running but you don't know why? why-is-node-running is here to help you.","fork":false,"url":"https:\/\/api.github.com\/repos\/mafintosh\/why-is-node-running","forks_url":"https:\/\/api.github.com\/repos\/mafintosh\/why-is-node-running\/forks","keys_url":"https:\/\/api.github.com\/repos\/mafintosh\/why-is-node-running\/keys{\/key_id}","collaborators_url":"https:\/\/api.github.com\/repos\/mafintosh\/why-is-node-running\/collaborators{\/collaborator}","teams_url":"https:\/\/api.github.com\/repos\/mafintosh\/why-is-node-running\/teams","hooks_url":"https:\/\/api.github.com\/repos\/mafintosh\/why-is-node-running\/hooks","issue_events_url":"https:\/\/api.github.com\/repos\/mafintosh\/why-is-node-running\/issues\/events{\/number}","events_url":"https:\/\/api.github.com\/repos\/mafintosh\/why-is-node-running\/events","assignees_url":"https:\/\/api.github.com\/repos\/mafintosh\/why-is-node-running\/assignees{\/user}","branches_url":"https:\/\/api.github.com\/repos\/mafintosh\/why-is-node-running\/branches{\/branch}","tags_url":"https:\/\/api.github.com\/repos\/mafintosh\/why-is-node-running\/tags","blobs_url":"https:\/\/api.github.com\/repos\/mafintosh\/why-is-node-running\/git\/blobs{\/sha}","git_tags_url":"https:\/\/api.github.com\/repos\/mafintosh\/why-is-node-running\/git\/tags{\/sha}","git_refs_url":"https:\/\/api.github.com\/repos\/mafintosh\/why-is-node-running\/git\/refs{\/sha}","trees_url":"https:\/\/api.github.com\/repos\/mafintosh\/why-is-node-running\/git\/trees{\/sha}","statuses_url":"https:\/\/api.github.com\/repos\/mafintosh\/why-is-node-running\/statuses\/{sha}","languages_url":"https:\/\/api.github.com\/repos\/mafintosh\/why-is-node-running\/languages","stargazers_url":"https:\/\/api.github.com\/repos\/mafintosh\/why-is-node-running\/stargazers","contributors_url":"https:\/\/api.github.com\/repos\/mafintosh\/why-is-node-running\/contributors","subscribers_url":"https:\/\/api.github.com\/repos\/mafintosh\/why-is-node-running\/subscribers","subscription_url":"https:\/\/api.github.com\/repos\/mafintosh\/why-is-node-running\/subscription","commits_url":"https:\/\/api.github.com\/repos\/mafintosh\/why-is-node-running\/commits{\/sha}","git_commits_url":"https:\/\/api.github.com\/repos\/mafintosh\/why-is-node-running\/git\/commits{\/sha}","comments_url":"https:\/\/api.github.com\/repos\/mafintosh\/why-is-node-running\/comments{\/number}","issue_comment_url":"https:\/\/api.github.com\/repos\/mafintosh\/why-is-node-running\/issues\/comments{\/number}","contents_url":"https:\/\/api.github.com\/repos\/mafintosh\/why-is-node-running\/contents\/{+path}","compare_url":"https:\/\/api.github.com\/repos\/mafintosh\/why-is-node-running\/compare\/{base}...{head}","merges_url":"https:\/\/api.github.com\/repos\/mafintosh\/why-is-node-running\/merges","archive_url":"https:\/\/api.github.com\/repos\/mafintosh\/why-is-node-running\/{archive_format}{\/ref}","downloads_url":"https:\/\/api.github.com\/repos\/mafintosh\/why-is-node-running\/downloads","issues_url":"https:\/\/api.github.com\/repos\/mafintosh\/why-is-node-running\/issues{\/number}","pulls_url":"https:\/\/api.github.com\/repos\/mafintosh\/why-is-node-running\/pulls{\/number}","milestones_url":"https:\/\/api.github.com\/repos\/mafintosh\/why-is-node-running\/milestones{\/number}","notifications_url":"https:\/\/api.github.com\/repos\/mafintosh\/why-is-node-running\/notifications{?since,all,participating}","labels_url":"https:\/\/api.github.com\/repos\/mafintosh\/why-is-node-running\/labels{\/name}","releases_url":"https:\/\/api.github.com\/repos\/mafintosh\/why-is-node-running\/releases{\/id}","deployments_url":"https:\/\/api.github.com\/repos\/mafintosh\/why-is-node-running\/deployments","created_at":"2016-02-09T15:29:28Z","updated_at":"2019-01-27T07:40:29Z","pushed_at":"2018-10-26T08:54:53Z","git_url":"git:\/\/github.com\/mafintosh\/why-is-node-running.git","ssh_url":"git@github.com:mafintosh\/why-is-node-running.git","clone_url":"https:\/\/github.com\/mafintosh\/why-is-node-running.git","svn_url":"https:\/\/github.com\/mafintosh\/why-is-node-running","homepage":null,"size":18,"stargazers_count":873,"watchers_count":873,"language":"JavaScript","has_issues":true,"has_projects":true,"has_downloads":true,"has_wiki":true,"has_pages":false,"forks_count":32,"mirror_url":null,"archived":false,"open_issues_count":12,"license":{"key":"mit","name":"MIT License","spdx_id":"MIT","url":"https:\/\/api.github.com\/licenses\/mit","node_id":"MDc6TGljZW5zZTEz"},"forks":32,"open_issues":12,"watchers":873,"default_branch":"master","score":80.299034},{"id":103874950,"node_id":"MDEwOlJlcG9zaXRvcnkxMDM4NzQ5NTA=","name":"bashful","full_name":"wagoodman\/bashful","private":false,"owner":{"login":"wagoodman","id":590471,"node_id":"MDQ6VXNlcjU5MDQ3MQ==","avatar_url":"https:\/\/avatars3.githubusercontent.com\/u\/590471?v=4","gravatar_id":"","url":"https:\/\/api.github.com\/users\/wagoodman","html_url":"https:\/\/github.com\/wagoodman","followers_url":"https:\/\/api.github.com\/users\/wagoodman\/followers","following_url":"https:\/\/api.github.com\/users\/wagoodman\/following{\/other_user}","gists_url":"https:\/\/api.github.com\/users\/wagoodman\/gists{\/gist_id}","starred_url":"https:\/\/api.github.com\/users\/wagoodman\/starred{\/owner}{\/repo}","subscriptions_url":"https:\/\/api.github.com\/users\/wagoodman\/subscriptions","organizations_url":"https:\/\/api.github.com\/users\/wagoodman\/orgs","repos_url":"https:\/\/api.github.com\/users\/wagoodman\/repos","events_url":"https:\/\/api.github.com\/users\/wagoodman\/events{\/privacy}","received_events_url":"https:\/\/api.github.com\/users\/wagoodman\/received_events","type":"User","site_admin":false},"html_url":"https:\/\/github.com\/wagoodman\/bashful","description":"Use a yaml file to stitch together commands and bash snippits and run them with a bit of style.  Why? Because your bash script should be quiet and shy-like (...and not such a loud mouth). ","fork":false,"url":"https:\/\/api.github.com\/repos\/wagoodman\/bashful","forks_url":"https:\/\/api.github.com\/repos\/wagoodman\/bashful\/forks","keys_url":"https:\/\/api.github.com\/repos\/wagoodman\/bashful\/keys{\/key_id}","collaborators_url":"https:\/\/api.github.com\/repos\/wagoodman\/bashful\/collaborators{\/collaborator}","teams_url":"https:\/\/api.github.com\/repos\/wagoodman\/bashful\/teams","hooks_url":"https:\/\/api.github.com\/repos\/wagoodman\/bashful\/hooks","issue_events_url":"https:\/\/api.github.com\/repos\/wagoodman\/bashful\/issues\/events{\/number}","events_url":"https:\/\/api.github.com\/repos\/wagoodman\/bashful\/events","assignees_url":"https:\/\/api.github.com\/repos\/wagoodman\/bashful\/assignees{\/user}","branches_url":"https:\/\/api.github.com\/repos\/wagoodman\/bashful\/branches{\/branch}","tags_url":"https:\/\/api.github.com\/repos\/wagoodman\/bashful\/tags","blobs_url":"https:\/\/api.github.com\/repos\/wagoodman\/bashful\/git\/blobs{\/sha}","git_tags_url":"https:\/\/api.github.com\/repos\/wagoodman\/bashful\/git\/tags{\/sha}","git_refs_url":"https:\/\/api.github.com\/repos\/wagoodman\/bashful\/git\/refs{\/sha}","trees_url":"https:\/\/api.github.com\/repos\/wagoodman\/bashful\/git\/trees{\/sha}","statuses_url":"https:\/\/api.github.com\/repos\/wagoodman\/bashful\/statuses\/{sha}","languages_url":"https:\/\/api.github.com\/repos\/wagoodman\/bashful\/languages","stargazers_url":"https:\/\/api.github.com\/repos\/wagoodman\/bashful\/stargazers","contributors_url":"https:\/\/api.github.com\/repos\/wagoodman\/bashful\/contributors","subscribers_url":"https:\/\/api.github.com\/repos\/wagoodman\/bashful\/subscribers","subscription_url":"https:\/\/api.github.com\/repos\/wagoodman\/bashful\/subscription","commits_url":"https:\/\/api.github.com\/repos\/wagoodman\/bashful\/commits{\/sha}","git_commits_url":"https:\/\/api.github.com\/repos\/wagoodman\/bashful\/git\/commits{\/sha}","comments_url":"https:\/\/api.github.com\/repos\/wagoodman\/bashful\/comments{\/number}","issue_comment_url":"https:\/\/api.github.com\/repos\/wagoodman\/bashful\/issues\/comments{\/number}","contents_url":"https:\/\/api.github.com\/repos\/wagoodman\/bashful\/contents\/{+path}","compare_url":"https:\/\/api.github.com\/repos\/wagoodman\/bashful\/compare\/{base}...{head}","merges_url":"https:\/\/api.github.com\/repos\/wagoodman\/bashful\/merges","archive_url":"https:\/\/api.github.com\/repos\/wagoodman\/bashful\/{archive_format}{\/ref}","downloads_url":"https:\/\/api.github.com\/repos\/wagoodman\/bashful\/downloads","issues_url":"https:\/\/api.github.com\/repos\/wagoodman\/bashful\/issues{\/number}","pulls_url":"https:\/\/api.github.com\/repos\/wagoodman\/bashful\/pulls{\/number}","milestones_url":"https:\/\/api.github.com\/repos\/wagoodman\/bashful\/milestones{\/number}","notifications_url":"https:\/\/api.github.com\/repos\/wagoodman\/bashful\/notifications{?since,all,participating}","labels_url":"https:\/\/api.github.com\/repos\/wagoodman\/bashful\/labels{\/name}","releases_url":"https:\/\/api.github.com\/repos\/wagoodman\/bashful\/releases{\/id}","deployments_url":"https:\/\/api.github.com\/repos\/wagoodman\/bashful\/deployments","created_at":"2017-09-18T01:04:55Z","updated_at":"2019-01-28T20:06:21Z","pushed_at":"2019-01-06T18:52:52Z","git_url":"git:\/\/github.com\/wagoodman\/bashful.git","ssh_url":"git@github.com:wagoodman\/bashful.git","clone_url":"https:\/\/github.com\/wagoodman\/bashful.git","svn_url":"https:\/\/github.com\/wagoodman\/bashful","homepage":"","size":4157,"stargazers_count":827,"watchers_count":827,"language":"Go","has_issues":true,"has_projects":true,"has_downloads":true,"has_wiki":true,"has_pages":false,"forks_count":24,"mirror_url":null,"archived":false,"open_issues_count":15,"license":{"key":"mit","name":"MIT License","spdx_id":"MIT","url":"https:\/\/api.github.com\/licenses\/mit","node_id":"MDc6TGljZW5zZTEz"},"forks":24,"open_issues":15,"watchers":827,"default_branch":"master","score":27.878428},{"id":100889899,"node_id":"MDEwOlJlcG9zaXRvcnkxMDA4ODk4OTk=","name":"wtfautolayout","full_name":"johnpatrickmorgan\/wtfautolayout","private":false,"owner":{"login":"johnpatrickmorgan","id":6318566,"node_id":"MDQ6VXNlcjYzMTg1NjY=","avatar_url":"https:\/\/avatars3.githubusercontent.com\/u\/6318566?v=4","gravatar_id":"","url":"https:\/\/api.github.com\/users\/johnpatrickmorgan","html_url":"https:\/\/github.com\/johnpatrickmorgan","followers_url":"https:\/\/api.github.com\/users\/johnpatrickmorgan\/followers","following_url":"https:\/\/api.github.com\/users\/johnpatrickmorgan\/following{\/other_user}","gists_url":"https:\/\/api.github.com\/users\/johnpatrickmorgan\/gists{\/gist_id}","starred_url":"https:\/\/api.github.com\/users\/johnpatrickmorgan\/starred{\/owner}{\/repo}","subscriptions_url":"https:\/\/api.github.com\/users\/johnpatrickmorgan\/subscriptions","organizations_url":"https:\/\/api.github.com\/users\/johnpatrickmorgan\/orgs","repos_url":"https:\/\/api.github.com\/users\/johnpatrickmorgan\/repos","events_url":"https:\/\/api.github.com\/users\/johnpatrickmorgan\/events{\/privacy}","received_events_url":"https:\/\/api.github.com\/users\/johnpatrickmorgan\/received_events","type":"User","site_admin":false},"html_url":"https:\/\/github.com\/johnpatrickmorgan\/wtfautolayout","description":"The source code for Why The Failure, Auto Layout?","fork":false,"url":"https:\/\/api.github.com\/repos\/johnpatrickmorgan\/wtfautolayout","forks_url":"https:\/\/api.github.com\/repos\/johnpatrickmorgan\/wtfautolayout\/forks","keys_url":"https:\/\/api.github.com\/repos\/johnpatrickmorgan\/wtfautolayout\/keys{\/key_id}","collaborators_url":"https:\/\/api.github.com\/repos\/johnpatrickmorgan\/wtfautolayout\/collaborators{\/collaborator}","teams_url":"https:\/\/api.github.com\/repos\/johnpatrickmorgan\/wtfautolayout\/teams","hooks_url":"https:\/\/api.github.com\/repos\/johnpatrickmorgan\/wtfautolayout\/hooks","issue_events_url":"https:\/\/api.github.com\/repos\/johnpatrickmorgan\/wtfautolayout\/issues\/events{\/number}","events_url":"https:\/\/api.github.com\/repos\/johnpatrickmorgan\/wtfautolayout\/events","assignees_url":"https:\/\/api.github.com\/repos\/johnpatrickmorgan\/wtfautolayout\/assignees{\/user}","branches_url":"https:\/\/api.github.com\/repos\/johnpatrickmorgan\/wtfautolayout\/branches{\/branch}","tags_url":"https:\/\/api.github.com\/repos\/johnpatrickmorgan\/wtfautolayout\/tags","blobs_url":"https:\/\/api.github.com\/repos\/johnpatrickmorgan\/wtfautolayout\/git\/blobs{\/sha}","git_tags_url":"https:\/\/api.github.com\/repos\/johnpatrickmorgan\/wtfautolayout\/git\/tags{\/sha}","git_refs_url":"https:\/\/api.github.com\/repos\/johnpatrickmorgan\/wtfautolayout\/git\/refs{\/sha}","trees_url":"https:\/\/api.github.com\/repos\/johnpatrickmorgan\/wtfautolayout\/git\/trees{\/sha}","statuses_url":"https:\/\/api.github.com\/repos\/johnpatrickmorgan\/wtfautolayout\/statuses\/{sha}","languages_url":"https:\/\/api.github.com\/repos\/johnpatrickmorgan\/wtfautolayout\/languages","stargazers_url":"https:\/\/api.github.com\/repos\/johnpatrickmorgan\/wtfautolayout\/stargazers","contributors_url":"https:\/\/api.github.com\/repos\/johnpatrickmorgan\/wtfautolayout\/contributors","subscribers_url":"https:\/\/api.github.com\/repos\/johnpatrickmorgan\/wtfautolayout\/subscribers","subscription_url":"https:\/\/api.github.com\/repos\/johnpatrickmorgan\/wtfautolayout\/subscription","commits_url":"https:\/\/api.github.com\/repos\/johnpatrickmorgan\/wtfautolayout\/commits{\/sha}","git_commits_url":"https:\/\/api.github.com\/repos\/johnpatrickmorgan\/wtfautolayout\/git\/commits{\/sha}","comments_url":"https:\/\/api.github.com\/repos\/johnpatrickmorgan\/wtfautolayout\/comments{\/number}","issue_comment_url":"https:\/\/api.github.com\/repos\/johnpatrickmorgan\/wtfautolayout\/issues\/comments{\/number}","contents_url":"https:\/\/api.github.com\/repos\/johnpatrickmorgan\/wtfautolayout\/contents\/{+path}","compare_url":"https:\/\/api.github.com\/repos\/johnpatrickmorgan\/wtfautolayout\/compare\/{base}...{head}","merges_url":"https:\/\/api.github.com\/repos\/johnpatrickmorgan\/wtfautolayout\/merges","archive_url":"https:\/\/api.github.com\/repos\/johnpatrickmorgan\/wtfautolayout\/{archive_format}{\/ref}","downloads_url":"https:\/\/api.github.com\/repos\/johnpatrickmorgan\/wtfautolayout\/downloads","issues_url":"https:\/\/api.github.com\/repos\/johnpatrickmorgan\/wtfautolayout\/issues{\/number}","pulls_url":"https:\/\/api.github.com\/repos\/johnpatrickmorgan\/wtfautolayout\/pulls{\/number}","milestones_url":"https:\/\/api.github.com\/repos\/johnpatrickmorgan\/wtfautolayout\/milestones{\/number}","notifications_url":"https:\/\/api.github.com\/repos\/johnpatrickmorgan\/wtfautolayout\/notifications{?since,all,participating}","labels_url":"https:\/\/api.github.com\/repos\/johnpatrickmorgan\/wtfautolayout\/labels{\/name}","releases_url":"https:\/\/api.github.com\/repos\/johnpatrickmorgan\/wtfautolayout\/releases{\/id}","deployments_url":"https:\/\/api.github.com\/repos\/johnpatrickmorgan\/wtfautolayout\/deployments","created_at":"2017-08-20T21:32:57Z","updated_at":"2019-01-28T12:46:45Z","pushed_at":"2019-01-24T23:44:25Z","git_url":"git:\/\/github.com\/johnpatrickmorgan\/wtfautolayout.git","ssh_url":"git@github.com:johnpatrickmorgan\/wtfautolayout.git","clone_url":"https:\/\/github.com\/johnpatrickmorgan\/wtfautolayout.git","svn_url":"https:\/\/github.com\/johnpatrickmorgan\/wtfautolayout","homepage":"https:\/\/www.wtfautolayout.com","size":347,"stargazers_count":674,"watchers_count":674,"language":"Swift","has_issues":true,"has_projects":true,"has_downloads":true,"has_wiki":true,"has_pages":false,"forks_count":15,"mirror_url":null,"archived":false,"open_issues_count":5,"license":{"key":"mit","name":"MIT License","spdx_id":"MIT","url":"https:\/\/api.github.com\/licenses\/mit","node_id":"MDc6TGljZW5zZTEz"},"forks":15,"open_issues":5,"watchers":674,"default_branch":"master","score":56.574097},{"id":28422398,"node_id":"MDEwOlJlcG9zaXRvcnkyODQyMjM5OA==","name":"react-router-flux-starter-kit","full_name":"przeor\/react-router-flux-starter-kit","private":false,"owner":{"login":"przeor","id":5995,"node_id":"MDQ6VXNlcjU5OTU=","avatar_url":"https:\/\/avatars2.githubusercontent.com\/u\/5995?v=4","gravatar_id":"","url":"https:\/\/api.github.com\/users\/przeor","html_url":"https:\/\/github.com\/przeor","followers_url":"https:\/\/api.github.com\/users\/przeor\/followers","following_url":"https:\/\/api.github.com\/users\/przeor\/following{\/other_user}","gists_url":"https:\/\/api.github.com\/users\/przeor\/gists{\/gist_id}","starred_url":"https:\/\/api.github.com\/users\/przeor\/starred{\/owner}{\/repo}","subscriptions_url":"https:\/\/api.github.com\/users\/przeor\/subscriptions","organizations_url":"https:\/\/api.github.com\/users\/przeor\/orgs","repos_url":"https:\/\/api.github.com\/users\/przeor\/repos","events_url":"https:\/\/api.github.com\/users\/przeor\/events{\/privacy}","received_events_url":"https:\/\/api.github.com\/users\/przeor\/received_events","type":"User","site_admin":false},"html_url":"https:\/\/github.com\/przeor\/react-router-flux-starter-kit","description":"Why & How to Learn React Redux, the right highly scalable way.","fork":false,"url":"https:\/\/api.github.com\/repos\/przeor\/react-router-flux-starter-kit","forks_url":"https:\/\/api.github.com\/repos\/przeor\/react-router-flux-starter-kit\/forks","keys_url":"https:\/\/api.github.com\/repos\/przeor\/react-router-flux-starter-kit\/keys{\/key_id}","collaborators_url":"https:\/\/api.github.com\/repos\/przeor\/react-router-flux-starter-kit\/collaborators{\/collaborator}","teams_url":"https:\/\/api.github.com\/repos\/przeor\/react-router-flux-starter-kit\/teams","hooks_url":"https:\/\/api.github.com\/repos\/przeor\/react-router-flux-starter-kit\/hooks","issue_events_url":"https:\/\/api.github.com\/repos\/przeor\/react-router-flux-starter-kit\/issues\/events{\/number}","events_url":"https:\/\/api.github.com\/repos\/przeor\/react-router-flux-starter-kit\/events","assignees_url":"https:\/\/api.github.com\/repos\/przeor\/react-router-flux-starter-kit\/assignees{\/user}","branches_url":"https:\/\/api.github.com\/repos\/przeor\/react-router-flux-starter-kit\/branches{\/branch}","tags_url":"https:\/\/api.github.com\/repos\/przeor\/react-router-flux-starter-kit\/tags","blobs_url":"https:\/\/api.github.com\/repos\/przeor\/react-router-flux-starter-kit\/git\/blobs{\/sha}","git_tags_url":"https:\/\/api.github.com\/repos\/przeor\/react-router-flux-starter-kit\/git\/tags{\/sha}","git_refs_url":"https:\/\/api.github.com\/repos\/przeor\/react-router-flux-starter-kit\/git\/refs{\/sha}","trees_url":"https:\/\/api.github.com\/repos\/przeor\/react-router-flux-starter-kit\/git\/trees{\/sha}","statuses_url":"https:\/\/api.github.com\/repos\/przeor\/react-router-flux-starter-kit\/statuses\/{sha}","languages_url":"https:\/\/api.github.com\/repos\/przeor\/react-router-flux-starter-kit\/languages","stargazers_url":"https:\/\/api.github.com\/repos\/przeor\/react-router-flux-starter-kit\/stargazers","contributors_url":"https:\/\/api.github.com\/repos\/przeor\/react-router-flux-starter-kit\/contributors","subscribers_url":"https:\/\/api.github.com\/repos\/przeor\/react-router-flux-starter-kit\/subscribers","subscription_url":"https:\/\/api.github.com\/repos\/przeor\/react-router-flux-starter-kit\/subscription","commits_url":"https:\/\/api.github.com\/repos\/przeor\/react-router-flux-starter-kit\/commits{\/sha}","git_commits_url":"https:\/\/api.github.com\/repos\/przeor\/react-router-flux-starter-kit\/git\/commits{\/sha}","comments_url":"https:\/\/api.github.com\/repos\/przeor\/react-router-flux-starter-kit\/comments{\/number}","issue_comment_url":"https:\/\/api.github.com\/repos\/przeor\/react-router-flux-starter-kit\/issues\/comments{\/number}","contents_url":"https:\/\/api.github.com\/repos\/przeor\/react-router-flux-starter-kit\/contents\/{+path}","compare_url":"https:\/\/api.github.com\/repos\/przeor\/react-router-flux-starter-kit\/compare\/{base}...{head}","merges_url":"https:\/\/api.github.com\/repos\/przeor\/react-router-flux-starter-kit\/merges","archive_url":"https:\/\/api.github.com\/repos\/przeor\/react-router-flux-starter-kit\/{archive_format}{\/ref}","downloads_url":"https:\/\/api.github.com\/repos\/przeor\/react-router-flux-starter-kit\/downloads","issues_url":"https:\/\/api.github.com\/repos\/przeor\/react-router-flux-starter-kit\/issues{\/number}","pulls_url":"https:\/\/api.github.com\/repos\/przeor\/react-router-flux-starter-kit\/pulls{\/number}","milestones_url":"https:\/\/api.github.com\/repos\/przeor\/react-router-flux-starter-kit\/milestones{\/number}","notifications_url":"https:\/\/api.github.com\/repos\/przeor\/react-router-flux-starter-kit\/notifications{?since,all,participating}","labels_url":"https:\/\/api.github.com\/repos\/przeor\/react-router-flux-starter-kit\/labels{\/name}","releases_url":"https:\/\/api.github.com\/repos\/przeor\/react-router-flux-starter-kit\/releases{\/id}","deployments_url":"https:\/\/api.github.com\/repos\/przeor\/react-router-flux-starter-kit\/deployments","created_at":"2014-12-23T22:19:47Z","updated_at":"2019-01-23T01:25:46Z","pushed_at":"2016-08-19T08:19:37Z","git_url":"git:\/\/github.com\/przeor\/react-router-flux-starter-kit.git","ssh_url":"git@github.com:przeor\/react-router-flux-starter-kit.git","clone_url":"https:\/\/github.com\/przeor\/react-router-flux-starter-kit.git","svn_url":"https:\/\/github.com\/przeor\/react-router-flux-starter-kit","homepage":"","size":4999,"stargazers_count":650,"watchers_count":650,"language":"JavaScript","has_issues":true,"has_projects":true,"has_downloads":true,"has_wiki":true,"has_pages":false,"forks_count":97,"mirror_url":null,"archived":false,"open_issues_count":5,"license":null,"forks":97,"open_issues":5,"watchers":650,"default_branch":"master","score":58.769627},{"id":282344,"node_id":"MDEwOlJlcG9zaXRvcnkyODIzNDQ=","name":"potion","full_name":"perl11\/potion","private":false,"owner":{"login":"perl11","id":2390370,"node_id":"MDEyOk9yZ2FuaXphdGlvbjIzOTAzNzA=","avatar_url":"https:\/\/avatars3.githubusercontent.com\/u\/2390370?v=4","gravatar_id":"","url":"https:\/\/api.github.com\/users\/perl11","html_url":"https:\/\/github.com\/perl11","followers_url":"https:\/\/api.github.com\/users\/perl11\/followers","following_url":"https:\/\/api.github.com\/users\/perl11\/following{\/other_user}","gists_url":"https:\/\/api.github.com\/users\/perl11\/gists{\/gist_id}","starred_url":"https:\/\/api.github.com\/users\/perl11\/starred{\/owner}{\/repo}","subscriptions_url":"https:\/\/api.github.com\/users\/perl11\/subscriptions","organizations_url":"https:\/\/api.github.com\/users\/perl11\/orgs","repos_url":"https:\/\/api.github.com\/users\/perl11\/repos","events_url":"https:\/\/api.github.com\/users\/perl11\/events{\/privacy}","received_events_url":"https:\/\/api.github.com\/users\/perl11\/received_events","type":"Organization","site_admin":false},"html_url":"https:\/\/github.com\/perl11\/potion","description":"_why the lucky stiff's little language (the official repo... until _why returns)","fork":false,"url":"https:\/\/api.github.com\/repos\/perl11\/potion","forks_url":"https:\/\/api.github.com\/repos\/perl11\/potion\/forks","keys_url":"https:\/\/api.github.com\/repos\/perl11\/potion\/keys{\/key_id}","collaborators_url":"https:\/\/api.github.com\/repos\/perl11\/potion\/collaborators{\/collaborator}","teams_url":"https:\/\/api.github.com\/repos\/perl11\/potion\/teams","hooks_url":"https:\/\/api.github.com\/repos\/perl11\/potion\/hooks","issue_events_url":"https:\/\/api.github.com\/repos\/perl11\/potion\/issues\/events{\/number}","events_url":"https:\/\/api.github.com\/repos\/perl11\/potion\/events","assignees_url":"https:\/\/api.github.com\/repos\/perl11\/potion\/assignees{\/user}","branches_url":"https:\/\/api.github.com\/repos\/perl11\/potion\/branches{\/branch}","tags_url":"https:\/\/api.github.com\/repos\/perl11\/potion\/tags","blobs_url":"https:\/\/api.github.com\/repos\/perl11\/potion\/git\/blobs{\/sha}","git_tags_url":"https:\/\/api.github.com\/repos\/perl11\/potion\/git\/tags{\/sha}","git_refs_url":"https:\/\/api.github.com\/repos\/perl11\/potion\/git\/refs{\/sha}","trees_url":"https:\/\/api.github.com\/repos\/perl11\/potion\/git\/trees{\/sha}","statuses_url":"https:\/\/api.github.com\/repos\/perl11\/potion\/statuses\/{sha}","languages_url":"https:\/\/api.github.com\/repos\/perl11\/potion\/languages","stargazers_url":"https:\/\/api.github.com\/repos\/perl11\/potion\/stargazers","contributors_url":"https:\/\/api.github.com\/repos\/perl11\/potion\/contributors","subscribers_url":"https:\/\/api.github.com\/repos\/perl11\/potion\/subscribers","subscription_url":"https:\/\/api.github.com\/repos\/perl11\/potion\/subscription","commits_url":"https:\/\/api.github.com\/repos\/perl11\/potion\/commits{\/sha}","git_commits_url":"https:\/\/api.github.com\/repos\/perl11\/potion\/git\/commits{\/sha}","comments_url":"https:\/\/api.github.com\/repos\/perl11\/potion\/comments{\/number}","issue_comment_url":"https:\/\/api.github.com\/repos\/perl11\/potion\/issues\/comments{\/number}","contents_url":"https:\/\/api.github.com\/repos\/perl11\/potion\/contents\/{+path}","compare_url":"https:\/\/api.github.com\/repos\/perl11\/potion\/compare\/{base}...{head}","merges_url":"https:\/\/api.github.com\/repos\/perl11\/potion\/merges","archive_url":"https:\/\/api.github.com\/repos\/perl11\/potion\/{archive_format}{\/ref}","downloads_url":"https:\/\/api.github.com\/repos\/perl11\/potion\/downloads","issues_url":"https:\/\/api.github.com\/repos\/perl11\/potion\/issues{\/number}","pulls_url":"https:\/\/api.github.com\/repos\/perl11\/potion\/pulls{\/number}","milestones_url":"https:\/\/api.github.com\/repos\/perl11\/potion\/milestones{\/number}","notifications_url":"https:\/\/api.github.com\/repos\/perl11\/potion\/notifications{?since,all,participating}","labels_url":"https:\/\/api.github.com\/repos\/perl11\/potion\/labels{\/name}","releases_url":"https:\/\/api.github.com\/repos\/perl11\/potion\/releases{\/id}","deployments_url":"https:\/\/api.github.com\/repos\/perl11\/potion\/deployments","created_at":"2009-08-19T20:06:21Z","updated_at":"2019-01-23T08:11:13Z","pushed_at":"2018-02-02T09:04:03Z","git_url":"git:\/\/github.com\/perl11\/potion.git","ssh_url":"git@github.com:perl11\/potion.git","clone_url":"https:\/\/github.com\/perl11\/potion.git","svn_url":"https:\/\/github.com\/perl11\/potion","homepage":"http:\/\/groups.google.com\/group\/potion-lang","size":4417,"stargazers_count":540,"watchers_count":540,"language":"C","has_issues":true,"has_projects":true,"has_downloads":true,"has_wiki":true,"has_pages":true,"forks_count":78,"mirror_url":null,"archived":false,"open_issues_count":19,"license":{"key":"other","name":"Other","spdx_id":"NOASSERTION","url":null,"node_id":"MDc6TGljZW5zZTA="},"forks":78,"open_issues":19,"watchers":540,"default_branch":"master","score":81.980675},{"id":282622,"node_id":"MDEwOlJlcG9zaXRvcnkyODI2MjI=","name":"poignant-guide","full_name":"mislav\/poignant-guide","private":false,"owner":{"login":"mislav","id":887,"node_id":"MDQ6VXNlcjg4Nw==","avatar_url":"https:\/\/avatars2.githubusercontent.com\/u\/887?v=4","gravatar_id":"","url":"https:\/\/api.github.com\/users\/mislav","html_url":"https:\/\/github.com\/mislav","followers_url":"https:\/\/api.github.com\/users\/mislav\/followers","following_url":"https:\/\/api.github.com\/users\/mislav\/following{\/other_user}","gists_url":"https:\/\/api.github.com\/users\/mislav\/gists{\/gist_id}","starred_url":"https:\/\/api.github.com\/users\/mislav\/starred{\/owner}{\/repo}","subscriptions_url":"https:\/\/api.github.com\/users\/mislav\/subscriptions","organizations_url":"https:\/\/api.github.com\/users\/mislav\/orgs","repos_url":"https:\/\/api.github.com\/users\/mislav\/repos","events_url":"https:\/\/api.github.com\/users\/mislav\/events{\/privacy}","received_events_url":"https:\/\/api.github.com\/users\/mislav\/received_events","type":"User","site_admin":true},"html_url":"https:\/\/github.com\/mislav\/poignant-guide","description":"Why's Poignant Guide to Ruby","fork":false,"url":"https:\/\/api.github.com\/repos\/mislav\/poignant-guide","forks_url":"https:\/\/api.github.com\/repos\/mislav\/poignant-guide\/forks","keys_url":"https:\/\/api.github.com\/repos\/mislav\/poignant-guide\/keys{\/key_id}","collaborators_url":"https:\/\/api.github.com\/repos\/mislav\/poignant-guide\/collaborators{\/collaborator}","teams_url":"https:\/\/api.github.com\/repos\/mislav\/poignant-guide\/teams","hooks_url":"https:\/\/api.github.com\/repos\/mislav\/poignant-guide\/hooks","issue_events_url":"https:\/\/api.github.com\/repos\/mislav\/poignant-guide\/issues\/events{\/number}","events_url":"https:\/\/api.github.com\/repos\/mislav\/poignant-guide\/events","assignees_url":"https:\/\/api.github.com\/repos\/mislav\/poignant-guide\/assignees{\/user}","branches_url":"https:\/\/api.github.com\/repos\/mislav\/poignant-guide\/branches{\/branch}","tags_url":"https:\/\/api.github.com\/repos\/mislav\/poignant-guide\/tags","blobs_url":"https:\/\/api.github.com\/repos\/mislav\/poignant-guide\/git\/blobs{\/sha}","git_tags_url":"https:\/\/api.github.com\/repos\/mislav\/poignant-guide\/git\/tags{\/sha}","git_refs_url":"https:\/\/api.github.com\/repos\/mislav\/poignant-guide\/git\/refs{\/sha}","trees_url":"https:\/\/api.github.com\/repos\/mislav\/poignant-guide\/git\/trees{\/sha}","statuses_url":"https:\/\/api.github.com\/repos\/mislav\/poignant-guide\/statuses\/{sha}","languages_url":"https:\/\/api.github.com\/repos\/mislav\/poignant-guide\/languages","stargazers_url":"https:\/\/api.github.com\/repos\/mislav\/poignant-guide\/stargazers","contributors_url":"https:\/\/api.github.com\/repos\/mislav\/poignant-guide\/contributors","subscribers_url":"https:\/\/api.github.com\/repos\/mislav\/poignant-guide\/subscribers","subscription_url":"https:\/\/api.github.com\/repos\/mislav\/poignant-guide\/subscription","commits_url":"https:\/\/api.github.com\/repos\/mislav\/poignant-guide\/commits{\/sha}","git_commits_url":"https:\/\/api.github.com\/repos\/mislav\/poignant-guide\/git\/commits{\/sha}","comments_url":"https:\/\/api.github.com\/repos\/mislav\/poignant-guide\/comments{\/number}","issue_comment_url":"https:\/\/api.github.com\/repos\/mislav\/poignant-guide\/issues\/comments{\/number}","contents_url":"https:\/\/api.github.com\/repos\/mislav\/poignant-guide\/contents\/{+path}","compare_url":"https:\/\/api.github.com\/repos\/mislav\/poignant-guide\/compare\/{base}...{head}","merges_url":"https:\/\/api.github.com\/repos\/mislav\/poignant-guide\/merges","archive_url":"https:\/\/api.github.com\/repos\/mislav\/poignant-guide\/{archive_format}{\/ref}","downloads_url":"https:\/\/api.github.com\/repos\/mislav\/poignant-guide\/downloads","issues_url":"https:\/\/api.github.com\/repos\/mislav\/poignant-guide\/issues{\/number}","pulls_url":"https:\/\/api.github.com\/repos\/mislav\/poignant-guide\/pulls{\/number}","milestones_url":"https:\/\/api.github.com\/repos\/mislav\/poignant-guide\/milestones{\/number}","notifications_url":"https:\/\/api.github.com\/repos\/mislav\/poignant-guide\/notifications{?since,all,participating}","labels_url":"https:\/\/api.github.com\/repos\/mislav\/poignant-guide\/labels{\/name}","releases_url":"https:\/\/api.github.com\/repos\/mislav\/poignant-guide\/releases{\/id}","deployments_url":"https:\/\/api.github.com\/repos\/mislav\/poignant-guide\/deployments","created_at":"2009-08-20T01:17:54Z","updated_at":"2019-01-26T12:32:58Z","pushed_at":"2018-11-20T13:08:57Z","git_url":"git:\/\/github.com\/mislav\/poignant-guide.git","ssh_url":"git@github.com:mislav\/poignant-guide.git","clone_url":"https:\/\/github.com\/mislav\/poignant-guide.git","svn_url":"https:\/\/github.com\/mislav\/poignant-guide","homepage":"http:\/\/poignant.guide\/","size":12871,"stargazers_count":532,"watchers_count":532,"language":"HTML","has_issues":false,"has_projects":true,"has_downloads":true,"has_wiki":false,"has_pages":true,"forks_count":103,"mirror_url":null,"archived":false,"open_issues_count":0,"license":null,"forks":103,"open_issues":0,"watchers":532,"default_branch":"gh-pages","score":81.49621},{"id":30485473,"node_id":"MDEwOlJlcG9zaXRvcnkzMDQ4NTQ3Mw==","name":"Why-Reject","full_name":"jcccn\/Why-Reject","private":false,"owner":{"login":"jcccn","id":397243,"node_id":"MDQ6VXNlcjM5NzI0Mw==","avatar_url":"https:\/\/avatars1.githubusercontent.com\/u\/397243?v=4","gravatar_id":"","url":"https:\/\/api.github.com\/users\/jcccn","html_url":"https:\/\/github.com\/jcccn","followers_url":"https:\/\/api.github.com\/users\/jcccn\/followers","following_url":"https:\/\/api.github.com\/users\/jcccn\/following{\/other_user}","gists_url":"https:\/\/api.github.com\/users\/jcccn\/gists{\/gist_id}","starred_url":"https:\/\/api.github.com\/users\/jcccn\/starred{\/owner}{\/repo}","subscriptions_url":"https:\/\/api.github.com\/users\/jcccn\/subscriptions","organizations_url":"https:\/\/api.github.com\/users\/jcccn\/orgs","repos_url":"https:\/\/api.github.com\/users\/jcccn\/repos","events_url":"https:\/\/api.github.com\/users\/jcccn\/events{\/privacy}","received_events_url":"https:\/\/api.github.com\/users\/jcccn\/received_events","type":"User","site_admin":false},"html_url":"https:\/\/github.com\/jcccn\/Why-Reject","description":"\u82f9\u679cAppStore\u88ab\u62d2\u7406\u7531\u5927\u5168","fork":false,"url":"https:\/\/api.github.com\/repos\/jcccn\/Why-Reject","forks_url":"https:\/\/api.github.com\/repos\/jcccn\/Why-Reject\/forks","keys_url":"https:\/\/api.github.com\/repos\/jcccn\/Why-Reject\/keys{\/key_id}","collaborators_url":"https:\/\/api.github.com\/repos\/jcccn\/Why-Reject\/collaborators{\/collaborator}","teams_url":"https:\/\/api.github.com\/repos\/jcccn\/Why-Reject\/teams","hooks_url":"https:\/\/api.github.com\/repos\/jcccn\/Why-Reject\/hooks","issue_events_url":"https:\/\/api.github.com\/repos\/jcccn\/Why-Reject\/issues\/events{\/number}","events_url":"https:\/\/api.github.com\/repos\/jcccn\/Why-Reject\/events","assignees_url":"https:\/\/api.github.com\/repos\/jcccn\/Why-Reject\/assignees{\/user}","branches_url":"https:\/\/api.github.com\/repos\/jcccn\/Why-Reject\/branches{\/branch}","tags_url":"https:\/\/api.github.com\/repos\/jcccn\/Why-Reject\/tags","blobs_url":"https:\/\/api.github.com\/repos\/jcccn\/Why-Reject\/git\/blobs{\/sha}","git_tags_url":"https:\/\/api.github.com\/repos\/jcccn\/Why-Reject\/git\/tags{\/sha}","git_refs_url":"https:\/\/api.github.com\/repos\/jcccn\/Why-Reject\/git\/refs{\/sha}","trees_url":"https:\/\/api.github.com\/repos\/jcccn\/Why-Reject\/git\/trees{\/sha}","statuses_url":"https:\/\/api.github.com\/repos\/jcccn\/Why-Reject\/statuses\/{sha}","languages_url":"https:\/\/api.github.com\/repos\/jcccn\/Why-Reject\/languages","stargazers_url":"https:\/\/api.github.com\/repos\/jcccn\/Why-Reject\/stargazers","contributors_url":"https:\/\/api.github.com\/repos\/jcccn\/Why-Reject\/contributors","subscribers_url":"https:\/\/api.github.com\/repos\/jcccn\/Why-Reject\/subscribers","subscription_url":"https:\/\/api.github.com\/repos\/jcccn\/Why-Reject\/subscription","commits_url":"https:\/\/api.github.com\/repos\/jcccn\/Why-Reject\/commits{\/sha}","git_commits_url":"https:\/\/api.github.com\/repos\/jcccn\/Why-Reject\/git\/commits{\/sha}","comments_url":"https:\/\/api.github.com\/repos\/jcccn\/Why-Reject\/comments{\/number}","issue_comment_url":"https:\/\/api.github.com\/repos\/jcccn\/Why-Reject\/issues\/comments{\/number}","contents_url":"https:\/\/api.github.com\/repos\/jcccn\/Why-Reject\/contents\/{+path}","compare_url":"https:\/\/api.github.com\/repos\/jcccn\/Why-Reject\/compare\/{base}...{head}","merges_url":"https:\/\/api.github.com\/repos\/jcccn\/Why-Reject\/merges","archive_url":"https:\/\/api.github.com\/repos\/jcccn\/Why-Reject\/{archive_format}{\/ref}","downloads_url":"https:\/\/api.github.com\/repos\/jcccn\/Why-Reject\/downloads","issues_url":"https:\/\/api.github.com\/repos\/jcccn\/Why-Reject\/issues{\/number}","pulls_url":"https:\/\/api.github.com\/repos\/jcccn\/Why-Reject\/pulls{\/number}","milestones_url":"https:\/\/api.github.com\/repos\/jcccn\/Why-Reject\/milestones{\/number}","notifications_url":"https:\/\/api.github.com\/repos\/jcccn\/Why-Reject\/notifications{?since,all,participating}","labels_url":"https:\/\/api.github.com\/repos\/jcccn\/Why-Reject\/labels{\/name}","releases_url":"https:\/\/api.github.com\/repos\/jcccn\/Why-Reject\/releases{\/id}","deployments_url":"https:\/\/api.github.com\/repos\/jcccn\/Why-Reject\/deployments","created_at":"2015-02-08T08:37:17Z","updated_at":"2019-01-28T12:02:55Z","pushed_at":"2017-05-06T07:35:44Z","git_url":"git:\/\/github.com\/jcccn\/Why-Reject.git","ssh_url":"git@github.com:jcccn\/Why-Reject.git","clone_url":"https:\/\/github.com\/jcccn\/Why-Reject.git","svn_url":"https:\/\/github.com\/jcccn\/Why-Reject","homepage":"https:\/\/whyreject.jcccn.me","size":684,"stargazers_count":493,"watchers_count":493,"language":null,"has_issues":true,"has_projects":true,"has_downloads":true,"has_wiki":true,"has_pages":true,"forks_count":113,"mirror_url":null,"archived":false,"open_issues_count":0,"license":null,"forks":113,"open_issues":0,"watchers":493,"default_branch":"master","score":96.204094},{"id":76408906,"node_id":"MDEwOlJlcG9zaXRvcnk3NjQwODkwNg==","name":"meta","full_name":"mateodelnorte\/meta","private":false,"owner":{"login":"mateodelnorte","id":554847,"node_id":"MDQ6VXNlcjU1NDg0Nw==","avatar_url":"https:\/\/avatars3.githubusercontent.com\/u\/554847?v=4","gravatar_id":"","url":"https:\/\/api.github.com\/users\/mateodelnorte","html_url":"https:\/\/github.com\/mateodelnorte","followers_url":"https:\/\/api.github.com\/users\/mateodelnorte\/followers","following_url":"https:\/\/api.github.com\/users\/mateodelnorte\/following{\/other_user}","gists_url":"https:\/\/api.github.com\/users\/mateodelnorte\/gists{\/gist_id}","starred_url":"https:\/\/api.github.com\/users\/mateodelnorte\/starred{\/owner}{\/repo}","subscriptions_url":"https:\/\/api.github.com\/users\/mateodelnorte\/subscriptions","organizations_url":"https:\/\/api.github.com\/users\/mateodelnorte\/orgs","repos_url":"https:\/\/api.github.com\/users\/mateodelnorte\/repos","events_url":"https:\/\/api.github.com\/users\/mateodelnorte\/events{\/privacy}","received_events_url":"https:\/\/api.github.com\/users\/mateodelnorte\/received_events","type":"User","site_admin":false},"html_url":"https:\/\/github.com\/mateodelnorte\/meta","description":"tool for turning many repos into a meta repo. why choose many repos or a monolithic repo, when you can have both with a meta repo?","fork":false,"url":"https:\/\/api.github.com\/repos\/mateodelnorte\/meta","forks_url":"https:\/\/api.github.com\/repos\/mateodelnorte\/meta\/forks","keys_url":"https:\/\/api.github.com\/repos\/mateodelnorte\/meta\/keys{\/key_id}","collaborators_url":"https:\/\/api.github.com\/repos\/mateodelnorte\/meta\/collaborators{\/collaborator}","teams_url":"https:\/\/api.github.com\/repos\/mateodelnorte\/meta\/teams","hooks_url":"https:\/\/api.github.com\/repos\/mateodelnorte\/meta\/hooks","issue_events_url":"https:\/\/api.github.com\/repos\/mateodelnorte\/meta\/issues\/events{\/number}","events_url":"https:\/\/api.github.com\/repos\/mateodelnorte\/meta\/events","assignees_url":"https:\/\/api.github.com\/repos\/mateodelnorte\/meta\/assignees{\/user}","branches_url":"https:\/\/api.github.com\/repos\/mateodelnorte\/meta\/branches{\/branch}","tags_url":"https:\/\/api.github.com\/repos\/mateodelnorte\/meta\/tags","blobs_url":"https:\/\/api.github.com\/repos\/mateodelnorte\/meta\/git\/blobs{\/sha}","git_tags_url":"https:\/\/api.github.com\/repos\/mateodelnorte\/meta\/git\/tags{\/sha}","git_refs_url":"https:\/\/api.github.com\/repos\/mateodelnorte\/meta\/git\/refs{\/sha}","trees_url":"https:\/\/api.github.com\/repos\/mateodelnorte\/meta\/git\/trees{\/sha}","statuses_url":"https:\/\/api.github.com\/repos\/mateodelnorte\/meta\/statuses\/{sha}","languages_url":"https:\/\/api.github.com\/repos\/mateodelnorte\/meta\/languages","stargazers_url":"https:\/\/api.github.com\/repos\/mateodelnorte\/meta\/stargazers","contributors_url":"https:\/\/api.github.com\/repos\/mateodelnorte\/meta\/contributors","subscribers_url":"https:\/\/api.github.com\/repos\/mateodelnorte\/meta\/subscribers","subscription_url":"https:\/\/api.github.com\/repos\/mateodelnorte\/meta\/subscription","commits_url":"https:\/\/api.github.com\/repos\/mateodelnorte\/meta\/commits{\/sha}","git_commits_url":"https:\/\/api.github.com\/repos\/mateodelnorte\/meta\/git\/commits{\/sha}","comments_url":"https:\/\/api.github.com\/repos\/mateodelnorte\/meta\/comments{\/number}","issue_comment_url":"https:\/\/api.github.com\/repos\/mateodelnorte\/meta\/issues\/comments{\/number}","contents_url":"https:\/\/api.github.com\/repos\/mateodelnorte\/meta\/contents\/{+path}","compare_url":"https:\/\/api.github.com\/repos\/mateodelnorte\/meta\/compare\/{base}...{head}","merges_url":"https:\/\/api.github.com\/repos\/mateodelnorte\/meta\/merges","archive_url":"https:\/\/api.github.com\/repos\/mateodelnorte\/meta\/{archive_format}{\/ref}","downloads_url":"https:\/\/api.github.com\/repos\/mateodelnorte\/meta\/downloads","issues_url":"https:\/\/api.github.com\/repos\/mateodelnorte\/meta\/issues{\/number}","pulls_url":"https:\/\/api.github.com\/repos\/mateodelnorte\/meta\/pulls{\/number}","milestones_url":"https:\/\/api.github.com\/repos\/mateodelnorte\/meta\/milestones{\/number}","notifications_url":"https:\/\/api.github.com\/repos\/mateodelnorte\/meta\/notifications{?since,all,participating}","labels_url":"https:\/\/api.github.com\/repos\/mateodelnorte\/meta\/labels{\/name}","releases_url":"https:\/\/api.github.com\/repos\/mateodelnorte\/meta\/releases{\/id}","deployments_url":"https:\/\/api.github.com\/repos\/mateodelnorte\/meta\/deployments","created_at":"2016-12-14T00:06:35Z","updated_at":"2019-01-27T07:29:38Z","pushed_at":"2019-01-25T18:00:32Z","git_url":"git:\/\/github.com\/mateodelnorte\/meta.git","ssh_url":"git@github.com:mateodelnorte\/meta.git","clone_url":"https:\/\/github.com\/mateodelnorte\/meta.git","svn_url":"https:\/\/github.com\/mateodelnorte\/meta","homepage":"","size":2507,"stargazers_count":489,"watchers_count":489,"language":"JavaScript","has_issues":true,"has_projects":true,"has_downloads":true,"has_wiki":true,"has_pages":false,"forks_count":27,"mirror_url":null,"archived":false,"open_issues_count":18,"license":null,"forks":27,"open_issues":18,"watchers":489,"default_branch":"master","score":35.32161},{"id":120470493,"node_id":"MDEwOlJlcG9zaXRvcnkxMjA0NzA0OTM=","name":"awesome-dev-podcasts","full_name":"sw-yx\/awesome-dev-podcasts","private":false,"owner":{"login":"sw-yx","id":6764957,"node_id":"MDQ6VXNlcjY3NjQ5NTc=","avatar_url":"https:\/\/avatars1.githubusercontent.com\/u\/6764957?v=4","gravatar_id":"","url":"https:\/\/api.github.com\/users\/sw-yx","html_url":"https:\/\/github.com\/sw-yx","followers_url":"https:\/\/api.github.com\/users\/sw-yx\/followers","following_url":"https:\/\/api.github.com\/users\/sw-yx\/following{\/other_user}","gists_url":"https:\/\/api.github.com\/users\/sw-yx\/gists{\/gist_id}","starred_url":"https:\/\/api.github.com\/users\/sw-yx\/starred{\/owner}{\/repo}","subscriptions_url":"https:\/\/api.github.com\/users\/sw-yx\/subscriptions","organizations_url":"https:\/\/api.github.com\/users\/sw-yx\/orgs","repos_url":"https:\/\/api.github.com\/users\/sw-yx\/repos","events_url":"https:\/\/api.github.com\/users\/sw-yx\/events{\/privacy}","received_events_url":"https:\/\/api.github.com\/users\/sw-yx\/received_events","type":"User","site_admin":false},"html_url":"https:\/\/github.com\/sw-yx\/awesome-dev-podcasts","description":"a curated list of awesome dev podcasts and why they are awesome","fork":false,"url":"https:\/\/api.github.com\/repos\/sw-yx\/awesome-dev-podcasts","forks_url":"https:\/\/api.github.com\/repos\/sw-yx\/awesome-dev-podcasts\/forks","keys_url":"https:\/\/api.github.com\/repos\/sw-yx\/awesome-dev-podcasts\/keys{\/key_id}","collaborators_url":"https:\/\/api.github.com\/repos\/sw-yx\/awesome-dev-podcasts\/collaborators{\/collaborator}","teams_url":"https:\/\/api.github.com\/repos\/sw-yx\/awesome-dev-podcasts\/teams","hooks_url":"https:\/\/api.github.com\/repos\/sw-yx\/awesome-dev-podcasts\/hooks","issue_events_url":"https:\/\/api.github.com\/repos\/sw-yx\/awesome-dev-podcasts\/issues\/events{\/number}","events_url":"https:\/\/api.github.com\/repos\/sw-yx\/awesome-dev-podcasts\/events","assignees_url":"https:\/\/api.github.com\/repos\/sw-yx\/awesome-dev-podcasts\/assignees{\/user}","branches_url":"https:\/\/api.github.com\/repos\/sw-yx\/awesome-dev-podcasts\/branches{\/branch}","tags_url":"https:\/\/api.github.com\/repos\/sw-yx\/awesome-dev-podcasts\/tags","blobs_url":"https:\/\/api.github.com\/repos\/sw-yx\/awesome-dev-podcasts\/git\/blobs{\/sha}","git_tags_url":"https:\/\/api.github.com\/repos\/sw-yx\/awesome-dev-podcasts\/git\/tags{\/sha}","git_refs_url":"https:\/\/api.github.com\/repos\/sw-yx\/awesome-dev-podcasts\/git\/refs{\/sha}","trees_url":"https:\/\/api.github.com\/repos\/sw-yx\/awesome-dev-podcasts\/git\/trees{\/sha}","statuses_url":"https:\/\/api.github.com\/repos\/sw-yx\/awesome-dev-podcasts\/statuses\/{sha}","languages_url":"https:\/\/api.github.com\/repos\/sw-yx\/awesome-dev-podcasts\/languages","stargazers_url":"https:\/\/api.github.com\/repos\/sw-yx\/awesome-dev-podcasts\/stargazers","contributors_url":"https:\/\/api.github.com\/repos\/sw-yx\/awesome-dev-podcasts\/contributors","subscribers_url":"https:\/\/api.github.com\/repos\/sw-yx\/awesome-dev-podcasts\/subscribers","subscription_url":"https:\/\/api.github.com\/repos\/sw-yx\/awesome-dev-podcasts\/subscription","commits_url":"https:\/\/api.github.com\/repos\/sw-yx\/awesome-dev-podcasts\/commits{\/sha}","git_commits_url":"https:\/\/api.github.com\/repos\/sw-yx\/awesome-dev-podcasts\/git\/commits{\/sha}","comments_url":"https:\/\/api.github.com\/repos\/sw-yx\/awesome-dev-podcasts\/comments{\/number}","issue_comment_url":"https:\/\/api.github.com\/repos\/sw-yx\/awesome-dev-podcasts\/issues\/comments{\/number}","contents_url":"https:\/\/api.github.com\/repos\/sw-yx\/awesome-dev-podcasts\/contents\/{+path}","compare_url":"https:\/\/api.github.com\/repos\/sw-yx\/awesome-dev-podcasts\/compare\/{base}...{head}","merges_url":"https:\/\/api.github.com\/repos\/sw-yx\/awesome-dev-podcasts\/merges","archive_url":"https:\/\/api.github.com\/repos\/sw-yx\/awesome-dev-podcasts\/{archive_format}{\/ref}","downloads_url":"https:\/\/api.github.com\/repos\/sw-yx\/awesome-dev-podcasts\/downloads","issues_url":"https:\/\/api.github.com\/repos\/sw-yx\/awesome-dev-podcasts\/issues{\/number}","pulls_url":"https:\/\/api.github.com\/repos\/sw-yx\/awesome-dev-podcasts\/pulls{\/number}","milestones_url":"https:\/\/api.github.com\/repos\/sw-yx\/awesome-dev-podcasts\/milestones{\/number}","notifications_url":"https:\/\/api.github.com\/repos\/sw-yx\/awesome-dev-podcasts\/notifications{?since,all,participating}","labels_url":"https:\/\/api.github.com\/repos\/sw-yx\/awesome-dev-podcasts\/labels{\/name}","releases_url":"https:\/\/api.github.com\/repos\/sw-yx\/awesome-dev-podcasts\/releases{\/id}","deployments_url":"https:\/\/api.github.com\/repos\/sw-yx\/awesome-dev-podcasts\/deployments","created_at":"2018-02-06T14:32:41Z","updated_at":"2019-01-23T00:52:57Z","pushed_at":"2018-09-12T14:28:36Z","git_url":"git:\/\/github.com\/sw-yx\/awesome-dev-podcasts.git","ssh_url":"git@github.com:sw-yx\/awesome-dev-podcasts.git","clone_url":"https:\/\/github.com\/sw-yx\/awesome-dev-podcasts.git","svn_url":"https:\/\/github.com\/sw-yx\/awesome-dev-podcasts","homepage":"","size":29,"stargazers_count":455,"watchers_count":455,"language":null,"has_issues":true,"has_projects":true,"has_downloads":true,"has_wiki":true,"has_pages":false,"forks_count":26,"mirror_url":null,"archived":false,"open_issues_count":3,"license":null,"forks":26,"open_issues":3,"watchers":455,"default_branch":"master","score":48.013977},{"id":18601900,"node_id":"MDEwOlJlcG9zaXRvcnkxODYwMTkwMA==","name":"eliot","full_name":"itamarst\/eliot","private":false,"owner":{"login":"itamarst","id":3266662,"node_id":"MDQ6VXNlcjMyNjY2NjI=","avatar_url":"https:\/\/avatars1.githubusercontent.com\/u\/3266662?v=4","gravatar_id":"","url":"https:\/\/api.github.com\/users\/itamarst","html_url":"https:\/\/github.com\/itamarst","followers_url":"https:\/\/api.github.com\/users\/itamarst\/followers","following_url":"https:\/\/api.github.com\/users\/itamarst\/following{\/other_user}","gists_url":"https:\/\/api.github.com\/users\/itamarst\/gists{\/gist_id}","starred_url":"https:\/\/api.github.com\/users\/itamarst\/starred{\/owner}{\/repo}","subscriptions_url":"https:\/\/api.github.com\/users\/itamarst\/subscriptions","organizations_url":"https:\/\/api.github.com\/users\/itamarst\/orgs","repos_url":"https:\/\/api.github.com\/users\/itamarst\/repos","events_url":"https:\/\/api.github.com\/users\/itamarst\/events{\/privacy}","received_events_url":"https:\/\/api.github.com\/users\/itamarst\/received_events","type":"User","site_admin":false},"html_url":"https:\/\/github.com\/itamarst\/eliot","description":"Eliot: the logging system that tells you *why* it happened","fork":false,"url":"https:\/\/api.github.com\/repos\/itamarst\/eliot","forks_url":"https:\/\/api.github.com\/repos\/itamarst\/eliot\/forks","keys_url":"https:\/\/api.github.com\/repos\/itamarst\/eliot\/keys{\/key_id}","collaborators_url":"https:\/\/api.github.com\/repos\/itamarst\/eliot\/collaborators{\/collaborator}","teams_url":"https:\/\/api.github.com\/repos\/itamarst\/eliot\/teams","hooks_url":"https:\/\/api.github.com\/repos\/itamarst\/eliot\/hooks","issue_events_url":"https:\/\/api.github.com\/repos\/itamarst\/eliot\/issues\/events{\/number}","events_url":"https:\/\/api.github.com\/repos\/itamarst\/eliot\/events","assignees_url":"https:\/\/api.github.com\/repos\/itamarst\/eliot\/assignees{\/user}","branches_url":"https:\/\/api.github.com\/repos\/itamarst\/eliot\/branches{\/branch}","tags_url":"https:\/\/api.github.com\/repos\/itamarst\/eliot\/tags","blobs_url":"https:\/\/api.github.com\/repos\/itamarst\/eliot\/git\/blobs{\/sha}","git_tags_url":"https:\/\/api.github.com\/repos\/itamarst\/eliot\/git\/tags{\/sha}","git_refs_url":"https:\/\/api.github.com\/repos\/itamarst\/eliot\/git\/refs{\/sha}","trees_url":"https:\/\/api.github.com\/repos\/itamarst\/eliot\/git\/trees{\/sha}","statuses_url":"https:\/\/api.github.com\/repos\/itamarst\/eliot\/statuses\/{sha}","languages_url":"https:\/\/api.github.com\/repos\/itamarst\/eliot\/languages","stargazers_url":"https:\/\/api.github.com\/repos\/itamarst\/eliot\/stargazers","contributors_url":"https:\/\/api.github.com\/repos\/itamarst\/eliot\/contributors","subscribers_url":"https:\/\/api.github.com\/repos\/itamarst\/eliot\/subscribers","subscription_url":"https:\/\/api.github.com\/repos\/itamarst\/eliot\/subscription","commits_url":"https:\/\/api.github.com\/repos\/itamarst\/eliot\/commits{\/sha}","git_commits_url":"https:\/\/api.github.com\/repos\/itamarst\/eliot\/git\/commits{\/sha}","comments_url":"https:\/\/api.github.com\/repos\/itamarst\/eliot\/comments{\/number}","issue_comment_url":"https:\/\/api.github.com\/repos\/itamarst\/eliot\/issues\/comments{\/number}","contents_url":"https:\/\/api.github.com\/repos\/itamarst\/eliot\/contents\/{+path}","compare_url":"https:\/\/api.github.com\/repos\/itamarst\/eliot\/compare\/{base}...{head}","merges_url":"https:\/\/api.github.com\/repos\/itamarst\/eliot\/merges","archive_url":"https:\/\/api.github.com\/repos\/itamarst\/eliot\/{archive_format}{\/ref}","downloads_url":"https:\/\/api.github.com\/repos\/itamarst\/eliot\/downloads","issues_url":"https:\/\/api.github.com\/repos\/itamarst\/eliot\/issues{\/number}","pulls_url":"https:\/\/api.github.com\/repos\/itamarst\/eliot\/pulls{\/number}","milestones_url":"https:\/\/api.github.com\/repos\/itamarst\/eliot\/milestones{\/number}","notifications_url":"https:\/\/api.github.com\/repos\/itamarst\/eliot\/notifications{?since,all,participating}","labels_url":"https:\/\/api.github.com\/repos\/itamarst\/eliot\/labels{\/name}","releases_url":"https:\/\/api.github.com\/repos\/itamarst\/eliot\/releases{\/id}","deployments_url":"https:\/\/api.github.com\/repos\/itamarst\/eliot\/deployments","created_at":"2014-04-09T15:12:19Z","updated_at":"2019-01-25T22:49:37Z","pushed_at":"2019-01-02T18:19:45Z","git_url":"git:\/\/github.com\/itamarst\/eliot.git","ssh_url":"git@github.com:itamarst\/eliot.git","clone_url":"https:\/\/github.com\/itamarst\/eliot.git","svn_url":"https:\/\/github.com\/itamarst\/eliot","homepage":"https:\/\/eliot.readthedocs.io","size":1017,"stargazers_count":445,"watchers_count":445,"language":"Python","has_issues":true,"has_projects":true,"has_downloads":true,"has_wiki":true,"has_pages":false,"forks_count":32,"mirror_url":null,"archived":false,"open_issues_count":89,"license":{"key":"apache-2.0","name":"Apache License 2.0","spdx_id":"Apache-2.0","url":"https:\/\/api.github.com\/licenses\/apache-2.0","node_id":"MDc6TGljZW5zZTI="},"forks":32,"open_issues":89,"watchers":445,"default_branch":"master","score":61.20752},{"id":164816947,"node_id":"MDEwOlJlcG9zaXRvcnkxNjQ4MTY5NDc=","name":"stockpredictionai","full_name":"borisbanushev\/stockpredictionai","private":false,"owner":{"login":"borisbanushev","id":36700291,"node_id":"MDQ6VXNlcjM2NzAwMjkx","avatar_url":"https:\/\/avatars3.githubusercontent.com\/u\/36700291?v=4","gravatar_id":"","url":"https:\/\/api.github.com\/users\/borisbanushev","html_url":"https:\/\/github.com\/borisbanushev","followers_url":"https:\/\/api.github.com\/users\/borisbanushev\/followers","following_url":"https:\/\/api.github.com\/users\/borisbanushev\/following{\/other_user}","gists_url":"https:\/\/api.github.com\/users\/borisbanushev\/gists{\/gist_id}","starred_url":"https:\/\/api.github.com\/users\/borisbanushev\/starred{\/owner}{\/repo}","subscriptions_url":"https:\/\/api.github.com\/users\/borisbanushev\/subscriptions","organizations_url":"https:\/\/api.github.com\/users\/borisbanushev\/orgs","repos_url":"https:\/\/api.github.com\/users\/borisbanushev\/repos","events_url":"https:\/\/api.github.com\/users\/borisbanushev\/events{\/privacy}","received_events_url":"https:\/\/api.github.com\/users\/borisbanushev\/received_events","type":"User","site_admin":false},"html_url":"https:\/\/github.com\/borisbanushev\/stockpredictionai","description":"       In this noteboook I will create a complete process for predicting stock price movements. Follow along and we will achieve some pretty good results. For that purpose we will use a Generative Adversarial Network (GAN) with LSTM, a type of Recurrent Neural Network, as generator, and a Convolutional Neural Network, CNN, as a discriminator. We use LSTM for the obvious reason that we are trying to predict time series data. Why we use GAN and specifically CNN as a discriminator? That is a good question: there are special sections on that later.","fork":false,"url":"https:\/\/api.github.com\/repos\/borisbanushev\/stockpredictionai","forks_url":"https:\/\/api.github.com\/repos\/borisbanushev\/stockpredictionai\/forks","keys_url":"https:\/\/api.github.com\/repos\/borisbanushev\/stockpredictionai\/keys{\/key_id}","collaborators_url":"https:\/\/api.github.com\/repos\/borisbanushev\/stockpredictionai\/collaborators{\/collaborator}","teams_url":"https:\/\/api.github.com\/repos\/borisbanushev\/stockpredictionai\/teams","hooks_url":"https:\/\/api.github.com\/repos\/borisbanushev\/stockpredictionai\/hooks","issue_events_url":"https:\/\/api.github.com\/repos\/borisbanushev\/stockpredictionai\/issues\/events{\/number}","events_url":"https:\/\/api.github.com\/repos\/borisbanushev\/stockpredictionai\/events","assignees_url":"https:\/\/api.github.com\/repos\/borisbanushev\/stockpredictionai\/assignees{\/user}","branches_url":"https:\/\/api.github.com\/repos\/borisbanushev\/stockpredictionai\/branches{\/branch}","tags_url":"https:\/\/api.github.com\/repos\/borisbanushev\/stockpredictionai\/tags","blobs_url":"https:\/\/api.github.com\/repos\/borisbanushev\/stockpredictionai\/git\/blobs{\/sha}","git_tags_url":"https:\/\/api.github.com\/repos\/borisbanushev\/stockpredictionai\/git\/tags{\/sha}","git_refs_url":"https:\/\/api.github.com\/repos\/borisbanushev\/stockpredictionai\/git\/refs{\/sha}","trees_url":"https:\/\/api.github.com\/repos\/borisbanushev\/stockpredictionai\/git\/trees{\/sha}","statuses_url":"https:\/\/api.github.com\/repos\/borisbanushev\/stockpredictionai\/statuses\/{sha}","languages_url":"https:\/\/api.github.com\/repos\/borisbanushev\/stockpredictionai\/languages","stargazers_url":"https:\/\/api.github.com\/repos\/borisbanushev\/stockpredictionai\/stargazers","contributors_url":"https:\/\/api.github.com\/repos\/borisbanushev\/stockpredictionai\/contributors","subscribers_url":"https:\/\/api.github.com\/repos\/borisbanushev\/stockpredictionai\/subscribers","subscription_url":"https:\/\/api.github.com\/repos\/borisbanushev\/stockpredictionai\/subscription","commits_url":"https:\/\/api.github.com\/repos\/borisbanushev\/stockpredictionai\/commits{\/sha}","git_commits_url":"https:\/\/api.github.com\/repos\/borisbanushev\/stockpredictionai\/git\/commits{\/sha}","comments_url":"https:\/\/api.github.com\/repos\/borisbanushev\/stockpredictionai\/comments{\/number}","issue_comment_url":"https:\/\/api.github.com\/repos\/borisbanushev\/stockpredictionai\/issues\/comments{\/number}","contents_url":"https:\/\/api.github.com\/repos\/borisbanushev\/stockpredictionai\/contents\/{+path}","compare_url":"https:\/\/api.github.com\/repos\/borisbanushev\/stockpredictionai\/compare\/{base}...{head}","merges_url":"https:\/\/api.github.com\/repos\/borisbanushev\/stockpredictionai\/merges","archive_url":"https:\/\/api.github.com\/repos\/borisbanushev\/stockpredictionai\/{archive_format}{\/ref}","downloads_url":"https:\/\/api.github.com\/repos\/borisbanushev\/stockpredictionai\/downloads","issues_url":"https:\/\/api.github.com\/repos\/borisbanushev\/stockpredictionai\/issues{\/number}","pulls_url":"https:\/\/api.github.com\/repos\/borisbanushev\/stockpredictionai\/pulls{\/number}","milestones_url":"https:\/\/api.github.com\/repos\/borisbanushev\/stockpredictionai\/milestones{\/number}","notifications_url":"https:\/\/api.github.com\/repos\/borisbanushev\/stockpredictionai\/notifications{?since,all,participating}","labels_url":"https:\/\/api.github.com\/repos\/borisbanushev\/stockpredictionai\/labels{\/name}","releases_url":"https:\/\/api.github.com\/repos\/borisbanushev\/stockpredictionai\/releases{\/id}","deployments_url":"https:\/\/api.github.com\/repos\/borisbanushev\/stockpredictionai\/deployments","created_at":"2019-01-09T08:02:47Z","updated_at":"2019-01-28T20:24:48Z","pushed_at":"2019-01-24T20:24:50Z","git_url":"git:\/\/github.com\/borisbanushev\/stockpredictionai.git","ssh_url":"git@github.com:borisbanushev\/stockpredictionai.git","clone_url":"https:\/\/github.com\/borisbanushev\/stockpredictionai.git","svn_url":"https:\/\/github.com\/borisbanushev\/stockpredictionai","homepage":"","size":1950,"stargazers_count":417,"watchers_count":417,"language":null,"has_issues":true,"has_projects":true,"has_downloads":true,"has_wiki":true,"has_pages":false,"forks_count":181,"mirror_url":null,"archived":false,"open_issues_count":12,"license":null,"forks":181,"open_issues":12,"watchers":417,"default_branch":"master","score":14.908488},{"id":35077713,"node_id":"MDEwOlJlcG9zaXRvcnkzNTA3NzcxMw==","name":"whyliam.workflows.youdao","full_name":"liszd\/whyliam.workflows.youdao","private":false,"owner":{"login":"liszd","id":3387850,"node_id":"MDQ6VXNlcjMzODc4NTA=","avatar_url":"https:\/\/avatars0.githubusercontent.com\/u\/3387850?v=4","gravatar_id":"","url":"https:\/\/api.github.com\/users\/liszd","html_url":"https:\/\/github.com\/liszd","followers_url":"https:\/\/api.github.com\/users\/liszd\/followers","following_url":"https:\/\/api.github.com\/users\/liszd\/following{\/other_user}","gists_url":"https:\/\/api.github.com\/users\/liszd\/gists{\/gist_id}","starred_url":"https:\/\/api.github.com\/users\/liszd\/starred{\/owner}{\/repo}","subscriptions_url":"https:\/\/api.github.com\/users\/liszd\/subscriptions","organizations_url":"https:\/\/api.github.com\/users\/liszd\/orgs","repos_url":"https:\/\/api.github.com\/users\/liszd\/repos","events_url":"https:\/\/api.github.com\/users\/liszd\/events{\/privacy}","received_events_url":"https:\/\/api.github.com\/users\/liszd\/received_events","type":"User","site_admin":false},"html_url":"https:\/\/github.com\/liszd\/whyliam.workflows.youdao","description":"\u4f7f\u7528\u6709\u9053\u7ffb\u8bd1\u4f60\u60f3\u77e5\u9053\u7684\u5355\u8bcd\u548c\u8bed\u53e5","fork":false,"url":"https:\/\/api.github.com\/repos\/liszd\/whyliam.workflows.youdao","forks_url":"https:\/\/api.github.com\/repos\/liszd\/whyliam.workflows.youdao\/forks","keys_url":"https:\/\/api.github.com\/repos\/liszd\/whyliam.workflows.youdao\/keys{\/key_id}","collaborators_url":"https:\/\/api.github.com\/repos\/liszd\/whyliam.workflows.youdao\/collaborators{\/collaborator}","teams_url":"https:\/\/api.github.com\/repos\/liszd\/whyliam.workflows.youdao\/teams","hooks_url":"https:\/\/api.github.com\/repos\/liszd\/whyliam.workflows.youdao\/hooks","issue_events_url":"https:\/\/api.github.com\/repos\/liszd\/whyliam.workflows.youdao\/issues\/events{\/number}","events_url":"https:\/\/api.github.com\/repos\/liszd\/whyliam.workflows.youdao\/events","assignees_url":"https:\/\/api.github.com\/repos\/liszd\/whyliam.workflows.youdao\/assignees{\/user}","branches_url":"https:\/\/api.github.com\/repos\/liszd\/whyliam.workflows.youdao\/branches{\/branch}","tags_url":"https:\/\/api.github.com\/repos\/liszd\/whyliam.workflows.youdao\/tags","blobs_url":"https:\/\/api.github.com\/repos\/liszd\/whyliam.workflows.youdao\/git\/blobs{\/sha}","git_tags_url":"https:\/\/api.github.com\/repos\/liszd\/whyliam.workflows.youdao\/git\/tags{\/sha}","git_refs_url":"https:\/\/api.github.com\/repos\/liszd\/whyliam.workflows.youdao\/git\/refs{\/sha}","trees_url":"https:\/\/api.github.com\/repos\/liszd\/whyliam.workflows.youdao\/git\/trees{\/sha}","statuses_url":"https:\/\/api.github.com\/repos\/liszd\/whyliam.workflows.youdao\/statuses\/{sha}","languages_url":"https:\/\/api.github.com\/repos\/liszd\/whyliam.workflows.youdao\/languages","stargazers_url":"https:\/\/api.github.com\/repos\/liszd\/whyliam.workflows.youdao\/stargazers","contributors_url":"https:\/\/api.github.com\/repos\/liszd\/whyliam.workflows.youdao\/contributors","subscribers_url":"https:\/\/api.github.com\/repos\/liszd\/whyliam.workflows.youdao\/subscribers","subscription_url":"https:\/\/api.github.com\/repos\/liszd\/whyliam.workflows.youdao\/subscription","commits_url":"https:\/\/api.github.com\/repos\/liszd\/whyliam.workflows.youdao\/commits{\/sha}","git_commits_url":"https:\/\/api.github.com\/repos\/liszd\/whyliam.workflows.youdao\/git\/commits{\/sha}","comments_url":"https:\/\/api.github.com\/repos\/liszd\/whyliam.workflows.youdao\/comments{\/number}","issue_comment_url":"https:\/\/api.github.com\/repos\/liszd\/whyliam.workflows.youdao\/issues\/comments{\/number}","contents_url":"https:\/\/api.github.com\/repos\/liszd\/whyliam.workflows.youdao\/contents\/{+path}","compare_url":"https:\/\/api.github.com\/repos\/liszd\/whyliam.workflows.youdao\/compare\/{base}...{head}","merges_url":"https:\/\/api.github.com\/repos\/liszd\/whyliam.workflows.youdao\/merges","archive_url":"https:\/\/api.github.com\/repos\/liszd\/whyliam.workflows.youdao\/{archive_format}{\/ref}","downloads_url":"https:\/\/api.github.com\/repos\/liszd\/whyliam.workflows.youdao\/downloads","issues_url":"https:\/\/api.github.com\/repos\/liszd\/whyliam.workflows.youdao\/issues{\/number}","pulls_url":"https:\/\/api.github.com\/repos\/liszd\/whyliam.workflows.youdao\/pulls{\/number}","milestones_url":"https:\/\/api.github.com\/repos\/liszd\/whyliam.workflows.youdao\/milestones{\/number}","notifications_url":"https:\/\/api.github.com\/repos\/liszd\/whyliam.workflows.youdao\/notifications{?since,all,participating}","labels_url":"https:\/\/api.github.com\/repos\/liszd\/whyliam.workflows.youdao\/labels{\/name}","releases_url":"https:\/\/api.github.com\/repos\/liszd\/whyliam.workflows.youdao\/releases{\/id}","deployments_url":"https:\/\/api.github.com\/repos\/liszd\/whyliam.workflows.youdao\/deployments","created_at":"2015-05-05T04:23:14Z","updated_at":"2019-01-27T04:15:49Z","pushed_at":"2018-08-03T05:49:11Z","git_url":"git:\/\/github.com\/liszd\/whyliam.workflows.youdao.git","ssh_url":"git@github.com:liszd\/whyliam.workflows.youdao.git","clone_url":"https:\/\/github.com\/liszd\/whyliam.workflows.youdao.git","svn_url":"https:\/\/github.com\/liszd\/whyliam.workflows.youdao","homepage":"http:\/\/blog.naaln.com\/2015\/05\/repeat-create-the-wheel-alfred-plugin-youdao","size":3048,"stargazers_count":416,"watchers_count":416,"language":"Python","has_issues":true,"has_projects":true,"has_downloads":true,"has_wiki":true,"has_pages":false,"forks_count":72,"mirror_url":null,"archived":false,"open_issues_count":1,"license":{"key":"mit","name":"MIT License","spdx_id":"MIT","url":"https:\/\/api.github.com\/licenses\/mit","node_id":"MDc6TGljZW5zZTEz"},"forks":72,"open_issues":1,"watchers":416,"default_branch":"master","score":85.44288},{"id":2192780,"node_id":"MDEwOlJlcG9zaXRvcnkyMTkyNzgw","name":"jOOX","full_name":"jOOQ\/jOOX","private":false,"owner":{"login":"jOOQ","id":1666512,"node_id":"MDEyOk9yZ2FuaXphdGlvbjE2NjY1MTI=","avatar_url":"https:\/\/avatars3.githubusercontent.com\/u\/1666512?v=4","gravatar_id":"","url":"https:\/\/api.github.com\/users\/jOOQ","html_url":"https:\/\/github.com\/jOOQ","followers_url":"https:\/\/api.github.com\/users\/jOOQ\/followers","following_url":"https:\/\/api.github.com\/users\/jOOQ\/following{\/other_user}","gists_url":"https:\/\/api.github.com\/users\/jOOQ\/gists{\/gist_id}","starred_url":"https:\/\/api.github.com\/users\/jOOQ\/starred{\/owner}{\/repo}","subscriptions_url":"https:\/\/api.github.com\/users\/jOOQ\/subscriptions","organizations_url":"https:\/\/api.github.com\/users\/jOOQ\/orgs","repos_url":"https:\/\/api.github.com\/users\/jOOQ\/repos","events_url":"https:\/\/api.github.com\/users\/jOOQ\/events{\/privacy}","received_events_url":"https:\/\/api.github.com\/users\/jOOQ\/received_events","type":"Organization","site_admin":false},"html_url":"https:\/\/github.com\/jOOQ\/jOOX","description":"jOOX - The Power of jQuery Applied to W3C DOM Like JDBC, DOM is a powerful, yet very verbose low-level API to manipulate XML. The HTML DOM an be manipulated with the popular jQuery product, in JavaScript. Why don't we have jQuery in Java? jOOX is jQuery's XML parts, applied to Java.","fork":false,"url":"https:\/\/api.github.com\/repos\/jOOQ\/jOOX","forks_url":"https:\/\/api.github.com\/repos\/jOOQ\/jOOX\/forks","keys_url":"https:\/\/api.github.com\/repos\/jOOQ\/jOOX\/keys{\/key_id}","collaborators_url":"https:\/\/api.github.com\/repos\/jOOQ\/jOOX\/collaborators{\/collaborator}","teams_url":"https:\/\/api.github.com\/repos\/jOOQ\/jOOX\/teams","hooks_url":"https:\/\/api.github.com\/repos\/jOOQ\/jOOX\/hooks","issue_events_url":"https:\/\/api.github.com\/repos\/jOOQ\/jOOX\/issues\/events{\/number}","events_url":"https:\/\/api.github.com\/repos\/jOOQ\/jOOX\/events","assignees_url":"https:\/\/api.github.com\/repos\/jOOQ\/jOOX\/assignees{\/user}","branches_url":"https:\/\/api.github.com\/repos\/jOOQ\/jOOX\/branches{\/branch}","tags_url":"https:\/\/api.github.com\/repos\/jOOQ\/jOOX\/tags","blobs_url":"https:\/\/api.github.com\/repos\/jOOQ\/jOOX\/git\/blobs{\/sha}","git_tags_url":"https:\/\/api.github.com\/repos\/jOOQ\/jOOX\/git\/tags{\/sha}","git_refs_url":"https:\/\/api.github.com\/repos\/jOOQ\/jOOX\/git\/refs{\/sha}","trees_url":"https:\/\/api.github.com\/repos\/jOOQ\/jOOX\/git\/trees{\/sha}","statuses_url":"https:\/\/api.github.com\/repos\/jOOQ\/jOOX\/statuses\/{sha}","languages_url":"https:\/\/api.github.com\/repos\/jOOQ\/jOOX\/languages","stargazers_url":"https:\/\/api.github.com\/repos\/jOOQ\/jOOX\/stargazers","contributors_url":"https:\/\/api.github.com\/repos\/jOOQ\/jOOX\/contributors","subscribers_url":"https:\/\/api.github.com\/repos\/jOOQ\/jOOX\/subscribers","subscription_url":"https:\/\/api.github.com\/repos\/jOOQ\/jOOX\/subscription","commits_url":"https:\/\/api.github.com\/repos\/jOOQ\/jOOX\/commits{\/sha}","git_commits_url":"https:\/\/api.github.com\/repos\/jOOQ\/jOOX\/git\/commits{\/sha}","comments_url":"https:\/\/api.github.com\/repos\/jOOQ\/jOOX\/comments{\/number}","issue_comment_url":"https:\/\/api.github.com\/repos\/jOOQ\/jOOX\/issues\/comments{\/number}","contents_url":"https:\/\/api.github.com\/repos\/jOOQ\/jOOX\/contents\/{+path}","compare_url":"https:\/\/api.github.com\/repos\/jOOQ\/jOOX\/compare\/{base}...{head}","merges_url":"https:\/\/api.github.com\/repos\/jOOQ\/jOOX\/merges","archive_url":"https:\/\/api.github.com\/repos\/jOOQ\/jOOX\/{archive_format}{\/ref}","downloads_url":"https:\/\/api.github.com\/repos\/jOOQ\/jOOX\/downloads","issues_url":"https:\/\/api.github.com\/repos\/jOOQ\/jOOX\/issues{\/number}","pulls_url":"https:\/\/api.github.com\/repos\/jOOQ\/jOOX\/pulls{\/number}","milestones_url":"https:\/\/api.github.com\/repos\/jOOQ\/jOOX\/milestones{\/number}","notifications_url":"https:\/\/api.github.com\/repos\/jOOQ\/jOOX\/notifications{?since,all,participating}","labels_url":"https:\/\/api.github.com\/repos\/jOOQ\/jOOX\/labels{\/name}","releases_url":"https:\/\/api.github.com\/repos\/jOOQ\/jOOX\/releases{\/id}","deployments_url":"https:\/\/api.github.com\/repos\/jOOQ\/jOOX\/deployments","created_at":"2011-08-11T18:08:47Z","updated_at":"2019-01-29T02:59:21Z","pushed_at":"2018-09-10T11:04:36Z","git_url":"git:\/\/github.com\/jOOQ\/jOOX.git","ssh_url":"git@github.com:jOOQ\/jOOX.git","clone_url":"https:\/\/github.com\/jOOQ\/jOOX.git","svn_url":"https:\/\/github.com\/jOOQ\/jOOX","homepage":"http:\/\/www.jooq.org\/products","size":678,"stargazers_count":393,"watchers_count":393,"language":"Java","has_issues":true,"has_projects":true,"has_downloads":true,"has_wiki":true,"has_pages":false,"forks_count":33,"mirror_url":null,"archived":false,"open_issues_count":47,"license":{"key":"apache-2.0","name":"Apache License 2.0","spdx_id":"Apache-2.0","url":"https:\/\/api.github.com\/licenses\/apache-2.0","node_id":"MDc6TGljZW5zZTI="},"forks":33,"open_issues":47,"watchers":393,"default_branch":"master","score":19.783363},{"id":122733470,"node_id":"MDEwOlJlcG9zaXRvcnkxMjI3MzM0NzA=","name":"whybundled","full_name":"d4rkr00t\/whybundled","private":false,"owner":{"login":"d4rkr00t","id":200119,"node_id":"MDQ6VXNlcjIwMDExOQ==","avatar_url":"https:\/\/avatars2.githubusercontent.com\/u\/200119?v=4","gravatar_id":"","url":"https:\/\/api.github.com\/users\/d4rkr00t","html_url":"https:\/\/github.com\/d4rkr00t","followers_url":"https:\/\/api.github.com\/users\/d4rkr00t\/followers","following_url":"https:\/\/api.github.com\/users\/d4rkr00t\/following{\/other_user}","gists_url":"https:\/\/api.github.com\/users\/d4rkr00t\/gists{\/gist_id}","starred_url":"https:\/\/api.github.com\/users\/d4rkr00t\/starred{\/owner}{\/repo}","subscriptions_url":"https:\/\/api.github.com\/users\/d4rkr00t\/subscriptions","organizations_url":"https:\/\/api.github.com\/users\/d4rkr00t\/orgs","repos_url":"https:\/\/api.github.com\/users\/d4rkr00t\/repos","events_url":"https:\/\/api.github.com\/users\/d4rkr00t\/events{\/privacy}","received_events_url":"https:\/\/api.github.com\/users\/d4rkr00t\/received_events","type":"User","site_admin":false},"html_url":"https:\/\/github.com\/d4rkr00t\/whybundled","description":"Answers the question \u2013 Why the hell is this module in a bundle?","fork":false,"url":"https:\/\/api.github.com\/repos\/d4rkr00t\/whybundled","forks_url":"https:\/\/api.github.com\/repos\/d4rkr00t\/whybundled\/forks","keys_url":"https:\/\/api.github.com\/repos\/d4rkr00t\/whybundled\/keys{\/key_id}","collaborators_url":"https:\/\/api.github.com\/repos\/d4rkr00t\/whybundled\/collaborators{\/collaborator}","teams_url":"https:\/\/api.github.com\/repos\/d4rkr00t\/whybundled\/teams","hooks_url":"https:\/\/api.github.com\/repos\/d4rkr00t\/whybundled\/hooks","issue_events_url":"https:\/\/api.github.com\/repos\/d4rkr00t\/whybundled\/issues\/events{\/number}","events_url":"https:\/\/api.github.com\/repos\/d4rkr00t\/whybundled\/events","assignees_url":"https:\/\/api.github.com\/repos\/d4rkr00t\/whybundled\/assignees{\/user}","branches_url":"https:\/\/api.github.com\/repos\/d4rkr00t\/whybundled\/branches{\/branch}","tags_url":"https:\/\/api.github.com\/repos\/d4rkr00t\/whybundled\/tags","blobs_url":"https:\/\/api.github.com\/repos\/d4rkr00t\/whybundled\/git\/blobs{\/sha}","git_tags_url":"https:\/\/api.github.com\/repos\/d4rkr00t\/whybundled\/git\/tags{\/sha}","git_refs_url":"https:\/\/api.github.com\/repos\/d4rkr00t\/whybundled\/git\/refs{\/sha}","trees_url":"https:\/\/api.github.com\/repos\/d4rkr00t\/whybundled\/git\/trees{\/sha}","statuses_url":"https:\/\/api.github.com\/repos\/d4rkr00t\/whybundled\/statuses\/{sha}","languages_url":"https:\/\/api.github.com\/repos\/d4rkr00t\/whybundled\/languages","stargazers_url":"https:\/\/api.github.com\/repos\/d4rkr00t\/whybundled\/stargazers","contributors_url":"https:\/\/api.github.com\/repos\/d4rkr00t\/whybundled\/contributors","subscribers_url":"https:\/\/api.github.com\/repos\/d4rkr00t\/whybundled\/subscribers","subscription_url":"https:\/\/api.github.com\/repos\/d4rkr00t\/whybundled\/subscription","commits_url":"https:\/\/api.github.com\/repos\/d4rkr00t\/whybundled\/commits{\/sha}","git_commits_url":"https:\/\/api.github.com\/repos\/d4rkr00t\/whybundled\/git\/commits{\/sha}","comments_url":"https:\/\/api.github.com\/repos\/d4rkr00t\/whybundled\/comments{\/number}","issue_comment_url":"https:\/\/api.github.com\/repos\/d4rkr00t\/whybundled\/issues\/comments{\/number}","contents_url":"https:\/\/api.github.com\/repos\/d4rkr00t\/whybundled\/contents\/{+path}","compare_url":"https:\/\/api.github.com\/repos\/d4rkr00t\/whybundled\/compare\/{base}...{head}","merges_url":"https:\/\/api.github.com\/repos\/d4rkr00t\/whybundled\/merges","archive_url":"https:\/\/api.github.com\/repos\/d4rkr00t\/whybundled\/{archive_format}{\/ref}","downloads_url":"https:\/\/api.github.com\/repos\/d4rkr00t\/whybundled\/downloads","issues_url":"https:\/\/api.github.com\/repos\/d4rkr00t\/whybundled\/issues{\/number}","pulls_url":"https:\/\/api.github.com\/repos\/d4rkr00t\/whybundled\/pulls{\/number}","milestones_url":"https:\/\/api.github.com\/repos\/d4rkr00t\/whybundled\/milestones{\/number}","notifications_url":"https:\/\/api.github.com\/repos\/d4rkr00t\/whybundled\/notifications{?since,all,participating}","labels_url":"https:\/\/api.github.com\/repos\/d4rkr00t\/whybundled\/labels{\/name}","releases_url":"https:\/\/api.github.com\/repos\/d4rkr00t\/whybundled\/releases{\/id}","deployments_url":"https:\/\/api.github.com\/repos\/d4rkr00t\/whybundled\/deployments","created_at":"2018-02-24T11:12:27Z","updated_at":"2019-01-23T19:10:27Z","pushed_at":"2018-08-20T15:27:01Z","git_url":"git:\/\/github.com\/d4rkr00t\/whybundled.git","ssh_url":"git@github.com:d4rkr00t\/whybundled.git","clone_url":"https:\/\/github.com\/d4rkr00t\/whybundled.git","svn_url":"https:\/\/github.com\/d4rkr00t\/whybundled","homepage":"","size":2003,"stargazers_count":374,"watchers_count":374,"language":"JavaScript","has_issues":true,"has_projects":true,"has_downloads":true,"has_wiki":true,"has_pages":false,"forks_count":8,"mirror_url":null,"archived":false,"open_issues_count":0,"license":{"key":"mit","name":"MIT License","spdx_id":"MIT","url":"https:\/\/api.github.com\/licenses\/mit","node_id":"MDc6TGljZW5zZTEz"},"forks":8,"open_issues":0,"watchers":374,"default_branch":"master","score":68.71871},{"id":9549719,"node_id":"MDEwOlJlcG9zaXRvcnk5NTQ5NzE5","name":"CLOSURE","full_name":"steveklabnik\/CLOSURE","private":false,"owner":{"login":"steveklabnik","id":27786,"node_id":"MDQ6VXNlcjI3Nzg2","avatar_url":"https:\/\/avatars2.githubusercontent.com\/u\/27786?v=4","gravatar_id":"","url":"https:\/\/api.github.com\/users\/steveklabnik","html_url":"https:\/\/github.com\/steveklabnik","followers_url":"https:\/\/api.github.com\/users\/steveklabnik\/followers","following_url":"https:\/\/api.github.com\/users\/steveklabnik\/following{\/other_user}","gists_url":"https:\/\/api.github.com\/users\/steveklabnik\/gists{\/gist_id}","starred_url":"https:\/\/api.github.com\/users\/steveklabnik\/starred{\/owner}{\/repo}","subscriptions_url":"https:\/\/api.github.com\/users\/steveklabnik\/subscriptions","organizations_url":"https:\/\/api.github.com\/users\/steveklabnik\/orgs","repos_url":"https:\/\/api.github.com\/users\/steveklabnik\/repos","events_url":"https:\/\/api.github.com\/users\/steveklabnik\/events{\/privacy}","received_events_url":"https:\/\/api.github.com\/users\/steveklabnik\/received_events","type":"User","site_admin":false},"html_url":"https:\/\/github.com\/steveklabnik\/CLOSURE","description":"Thanks, _why.","fork":false,"url":"https:\/\/api.github.com\/repos\/steveklabnik\/CLOSURE","forks_url":"https:\/\/api.github.com\/repos\/steveklabnik\/CLOSURE\/forks","keys_url":"https:\/\/api.github.com\/repos\/steveklabnik\/CLOSURE\/keys{\/key_id}","collaborators_url":"https:\/\/api.github.com\/repos\/steveklabnik\/CLOSURE\/collaborators{\/collaborator}","teams_url":"https:\/\/api.github.com\/repos\/steveklabnik\/CLOSURE\/teams","hooks_url":"https:\/\/api.github.com\/repos\/steveklabnik\/CLOSURE\/hooks","issue_events_url":"https:\/\/api.github.com\/repos\/steveklabnik\/CLOSURE\/issues\/events{\/number}","events_url":"https:\/\/api.github.com\/repos\/steveklabnik\/CLOSURE\/events","assignees_url":"https:\/\/api.github.com\/repos\/steveklabnik\/CLOSURE\/assignees{\/user}","branches_url":"https:\/\/api.github.com\/repos\/steveklabnik\/CLOSURE\/branches{\/branch}","tags_url":"https:\/\/api.github.com\/repos\/steveklabnik\/CLOSURE\/tags","blobs_url":"https:\/\/api.github.com\/repos\/steveklabnik\/CLOSURE\/git\/blobs{\/sha}","git_tags_url":"https:\/\/api.github.com\/repos\/steveklabnik\/CLOSURE\/git\/tags{\/sha}","git_refs_url":"https:\/\/api.github.com\/repos\/steveklabnik\/CLOSURE\/git\/refs{\/sha}","trees_url":"https:\/\/api.github.com\/repos\/steveklabnik\/CLOSURE\/git\/trees{\/sha}","statuses_url":"https:\/\/api.github.com\/repos\/steveklabnik\/CLOSURE\/statuses\/{sha}","languages_url":"https:\/\/api.github.com\/repos\/steveklabnik\/CLOSURE\/languages","stargazers_url":"https:\/\/api.github.com\/repos\/steveklabnik\/CLOSURE\/stargazers","contributors_url":"https:\/\/api.github.com\/repos\/steveklabnik\/CLOSURE\/contributors","subscribers_url":"https:\/\/api.github.com\/repos\/steveklabnik\/CLOSURE\/subscribers","subscription_url":"https:\/\/api.github.com\/repos\/steveklabnik\/CLOSURE\/subscription","commits_url":"https:\/\/api.github.com\/repos\/steveklabnik\/CLOSURE\/commits{\/sha}","git_commits_url":"https:\/\/api.github.com\/repos\/steveklabnik\/CLOSURE\/git\/commits{\/sha}","comments_url":"https:\/\/api.github.com\/repos\/steveklabnik\/CLOSURE\/comments{\/number}","issue_comment_url":"https:\/\/api.github.com\/repos\/steveklabnik\/CLOSURE\/issues\/comments{\/number}","contents_url":"https:\/\/api.github.com\/repos\/steveklabnik\/CLOSURE\/contents\/{+path}","compare_url":"https:\/\/api.github.com\/repos\/steveklabnik\/CLOSURE\/compare\/{base}...{head}","merges_url":"https:\/\/api.github.com\/repos\/steveklabnik\/CLOSURE\/merges","archive_url":"https:\/\/api.github.com\/repos\/steveklabnik\/CLOSURE\/{archive_format}{\/ref}","downloads_url":"https:\/\/api.github.com\/repos\/steveklabnik\/CLOSURE\/downloads","issues_url":"https:\/\/api.github.com\/repos\/steveklabnik\/CLOSURE\/issues{\/number}","pulls_url":"https:\/\/api.github.com\/repos\/steveklabnik\/CLOSURE\/pulls{\/number}","milestones_url":"https:\/\/api.github.com\/repos\/steveklabnik\/CLOSURE\/milestones{\/number}","notifications_url":"https:\/\/api.github.com\/repos\/steveklabnik\/CLOSURE\/notifications{?since,all,participating}","labels_url":"https:\/\/api.github.com\/repos\/steveklabnik\/CLOSURE\/labels{\/name}","releases_url":"https:\/\/api.github.com\/repos\/steveklabnik\/CLOSURE\/releases{\/id}","deployments_url":"https:\/\/api.github.com\/repos\/steveklabnik\/CLOSURE\/deployments","created_at":"2013-04-19T16:35:35Z","updated_at":"2019-01-25T03:10:45Z","pushed_at":"2016-08-19T21:52:58Z","git_url":"git:\/\/github.com\/steveklabnik\/CLOSURE.git","ssh_url":"git@github.com:steveklabnik\/CLOSURE.git","clone_url":"https:\/\/github.com\/steveklabnik\/CLOSURE.git","svn_url":"https:\/\/github.com\/steveklabnik\/CLOSURE","homepage":null,"size":98819,"stargazers_count":347,"watchers_count":347,"language":null,"has_issues":true,"has_projects":true,"has_downloads":true,"has_wiki":true,"has_pages":false,"forks_count":29,"mirror_url":null,"archived":false,"open_issues_count":1,"license":null,"forks":29,"open_issues":1,"watchers":347,"default_branch":"master","score":83.837456},{"id":285132,"node_id":"MDEwOlJlcG9zaXRvcnkyODUxMzI=","name":"TryRuby","full_name":"Sophrinix\/TryRuby","private":false,"owner":{"login":"Sophrinix","id":34090,"node_id":"MDQ6VXNlcjM0MDkw","avatar_url":"https:\/\/avatars1.githubusercontent.com\/u\/34090?v=4","gravatar_id":"","url":"https:\/\/api.github.com\/users\/Sophrinix","html_url":"https:\/\/github.com\/Sophrinix","followers_url":"https:\/\/api.github.com\/users\/Sophrinix\/followers","following_url":"https:\/\/api.github.com\/users\/Sophrinix\/following{\/other_user}","gists_url":"https:\/\/api.github.com\/users\/Sophrinix\/gists{\/gist_id}","starred_url":"https:\/\/api.github.com\/users\/Sophrinix\/starred{\/owner}{\/repo}","subscriptions_url":"https:\/\/api.github.com\/users\/Sophrinix\/subscriptions","organizations_url":"https:\/\/api.github.com\/users\/Sophrinix\/orgs","repos_url":"https:\/\/api.github.com\/users\/Sophrinix\/repos","events_url":"https:\/\/api.github.com\/users\/Sophrinix\/events{\/privacy}","received_events_url":"https:\/\/api.github.com\/users\/Sophrinix\/received_events","type":"User","site_admin":false},"html_url":"https:\/\/github.com\/Sophrinix\/TryRuby","description":"Try Ruby is a interactive shell that quickly and whimsically teaches the Ruby programming language. Originally _why's idea, it has been recreated from the ground up by Rubyists who have a passion for Ruby and for teaching their fellow (wo)man how to program.","fork":false,"url":"https:\/\/api.github.com\/repos\/Sophrinix\/TryRuby","forks_url":"https:\/\/api.github.com\/repos\/Sophrinix\/TryRuby\/forks","keys_url":"https:\/\/api.github.com\/repos\/Sophrinix\/TryRuby\/keys{\/key_id}","collaborators_url":"https:\/\/api.github.com\/repos\/Sophrinix\/TryRuby\/collaborators{\/collaborator}","teams_url":"https:\/\/api.github.com\/repos\/Sophrinix\/TryRuby\/teams","hooks_url":"https:\/\/api.github.com\/repos\/Sophrinix\/TryRuby\/hooks","issue_events_url":"https:\/\/api.github.com\/repos\/Sophrinix\/TryRuby\/issues\/events{\/number}","events_url":"https:\/\/api.github.com\/repos\/Sophrinix\/TryRuby\/events","assignees_url":"https:\/\/api.github.com\/repos\/Sophrinix\/TryRuby\/assignees{\/user}","branches_url":"https:\/\/api.github.com\/repos\/Sophrinix\/TryRuby\/branches{\/branch}","tags_url":"https:\/\/api.github.com\/repos\/Sophrinix\/TryRuby\/tags","blobs_url":"https:\/\/api.github.com\/repos\/Sophrinix\/TryRuby\/git\/blobs{\/sha}","git_tags_url":"https:\/\/api.github.com\/repos\/Sophrinix\/TryRuby\/git\/tags{\/sha}","git_refs_url":"https:\/\/api.github.com\/repos\/Sophrinix\/TryRuby\/git\/refs{\/sha}","trees_url":"https:\/\/api.github.com\/repos\/Sophrinix\/TryRuby\/git\/trees{\/sha}","statuses_url":"https:\/\/api.github.com\/repos\/Sophrinix\/TryRuby\/statuses\/{sha}","languages_url":"https:\/\/api.github.com\/repos\/Sophrinix\/TryRuby\/languages","stargazers_url":"https:\/\/api.github.com\/repos\/Sophrinix\/TryRuby\/stargazers","contributors_url":"https:\/\/api.github.com\/repos\/Sophrinix\/TryRuby\/contributors","subscribers_url":"https:\/\/api.github.com\/repos\/Sophrinix\/TryRuby\/subscribers","subscription_url":"https:\/\/api.github.com\/repos\/Sophrinix\/TryRuby\/subscription","commits_url":"https:\/\/api.github.com\/repos\/Sophrinix\/TryRuby\/commits{\/sha}","git_commits_url":"https:\/\/api.github.com\/repos\/Sophrinix\/TryRuby\/git\/commits{\/sha}","comments_url":"https:\/\/api.github.com\/repos\/Sophrinix\/TryRuby\/comments{\/number}","issue_comment_url":"https:\/\/api.github.com\/repos\/Sophrinix\/TryRuby\/issues\/comments{\/number}","contents_url":"https:\/\/api.github.com\/repos\/Sophrinix\/TryRuby\/contents\/{+path}","compare_url":"https:\/\/api.github.com\/repos\/Sophrinix\/TryRuby\/compare\/{base}...{head}","merges_url":"https:\/\/api.github.com\/repos\/Sophrinix\/TryRuby\/merges","archive_url":"https:\/\/api.github.com\/repos\/Sophrinix\/TryRuby\/{archive_format}{\/ref}","downloads_url":"https:\/\/api.github.com\/repos\/Sophrinix\/TryRuby\/downloads","issues_url":"https:\/\/api.github.com\/repos\/Sophrinix\/TryRuby\/issues{\/number}","pulls_url":"https:\/\/api.github.com\/repos\/Sophrinix\/TryRuby\/pulls{\/number}","milestones_url":"https:\/\/api.github.com\/repos\/Sophrinix\/TryRuby\/milestones{\/number}","notifications_url":"https:\/\/api.github.com\/repos\/Sophrinix\/TryRuby\/notifications{?since,all,participating}","labels_url":"https:\/\/api.github.com\/repos\/Sophrinix\/TryRuby\/labels{\/name}","releases_url":"https:\/\/api.github.com\/repos\/Sophrinix\/TryRuby\/releases{\/id}","deployments_url":"https:\/\/api.github.com\/repos\/Sophrinix\/TryRuby\/deployments","created_at":"2009-08-22T17:31:37Z","updated_at":"2019-01-21T09:33:14Z","pushed_at":"2018-06-02T04:32:55Z","git_url":"git:\/\/github.com\/Sophrinix\/TryRuby.git","ssh_url":"git@github.com:Sophrinix\/TryRuby.git","clone_url":"https:\/\/github.com\/Sophrinix\/TryRuby.git","svn_url":"https:\/\/github.com\/Sophrinix\/TryRuby","homepage":"tryruby.org","size":881,"stargazers_count":346,"watchers_count":346,"language":"HTML","has_issues":true,"has_projects":true,"has_downloads":true,"has_wiki":true,"has_pages":false,"forks_count":82,"mirror_url":null,"archived":false,"open_issues_count":69,"license":null,"forks":82,"open_issues":69,"watchers":346,"default_branch":"master","score":21.90222},{"id":139259807,"node_id":"MDEwOlJlcG9zaXRvcnkxMzkyNTk4MDc=","name":"UserDefaultsStore","full_name":"omaralbeik\/UserDefaultsStore","private":false,"owner":{"login":"omaralbeik","id":8127757,"node_id":"MDQ6VXNlcjgxMjc3NTc=","avatar_url":"https:\/\/avatars2.githubusercontent.com\/u\/8127757?v=4","gravatar_id":"","url":"https:\/\/api.github.com\/users\/omaralbeik","html_url":"https:\/\/github.com\/omaralbeik","followers_url":"https:\/\/api.github.com\/users\/omaralbeik\/followers","following_url":"https:\/\/api.github.com\/users\/omaralbeik\/following{\/other_user}","gists_url":"https:\/\/api.github.com\/users\/omaralbeik\/gists{\/gist_id}","starred_url":"https:\/\/api.github.com\/users\/omaralbeik\/starred{\/owner}{\/repo}","subscriptions_url":"https:\/\/api.github.com\/users\/omaralbeik\/subscriptions","organizations_url":"https:\/\/api.github.com\/users\/omaralbeik\/orgs","repos_url":"https:\/\/api.github.com\/users\/omaralbeik\/repos","events_url":"https:\/\/api.github.com\/users\/omaralbeik\/events{\/privacy}","received_events_url":"https:\/\/api.github.com\/users\/omaralbeik\/received_events","type":"User","site_admin":false},"html_url":"https:\/\/github.com\/omaralbeik\/UserDefaultsStore","description":"Why not use UserDefaults to store Codable objects \ud83d\ude09","fork":false,"url":"https:\/\/api.github.com\/repos\/omaralbeik\/UserDefaultsStore","forks_url":"https:\/\/api.github.com\/repos\/omaralbeik\/UserDefaultsStore\/forks","keys_url":"https:\/\/api.github.com\/repos\/omaralbeik\/UserDefaultsStore\/keys{\/key_id}","collaborators_url":"https:\/\/api.github.com\/repos\/omaralbeik\/UserDefaultsStore\/collaborators{\/collaborator}","teams_url":"https:\/\/api.github.com\/repos\/omaralbeik\/UserDefaultsStore\/teams","hooks_url":"https:\/\/api.github.com\/repos\/omaralbeik\/UserDefaultsStore\/hooks","issue_events_url":"https:\/\/api.github.com\/repos\/omaralbeik\/UserDefaultsStore\/issues\/events{\/number}","events_url":"https:\/\/api.github.com\/repos\/omaralbeik\/UserDefaultsStore\/events","assignees_url":"https:\/\/api.github.com\/repos\/omaralbeik\/UserDefaultsStore\/assignees{\/user}","branches_url":"https:\/\/api.github.com\/repos\/omaralbeik\/UserDefaultsStore\/branches{\/branch}","tags_url":"https:\/\/api.github.com\/repos\/omaralbeik\/UserDefaultsStore\/tags","blobs_url":"https:\/\/api.github.com\/repos\/omaralbeik\/UserDefaultsStore\/git\/blobs{\/sha}","git_tags_url":"https:\/\/api.github.com\/repos\/omaralbeik\/UserDefaultsStore\/git\/tags{\/sha}","git_refs_url":"https:\/\/api.github.com\/repos\/omaralbeik\/UserDefaultsStore\/git\/refs{\/sha}","trees_url":"https:\/\/api.github.com\/repos\/omaralbeik\/UserDefaultsStore\/git\/trees{\/sha}","statuses_url":"https:\/\/api.github.com\/repos\/omaralbeik\/UserDefaultsStore\/statuses\/{sha}","languages_url":"https:\/\/api.github.com\/repos\/omaralbeik\/UserDefaultsStore\/languages","stargazers_url":"https:\/\/api.github.com\/repos\/omaralbeik\/UserDefaultsStore\/stargazers","contributors_url":"https:\/\/api.github.com\/repos\/omaralbeik\/UserDefaultsStore\/contributors","subscribers_url":"https:\/\/api.github.com\/repos\/omaralbeik\/UserDefaultsStore\/subscribers","subscription_url":"https:\/\/api.github.com\/repos\/omaralbeik\/UserDefaultsStore\/subscription","commits_url":"https:\/\/api.github.com\/repos\/omaralbeik\/UserDefaultsStore\/commits{\/sha}","git_commits_url":"https:\/\/api.github.com\/repos\/omaralbeik\/UserDefaultsStore\/git\/commits{\/sha}","comments_url":"https:\/\/api.github.com\/repos\/omaralbeik\/UserDefaultsStore\/comments{\/number}","issue_comment_url":"https:\/\/api.github.com\/repos\/omaralbeik\/UserDefaultsStore\/issues\/comments{\/number}","contents_url":"https:\/\/api.github.com\/repos\/omaralbeik\/UserDefaultsStore\/contents\/{+path}","compare_url":"https:\/\/api.github.com\/repos\/omaralbeik\/UserDefaultsStore\/compare\/{base}...{head}","merges_url":"https:\/\/api.github.com\/repos\/omaralbeik\/UserDefaultsStore\/merges","archive_url":"https:\/\/api.github.com\/repos\/omaralbeik\/UserDefaultsStore\/{archive_format}{\/ref}","downloads_url":"https:\/\/api.github.com\/repos\/omaralbeik\/UserDefaultsStore\/downloads","issues_url":"https:\/\/api.github.com\/repos\/omaralbeik\/UserDefaultsStore\/issues{\/number}","pulls_url":"https:\/\/api.github.com\/repos\/omaralbeik\/UserDefaultsStore\/pulls{\/number}","milestones_url":"https:\/\/api.github.com\/repos\/omaralbeik\/UserDefaultsStore\/milestones{\/number}","notifications_url":"https:\/\/api.github.com\/repos\/omaralbeik\/UserDefaultsStore\/notifications{?since,all,participating}","labels_url":"https:\/\/api.github.com\/repos\/omaralbeik\/UserDefaultsStore\/labels{\/name}","releases_url":"https:\/\/api.github.com\/repos\/omaralbeik\/UserDefaultsStore\/releases{\/id}","deployments_url":"https:\/\/api.github.com\/repos\/omaralbeik\/UserDefaultsStore\/deployments","created_at":"2018-06-30T15:29:31Z","updated_at":"2019-01-28T22:49:33Z","pushed_at":"2018-11-08T05:49:36Z","git_url":"git:\/\/github.com\/omaralbeik\/UserDefaultsStore.git","ssh_url":"git@github.com:omaralbeik\/UserDefaultsStore.git","clone_url":"https:\/\/github.com\/omaralbeik\/UserDefaultsStore.git","svn_url":"https:\/\/github.com\/omaralbeik\/UserDefaultsStore","homepage":null,"size":388,"stargazers_count":311,"watchers_count":311,"language":"Swift","has_issues":true,"has_projects":false,"has_downloads":true,"has_wiki":false,"has_pages":false,"forks_count":13,"mirror_url":null,"archived":false,"open_issues_count":2,"license":{"key":"mit","name":"MIT License","spdx_id":"MIT","url":"https:\/\/api.github.com\/licenses\/mit","node_id":"MDc6TGljZW5zZTEz"},"forks":13,"open_issues":2,"watchers":311,"default_branch":"master","score":51.533653},{"id":1666180,"node_id":"MDEwOlJlcG9zaXRvcnkxNjY2MTgw","name":"why_i_love_github","full_name":"schacon\/why_i_love_github","private":false,"owner":{"login":"schacon","id":70,"node_id":"MDQ6VXNlcjcw","avatar_url":"https:\/\/avatars0.githubusercontent.com\/u\/70?v=4","gravatar_id":"","url":"https:\/\/api.github.com\/users\/schacon","html_url":"https:\/\/github.com\/schacon","followers_url":"https:\/\/api.github.com\/users\/schacon\/followers","following_url":"https:\/\/api.github.com\/users\/schacon\/following{\/other_user}","gists_url":"https:\/\/api.github.com\/users\/schacon\/gists{\/gist_id}","starred_url":"https:\/\/api.github.com\/users\/schacon\/starred{\/owner}{\/repo}","subscriptions_url":"https:\/\/api.github.com\/users\/schacon\/subscriptions","organizations_url":"https:\/\/api.github.com\/users\/schacon\/orgs","repos_url":"https:\/\/api.github.com\/users\/schacon\/repos","events_url":"https:\/\/api.github.com\/users\/schacon\/events{\/privacy}","received_events_url":"https:\/\/api.github.com\/users\/schacon\/received_events","type":"User","site_admin":false},"html_url":"https:\/\/github.com\/schacon\/why_i_love_github","description":null,"fork":false,"url":"https:\/\/api.github.com\/repos\/schacon\/why_i_love_github","forks_url":"https:\/\/api.github.com\/repos\/schacon\/why_i_love_github\/forks","keys_url":"https:\/\/api.github.com\/repos\/schacon\/why_i_love_github\/keys{\/key_id}","collaborators_url":"https:\/\/api.github.com\/repos\/schacon\/why_i_love_github\/collaborators{\/collaborator}","teams_url":"https:\/\/api.github.com\/repos\/schacon\/why_i_love_github\/teams","hooks_url":"https:\/\/api.github.com\/repos\/schacon\/why_i_love_github\/hooks","issue_events_url":"https:\/\/api.github.com\/repos\/schacon\/why_i_love_github\/issues\/events{\/number}","events_url":"https:\/\/api.github.com\/repos\/schacon\/why_i_love_github\/events","assignees_url":"https:\/\/api.github.com\/repos\/schacon\/why_i_love_github\/assignees{\/user}","branches_url":"https:\/\/api.github.com\/repos\/schacon\/why_i_love_github\/branches{\/branch}","tags_url":"https:\/\/api.github.com\/repos\/schacon\/why_i_love_github\/tags","blobs_url":"https:\/\/api.github.com\/repos\/schacon\/why_i_love_github\/git\/blobs{\/sha}","git_tags_url":"https:\/\/api.github.com\/repos\/schacon\/why_i_love_github\/git\/tags{\/sha}","git_refs_url":"https:\/\/api.github.com\/repos\/schacon\/why_i_love_github\/git\/refs{\/sha}","trees_url":"https:\/\/api.github.com\/repos\/schacon\/why_i_love_github\/git\/trees{\/sha}","statuses_url":"https:\/\/api.github.com\/repos\/schacon\/why_i_love_github\/statuses\/{sha}","languages_url":"https:\/\/api.github.com\/repos\/schacon\/why_i_love_github\/languages","stargazers_url":"https:\/\/api.github.com\/repos\/schacon\/why_i_love_github\/stargazers","contributors_url":"https:\/\/api.github.com\/repos\/schacon\/why_i_love_github\/contributors","subscribers_url":"https:\/\/api.github.com\/repos\/schacon\/why_i_love_github\/subscribers","subscription_url":"https:\/\/api.github.com\/repos\/schacon\/why_i_love_github\/subscription","commits_url":"https:\/\/api.github.com\/repos\/schacon\/why_i_love_github\/commits{\/sha}","git_commits_url":"https:\/\/api.github.com\/repos\/schacon\/why_i_love_github\/git\/commits{\/sha}","comments_url":"https:\/\/api.github.com\/repos\/schacon\/why_i_love_github\/comments{\/number}","issue_comment_url":"https:\/\/api.github.com\/repos\/schacon\/why_i_love_github\/issues\/comments{\/number}","contents_url":"https:\/\/api.github.com\/repos\/schacon\/why_i_love_github\/contents\/{+path}","compare_url":"https:\/\/api.github.com\/repos\/schacon\/why_i_love_github\/compare\/{base}...{head}","merges_url":"https:\/\/api.github.com\/repos\/schacon\/why_i_love_github\/merges","archive_url":"https:\/\/api.github.com\/repos\/schacon\/why_i_love_github\/{archive_format}{\/ref}","downloads_url":"https:\/\/api.github.com\/repos\/schacon\/why_i_love_github\/downloads","issues_url":"https:\/\/api.github.com\/repos\/schacon\/why_i_love_github\/issues{\/number}","pulls_url":"https:\/\/api.github.com\/repos\/schacon\/why_i_love_github\/pulls{\/number}","milestones_url":"https:\/\/api.github.com\/repos\/schacon\/why_i_love_github\/milestones{\/number}","notifications_url":"https:\/\/api.github.com\/repos\/schacon\/why_i_love_github\/notifications{?since,all,participating}","labels_url":"https:\/\/api.github.com\/repos\/schacon\/why_i_love_github\/labels{\/name}","releases_url":"https:\/\/api.github.com\/repos\/schacon\/why_i_love_github\/releases{\/id}","deployments_url":"https:\/\/api.github.com\/repos\/schacon\/why_i_love_github\/deployments","created_at":"2011-04-26T17:18:57Z","updated_at":"2018-12-26T22:44:49Z","pushed_at":"2018-09-06T06:18:12Z","git_url":"git:\/\/github.com\/schacon\/why_i_love_github.git","ssh_url":"git@github.com:schacon\/why_i_love_github.git","clone_url":"https:\/\/github.com\/schacon\/why_i_love_github.git","svn_url":"https:\/\/github.com\/schacon\/why_i_love_github","homepage":"","size":296,"stargazers_count":269,"watchers_count":269,"language":null,"has_issues":true,"has_projects":true,"has_downloads":true,"has_wiki":true,"has_pages":false,"forks_count":202,"mirror_url":null,"archived":false,"open_issues_count":115,"license":null,"forks":202,"open_issues":115,"watchers":269,"default_branch":"master","score":94.838585},{"id":5762352,"node_id":"MDEwOlJlcG9zaXRvcnk1NzYyMzUy","name":"nightowls","full_name":"Swizec\/nightowls","private":false,"owner":{"login":"Swizec","id":56883,"node_id":"MDQ6VXNlcjU2ODgz","avatar_url":"https:\/\/avatars0.githubusercontent.com\/u\/56883?v=4","gravatar_id":"","url":"https:\/\/api.github.com\/users\/Swizec","html_url":"https:\/\/github.com\/Swizec","followers_url":"https:\/\/api.github.com\/users\/Swizec\/followers","following_url":"https:\/\/api.github.com\/users\/Swizec\/following{\/other_user}","gists_url":"https:\/\/api.github.com\/users\/Swizec\/gists{\/gist_id}","starred_url":"https:\/\/api.github.com\/users\/Swizec\/starred{\/owner}{\/repo}","subscriptions_url":"https:\/\/api.github.com\/users\/Swizec\/subscriptions","organizations_url":"https:\/\/api.github.com\/users\/Swizec\/orgs","repos_url":"https:\/\/api.github.com\/users\/Swizec\/repos","events_url":"https:\/\/api.github.com\/users\/Swizec\/events{\/privacy}","received_events_url":"https:\/\/api.github.com\/users\/Swizec\/received_events","type":"User","site_admin":false},"html_url":"https:\/\/github.com\/Swizec\/nightowls","description":"Why programmers work at night - a book about programmers, by a programmer","fork":false,"url":"https:\/\/api.github.com\/repos\/Swizec\/nightowls","forks_url":"https:\/\/api.github.com\/repos\/Swizec\/nightowls\/forks","keys_url":"https:\/\/api.github.com\/repos\/Swizec\/nightowls\/keys{\/key_id}","collaborators_url":"https:\/\/api.github.com\/repos\/Swizec\/nightowls\/collaborators{\/collaborator}","teams_url":"https:\/\/api.github.com\/repos\/Swizec\/nightowls\/teams","hooks_url":"https:\/\/api.github.com\/repos\/Swizec\/nightowls\/hooks","issue_events_url":"https:\/\/api.github.com\/repos\/Swizec\/nightowls\/issues\/events{\/number}","events_url":"https:\/\/api.github.com\/repos\/Swizec\/nightowls\/events","assignees_url":"https:\/\/api.github.com\/repos\/Swizec\/nightowls\/assignees{\/user}","branches_url":"https:\/\/api.github.com\/repos\/Swizec\/nightowls\/branches{\/branch}","tags_url":"https:\/\/api.github.com\/repos\/Swizec\/nightowls\/tags","blobs_url":"https:\/\/api.github.com\/repos\/Swizec\/nightowls\/git\/blobs{\/sha}","git_tags_url":"https:\/\/api.github.com\/repos\/Swizec\/nightowls\/git\/tags{\/sha}","git_refs_url":"https:\/\/api.github.com\/repos\/Swizec\/nightowls\/git\/refs{\/sha}","trees_url":"https:\/\/api.github.com\/repos\/Swizec\/nightowls\/git\/trees{\/sha}","statuses_url":"https:\/\/api.github.com\/repos\/Swizec\/nightowls\/statuses\/{sha}","languages_url":"https:\/\/api.github.com\/repos\/Swizec\/nightowls\/languages","stargazers_url":"https:\/\/api.github.com\/repos\/Swizec\/nightowls\/stargazers","contributors_url":"https:\/\/api.github.com\/repos\/Swizec\/nightowls\/contributors","subscribers_url":"https:\/\/api.github.com\/repos\/Swizec\/nightowls\/subscribers","subscription_url":"https:\/\/api.github.com\/repos\/Swizec\/nightowls\/subscription","commits_url":"https:\/\/api.github.com\/repos\/Swizec\/nightowls\/commits{\/sha}","git_commits_url":"https:\/\/api.github.com\/repos\/Swizec\/nightowls\/git\/commits{\/sha}","comments_url":"https:\/\/api.github.com\/repos\/Swizec\/nightowls\/comments{\/number}","issue_comment_url":"https:\/\/api.github.com\/repos\/Swizec\/nightowls\/issues\/comments{\/number}","contents_url":"https:\/\/api.github.com\/repos\/Swizec\/nightowls\/contents\/{+path}","compare_url":"https:\/\/api.github.com\/repos\/Swizec\/nightowls\/compare\/{base}...{head}","merges_url":"https:\/\/api.github.com\/repos\/Swizec\/nightowls\/merges","archive_url":"https:\/\/api.github.com\/repos\/Swizec\/nightowls\/{archive_format}{\/ref}","downloads_url":"https:\/\/api.github.com\/repos\/Swizec\/nightowls\/downloads","issues_url":"https:\/\/api.github.com\/repos\/Swizec\/nightowls\/issues{\/number}","pulls_url":"https:\/\/api.github.com\/repos\/Swizec\/nightowls\/pulls{\/number}","milestones_url":"https:\/\/api.github.com\/repos\/Swizec\/nightowls\/milestones{\/number}","notifications_url":"https:\/\/api.github.com\/repos\/Swizec\/nightowls\/notifications{?since,all,participating}","labels_url":"https:\/\/api.github.com\/repos\/Swizec\/nightowls\/labels{\/name}","releases_url":"https:\/\/api.github.com\/repos\/Swizec\/nightowls\/releases{\/id}","deployments_url":"https:\/\/api.github.com\/repos\/Swizec\/nightowls\/deployments","created_at":"2012-09-11T08:55:05Z","updated_at":"2019-01-22T17:12:56Z","pushed_at":"2017-04-24T09:21:43Z","git_url":"git:\/\/github.com\/Swizec\/nightowls.git","ssh_url":"git@github.com:Swizec\/nightowls.git","clone_url":"https:\/\/github.com\/Swizec\/nightowls.git","svn_url":"https:\/\/github.com\/Swizec\/nightowls","homepage":"https:\/\/leanpub.com\/nightowls","size":1301,"stargazers_count":267,"watchers_count":267,"language":null,"has_issues":true,"has_projects":true,"has_downloads":true,"has_wiki":true,"has_pages":false,"forks_count":23,"mirror_url":null,"archived":false,"open_issues_count":7,"license":null,"forks":23,"open_issues":7,"watchers":267,"default_branch":"master","score":46.150406},{"id":86715491,"node_id":"MDEwOlJlcG9zaXRvcnk4NjcxNTQ5MQ==","name":"pmdarima","full_name":"tgsmith61591\/pmdarima","private":false,"owner":{"login":"tgsmith61591","id":6124706,"node_id":"MDQ6VXNlcjYxMjQ3MDY=","avatar_url":"https:\/\/avatars0.githubusercontent.com\/u\/6124706?v=4","gravatar_id":"","url":"https:\/\/api.github.com\/users\/tgsmith61591","html_url":"https:\/\/github.com\/tgsmith61591","followers_url":"https:\/\/api.github.com\/users\/tgsmith61591\/followers","following_url":"https:\/\/api.github.com\/users\/tgsmith61591\/following{\/other_user}","gists_url":"https:\/\/api.github.com\/users\/tgsmith61591\/gists{\/gist_id}","starred_url":"https:\/\/api.github.com\/users\/tgsmith61591\/starred{\/owner}{\/repo}","subscriptions_url":"https:\/\/api.github.com\/users\/tgsmith61591\/subscriptions","organizations_url":"https:\/\/api.github.com\/users\/tgsmith61591\/orgs","repos_url":"https:\/\/api.github.com\/users\/tgsmith61591\/repos","events_url":"https:\/\/api.github.com\/users\/tgsmith61591\/events{\/privacy}","received_events_url":"https:\/\/api.github.com\/users\/tgsmith61591\/received_events","type":"User","site_admin":false},"html_url":"https:\/\/github.com\/tgsmith61591\/pmdarima","description":"A package that brings R's beloved auto.arima to Python, making an even stronger case for why Python > R for data science. ","fork":false,"url":"https:\/\/api.github.com\/repos\/tgsmith61591\/pmdarima","forks_url":"https:\/\/api.github.com\/repos\/tgsmith61591\/pmdarima\/forks","keys_url":"https:\/\/api.github.com\/repos\/tgsmith61591\/pmdarima\/keys{\/key_id}","collaborators_url":"https:\/\/api.github.com\/repos\/tgsmith61591\/pmdarima\/collaborators{\/collaborator}","teams_url":"https:\/\/api.github.com\/repos\/tgsmith61591\/pmdarima\/teams","hooks_url":"https:\/\/api.github.com\/repos\/tgsmith61591\/pmdarima\/hooks","issue_events_url":"https:\/\/api.github.com\/repos\/tgsmith61591\/pmdarima\/issues\/events{\/number}","events_url":"https:\/\/api.github.com\/repos\/tgsmith61591\/pmdarima\/events","assignees_url":"https:\/\/api.github.com\/repos\/tgsmith61591\/pmdarima\/assignees{\/user}","branches_url":"https:\/\/api.github.com\/repos\/tgsmith61591\/pmdarima\/branches{\/branch}","tags_url":"https:\/\/api.github.com\/repos\/tgsmith61591\/pmdarima\/tags","blobs_url":"https:\/\/api.github.com\/repos\/tgsmith61591\/pmdarima\/git\/blobs{\/sha}","git_tags_url":"https:\/\/api.github.com\/repos\/tgsmith61591\/pmdarima\/git\/tags{\/sha}","git_refs_url":"https:\/\/api.github.com\/repos\/tgsmith61591\/pmdarima\/git\/refs{\/sha}","trees_url":"https:\/\/api.github.com\/repos\/tgsmith61591\/pmdarima\/git\/trees{\/sha}","statuses_url":"https:\/\/api.github.com\/repos\/tgsmith61591\/pmdarima\/statuses\/{sha}","languages_url":"https:\/\/api.github.com\/repos\/tgsmith61591\/pmdarima\/languages","stargazers_url":"https:\/\/api.github.com\/repos\/tgsmith61591\/pmdarima\/stargazers","contributors_url":"https:\/\/api.github.com\/repos\/tgsmith61591\/pmdarima\/contributors","subscribers_url":"https:\/\/api.github.com\/repos\/tgsmith61591\/pmdarima\/subscribers","subscription_url":"https:\/\/api.github.com\/repos\/tgsmith61591\/pmdarima\/subscription","commits_url":"https:\/\/api.github.com\/repos\/tgsmith61591\/pmdarima\/commits{\/sha}","git_commits_url":"https:\/\/api.github.com\/repos\/tgsmith61591\/pmdarima\/git\/commits{\/sha}","comments_url":"https:\/\/api.github.com\/repos\/tgsmith61591\/pmdarima\/comments{\/number}","issue_comment_url":"https:\/\/api.github.com\/repos\/tgsmith61591\/pmdarima\/issues\/comments{\/number}","contents_url":"https:\/\/api.github.com\/repos\/tgsmith61591\/pmdarima\/contents\/{+path}","compare_url":"https:\/\/api.github.com\/repos\/tgsmith61591\/pmdarima\/compare\/{base}...{head}","merges_url":"https:\/\/api.github.com\/repos\/tgsmith61591\/pmdarima\/merges","archive_url":"https:\/\/api.github.com\/repos\/tgsmith61591\/pmdarima\/{archive_format}{\/ref}","downloads_url":"https:\/\/api.github.com\/repos\/tgsmith61591\/pmdarima\/downloads","issues_url":"https:\/\/api.github.com\/repos\/tgsmith61591\/pmdarima\/issues{\/number}","pulls_url":"https:\/\/api.github.com\/repos\/tgsmith61591\/pmdarima\/pulls{\/number}","milestones_url":"https:\/\/api.github.com\/repos\/tgsmith61591\/pmdarima\/milestones{\/number}","notifications_url":"https:\/\/api.github.com\/repos\/tgsmith61591\/pmdarima\/notifications{?since,all,participating}","labels_url":"https:\/\/api.github.com\/repos\/tgsmith61591\/pmdarima\/labels{\/name}","releases_url":"https:\/\/api.github.com\/repos\/tgsmith61591\/pmdarima\/releases{\/id}","deployments_url":"https:\/\/api.github.com\/repos\/tgsmith61591\/pmdarima\/deployments","created_at":"2017-03-30T14:58:30Z","updated_at":"2019-01-27T16:57:38Z","pushed_at":"2019-01-21T21:26:02Z","git_url":"git:\/\/github.com\/tgsmith61591\/pmdarima.git","ssh_url":"git@github.com:tgsmith61591\/pmdarima.git","clone_url":"https:\/\/github.com\/tgsmith61591\/pmdarima.git","svn_url":"https:\/\/github.com\/tgsmith61591\/pmdarima","homepage":"https:\/\/www.alkaline-ml.com\/pmdarima","size":60561,"stargazers_count":254,"watchers_count":254,"language":"Python","has_issues":true,"has_projects":true,"has_downloads":true,"has_wiki":true,"has_pages":true,"forks_count":64,"mirror_url":null,"archived":false,"open_issues_count":1,"license":{"key":"mit","name":"MIT License","spdx_id":"MIT","url":"https:\/\/api.github.com\/licenses\/mit","node_id":"MDc6TGljZW5zZTEz"},"forks":64,"open_issues":1,"watchers":254,"default_branch":"master","score":37.533974},{"id":72917308,"node_id":"MDEwOlJlcG9zaXRvcnk3MjkxNzMwOA==","name":"learn-elm","full_name":"dwyl\/learn-elm","private":false,"owner":{"login":"dwyl","id":11708465,"node_id":"MDEyOk9yZ2FuaXphdGlvbjExNzA4NDY1","avatar_url":"https:\/\/avatars1.githubusercontent.com\/u\/11708465?v=4","gravatar_id":"","url":"https:\/\/api.github.com\/users\/dwyl","html_url":"https:\/\/github.com\/dwyl","followers_url":"https:\/\/api.github.com\/users\/dwyl\/followers","following_url":"https:\/\/api.github.com\/users\/dwyl\/following{\/other_user}","gists_url":"https:\/\/api.github.com\/users\/dwyl\/gists{\/gist_id}","starred_url":"https:\/\/api.github.com\/users\/dwyl\/starred{\/owner}{\/repo}","subscriptions_url":"https:\/\/api.github.com\/users\/dwyl\/subscriptions","organizations_url":"https:\/\/api.github.com\/users\/dwyl\/orgs","repos_url":"https:\/\/api.github.com\/users\/dwyl\/repos","events_url":"https:\/\/api.github.com\/users\/dwyl\/events{\/privacy}","received_events_url":"https:\/\/api.github.com\/users\/dwyl\/received_events","type":"Organization","site_admin":false},"html_url":"https:\/\/github.com\/dwyl\/learn-elm","description":":rainbow: discover why people are switching to Elm and how you can get started today!","fork":false,"url":"https:\/\/api.github.com\/repos\/dwyl\/learn-elm","forks_url":"https:\/\/api.github.com\/repos\/dwyl\/learn-elm\/forks","keys_url":"https:\/\/api.github.com\/repos\/dwyl\/learn-elm\/keys{\/key_id}","collaborators_url":"https:\/\/api.github.com\/repos\/dwyl\/learn-elm\/collaborators{\/collaborator}","teams_url":"https:\/\/api.github.com\/repos\/dwyl\/learn-elm\/teams","hooks_url":"https:\/\/api.github.com\/repos\/dwyl\/learn-elm\/hooks","issue_events_url":"https:\/\/api.github.com\/repos\/dwyl\/learn-elm\/issues\/events{\/number}","events_url":"https:\/\/api.github.com\/repos\/dwyl\/learn-elm\/events","assignees_url":"https:\/\/api.github.com\/repos\/dwyl\/learn-elm\/assignees{\/user}","branches_url":"https:\/\/api.github.com\/repos\/dwyl\/learn-elm\/branches{\/branch}","tags_url":"https:\/\/api.github.com\/repos\/dwyl\/learn-elm\/tags","blobs_url":"https:\/\/api.github.com\/repos\/dwyl\/learn-elm\/git\/blobs{\/sha}","git_tags_url":"https:\/\/api.github.com\/repos\/dwyl\/learn-elm\/git\/tags{\/sha}","git_refs_url":"https:\/\/api.github.com\/repos\/dwyl\/learn-elm\/git\/refs{\/sha}","trees_url":"https:\/\/api.github.com\/repos\/dwyl\/learn-elm\/git\/trees{\/sha}","statuses_url":"https:\/\/api.github.com\/repos\/dwyl\/learn-elm\/statuses\/{sha}","languages_url":"https:\/\/api.github.com\/repos\/dwyl\/learn-elm\/languages","stargazers_url":"https:\/\/api.github.com\/repos\/dwyl\/learn-elm\/stargazers","contributors_url":"https:\/\/api.github.com\/repos\/dwyl\/learn-elm\/contributors","subscribers_url":"https:\/\/api.github.com\/repos\/dwyl\/learn-elm\/subscribers","subscription_url":"https:\/\/api.github.com\/repos\/dwyl\/learn-elm\/subscription","commits_url":"https:\/\/api.github.com\/repos\/dwyl\/learn-elm\/commits{\/sha}","git_commits_url":"https:\/\/api.github.com\/repos\/dwyl\/learn-elm\/git\/commits{\/sha}","comments_url":"https:\/\/api.github.com\/repos\/dwyl\/learn-elm\/comments{\/number}","issue_comment_url":"https:\/\/api.github.com\/repos\/dwyl\/learn-elm\/issues\/comments{\/number}","contents_url":"https:\/\/api.github.com\/repos\/dwyl\/learn-elm\/contents\/{+path}","compare_url":"https:\/\/api.github.com\/repos\/dwyl\/learn-elm\/compare\/{base}...{head}","merges_url":"https:\/\/api.github.com\/repos\/dwyl\/learn-elm\/merges","archive_url":"https:\/\/api.github.com\/repos\/dwyl\/learn-elm\/{archive_format}{\/ref}","downloads_url":"https:\/\/api.github.com\/repos\/dwyl\/learn-elm\/downloads","issues_url":"https:\/\/api.github.com\/repos\/dwyl\/learn-elm\/issues{\/number}","pulls_url":"https:\/\/api.github.com\/repos\/dwyl\/learn-elm\/pulls{\/number}","milestones_url":"https:\/\/api.github.com\/repos\/dwyl\/learn-elm\/milestones{\/number}","notifications_url":"https:\/\/api.github.com\/repos\/dwyl\/learn-elm\/notifications{?since,all,participating}","labels_url":"https:\/\/api.github.com\/repos\/dwyl\/learn-elm\/labels{\/name}","releases_url":"https:\/\/api.github.com\/repos\/dwyl\/learn-elm\/releases{\/id}","deployments_url":"https:\/\/api.github.com\/repos\/dwyl\/learn-elm\/deployments","created_at":"2016-11-05T09:45:12Z","updated_at":"2019-01-25T17:03:04Z","pushed_at":"2018-12-04T22:17:50Z","git_url":"git:\/\/github.com\/dwyl\/learn-elm.git","ssh_url":"git@github.com:dwyl\/learn-elm.git","clone_url":"https:\/\/github.com\/dwyl\/learn-elm.git","svn_url":"https:\/\/github.com\/dwyl\/learn-elm","homepage":"https:\/\/github.com\/dwyl\/learn-elm","size":622,"stargazers_count":238,"watchers_count":238,"language":"HTML","has_issues":true,"has_projects":true,"has_downloads":true,"has_wiki":true,"has_pages":false,"forks_count":19,"mirror_url":null,"archived":false,"open_issues_count":78,"license":null,"forks":19,"open_issues":78,"watchers":238,"default_branch":"master","score":44.101982},{"id":35120209,"node_id":"MDEwOlJlcG9zaXRvcnkzNTEyMDIwOQ==","name":"wtfnode","full_name":"myndzi\/wtfnode","private":false,"owner":{"login":"myndzi","id":1588419,"node_id":"MDQ6VXNlcjE1ODg0MTk=","avatar_url":"https:\/\/avatars1.githubusercontent.com\/u\/1588419?v=4","gravatar_id":"","url":"https:\/\/api.github.com\/users\/myndzi","html_url":"https:\/\/github.com\/myndzi","followers_url":"https:\/\/api.github.com\/users\/myndzi\/followers","following_url":"https:\/\/api.github.com\/users\/myndzi\/following{\/other_user}","gists_url":"https:\/\/api.github.com\/users\/myndzi\/gists{\/gist_id}","starred_url":"https:\/\/api.github.com\/users\/myndzi\/starred{\/owner}{\/repo}","subscriptions_url":"https:\/\/api.github.com\/users\/myndzi\/subscriptions","organizations_url":"https:\/\/api.github.com\/users\/myndzi\/orgs","repos_url":"https:\/\/api.github.com\/users\/myndzi\/repos","events_url":"https:\/\/api.github.com\/users\/myndzi\/events{\/privacy}","received_events_url":"https:\/\/api.github.com\/users\/myndzi\/received_events","type":"User","site_admin":false},"html_url":"https:\/\/github.com\/myndzi\/wtfnode","description":"Utility to help find out why Node isn't exiting","fork":false,"url":"https:\/\/api.github.com\/repos\/myndzi\/wtfnode","forks_url":"https:\/\/api.github.com\/repos\/myndzi\/wtfnode\/forks","keys_url":"https:\/\/api.github.com\/repos\/myndzi\/wtfnode\/keys{\/key_id}","collaborators_url":"https:\/\/api.github.com\/repos\/myndzi\/wtfnode\/collaborators{\/collaborator}","teams_url":"https:\/\/api.github.com\/repos\/myndzi\/wtfnode\/teams","hooks_url":"https:\/\/api.github.com\/repos\/myndzi\/wtfnode\/hooks","issue_events_url":"https:\/\/api.github.com\/repos\/myndzi\/wtfnode\/issues\/events{\/number}","events_url":"https:\/\/api.github.com\/repos\/myndzi\/wtfnode\/events","assignees_url":"https:\/\/api.github.com\/repos\/myndzi\/wtfnode\/assignees{\/user}","branches_url":"https:\/\/api.github.com\/repos\/myndzi\/wtfnode\/branches{\/branch}","tags_url":"https:\/\/api.github.com\/repos\/myndzi\/wtfnode\/tags","blobs_url":"https:\/\/api.github.com\/repos\/myndzi\/wtfnode\/git\/blobs{\/sha}","git_tags_url":"https:\/\/api.github.com\/repos\/myndzi\/wtfnode\/git\/tags{\/sha}","git_refs_url":"https:\/\/api.github.com\/repos\/myndzi\/wtfnode\/git\/refs{\/sha}","trees_url":"https:\/\/api.github.com\/repos\/myndzi\/wtfnode\/git\/trees{\/sha}","statuses_url":"https:\/\/api.github.com\/repos\/myndzi\/wtfnode\/statuses\/{sha}","languages_url":"https:\/\/api.github.com\/repos\/myndzi\/wtfnode\/languages","stargazers_url":"https:\/\/api.github.com\/repos\/myndzi\/wtfnode\/stargazers","contributors_url":"https:\/\/api.github.com\/repos\/myndzi\/wtfnode\/contributors","subscribers_url":"https:\/\/api.github.com\/repos\/myndzi\/wtfnode\/subscribers","subscription_url":"https:\/\/api.github.com\/repos\/myndzi\/wtfnode\/subscription","commits_url":"https:\/\/api.github.com\/repos\/myndzi\/wtfnode\/commits{\/sha}","git_commits_url":"https:\/\/api.github.com\/repos\/myndzi\/wtfnode\/git\/commits{\/sha}","comments_url":"https:\/\/api.github.com\/repos\/myndzi\/wtfnode\/comments{\/number}","issue_comment_url":"https:\/\/api.github.com\/repos\/myndzi\/wtfnode\/issues\/comments{\/number}","contents_url":"https:\/\/api.github.com\/repos\/myndzi\/wtfnode\/contents\/{+path}","compare_url":"https:\/\/api.github.com\/repos\/myndzi\/wtfnode\/compare\/{base}...{head}","merges_url":"https:\/\/api.github.com\/repos\/myndzi\/wtfnode\/merges","archive_url":"https:\/\/api.github.com\/repos\/myndzi\/wtfnode\/{archive_format}{\/ref}","downloads_url":"https:\/\/api.github.com\/repos\/myndzi\/wtfnode\/downloads","issues_url":"https:\/\/api.github.com\/repos\/myndzi\/wtfnode\/issues{\/number}","pulls_url":"https:\/\/api.github.com\/repos\/myndzi\/wtfnode\/pulls{\/number}","milestones_url":"https:\/\/api.github.com\/repos\/myndzi\/wtfnode\/milestones{\/number}","notifications_url":"https:\/\/api.github.com\/repos\/myndzi\/wtfnode\/notifications{?since,all,participating}","labels_url":"https:\/\/api.github.com\/repos\/myndzi\/wtfnode\/labels{\/name}","releases_url":"https:\/\/api.github.com\/repos\/myndzi\/wtfnode\/releases{\/id}","deployments_url":"https:\/\/api.github.com\/repos\/myndzi\/wtfnode\/deployments","created_at":"2015-05-05T19:42:42Z","updated_at":"2019-01-23T23:23:20Z","pushed_at":"2019-01-15T03:26:56Z","git_url":"git:\/\/github.com\/myndzi\/wtfnode.git","ssh_url":"git@github.com:myndzi\/wtfnode.git","clone_url":"https:\/\/github.com\/myndzi\/wtfnode.git","svn_url":"https:\/\/github.com\/myndzi\/wtfnode","homepage":null,"size":59,"stargazers_count":237,"watchers_count":237,"language":"JavaScript","has_issues":true,"has_projects":true,"has_downloads":true,"has_wiki":true,"has_pages":false,"forks_count":14,"mirror_url":null,"archived":false,"open_issues_count":0,"license":null,"forks":14,"open_issues":0,"watchers":237,"default_branch":"master","score":51.34796},{"id":539003,"node_id":"MDEwOlJlcG9zaXRvcnk1MzkwMDM=","name":"jquery-outside-events","full_name":"cowboy\/jquery-outside-events","private":false,"owner":{"login":"cowboy","id":54051,"node_id":"MDQ6VXNlcjU0MDUx","avatar_url":"https:\/\/avatars0.githubusercontent.com\/u\/54051?v=4","gravatar_id":"","url":"https:\/\/api.github.com\/users\/cowboy","html_url":"https:\/\/github.com\/cowboy","followers_url":"https:\/\/api.github.com\/users\/cowboy\/followers","following_url":"https:\/\/api.github.com\/users\/cowboy\/following{\/other_user}","gists_url":"https:\/\/api.github.com\/users\/cowboy\/gists{\/gist_id}","starred_url":"https:\/\/api.github.com\/users\/cowboy\/starred{\/owner}{\/repo}","subscriptions_url":"https:\/\/api.github.com\/users\/cowboy\/subscriptions","organizations_url":"https:\/\/api.github.com\/users\/cowboy\/orgs","repos_url":"https:\/\/api.github.com\/users\/cowboy\/repos","events_url":"https:\/\/api.github.com\/users\/cowboy\/events{\/privacy}","received_events_url":"https:\/\/api.github.com\/users\/cowboy\/received_events","type":"User","site_admin":false},"html_url":"https:\/\/github.com\/cowboy\/jquery-outside-events","description":"Why trigger an event on something, when you can trigger it on everything else?","fork":false,"url":"https:\/\/api.github.com\/repos\/cowboy\/jquery-outside-events","forks_url":"https:\/\/api.github.com\/repos\/cowboy\/jquery-outside-events\/forks","keys_url":"https:\/\/api.github.com\/repos\/cowboy\/jquery-outside-events\/keys{\/key_id}","collaborators_url":"https:\/\/api.github.com\/repos\/cowboy\/jquery-outside-events\/collaborators{\/collaborator}","teams_url":"https:\/\/api.github.com\/repos\/cowboy\/jquery-outside-events\/teams","hooks_url":"https:\/\/api.github.com\/repos\/cowboy\/jquery-outside-events\/hooks","issue_events_url":"https:\/\/api.github.com\/repos\/cowboy\/jquery-outside-events\/issues\/events{\/number}","events_url":"https:\/\/api.github.com\/repos\/cowboy\/jquery-outside-events\/events","assignees_url":"https:\/\/api.github.com\/repos\/cowboy\/jquery-outside-events\/assignees{\/user}","branches_url":"https:\/\/api.github.com\/repos\/cowboy\/jquery-outside-events\/branches{\/branch}","tags_url":"https:\/\/api.github.com\/repos\/cowboy\/jquery-outside-events\/tags","blobs_url":"https:\/\/api.github.com\/repos\/cowboy\/jquery-outside-events\/git\/blobs{\/sha}","git_tags_url":"https:\/\/api.github.com\/repos\/cowboy\/jquery-outside-events\/git\/tags{\/sha}","git_refs_url":"https:\/\/api.github.com\/repos\/cowboy\/jquery-outside-events\/git\/refs{\/sha}","trees_url":"https:\/\/api.github.com\/repos\/cowboy\/jquery-outside-events\/git\/trees{\/sha}","statuses_url":"https:\/\/api.github.com\/repos\/cowboy\/jquery-outside-events\/statuses\/{sha}","languages_url":"https:\/\/api.github.com\/repos\/cowboy\/jquery-outside-events\/languages","stargazers_url":"https:\/\/api.github.com\/repos\/cowboy\/jquery-outside-events\/stargazers","contributors_url":"https:\/\/api.github.com\/repos\/cowboy\/jquery-outside-events\/contributors","subscribers_url":"https:\/\/api.github.com\/repos\/cowboy\/jquery-outside-events\/subscribers","subscription_url":"https:\/\/api.github.com\/repos\/cowboy\/jquery-outside-events\/subscription","commits_url":"https:\/\/api.github.com\/repos\/cowboy\/jquery-outside-events\/commits{\/sha}","git_commits_url":"https:\/\/api.github.com\/repos\/cowboy\/jquery-outside-events\/git\/commits{\/sha}","comments_url":"https:\/\/api.github.com\/repos\/cowboy\/jquery-outside-events\/comments{\/number}","issue_comment_url":"https:\/\/api.github.com\/repos\/cowboy\/jquery-outside-events\/issues\/comments{\/number}","contents_url":"https:\/\/api.github.com\/repos\/cowboy\/jquery-outside-events\/contents\/{+path}","compare_url":"https:\/\/api.github.com\/repos\/cowboy\/jquery-outside-events\/compare\/{base}...{head}","merges_url":"https:\/\/api.github.com\/repos\/cowboy\/jquery-outside-events\/merges","archive_url":"https:\/\/api.github.com\/repos\/cowboy\/jquery-outside-events\/{archive_format}{\/ref}","downloads_url":"https:\/\/api.github.com\/repos\/cowboy\/jquery-outside-events\/downloads","issues_url":"https:\/\/api.github.com\/repos\/cowboy\/jquery-outside-events\/issues{\/number}","pulls_url":"https:\/\/api.github.com\/repos\/cowboy\/jquery-outside-events\/pulls{\/number}","milestones_url":"https:\/\/api.github.com\/repos\/cowboy\/jquery-outside-events\/milestones{\/number}","notifications_url":"https:\/\/api.github.com\/repos\/cowboy\/jquery-outside-events\/notifications{?since,all,participating}","labels_url":"https:\/\/api.github.com\/repos\/cowboy\/jquery-outside-events\/labels{\/name}","releases_url":"https:\/\/api.github.com\/repos\/cowboy\/jquery-outside-events\/releases{\/id}","deployments_url":"https:\/\/api.github.com\/repos\/cowboy\/jquery-outside-events\/deployments","created_at":"2010-02-27T19:56:14Z","updated_at":"2019-01-23T22:10:28Z","pushed_at":"2016-04-03T09:27:45Z","git_url":"git:\/\/github.com\/cowboy\/jquery-outside-events.git","ssh_url":"git@github.com:cowboy\/jquery-outside-events.git","clone_url":"https:\/\/github.com\/cowboy\/jquery-outside-events.git","svn_url":"https:\/\/github.com\/cowboy\/jquery-outside-events","homepage":"http:\/\/benalman.com\/projects\/jquery-clickoutside-plugin\/","size":320,"stargazers_count":236,"watchers_count":236,"language":"JavaScript","has_issues":true,"has_projects":true,"has_downloads":true,"has_wiki":true,"has_pages":false,"forks_count":44,"mirror_url":null,"archived":false,"open_issues_count":10,"license":{"key":"other","name":"Other","spdx_id":"NOASSERTION","url":null,"node_id":"MDc6TGljZW5zZTA="},"forks":44,"open_issues":10,"watchers":236,"default_branch":"master","score":49.763927},{"id":124265580,"node_id":"MDEwOlJlcG9zaXRvcnkxMjQyNjU1ODA=","name":"Viewpager-Transformation","full_name":"dipanshukr\/Viewpager-Transformation","private":false,"owner":{"login":"dipanshukr","id":29334373,"node_id":"MDQ6VXNlcjI5MzM0Mzcz","avatar_url":"https:\/\/avatars3.githubusercontent.com\/u\/29334373?v=4","gravatar_id":"","url":"https:\/\/api.github.com\/users\/dipanshukr","html_url":"https:\/\/github.com\/dipanshukr","followers_url":"https:\/\/api.github.com\/users\/dipanshukr\/followers","following_url":"https:\/\/api.github.com\/users\/dipanshukr\/following{\/other_user}","gists_url":"https:\/\/api.github.com\/users\/dipanshukr\/gists{\/gist_id}","starred_url":"https:\/\/api.github.com\/users\/dipanshukr\/starred{\/owner}{\/repo}","subscriptions_url":"https:\/\/api.github.com\/users\/dipanshukr\/subscriptions","organizations_url":"https:\/\/api.github.com\/users\/dipanshukr\/orgs","repos_url":"https:\/\/api.github.com\/users\/dipanshukr\/repos","events_url":"https:\/\/api.github.com\/users\/dipanshukr\/events{\/privacy}","received_events_url":"https:\/\/api.github.com\/users\/dipanshukr\/received_events","type":"User","site_admin":false},"html_url":"https:\/\/github.com\/dipanshukr\/Viewpager-Transformation","description":"Why use dependencies when you create your own transformations for Viewpager ?","fork":false,"url":"https:\/\/api.github.com\/repos\/dipanshukr\/Viewpager-Transformation","forks_url":"https:\/\/api.github.com\/repos\/dipanshukr\/Viewpager-Transformation\/forks","keys_url":"https:\/\/api.github.com\/repos\/dipanshukr\/Viewpager-Transformation\/keys{\/key_id}","collaborators_url":"https:\/\/api.github.com\/repos\/dipanshukr\/Viewpager-Transformation\/collaborators{\/collaborator}","teams_url":"https:\/\/api.github.com\/repos\/dipanshukr\/Viewpager-Transformation\/teams","hooks_url":"https:\/\/api.github.com\/repos\/dipanshukr\/Viewpager-Transformation\/hooks","issue_events_url":"https:\/\/api.github.com\/repos\/dipanshukr\/Viewpager-Transformation\/issues\/events{\/number}","events_url":"https:\/\/api.github.com\/repos\/dipanshukr\/Viewpager-Transformation\/events","assignees_url":"https:\/\/api.github.com\/repos\/dipanshukr\/Viewpager-Transformation\/assignees{\/user}","branches_url":"https:\/\/api.github.com\/repos\/dipanshukr\/Viewpager-Transformation\/branches{\/branch}","tags_url":"https:\/\/api.github.com\/repos\/dipanshukr\/Viewpager-Transformation\/tags","blobs_url":"https:\/\/api.github.com\/repos\/dipanshukr\/Viewpager-Transformation\/git\/blobs{\/sha}","git_tags_url":"https:\/\/api.github.com\/repos\/dipanshukr\/Viewpager-Transformation\/git\/tags{\/sha}","git_refs_url":"https:\/\/api.github.com\/repos\/dipanshukr\/Viewpager-Transformation\/git\/refs{\/sha}","trees_url":"https:\/\/api.github.com\/repos\/dipanshukr\/Viewpager-Transformation\/git\/trees{\/sha}","statuses_url":"https:\/\/api.github.com\/repos\/dipanshukr\/Viewpager-Transformation\/statuses\/{sha}","languages_url":"https:\/\/api.github.com\/repos\/dipanshukr\/Viewpager-Transformation\/languages","stargazers_url":"https:\/\/api.github.com\/repos\/dipanshukr\/Viewpager-Transformation\/stargazers","contributors_url":"https:\/\/api.github.com\/repos\/dipanshukr\/Viewpager-Transformation\/contributors","subscribers_url":"https:\/\/api.github.com\/repos\/dipanshukr\/Viewpager-Transformation\/subscribers","subscription_url":"https:\/\/api.github.com\/repos\/dipanshukr\/Viewpager-Transformation\/subscription","commits_url":"https:\/\/api.github.com\/repos\/dipanshukr\/Viewpager-Transformation\/commits{\/sha}","git_commits_url":"https:\/\/api.github.com\/repos\/dipanshukr\/Viewpager-Transformation\/git\/commits{\/sha}","comments_url":"https:\/\/api.github.com\/repos\/dipanshukr\/Viewpager-Transformation\/comments{\/number}","issue_comment_url":"https:\/\/api.github.com\/repos\/dipanshukr\/Viewpager-Transformation\/issues\/comments{\/number}","contents_url":"https:\/\/api.github.com\/repos\/dipanshukr\/Viewpager-Transformation\/contents\/{+path}","compare_url":"https:\/\/api.github.com\/repos\/dipanshukr\/Viewpager-Transformation\/compare\/{base}...{head}","merges_url":"https:\/\/api.github.com\/repos\/dipanshukr\/Viewpager-Transformation\/merges","archive_url":"https:\/\/api.github.com\/repos\/dipanshukr\/Viewpager-Transformation\/{archive_format}{\/ref}","downloads_url":"https:\/\/api.github.com\/repos\/dipanshukr\/Viewpager-Transformation\/downloads","issues_url":"https:\/\/api.github.com\/repos\/dipanshukr\/Viewpager-Transformation\/issues{\/number}","pulls_url":"https:\/\/api.github.com\/repos\/dipanshukr\/Viewpager-Transformation\/pulls{\/number}","milestones_url":"https:\/\/api.github.com\/repos\/dipanshukr\/Viewpager-Transformation\/milestones{\/number}","notifications_url":"https:\/\/api.github.com\/repos\/dipanshukr\/Viewpager-Transformation\/notifications{?since,all,participating}","labels_url":"https:\/\/api.github.com\/repos\/dipanshukr\/Viewpager-Transformation\/labels{\/name}","releases_url":"https:\/\/api.github.com\/repos\/dipanshukr\/Viewpager-Transformation\/releases{\/id}","deployments_url":"https:\/\/api.github.com\/repos\/dipanshukr\/Viewpager-Transformation\/deployments","created_at":"2018-03-07T16:45:42Z","updated_at":"2019-01-27T11:19:10Z","pushed_at":"2018-06-21T07:17:59Z","git_url":"git:\/\/github.com\/dipanshukr\/Viewpager-Transformation.git","ssh_url":"git@github.com:dipanshukr\/Viewpager-Transformation.git","clone_url":"https:\/\/github.com\/dipanshukr\/Viewpager-Transformation.git","svn_url":"https:\/\/github.com\/dipanshukr\/Viewpager-Transformation","homepage":"","size":181654,"stargazers_count":230,"watchers_count":230,"language":"Java","has_issues":true,"has_projects":true,"has_downloads":true,"has_wiki":true,"has_pages":true,"forks_count":44,"mirror_url":null,"archived":false,"open_issues_count":1,"license":null,"forks":44,"open_issues":1,"watchers":230,"default_branch":"master","score":49.98836},{"id":17420185,"node_id":"MDEwOlJlcG9zaXRvcnkxNzQyMDE4NQ==","name":"enemy-of-the-state","full_name":"jspahrsummers\/enemy-of-the-state","private":false,"owner":{"login":"jspahrsummers","id":432536,"node_id":"MDQ6VXNlcjQzMjUzNg==","avatar_url":"https:\/\/avatars0.githubusercontent.com\/u\/432536?v=4","gravatar_id":"","url":"https:\/\/api.github.com\/users\/jspahrsummers","html_url":"https:\/\/github.com\/jspahrsummers","followers_url":"https:\/\/api.github.com\/users\/jspahrsummers\/followers","following_url":"https:\/\/api.github.com\/users\/jspahrsummers\/following{\/other_user}","gists_url":"https:\/\/api.github.com\/users\/jspahrsummers\/gists{\/gist_id}","starred_url":"https:\/\/api.github.com\/users\/jspahrsummers\/starred{\/owner}{\/repo}","subscriptions_url":"https:\/\/api.github.com\/users\/jspahrsummers\/subscriptions","organizations_url":"https:\/\/api.github.com\/users\/jspahrsummers\/orgs","repos_url":"https:\/\/api.github.com\/users\/jspahrsummers\/repos","events_url":"https:\/\/api.github.com\/users\/jspahrsummers\/events{\/privacy}","received_events_url":"https:\/\/api.github.com\/users\/jspahrsummers\/received_events","type":"User","site_admin":false},"html_url":"https:\/\/github.com\/jspahrsummers\/enemy-of-the-state","description":"My talk explaining what state is and why it's so harmful","fork":false,"url":"https:\/\/api.github.com\/repos\/jspahrsummers\/enemy-of-the-state","forks_url":"https:\/\/api.github.com\/repos\/jspahrsummers\/enemy-of-the-state\/forks","keys_url":"https:\/\/api.github.com\/repos\/jspahrsummers\/enemy-of-the-state\/keys{\/key_id}","collaborators_url":"https:\/\/api.github.com\/repos\/jspahrsummers\/enemy-of-the-state\/collaborators{\/collaborator}","teams_url":"https:\/\/api.github.com\/repos\/jspahrsummers\/enemy-of-the-state\/teams","hooks_url":"https:\/\/api.github.com\/repos\/jspahrsummers\/enemy-of-the-state\/hooks","issue_events_url":"https:\/\/api.github.com\/repos\/jspahrsummers\/enemy-of-the-state\/issues\/events{\/number}","events_url":"https:\/\/api.github.com\/repos\/jspahrsummers\/enemy-of-the-state\/events","assignees_url":"https:\/\/api.github.com\/repos\/jspahrsummers\/enemy-of-the-state\/assignees{\/user}","branches_url":"https:\/\/api.github.com\/repos\/jspahrsummers\/enemy-of-the-state\/branches{\/branch}","tags_url":"https:\/\/api.github.com\/repos\/jspahrsummers\/enemy-of-the-state\/tags","blobs_url":"https:\/\/api.github.com\/repos\/jspahrsummers\/enemy-of-the-state\/git\/blobs{\/sha}","git_tags_url":"https:\/\/api.github.com\/repos\/jspahrsummers\/enemy-of-the-state\/git\/tags{\/sha}","git_refs_url":"https:\/\/api.github.com\/repos\/jspahrsummers\/enemy-of-the-state\/git\/refs{\/sha}","trees_url":"https:\/\/api.github.com\/repos\/jspahrsummers\/enemy-of-the-state\/git\/trees{\/sha}","statuses_url":"https:\/\/api.github.com\/repos\/jspahrsummers\/enemy-of-the-state\/statuses\/{sha}","languages_url":"https:\/\/api.github.com\/repos\/jspahrsummers\/enemy-of-the-state\/languages","stargazers_url":"https:\/\/api.github.com\/repos\/jspahrsummers\/enemy-of-the-state\/stargazers","contributors_url":"https:\/\/api.github.com\/repos\/jspahrsummers\/enemy-of-the-state\/contributors","subscribers_url":"https:\/\/api.github.com\/repos\/jspahrsummers\/enemy-of-the-state\/subscribers","subscription_url":"https:\/\/api.github.com\/repos\/jspahrsummers\/enemy-of-the-state\/subscription","commits_url":"https:\/\/api.github.com\/repos\/jspahrsummers\/enemy-of-the-state\/commits{\/sha}","git_commits_url":"https:\/\/api.github.com\/repos\/jspahrsummers\/enemy-of-the-state\/git\/commits{\/sha}","comments_url":"https:\/\/api.github.com\/repos\/jspahrsummers\/enemy-of-the-state\/comments{\/number}","issue_comment_url":"https:\/\/api.github.com\/repos\/jspahrsummers\/enemy-of-the-state\/issues\/comments{\/number}","contents_url":"https:\/\/api.github.com\/repos\/jspahrsummers\/enemy-of-the-state\/contents\/{+path}","compare_url":"https:\/\/api.github.com\/repos\/jspahrsummers\/enemy-of-the-state\/compare\/{base}...{head}","merges_url":"https:\/\/api.github.com\/repos\/jspahrsummers\/enemy-of-the-state\/merges","archive_url":"https:\/\/api.github.com\/repos\/jspahrsummers\/enemy-of-the-state\/{archive_format}{\/ref}","downloads_url":"https:\/\/api.github.com\/repos\/jspahrsummers\/enemy-of-the-state\/downloads","issues_url":"https:\/\/api.github.com\/repos\/jspahrsummers\/enemy-of-the-state\/issues{\/number}","pulls_url":"https:\/\/api.github.com\/repos\/jspahrsummers\/enemy-of-the-state\/pulls{\/number}","milestones_url":"https:\/\/api.github.com\/repos\/jspahrsummers\/enemy-of-the-state\/milestones{\/number}","notifications_url":"https:\/\/api.github.com\/repos\/jspahrsummers\/enemy-of-the-state\/notifications{?since,all,participating}","labels_url":"https:\/\/api.github.com\/repos\/jspahrsummers\/enemy-of-the-state\/labels{\/name}","releases_url":"https:\/\/api.github.com\/repos\/jspahrsummers\/enemy-of-the-state\/releases{\/id}","deployments_url":"https:\/\/api.github.com\/repos\/jspahrsummers\/enemy-of-the-state\/deployments","created_at":"2014-03-04T22:49:56Z","updated_at":"2018-12-26T21:07:06Z","pushed_at":"2017-07-26T14:26:39Z","git_url":"git:\/\/github.com\/jspahrsummers\/enemy-of-the-state.git","ssh_url":"git@github.com:jspahrsummers\/enemy-of-the-state.git","clone_url":"https:\/\/github.com\/jspahrsummers\/enemy-of-the-state.git","svn_url":"https:\/\/github.com\/jspahrsummers\/enemy-of-the-state","homepage":"","size":46901,"stargazers_count":208,"watchers_count":208,"language":"Swift","has_issues":true,"has_projects":true,"has_downloads":true,"has_wiki":false,"has_pages":false,"forks_count":16,"mirror_url":null,"archived":false,"open_issues_count":1,"license":{"key":"other","name":"Other","spdx_id":"NOASSERTION","url":null,"node_id":"MDc6TGljZW5zZTA="},"forks":16,"open_issues":1,"watchers":208,"default_branch":"master","score":42.186954},{"id":93794235,"node_id":"MDEwOlJlcG9zaXRvcnk5Mzc5NDIzNQ==","name":"drop_watch","full_name":"pavel-odintsov\/drop_watch","private":false,"owner":{"login":"pavel-odintsov","id":2744166,"node_id":"MDQ6VXNlcjI3NDQxNjY=","avatar_url":"https:\/\/avatars0.githubusercontent.com\/u\/2744166?v=4","gravatar_id":"","url":"https:\/\/api.github.com\/users\/pavel-odintsov","html_url":"https:\/\/github.com\/pavel-odintsov","followers_url":"https:\/\/api.github.com\/users\/pavel-odintsov\/followers","following_url":"https:\/\/api.github.com\/users\/pavel-odintsov\/following{\/other_user}","gists_url":"https:\/\/api.github.com\/users\/pavel-odintsov\/gists{\/gist_id}","starred_url":"https:\/\/api.github.com\/users\/pavel-odintsov\/starred{\/owner}{\/repo}","subscriptions_url":"https:\/\/api.github.com\/users\/pavel-odintsov\/subscriptions","organizations_url":"https:\/\/api.github.com\/users\/pavel-odintsov\/orgs","repos_url":"https:\/\/api.github.com\/users\/pavel-odintsov\/repos","events_url":"https:\/\/api.github.com\/users\/pavel-odintsov\/events{\/privacy}","received_events_url":"https:\/\/api.github.com\/users\/pavel-odintsov\/received_events","type":"User","site_admin":false},"html_url":"https:\/\/github.com\/pavel-odintsov\/drop_watch","description":"Monitor reasons why and where linux drops UDP packets","fork":false,"url":"https:\/\/api.github.com\/repos\/pavel-odintsov\/drop_watch","forks_url":"https:\/\/api.github.com\/repos\/pavel-odintsov\/drop_watch\/forks","keys_url":"https:\/\/api.github.com\/repos\/pavel-odintsov\/drop_watch\/keys{\/key_id}","collaborators_url":"https:\/\/api.github.com\/repos\/pavel-odintsov\/drop_watch\/collaborators{\/collaborator}","teams_url":"https:\/\/api.github.com\/repos\/pavel-odintsov\/drop_watch\/teams","hooks_url":"https:\/\/api.github.com\/repos\/pavel-odintsov\/drop_watch\/hooks","issue_events_url":"https:\/\/api.github.com\/repos\/pavel-odintsov\/drop_watch\/issues\/events{\/number}","events_url":"https:\/\/api.github.com\/repos\/pavel-odintsov\/drop_watch\/events","assignees_url":"https:\/\/api.github.com\/repos\/pavel-odintsov\/drop_watch\/assignees{\/user}","branches_url":"https:\/\/api.github.com\/repos\/pavel-odintsov\/drop_watch\/branches{\/branch}","tags_url":"https:\/\/api.github.com\/repos\/pavel-odintsov\/drop_watch\/tags","blobs_url":"https:\/\/api.github.com\/repos\/pavel-odintsov\/drop_watch\/git\/blobs{\/sha}","git_tags_url":"https:\/\/api.github.com\/repos\/pavel-odintsov\/drop_watch\/git\/tags{\/sha}","git_refs_url":"https:\/\/api.github.com\/repos\/pavel-odintsov\/drop_watch\/git\/refs{\/sha}","trees_url":"https:\/\/api.github.com\/repos\/pavel-odintsov\/drop_watch\/git\/trees{\/sha}","statuses_url":"https:\/\/api.github.com\/repos\/pavel-odintsov\/drop_watch\/statuses\/{sha}","languages_url":"https:\/\/api.github.com\/repos\/pavel-odintsov\/drop_watch\/languages","stargazers_url":"https:\/\/api.github.com\/repos\/pavel-odintsov\/drop_watch\/stargazers","contributors_url":"https:\/\/api.github.com\/repos\/pavel-odintsov\/drop_watch\/contributors","subscribers_url":"https:\/\/api.github.com\/repos\/pavel-odintsov\/drop_watch\/subscribers","subscription_url":"https:\/\/api.github.com\/repos\/pavel-odintsov\/drop_watch\/subscription","commits_url":"https:\/\/api.github.com\/repos\/pavel-odintsov\/drop_watch\/commits{\/sha}","git_commits_url":"https:\/\/api.github.com\/repos\/pavel-odintsov\/drop_watch\/git\/commits{\/sha}","comments_url":"https:\/\/api.github.com\/repos\/pavel-odintsov\/drop_watch\/comments{\/number}","issue_comment_url":"https:\/\/api.github.com\/repos\/pavel-odintsov\/drop_watch\/issues\/comments{\/number}","contents_url":"https:\/\/api.github.com\/repos\/pavel-odintsov\/drop_watch\/contents\/{+path}","compare_url":"https:\/\/api.github.com\/repos\/pavel-odintsov\/drop_watch\/compare\/{base}...{head}","merges_url":"https:\/\/api.github.com\/repos\/pavel-odintsov\/drop_watch\/merges","archive_url":"https:\/\/api.github.com\/repos\/pavel-odintsov\/drop_watch\/{archive_format}{\/ref}","downloads_url":"https:\/\/api.github.com\/repos\/pavel-odintsov\/drop_watch\/downloads","issues_url":"https:\/\/api.github.com\/repos\/pavel-odintsov\/drop_watch\/issues{\/number}","pulls_url":"https:\/\/api.github.com\/repos\/pavel-odintsov\/drop_watch\/pulls{\/number}","milestones_url":"https:\/\/api.github.com\/repos\/pavel-odintsov\/drop_watch\/milestones{\/number}","notifications_url":"https:\/\/api.github.com\/repos\/pavel-odintsov\/drop_watch\/notifications{?since,all,participating}","labels_url":"https:\/\/api.github.com\/repos\/pavel-odintsov\/drop_watch\/labels{\/name}","releases_url":"https:\/\/api.github.com\/repos\/pavel-odintsov\/drop_watch\/releases{\/id}","deployments_url":"https:\/\/api.github.com\/repos\/pavel-odintsov\/drop_watch\/deployments","created_at":"2017-06-08T21:43:00Z","updated_at":"2019-01-28T14:39:16Z","pushed_at":"2017-10-12T20:13:24Z","git_url":"git:\/\/github.com\/pavel-odintsov\/drop_watch.git","ssh_url":"git@github.com:pavel-odintsov\/drop_watch.git","clone_url":"https:\/\/github.com\/pavel-odintsov\/drop_watch.git","svn_url":"https:\/\/github.com\/pavel-odintsov\/drop_watch","homepage":"","size":153,"stargazers_count":183,"watchers_count":183,"language":"C","has_issues":true,"has_projects":true,"has_downloads":true,"has_wiki":true,"has_pages":false,"forks_count":20,"mirror_url":null,"archived":false,"open_issues_count":0,"license":{"key":"gpl-2.0","name":"GNU General Public License v2.0","spdx_id":"GPL-2.0","url":"https:\/\/api.github.com\/licenses\/gpl-2.0","node_id":"MDc6TGljZW5zZTg="},"forks":20,"open_issues":0,"watchers":183,"default_branch":"master","score":53.15374}] [] []
[2019-01-29 13:48:17] name.WARNING: Array [] []
[2019-01-29 13:48:17] name.WARNING: Array [] []
[2019-01-29 13:48:42] name.WARNING: Array [] []
[2019-01-29 14:34:09] name.WARNING: Array [] []
[2019-01-29 14:35:23] name.WARNING: Array [] []
[2019-01-29 14:35:48] name.WARNING: Array [] []
[2019-01-29 14:37:57] name.WARNING: Array [] []
[2019-01-29 14:38:10] name.WARNING: Array [] []
[2019-01-29 14:39:06] name.WARNING: Something is [] []
[2019-01-29 14:39:06] name.WARNING: {   "total_count": 12470,   "incomplete_results": false,   "items": [     {       "id": 58605580,       "node_id": "MDEwOlJlcG9zaXRvcnk1ODYwNTU4MA==",       "name": "why-did-you-update",       "full_name": "garbles/why-did-you-update",       "private": false,       "owner": {         "login": "garbles",         "id": 1139884,         "node_id": "MDQ6VXNlcjExMzk4ODQ=",         "avatar_url": "https://avatars1.githubusercontent.com/u/1139884?v=4",         "gravatar_id": "",         "url": "https://api.github.com/users/garbles",         "html_url": "https://github.com/garbles",         "followers_url": "https://api.github.com/users/garbles/followers",         "following_url": "https://api.github.com/users/garbles/following{/other_user}",         "gists_url": "https://api.github.com/users/garbles/gists{/gist_id}",         "starred_url": "https://api.github.com/users/garbles/starred{/owner}{/repo}",         "subscriptions_url": "https://api.github.com/users/garbles/subscriptions",         "organizations_url": "https://api.github.com/users/garbles/orgs",         "repos_url": "https://api.github.com/users/garbles/repos",         "events_url": "https://api.github.com/users/garbles/events{/privacy}",         "received_events_url": "https://api.github.com/users/garbles/received_events",         "type": "User",         "site_admin": false       },       "html_url": "https://github.com/garbles/why-did-you-update",       "description": ":boom: Puts your console on blast when React is making unnecessary updates.",       "fork": false,       "url": "https://api.github.com/repos/garbles/why-did-you-update",       "forks_url": "https://api.github.com/repos/garbles/why-did-you-update/forks",       "keys_url": "https://api.github.com/repos/garbles/why-did-you-update/keys{/key_id}",       "collaborators_url": "https://api.github.com/repos/garbles/why-did-you-update/collaborators{/collaborator}",       "teams_url": "https://api.github.com/repos/garbles/why-did-you-update/teams",       "hooks_url": "https://api.github.com/repos/garbles/why-did-you-update/hooks",       "issue_events_url": "https://api.github.com/repos/garbles/why-did-you-update/issues/events{/number}",       "events_url": "https://api.github.com/repos/garbles/why-did-you-update/events",       "assignees_url": "https://api.github.com/repos/garbles/why-did-you-update/assignees{/user}",       "branches_url": "https://api.github.com/repos/garbles/why-did-you-update/branches{/branch}",       "tags_url": "https://api.github.com/repos/garbles/why-did-you-update/tags",       "blobs_url": "https://api.github.com/repos/garbles/why-did-you-update/git/blobs{/sha}",       "git_tags_url": "https://api.github.com/repos/garbles/why-did-you-update/git/tags{/sha}",       "git_refs_url": "https://api.github.com/repos/garbles/why-did-you-update/git/refs{/sha}",       "trees_url": "https://api.github.com/repos/garbles/why-did-you-update/git/trees{/sha}",       "statuses_url": "https://api.github.com/repos/garbles/why-did-you-update/statuses/{sha}",       "languages_url": "https://api.github.com/repos/garbles/why-did-you-update/languages",       "stargazers_url": "https://api.github.com/repos/garbles/why-did-you-update/stargazers",       "contributors_url": "https://api.github.com/repos/garbles/why-did-you-update/contributors",       "subscribers_url": "https://api.github.com/repos/garbles/why-did-you-update/subscribers",       "subscription_url": "https://api.github.com/repos/garbles/why-did-you-update/subscription",       "commits_url": "https://api.github.com/repos/garbles/why-did-you-update/commits{/sha}",       "git_commits_url": "https://api.github.com/repos/garbles/why-did-you-update/git/commits{/sha}",       "comments_url": "https://api.github.com/repos/garbles/why-did-you-update/comments{/number}",       "issue_comment_url": "https://api.github.com/repos/garbles/why-did-you-update/issues/comments{/number}",       "contents_url": "https://api.github.com/repos/garbles/why-did-you-update/contents/{+path}",       "compare_url": "https://api.github.com/repos/garbles/why-did-you-update/compare/{base}...{head}",       "merges_url": "https://api.github.com/repos/garbles/why-did-you-update/merges",       "archive_url": "https://api.github.com/repos/garbles/why-did-you-update/{archive_format}{/ref}",       "downloads_url": "https://api.github.com/repos/garbles/why-did-you-update/downloads",       "issues_url": "https://api.github.com/repos/garbles/why-did-you-update/issues{/number}",       "pulls_url": "https://api.github.com/repos/garbles/why-did-you-update/pulls{/number}",       "milestones_url": "https://api.github.com/repos/garbles/why-did-you-update/milestones{/number}",       "notifications_url": "https://api.github.com/repos/garbles/why-did-you-update/notifications{?since,all,participating}",       "labels_url": "https://api.github.com/repos/garbles/why-did-you-update/labels{/name}",       "releases_url": "https://api.github.com/repos/garbles/why-did-you-update/releases{/id}",       "deployments_url": "https://api.github.com/repos/garbles/why-did-you-update/deployments",       "created_at": "2016-05-12T03:49:06Z",       "updated_at": "2019-01-28T21:53:29Z",       "pushed_at": "2017-09-23T05:54:19Z",       "git_url": "git://github.com/garbles/why-did-you-update.git",       "ssh_url": "git@github.com:garbles/why-did-you-update.git",       "clone_url": "https://github.com/garbles/why-did-you-update.git",       "svn_url": "https://github.com/garbles/why-did-you-update",       "homepage": null,       "size": 29,       "stargazers_count": 5177,       "watchers_count": 5177,       "language": "JavaScript",       "has_issues": true,       "has_projects": true,       "has_downloads": true,       "has_wiki": true,       "has_pages": false,       "forks_count": 112,       "mirror_url": null,       "archived": true,       "open_issues_count": 28,       "license": null,       "forks": 112,       "open_issues": 28,       "watchers": 5177,       "default_branch": "master",       "score": 102.16807     },     {       "id": 97779740,       "node_id": "MDEwOlJlcG9zaXRvcnk5Nzc3OTc0MA==",       "name": "why-did-you-update",       "full_name": "maicki/why-did-you-update",       "private": false,       "owner": {         "login": "maicki",         "id": 25288,         "node_id": "MDQ6VXNlcjI1Mjg4",         "avatar_url": "https://avatars1.githubusercontent.com/u/25288?v=4",         "gravatar_id": "",         "url": "https://api.github.com/users/maicki",         "html_url": "https://github.com/maicki",         "followers_url": "https://api.github.com/users/maicki/followers",         "following_url": "https://api.github.com/users/maicki/following{/other_user}",         "gists_url": "https://api.github.com/users/maicki/gists{/gist_id}",         "starred_url": "https://api.github.com/users/maicki/starred{/owner}{/repo}",         "subscriptions_url": "https://api.github.com/users/maicki/subscriptions",         "organizations_url": "https://api.github.com/users/maicki/orgs",         "repos_url": "https://api.github.com/users/maicki/repos",         "events_url": "https://api.github.com/users/maicki/events{/privacy}",         "received_events_url": "https://api.github.com/users/maicki/received_events",         "type": "User",         "site_admin": false       },       "html_url": "https://github.com/maicki/why-did-you-update",       "description": ":boom: Puts your console on blast when React is making unnecessary updates.",       "fork": false,       "url": "https://api.github.com/repos/maicki/why-did-you-update",       "forks_url": "https://api.github.com/repos/maicki/why-did-you-update/forks",       "keys_url": "https://api.github.com/repos/maicki/why-did-you-update/keys{/key_id}",       "collaborators_url": "https://api.github.com/repos/maicki/why-did-you-update/collaborators{/collaborator}",       "teams_url": "https://api.github.com/repos/maicki/why-did-you-update/teams",       "hooks_url": "https://api.github.com/repos/maicki/why-did-you-update/hooks",       "issue_events_url": "https://api.github.com/repos/maicki/why-did-you-update/issues/events{/number}",       "events_url": "https://api.github.com/repos/maicki/why-did-you-update/events",       "assignees_url": "https://api.github.com/repos/maicki/why-did-you-update/assignees{/user}",       "branches_url": "https://api.github.com/repos/maicki/why-did-you-update/branches{/branch}",       "tags_url": "https://api.github.com/repos/maicki/why-did-you-update/tags",       "blobs_url": "https://api.github.com/repos/maicki/why-did-you-update/git/blobs{/sha}",       "git_tags_url": "https://api.github.com/repos/maicki/why-did-you-update/git/tags{/sha}",       "git_refs_url": "https://api.github.com/repos/maicki/why-did-you-update/git/refs{/sha}",       "trees_url": "https://api.github.com/repos/maicki/why-did-you-update/git/trees{/sha}",       "statuses_url": "https://api.github.com/repos/maicki/why-did-you-update/statuses/{sha}",       "languages_url": "https://api.github.com/repos/maicki/why-did-you-update/languages",       "stargazers_url": "https://api.github.com/repos/maicki/why-did-you-update/stargazers",       "contributors_url": "https://api.github.com/repos/maicki/why-did-you-update/contributors",       "subscribers_url": "https://api.github.com/repos/maicki/why-did-you-update/subscribers",       "subscription_url": "https://api.github.com/repos/maicki/why-did-you-update/subscription",       "commits_url": "https://api.github.com/repos/maicki/why-did-you-update/commits{/sha}",       "git_commits_url": "https://api.github.com/repos/maicki/why-did-you-update/git/commits{/sha}",       "comments_url": "https://api.github.com/repos/maicki/why-did-you-update/comments{/number}",       "issue_comment_url": "https://api.github.com/repos/maicki/why-did-you-update/issues/comments{/number}",       "contents_url": "https://api.github.com/repos/maicki/why-did-you-update/contents/{+path}",       "compare_url": "https://api.github.com/repos/maicki/why-did-you-update/compare/{base}...{head}",       "merges_url": "https://api.github.com/repos/maicki/why-did-you-update/merges",       "archive_url": "https://api.github.com/repos/maicki/why-did-you-update/{archive_format}{/ref}",       "downloads_url": "https://api.github.com/repos/maicki/why-did-you-update/downloads",       "issues_url": "https://api.github.com/repos/maicki/why-did-you-update/issues{/number}",       "pulls_url": "https://api.github.com/repos/maicki/why-did-you-update/pulls{/number}",       "milestones_url": "https://api.github.com/repos/maicki/why-did-you-update/milestones{/number}",       "notifications_url": "https://api.github.com/repos/maicki/why-did-you-update/notifications{?since,all,participating}",       "labels_url": "https://api.github.com/repos/maicki/why-did-you-update/labels{/name}",       "releases_url": "https://api.github.com/repos/maicki/why-did-you-update/releases{/id}",       "deployments_url": "https://api.github.com/repos/maicki/why-did-you-update/deployments",       "created_at": "2017-07-20T02:06:12Z",       "updated_at": "2019-01-29T05:37:27Z",       "pushed_at": "2018-12-13T16:41:38Z",       "git_url": "git://github.com/maicki/why-did-you-update.git",       "ssh_url": "git@github.com:maicki/why-did-you-update.git",       "clone_url": "https://github.com/maicki/why-did-you-update.git",       "svn_url": "https://github.com/maicki/why-did-you-update",       "homepage": null,       "size": 1349,       "stargazers_count": 3040,       "watchers_count": 3040,       "language": "JavaScript",       "has_issues": true,       "has_projects": true,       "has_downloads": true,       "has_wiki": true,       "has_pages": false,       "forks_count": 89,       "mirror_url": null,       "archived": false,       "open_issues_count": 4,       "license": {         "key": "mit",         "name": "MIT License",         "spdx_id": "MIT",         "url": "https://api.github.com/licenses/mit",         "node_id": "MDc6TGljZW5zZTEz"       },       "forks": 89,       "open_issues": 4,       "watchers": 3040,       "default_branch": "master",       "score": 97.46343     },     {       "id": 47007090,       "node_id": "MDEwOlJlcG9zaXRvcnk0NzAwNzA5MA==",       "name": "react-native-nba-app",       "full_name": "wwayne/react-native-nba-app",       "private": false,       "owner": {         "login": "wwayne",         "id": 5305874,         "node_id": "MDQ6VXNlcjUzMDU4NzQ=",         "avatar_url": "https://avatars1.githubusercontent.com/u/5305874?v=4",         "gravatar_id": "",         "url": "https://api.github.com/users/wwayne",         "html_url": "https://github.com/wwayne",         "followers_url": "https://api.github.com/users/wwayne/followers",         "following_url": "https://api.github.com/users/wwayne/following{/other_user}",         "gists_url": "https://api.github.com/users/wwayne/gists{/gist_id}",         "starred_url": "https://api.github.com/users/wwayne/starred{/owner}{/repo}",         "subscriptions_url": "https://api.github.com/users/wwayne/subscriptions",         "organizations_url": "https://api.github.com/users/wwayne/orgs",         "repos_url": "https://api.github.com/users/wwayne/repos",         "events_url": "https://api.github.com/users/wwayne/events{/privacy}",         "received_events_url": "https://api.github.com/users/wwayne/received_events",         "type": "User",         "site_admin": false       },       "html_url": "https://github.com/wwayne/react-native-nba-app",       "description": "This is why we play",       "fork": false,       "url": "https://api.github.com/repos/wwayne/react-native-nba-app",       "forks_url": "https://api.github.com/repos/wwayne/react-native-nba-app/forks",       "keys_url": "https://api.github.com/repos/wwayne/react-native-nba-app/keys{/key_id}",       "collaborators_url": "https://api.github.com/repos/wwayne/react-native-nba-app/collaborators{/collaborator}",       "teams_url": "https://api.github.com/repos/wwayne/react-native-nba-app/teams",       "hooks_url": "https://api.github.com/repos/wwayne/react-native-nba-app/hooks",       "issue_events_url": "https://api.github.com/repos/wwayne/react-native-nba-app/issues/events{/number}",       "events_url": "https://api.github.com/repos/wwayne/react-native-nba-app/events",       "assignees_url": "https://api.github.com/repos/wwayne/react-native-nba-app/assignees{/user}",       "branches_url": "https://api.github.com/repos/wwayne/react-native-nba-app/branches{/branch}",       "tags_url": "https://api.github.com/repos/wwayne/react-native-nba-app/tags",       "blobs_url": "https://api.github.com/repos/wwayne/react-native-nba-app/git/blobs{/sha}",       "git_tags_url": "https://api.github.com/repos/wwayne/react-native-nba-app/git/tags{/sha}",       "git_refs_url": "https://api.github.com/repos/wwayne/react-native-nba-app/git/refs{/sha}",       "trees_url": "https://api.github.com/repos/wwayne/react-native-nba-app/git/trees{/sha}",       "statuses_url": "https://api.github.com/repos/wwayne/react-native-nba-app/statuses/{sha}",       "languages_url": "https://api.github.com/repos/wwayne/react-native-nba-app/languages",       "stargazers_url": "https://api.github.com/repos/wwayne/react-native-nba-app/stargazers",       "contributors_url": "https://api.github.com/repos/wwayne/react-native-nba-app/contributors",       "subscribers_url": "https://api.github.com/repos/wwayne/react-native-nba-app/subscribers",       "subscription_url": "https://api.github.com/repos/wwayne/react-native-nba-app/subscription",       "commits_url": "https://api.github.com/repos/wwayne/react-native-nba-app/commits{/sha}",       "git_commits_url": "https://api.github.com/repos/wwayne/react-native-nba-app/git/commits{/sha}",       "comments_url": "https://api.github.com/repos/wwayne/react-native-nba-app/comments{/number}",       "issue_comment_url": "https://api.github.com/repos/wwayne/react-native-nba-app/issues/comments{/number}",       "contents_url": "https://api.github.com/repos/wwayne/react-native-nba-app/contents/{+path}",       "compare_url": "https://api.github.com/repos/wwayne/react-native-nba-app/compare/{base}...{head}",       "merges_url": "https://api.github.com/repos/wwayne/react-native-nba-app/merges",       "archive_url": "https://api.github.com/repos/wwayne/react-native-nba-app/{archive_format}{/ref}",       "downloads_url": "https://api.github.com/repos/wwayne/react-native-nba-app/downloads",       "issues_url": "https://api.github.com/repos/wwayne/react-native-nba-app/issues{/number}",       "pulls_url": "https://api.github.com/repos/wwayne/react-native-nba-app/pulls{/number}",       "milestones_url": "https://api.github.com/repos/wwayne/react-native-nba-app/milestones{/number}",       "notifications_url": "https://api.github.com/repos/wwayne/react-native-nba-app/notifications{?since,all,participating}",       "labels_url": "https://api.github.com/repos/wwayne/react-native-nba-app/labels{/name}",       "releases_url": "https://api.github.com/repos/wwayne/react-native-nba-app/releases{/id}",       "deployments_url": "https://api.github.com/repos/wwayne/react-native-nba-app/deployments",       "created_at": "2015-11-28T02:30:45Z",       "updated_at": "2019-01-29T06:24:22Z",       "pushed_at": "2017-02-07T17:42:38Z",       "git_url": "git://github.com/wwayne/react-native-nba-app.git",       "ssh_url": "git@github.com:wwayne/react-native-nba-app.git",       "clone_url": "https://github.com/wwayne/react-native-nba-app.git",       "svn_url": "https://github.com/wwayne/react-native-nba-app",       "homepage": "",       "size": 2796,       "stargazers_count": 2073,       "watchers_count": 2073,       "language": "Objective-C",       "has_issues": true,       "has_projects": true,       "has_downloads": true,       "has_wiki": true,       "has_pages": false,       "forks_count": 480,       "mirror_url": null,       "archived": false,       "open_issues_count": 8,       "license": {         "key": "mit",         "name": "MIT License",         "spdx_id": "MIT",         "url": "https://api.github.com/licenses/mit",         "node_id": "MDc6TGljZW5zZTEz"       },       "forks": 480,       "open_issues": 8,       "watchers": 2073,       "default_branch": "master",       "score": 110.83388     },     {       "id": 17720394,       "node_id": "MDEwOlJlcG9zaXRvcnkxNzcyMDM5NA==",       "name": "pyinstrument",       "full_name": "joerick/pyinstrument",       "private": false,       "owner": {         "login": "joerick",         "id": 1244307,         "node_id": "MDQ6VXNlcjEyNDQzMDc=",         "avatar_url": "https://avatars1.githubusercontent.com/u/1244307?v=4",         "gravatar_id": "",         "url": "https://api.github.com/users/joerick",         "html_url": "https://github.com/joerick",         "followers_url": "https://api.github.com/users/joerick/followers",         "following_url": "https://api.github.com/users/joerick/following{/other_user}",         "gists_url": "https://api.github.com/users/joerick/gists{/gist_id}",         "starred_url": "https://api.github.com/users/joerick/starred{/owner}{/repo}",         "subscriptions_url": "https://api.github.com/users/joerick/subscriptions",         "organizations_url": "https://api.github.com/users/joerick/orgs",         "repos_url": "https://api.github.com/users/joerick/repos",         "events_url": "https://api.github.com/users/joerick/events{/privacy}",         "received_events_url": "https://api.github.com/users/joerick/received_events",         "type": "User",         "site_admin": false       },       "html_url": "https://github.com/joerick/pyinstrument",       "description": "🚴 Call stack profiler for Python. Shows you why your code is slow!",       "fork": false,       "url": "https://api.github.com/repos/joerick/pyinstrument",       "forks_url": "https://api.github.com/repos/joerick/pyinstrument/forks",       "keys_url": "https://api.github.com/repos/joerick/pyinstrument/keys{/key_id}",       "collaborators_url": "https://api.github.com/repos/joerick/pyinstrument/collaborators{/collaborator}",       "teams_url": "https://api.github.com/repos/joerick/pyinstrument/teams",       "hooks_url": "https://api.github.com/repos/joerick/pyinstrument/hooks",       "issue_events_url": "https://api.github.com/repos/joerick/pyinstrument/issues/events{/number}",       "events_url": "https://api.github.com/repos/joerick/pyinstrument/events",       "assignees_url": "https://api.github.com/repos/joerick/pyinstrument/assignees{/user}",       "branches_url": "https://api.github.com/repos/joerick/pyinstrument/branches{/branch}",       "tags_url": "https://api.github.com/repos/joerick/pyinstrument/tags",       "blobs_url": "https://api.github.com/repos/joerick/pyinstrument/git/blobs{/sha}",       "git_tags_url": "https://api.github.com/repos/joerick/pyinstrument/git/tags{/sha}",       "git_refs_url": "https://api.github.com/repos/joerick/pyinstrument/git/refs{/sha}",       "trees_url": "https://api.github.com/repos/joerick/pyinstrument/git/trees{/sha}",       "statuses_url": "https://api.github.com/repos/joerick/pyinstrument/statuses/{sha}",       "languages_url": "https://api.github.com/repos/joerick/pyinstrument/languages",       "stargazers_url": "https://api.github.com/repos/joerick/pyinstrument/stargazers",       "contributors_url": "https://api.github.com/repos/joerick/pyinstrument/contributors",       "subscribers_url": "https://api.github.com/repos/joerick/pyinstrument/subscribers",       "subscription_url": "https://api.github.com/repos/joerick/pyinstrument/subscription",       "commits_url": "https://api.github.com/repos/joerick/pyinstrument/commits{/sha}",       "git_commits_url": "https://api.github.com/repos/joerick/pyinstrument/git/commits{/sha}",       "comments_url": "https://api.github.com/repos/joerick/pyinstrument/comments{/number}",       "issue_comment_url": "https://api.github.com/repos/joerick/pyinstrument/issues/comments{/number}",       "contents_url": "https://api.github.com/repos/joerick/pyinstrument/contents/{+path}",       "compare_url": "https://api.github.com/repos/joerick/pyinstrument/compare/{base}...{head}",       "merges_url": "https://api.github.com/repos/joerick/pyinstrument/merges",       "archive_url": "https://api.github.com/repos/joerick/pyinstrument/{archive_format}{/ref}",       "downloads_url": "https://api.github.com/repos/joerick/pyinstrument/downloads",       "issues_url": "https://api.github.com/repos/joerick/pyinstrument/issues{/number}",       "pulls_url": "https://api.github.com/repos/joerick/pyinstrument/pulls{/number}",       "milestones_url": "https://api.github.com/repos/joerick/pyinstrument/milestones{/number}",       "notifications_url": "https://api.github.com/repos/joerick/pyinstrument/notifications{?since,all,participating}",       "labels_url": "https://api.github.com/repos/joerick/pyinstrument/labels{/name}",       "releases_url": "https://api.github.com/repos/joerick/pyinstrument/releases{/id}",       "deployments_url": "https://api.github.com/repos/joerick/pyinstrument/deployments",       "created_at": "2014-03-13T17:53:13Z",       "updated_at": "2019-01-27T14:58:45Z",       "pushed_at": "2019-01-15T13:57:27Z",       "git_url": "git://github.com/joerick/pyinstrument.git",       "ssh_url": "git@github.com:joerick/pyinstrument.git",       "clone_url": "https://github.com/joerick/pyinstrument.git",       "svn_url": "https://github.com/joerick/pyinstrument",       "homepage": "",       "size": 1949,       "stargazers_count": 1081,       "watchers_count": 1081,       "language": "Python",       "has_issues": true,       "has_projects": true,       "has_downloads": true,       "has_wiki": true,       "has_pages": false,       "forks_count": 66,       "mirror_url": null,       "archived": false,       "open_issues_count": 5,       "license": {         "key": "bsd-3-clause",         "name": "BSD 3-Clause \"New\" or \"Revised\" License",         "spdx_id": "BSD-3-Clause",         "url": "https://api.github.com/licenses/bsd-3-clause",         "node_id": "MDc6TGljZW5zZTU="       },       "forks": 66,       "open_issues": 5,       "watchers": 1081,       "default_branch": "master",       "score": 57.179752     },     {       "id": 51375640,       "node_id": "MDEwOlJlcG9zaXRvcnk1MTM3NTY0MA==",       "name": "why-is-node-running",       "full_name": "mafintosh/why-is-node-running",       "private": false,       "owner": {         "login": "mafintosh",         "id": 376661,         "node_id": "MDQ6VXNlcjM3NjY2MQ==",         "avatar_url": "https://avatars1.githubusercontent.com/u/376661?v=4",         "gravatar_id": "",         "url": "https://api.github.com/users/mafintosh",         "html_url": "https://github.com/mafintosh",         "followers_url": "https://api.github.com/users/mafintosh/followers",         "following_url": "https://api.github.com/users/mafintosh/following{/other_user}",         "gists_url": "https://api.github.com/users/mafintosh/gists{/gist_id}",         "starred_url": "https://api.github.com/users/mafintosh/starred{/owner}{/repo}",         "subscriptions_url": "https://api.github.com/users/mafintosh/subscriptions",         "organizations_url": "https://api.github.com/users/mafintosh/orgs",         "repos_url": "https://api.github.com/users/mafintosh/repos",         "events_url": "https://api.github.com/users/mafintosh/events{/privacy}",         "received_events_url": "https://api.github.com/users/mafintosh/received_events",         "type": "User",         "site_admin": false       },       "html_url": "https://github.com/mafintosh/why-is-node-running",       "description": "Node is running but you don't know why? why-is-node-running is here to help you.",       "fork": false,       "url": "https://api.github.com/repos/mafintosh/why-is-node-running",       "forks_url": "https://api.github.com/repos/mafintosh/why-is-node-running/forks",       "keys_url": "https://api.github.com/repos/mafintosh/why-is-node-running/keys{/key_id}",       "collaborators_url": "https://api.github.com/repos/mafintosh/why-is-node-running/collaborators{/collaborator}",       "teams_url": "https://api.github.com/repos/mafintosh/why-is-node-running/teams",       "hooks_url": "https://api.github.com/repos/mafintosh/why-is-node-running/hooks",       "issue_events_url": "https://api.github.com/repos/mafintosh/why-is-node-running/issues/events{/number}",       "events_url": "https://api.github.com/repos/mafintosh/why-is-node-running/events",       "assignees_url": "https://api.github.com/repos/mafintosh/why-is-node-running/assignees{/user}",       "branches_url": "https://api.github.com/repos/mafintosh/why-is-node-running/branches{/branch}",       "tags_url": "https://api.github.com/repos/mafintosh/why-is-node-running/tags",       "blobs_url": "https://api.github.com/repos/mafintosh/why-is-node-running/git/blobs{/sha}",       "git_tags_url": "https://api.github.com/repos/mafintosh/why-is-node-running/git/tags{/sha}",       "git_refs_url": "https://api.github.com/repos/mafintosh/why-is-node-running/git/refs{/sha}",       "trees_url": "https://api.github.com/repos/mafintosh/why-is-node-running/git/trees{/sha}",       "statuses_url": "https://api.github.com/repos/mafintosh/why-is-node-running/statuses/{sha}",       "languages_url": "https://api.github.com/repos/mafintosh/why-is-node-running/languages",       "stargazers_url": "https://api.github.com/repos/mafintosh/why-is-node-running/stargazers",       "contributors_url": "https://api.github.com/repos/mafintosh/why-is-node-running/contributors",       "subscribers_url": "https://api.github.com/repos/mafintosh/why-is-node-running/subscribers",       "subscription_url": "https://api.github.com/repos/mafintosh/why-is-node-running/subscription",       "commits_url": "https://api.github.com/repos/mafintosh/why-is-node-running/commits{/sha}",       "git_commits_url": "https://api.github.com/repos/mafintosh/why-is-node-running/git/commits{/sha}",       "comments_url": "https://api.github.com/repos/mafintosh/why-is-node-running/comments{/number}",       "issue_comment_url": "https://api.github.com/repos/mafintosh/why-is-node-running/issues/comments{/number}",       "contents_url": "https://api.github.com/repos/mafintosh/why-is-node-running/contents/{+path}",       "compare_url": "https://api.github.com/repos/mafintosh/why-is-node-running/compare/{base}...{head}",       "merges_url": "https://api.github.com/repos/mafintosh/why-is-node-running/merges",       "archive_url": "https://api.github.com/repos/mafintosh/why-is-node-running/{archive_format}{/ref}",       "downloads_url": "https://api.github.com/repos/mafintosh/why-is-node-running/downloads",       "issues_url": "https://api.github.com/repos/mafintosh/why-is-node-running/issues{/number}",       "pulls_url": "https://api.github.com/repos/mafintosh/why-is-node-running/pulls{/number}",       "milestones_url": "https://api.github.com/repos/mafintosh/why-is-node-running/milestones{/number}",       "notifications_url": "https://api.github.com/repos/mafintosh/why-is-node-running/notifications{?since,all,participating}",       "labels_url": "https://api.github.com/repos/mafintosh/why-is-node-running/labels{/name}",       "releases_url": "https://api.github.com/repos/mafintosh/why-is-node-running/releases{/id}",       "deployments_url": "https://api.github.com/repos/mafintosh/why-is-node-running/deployments",       "created_at": "2016-02-09T15:29:28Z",       "updated_at": "2019-01-27T07:40:29Z",       "pushed_at": "2018-10-26T08:54:53Z",       "git_url": "git://github.com/mafintosh/why-is-node-running.git",       "ssh_url": "git@github.com:mafintosh/why-is-node-running.git",       "clone_url": "https://github.com/mafintosh/why-is-node-running.git",       "svn_url": "https://github.com/mafintosh/why-is-node-running",       "homepage": null,       "size": 18,       "stargazers_count": 873,       "watchers_count": 873,       "language": "JavaScript",       "has_issues": true,       "has_projects": true,       "has_downloads": true,       "has_wiki": true,       "has_pages": false,       "forks_count": 32,       "mirror_url": null,       "archived": false,       "open_issues_count": 12,       "license": {         "key": "mit",         "name": "MIT License",         "spdx_id": "MIT",         "url": "https://api.github.com/licenses/mit",         "node_id": "MDc6TGljZW5zZTEz"       },       "forks": 32,       "open_issues": 12,       "watchers": 873,       "default_branch": "master",       "score": 80.3002     },     {       "id": 103874950,       "node_id": "MDEwOlJlcG9zaXRvcnkxMDM4NzQ5NTA=",       "name": "bashful",       "full_name": "wagoodman/bashful",       "private": false,       "owner": {         "login": "wagoodman",         "id": 590471,         "node_id": "MDQ6VXNlcjU5MDQ3MQ==",         "avatar_url": "https://avatars3.githubusercontent.com/u/590471?v=4",         "gravatar_id": "",         "url": "https://api.github.com/users/wagoodman",         "html_url": "https://github.com/wagoodman",         "followers_url": "https://api.github.com/users/wagoodman/followers",         "following_url": "https://api.github.com/users/wagoodman/following{/other_user}",         "gists_url": "https://api.github.com/users/wagoodman/gists{/gist_id}",         "starred_url": "https://api.github.com/users/wagoodman/starred{/owner}{/repo}",         "subscriptions_url": "https://api.github.com/users/wagoodman/subscriptions",         "organizations_url": "https://api.github.com/users/wagoodman/orgs",         "repos_url": "https://api.github.com/users/wagoodman/repos",         "events_url": "https://api.github.com/users/wagoodman/events{/privacy}",         "received_events_url": "https://api.github.com/users/wagoodman/received_events",         "type": "User",         "site_admin": false       },       "html_url": "https://github.com/wagoodman/bashful",       "description": "Use a yaml file to stitch together commands and bash snippits and run them with a bit of style.  Why? Because your bash script should be quiet and shy-like (...and not such a loud mouth). ",       "fork": false,       "url": "https://api.github.com/repos/wagoodman/bashful",       "forks_url": "https://api.github.com/repos/wagoodman/bashful/forks",       "keys_url": "https://api.github.com/repos/wagoodman/bashful/keys{/key_id}",       "collaborators_url": "https://api.github.com/repos/wagoodman/bashful/collaborators{/collaborator}",       "teams_url": "https://api.github.com/repos/wagoodman/bashful/teams",       "hooks_url": "https://api.github.com/repos/wagoodman/bashful/hooks",       "issue_events_url": "https://api.github.com/repos/wagoodman/bashful/issues/events{/number}",       "events_url": "https://api.github.com/repos/wagoodman/bashful/events",       "assignees_url": "https://api.github.com/repos/wagoodman/bashful/assignees{/user}",       "branches_url": "https://api.github.com/repos/wagoodman/bashful/branches{/branch}",       "tags_url": "https://api.github.com/repos/wagoodman/bashful/tags",       "blobs_url": "https://api.github.com/repos/wagoodman/bashful/git/blobs{/sha}",       "git_tags_url": "https://api.github.com/repos/wagoodman/bashful/git/tags{/sha}",       "git_refs_url": "https://api.github.com/repos/wagoodman/bashful/git/refs{/sha}",       "trees_url": "https://api.github.com/repos/wagoodman/bashful/git/trees{/sha}",       "statuses_url": "https://api.github.com/repos/wagoodman/bashful/statuses/{sha}",       "languages_url": "https://api.github.com/repos/wagoodman/bashful/languages",       "stargazers_url": "https://api.github.com/repos/wagoodman/bashful/stargazers",       "contributors_url": "https://api.github.com/repos/wagoodman/bashful/contributors",       "subscribers_url": "https://api.github.com/repos/wagoodman/bashful/subscribers",       "subscription_url": "https://api.github.com/repos/wagoodman/bashful/subscription",       "commits_url": "https://api.github.com/repos/wagoodman/bashful/commits{/sha}",       "git_commits_url": "https://api.github.com/repos/wagoodman/bashful/git/commits{/sha}",       "comments_url": "https://api.github.com/repos/wagoodman/bashful/comments{/number}",       "issue_comment_url": "https://api.github.com/repos/wagoodman/bashful/issues/comments{/number}",       "contents_url": "https://api.github.com/repos/wagoodman/bashful/contents/{+path}",       "compare_url": "https://api.github.com/repos/wagoodman/bashful/compare/{base}...{head}",       "merges_url": "https://api.github.com/repos/wagoodman/bashful/merges",       "archive_url": "https://api.github.com/repos/wagoodman/bashful/{archive_format}{/ref}",       "downloads_url": "https://api.github.com/repos/wagoodman/bashful/downloads",       "issues_url": "https://api.github.com/repos/wagoodman/bashful/issues{/number}",       "pulls_url": "https://api.github.com/repos/wagoodman/bashful/pulls{/number}",       "milestones_url": "https://api.github.com/repos/wagoodman/bashful/milestones{/number}",       "notifications_url": "https://api.github.com/repos/wagoodman/bashful/notifications{?since,all,participating}",       "labels_url": "https://api.github.com/repos/wagoodman/bashful/labels{/name}",       "releases_url": "https://api.github.com/repos/wagoodman/bashful/releases{/id}",       "deployments_url": "https://api.github.com/repos/wagoodman/bashful/deployments",       "created_at": "2017-09-18T01:04:55Z",       "updated_at": "2019-01-28T20:06:21Z",       "pushed_at": "2019-01-06T18:52:52Z",       "git_url": "git://github.com/wagoodman/bashful.git",       "ssh_url": "git@github.com:wagoodman/bashful.git",       "clone_url": "https://github.com/wagoodman/bashful.git",       "svn_url": "https://github.com/wagoodman/bashful",       "homepage": "",       "size": 4157,       "stargazers_count": 827,       "watchers_count": 827,       "language": "Go",       "has_issues": true,       "has_projects": true,       "has_downloads": true,       "has_wiki": true,       "has_pages": false,       "forks_count": 24,       "mirror_url": null,       "archived": false,       "open_issues_count": 15,       "license": {         "key": "mit",         "name": "MIT License",         "spdx_id": "MIT",         "url": "https://api.github.com/licenses/mit",         "node_id": "MDc6TGljZW5zZTEz"       },       "forks": 24,       "open_issues": 15,       "watchers": 827,       "default_branch": "master",       "score": 27.885042     },     {       "id": 100889899,       "node_id": "MDEwOlJlcG9zaXRvcnkxMDA4ODk4OTk=",       "name": "wtfautolayout",       "full_name": "johnpatrickmorgan/wtfautolayout",       "private": false,       "owner": {         "login": "johnpatrickmorgan",         "id": 6318566,         "node_id": "MDQ6VXNlcjYzMTg1NjY=",         "avatar_url": "https://avatars3.githubusercontent.com/u/6318566?v=4",         "gravatar_id": "",         "url": "https://api.github.com/users/johnpatrickmorgan",         "html_url": "https://github.com/johnpatrickmorgan",         "followers_url": "https://api.github.com/users/johnpatrickmorgan/followers",         "following_url": "https://api.github.com/users/johnpatrickmorgan/following{/other_user}",         "gists_url": "https://api.github.com/users/johnpatrickmorgan/gists{/gist_id}",         "starred_url": "https://api.github.com/users/johnpatrickmorgan/starred{/owner}{/repo}",         "subscriptions_url": "https://api.github.com/users/johnpatrickmorgan/subscriptions",         "organizations_url": "https://api.github.com/users/johnpatrickmorgan/orgs",         "repos_url": "https://api.github.com/users/johnpatrickmorgan/repos",         "events_url": "https://api.github.com/users/johnpatrickmorgan/events{/privacy}",         "received_events_url": "https://api.github.com/users/johnpatrickmorgan/received_events",         "type": "User",         "site_admin": false       },       "html_url": "https://github.com/johnpatrickmorgan/wtfautolayout",       "description": "The source code for Why The Failure, Auto Layout?",       "fork": false,       "url": "https://api.github.com/repos/johnpatrickmorgan/wtfautolayout",       "forks_url": "https://api.github.com/repos/johnpatrickmorgan/wtfautolayout/forks",       "keys_url": "https://api.github.com/repos/johnpatrickmorgan/wtfautolayout/keys{/key_id}",       "collaborators_url": "https://api.github.com/repos/johnpatrickmorgan/wtfautolayout/collaborators{/collaborator}",       "teams_url": "https://api.github.com/repos/johnpatrickmorgan/wtfautolayout/teams",       "hooks_url": "https://api.github.com/repos/johnpatrickmorgan/wtfautolayout/hooks",       "issue_events_url": "https://api.github.com/repos/johnpatrickmorgan/wtfautolayout/issues/events{/number}",       "events_url": "https://api.github.com/repos/johnpatrickmorgan/wtfautolayout/events",       "assignees_url": "https://api.github.com/repos/johnpatrickmorgan/wtfautolayout/assignees{/user}",       "branches_url": "https://api.github.com/repos/johnpatrickmorgan/wtfautolayout/branches{/branch}",       "tags_url": "https://api.github.com/repos/johnpatrickmorgan/wtfautolayout/tags",       "blobs_url": "https://api.github.com/repos/johnpatrickmorgan/wtfautolayout/git/blobs{/sha}",       "git_tags_url": "https://api.github.com/repos/johnpatrickmorgan/wtfautolayout/git/tags{/sha}",       "git_refs_url": "https://api.github.com/repos/johnpatrickmorgan/wtfautolayout/git/refs{/sha}",       "trees_url": "https://api.github.com/repos/johnpatrickmorgan/wtfautolayout/git/trees{/sha}",       "statuses_url": "https://api.github.com/repos/johnpatrickmorgan/wtfautolayout/statuses/{sha}",       "languages_url": "https://api.github.com/repos/johnpatrickmorgan/wtfautolayout/languages",       "stargazers_url": "https://api.github.com/repos/johnpatrickmorgan/wtfautolayout/stargazers",       "contributors_url": "https://api.github.com/repos/johnpatrickmorgan/wtfautolayout/contributors",       "subscribers_url": "https://api.github.com/repos/johnpatrickmorgan/wtfautolayout/subscribers",       "subscription_url": "https://api.github.com/repos/johnpatrickmorgan/wtfautolayout/subscription",       "commits_url": "https://api.github.com/repos/johnpatrickmorgan/wtfautolayout/commits{/sha}",       "git_commits_url": "https://api.github.com/repos/johnpatrickmorgan/wtfautolayout/git/commits{/sha}",       "comments_url": "https://api.github.com/repos/johnpatrickmorgan/wtfautolayout/comments{/number}",       "issue_comment_url": "https://api.github.com/repos/johnpatrickmorgan/wtfautolayout/issues/comments{/number}",       "contents_url": "https://api.github.com/repos/johnpatrickmorgan/wtfautolayout/contents/{+path}",       "compare_url": "https://api.github.com/repos/johnpatrickmorgan/wtfautolayout/compare/{base}...{head}",       "merges_url": "https://api.github.com/repos/johnpatrickmorgan/wtfautolayout/merges",       "archive_url": "https://api.github.com/repos/johnpatrickmorgan/wtfautolayout/{archive_format}{/ref}",       "downloads_url": "https://api.github.com/repos/johnpatrickmorgan/wtfautolayout/downloads",       "issues_url": "https://api.github.com/repos/johnpatrickmorgan/wtfautolayout/issues{/number}",       "pulls_url": "https://api.github.com/repos/johnpatrickmorgan/wtfautolayout/pulls{/number}",       "milestones_url": "https://api.github.com/repos/johnpatrickmorgan/wtfautolayout/milestones{/number}",       "notifications_url": "https://api.github.com/repos/johnpatrickmorgan/wtfautolayout/notifications{?since,all,participating}",       "labels_url": "https://api.github.com/repos/johnpatrickmorgan/wtfautolayout/labels{/name}",       "releases_url": "https://api.github.com/repos/johnpatrickmorgan/wtfautolayout/releases{/id}",       "deployments_url": "https://api.github.com/repos/johnpatrickmorgan/wtfautolayout/deployments",       "created_at": "2017-08-20T21:32:57Z",       "updated_at": "2019-01-28T12:46:45Z",       "pushed_at": "2019-01-24T23:44:25Z",       "git_url": "git://github.com/johnpatrickmorgan/wtfautolayout.git",       "ssh_url": "git@github.com:johnpatrickmorgan/wtfautolayout.git",       "clone_url": "https://github.com/johnpatrickmorgan/wtfautolayout.git",       "svn_url": "https://github.com/johnpatrickmorgan/wtfautolayout",       "homepage": "https://www.wtfautolayout.com",       "size": 347,       "stargazers_count": 674,       "watchers_count": 674,       "language": "Swift",       "has_issues": true,       "has_projects": true,       "has_downloads": true,       "has_wiki": true,       "has_pages": false,       "forks_count": 15,       "mirror_url": null,       "archived": false,       "open_issues_count": 5,       "license": {         "key": "mit",         "name": "MIT License",         "spdx_id": "MIT",         "url": "https://api.github.com/licenses/mit",         "node_id": "MDc6TGljZW5zZTEz"       },       "forks": 15,       "open_issues": 5,       "watchers": 674,       "default_branch": "master",       "score": 56.568634     },     {       "id": 28422398,       "node_id": "MDEwOlJlcG9zaXRvcnkyODQyMjM5OA==",       "name": "react-router-flux-starter-kit",       "full_name": "przeor/react-router-flux-starter-kit",       "private": false,       "owner": {         "login": "przeor",         "id": 5995,         "node_id": "MDQ6VXNlcjU5OTU=",         "avatar_url": "https://avatars2.githubusercontent.com/u/5995?v=4",         "gravatar_id": "",         "url": "https://api.github.com/users/przeor",         "html_url": "https://github.com/przeor",         "followers_url": "https://api.github.com/users/przeor/followers",         "following_url": "https://api.github.com/users/przeor/following{/other_user}",         "gists_url": "https://api.github.com/users/przeor/gists{/gist_id}",         "starred_url": "https://api.github.com/users/przeor/starred{/owner}{/repo}",         "subscriptions_url": "https://api.github.com/users/przeor/subscriptions",         "organizations_url": "https://api.github.com/users/przeor/orgs",         "repos_url": "https://api.github.com/users/przeor/repos",         "events_url": "https://api.github.com/users/przeor/events{/privacy}",         "received_events_url": "https://api.github.com/users/przeor/received_events",         "type": "User",         "site_admin": false       },       "html_url": "https://github.com/przeor/react-router-flux-starter-kit",       "description": "Why & How to Learn React Redux, the right highly scalable way.",       "fork": false,       "url": "https://api.github.com/repos/przeor/react-router-flux-starter-kit",       "forks_url": "https://api.github.com/repos/przeor/react-router-flux-starter-kit/forks",       "keys_url": "https://api.github.com/repos/przeor/react-router-flux-starter-kit/keys{/key_id}",       "collaborators_url": "https://api.github.com/repos/przeor/react-router-flux-starter-kit/collaborators{/collaborator}",       "teams_url": "https://api.github.com/repos/przeor/react-router-flux-starter-kit/teams",       "hooks_url": "https://api.github.com/repos/przeor/react-router-flux-starter-kit/hooks",       "issue_events_url": "https://api.github.com/repos/przeor/react-router-flux-starter-kit/issues/events{/number}",       "events_url": "https://api.github.com/repos/przeor/react-router-flux-starter-kit/events",       "assignees_url": "https://api.github.com/repos/przeor/react-router-flux-starter-kit/assignees{/user}",       "branches_url": "https://api.github.com/repos/przeor/react-router-flux-starter-kit/branches{/branch}",       "tags_url": "https://api.github.com/repos/przeor/react-router-flux-starter-kit/tags",       "blobs_url": "https://api.github.com/repos/przeor/react-router-flux-starter-kit/git/blobs{/sha}",       "git_tags_url": "https://api.github.com/repos/przeor/react-router-flux-starter-kit/git/tags{/sha}",       "git_refs_url": "https://api.github.com/repos/przeor/react-router-flux-starter-kit/git/refs{/sha}",       "trees_url": "https://api.github.com/repos/przeor/react-router-flux-starter-kit/git/trees{/sha}",       "statuses_url": "https://api.github.com/repos/przeor/react-router-flux-starter-kit/statuses/{sha}",       "languages_url": "https://api.github.com/repos/przeor/react-router-flux-starter-kit/languages",       "stargazers_url": "https://api.github.com/repos/przeor/react-router-flux-starter-kit/stargazers",       "contributors_url": "https://api.github.com/repos/przeor/react-router-flux-starter-kit/contributors",       "subscribers_url": "https://api.github.com/repos/przeor/react-router-flux-starter-kit/subscribers",       "subscription_url": "https://api.github.com/repos/przeor/react-router-flux-starter-kit/subscription",       "commits_url": "https://api.github.com/repos/przeor/react-router-flux-starter-kit/commits{/sha}",       "git_commits_url": "https://api.github.com/repos/przeor/react-router-flux-starter-kit/git/commits{/sha}",       "comments_url": "https://api.github.com/repos/przeor/react-router-flux-starter-kit/comments{/number}",       "issue_comment_url": "https://api.github.com/repos/przeor/react-router-flux-starter-kit/issues/comments{/number}",       "contents_url": "https://api.github.com/repos/przeor/react-router-flux-starter-kit/contents/{+path}",       "compare_url": "https://api.github.com/repos/przeor/react-router-flux-starter-kit/compare/{base}...{head}",       "merges_url": "https://api.github.com/repos/przeor/react-router-flux-starter-kit/merges",       "archive_url": "https://api.github.com/repos/przeor/react-router-flux-starter-kit/{archive_format}{/ref}",       "downloads_url": "https://api.github.com/repos/przeor/react-router-flux-starter-kit/downloads",       "issues_url": "https://api.github.com/repos/przeor/react-router-flux-starter-kit/issues{/number}",       "pulls_url": "https://api.github.com/repos/przeor/react-router-flux-starter-kit/pulls{/number}",       "milestones_url": "https://api.github.com/repos/przeor/react-router-flux-starter-kit/milestones{/number}",       "notifications_url": "https://api.github.com/repos/przeor/react-router-flux-starter-kit/notifications{?since,all,participating}",       "labels_url": "https://api.github.com/repos/przeor/react-router-flux-starter-kit/labels{/name}",       "releases_url": "https://api.github.com/repos/przeor/react-router-flux-starter-kit/releases{/id}",       "deployments_url": "https://api.github.com/repos/przeor/react-router-flux-starter-kit/deployments",       "created_at": "2014-12-23T22:19:47Z",       "updated_at": "2019-01-23T01:25:46Z",       "pushed_at": "2016-08-19T08:19:37Z",       "git_url": "git://github.com/przeor/react-router-flux-starter-kit.git",       "ssh_url": "git@github.com:przeor/react-router-flux-starter-kit.git",       "clone_url": "https://github.com/przeor/react-router-flux-starter-kit.git",       "svn_url": "https://github.com/przeor/react-router-flux-starter-kit",       "homepage": "",       "size": 4999,       "stargazers_count": 650,       "watchers_count": 650,       "language": "JavaScript",       "has_issues": true,       "has_projects": true,       "has_downloads": true,       "has_wiki": true,       "has_pages": false,       "forks_count": 97,       "mirror_url": null,       "archived": false,       "open_issues_count": 5,       "license": null,       "forks": 97,       "open_issues": 5,       "watchers": 650,       "default_branch": "master",       "score": 58.77041     },     {       "id": 282344,       "node_id": "MDEwOlJlcG9zaXRvcnkyODIzNDQ=",       "name": "potion",       "full_name": "perl11/potion",       "private": false,       "owner": {         "login": "perl11",         "id": 2390370,         "node_id": "MDEyOk9yZ2FuaXphdGlvbjIzOTAzNzA=",         "avatar_url": "https://avatars3.githubusercontent.com/u/2390370?v=4",         "gravatar_id": "",         "url": "https://api.github.com/users/perl11",         "html_url": "https://github.com/perl11",         "followers_url": "https://api.github.com/users/perl11/followers",         "following_url": "https://api.github.com/users/perl11/following{/other_user}",         "gists_url": "https://api.github.com/users/perl11/gists{/gist_id}",         "starred_url": "https://api.github.com/users/perl11/starred{/owner}{/repo}",         "subscriptions_url": "https://api.github.com/users/perl11/subscriptions",         "organizations_url": "https://api.github.com/users/perl11/orgs",         "repos_url": "https://api.github.com/users/perl11/repos",         "events_url": "https://api.github.com/users/perl11/events{/privacy}",         "received_events_url": "https://api.github.com/users/perl11/received_events",         "type": "Organization",         "site_admin": false       },       "html_url": "https://github.com/perl11/potion",       "description": "_why the lucky stiff's little language (the official repo... until _why returns)",       "fork": false,       "url": "https://api.github.com/repos/perl11/potion",       "forks_url": "https://api.github.com/repos/perl11/potion/forks",       "keys_url": "https://api.github.com/repos/perl11/potion/keys{/key_id}",       "collaborators_url": "https://api.github.com/repos/perl11/potion/collaborators{/collaborator}",       "teams_url": "https://api.github.com/repos/perl11/potion/teams",       "hooks_url": "https://api.github.com/repos/perl11/potion/hooks",       "issue_events_url": "https://api.github.com/repos/perl11/potion/issues/events{/number}",       "events_url": "https://api.github.com/repos/perl11/potion/events",       "assignees_url": "https://api.github.com/repos/perl11/potion/assignees{/user}",       "branches_url": "https://api.github.com/repos/perl11/potion/branches{/branch}",       "tags_url": "https://api.github.com/repos/perl11/potion/tags",       "blobs_url": "https://api.github.com/repos/perl11/potion/git/blobs{/sha}",       "git_tags_url": "https://api.github.com/repos/perl11/potion/git/tags{/sha}",       "git_refs_url": "https://api.github.com/repos/perl11/potion/git/refs{/sha}",       "trees_url": "https://api.github.com/repos/perl11/potion/git/trees{/sha}",       "statuses_url": "https://api.github.com/repos/perl11/potion/statuses/{sha}",       "languages_url": "https://api.github.com/repos/perl11/potion/languages",       "stargazers_url": "https://api.github.com/repos/perl11/potion/stargazers",       "contributors_url": "https://api.github.com/repos/perl11/potion/contributors",       "subscribers_url": "https://api.github.com/repos/perl11/potion/subscribers",       "subscription_url": "https://api.github.com/repos/perl11/potion/subscription",       "commits_url": "https://api.github.com/repos/perl11/potion/commits{/sha}",       "git_commits_url": "https://api.github.com/repos/perl11/potion/git/commits{/sha}",       "comments_url": "https://api.github.com/repos/perl11/potion/comments{/number}",       "issue_comment_url": "https://api.github.com/repos/perl11/potion/issues/comments{/number}",       "contents_url": "https://api.github.com/repos/perl11/potion/contents/{+path}",       "compare_url": "https://api.github.com/repos/perl11/potion/compare/{base}...{head}",       "merges_url": "https://api.github.com/repos/perl11/potion/merges",       "archive_url": "https://api.github.com/repos/perl11/potion/{archive_format}{/ref}",       "downloads_url": "https://api.github.com/repos/perl11/potion/downloads",       "issues_url": "https://api.github.com/repos/perl11/potion/issues{/number}",       "pulls_url": "https://api.github.com/repos/perl11/potion/pulls{/number}",       "milestones_url": "https://api.github.com/repos/perl11/potion/milestones{/number}",       "notifications_url": "https://api.github.com/repos/perl11/potion/notifications{?since,all,participating}",       "labels_url": "https://api.github.com/repos/perl11/potion/labels{/name}",       "releases_url": "https://api.github.com/repos/perl11/potion/releases{/id}",       "deployments_url": "https://api.github.com/repos/perl11/potion/deployments",       "created_at": "2009-08-19T20:06:21Z",       "updated_at": "2019-01-23T08:11:13Z",       "pushed_at": "2018-02-02T09:04:03Z",       "git_url": "git://github.com/perl11/potion.git",       "ssh_url": "git@github.com:perl11/potion.git",       "clone_url": "https://github.com/perl11/potion.git",       "svn_url": "https://github.com/perl11/potion",       "homepage": "http://groups.google.com/group/potion-lang",       "size": 4417,       "stargazers_count": 540,       "watchers_count": 540,       "language": "C",       "has_issues": true,       "has_projects": true,       "has_downloads": true,       "has_wiki": true,       "has_pages": true,       "forks_count": 78,       "mirror_url": null,       "archived": false,       "open_issues_count": 19,       "license": {         "key": "other",         "name": "Other",         "spdx_id": "NOASSERTION",         "url": null,         "node_id": "MDc6TGljZW5zZTA="       },       "forks": 78,       "open_issues": 19,       "watchers": 540,       "default_branch": "master",       "score": 81.9834     },     {       "id": 282622,       "node_id": "MDEwOlJlcG9zaXRvcnkyODI2MjI=",       "name": "poignant-guide",       "full_name": "mislav/poignant-guide",       "private": false,       "owner": {         "login": "mislav",         "id": 887,         "node_id": "MDQ6VXNlcjg4Nw==",         "avatar_url": "https://avatars2.githubusercontent.com/u/887?v=4",         "gravatar_id": "",         "url": "https://api.github.com/users/mislav",         "html_url": "https://github.com/mislav",         "followers_url": "https://api.github.com/users/mislav/followers",         "following_url": "https://api.github.com/users/mislav/following{/other_user}",         "gists_url": "https://api.github.com/users/mislav/gists{/gist_id}",         "starred_url": "https://api.github.com/users/mislav/starred{/owner}{/repo}",         "subscriptions_url": "https://api.github.com/users/mislav/subscriptions",         "organizations_url": "https://api.github.com/users/mislav/orgs",         "repos_url": "https://api.github.com/users/mislav/repos",         "events_url": "https://api.github.com/users/mislav/events{/privacy}",         "received_events_url": "https://api.github.com/users/mislav/received_events",         "type": "User",         "site_admin": true       },       "html_url": "https://github.com/mislav/poignant-guide",       "description": "Why's Poignant Guide to Ruby",       "fork": false,       "url": "https://api.github.com/repos/mislav/poignant-guide",       "forks_url": "https://api.github.com/repos/mislav/poignant-guide/forks",       "keys_url": "https://api.github.com/repos/mislav/poignant-guide/keys{/key_id}",       "collaborators_url": "https://api.github.com/repos/mislav/poignant-guide/collaborators{/collaborator}",       "teams_url": "https://api.github.com/repos/mislav/poignant-guide/teams",       "hooks_url": "https://api.github.com/repos/mislav/poignant-guide/hooks",       "issue_events_url": "https://api.github.com/repos/mislav/poignant-guide/issues/events{/number}",       "events_url": "https://api.github.com/repos/mislav/poignant-guide/events",       "assignees_url": "https://api.github.com/repos/mislav/poignant-guide/assignees{/user}",       "branches_url": "https://api.github.com/repos/mislav/poignant-guide/branches{/branch}",       "tags_url": "https://api.github.com/repos/mislav/poignant-guide/tags",       "blobs_url": "https://api.github.com/repos/mislav/poignant-guide/git/blobs{/sha}",       "git_tags_url": "https://api.github.com/repos/mislav/poignant-guide/git/tags{/sha}",       "git_refs_url": "https://api.github.com/repos/mislav/poignant-guide/git/refs{/sha}",       "trees_url": "https://api.github.com/repos/mislav/poignant-guide/git/trees{/sha}",       "statuses_url": "https://api.github.com/repos/mislav/poignant-guide/statuses/{sha}",       "languages_url": "https://api.github.com/repos/mislav/poignant-guide/languages",       "stargazers_url": "https://api.github.com/repos/mislav/poignant-guide/stargazers",       "contributors_url": "https://api.github.com/repos/mislav/poignant-guide/contributors",       "subscribers_url": "https://api.github.com/repos/mislav/poignant-guide/subscribers",       "subscription_url": "https://api.github.com/repos/mislav/poignant-guide/subscription",       "commits_url": "https://api.github.com/repos/mislav/poignant-guide/commits{/sha}",       "git_commits_url": "https://api.github.com/repos/mislav/poignant-guide/git/commits{/sha}",       "comments_url": "https://api.github.com/repos/mislav/poignant-guide/comments{/number}",       "issue_comment_url": "https://api.github.com/repos/mislav/poignant-guide/issues/comments{/number}",       "contents_url": "https://api.github.com/repos/mislav/poignant-guide/contents/{+path}",       "compare_url": "https://api.github.com/repos/mislav/poignant-guide/compare/{base}...{head}",       "merges_url": "https://api.github.com/repos/mislav/poignant-guide/merges",       "archive_url": "https://api.github.com/repos/mislav/poignant-guide/{archive_format}{/ref}",       "downloads_url": "https://api.github.com/repos/mislav/poignant-guide/downloads",       "issues_url": "https://api.github.com/repos/mislav/poignant-guide/issues{/number}",       "pulls_url": "https://api.github.com/repos/mislav/poignant-guide/pulls{/number}",       "milestones_url": "https://api.github.com/repos/mislav/poignant-guide/milestones{/number}",       "notifications_url": "https://api.github.com/repos/mislav/poignant-guide/notifications{?since,all,participating}",       "labels_url": "https://api.github.com/repos/mislav/poignant-guide/labels{/name}",       "releases_url": "https://api.github.com/repos/mislav/poignant-guide/releases{/id}",       "deployments_url": "https://api.github.com/repos/mislav/poignant-guide/deployments",       "created_at": "2009-08-20T01:17:54Z",       "updated_at": "2019-01-26T12:32:58Z",       "pushed_at": "2018-11-20T13:08:57Z",       "git_url": "git://github.com/mislav/poignant-guide.git",       "ssh_url": "git@github.com:mislav/poignant-guide.git",       "clone_url": "https://github.com/mislav/poignant-guide.git",       "svn_url": "https://github.com/mislav/poignant-guide",       "homepage": "http://poignant.guide/",       "size": 12871,       "stargazers_count": 532,       "watchers_count": 532,       "language": "HTML",       "has_issues": false,       "has_projects": true,       "has_downloads": true,       "has_wiki": false,       "has_pages": true,       "forks_count": 103,       "mirror_url": null,       "archived": false,       "open_issues_count": 0,       "license": null,       "forks": 103,       "open_issues": 0,       "watchers": 532,       "default_branch": "gh-pages",       "score": 81.50622     },     {       "id": 30485473,       "node_id": "MDEwOlJlcG9zaXRvcnkzMDQ4NTQ3Mw==",       "name": "Why-Reject",       "full_name": "jcccn/Why-Reject",       "private": false,       "owner": {         "login": "jcccn",         "id": 397243,         "node_id": "MDQ6VXNlcjM5NzI0Mw==",         "avatar_url": "https://avatars1.githubusercontent.com/u/397243?v=4",         "gravatar_id": "",         "url": "https://api.github.com/users/jcccn",         "html_url": "https://github.com/jcccn",         "followers_url": "https://api.github.com/users/jcccn/followers",         "following_url": "https://api.github.com/users/jcccn/following{/other_user}",         "gists_url": "https://api.github.com/users/jcccn/gists{/gist_id}",         "starred_url": "https://api.github.com/users/jcccn/starred{/owner}{/repo}",         "subscriptions_url": "https://api.github.com/users/jcccn/subscriptions",         "organizations_url": "https://api.github.com/users/jcccn/orgs",         "repos_url": "https://api.github.com/users/jcccn/repos",         "events_url": "https://api.github.com/users/jcccn/events{/privacy}",         "received_events_url": "https://api.github.com/users/jcccn/received_events",         "type": "User",         "site_admin": false       },       "html_url": "https://github.com/jcccn/Why-Reject",       "description": "苹果AppStore被拒理由大全",       "fork": false,       "url": "https://api.github.com/repos/jcccn/Why-Reject",       "forks_url": "https://api.github.com/repos/jcccn/Why-Reject/forks",       "keys_url": "https://api.github.com/repos/jcccn/Why-Reject/keys{/key_id}",       "collaborators_url": "https://api.github.com/repos/jcccn/Why-Reject/collaborators{/collaborator}",       "teams_url": "https://api.github.com/repos/jcccn/Why-Reject/teams",       "hooks_url": "https://api.github.com/repos/jcccn/Why-Reject/hooks",       "issue_events_url": "https://api.github.com/repos/jcccn/Why-Reject/issues/events{/number}",       "events_url": "https://api.github.com/repos/jcccn/Why-Reject/events",       "assignees_url": "https://api.github.com/repos/jcccn/Why-Reject/assignees{/user}",       "branches_url": "https://api.github.com/repos/jcccn/Why-Reject/branches{/branch}",       "tags_url": "https://api.github.com/repos/jcccn/Why-Reject/tags",       "blobs_url": "https://api.github.com/repos/jcccn/Why-Reject/git/blobs{/sha}",       "git_tags_url": "https://api.github.com/repos/jcccn/Why-Reject/git/tags{/sha}",       "git_refs_url": "https://api.github.com/repos/jcccn/Why-Reject/git/refs{/sha}",       "trees_url": "https://api.github.com/repos/jcccn/Why-Reject/git/trees{/sha}",       "statuses_url": "https://api.github.com/repos/jcccn/Why-Reject/statuses/{sha}",       "languages_url": "https://api.github.com/repos/jcccn/Why-Reject/languages",       "stargazers_url": "https://api.github.com/repos/jcccn/Why-Reject/stargazers",       "contributors_url": "https://api.github.com/repos/jcccn/Why-Reject/contributors",       "subscribers_url": "https://api.github.com/repos/jcccn/Why-Reject/subscribers",       "subscription_url": "https://api.github.com/repos/jcccn/Why-Reject/subscription",       "commits_url": "https://api.github.com/repos/jcccn/Why-Reject/commits{/sha}",       "git_commits_url": "https://api.github.com/repos/jcccn/Why-Reject/git/commits{/sha}",       "comments_url": "https://api.github.com/repos/jcccn/Why-Reject/comments{/number}",       "issue_comment_url": "https://api.github.com/repos/jcccn/Why-Reject/issues/comments{/number}",       "contents_url": "https://api.github.com/repos/jcccn/Why-Reject/contents/{+path}",       "compare_url": "https://api.github.com/repos/jcccn/Why-Reject/compare/{base}...{head}",       "merges_url": "https://api.github.com/repos/jcccn/Why-Reject/merges",       "archive_url": "https://api.github.com/repos/jcccn/Why-Reject/{archive_format}{/ref}",       "downloads_url": "https://api.github.com/repos/jcccn/Why-Reject/downloads",       "issues_url": "https://api.github.com/repos/jcccn/Why-Reject/issues{/number}",       "pulls_url": "https://api.github.com/repos/jcccn/Why-Reject/pulls{/number}",       "milestones_url": "https://api.github.com/repos/jcccn/Why-Reject/milestones{/number}",       "notifications_url": "https://api.github.com/repos/jcccn/Why-Reject/notifications{?since,all,participating}",       "labels_url": "https://api.github.com/repos/jcccn/Why-Reject/labels{/name}",       "releases_url": "https://api.github.com/repos/jcccn/Why-Reject/releases{/id}",       "deployments_url": "https://api.github.com/repos/jcccn/Why-Reject/deployments",       "created_at": "2015-02-08T08:37:17Z",       "updated_at": "2019-01-28T12:02:55Z",       "pushed_at": "2017-05-06T07:35:44Z",       "git_url": "git://github.com/jcccn/Why-Reject.git",       "ssh_url": "git@github.com:jcccn/Why-Reject.git",       "clone_url": "https://github.com/jcccn/Why-Reject.git",       "svn_url": "https://github.com/jcccn/Why-Reject",       "homepage": "https://whyreject.jcccn.me",       "size": 684,       "stargazers_count": 493,       "watchers_count": 493,       "language": null,       "has_issues": true,       "has_projects": true,       "has_downloads": true,       "has_wiki": true,       "has_pages": true,       "forks_count": 113,       "mirror_url": null,       "archived": false,       "open_issues_count": 0,       "license": null,       "forks": 113,       "open_issues": 0,       "watchers": 493,       "default_branch": "master",       "score": 96.20716     },     {       "id": 76408906,       "node_id": "MDEwOlJlcG9zaXRvcnk3NjQwODkwNg==",       "name": "meta",       "full_name": "mateodelnorte/meta",       "private": false,       "owner": {         "login": "mateodelnorte",         "id": 554847,         "node_id": "MDQ6VXNlcjU1NDg0Nw==",         "avatar_url": "https://avatars3.githubusercontent.com/u/554847?v=4",         "gravatar_id": "",         "url": "https://api.github.com/users/mateodelnorte",         "html_url": "https://github.com/mateodelnorte",         "followers_url": "https://api.github.com/users/mateodelnorte/followers",         "following_url": "https://api.github.com/users/mateodelnorte/following{/other_user}",         "gists_url": "https://api.github.com/users/mateodelnorte/gists{/gist_id}",         "starred_url": "https://api.github.com/users/mateodelnorte/starred{/owner}{/repo}",         "subscriptions_url": "https://api.github.com/users/mateodelnorte/subscriptions",         "organizations_url": "https://api.github.com/users/mateodelnorte/orgs",         "repos_url": "https://api.github.com/users/mateodelnorte/repos",         "events_url": "https://api.github.com/users/mateodelnorte/events{/privacy}",         "received_events_url": "https://api.github.com/users/mateodelnorte/received_events",         "type": "User",         "site_admin": false       },       "html_url": "https://github.com/mateodelnorte/meta",       "description": "tool for turning many repos into a meta repo. why choose many repos or a monolithic repo, when you can have both with a meta repo?",       "fork": false,       "url": "https://api.github.com/repos/mateodelnorte/meta",       "forks_url": "https://api.github.com/repos/mateodelnorte/meta/forks",       "keys_url": "https://api.github.com/repos/mateodelnorte/meta/keys{/key_id}",       "collaborators_url": "https://api.github.com/repos/mateodelnorte/meta/collaborators{/collaborator}",       "teams_url": "https://api.github.com/repos/mateodelnorte/meta/teams",       "hooks_url": "https://api.github.com/repos/mateodelnorte/meta/hooks",       "issue_events_url": "https://api.github.com/repos/mateodelnorte/meta/issues/events{/number}",       "events_url": "https://api.github.com/repos/mateodelnorte/meta/events",       "assignees_url": "https://api.github.com/repos/mateodelnorte/meta/assignees{/user}",       "branches_url": "https://api.github.com/repos/mateodelnorte/meta/branches{/branch}",       "tags_url": "https://api.github.com/repos/mateodelnorte/meta/tags",       "blobs_url": "https://api.github.com/repos/mateodelnorte/meta/git/blobs{/sha}",       "git_tags_url": "https://api.github.com/repos/mateodelnorte/meta/git/tags{/sha}",       "git_refs_url": "https://api.github.com/repos/mateodelnorte/meta/git/refs{/sha}",       "trees_url": "https://api.github.com/repos/mateodelnorte/meta/git/trees{/sha}",       "statuses_url": "https://api.github.com/repos/mateodelnorte/meta/statuses/{sha}",       "languages_url": "https://api.github.com/repos/mateodelnorte/meta/languages",       "stargazers_url": "https://api.github.com/repos/mateodelnorte/meta/stargazers",       "contributors_url": "https://api.github.com/repos/mateodelnorte/meta/contributors",       "subscribers_url": "https://api.github.com/repos/mateodelnorte/meta/subscribers",       "subscription_url": "https://api.github.com/repos/mateodelnorte/meta/subscription",       "commits_url": "https://api.github.com/repos/mateodelnorte/meta/commits{/sha}",       "git_commits_url": "https://api.github.com/repos/mateodelnorte/meta/git/commits{/sha}",       "comments_url": "https://api.github.com/repos/mateodelnorte/meta/comments{/number}",       "issue_comment_url": "https://api.github.com/repos/mateodelnorte/meta/issues/comments{/number}",       "contents_url": "https://api.github.com/repos/mateodelnorte/meta/contents/{+path}",       "compare_url": "https://api.github.com/repos/mateodelnorte/meta/compare/{base}...{head}",       "merges_url": "https://api.github.com/repos/mateodelnorte/meta/merges",       "archive_url": "https://api.github.com/repos/mateodelnorte/meta/{archive_format}{/ref}",       "downloads_url": "https://api.github.com/repos/mateodelnorte/meta/downloads",       "issues_url": "https://api.github.com/repos/mateodelnorte/meta/issues{/number}",       "pulls_url": "https://api.github.com/repos/mateodelnorte/meta/pulls{/number}",       "milestones_url": "https://api.github.com/repos/mateodelnorte/meta/milestones{/number}",       "notifications_url": "https://api.github.com/repos/mateodelnorte/meta/notifications{?since,all,participating}",       "labels_url": "https://api.github.com/repos/mateodelnorte/meta/labels{/name}",       "releases_url": "https://api.github.com/repos/mateodelnorte/meta/releases{/id}",       "deployments_url": "https://api.github.com/repos/mateodelnorte/meta/deployments",       "created_at": "2016-12-14T00:06:35Z",       "updated_at": "2019-01-27T07:29:38Z",       "pushed_at": "2019-01-25T18:00:32Z",       "git_url": "git://github.com/mateodelnorte/meta.git",       "ssh_url": "git@github.com:mateodelnorte/meta.git",       "clone_url": "https://github.com/mateodelnorte/meta.git",       "svn_url": "https://github.com/mateodelnorte/meta",       "homepage": "",       "size": 2507,       "stargazers_count": 489,       "watchers_count": 489,       "language": "JavaScript",       "has_issues": true,       "has_projects": true,       "has_downloads": true,       "has_wiki": true,       "has_pages": false,       "forks_count": 27,       "mirror_url": null,       "archived": false,       "open_issues_count": 18,       "license": null,       "forks": 27,       "open_issues": 18,       "watchers": 489,       "default_branch": "master",       "score": 35.317963     },     {       "id": 120470493,       "node_id": "MDEwOlJlcG9zaXRvcnkxMjA0NzA0OTM=",       "name": "awesome-dev-podcasts",       "full_name": "sw-yx/awesome-dev-podcasts",       "private": false,       "owner": {         "login": "sw-yx",         "id": 6764957,         "node_id": "MDQ6VXNlcjY3NjQ5NTc=",         "avatar_url": "https://avatars1.githubusercontent.com/u/6764957?v=4",         "gravatar_id": "",         "url": "https://api.github.com/users/sw-yx",         "html_url": "https://github.com/sw-yx",         "followers_url": "https://api.github.com/users/sw-yx/followers",         "following_url": "https://api.github.com/users/sw-yx/following{/other_user}",         "gists_url": "https://api.github.com/users/sw-yx/gists{/gist_id}",         "starred_url": "https://api.github.com/users/sw-yx/starred{/owner}{/repo}",         "subscriptions_url": "https://api.github.com/users/sw-yx/subscriptions",         "organizations_url": "https://api.github.com/users/sw-yx/orgs",         "repos_url": "https://api.github.com/users/sw-yx/repos",         "events_url": "https://api.github.com/users/sw-yx/events{/privacy}",         "received_events_url": "https://api.github.com/users/sw-yx/received_events",         "type": "User",         "site_admin": false       },       "html_url": "https://github.com/sw-yx/awesome-dev-podcasts",       "description": "a curated list of awesome dev podcasts and why they are awesome",       "fork": false,       "url": "https://api.github.com/repos/sw-yx/awesome-dev-podcasts",       "forks_url": "https://api.github.com/repos/sw-yx/awesome-dev-podcasts/forks",       "keys_url": "https://api.github.com/repos/sw-yx/awesome-dev-podcasts/keys{/key_id}",       "collaborators_url": "https://api.github.com/repos/sw-yx/awesome-dev-podcasts/collaborators{/collaborator}",       "teams_url": "https://api.github.com/repos/sw-yx/awesome-dev-podcasts/teams",       "hooks_url": "https://api.github.com/repos/sw-yx/awesome-dev-podcasts/hooks",       "issue_events_url": "https://api.github.com/repos/sw-yx/awesome-dev-podcasts/issues/events{/number}",       "events_url": "https://api.github.com/repos/sw-yx/awesome-dev-podcasts/events",       "assignees_url": "https://api.github.com/repos/sw-yx/awesome-dev-podcasts/assignees{/user}",       "branches_url": "https://api.github.com/repos/sw-yx/awesome-dev-podcasts/branches{/branch}",       "tags_url": "https://api.github.com/repos/sw-yx/awesome-dev-podcasts/tags",       "blobs_url": "https://api.github.com/repos/sw-yx/awesome-dev-podcasts/git/blobs{/sha}",       "git_tags_url": "https://api.github.com/repos/sw-yx/awesome-dev-podcasts/git/tags{/sha}",       "git_refs_url": "https://api.github.com/repos/sw-yx/awesome-dev-podcasts/git/refs{/sha}",       "trees_url": "https://api.github.com/repos/sw-yx/awesome-dev-podcasts/git/trees{/sha}",       "statuses_url": "https://api.github.com/repos/sw-yx/awesome-dev-podcasts/statuses/{sha}",       "languages_url": "https://api.github.com/repos/sw-yx/awesome-dev-podcasts/languages",       "stargazers_url": "https://api.github.com/repos/sw-yx/awesome-dev-podcasts/stargazers",       "contributors_url": "https://api.github.com/repos/sw-yx/awesome-dev-podcasts/contributors",       "subscribers_url": "https://api.github.com/repos/sw-yx/awesome-dev-podcasts/subscribers",       "subscription_url": "https://api.github.com/repos/sw-yx/awesome-dev-podcasts/subscription",       "commits_url": "https://api.github.com/repos/sw-yx/awesome-dev-podcasts/commits{/sha}",       "git_commits_url": "https://api.github.com/repos/sw-yx/awesome-dev-podcasts/git/commits{/sha}",       "comments_url": "https://api.github.com/repos/sw-yx/awesome-dev-podcasts/comments{/number}",       "issue_comment_url": "https://api.github.com/repos/sw-yx/awesome-dev-podcasts/issues/comments{/number}",       "contents_url": "https://api.github.com/repos/sw-yx/awesome-dev-podcasts/contents/{+path}",       "compare_url": "https://api.github.com/repos/sw-yx/awesome-dev-podcasts/compare/{base}...{head}",       "merges_url": "https://api.github.com/repos/sw-yx/awesome-dev-podcasts/merges",       "archive_url": "https://api.github.com/repos/sw-yx/awesome-dev-podcasts/{archive_format}{/ref}",       "downloads_url": "https://api.github.com/repos/sw-yx/awesome-dev-podcasts/downloads",       "issues_url": "https://api.github.com/repos/sw-yx/awesome-dev-podcasts/issues{/number}",       "pulls_url": "https://api.github.com/repos/sw-yx/awesome-dev-podcasts/pulls{/number}",       "milestones_url": "https://api.github.com/repos/sw-yx/awesome-dev-podcasts/milestones{/number}",       "notifications_url": "https://api.github.com/repos/sw-yx/awesome-dev-podcasts/notifications{?since,all,participating}",       "labels_url": "https://api.github.com/repos/sw-yx/awesome-dev-podcasts/labels{/name}",       "releases_url": "https://api.github.com/repos/sw-yx/awesome-dev-podcasts/releases{/id}",       "deployments_url": "https://api.github.com/repos/sw-yx/awesome-dev-podcasts/deployments",       "created_at": "2018-02-06T14:32:41Z",       "updated_at": "2019-01-23T00:52:57Z",       "pushed_at": "2018-09-12T14:28:36Z",       "git_url": "git://github.com/sw-yx/awesome-dev-podcasts.git",       "ssh_url": "git@github.com:sw-yx/awesome-dev-podcasts.git",       "clone_url": "https://github.com/sw-yx/awesome-dev-podcasts.git",       "svn_url": "https://github.com/sw-yx/awesome-dev-podcasts",       "homepage": "",       "size": 29,       "stargazers_count": 455,       "watchers_count": 455,       "language": null,       "has_issues": true,       "has_projects": true,       "has_downloads": true,       "has_wiki": true,       "has_pages": false,       "forks_count": 26,       "mirror_url": null,       "archived": false,       "open_issues_count": 3,       "license": null,       "forks": 26,       "open_issues": 3,       "watchers": 455,       "default_branch": "master",       "score": 48.010204     },     {       "id": 18601900,       "node_id": "MDEwOlJlcG9zaXRvcnkxODYwMTkwMA==",       "name": "eliot",       "full_name": "itamarst/eliot",       "private": false,       "owner": {         "login": "itamarst",         "id": 3266662,         "node_id": "MDQ6VXNlcjMyNjY2NjI=",         "avatar_url": "https://avatars1.githubusercontent.com/u/3266662?v=4",         "gravatar_id": "",         "url": "https://api.github.com/users/itamarst",         "html_url": "https://github.com/itamarst",         "followers_url": "https://api.github.com/users/itamarst/followers",         "following_url": "https://api.github.com/users/itamarst/following{/other_user}",         "gists_url": "https://api.github.com/users/itamarst/gists{/gist_id}",         "starred_url": "https://api.github.com/users/itamarst/starred{/owner}{/repo}",         "subscriptions_url": "https://api.github.com/users/itamarst/subscriptions",         "organizations_url": "https://api.github.com/users/itamarst/orgs",         "repos_url": "https://api.github.com/users/itamarst/repos",         "events_url": "https://api.github.com/users/itamarst/events{/privacy}",         "received_events_url": "https://api.github.com/users/itamarst/received_events",         "type": "User",         "site_admin": false       },       "html_url": "https://github.com/itamarst/eliot",       "description": "Eliot: the logging system that tells you *why* it happened",       "fork": false,       "url": "https://api.github.com/repos/itamarst/eliot",       "forks_url": "https://api.github.com/repos/itamarst/eliot/forks",       "keys_url": "https://api.github.com/repos/itamarst/eliot/keys{/key_id}",       "collaborators_url": "https://api.github.com/repos/itamarst/eliot/collaborators{/collaborator}",       "teams_url": "https://api.github.com/repos/itamarst/eliot/teams",       "hooks_url": "https://api.github.com/repos/itamarst/eliot/hooks",       "issue_events_url": "https://api.github.com/repos/itamarst/eliot/issues/events{/number}",       "events_url": "https://api.github.com/repos/itamarst/eliot/events",       "assignees_url": "https://api.github.com/repos/itamarst/eliot/assignees{/user}",       "branches_url": "https://api.github.com/repos/itamarst/eliot/branches{/branch}",       "tags_url": "https://api.github.com/repos/itamarst/eliot/tags",       "blobs_url": "https://api.github.com/repos/itamarst/eliot/git/blobs{/sha}",       "git_tags_url": "https://api.github.com/repos/itamarst/eliot/git/tags{/sha}",       "git_refs_url": "https://api.github.com/repos/itamarst/eliot/git/refs{/sha}",       "trees_url": "https://api.github.com/repos/itamarst/eliot/git/trees{/sha}",       "statuses_url": "https://api.github.com/repos/itamarst/eliot/statuses/{sha}",       "languages_url": "https://api.github.com/repos/itamarst/eliot/languages",       "stargazers_url": "https://api.github.com/repos/itamarst/eliot/stargazers",       "contributors_url": "https://api.github.com/repos/itamarst/eliot/contributors",       "subscribers_url": "https://api.github.com/repos/itamarst/eliot/subscribers",       "subscription_url": "https://api.github.com/repos/itamarst/eliot/subscription",       "commits_url": "https://api.github.com/repos/itamarst/eliot/commits{/sha}",       "git_commits_url": "https://api.github.com/repos/itamarst/eliot/git/commits{/sha}",       "comments_url": "https://api.github.com/repos/itamarst/eliot/comments{/number}",       "issue_comment_url": "https://api.github.com/repos/itamarst/eliot/issues/comments{/number}",       "contents_url": "https://api.github.com/repos/itamarst/eliot/contents/{+path}",       "compare_url": "https://api.github.com/repos/itamarst/eliot/compare/{base}...{head}",       "merges_url": "https://api.github.com/repos/itamarst/eliot/merges",       "archive_url": "https://api.github.com/repos/itamarst/eliot/{archive_format}{/ref}",       "downloads_url": "https://api.github.com/repos/itamarst/eliot/downloads",       "issues_url": "https://api.github.com/repos/itamarst/eliot/issues{/number}",       "pulls_url": "https://api.github.com/repos/itamarst/eliot/pulls{/number}",       "milestones_url": "https://api.github.com/repos/itamarst/eliot/milestones{/number}",       "notifications_url": "https://api.github.com/repos/itamarst/eliot/notifications{?since,all,participating}",       "labels_url": "https://api.github.com/repos/itamarst/eliot/labels{/name}",       "releases_url": "https://api.github.com/repos/itamarst/eliot/releases{/id}",       "deployments_url": "https://api.github.com/repos/itamarst/eliot/deployments",       "created_at": "2014-04-09T15:12:19Z",       "updated_at": "2019-01-25T22:49:37Z",       "pushed_at": "2019-01-02T18:19:45Z",       "git_url": "git://github.com/itamarst/eliot.git",       "ssh_url": "git@github.com:itamarst/eliot.git",       "clone_url": "https://github.com/itamarst/eliot.git",       "svn_url": "https://github.com/itamarst/eliot",       "homepage": "https://eliot.readthedocs.io",       "size": 1017,       "stargazers_count": 445,       "watchers_count": 445,       "language": "Python",       "has_issues": true,       "has_projects": true,       "has_downloads": true,       "has_wiki": true,       "has_pages": false,       "forks_count": 32,       "mirror_url": null,       "archived": false,       "open_issues_count": 89,       "license": {         "key": "apache-2.0",         "name": "Apache License 2.0",         "spdx_id": "Apache-2.0",         "url": "https://api.github.com/licenses/apache-2.0",         "node_id": "MDc6TGljZW5zZTI="       },       "forks": 32,       "open_issues": 89,       "watchers": 445,       "default_branch": "master",       "score": 61.209263     },     {       "id": 164816947,       "node_id": "MDEwOlJlcG9zaXRvcnkxNjQ4MTY5NDc=",       "name": "stockpredictionai",       "full_name": "borisbanushev/stockpredictionai",       "private": false,       "owner": {         "login": "borisbanushev",         "id": 36700291,         "node_id": "MDQ6VXNlcjM2NzAwMjkx",         "avatar_url": "https://avatars3.githubusercontent.com/u/36700291?v=4",         "gravatar_id": "",         "url": "https://api.github.com/users/borisbanushev",         "html_url": "https://github.com/borisbanushev",         "followers_url": "https://api.github.com/users/borisbanushev/followers",         "following_url": "https://api.github.com/users/borisbanushev/following{/other_user}",         "gists_url": "https://api.github.com/users/borisbanushev/gists{/gist_id}",         "starred_url": "https://api.github.com/users/borisbanushev/starred{/owner}{/repo}",         "subscriptions_url": "https://api.github.com/users/borisbanushev/subscriptions",         "organizations_url": "https://api.github.com/users/borisbanushev/orgs",         "repos_url": "https://api.github.com/users/borisbanushev/repos",         "events_url": "https://api.github.com/users/borisbanushev/events{/privacy}",         "received_events_url": "https://api.github.com/users/borisbanushev/received_events",         "type": "User",         "site_admin": false       },       "html_url": "https://github.com/borisbanushev/stockpredictionai",       "description": "       In this noteboook I will create a complete process for predicting stock price movements. Follow along and we will achieve some pretty good results. For that purpose we will use a Generative Adversarial Network (GAN) with LSTM, a type of Recurrent Neural Network, as generator, and a Convolutional Neural Network, CNN, as a discriminator. We use LSTM for the obvious reason that we are trying to predict time series data. Why we use GAN and specifically CNN as a discriminator? That is a good question: there are special sections on that later.",       "fork": false,       "url": "https://api.github.com/repos/borisbanushev/stockpredictionai",       "forks_url": "https://api.github.com/repos/borisbanushev/stockpredictionai/forks",       "keys_url": "https://api.github.com/repos/borisbanushev/stockpredictionai/keys{/key_id}",       "collaborators_url": "https://api.github.com/repos/borisbanushev/stockpredictionai/collaborators{/collaborator}",       "teams_url": "https://api.github.com/repos/borisbanushev/stockpredictionai/teams",       "hooks_url": "https://api.github.com/repos/borisbanushev/stockpredictionai/hooks",       "issue_events_url": "https://api.github.com/repos/borisbanushev/stockpredictionai/issues/events{/number}",       "events_url": "https://api.github.com/repos/borisbanushev/stockpredictionai/events",       "assignees_url": "https://api.github.com/repos/borisbanushev/stockpredictionai/assignees{/user}",       "branches_url": "https://api.github.com/repos/borisbanushev/stockpredictionai/branches{/branch}",       "tags_url": "https://api.github.com/repos/borisbanushev/stockpredictionai/tags",       "blobs_url": "https://api.github.com/repos/borisbanushev/stockpredictionai/git/blobs{/sha}",       "git_tags_url": "https://api.github.com/repos/borisbanushev/stockpredictionai/git/tags{/sha}",       "git_refs_url": "https://api.github.com/repos/borisbanushev/stockpredictionai/git/refs{/sha}",       "trees_url": "https://api.github.com/repos/borisbanushev/stockpredictionai/git/trees{/sha}",       "statuses_url": "https://api.github.com/repos/borisbanushev/stockpredictionai/statuses/{sha}",       "languages_url": "https://api.github.com/repos/borisbanushev/stockpredictionai/languages",       "stargazers_url": "https://api.github.com/repos/borisbanushev/stockpredictionai/stargazers",       "contributors_url": "https://api.github.com/repos/borisbanushev/stockpredictionai/contributors",       "subscribers_url": "https://api.github.com/repos/borisbanushev/stockpredictionai/subscribers",       "subscription_url": "https://api.github.com/repos/borisbanushev/stockpredictionai/subscription",       "commits_url": "https://api.github.com/repos/borisbanushev/stockpredictionai/commits{/sha}",       "git_commits_url": "https://api.github.com/repos/borisbanushev/stockpredictionai/git/commits{/sha}",       "comments_url": "https://api.github.com/repos/borisbanushev/stockpredictionai/comments{/number}",       "issue_comment_url": "https://api.github.com/repos/borisbanushev/stockpredictionai/issues/comments{/number}",       "contents_url": "https://api.github.com/repos/borisbanushev/stockpredictionai/contents/{+path}",       "compare_url": "https://api.github.com/repos/borisbanushev/stockpredictionai/compare/{base}...{head}",       "merges_url": "https://api.github.com/repos/borisbanushev/stockpredictionai/merges",       "archive_url": "https://api.github.com/repos/borisbanushev/stockpredictionai/{archive_format}{/ref}",       "downloads_url": "https://api.github.com/repos/borisbanushev/stockpredictionai/downloads",       "issues_url": "https://api.github.com/repos/borisbanushev/stockpredictionai/issues{/number}",       "pulls_url": "https://api.github.com/repos/borisbanushev/stockpredictionai/pulls{/number}",       "milestones_url": "https://api.github.com/repos/borisbanushev/stockpredictionai/milestones{/number}",       "notifications_url": "https://api.github.com/repos/borisbanushev/stockpredictionai/notifications{?since,all,participating}",       "labels_url": "https://api.github.com/repos/borisbanushev/stockpredictionai/labels{/name}",       "releases_url": "https://api.github.com/repos/borisbanushev/stockpredictionai/releases{/id}",       "deployments_url": "https://api.github.com/repos/borisbanushev/stockpredictionai/deployments",       "created_at": "2019-01-09T08:02:47Z",       "updated_at": "2019-01-28T20:24:48Z",       "pushed_at": "2019-01-24T20:24:50Z",       "git_url": "git://github.com/borisbanushev/stockpredictionai.git",       "ssh_url": "git@github.com:borisbanushev/stockpredictionai.git",       "clone_url": "https://github.com/borisbanushev/stockpredictionai.git",       "svn_url": "https://github.com/borisbanushev/stockpredictionai",       "homepage": "",       "size": 1950,       "stargazers_count": 417,       "watchers_count": 417,       "language": null,       "has_issues": true,       "has_projects": true,       "has_downloads": true,       "has_wiki": true,       "has_pages": false,       "forks_count": 181,       "mirror_url": null,       "archived": false,       "open_issues_count": 12,       "license": null,       "forks": 181,       "open_issues": 12,       "watchers": 417,       "default_branch": "master",       "score": 14.908594     },     {       "id": 35077713,       "node_id": "MDEwOlJlcG9zaXRvcnkzNTA3NzcxMw==",       "name": "whyliam.workflows.youdao",       "full_name": "liszd/whyliam.workflows.youdao",       "private": false,       "owner": {         "login": "liszd",         "id": 3387850,         "node_id": "MDQ6VXNlcjMzODc4NTA=",         "avatar_url": "https://avatars0.githubusercontent.com/u/3387850?v=4",         "gravatar_id": "",         "url": "https://api.github.com/users/liszd",         "html_url": "https://github.com/liszd",         "followers_url": "https://api.github.com/users/liszd/followers",         "following_url": "https://api.github.com/users/liszd/following{/other_user}",         "gists_url": "https://api.github.com/users/liszd/gists{/gist_id}",         "starred_url": "https://api.github.com/users/liszd/starred{/owner}{/repo}",         "subscriptions_url": "https://api.github.com/users/liszd/subscriptions",         "organizations_url": "https://api.github.com/users/liszd/orgs",         "repos_url": "https://api.github.com/users/liszd/repos",         "events_url": "https://api.github.com/users/liszd/events{/privacy}",         "received_events_url": "https://api.github.com/users/liszd/received_events",         "type": "User",         "site_admin": false       },       "html_url": "https://github.com/liszd/whyliam.workflows.youdao",       "description": "使用有道翻译你想知道的单词和语句",       "fork": false,       "url": "https://api.github.com/repos/liszd/whyliam.workflows.youdao",       "forks_url": "https://api.github.com/repos/liszd/whyliam.workflows.youdao/forks",       "keys_url": "https://api.github.com/repos/liszd/whyliam.workflows.youdao/keys{/key_id}",       "collaborators_url": "https://api.github.com/repos/liszd/whyliam.workflows.youdao/collaborators{/collaborator}",       "teams_url": "https://api.github.com/repos/liszd/whyliam.workflows.youdao/teams",       "hooks_url": "https://api.github.com/repos/liszd/whyliam.workflows.youdao/hooks",       "issue_events_url": "https://api.github.com/repos/liszd/whyliam.workflows.youdao/issues/events{/number}",       "events_url": "https://api.github.com/repos/liszd/whyliam.workflows.youdao/events",       "assignees_url": "https://api.github.com/repos/liszd/whyliam.workflows.youdao/assignees{/user}",       "branches_url": "https://api.github.com/repos/liszd/whyliam.workflows.youdao/branches{/branch}",       "tags_url": "https://api.github.com/repos/liszd/whyliam.workflows.youdao/tags",       "blobs_url": "https://api.github.com/repos/liszd/whyliam.workflows.youdao/git/blobs{/sha}",       "git_tags_url": "https://api.github.com/repos/liszd/whyliam.workflows.youdao/git/tags{/sha}",       "git_refs_url": "https://api.github.com/repos/liszd/whyliam.workflows.youdao/git/refs{/sha}",       "trees_url": "https://api.github.com/repos/liszd/whyliam.workflows.youdao/git/trees{/sha}",       "statuses_url": "https://api.github.com/repos/liszd/whyliam.workflows.youdao/statuses/{sha}",       "languages_url": "https://api.github.com/repos/liszd/whyliam.workflows.youdao/languages",       "stargazers_url": "https://api.github.com/repos/liszd/whyliam.workflows.youdao/stargazers",       "contributors_url": "https://api.github.com/repos/liszd/whyliam.workflows.youdao/contributors",       "subscribers_url": "https://api.github.com/repos/liszd/whyliam.workflows.youdao/subscribers",       "subscription_url": "https://api.github.com/repos/liszd/whyliam.workflows.youdao/subscription",       "commits_url": "https://api.github.com/repos/liszd/whyliam.workflows.youdao/commits{/sha}",       "git_commits_url": "https://api.github.com/repos/liszd/whyliam.workflows.youdao/git/commits{/sha}",       "comments_url": "https://api.github.com/repos/liszd/whyliam.workflows.youdao/comments{/number}",       "issue_comment_url": "https://api.github.com/repos/liszd/whyliam.workflows.youdao/issues/comments{/number}",       "contents_url": "https://api.github.com/repos/liszd/whyliam.workflows.youdao/contents/{+path}",       "compare_url": "https://api.github.com/repos/liszd/whyliam.workflows.youdao/compare/{base}...{head}",       "merges_url": "https://api.github.com/repos/liszd/whyliam.workflows.youdao/merges",       "archive_url": "https://api.github.com/repos/liszd/whyliam.workflows.youdao/{archive_format}{/ref}",       "downloads_url": "https://api.github.com/repos/liszd/whyliam.workflows.youdao/downloads",       "issues_url": "https://api.github.com/repos/liszd/whyliam.workflows.youdao/issues{/number}",       "pulls_url": "https://api.github.com/repos/liszd/whyliam.workflows.youdao/pulls{/number}",       "milestones_url": "https://api.github.com/repos/liszd/whyliam.workflows.youdao/milestones{/number}",       "notifications_url": "https://api.github.com/repos/liszd/whyliam.workflows.youdao/notifications{?since,all,participating}",       "labels_url": "https://api.github.com/repos/liszd/whyliam.workflows.youdao/labels{/name}",       "releases_url": "https://api.github.com/repos/liszd/whyliam.workflows.youdao/releases{/id}",       "deployments_url": "https://api.github.com/repos/liszd/whyliam.workflows.youdao/deployments",       "created_at": "2015-05-05T04:23:14Z",       "updated_at": "2019-01-27T04:15:49Z",       "pushed_at": "2018-08-03T05:49:11Z",       "git_url": "git://github.com/liszd/whyliam.workflows.youdao.git",       "ssh_url": "git@github.com:liszd/whyliam.workflows.youdao.git",       "clone_url": "https://github.com/liszd/whyliam.workflows.youdao.git",       "svn_url": "https://github.com/liszd/whyliam.workflows.youdao",       "homepage": "http://blog.naaln.com/2015/05/repeat-create-the-wheel-alfred-plugin-youdao",       "size": 3048,       "stargazers_count": 416,       "watchers_count": 416,       "language": "Python",       "has_issues": true,       "has_projects": true,       "has_downloads": true,       "has_wiki": true,       "has_pages": false,       "forks_count": 72,       "mirror_url": null,       "archived": false,       "open_issues_count": 1,       "license": {         "key": "mit",         "name": "MIT License",         "spdx_id": "MIT",         "url": "https://api.github.com/licenses/mit",         "node_id": "MDc6TGljZW5zZTEz"       },       "forks": 72,       "open_issues": 1,       "watchers": 416,       "default_branch": "master",       "score": 85.44602     },     {       "id": 2192780,       "node_id": "MDEwOlJlcG9zaXRvcnkyMTkyNzgw",       "name": "jOOX",       "full_name": "jOOQ/jOOX",       "private": false,       "owner": {         "login": "jOOQ",         "id": 1666512,         "node_id": "MDEyOk9yZ2FuaXphdGlvbjE2NjY1MTI=",         "avatar_url": "https://avatars3.githubusercontent.com/u/1666512?v=4",         "gravatar_id": "",         "url": "https://api.github.com/users/jOOQ",         "html_url": "https://github.com/jOOQ",         "followers_url": "https://api.github.com/users/jOOQ/followers",         "following_url": "https://api.github.com/users/jOOQ/following{/other_user}",         "gists_url": "https://api.github.com/users/jOOQ/gists{/gist_id}",         "starred_url": "https://api.github.com/users/jOOQ/starred{/owner}{/repo}",         "subscriptions_url": "https://api.github.com/users/jOOQ/subscriptions",         "organizations_url": "https://api.github.com/users/jOOQ/orgs",         "repos_url": "https://api.github.com/users/jOOQ/repos",         "events_url": "https://api.github.com/users/jOOQ/events{/privacy}",         "received_events_url": "https://api.github.com/users/jOOQ/received_events",         "type": "Organization",         "site_admin": false       },       "html_url": "https://github.com/jOOQ/jOOX",       "description": "jOOX - The Power of jQuery Applied to W3C DOM Like JDBC, DOM is a powerful, yet very verbose low-level API to manipulate XML. The HTML DOM an be manipulated with the popular jQuery product, in JavaScript. Why don't we have jQuery in Java? jOOX is jQuery's XML parts, applied to Java.",       "fork": false,       "url": "https://api.github.com/repos/jOOQ/jOOX",       "forks_url": "https://api.github.com/repos/jOOQ/jOOX/forks",       "keys_url": "https://api.github.com/repos/jOOQ/jOOX/keys{/key_id}",       "collaborators_url": "https://api.github.com/repos/jOOQ/jOOX/collaborators{/collaborator}",       "teams_url": "https://api.github.com/repos/jOOQ/jOOX/teams",       "hooks_url": "https://api.github.com/repos/jOOQ/jOOX/hooks",       "issue_events_url": "https://api.github.com/repos/jOOQ/jOOX/issues/events{/number}",       "events_url": "https://api.github.com/repos/jOOQ/jOOX/events",       "assignees_url": "https://api.github.com/repos/jOOQ/jOOX/assignees{/user}",       "branches_url": "https://api.github.com/repos/jOOQ/jOOX/branches{/branch}",       "tags_url": "https://api.github.com/repos/jOOQ/jOOX/tags",       "blobs_url": "https://api.github.com/repos/jOOQ/jOOX/git/blobs{/sha}",       "git_tags_url": "https://api.github.com/repos/jOOQ/jOOX/git/tags{/sha}",       "git_refs_url": "https://api.github.com/repos/jOOQ/jOOX/git/refs{/sha}",       "trees_url": "https://api.github.com/repos/jOOQ/jOOX/git/trees{/sha}",       "statuses_url": "https://api.github.com/repos/jOOQ/jOOX/statuses/{sha}",       "languages_url": "https://api.github.com/repos/jOOQ/jOOX/languages",       "stargazers_url": "https://api.github.com/repos/jOOQ/jOOX/stargazers",       "contributors_url": "https://api.github.com/repos/jOOQ/jOOX/contributors",       "subscribers_url": "https://api.github.com/repos/jOOQ/jOOX/subscribers",       "subscription_url": "https://api.github.com/repos/jOOQ/jOOX/subscription",       "commits_url": "https://api.github.com/repos/jOOQ/jOOX/commits{/sha}",       "git_commits_url": "https://api.github.com/repos/jOOQ/jOOX/git/commits{/sha}",       "comments_url": "https://api.github.com/repos/jOOQ/jOOX/comments{/number}",       "issue_comment_url": "https://api.github.com/repos/jOOQ/jOOX/issues/comments{/number}",       "contents_url": "https://api.github.com/repos/jOOQ/jOOX/contents/{+path}",       "compare_url": "https://api.github.com/repos/jOOQ/jOOX/compare/{base}...{head}",       "merges_url": "https://api.github.com/repos/jOOQ/jOOX/merges",       "archive_url": "https://api.github.com/repos/jOOQ/jOOX/{archive_format}{/ref}",       "downloads_url": "https://api.github.com/repos/jOOQ/jOOX/downloads",       "issues_url": "https://api.github.com/repos/jOOQ/jOOX/issues{/number}",       "pulls_url": "https://api.github.com/repos/jOOQ/jOOX/pulls{/number}",       "milestones_url": "https://api.github.com/repos/jOOQ/jOOX/milestones{/number}",       "notifications_url": "https://api.github.com/repos/jOOQ/jOOX/notifications{?since,all,participating}",       "labels_url": "https://api.github.com/repos/jOOQ/jOOX/labels{/name}",       "releases_url": "https://api.github.com/repos/jOOQ/jOOX/releases{/id}",       "deployments_url": "https://api.github.com/repos/jOOQ/jOOX/deployments",       "created_at": "2011-08-11T18:08:47Z",       "updated_at": "2019-01-29T02:59:21Z",       "pushed_at": "2018-09-10T11:04:36Z",       "git_url": "git://github.com/jOOQ/jOOX.git",       "ssh_url": "git@github.com:jOOQ/jOOX.git",       "clone_url": "https://github.com/jOOQ/jOOX.git",       "svn_url": "https://github.com/jOOQ/jOOX",       "homepage": "http://www.jooq.org/products",       "size": 678,       "stargazers_count": 393,       "watchers_count": 393,       "language": "Java",       "has_issues": true,       "has_projects": true,       "has_downloads": true,       "has_wiki": true,       "has_pages": false,       "forks_count": 33,       "mirror_url": null,       "archived": false,       "open_issues_count": 47,       "license": {         "key": "apache-2.0",         "name": "Apache License 2.0",         "spdx_id": "Apache-2.0",         "url": "https://api.github.com/licenses/apache-2.0",         "node_id": "MDc6TGljZW5zZTI="       },       "forks": 33,       "open_issues": 47,       "watchers": 393,       "default_branch": "master",       "score": 19.787996     },     {       "id": 122733470,       "node_id": "MDEwOlJlcG9zaXRvcnkxMjI3MzM0NzA=",       "name": "whybundled",       "full_name": "d4rkr00t/whybundled",       "private": false,       "owner": {         "login": "d4rkr00t",         "id": 200119,         "node_id": "MDQ6VXNlcjIwMDExOQ==",         "avatar_url": "https://avatars2.githubusercontent.com/u/200119?v=4",         "gravatar_id": "",         "url": "https://api.github.com/users/d4rkr00t",         "html_url": "https://github.com/d4rkr00t",         "followers_url": "https://api.github.com/users/d4rkr00t/followers",         "following_url": "https://api.github.com/users/d4rkr00t/following{/other_user}",         "gists_url": "https://api.github.com/users/d4rkr00t/gists{/gist_id}",         "starred_url": "https://api.github.com/users/d4rkr00t/starred{/owner}{/repo}",         "subscriptions_url": "https://api.github.com/users/d4rkr00t/subscriptions",         "organizations_url": "https://api.github.com/users/d4rkr00t/orgs",         "repos_url": "https://api.github.com/users/d4rkr00t/repos",         "events_url": "https://api.github.com/users/d4rkr00t/events{/privacy}",         "received_events_url": "https://api.github.com/users/d4rkr00t/received_events",         "type": "User",         "site_admin": false       },       "html_url": "https://github.com/d4rkr00t/whybundled",       "description": "Answers the question – Why the hell is this module in a bundle?",       "fork": false,       "url": "https://api.github.com/repos/d4rkr00t/whybundled",       "forks_url": "https://api.github.com/repos/d4rkr00t/whybundled/forks",       "keys_url": "https://api.github.com/repos/d4rkr00t/whybundled/keys{/key_id}",       "collaborators_url": "https://api.github.com/repos/d4rkr00t/whybundled/collaborators{/collaborator}",       "teams_url": "https://api.github.com/repos/d4rkr00t/whybundled/teams",       "hooks_url": "https://api.github.com/repos/d4rkr00t/whybundled/hooks",       "issue_events_url": "https://api.github.com/repos/d4rkr00t/whybundled/issues/events{/number}",       "events_url": "https://api.github.com/repos/d4rkr00t/whybundled/events",       "assignees_url": "https://api.github.com/repos/d4rkr00t/whybundled/assignees{/user}",       "branches_url": "https://api.github.com/repos/d4rkr00t/whybundled/branches{/branch}",       "tags_url": "https://api.github.com/repos/d4rkr00t/whybundled/tags",       "blobs_url": "https://api.github.com/repos/d4rkr00t/whybundled/git/blobs{/sha}",       "git_tags_url": "https://api.github.com/repos/d4rkr00t/whybundled/git/tags{/sha}",       "git_refs_url": "https://api.github.com/repos/d4rkr00t/whybundled/git/refs{/sha}",       "trees_url": "https://api.github.com/repos/d4rkr00t/whybundled/git/trees{/sha}",       "statuses_url": "https://api.github.com/repos/d4rkr00t/whybundled/statuses/{sha}",       "languages_url": "https://api.github.com/repos/d4rkr00t/whybundled/languages",       "stargazers_url": "https://api.github.com/repos/d4rkr00t/whybundled/stargazers",       "contributors_url": "https://api.github.com/repos/d4rkr00t/whybundled/contributors",       "subscribers_url": "https://api.github.com/repos/d4rkr00t/whybundled/subscribers",       "subscription_url": "https://api.github.com/repos/d4rkr00t/whybundled/subscription",       "commits_url": "https://api.github.com/repos/d4rkr00t/whybundled/commits{/sha}",       "git_commits_url": "https://api.github.com/repos/d4rkr00t/whybundled/git/commits{/sha}",       "comments_url": "https://api.github.com/repos/d4rkr00t/whybundled/comments{/number}",       "issue_comment_url": "https://api.github.com/repos/d4rkr00t/whybundled/issues/comments{/number}",       "contents_url": "https://api.github.com/repos/d4rkr00t/whybundled/contents/{+path}",       "compare_url": "https://api.github.com/repos/d4rkr00t/whybundled/compare/{base}...{head}",       "merges_url": "https://api.github.com/repos/d4rkr00t/whybundled/merges",       "archive_url": "https://api.github.com/repos/d4rkr00t/whybundled/{archive_format}{/ref}",       "downloads_url": "https://api.github.com/repos/d4rkr00t/whybundled/downloads",       "issues_url": "https://api.github.com/repos/d4rkr00t/whybundled/issues{/number}",       "pulls_url": "https://api.github.com/repos/d4rkr00t/whybundled/pulls{/number}",       "milestones_url": "https://api.github.com/repos/d4rkr00t/whybundled/milestones{/number}",       "notifications_url": "https://api.github.com/repos/d4rkr00t/whybundled/notifications{?since,all,participating}",       "labels_url": "https://api.github.com/repos/d4rkr00t/whybundled/labels{/name}",       "releases_url": "https://api.github.com/repos/d4rkr00t/whybundled/releases{/id}",       "deployments_url": "https://api.github.com/repos/d4rkr00t/whybundled/deployments",       "created_at": "2018-02-24T11:12:27Z",       "updated_at": "2019-01-23T19:10:27Z",       "pushed_at": "2018-08-20T15:27:01Z",       "git_url": "git://github.com/d4rkr00t/whybundled.git",       "ssh_url": "git@github.com:d4rkr00t/whybundled.git",       "clone_url": "https://github.com/d4rkr00t/whybundled.git",       "svn_url": "https://github.com/d4rkr00t/whybundled",       "homepage": "",       "size": 2003,       "stargazers_count": 374,       "watchers_count": 374,       "language": "JavaScript",       "has_issues": true,       "has_projects": true,       "has_downloads": true,       "has_wiki": true,       "has_pages": false,       "forks_count": 8,       "mirror_url": null,       "archived": false,       "open_issues_count": 0,       "license": {         "key": "mit",         "name": "MIT License",         "spdx_id": "MIT",         "url": "https://api.github.com/licenses/mit",         "node_id": "MDc6TGljZW5zZTEz"       },       "forks": 8,       "open_issues": 0,       "watchers": 374,       "default_branch": "master",       "score": 68.71127     },     {       "id": 9549719,       "node_id": "MDEwOlJlcG9zaXRvcnk5NTQ5NzE5",       "name": "CLOSURE",       "full_name": "steveklabnik/CLOSURE",       "private": false,       "owner": {         "login": "steveklabnik",         "id": 27786,         "node_id": "MDQ6VXNlcjI3Nzg2",         "avatar_url": "https://avatars2.githubusercontent.com/u/27786?v=4",         "gravatar_id": "",         "url": "https://api.github.com/users/steveklabnik",         "html_url": "https://github.com/steveklabnik",         "followers_url": "https://api.github.com/users/steveklabnik/followers",         "following_url": "https://api.github.com/users/steveklabnik/following{/other_user}",         "gists_url": "https://api.github.com/users/steveklabnik/gists{/gist_id}",         "starred_url": "https://api.github.com/users/steveklabnik/starred{/owner}{/repo}",         "subscriptions_url": "https://api.github.com/users/steveklabnik/subscriptions",         "organizations_url": "https://api.github.com/users/steveklabnik/orgs",         "repos_url": "https://api.github.com/users/steveklabnik/repos",         "events_url": "https://api.github.com/users/steveklabnik/events{/privacy}",         "received_events_url": "https://api.github.com/users/steveklabnik/received_events",         "type": "User",         "site_admin": false       },       "html_url": "https://github.com/steveklabnik/CLOSURE",       "description": "Thanks, _why.",       "fork": false,       "url": "https://api.github.com/repos/steveklabnik/CLOSURE",       "forks_url": "https://api.github.com/repos/steveklabnik/CLOSURE/forks",       "keys_url": "https://api.github.com/repos/steveklabnik/CLOSURE/keys{/key_id}",       "collaborators_url": "https://api.github.com/repos/steveklabnik/CLOSURE/collaborators{/collaborator}",       "teams_url": "https://api.github.com/repos/steveklabnik/CLOSURE/teams",       "hooks_url": "https://api.github.com/repos/steveklabnik/CLOSURE/hooks",       "issue_events_url": "https://api.github.com/repos/steveklabnik/CLOSURE/issues/events{/number}",       "events_url": "https://api.github.com/repos/steveklabnik/CLOSURE/events",       "assignees_url": "https://api.github.com/repos/steveklabnik/CLOSURE/assignees{/user}",       "branches_url": "https://api.github.com/repos/steveklabnik/CLOSURE/branches{/branch}",       "tags_url": "https://api.github.com/repos/steveklabnik/CLOSURE/tags",       "blobs_url": "https://api.github.com/repos/steveklabnik/CLOSURE/git/blobs{/sha}",       "git_tags_url": "https://api.github.com/repos/steveklabnik/CLOSURE/git/tags{/sha}",       "git_refs_url": "https://api.github.com/repos/steveklabnik/CLOSURE/git/refs{/sha}",       "trees_url": "https://api.github.com/repos/steveklabnik/CLOSURE/git/trees{/sha}",       "statuses_url": "https://api.github.com/repos/steveklabnik/CLOSURE/statuses/{sha}",       "languages_url": "https://api.github.com/repos/steveklabnik/CLOSURE/languages",       "stargazers_url": "https://api.github.com/repos/steveklabnik/CLOSURE/stargazers",       "contributors_url": "https://api.github.com/repos/steveklabnik/CLOSURE/contributors",       "subscribers_url": "https://api.github.com/repos/steveklabnik/CLOSURE/subscribers",       "subscription_url": "https://api.github.com/repos/steveklabnik/CLOSURE/subscription",       "commits_url": "https://api.github.com/repos/steveklabnik/CLOSURE/commits{/sha}",       "git_commits_url": "https://api.github.com/repos/steveklabnik/CLOSURE/git/commits{/sha}",       "comments_url": "https://api.github.com/repos/steveklabnik/CLOSURE/comments{/number}",       "issue_comment_url": "https://api.github.com/repos/steveklabnik/CLOSURE/issues/comments{/number}",       "contents_url": "https://api.github.com/repos/steveklabnik/CLOSURE/contents/{+path}",       "compare_url": "https://api.github.com/repos/steveklabnik/CLOSURE/compare/{base}...{head}",       "merges_url": "https://api.github.com/repos/steveklabnik/CLOSURE/merges",       "archive_url": "https://api.github.com/repos/steveklabnik/CLOSURE/{archive_format}{/ref}",       "downloads_url": "https://api.github.com/repos/steveklabnik/CLOSURE/downloads",       "issues_url": "https://api.github.com/repos/steveklabnik/CLOSURE/issues{/number}",       "pulls_url": "https://api.github.com/repos/steveklabnik/CLOSURE/pulls{/number}",       "milestones_url": "https://api.github.com/repos/steveklabnik/CLOSURE/milestones{/number}",       "notifications_url": "https://api.github.com/repos/steveklabnik/CLOSURE/notifications{?since,all,participating}",       "labels_url": "https://api.github.com/repos/steveklabnik/CLOSURE/labels{/name}",       "releases_url": "https://api.github.com/repos/steveklabnik/CLOSURE/releases{/id}",       "deployments_url": "https://api.github.com/repos/steveklabnik/CLOSURE/deployments",       "created_at": "2013-04-19T16:35:35Z",       "updated_at": "2019-01-25T03:10:45Z",       "pushed_at": "2016-08-19T21:52:58Z",       "git_url": "git://github.com/steveklabnik/CLOSURE.git",       "ssh_url": "git@github.com:steveklabnik/CLOSURE.git",       "clone_url": "https://github.com/steveklabnik/CLOSURE.git",       "svn_url": "https://github.com/steveklabnik/CLOSURE",       "homepage": null,       "size": 98819,       "stargazers_count": 347,       "watchers_count": 347,       "language": null,       "has_issues": true,       "has_projects": true,       "has_downloads": true,       "has_wiki": true,       "has_pages": false,       "forks_count": 29,       "mirror_url": null,       "archived": false,       "open_issues_count": 1,       "license": null,       "forks": 29,       "open_issues": 1,       "watchers": 347,       "default_branch": "master",       "score": 83.8401     },     {       "id": 285132,       "node_id": "MDEwOlJlcG9zaXRvcnkyODUxMzI=",       "name": "TryRuby",       "full_name": "Sophrinix/TryRuby",       "private": false,       "owner": {         "login": "Sophrinix",         "id": 34090,         "node_id": "MDQ6VXNlcjM0MDkw",         "avatar_url": "https://avatars1.githubusercontent.com/u/34090?v=4",         "gravatar_id": "",         "url": "https://api.github.com/users/Sophrinix",         "html_url": "https://github.com/Sophrinix",         "followers_url": "https://api.github.com/users/Sophrinix/followers",         "following_url": "https://api.github.com/users/Sophrinix/following{/other_user}",         "gists_url": "https://api.github.com/users/Sophrinix/gists{/gist_id}",         "starred_url": "https://api.github.com/users/Sophrinix/starred{/owner}{/repo}",         "subscriptions_url": "https://api.github.com/users/Sophrinix/subscriptions",         "organizations_url": "https://api.github.com/users/Sophrinix/orgs",         "repos_url": "https://api.github.com/users/Sophrinix/repos",         "events_url": "https://api.github.com/users/Sophrinix/events{/privacy}",         "received_events_url": "https://api.github.com/users/Sophrinix/received_events",         "type": "User",         "site_admin": false       },       "html_url": "https://github.com/Sophrinix/TryRuby",       "description": "Try Ruby is a interactive shell that quickly and whimsically teaches the Ruby programming language. Originally _why's idea, it has been recreated from the ground up by Rubyists who have a passion for Ruby and for teaching their fellow (wo)man how to program.",       "fork": false,       "url": "https://api.github.com/repos/Sophrinix/TryRuby",       "forks_url": "https://api.github.com/repos/Sophrinix/TryRuby/forks",       "keys_url": "https://api.github.com/repos/Sophrinix/TryRuby/keys{/key_id}",       "collaborators_url": "https://api.github.com/repos/Sophrinix/TryRuby/collaborators{/collaborator}",       "teams_url": "https://api.github.com/repos/Sophrinix/TryRuby/teams",       "hooks_url": "https://api.github.com/repos/Sophrinix/TryRuby/hooks",       "issue_events_url": "https://api.github.com/repos/Sophrinix/TryRuby/issues/events{/number}",       "events_url": "https://api.github.com/repos/Sophrinix/TryRuby/events",       "assignees_url": "https://api.github.com/repos/Sophrinix/TryRuby/assignees{/user}",       "branches_url": "https://api.github.com/repos/Sophrinix/TryRuby/branches{/branch}",       "tags_url": "https://api.github.com/repos/Sophrinix/TryRuby/tags",       "blobs_url": "https://api.github.com/repos/Sophrinix/TryRuby/git/blobs{/sha}",       "git_tags_url": "https://api.github.com/repos/Sophrinix/TryRuby/git/tags{/sha}",       "git_refs_url": "https://api.github.com/repos/Sophrinix/TryRuby/git/refs{/sha}",       "trees_url": "https://api.github.com/repos/Sophrinix/TryRuby/git/trees{/sha}",       "statuses_url": "https://api.github.com/repos/Sophrinix/TryRuby/statuses/{sha}",       "languages_url": "https://api.github.com/repos/Sophrinix/TryRuby/languages",       "stargazers_url": "https://api.github.com/repos/Sophrinix/TryRuby/stargazers",       "contributors_url": "https://api.github.com/repos/Sophrinix/TryRuby/contributors",       "subscribers_url": "https://api.github.com/repos/Sophrinix/TryRuby/subscribers",       "subscription_url": "https://api.github.com/repos/Sophrinix/TryRuby/subscription",       "commits_url": "https://api.github.com/repos/Sophrinix/TryRuby/commits{/sha}",       "git_commits_url": "https://api.github.com/repos/Sophrinix/TryRuby/git/commits{/sha}",       "comments_url": "https://api.github.com/repos/Sophrinix/TryRuby/comments{/number}",       "issue_comment_url": "https://api.github.com/repos/Sophrinix/TryRuby/issues/comments{/number}",       "contents_url": "https://api.github.com/repos/Sophrinix/TryRuby/contents/{+path}",       "compare_url": "https://api.github.com/repos/Sophrinix/TryRuby/compare/{base}...{head}",       "merges_url": "https://api.github.com/repos/Sophrinix/TryRuby/merges",       "archive_url": "https://api.github.com/repos/Sophrinix/TryRuby/{archive_format}{/ref}",       "downloads_url": "https://api.github.com/repos/Sophrinix/TryRuby/downloads",       "issues_url": "https://api.github.com/repos/Sophrinix/TryRuby/issues{/number}",       "pulls_url": "https://api.github.com/repos/Sophrinix/TryRuby/pulls{/number}",       "milestones_url": "https://api.github.com/repos/Sophrinix/TryRuby/milestones{/number}",       "notifications_url": "https://api.github.com/repos/Sophrinix/TryRuby/notifications{?since,all,participating}",       "labels_url": "https://api.github.com/repos/Sophrinix/TryRuby/labels{/name}",       "releases_url": "https://api.github.com/repos/Sophrinix/TryRuby/releases{/id}",       "deployments_url": "https://api.github.com/repos/Sophrinix/TryRuby/deployments",       "created_at": "2009-08-22T17:31:37Z",       "updated_at": "2019-01-21T09:33:14Z",       "pushed_at": "2018-06-02T04:32:55Z",       "git_url": "git://github.com/Sophrinix/TryRuby.git",       "ssh_url": "git@github.com:Sophrinix/TryRuby.git",       "clone_url": "https://github.com/Sophrinix/TryRuby.git",       "svn_url": "https://github.com/Sophrinix/TryRuby",       "homepage": "tryruby.org",       "size": 881,       "stargazers_count": 346,       "watchers_count": 346,       "language": "HTML",       "has_issues": true,       "has_projects": true,       "has_downloads": true,       "has_wiki": true,       "has_pages": false,       "forks_count": 82,       "mirror_url": null,       "archived": false,       "open_issues_count": 69,       "license": null,       "forks": 82,       "open_issues": 69,       "watchers": 346,       "default_branch": "master",       "score": 21.90246     },     {       "id": 139259807,       "node_id": "MDEwOlJlcG9zaXRvcnkxMzkyNTk4MDc=",       "name": "UserDefaultsStore",       "full_name": "omaralbeik/UserDefaultsStore",       "private": false,       "owner": {         "login": "omaralbeik",         "id": 8127757,         "node_id": "MDQ6VXNlcjgxMjc3NTc=",         "avatar_url": "https://avatars2.githubusercontent.com/u/8127757?v=4",         "gravatar_id": "",         "url": "https://api.github.com/users/omaralbeik",         "html_url": "https://github.com/omaralbeik",         "followers_url": "https://api.github.com/users/omaralbeik/followers",         "following_url": "https://api.github.com/users/omaralbeik/following{/other_user}",         "gists_url": "https://api.github.com/users/omaralbeik/gists{/gist_id}",         "starred_url": "https://api.github.com/users/omaralbeik/starred{/owner}{/repo}",         "subscriptions_url": "https://api.github.com/users/omaralbeik/subscriptions",         "organizations_url": "https://api.github.com/users/omaralbeik/orgs",         "repos_url": "https://api.github.com/users/omaralbeik/repos",         "events_url": "https://api.github.com/users/omaralbeik/events{/privacy}",         "received_events_url": "https://api.github.com/users/omaralbeik/received_events",         "type": "User",         "site_admin": false       },       "html_url": "https://github.com/omaralbeik/UserDefaultsStore",       "description": "Why not use UserDefaults to store Codable objects 😉",       "fork": false,       "url": "https://api.github.com/repos/omaralbeik/UserDefaultsStore",       "forks_url": "https://api.github.com/repos/omaralbeik/UserDefaultsStore/forks",       "keys_url": "https://api.github.com/repos/omaralbeik/UserDefaultsStore/keys{/key_id}",       "collaborators_url": "https://api.github.com/repos/omaralbeik/UserDefaultsStore/collaborators{/collaborator}",       "teams_url": "https://api.github.com/repos/omaralbeik/UserDefaultsStore/teams",       "hooks_url": "https://api.github.com/repos/omaralbeik/UserDefaultsStore/hooks",       "issue_events_url": "https://api.github.com/repos/omaralbeik/UserDefaultsStore/issues/events{/number}",       "events_url": "https://api.github.com/repos/omaralbeik/UserDefaultsStore/events",       "assignees_url": "https://api.github.com/repos/omaralbeik/UserDefaultsStore/assignees{/user}",       "branches_url": "https://api.github.com/repos/omaralbeik/UserDefaultsStore/branches{/branch}",       "tags_url": "https://api.github.com/repos/omaralbeik/UserDefaultsStore/tags",       "blobs_url": "https://api.github.com/repos/omaralbeik/UserDefaultsStore/git/blobs{/sha}",       "git_tags_url": "https://api.github.com/repos/omaralbeik/UserDefaultsStore/git/tags{/sha}",       "git_refs_url": "https://api.github.com/repos/omaralbeik/UserDefaultsStore/git/refs{/sha}",       "trees_url": "https://api.github.com/repos/omaralbeik/UserDefaultsStore/git/trees{/sha}",       "statuses_url": "https://api.github.com/repos/omaralbeik/UserDefaultsStore/statuses/{sha}",       "languages_url": "https://api.github.com/repos/omaralbeik/UserDefaultsStore/languages",       "stargazers_url": "https://api.github.com/repos/omaralbeik/UserDefaultsStore/stargazers",       "contributors_url": "https://api.github.com/repos/omaralbeik/UserDefaultsStore/contributors",       "subscribers_url": "https://api.github.com/repos/omaralbeik/UserDefaultsStore/subscribers",       "subscription_url": "https://api.github.com/repos/omaralbeik/UserDefaultsStore/subscription",       "commits_url": "https://api.github.com/repos/omaralbeik/UserDefaultsStore/commits{/sha}",       "git_commits_url": "https://api.github.com/repos/omaralbeik/UserDefaultsStore/git/commits{/sha}",       "comments_url": "https://api.github.com/repos/omaralbeik/UserDefaultsStore/comments{/number}",       "issue_comment_url": "https://api.github.com/repos/omaralbeik/UserDefaultsStore/issues/comments{/number}",       "contents_url": "https://api.github.com/repos/omaralbeik/UserDefaultsStore/contents/{+path}",       "compare_url": "https://api.github.com/repos/omaralbeik/UserDefaultsStore/compare/{base}...{head}",       "merges_url": "https://api.github.com/repos/omaralbeik/UserDefaultsStore/merges",       "archive_url": "https://api.github.com/repos/omaralbeik/UserDefaultsStore/{archive_format}{/ref}",       "downloads_url": "https://api.github.com/repos/omaralbeik/UserDefaultsStore/downloads",       "issues_url": "https://api.github.com/repos/omaralbeik/UserDefaultsStore/issues{/number}",       "pulls_url": "https://api.github.com/repos/omaralbeik/UserDefaultsStore/pulls{/number}",       "milestones_url": "https://api.github.com/repos/omaralbeik/UserDefaultsStore/milestones{/number}",       "notifications_url": "https://api.github.com/repos/omaralbeik/UserDefaultsStore/notifications{?since,all,participating}",       "labels_url": "https://api.github.com/repos/omaralbeik/UserDefaultsStore/labels{/name}",       "releases_url": "https://api.github.com/repos/omaralbeik/UserDefaultsStore/releases{/id}",       "deployments_url": "https://api.github.com/repos/omaralbeik/UserDefaultsStore/deployments",       "created_at": "2018-06-30T15:29:31Z",       "updated_at": "2019-01-28T22:49:33Z",       "pushed_at": "2018-11-08T05:49:36Z",       "git_url": "git://github.com/omaralbeik/UserDefaultsStore.git",       "ssh_url": "git@github.com:omaralbeik/UserDefaultsStore.git",       "clone_url": "https://github.com/omaralbeik/UserDefaultsStore.git",       "svn_url": "https://github.com/omaralbeik/UserDefaultsStore",       "homepage": null,       "size": 388,       "stargazers_count": 311,       "watchers_count": 311,       "language": "Swift",       "has_issues": true,       "has_projects": false,       "has_downloads": true,       "has_wiki": false,       "has_pages": false,       "forks_count": 13,       "mirror_url": null,       "archived": false,       "open_issues_count": 2,       "license": {         "key": "mit",         "name": "MIT License",         "spdx_id": "MIT",         "url": "https://api.github.com/licenses/mit",         "node_id": "MDc6TGljZW5zZTEz"       },       "forks": 13,       "open_issues": 2,       "watchers": 311,       "default_branch": "master",       "score": 51.52979     },     {       "id": 1666180,       "node_id": "MDEwOlJlcG9zaXRvcnkxNjY2MTgw",       "name": "why_i_love_github",       "full_name": "schacon/why_i_love_github",       "private": false,       "owner": {         "login": "schacon",         "id": 70,         "node_id": "MDQ6VXNlcjcw",         "avatar_url": "https://avatars0.githubusercontent.com/u/70?v=4",         "gravatar_id": "",         "url": "https://api.github.com/users/schacon",         "html_url": "https://github.com/schacon",         "followers_url": "https://api.github.com/users/schacon/followers",         "following_url": "https://api.github.com/users/schacon/following{/other_user}",         "gists_url": "https://api.github.com/users/schacon/gists{/gist_id}",         "starred_url": "https://api.github.com/users/schacon/starred{/owner}{/repo}",         "subscriptions_url": "https://api.github.com/users/schacon/subscriptions",         "organizations_url": "https://api.github.com/users/schacon/orgs",         "repos_url": "https://api.github.com/users/schacon/repos",         "events_url": "https://api.github.com/users/schacon/events{/privacy}",         "received_events_url": "https://api.github.com/users/schacon/received_events",         "type": "User",         "site_admin": false       },       "html_url": "https://github.com/schacon/why_i_love_github",       "description": null,       "fork": false,       "url": "https://api.github.com/repos/schacon/why_i_love_github",       "forks_url": "https://api.github.com/repos/schacon/why_i_love_github/forks",       "keys_url": "https://api.github.com/repos/schacon/why_i_love_github/keys{/key_id}",       "collaborators_url": "https://api.github.com/repos/schacon/why_i_love_github/collaborators{/collaborator}",       "teams_url": "https://api.github.com/repos/schacon/why_i_love_github/teams",       "hooks_url": "https://api.github.com/repos/schacon/why_i_love_github/hooks",       "issue_events_url": "https://api.github.com/repos/schacon/why_i_love_github/issues/events{/number}",       "events_url": "https://api.github.com/repos/schacon/why_i_love_github/events",       "assignees_url": "https://api.github.com/repos/schacon/why_i_love_github/assignees{/user}",       "branches_url": "https://api.github.com/repos/schacon/why_i_love_github/branches{/branch}",       "tags_url": "https://api.github.com/repos/schacon/why_i_love_github/tags",       "blobs_url": "https://api.github.com/repos/schacon/why_i_love_github/git/blobs{/sha}",       "git_tags_url": "https://api.github.com/repos/schacon/why_i_love_github/git/tags{/sha}",       "git_refs_url": "https://api.github.com/repos/schacon/why_i_love_github/git/refs{/sha}",       "trees_url": "https://api.github.com/repos/schacon/why_i_love_github/git/trees{/sha}",       "statuses_url": "https://api.github.com/repos/schacon/why_i_love_github/statuses/{sha}",       "languages_url": "https://api.github.com/repos/schacon/why_i_love_github/languages",       "stargazers_url": "https://api.github.com/repos/schacon/why_i_love_github/stargazers",       "contributors_url": "https://api.github.com/repos/schacon/why_i_love_github/contributors",       "subscribers_url": "https://api.github.com/repos/schacon/why_i_love_github/subscribers",       "subscription_url": "https://api.github.com/repos/schacon/why_i_love_github/subscription",       "commits_url": "https://api.github.com/repos/schacon/why_i_love_github/commits{/sha}",       "git_commits_url": "https://api.github.com/repos/schacon/why_i_love_github/git/commits{/sha}",       "comments_url": "https://api.github.com/repos/schacon/why_i_love_github/comments{/number}",       "issue_comment_url": "https://api.github.com/repos/schacon/why_i_love_github/issues/comments{/number}",       "contents_url": "https://api.github.com/repos/schacon/why_i_love_github/contents/{+path}",       "compare_url": "https://api.github.com/repos/schacon/why_i_love_github/compare/{base}...{head}",       "merges_url": "https://api.github.com/repos/schacon/why_i_love_github/merges",       "archive_url": "https://api.github.com/repos/schacon/why_i_love_github/{archive_format}{/ref}",       "downloads_url": "https://api.github.com/repos/schacon/why_i_love_github/downloads",       "issues_url": "https://api.github.com/repos/schacon/why_i_love_github/issues{/number}",       "pulls_url": "https://api.github.com/repos/schacon/why_i_love_github/pulls{/number}",       "milestones_url": "https://api.github.com/repos/schacon/why_i_love_github/milestones{/number}",       "notifications_url": "https://api.github.com/repos/schacon/why_i_love_github/notifications{?since,all,participating}",       "labels_url": "https://api.github.com/repos/schacon/why_i_love_github/labels{/name}",       "releases_url": "https://api.github.com/repos/schacon/why_i_love_github/releases{/id}",       "deployments_url": "https://api.github.com/repos/schacon/why_i_love_github/deployments",       "created_at": "2011-04-26T17:18:57Z",       "updated_at": "2018-12-26T22:44:49Z",       "pushed_at": "2018-09-06T06:18:12Z",       "git_url": "git://github.com/schacon/why_i_love_github.git",       "ssh_url": "git@github.com:schacon/why_i_love_github.git",       "clone_url": "https://github.com/schacon/why_i_love_github.git",       "svn_url": "https://github.com/schacon/why_i_love_github",       "homepage": "",       "size": 296,       "stargazers_count": 269,       "watchers_count": 269,       "language": null,       "has_issues": true,       "has_projects": true,       "has_downloads": true,       "has_wiki": true,       "has_pages": false,       "forks_count": 202,       "mirror_url": null,       "archived": false,       "open_issues_count": 115,       "license": null,       "forks": 202,       "open_issues": 115,       "watchers": 269,       "default_branch": "master",       "score": 94.83996     },     {       "id": 5762352,       "node_id": "MDEwOlJlcG9zaXRvcnk1NzYyMzUy",       "name": "nightowls",       "full_name": "Swizec/nightowls",       "private": false,       "owner": {         "login": "Swizec",         "id": 56883,         "node_id": "MDQ6VXNlcjU2ODgz",         "avatar_url": "https://avatars0.githubusercontent.com/u/56883?v=4",         "gravatar_id": "",         "url": "https://api.github.com/users/Swizec",         "html_url": "https://github.com/Swizec",         "followers_url": "https://api.github.com/users/Swizec/followers",         "following_url": "https://api.github.com/users/Swizec/following{/other_user}",         "gists_url": "https://api.github.com/users/Swizec/gists{/gist_id}",         "starred_url": "https://api.github.com/users/Swizec/starred{/owner}{/repo}",         "subscriptions_url": "https://api.github.com/users/Swizec/subscriptions",         "organizations_url": "https://api.github.com/users/Swizec/orgs",         "repos_url": "https://api.github.com/users/Swizec/repos",         "events_url": "https://api.github.com/users/Swizec/events{/privacy}",         "received_events_url": "https://api.github.com/users/Swizec/received_events",         "type": "User",         "site_admin": false       },       "html_url": "https://github.com/Swizec/nightowls",       "description": "Why programmers work at night - a book about programmers, by a programmer",       "fork": false,       "url": "https://api.github.com/repos/Swizec/nightowls",       "forks_url": "https://api.github.com/repos/Swizec/nightowls/forks",       "keys_url": "https://api.github.com/repos/Swizec/nightowls/keys{/key_id}",       "collaborators_url": "https://api.github.com/repos/Swizec/nightowls/collaborators{/collaborator}",       "teams_url": "https://api.github.com/repos/Swizec/nightowls/teams",       "hooks_url": "https://api.github.com/repos/Swizec/nightowls/hooks",       "issue_events_url": "https://api.github.com/repos/Swizec/nightowls/issues/events{/number}",       "events_url": "https://api.github.com/repos/Swizec/nightowls/events",       "assignees_url": "https://api.github.com/repos/Swizec/nightowls/assignees{/user}",       "branches_url": "https://api.github.com/repos/Swizec/nightowls/branches{/branch}",       "tags_url": "https://api.github.com/repos/Swizec/nightowls/tags",       "blobs_url": "https://api.github.com/repos/Swizec/nightowls/git/blobs{/sha}",       "git_tags_url": "https://api.github.com/repos/Swizec/nightowls/git/tags{/sha}",       "git_refs_url": "https://api.github.com/repos/Swizec/nightowls/git/refs{/sha}",       "trees_url": "https://api.github.com/repos/Swizec/nightowls/git/trees{/sha}",       "statuses_url": "https://api.github.com/repos/Swizec/nightowls/statuses/{sha}",       "languages_url": "https://api.github.com/repos/Swizec/nightowls/languages",       "stargazers_url": "https://api.github.com/repos/Swizec/nightowls/stargazers",       "contributors_url": "https://api.github.com/repos/Swizec/nightowls/contributors",       "subscribers_url": "https://api.github.com/repos/Swizec/nightowls/subscribers",       "subscription_url": "https://api.github.com/repos/Swizec/nightowls/subscription",       "commits_url": "https://api.github.com/repos/Swizec/nightowls/commits{/sha}",       "git_commits_url": "https://api.github.com/repos/Swizec/nightowls/git/commits{/sha}",       "comments_url": "https://api.github.com/repos/Swizec/nightowls/comments{/number}",       "issue_comment_url": "https://api.github.com/repos/Swizec/nightowls/issues/comments{/number}",       "contents_url": "https://api.github.com/repos/Swizec/nightowls/contents/{+path}",       "compare_url": "https://api.github.com/repos/Swizec/nightowls/compare/{base}...{head}",       "merges_url": "https://api.github.com/repos/Swizec/nightowls/merges",       "archive_url": "https://api.github.com/repos/Swizec/nightowls/{archive_format}{/ref}",       "downloads_url": "https://api.github.com/repos/Swizec/nightowls/downloads",       "issues_url": "https://api.github.com/repos/Swizec/nightowls/issues{/number}",       "pulls_url": "https://api.github.com/repos/Swizec/nightowls/pulls{/number}",       "milestones_url": "https://api.github.com/repos/Swizec/nightowls/milestones{/number}",       "notifications_url": "https://api.github.com/repos/Swizec/nightowls/notifications{?since,all,participating}",       "labels_url": "https://api.github.com/repos/Swizec/nightowls/labels{/name}",       "releases_url": "https://api.github.com/repos/Swizec/nightowls/releases{/id}",       "deployments_url": "https://api.github.com/repos/Swizec/nightowls/deployments",       "created_at": "2012-09-11T08:55:05Z",       "updated_at": "2019-01-22T17:12:56Z",       "pushed_at": "2017-04-24T09:21:43Z",       "git_url": "git://github.com/Swizec/nightowls.git",       "ssh_url": "git@github.com:Swizec/nightowls.git",       "clone_url": "https://github.com/Swizec/nightowls.git",       "svn_url": "https://github.com/Swizec/nightowls",       "homepage": "https://leanpub.com/nightowls",       "size": 1301,       "stargazers_count": 267,       "watchers_count": 267,       "language": null,       "has_issues": true,       "has_projects": true,       "has_downloads": true,       "has_wiki": true,       "has_pages": false,       "forks_count": 23,       "mirror_url": null,       "archived": false,       "open_issues_count": 7,       "license": null,       "forks": 23,       "open_issues": 7,       "watchers": 267,       "default_branch": "master",       "score": 46.15153     },     {       "id": 86715491,       "node_id": "MDEwOlJlcG9zaXRvcnk4NjcxNTQ5MQ==",       "name": "pmdarima",       "full_name": "tgsmith61591/pmdarima",       "private": false,       "owner": {         "login": "tgsmith61591",         "id": 6124706,         "node_id": "MDQ6VXNlcjYxMjQ3MDY=",         "avatar_url": "https://avatars0.githubusercontent.com/u/6124706?v=4",         "gravatar_id": "",         "url": "https://api.github.com/users/tgsmith61591",         "html_url": "https://github.com/tgsmith61591",         "followers_url": "https://api.github.com/users/tgsmith61591/followers",         "following_url": "https://api.github.com/users/tgsmith61591/following{/other_user}",         "gists_url": "https://api.github.com/users/tgsmith61591/gists{/gist_id}",         "starred_url": "https://api.github.com/users/tgsmith61591/starred{/owner}{/repo}",         "subscriptions_url": "https://api.github.com/users/tgsmith61591/subscriptions",         "organizations_url": "https://api.github.com/users/tgsmith61591/orgs",         "repos_url": "https://api.github.com/users/tgsmith61591/repos",         "events_url": "https://api.github.com/users/tgsmith61591/events{/privacy}",         "received_events_url": "https://api.github.com/users/tgsmith61591/received_events",         "type": "User",         "site_admin": false       },       "html_url": "https://github.com/tgsmith61591/pmdarima",       "description": "A package that brings R's beloved auto.arima to Python, making an even stronger case for why Python > R for data science. ",       "fork": false,       "url": "https://api.github.com/repos/tgsmith61591/pmdarima",       "forks_url": "https://api.github.com/repos/tgsmith61591/pmdarima/forks",       "keys_url": "https://api.github.com/repos/tgsmith61591/pmdarima/keys{/key_id}",       "collaborators_url": "https://api.github.com/repos/tgsmith61591/pmdarima/collaborators{/collaborator}",       "teams_url": "https://api.github.com/repos/tgsmith61591/pmdarima/teams",       "hooks_url": "https://api.github.com/repos/tgsmith61591/pmdarima/hooks",       "issue_events_url": "https://api.github.com/repos/tgsmith61591/pmdarima/issues/events{/number}",       "events_url": "https://api.github.com/repos/tgsmith61591/pmdarima/events",       "assignees_url": "https://api.github.com/repos/tgsmith61591/pmdarima/assignees{/user}",       "branches_url": "https://api.github.com/repos/tgsmith61591/pmdarima/branches{/branch}",       "tags_url": "https://api.github.com/repos/tgsmith61591/pmdarima/tags",       "blobs_url": "https://api.github.com/repos/tgsmith61591/pmdarima/git/blobs{/sha}",       "git_tags_url": "https://api.github.com/repos/tgsmith61591/pmdarima/git/tags{/sha}",       "git_refs_url": "https://api.github.com/repos/tgsmith61591/pmdarima/git/refs{/sha}",       "trees_url": "https://api.github.com/repos/tgsmith61591/pmdarima/git/trees{/sha}",       "statuses_url": "https://api.github.com/repos/tgsmith61591/pmdarima/statuses/{sha}",       "languages_url": "https://api.github.com/repos/tgsmith61591/pmdarima/languages",       "stargazers_url": "https://api.github.com/repos/tgsmith61591/pmdarima/stargazers",       "contributors_url": "https://api.github.com/repos/tgsmith61591/pmdarima/contributors",       "subscribers_url": "https://api.github.com/repos/tgsmith61591/pmdarima/subscribers",       "subscription_url": "https://api.github.com/repos/tgsmith61591/pmdarima/subscription",       "commits_url": "https://api.github.com/repos/tgsmith61591/pmdarima/commits{/sha}",       "git_commits_url": "https://api.github.com/repos/tgsmith61591/pmdarima/git/commits{/sha}",       "comments_url": "https://api.github.com/repos/tgsmith61591/pmdarima/comments{/number}",       "issue_comment_url": "https://api.github.com/repos/tgsmith61591/pmdarima/issues/comments{/number}",       "contents_url": "https://api.github.com/repos/tgsmith61591/pmdarima/contents/{+path}",       "compare_url": "https://api.github.com/repos/tgsmith61591/pmdarima/compare/{base}...{head}",       "merges_url": "https://api.github.com/repos/tgsmith61591/pmdarima/merges",       "archive_url": "https://api.github.com/repos/tgsmith61591/pmdarima/{archive_format}{/ref}",       "downloads_url": "https://api.github.com/repos/tgsmith61591/pmdarima/downloads",       "issues_url": "https://api.github.com/repos/tgsmith61591/pmdarima/issues{/number}",       "pulls_url": "https://api.github.com/repos/tgsmith61591/pmdarima/pulls{/number}",       "milestones_url": "https://api.github.com/repos/tgsmith61591/pmdarima/milestones{/number}",       "notifications_url": "https://api.github.com/repos/tgsmith61591/pmdarima/notifications{?since,all,participating}",       "labels_url": "https://api.github.com/repos/tgsmith61591/pmdarima/labels{/name}",       "releases_url": "https://api.github.com/repos/tgsmith61591/pmdarima/releases{/id}",       "deployments_url": "https://api.github.com/repos/tgsmith61591/pmdarima/deployments",       "created_at": "2017-03-30T14:58:30Z",       "updated_at": "2019-01-27T16:57:38Z",       "pushed_at": "2019-01-21T21:26:02Z",       "git_url": "git://github.com/tgsmith61591/pmdarima.git",       "ssh_url": "git@github.com:tgsmith61591/pmdarima.git",       "clone_url": "https://github.com/tgsmith61591/pmdarima.git",       "svn_url": "https://github.com/tgsmith61591/pmdarima",       "homepage": "https://www.alkaline-ml.com/pmdarima",       "size": 60561,       "stargazers_count": 254,       "watchers_count": 254,       "language": "Python",       "has_issues": true,       "has_projects": true,       "has_downloads": true,       "has_wiki": true,       "has_pages": true,       "forks_count": 64,       "mirror_url": null,       "archived": false,       "open_issues_count": 1,       "license": {         "key": "mit",         "name": "MIT License",         "spdx_id": "MIT",         "url": "https://api.github.com/licenses/mit",         "node_id": "MDc6TGljZW5zZTEz"       },       "forks": 64,       "open_issues": 1,       "watchers": 254,       "default_branch": "master",       "score": 37.534325     },     {       "id": 72917308,       "node_id": "MDEwOlJlcG9zaXRvcnk3MjkxNzMwOA==",       "name": "learn-elm",       "full_name": "dwyl/learn-elm",       "private": false,       "owner": {         "login": "dwyl",         "id": 11708465,         "node_id": "MDEyOk9yZ2FuaXphdGlvbjExNzA4NDY1",         "avatar_url": "https://avatars1.githubusercontent.com/u/11708465?v=4",         "gravatar_id": "",         "url": "https://api.github.com/users/dwyl",         "html_url": "https://github.com/dwyl",         "followers_url": "https://api.github.com/users/dwyl/followers",         "following_url": "https://api.github.com/users/dwyl/following{/other_user}",         "gists_url": "https://api.github.com/users/dwyl/gists{/gist_id}",         "starred_url": "https://api.github.com/users/dwyl/starred{/owner}{/repo}",         "subscriptions_url": "https://api.github.com/users/dwyl/subscriptions",         "organizations_url": "https://api.github.com/users/dwyl/orgs",         "repos_url": "https://api.github.com/users/dwyl/repos",         "events_url": "https://api.github.com/users/dwyl/events{/privacy}",         "received_events_url": "https://api.github.com/users/dwyl/received_events",         "type": "Organization",         "site_admin": false       },       "html_url": "https://github.com/dwyl/learn-elm",       "description": ":rainbow: discover why people are switching to Elm and how you can get started today!",       "fork": false,       "url": "https://api.github.com/repos/dwyl/learn-elm",       "forks_url": "https://api.github.com/repos/dwyl/learn-elm/forks",       "keys_url": "https://api.github.com/repos/dwyl/learn-elm/keys{/key_id}",       "collaborators_url": "https://api.github.com/repos/dwyl/learn-elm/collaborators{/collaborator}",       "teams_url": "https://api.github.com/repos/dwyl/learn-elm/teams",       "hooks_url": "https://api.github.com/repos/dwyl/learn-elm/hooks",       "issue_events_url": "https://api.github.com/repos/dwyl/learn-elm/issues/events{/number}",       "events_url": "https://api.github.com/repos/dwyl/learn-elm/events",       "assignees_url": "https://api.github.com/repos/dwyl/learn-elm/assignees{/user}",       "branches_url": "https://api.github.com/repos/dwyl/learn-elm/branches{/branch}",       "tags_url": "https://api.github.com/repos/dwyl/learn-elm/tags",       "blobs_url": "https://api.github.com/repos/dwyl/learn-elm/git/blobs{/sha}",       "git_tags_url": "https://api.github.com/repos/dwyl/learn-elm/git/tags{/sha}",       "git_refs_url": "https://api.github.com/repos/dwyl/learn-elm/git/refs{/sha}",       "trees_url": "https://api.github.com/repos/dwyl/learn-elm/git/trees{/sha}",       "statuses_url": "https://api.github.com/repos/dwyl/learn-elm/statuses/{sha}",       "languages_url": "https://api.github.com/repos/dwyl/learn-elm/languages",       "stargazers_url": "https://api.github.com/repos/dwyl/learn-elm/stargazers",       "contributors_url": "https://api.github.com/repos/dwyl/learn-elm/contributors",       "subscribers_url": "https://api.github.com/repos/dwyl/learn-elm/subscribers",       "subscription_url": "https://api.github.com/repos/dwyl/learn-elm/subscription",       "commits_url": "https://api.github.com/repos/dwyl/learn-elm/commits{/sha}",       "git_commits_url": "https://api.github.com/repos/dwyl/learn-elm/git/commits{/sha}",       "comments_url": "https://api.github.com/repos/dwyl/learn-elm/comments{/number}",       "issue_comment_url": "https://api.github.com/repos/dwyl/learn-elm/issues/comments{/number}",       "contents_url": "https://api.github.com/repos/dwyl/learn-elm/contents/{+path}",       "compare_url": "https://api.github.com/repos/dwyl/learn-elm/compare/{base}...{head}",       "merges_url": "https://api.github.com/repos/dwyl/learn-elm/merges",       "archive_url": "https://api.github.com/repos/dwyl/learn-elm/{archive_format}{/ref}",       "downloads_url": "https://api.github.com/repos/dwyl/learn-elm/downloads",       "issues_url": "https://api.github.com/repos/dwyl/learn-elm/issues{/number}",       "pulls_url": "https://api.github.com/repos/dwyl/learn-elm/pulls{/number}",       "milestones_url": "https://api.github.com/repos/dwyl/learn-elm/milestones{/number}",       "notifications_url": "https://api.github.com/repos/dwyl/learn-elm/notifications{?since,all,participating}",       "labels_url": "https://api.github.com/repos/dwyl/learn-elm/labels{/name}",       "releases_url": "https://api.github.com/repos/dwyl/learn-elm/releases{/id}",       "deployments_url": "https://api.github.com/repos/dwyl/learn-elm/deployments",       "created_at": "2016-11-05T09:45:12Z",       "updated_at": "2019-01-25T17:03:04Z",       "pushed_at": "2018-12-04T22:17:50Z",       "git_url": "git://github.com/dwyl/learn-elm.git",       "ssh_url": "git@github.com:dwyl/learn-elm.git",       "clone_url": "https://github.com/dwyl/learn-elm.git",       "svn_url": "https://github.com/dwyl/learn-elm",       "homepage": "https://github.com/dwyl/learn-elm",       "size": 622,       "stargazers_count": 238,       "watchers_count": 238,       "language": "HTML",       "has_issues": true,       "has_projects": true,       "has_downloads": true,       "has_wiki": true,       "has_pages": false,       "forks_count": 19,       "mirror_url": null,       "archived": false,       "open_issues_count": 78,       "license": null,       "forks": 19,       "open_issues": 78,       "watchers": 238,       "default_branch": "master",       "score": 44.098286     },     {       "id": 35120209,       "node_id": "MDEwOlJlcG9zaXRvcnkzNTEyMDIwOQ==",       "name": "wtfnode",       "full_name": "myndzi/wtfnode",       "private": false,       "owner": {         "login": "myndzi",         "id": 1588419,         "node_id": "MDQ6VXNlcjE1ODg0MTk=",         "avatar_url": "https://avatars1.githubusercontent.com/u/1588419?v=4",         "gravatar_id": "",         "url": "https://api.github.com/users/myndzi",         "html_url": "https://github.com/myndzi",         "followers_url": "https://api.github.com/users/myndzi/followers",         "following_url": "https://api.github.com/users/myndzi/following{/other_user}",         "gists_url": "https://api.github.com/users/myndzi/gists{/gist_id}",         "starred_url": "https://api.github.com/users/myndzi/starred{/owner}{/repo}",         "subscriptions_url": "https://api.github.com/users/myndzi/subscriptions",         "organizations_url": "https://api.github.com/users/myndzi/orgs",         "repos_url": "https://api.github.com/users/myndzi/repos",         "events_url": "https://api.github.com/users/myndzi/events{/privacy}",         "received_events_url": "https://api.github.com/users/myndzi/received_events",         "type": "User",         "site_admin": false       },       "html_url": "https://github.com/myndzi/wtfnode",       "description": "Utility to help find out why Node isn't exiting",       "fork": false,       "url": "https://api.github.com/repos/myndzi/wtfnode",       "forks_url": "https://api.github.com/repos/myndzi/wtfnode/forks",       "keys_url": "https://api.github.com/repos/myndzi/wtfnode/keys{/key_id}",       "collaborators_url": "https://api.github.com/repos/myndzi/wtfnode/collaborators{/collaborator}",       "teams_url": "https://api.github.com/repos/myndzi/wtfnode/teams",       "hooks_url": "https://api.github.com/repos/myndzi/wtfnode/hooks",       "issue_events_url": "https://api.github.com/repos/myndzi/wtfnode/issues/events{/number}",       "events_url": "https://api.github.com/repos/myndzi/wtfnode/events",       "assignees_url": "https://api.github.com/repos/myndzi/wtfnode/assignees{/user}",       "branches_url": "https://api.github.com/repos/myndzi/wtfnode/branches{/branch}",       "tags_url": "https://api.github.com/repos/myndzi/wtfnode/tags",       "blobs_url": "https://api.github.com/repos/myndzi/wtfnode/git/blobs{/sha}",       "git_tags_url": "https://api.github.com/repos/myndzi/wtfnode/git/tags{/sha}",       "git_refs_url": "https://api.github.com/repos/myndzi/wtfnode/git/refs{/sha}",       "trees_url": "https://api.github.com/repos/myndzi/wtfnode/git/trees{/sha}",       "statuses_url": "https://api.github.com/repos/myndzi/wtfnode/statuses/{sha}",       "languages_url": "https://api.github.com/repos/myndzi/wtfnode/languages",       "stargazers_url": "https://api.github.com/repos/myndzi/wtfnode/stargazers",       "contributors_url": "https://api.github.com/repos/myndzi/wtfnode/contributors",       "subscribers_url": "https://api.github.com/repos/myndzi/wtfnode/subscribers",       "subscription_url": "https://api.github.com/repos/myndzi/wtfnode/subscription",       "commits_url": "https://api.github.com/repos/myndzi/wtfnode/commits{/sha}",       "git_commits_url": "https://api.github.com/repos/myndzi/wtfnode/git/commits{/sha}",       "comments_url": "https://api.github.com/repos/myndzi/wtfnode/comments{/number}",       "issue_comment_url": "https://api.github.com/repos/myndzi/wtfnode/issues/comments{/number}",       "contents_url": "https://api.github.com/repos/myndzi/wtfnode/contents/{+path}",       "compare_url": "https://api.github.com/repos/myndzi/wtfnode/compare/{base}...{head}",       "merges_url": "https://api.github.com/repos/myndzi/wtfnode/merges",       "archive_url": "https://api.github.com/repos/myndzi/wtfnode/{archive_format}{/ref}",       "downloads_url": "https://api.github.com/repos/myndzi/wtfnode/downloads",       "issues_url": "https://api.github.com/repos/myndzi/wtfnode/issues{/number}",       "pulls_url": "https://api.github.com/repos/myndzi/wtfnode/pulls{/number}",       "milestones_url": "https://api.github.com/repos/myndzi/wtfnode/milestones{/number}",       "notifications_url": "https://api.github.com/repos/myndzi/wtfnode/notifications{?since,all,participating}",       "labels_url": "https://api.github.com/repos/myndzi/wtfnode/labels{/name}",       "releases_url": "https://api.github.com/repos/myndzi/wtfnode/releases{/id}",       "deployments_url": "https://api.github.com/repos/myndzi/wtfnode/deployments",       "created_at": "2015-05-05T19:42:42Z",       "updated_at": "2019-01-23T23:23:20Z",       "pushed_at": "2019-01-15T03:26:56Z",       "git_url": "git://github.com/myndzi/wtfnode.git",       "ssh_url": "git@github.com:myndzi/wtfnode.git",       "clone_url": "https://github.com/myndzi/wtfnode.git",       "svn_url": "https://github.com/myndzi/wtfnode",       "homepage": null,       "size": 59,       "stargazers_count": 237,       "watchers_count": 237,       "language": "JavaScript",       "has_issues": true,       "has_projects": true,       "has_downloads": true,       "has_wiki": true,       "has_pages": false,       "forks_count": 14,       "mirror_url": null,       "archived": false,       "open_issues_count": 0,       "license": null,       "forks": 14,       "open_issues": 0,       "watchers": 237,       "default_branch": "master",       "score": 51.34925     },     {       "id": 539003,       "node_id": "MDEwOlJlcG9zaXRvcnk1MzkwMDM=",       "name": "jquery-outside-events",       "full_name": "cowboy/jquery-outside-events",       "private": false,       "owner": {         "login": "cowboy",         "id": 54051,         "node_id": "MDQ6VXNlcjU0MDUx",         "avatar_url": "https://avatars0.githubusercontent.com/u/54051?v=4",         "gravatar_id": "",         "url": "https://api.github.com/users/cowboy",         "html_url": "https://github.com/cowboy",         "followers_url": "https://api.github.com/users/cowboy/followers",         "following_url": "https://api.github.com/users/cowboy/following{/other_user}",         "gists_url": "https://api.github.com/users/cowboy/gists{/gist_id}",         "starred_url": "https://api.github.com/users/cowboy/starred{/owner}{/repo}",         "subscriptions_url": "https://api.github.com/users/cowboy/subscriptions",         "organizations_url": "https://api.github.com/users/cowboy/orgs",         "repos_url": "https://api.github.com/users/cowboy/repos",         "events_url": "https://api.github.com/users/cowboy/events{/privacy}",         "received_events_url": "https://api.github.com/users/cowboy/received_events",         "type": "User",         "site_admin": false       },       "html_url": "https://github.com/cowboy/jquery-outside-events",       "description": "Why trigger an event on something, when you can trigger it on everything else?",       "fork": false,       "url": "https://api.github.com/repos/cowboy/jquery-outside-events",       "forks_url": "https://api.github.com/repos/cowboy/jquery-outside-events/forks",       "keys_url": "https://api.github.com/repos/cowboy/jquery-outside-events/keys{/key_id}",       "collaborators_url": "https://api.github.com/repos/cowboy/jquery-outside-events/collaborators{/collaborator}",       "teams_url": "https://api.github.com/repos/cowboy/jquery-outside-events/teams",       "hooks_url": "https://api.github.com/repos/cowboy/jquery-outside-events/hooks",       "issue_events_url": "https://api.github.com/repos/cowboy/jquery-outside-events/issues/events{/number}",       "events_url": "https://api.github.com/repos/cowboy/jquery-outside-events/events",       "assignees_url": "https://api.github.com/repos/cowboy/jquery-outside-events/assignees{/user}",       "branches_url": "https://api.github.com/repos/cowboy/jquery-outside-events/branches{/branch}",       "tags_url": "https://api.github.com/repos/cowboy/jquery-outside-events/tags",       "blobs_url": "https://api.github.com/repos/cowboy/jquery-outside-events/git/blobs{/sha}",       "git_tags_url": "https://api.github.com/repos/cowboy/jquery-outside-events/git/tags{/sha}",       "git_refs_url": "https://api.github.com/repos/cowboy/jquery-outside-events/git/refs{/sha}",       "trees_url": "https://api.github.com/repos/cowboy/jquery-outside-events/git/trees{/sha}",       "statuses_url": "https://api.github.com/repos/cowboy/jquery-outside-events/statuses/{sha}",       "languages_url": "https://api.github.com/repos/cowboy/jquery-outside-events/languages",       "stargazers_url": "https://api.github.com/repos/cowboy/jquery-outside-events/stargazers",       "contributors_url": "https://api.github.com/repos/cowboy/jquery-outside-events/contributors",       "subscribers_url": "https://api.github.com/repos/cowboy/jquery-outside-events/subscribers",       "subscription_url": "https://api.github.com/repos/cowboy/jquery-outside-events/subscription",       "commits_url": "https://api.github.com/repos/cowboy/jquery-outside-events/commits{/sha}",       "git_commits_url": "https://api.github.com/repos/cowboy/jquery-outside-events/git/commits{/sha}",       "comments_url": "https://api.github.com/repos/cowboy/jquery-outside-events/comments{/number}",       "issue_comment_url": "https://api.github.com/repos/cowboy/jquery-outside-events/issues/comments{/number}",       "contents_url": "https://api.github.com/repos/cowboy/jquery-outside-events/contents/{+path}",       "compare_url": "https://api.github.com/repos/cowboy/jquery-outside-events/compare/{base}...{head}",       "merges_url": "https://api.github.com/repos/cowboy/jquery-outside-events/merges",       "archive_url": "https://api.github.com/repos/cowboy/jquery-outside-events/{archive_format}{/ref}",       "downloads_url": "https://api.github.com/repos/cowboy/jquery-outside-events/downloads",       "issues_url": "https://api.github.com/repos/cowboy/jquery-outside-events/issues{/number}",       "pulls_url": "https://api.github.com/repos/cowboy/jquery-outside-events/pulls{/number}",       "milestones_url": "https://api.github.com/repos/cowboy/jquery-outside-events/milestones{/number}",       "notifications_url": "https://api.github.com/repos/cowboy/jquery-outside-events/notifications{?since,all,participating}",       "labels_url": "https://api.github.com/repos/cowboy/jquery-outside-events/labels{/name}",       "releases_url": "https://api.github.com/repos/cowboy/jquery-outside-events/releases{/id}",       "deployments_url": "https://api.github.com/repos/cowboy/jquery-outside-events/deployments",       "created_at": "2010-02-27T19:56:14Z",       "updated_at": "2019-01-23T22:10:28Z",       "pushed_at": "2016-04-03T09:27:45Z",       "git_url": "git://github.com/cowboy/jquery-outside-events.git",       "ssh_url": "git@github.com:cowboy/jquery-outside-events.git",       "clone_url": "https://github.com/cowboy/jquery-outside-events.git",       "svn_url": "https://github.com/cowboy/jquery-outside-events",       "homepage": "http://benalman.com/projects/jquery-clickoutside-plugin/",       "size": 320,       "stargazers_count": 236,       "watchers_count": 236,       "language": "JavaScript",       "has_issues": true,       "has_projects": true,       "has_downloads": true,       "has_wiki": true,       "has_pages": false,       "forks_count": 44,       "mirror_url": null,       "archived": false,       "open_issues_count": 10,       "license": {         "key": "other",         "name": "Other",         "spdx_id": "NOASSERTION",         "url": null,         "node_id": "MDc6TGljZW5zZTA="       },       "forks": 44,       "open_issues": 10,       "watchers": 236,       "default_branch": "master",       "score": 49.764977     },     {       "id": 124265580,       "node_id": "MDEwOlJlcG9zaXRvcnkxMjQyNjU1ODA=",       "name": "Viewpager-Transformation",       "full_name": "dipanshukr/Viewpager-Transformation",       "private": false,       "owner": {         "login": "dipanshukr",         "id": 29334373,         "node_id": "MDQ6VXNlcjI5MzM0Mzcz",         "avatar_url": "https://avatars3.githubusercontent.com/u/29334373?v=4",         "gravatar_id": "",         "url": "https://api.github.com/users/dipanshukr",         "html_url": "https://github.com/dipanshukr",         "followers_url": "https://api.github.com/users/dipanshukr/followers",         "following_url": "https://api.github.com/users/dipanshukr/following{/other_user}",         "gists_url": "https://api.github.com/users/dipanshukr/gists{/gist_id}",         "starred_url": "https://api.github.com/users/dipanshukr/starred{/owner}{/repo}",         "subscriptions_url": "https://api.github.com/users/dipanshukr/subscriptions",         "organizations_url": "https://api.github.com/users/dipanshukr/orgs",         "repos_url": "https://api.github.com/users/dipanshukr/repos",         "events_url": "https://api.github.com/users/dipanshukr/events{/privacy}",         "received_events_url": "https://api.github.com/users/dipanshukr/received_events",         "type": "User",         "site_admin": false       },       "html_url": "https://github.com/dipanshukr/Viewpager-Transformation",       "description": "Why use dependencies when you create your own transformations for Viewpager ?",       "fork": false,       "url": "https://api.github.com/repos/dipanshukr/Viewpager-Transformation",       "forks_url": "https://api.github.com/repos/dipanshukr/Viewpager-Transformation/forks",       "keys_url": "https://api.github.com/repos/dipanshukr/Viewpager-Transformation/keys{/key_id}",       "collaborators_url": "https://api.github.com/repos/dipanshukr/Viewpager-Transformation/collaborators{/collaborator}",       "teams_url": "https://api.github.com/repos/dipanshukr/Viewpager-Transformation/teams",       "hooks_url": "https://api.github.com/repos/dipanshukr/Viewpager-Transformation/hooks",       "issue_events_url": "https://api.github.com/repos/dipanshukr/Viewpager-Transformation/issues/events{/number}",       "events_url": "https://api.github.com/repos/dipanshukr/Viewpager-Transformation/events",       "assignees_url": "https://api.github.com/repos/dipanshukr/Viewpager-Transformation/assignees{/user}",       "branches_url": "https://api.github.com/repos/dipanshukr/Viewpager-Transformation/branches{/branch}",       "tags_url": "https://api.github.com/repos/dipanshukr/Viewpager-Transformation/tags",       "blobs_url": "https://api.github.com/repos/dipanshukr/Viewpager-Transformation/git/blobs{/sha}",       "git_tags_url": "https://api.github.com/repos/dipanshukr/Viewpager-Transformation/git/tags{/sha}",       "git_refs_url": "https://api.github.com/repos/dipanshukr/Viewpager-Transformation/git/refs{/sha}",       "trees_url": "https://api.github.com/repos/dipanshukr/Viewpager-Transformation/git/trees{/sha}",       "statuses_url": "https://api.github.com/repos/dipanshukr/Viewpager-Transformation/statuses/{sha}",       "languages_url": "https://api.github.com/repos/dipanshukr/Viewpager-Transformation/languages",       "stargazers_url": "https://api.github.com/repos/dipanshukr/Viewpager-Transformation/stargazers",       "contributors_url": "https://api.github.com/repos/dipanshukr/Viewpager-Transformation/contributors",       "subscribers_url": "https://api.github.com/repos/dipanshukr/Viewpager-Transformation/subscribers",       "subscription_url": "https://api.github.com/repos/dipanshukr/Viewpager-Transformation/subscription",       "commits_url": "https://api.github.com/repos/dipanshukr/Viewpager-Transformation/commits{/sha}",       "git_commits_url": "https://api.github.com/repos/dipanshukr/Viewpager-Transformation/git/commits{/sha}",       "comments_url": "https://api.github.com/repos/dipanshukr/Viewpager-Transformation/comments{/number}",       "issue_comment_url": "https://api.github.com/repos/dipanshukr/Viewpager-Transformation/issues/comments{/number}",       "contents_url": "https://api.github.com/repos/dipanshukr/Viewpager-Transformation/contents/{+path}",       "compare_url": "https://api.github.com/repos/dipanshukr/Viewpager-Transformation/compare/{base}...{head}",       "merges_url": "https://api.github.com/repos/dipanshukr/Viewpager-Transformation/merges",       "archive_url": "https://api.github.com/repos/dipanshukr/Viewpager-Transformation/{archive_format}{/ref}",       "downloads_url": "https://api.github.com/repos/dipanshukr/Viewpager-Transformation/downloads",       "issues_url": "https://api.github.com/repos/dipanshukr/Viewpager-Transformation/issues{/number}",       "pulls_url": "https://api.github.com/repos/dipanshukr/Viewpager-Transformation/pulls{/number}",       "milestones_url": "https://api.github.com/repos/dipanshukr/Viewpager-Transformation/milestones{/number}",       "notifications_url": "https://api.github.com/repos/dipanshukr/Viewpager-Transformation/notifications{?since,all,participating}",       "labels_url": "https://api.github.com/repos/dipanshukr/Viewpager-Transformation/labels{/name}",       "releases_url": "https://api.github.com/repos/dipanshukr/Viewpager-Transformation/releases{/id}",       "deployments_url": "https://api.github.com/repos/dipanshukr/Viewpager-Transformation/deployments",       "created_at": "2018-03-07T16:45:42Z",       "updated_at": "2019-01-27T11:19:10Z",       "pushed_at": "2018-06-21T07:17:59Z",       "git_url": "git://github.com/dipanshukr/Viewpager-Transformation.git",       "ssh_url": "git@github.com:dipanshukr/Viewpager-Transformation.git",       "clone_url": "https://github.com/dipanshukr/Viewpager-Transformation.git",       "svn_url": "https://github.com/dipanshukr/Viewpager-Transformation",       "homepage": "",       "size": 181654,       "stargazers_count": 230,       "watchers_count": 230,       "language": "Java",       "has_issues": true,       "has_projects": true,       "has_downloads": true,       "has_wiki": true,       "has_pages": true,       "forks_count": 44,       "mirror_url": null,       "archived": false,       "open_issues_count": 1,       "license": null,       "forks": 44,       "open_issues": 1,       "watchers": 230,       "default_branch": "master",       "score": 49.989273     },     {       "id": 17420185,       "node_id": "MDEwOlJlcG9zaXRvcnkxNzQyMDE4NQ==",       "name": "enemy-of-the-state",       "full_name": "jspahrsummers/enemy-of-the-state",       "private": false,       "owner": {         "login": "jspahrsummers",         "id": 432536,         "node_id": "MDQ6VXNlcjQzMjUzNg==",         "avatar_url": "https://avatars0.githubusercontent.com/u/432536?v=4",         "gravatar_id": "",         "url": "https://api.github.com/users/jspahrsummers",         "html_url": "https://github.com/jspahrsummers",         "followers_url": "https://api.github.com/users/jspahrsummers/followers",         "following_url": "https://api.github.com/users/jspahrsummers/following{/other_user}",         "gists_url": "https://api.github.com/users/jspahrsummers/gists{/gist_id}",         "starred_url": "https://api.github.com/users/jspahrsummers/starred{/owner}{/repo}",         "subscriptions_url": "https://api.github.com/users/jspahrsummers/subscriptions",         "organizations_url": "https://api.github.com/users/jspahrsummers/orgs",         "repos_url": "https://api.github.com/users/jspahrsummers/repos",         "events_url": "https://api.github.com/users/jspahrsummers/events{/privacy}",         "received_events_url": "https://api.github.com/users/jspahrsummers/received_events",         "type": "User",         "site_admin": false       },       "html_url": "https://github.com/jspahrsummers/enemy-of-the-state",       "description": "My talk explaining what state is and why it's so harmful",       "fork": false,       "url": "https://api.github.com/repos/jspahrsummers/enemy-of-the-state",       "forks_url": "https://api.github.com/repos/jspahrsummers/enemy-of-the-state/forks",       "keys_url": "https://api.github.com/repos/jspahrsummers/enemy-of-the-state/keys{/key_id}",       "collaborators_url": "https://api.github.com/repos/jspahrsummers/enemy-of-the-state/collaborators{/collaborator}",       "teams_url": "https://api.github.com/repos/jspahrsummers/enemy-of-the-state/teams",       "hooks_url": "https://api.github.com/repos/jspahrsummers/enemy-of-the-state/hooks",       "issue_events_url": "https://api.github.com/repos/jspahrsummers/enemy-of-the-state/issues/events{/number}",       "events_url": "https://api.github.com/repos/jspahrsummers/enemy-of-the-state/events",       "assignees_url": "https://api.github.com/repos/jspahrsummers/enemy-of-the-state/assignees{/user}",       "branches_url": "https://api.github.com/repos/jspahrsummers/enemy-of-the-state/branches{/branch}",       "tags_url": "https://api.github.com/repos/jspahrsummers/enemy-of-the-state/tags",       "blobs_url": "https://api.github.com/repos/jspahrsummers/enemy-of-the-state/git/blobs{/sha}",       "git_tags_url": "https://api.github.com/repos/jspahrsummers/enemy-of-the-state/git/tags{/sha}",       "git_refs_url": "https://api.github.com/repos/jspahrsummers/enemy-of-the-state/git/refs{/sha}",       "trees_url": "https://api.github.com/repos/jspahrsummers/enemy-of-the-state/git/trees{/sha}",       "statuses_url": "https://api.github.com/repos/jspahrsummers/enemy-of-the-state/statuses/{sha}",       "languages_url": "https://api.github.com/repos/jspahrsummers/enemy-of-the-state/languages",       "stargazers_url": "https://api.github.com/repos/jspahrsummers/enemy-of-the-state/stargazers",       "contributors_url": "https://api.github.com/repos/jspahrsummers/enemy-of-the-state/contributors",       "subscribers_url": "https://api.github.com/repos/jspahrsummers/enemy-of-the-state/subscribers",       "subscription_url": "https://api.github.com/repos/jspahrsummers/enemy-of-the-state/subscription",       "commits_url": "https://api.github.com/repos/jspahrsummers/enemy-of-the-state/commits{/sha}",       "git_commits_url": "https://api.github.com/repos/jspahrsummers/enemy-of-the-state/git/commits{/sha}",       "comments_url": "https://api.github.com/repos/jspahrsummers/enemy-of-the-state/comments{/number}",       "issue_comment_url": "https://api.github.com/repos/jspahrsummers/enemy-of-the-state/issues/comments{/number}",       "contents_url": "https://api.github.com/repos/jspahrsummers/enemy-of-the-state/contents/{+path}",       "compare_url": "https://api.github.com/repos/jspahrsummers/enemy-of-the-state/compare/{base}...{head}",       "merges_url": "https://api.github.com/repos/jspahrsummers/enemy-of-the-state/merges",       "archive_url": "https://api.github.com/repos/jspahrsummers/enemy-of-the-state/{archive_format}{/ref}",       "downloads_url": "https://api.github.com/repos/jspahrsummers/enemy-of-the-state/downloads",       "issues_url": "https://api.github.com/repos/jspahrsummers/enemy-of-the-state/issues{/number}",       "pulls_url": "https://api.github.com/repos/jspahrsummers/enemy-of-the-state/pulls{/number}",       "milestones_url": "https://api.github.com/repos/jspahrsummers/enemy-of-the-state/milestones{/number}",       "notifications_url": "https://api.github.com/repos/jspahrsummers/enemy-of-the-state/notifications{?since,all,participating}",       "labels_url": "https://api.github.com/repos/jspahrsummers/enemy-of-the-state/labels{/name}",       "releases_url": "https://api.github.com/repos/jspahrsummers/enemy-of-the-state/releases{/id}",       "deployments_url": "https://api.github.com/repos/jspahrsummers/enemy-of-the-state/deployments",       "created_at": "2014-03-04T22:49:56Z",       "updated_at": "2018-12-26T21:07:06Z",       "pushed_at": "2017-07-26T14:26:39Z",       "git_url": "git://github.com/jspahrsummers/enemy-of-the-state.git",       "ssh_url": "git@github.com:jspahrsummers/enemy-of-the-state.git",       "clone_url": "https://github.com/jspahrsummers/enemy-of-the-state.git",       "svn_url": "https://github.com/jspahrsummers/enemy-of-the-state",       "homepage": "",       "size": 46901,       "stargazers_count": 208,       "watchers_count": 208,       "language": "Swift",       "has_issues": true,       "has_projects": true,       "has_downloads": true,       "has_wiki": false,       "has_pages": false,       "forks_count": 16,       "mirror_url": null,       "archived": false,       "open_issues_count": 1,       "license": {         "key": "other",         "name": "Other",         "spdx_id": "NOASSERTION",         "url": null,         "node_id": "MDc6TGljZW5zZTA="       },       "forks": 16,       "open_issues": 1,       "watchers": 208,       "default_branch": "master",       "score": 42.18839     },     {       "id": 93794235,       "node_id": "MDEwOlJlcG9zaXRvcnk5Mzc5NDIzNQ==",       "name": "drop_watch",       "full_name": "pavel-odintsov/drop_watch",       "private": false,       "owner": {         "login": "pavel-odintsov",         "id": 2744166,         "node_id": "MDQ6VXNlcjI3NDQxNjY=",         "avatar_url": "https://avatars0.githubusercontent.com/u/2744166?v=4",         "gravatar_id": "",         "url": "https://api.github.com/users/pavel-odintsov",         "html_url": "https://github.com/pavel-odintsov",         "followers_url": "https://api.github.com/users/pavel-odintsov/followers",         "following_url": "https://api.github.com/users/pavel-odintsov/following{/other_user}",         "gists_url": "https://api.github.com/users/pavel-odintsov/gists{/gist_id}",         "starred_url": "https://api.github.com/users/pavel-odintsov/starred{/owner}{/repo}",         "subscriptions_url": "https://api.github.com/users/pavel-odintsov/subscriptions",         "organizations_url": "https://api.github.com/users/pavel-odintsov/orgs",         "repos_url": "https://api.github.com/users/pavel-odintsov/repos",         "events_url": "https://api.github.com/users/pavel-odintsov/events{/privacy}",         "received_events_url": "https://api.github.com/users/pavel-odintsov/received_events",         "type": "User",         "site_admin": false       },       "html_url": "https://github.com/pavel-odintsov/drop_watch",       "description": "Monitor reasons why and where linux drops UDP packets",       "fork": false,       "url": "https://api.github.com/repos/pavel-odintsov/drop_watch",       "forks_url": "https://api.github.com/repos/pavel-odintsov/drop_watch/forks",       "keys_url": "https://api.github.com/repos/pavel-odintsov/drop_watch/keys{/key_id}",       "collaborators_url": "https://api.github.com/repos/pavel-odintsov/drop_watch/collaborators{/collaborator}",       "teams_url": "https://api.github.com/repos/pavel-odintsov/drop_watch/teams",       "hooks_url": "https://api.github.com/repos/pavel-odintsov/drop_watch/hooks",       "issue_events_url": "https://api.github.com/repos/pavel-odintsov/drop_watch/issues/events{/number}",       "events_url": "https://api.github.com/repos/pavel-odintsov/drop_watch/events",       "assignees_url": "https://api.github.com/repos/pavel-odintsov/drop_watch/assignees{/user}",       "branches_url": "https://api.github.com/repos/pavel-odintsov/drop_watch/branches{/branch}",       "tags_url": "https://api.github.com/repos/pavel-odintsov/drop_watch/tags",       "blobs_url": "https://api.github.com/repos/pavel-odintsov/drop_watch/git/blobs{/sha}",       "git_tags_url": "https://api.github.com/repos/pavel-odintsov/drop_watch/git/tags{/sha}",       "git_refs_url": "https://api.github.com/repos/pavel-odintsov/drop_watch/git/refs{/sha}",       "trees_url": "https://api.github.com/repos/pavel-odintsov/drop_watch/git/trees{/sha}",       "statuses_url": "https://api.github.com/repos/pavel-odintsov/drop_watch/statuses/{sha}",       "languages_url": "https://api.github.com/repos/pavel-odintsov/drop_watch/languages",       "stargazers_url": "https://api.github.com/repos/pavel-odintsov/drop_watch/stargazers",       "contributors_url": "https://api.github.com/repos/pavel-odintsov/drop_watch/contributors",       "subscribers_url": "https://api.github.com/repos/pavel-odintsov/drop_watch/subscribers",       "subscription_url": "https://api.github.com/repos/pavel-odintsov/drop_watch/subscription",       "commits_url": "https://api.github.com/repos/pavel-odintsov/drop_watch/commits{/sha}",       "git_commits_url": "https://api.github.com/repos/pavel-odintsov/drop_watch/git/commits{/sha}",       "comments_url": "https://api.github.com/repos/pavel-odintsov/drop_watch/comments{/number}",       "issue_comment_url": "https://api.github.com/repos/pavel-odintsov/drop_watch/issues/comments{/number}",       "contents_url": "https://api.github.com/repos/pavel-odintsov/drop_watch/contents/{+path}",       "compare_url": "https://api.github.com/repos/pavel-odintsov/drop_watch/compare/{base}...{head}",       "merges_url": "https://api.github.com/repos/pavel-odintsov/drop_watch/merges",       "archive_url": "https://api.github.com/repos/pavel-odintsov/drop_watch/{archive_format}{/ref}",       "downloads_url": "https://api.github.com/repos/pavel-odintsov/drop_watch/downloads",       "issues_url": "https://api.github.com/repos/pavel-odintsov/drop_watch/issues{/number}",       "pulls_url": "https://api.github.com/repos/pavel-odintsov/drop_watch/pulls{/number}",       "milestones_url": "https://api.github.com/repos/pavel-odintsov/drop_watch/milestones{/number}",       "notifications_url": "https://api.github.com/repos/pavel-odintsov/drop_watch/notifications{?since,all,participating}",       "labels_url": "https://api.github.com/repos/pavel-odintsov/drop_watch/labels{/name}",       "releases_url": "https://api.github.com/repos/pavel-odintsov/drop_watch/releases{/id}",       "deployments_url": "https://api.github.com/repos/pavel-odintsov/drop_watch/deployments",       "created_at": "2017-06-08T21:43:00Z",       "updated_at": "2019-01-28T14:39:16Z",       "pushed_at": "2017-10-12T20:13:24Z",       "git_url": "git://github.com/pavel-odintsov/drop_watch.git",       "ssh_url": "git@github.com:pavel-odintsov/drop_watch.git",       "clone_url": "https://github.com/pavel-odintsov/drop_watch.git",       "svn_url": "https://github.com/pavel-odintsov/drop_watch",       "homepage": "",       "size": 153,       "stargazers_count": 183,       "watchers_count": 183,       "language": "C",       "has_issues": true,       "has_projects": true,       "has_downloads": true,       "has_wiki": true,       "has_pages": false,       "forks_count": 20,       "mirror_url": null,       "archived": false,       "open_issues_count": 0,       "license": {         "key": "gpl-2.0",         "name": "GNU General Public License v2.0",         "spdx_id": "GPL-2.0",         "url": "https://api.github.com/licenses/gpl-2.0",         "node_id": "MDc6TGljZW5zZTg="       },       "forks": 20,       "open_issues": 0,       "watchers": 183,       "default_branch": "master",       "score": 53.154823     }   ] }  [] []
[2019-01-29 14:39:08] name.WARNING: Array [] []
[2019-01-29 14:44:34] name.WARNING: Something is [] []
[2019-01-29 14:44:34] name.WARNING: {   "total_count": 12470,   "incomplete_results": false,   "items": [     {       "id": 58605580,       "node_id": "MDEwOlJlcG9zaXRvcnk1ODYwNTU4MA==",       "name": "why-did-you-update",       "full_name": "garbles/why-did-you-update",       "private": false,       "owner": {         "login": "garbles",         "id": 1139884,         "node_id": "MDQ6VXNlcjExMzk4ODQ=",         "avatar_url": "https://avatars1.githubusercontent.com/u/1139884?v=4",         "gravatar_id": "",         "url": "https://api.github.com/users/garbles",         "html_url": "https://github.com/garbles",         "followers_url": "https://api.github.com/users/garbles/followers",         "following_url": "https://api.github.com/users/garbles/following{/other_user}",         "gists_url": "https://api.github.com/users/garbles/gists{/gist_id}",         "starred_url": "https://api.github.com/users/garbles/starred{/owner}{/repo}",         "subscriptions_url": "https://api.github.com/users/garbles/subscriptions",         "organizations_url": "https://api.github.com/users/garbles/orgs",         "repos_url": "https://api.github.com/users/garbles/repos",         "events_url": "https://api.github.com/users/garbles/events{/privacy}",         "received_events_url": "https://api.github.com/users/garbles/received_events",         "type": "User",         "site_admin": false       },       "html_url": "https://github.com/garbles/why-did-you-update",       "description": ":boom: Puts your console on blast when React is making unnecessary updates.",       "fork": false,       "url": "https://api.github.com/repos/garbles/why-did-you-update",       "forks_url": "https://api.github.com/repos/garbles/why-did-you-update/forks",       "keys_url": "https://api.github.com/repos/garbles/why-did-you-update/keys{/key_id}",       "collaborators_url": "https://api.github.com/repos/garbles/why-did-you-update/collaborators{/collaborator}",       "teams_url": "https://api.github.com/repos/garbles/why-did-you-update/teams",       "hooks_url": "https://api.github.com/repos/garbles/why-did-you-update/hooks",       "issue_events_url": "https://api.github.com/repos/garbles/why-did-you-update/issues/events{/number}",       "events_url": "https://api.github.com/repos/garbles/why-did-you-update/events",       "assignees_url": "https://api.github.com/repos/garbles/why-did-you-update/assignees{/user}",       "branches_url": "https://api.github.com/repos/garbles/why-did-you-update/branches{/branch}",       "tags_url": "https://api.github.com/repos/garbles/why-did-you-update/tags",       "blobs_url": "https://api.github.com/repos/garbles/why-did-you-update/git/blobs{/sha}",       "git_tags_url": "https://api.github.com/repos/garbles/why-did-you-update/git/tags{/sha}",       "git_refs_url": "https://api.github.com/repos/garbles/why-did-you-update/git/refs{/sha}",       "trees_url": "https://api.github.com/repos/garbles/why-did-you-update/git/trees{/sha}",       "statuses_url": "https://api.github.com/repos/garbles/why-did-you-update/statuses/{sha}",       "languages_url": "https://api.github.com/repos/garbles/why-did-you-update/languages",       "stargazers_url": "https://api.github.com/repos/garbles/why-did-you-update/stargazers",       "contributors_url": "https://api.github.com/repos/garbles/why-did-you-update/contributors",       "subscribers_url": "https://api.github.com/repos/garbles/why-did-you-update/subscribers",       "subscription_url": "https://api.github.com/repos/garbles/why-did-you-update/subscription",       "commits_url": "https://api.github.com/repos/garbles/why-did-you-update/commits{/sha}",       "git_commits_url": "https://api.github.com/repos/garbles/why-did-you-update/git/commits{/sha}",       "comments_url": "https://api.github.com/repos/garbles/why-did-you-update/comments{/number}",       "issue_comment_url": "https://api.github.com/repos/garbles/why-did-you-update/issues/comments{/number}",       "contents_url": "https://api.github.com/repos/garbles/why-did-you-update/contents/{+path}",       "compare_url": "https://api.github.com/repos/garbles/why-did-you-update/compare/{base}...{head}",       "merges_url": "https://api.github.com/repos/garbles/why-did-you-update/merges",       "archive_url": "https://api.github.com/repos/garbles/why-did-you-update/{archive_format}{/ref}",       "downloads_url": "https://api.github.com/repos/garbles/why-did-you-update/downloads",       "issues_url": "https://api.github.com/repos/garbles/why-did-you-update/issues{/number}",       "pulls_url": "https://api.github.com/repos/garbles/why-did-you-update/pulls{/number}",       "milestones_url": "https://api.github.com/repos/garbles/why-did-you-update/milestones{/number}",       "notifications_url": "https://api.github.com/repos/garbles/why-did-you-update/notifications{?since,all,participating}",       "labels_url": "https://api.github.com/repos/garbles/why-did-you-update/labels{/name}",       "releases_url": "https://api.github.com/repos/garbles/why-did-you-update/releases{/id}",       "deployments_url": "https://api.github.com/repos/garbles/why-did-you-update/deployments",       "created_at": "2016-05-12T03:49:06Z",       "updated_at": "2019-01-28T21:53:29Z",       "pushed_at": "2017-09-23T05:54:19Z",       "git_url": "git://github.com/garbles/why-did-you-update.git",       "ssh_url": "git@github.com:garbles/why-did-you-update.git",       "clone_url": "https://github.com/garbles/why-did-you-update.git",       "svn_url": "https://github.com/garbles/why-did-you-update",       "homepage": null,       "size": 29,       "stargazers_count": 5177,       "watchers_count": 5177,       "language": "JavaScript",       "has_issues": true,       "has_projects": true,       "has_downloads": true,       "has_wiki": true,       "has_pages": false,       "forks_count": 112,       "mirror_url": null,       "archived": true,       "open_issues_count": 28,       "license": null,       "forks": 112,       "open_issues": 28,       "watchers": 5177,       "default_branch": "master",       "score": 102.1686     },     {       "id": 97779740,       "node_id": "MDEwOlJlcG9zaXRvcnk5Nzc3OTc0MA==",       "name": "why-did-you-update",       "full_name": "maicki/why-did-you-update",       "private": false,       "owner": {         "login": "maicki",         "id": 25288,         "node_id": "MDQ6VXNlcjI1Mjg4",         "avatar_url": "https://avatars1.githubusercontent.com/u/25288?v=4",         "gravatar_id": "",         "url": "https://api.github.com/users/maicki",         "html_url": "https://github.com/maicki",         "followers_url": "https://api.github.com/users/maicki/followers",         "following_url": "https://api.github.com/users/maicki/following{/other_user}",         "gists_url": "https://api.github.com/users/maicki/gists{/gist_id}",         "starred_url": "https://api.github.com/users/maicki/starred{/owner}{/repo}",         "subscriptions_url": "https://api.github.com/users/maicki/subscriptions",         "organizations_url": "https://api.github.com/users/maicki/orgs",         "repos_url": "https://api.github.com/users/maicki/repos",         "events_url": "https://api.github.com/users/maicki/events{/privacy}",         "received_events_url": "https://api.github.com/users/maicki/received_events",         "type": "User",         "site_admin": false       },       "html_url": "https://github.com/maicki/why-did-you-update",       "description": ":boom: Puts your console on blast when React is making unnecessary updates.",       "fork": false,       "url": "https://api.github.com/repos/maicki/why-did-you-update",       "forks_url": "https://api.github.com/repos/maicki/why-did-you-update/forks",       "keys_url": "https://api.github.com/repos/maicki/why-did-you-update/keys{/key_id}",       "collaborators_url": "https://api.github.com/repos/maicki/why-did-you-update/collaborators{/collaborator}",       "teams_url": "https://api.github.com/repos/maicki/why-did-you-update/teams",       "hooks_url": "https://api.github.com/repos/maicki/why-did-you-update/hooks",       "issue_events_url": "https://api.github.com/repos/maicki/why-did-you-update/issues/events{/number}",       "events_url": "https://api.github.com/repos/maicki/why-did-you-update/events",       "assignees_url": "https://api.github.com/repos/maicki/why-did-you-update/assignees{/user}",       "branches_url": "https://api.github.com/repos/maicki/why-did-you-update/branches{/branch}",       "tags_url": "https://api.github.com/repos/maicki/why-did-you-update/tags",       "blobs_url": "https://api.github.com/repos/maicki/why-did-you-update/git/blobs{/sha}",       "git_tags_url": "https://api.github.com/repos/maicki/why-did-you-update/git/tags{/sha}",       "git_refs_url": "https://api.github.com/repos/maicki/why-did-you-update/git/refs{/sha}",       "trees_url": "https://api.github.com/repos/maicki/why-did-you-update/git/trees{/sha}",       "statuses_url": "https://api.github.com/repos/maicki/why-did-you-update/statuses/{sha}",       "languages_url": "https://api.github.com/repos/maicki/why-did-you-update/languages",       "stargazers_url": "https://api.github.com/repos/maicki/why-did-you-update/stargazers",       "contributors_url": "https://api.github.com/repos/maicki/why-did-you-update/contributors",       "subscribers_url": "https://api.github.com/repos/maicki/why-did-you-update/subscribers",       "subscription_url": "https://api.github.com/repos/maicki/why-did-you-update/subscription",       "commits_url": "https://api.github.com/repos/maicki/why-did-you-update/commits{/sha}",       "git_commits_url": "https://api.github.com/repos/maicki/why-did-you-update/git/commits{/sha}",       "comments_url": "https://api.github.com/repos/maicki/why-did-you-update/comments{/number}",       "issue_comment_url": "https://api.github.com/repos/maicki/why-did-you-update/issues/comments{/number}",       "contents_url": "https://api.github.com/repos/maicki/why-did-you-update/contents/{+path}",       "compare_url": "https://api.github.com/repos/maicki/why-did-you-update/compare/{base}...{head}",       "merges_url": "https://api.github.com/repos/maicki/why-did-you-update/merges",       "archive_url": "https://api.github.com/repos/maicki/why-did-you-update/{archive_format}{/ref}",       "downloads_url": "https://api.github.com/repos/maicki/why-did-you-update/downloads",       "issues_url": "https://api.github.com/repos/maicki/why-did-you-update/issues{/number}",       "pulls_url": "https://api.github.com/repos/maicki/why-did-you-update/pulls{/number}",       "milestones_url": "https://api.github.com/repos/maicki/why-did-you-update/milestones{/number}",       "notifications_url": "https://api.github.com/repos/maicki/why-did-you-update/notifications{?since,all,participating}",       "labels_url": "https://api.github.com/repos/maicki/why-did-you-update/labels{/name}",       "releases_url": "https://api.github.com/repos/maicki/why-did-you-update/releases{/id}",       "deployments_url": "https://api.github.com/repos/maicki/why-did-you-update/deployments",       "created_at": "2017-07-20T02:06:12Z",       "updated_at": "2019-01-29T05:37:27Z",       "pushed_at": "2018-12-13T16:41:38Z",       "git_url": "git://github.com/maicki/why-did-you-update.git",       "ssh_url": "git@github.com:maicki/why-did-you-update.git",       "clone_url": "https://github.com/maicki/why-did-you-update.git",       "svn_url": "https://github.com/maicki/why-did-you-update",       "homepage": null,       "size": 1349,       "stargazers_count": 3040,       "watchers_count": 3040,       "language": "JavaScript",       "has_issues": true,       "has_projects": true,       "has_downloads": true,       "has_wiki": true,       "has_pages": false,       "forks_count": 89,       "mirror_url": null,       "archived": false,       "open_issues_count": 4,       "license": {         "key": "mit",         "name": "MIT License",         "spdx_id": "MIT",         "url": "https://api.github.com/licenses/mit",         "node_id": "MDc6TGljZW5zZTEz"       },       "forks": 89,       "open_issues": 4,       "watchers": 3040,       "default_branch": "master",       "score": 97.46397     },     {       "id": 47007090,       "node_id": "MDEwOlJlcG9zaXRvcnk0NzAwNzA5MA==",       "name": "react-native-nba-app",       "full_name": "wwayne/react-native-nba-app",       "private": false,       "owner": {         "login": "wwayne",         "id": 5305874,         "node_id": "MDQ6VXNlcjUzMDU4NzQ=",         "avatar_url": "https://avatars1.githubusercontent.com/u/5305874?v=4",         "gravatar_id": "",         "url": "https://api.github.com/users/wwayne",         "html_url": "https://github.com/wwayne",         "followers_url": "https://api.github.com/users/wwayne/followers",         "following_url": "https://api.github.com/users/wwayne/following{/other_user}",         "gists_url": "https://api.github.com/users/wwayne/gists{/gist_id}",         "starred_url": "https://api.github.com/users/wwayne/starred{/owner}{/repo}",         "subscriptions_url": "https://api.github.com/users/wwayne/subscriptions",         "organizations_url": "https://api.github.com/users/wwayne/orgs",         "repos_url": "https://api.github.com/users/wwayne/repos",         "events_url": "https://api.github.com/users/wwayne/events{/privacy}",         "received_events_url": "https://api.github.com/users/wwayne/received_events",         "type": "User",         "site_admin": false       },       "html_url": "https://github.com/wwayne/react-native-nba-app",       "description": "This is why we play",       "fork": false,       "url": "https://api.github.com/repos/wwayne/react-native-nba-app",       "forks_url": "https://api.github.com/repos/wwayne/react-native-nba-app/forks",       "keys_url": "https://api.github.com/repos/wwayne/react-native-nba-app/keys{/key_id}",       "collaborators_url": "https://api.github.com/repos/wwayne/react-native-nba-app/collaborators{/collaborator}",       "teams_url": "https://api.github.com/repos/wwayne/react-native-nba-app/teams",       "hooks_url": "https://api.github.com/repos/wwayne/react-native-nba-app/hooks",       "issue_events_url": "https://api.github.com/repos/wwayne/react-native-nba-app/issues/events{/number}",       "events_url": "https://api.github.com/repos/wwayne/react-native-nba-app/events",       "assignees_url": "https://api.github.com/repos/wwayne/react-native-nba-app/assignees{/user}",       "branches_url": "https://api.github.com/repos/wwayne/react-native-nba-app/branches{/branch}",       "tags_url": "https://api.github.com/repos/wwayne/react-native-nba-app/tags",       "blobs_url": "https://api.github.com/repos/wwayne/react-native-nba-app/git/blobs{/sha}",       "git_tags_url": "https://api.github.com/repos/wwayne/react-native-nba-app/git/tags{/sha}",       "git_refs_url": "https://api.github.com/repos/wwayne/react-native-nba-app/git/refs{/sha}",       "trees_url": "https://api.github.com/repos/wwayne/react-native-nba-app/git/trees{/sha}",       "statuses_url": "https://api.github.com/repos/wwayne/react-native-nba-app/statuses/{sha}",       "languages_url": "https://api.github.com/repos/wwayne/react-native-nba-app/languages",       "stargazers_url": "https://api.github.com/repos/wwayne/react-native-nba-app/stargazers",       "contributors_url": "https://api.github.com/repos/wwayne/react-native-nba-app/contributors",       "subscribers_url": "https://api.github.com/repos/wwayne/react-native-nba-app/subscribers",       "subscription_url": "https://api.github.com/repos/wwayne/react-native-nba-app/subscription",       "commits_url": "https://api.github.com/repos/wwayne/react-native-nba-app/commits{/sha}",       "git_commits_url": "https://api.github.com/repos/wwayne/react-native-nba-app/git/commits{/sha}",       "comments_url": "https://api.github.com/repos/wwayne/react-native-nba-app/comments{/number}",       "issue_comment_url": "https://api.github.com/repos/wwayne/react-native-nba-app/issues/comments{/number}",       "contents_url": "https://api.github.com/repos/wwayne/react-native-nba-app/contents/{+path}",       "compare_url": "https://api.github.com/repos/wwayne/react-native-nba-app/compare/{base}...{head}",       "merges_url": "https://api.github.com/repos/wwayne/react-native-nba-app/merges",       "archive_url": "https://api.github.com/repos/wwayne/react-native-nba-app/{archive_format}{/ref}",       "downloads_url": "https://api.github.com/repos/wwayne/react-native-nba-app/downloads",       "issues_url": "https://api.github.com/repos/wwayne/react-native-nba-app/issues{/number}",       "pulls_url": "https://api.github.com/repos/wwayne/react-native-nba-app/pulls{/number}",       "milestones_url": "https://api.github.com/repos/wwayne/react-native-nba-app/milestones{/number}",       "notifications_url": "https://api.github.com/repos/wwayne/react-native-nba-app/notifications{?since,all,participating}",       "labels_url": "https://api.github.com/repos/wwayne/react-native-nba-app/labels{/name}",       "releases_url": "https://api.github.com/repos/wwayne/react-native-nba-app/releases{/id}",       "deployments_url": "https://api.github.com/repos/wwayne/react-native-nba-app/deployments",       "created_at": "2015-11-28T02:30:45Z",       "updated_at": "2019-01-29T06:24:22Z",       "pushed_at": "2017-02-07T17:42:38Z",       "git_url": "git://github.com/wwayne/react-native-nba-app.git",       "ssh_url": "git@github.com:wwayne/react-native-nba-app.git",       "clone_url": "https://github.com/wwayne/react-native-nba-app.git",       "svn_url": "https://github.com/wwayne/react-native-nba-app",       "homepage": "",       "size": 2796,       "stargazers_count": 2073,       "watchers_count": 2073,       "language": "Objective-C",       "has_issues": true,       "has_projects": true,       "has_downloads": true,       "has_wiki": true,       "has_pages": false,       "forks_count": 480,       "mirror_url": null,       "archived": false,       "open_issues_count": 8,       "license": {         "key": "mit",         "name": "MIT License",         "spdx_id": "MIT",         "url": "https://api.github.com/licenses/mit",         "node_id": "MDc6TGljZW5zZTEz"       },       "forks": 480,       "open_issues": 8,       "watchers": 2073,       "default_branch": "master",       "score": 110.83425     },     {       "id": 17720394,       "node_id": "MDEwOlJlcG9zaXRvcnkxNzcyMDM5NA==",       "name": "pyinstrument",       "full_name": "joerick/pyinstrument",       "private": false,       "owner": {         "login": "joerick",         "id": 1244307,         "node_id": "MDQ6VXNlcjEyNDQzMDc=",         "avatar_url": "https://avatars1.githubusercontent.com/u/1244307?v=4",         "gravatar_id": "",         "url": "https://api.github.com/users/joerick",         "html_url": "https://github.com/joerick",         "followers_url": "https://api.github.com/users/joerick/followers",         "following_url": "https://api.github.com/users/joerick/following{/other_user}",         "gists_url": "https://api.github.com/users/joerick/gists{/gist_id}",         "starred_url": "https://api.github.com/users/joerick/starred{/owner}{/repo}",         "subscriptions_url": "https://api.github.com/users/joerick/subscriptions",         "organizations_url": "https://api.github.com/users/joerick/orgs",         "repos_url": "https://api.github.com/users/joerick/repos",         "events_url": "https://api.github.com/users/joerick/events{/privacy}",         "received_events_url": "https://api.github.com/users/joerick/received_events",         "type": "User",         "site_admin": false       },       "html_url": "https://github.com/joerick/pyinstrument",       "description": "🚴 Call stack profiler for Python. Shows you why your code is slow!",       "fork": false,       "url": "https://api.github.com/repos/joerick/pyinstrument",       "forks_url": "https://api.github.com/repos/joerick/pyinstrument/forks",       "keys_url": "https://api.github.com/repos/joerick/pyinstrument/keys{/key_id}",       "collaborators_url": "https://api.github.com/repos/joerick/pyinstrument/collaborators{/collaborator}",       "teams_url": "https://api.github.com/repos/joerick/pyinstrument/teams",       "hooks_url": "https://api.github.com/repos/joerick/pyinstrument/hooks",       "issue_events_url": "https://api.github.com/repos/joerick/pyinstrument/issues/events{/number}",       "events_url": "https://api.github.com/repos/joerick/pyinstrument/events",       "assignees_url": "https://api.github.com/repos/joerick/pyinstrument/assignees{/user}",       "branches_url": "https://api.github.com/repos/joerick/pyinstrument/branches{/branch}",       "tags_url": "https://api.github.com/repos/joerick/pyinstrument/tags",       "blobs_url": "https://api.github.com/repos/joerick/pyinstrument/git/blobs{/sha}",       "git_tags_url": "https://api.github.com/repos/joerick/pyinstrument/git/tags{/sha}",       "git_refs_url": "https://api.github.com/repos/joerick/pyinstrument/git/refs{/sha}",       "trees_url": "https://api.github.com/repos/joerick/pyinstrument/git/trees{/sha}",       "statuses_url": "https://api.github.com/repos/joerick/pyinstrument/statuses/{sha}",       "languages_url": "https://api.github.com/repos/joerick/pyinstrument/languages",       "stargazers_url": "https://api.github.com/repos/joerick/pyinstrument/stargazers",       "contributors_url": "https://api.github.com/repos/joerick/pyinstrument/contributors",       "subscribers_url": "https://api.github.com/repos/joerick/pyinstrument/subscribers",       "subscription_url": "https://api.github.com/repos/joerick/pyinstrument/subscription",       "commits_url": "https://api.github.com/repos/joerick/pyinstrument/commits{/sha}",       "git_commits_url": "https://api.github.com/repos/joerick/pyinstrument/git/commits{/sha}",       "comments_url": "https://api.github.com/repos/joerick/pyinstrument/comments{/number}",       "issue_comment_url": "https://api.github.com/repos/joerick/pyinstrument/issues/comments{/number}",       "contents_url": "https://api.github.com/repos/joerick/pyinstrument/contents/{+path}",       "compare_url": "https://api.github.com/repos/joerick/pyinstrument/compare/{base}...{head}",       "merges_url": "https://api.github.com/repos/joerick/pyinstrument/merges",       "archive_url": "https://api.github.com/repos/joerick/pyinstrument/{archive_format}{/ref}",       "downloads_url": "https://api.github.com/repos/joerick/pyinstrument/downloads",       "issues_url": "https://api.github.com/repos/joerick/pyinstrument/issues{/number}",       "pulls_url": "https://api.github.com/repos/joerick/pyinstrument/pulls{/number}",       "milestones_url": "https://api.github.com/repos/joerick/pyinstrument/milestones{/number}",       "notifications_url": "https://api.github.com/repos/joerick/pyinstrument/notifications{?since,all,participating}",       "labels_url": "https://api.github.com/repos/joerick/pyinstrument/labels{/name}",       "releases_url": "https://api.github.com/repos/joerick/pyinstrument/releases{/id}",       "deployments_url": "https://api.github.com/repos/joerick/pyinstrument/deployments",       "created_at": "2014-03-13T17:53:13Z",       "updated_at": "2019-01-27T14:58:45Z",       "pushed_at": "2019-01-15T13:57:27Z",       "git_url": "git://github.com/joerick/pyinstrument.git",       "ssh_url": "git@github.com:joerick/pyinstrument.git",       "clone_url": "https://github.com/joerick/pyinstrument.git",       "svn_url": "https://github.com/joerick/pyinstrument",       "homepage": "",       "size": 1949,       "stargazers_count": 1081,       "watchers_count": 1081,       "language": "Python",       "has_issues": true,       "has_projects": true,       "has_downloads": true,       "has_wiki": true,       "has_pages": false,       "forks_count": 66,       "mirror_url": null,       "archived": false,       "open_issues_count": 5,       "license": {         "key": "bsd-3-clause",         "name": "BSD 3-Clause \"New\" or \"Revised\" License",         "spdx_id": "BSD-3-Clause",         "url": "https://api.github.com/licenses/bsd-3-clause",         "node_id": "MDc6TGljZW5zZTU="       },       "forks": 66,       "open_issues": 5,       "watchers": 1081,       "default_branch": "master",       "score": 57.179943     },     {       "id": 51375640,       "node_id": "MDEwOlJlcG9zaXRvcnk1MTM3NTY0MA==",       "name": "why-is-node-running",       "full_name": "mafintosh/why-is-node-running",       "private": false,       "owner": {         "login": "mafintosh",         "id": 376661,         "node_id": "MDQ6VXNlcjM3NjY2MQ==",         "avatar_url": "https://avatars1.githubusercontent.com/u/376661?v=4",         "gravatar_id": "",         "url": "https://api.github.com/users/mafintosh",         "html_url": "https://github.com/mafintosh",         "followers_url": "https://api.github.com/users/mafintosh/followers",         "following_url": "https://api.github.com/users/mafintosh/following{/other_user}",         "gists_url": "https://api.github.com/users/mafintosh/gists{/gist_id}",         "starred_url": "https://api.github.com/users/mafintosh/starred{/owner}{/repo}",         "subscriptions_url": "https://api.github.com/users/mafintosh/subscriptions",         "organizations_url": "https://api.github.com/users/mafintosh/orgs",         "repos_url": "https://api.github.com/users/mafintosh/repos",         "events_url": "https://api.github.com/users/mafintosh/events{/privacy}",         "received_events_url": "https://api.github.com/users/mafintosh/received_events",         "type": "User",         "site_admin": false       },       "html_url": "https://github.com/mafintosh/why-is-node-running",       "description": "Node is running but you don't know why? why-is-node-running is here to help you.",       "fork": false,       "url": "https://api.github.com/repos/mafintosh/why-is-node-running",       "forks_url": "https://api.github.com/repos/mafintosh/why-is-node-running/forks",       "keys_url": "https://api.github.com/repos/mafintosh/why-is-node-running/keys{/key_id}",       "collaborators_url": "https://api.github.com/repos/mafintosh/why-is-node-running/collaborators{/collaborator}",       "teams_url": "https://api.github.com/repos/mafintosh/why-is-node-running/teams",       "hooks_url": "https://api.github.com/repos/mafintosh/why-is-node-running/hooks",       "issue_events_url": "https://api.github.com/repos/mafintosh/why-is-node-running/issues/events{/number}",       "events_url": "https://api.github.com/repos/mafintosh/why-is-node-running/events",       "assignees_url": "https://api.github.com/repos/mafintosh/why-is-node-running/assignees{/user}",       "branches_url": "https://api.github.com/repos/mafintosh/why-is-node-running/branches{/branch}",       "tags_url": "https://api.github.com/repos/mafintosh/why-is-node-running/tags",       "blobs_url": "https://api.github.com/repos/mafintosh/why-is-node-running/git/blobs{/sha}",       "git_tags_url": "https://api.github.com/repos/mafintosh/why-is-node-running/git/tags{/sha}",       "git_refs_url": "https://api.github.com/repos/mafintosh/why-is-node-running/git/refs{/sha}",       "trees_url": "https://api.github.com/repos/mafintosh/why-is-node-running/git/trees{/sha}",       "statuses_url": "https://api.github.com/repos/mafintosh/why-is-node-running/statuses/{sha}",       "languages_url": "https://api.github.com/repos/mafintosh/why-is-node-running/languages",       "stargazers_url": "https://api.github.com/repos/mafintosh/why-is-node-running/stargazers",       "contributors_url": "https://api.github.com/repos/mafintosh/why-is-node-running/contributors",       "subscribers_url": "https://api.github.com/repos/mafintosh/why-is-node-running/subscribers",       "subscription_url": "https://api.github.com/repos/mafintosh/why-is-node-running/subscription",       "commits_url": "https://api.github.com/repos/mafintosh/why-is-node-running/commits{/sha}",       "git_commits_url": "https://api.github.com/repos/mafintosh/why-is-node-running/git/commits{/sha}",       "comments_url": "https://api.github.com/repos/mafintosh/why-is-node-running/comments{/number}",       "issue_comment_url": "https://api.github.com/repos/mafintosh/why-is-node-running/issues/comments{/number}",       "contents_url": "https://api.github.com/repos/mafintosh/why-is-node-running/contents/{+path}",       "compare_url": "https://api.github.com/repos/mafintosh/why-is-node-running/compare/{base}...{head}",       "merges_url": "https://api.github.com/repos/mafintosh/why-is-node-running/merges",       "archive_url": "https://api.github.com/repos/mafintosh/why-is-node-running/{archive_format}{/ref}",       "downloads_url": "https://api.github.com/repos/mafintosh/why-is-node-running/downloads",       "issues_url": "https://api.github.com/repos/mafintosh/why-is-node-running/issues{/number}",       "pulls_url": "https://api.github.com/repos/mafintosh/why-is-node-running/pulls{/number}",       "milestones_url": "https://api.github.com/repos/mafintosh/why-is-node-running/milestones{/number}",       "notifications_url": "https://api.github.com/repos/mafintosh/why-is-node-running/notifications{?since,all,participating}",       "labels_url": "https://api.github.com/repos/mafintosh/why-is-node-running/labels{/name}",       "releases_url": "https://api.github.com/repos/mafintosh/why-is-node-running/releases{/id}",       "deployments_url": "https://api.github.com/repos/mafintosh/why-is-node-running/deployments",       "created_at": "2016-02-09T15:29:28Z",       "updated_at": "2019-01-27T07:40:29Z",       "pushed_at": "2018-10-26T08:54:53Z",       "git_url": "git://github.com/mafintosh/why-is-node-running.git",       "ssh_url": "git@github.com:mafintosh/why-is-node-running.git",       "clone_url": "https://github.com/mafintosh/why-is-node-running.git",       "svn_url": "https://github.com/mafintosh/why-is-node-running",       "homepage": null,       "size": 18,       "stargazers_count": 873,       "watchers_count": 873,       "language": "JavaScript",       "has_issues": true,       "has_projects": true,       "has_downloads": true,       "has_wiki": true,       "has_pages": false,       "forks_count": 32,       "mirror_url": null,       "archived": false,       "open_issues_count": 12,       "license": {         "key": "mit",         "name": "MIT License",         "spdx_id": "MIT",         "url": "https://api.github.com/licenses/mit",         "node_id": "MDc6TGljZW5zZTEz"       },       "forks": 32,       "open_issues": 12,       "watchers": 873,       "default_branch": "master",       "score": 80.30069     },     {       "id": 103874950,       "node_id": "MDEwOlJlcG9zaXRvcnkxMDM4NzQ5NTA=",       "name": "bashful",       "full_name": "wagoodman/bashful",       "private": false,       "owner": {         "login": "wagoodman",         "id": 590471,         "node_id": "MDQ6VXNlcjU5MDQ3MQ==",         "avatar_url": "https://avatars3.githubusercontent.com/u/590471?v=4",         "gravatar_id": "",         "url": "https://api.github.com/users/wagoodman",         "html_url": "https://github.com/wagoodman",         "followers_url": "https://api.github.com/users/wagoodman/followers",         "following_url": "https://api.github.com/users/wagoodman/following{/other_user}",         "gists_url": "https://api.github.com/users/wagoodman/gists{/gist_id}",         "starred_url": "https://api.github.com/users/wagoodman/starred{/owner}{/repo}",         "subscriptions_url": "https://api.github.com/users/wagoodman/subscriptions",         "organizations_url": "https://api.github.com/users/wagoodman/orgs",         "repos_url": "https://api.github.com/users/wagoodman/repos",         "events_url": "https://api.github.com/users/wagoodman/events{/privacy}",         "received_events_url": "https://api.github.com/users/wagoodman/received_events",         "type": "User",         "site_admin": false       },       "html_url": "https://github.com/wagoodman/bashful",       "description": "Use a yaml file to stitch together commands and bash snippits and run them with a bit of style.  Why? Because your bash script should be quiet and shy-like (...and not such a loud mouth). ",       "fork": false,       "url": "https://api.github.com/repos/wagoodman/bashful",       "forks_url": "https://api.github.com/repos/wagoodman/bashful/forks",       "keys_url": "https://api.github.com/repos/wagoodman/bashful/keys{/key_id}",       "collaborators_url": "https://api.github.com/repos/wagoodman/bashful/collaborators{/collaborator}",       "teams_url": "https://api.github.com/repos/wagoodman/bashful/teams",       "hooks_url": "https://api.github.com/repos/wagoodman/bashful/hooks",       "issue_events_url": "https://api.github.com/repos/wagoodman/bashful/issues/events{/number}",       "events_url": "https://api.github.com/repos/wagoodman/bashful/events",       "assignees_url": "https://api.github.com/repos/wagoodman/bashful/assignees{/user}",       "branches_url": "https://api.github.com/repos/wagoodman/bashful/branches{/branch}",       "tags_url": "https://api.github.com/repos/wagoodman/bashful/tags",       "blobs_url": "https://api.github.com/repos/wagoodman/bashful/git/blobs{/sha}",       "git_tags_url": "https://api.github.com/repos/wagoodman/bashful/git/tags{/sha}",       "git_refs_url": "https://api.github.com/repos/wagoodman/bashful/git/refs{/sha}",       "trees_url": "https://api.github.com/repos/wagoodman/bashful/git/trees{/sha}",       "statuses_url": "https://api.github.com/repos/wagoodman/bashful/statuses/{sha}",       "languages_url": "https://api.github.com/repos/wagoodman/bashful/languages",       "stargazers_url": "https://api.github.com/repos/wagoodman/bashful/stargazers",       "contributors_url": "https://api.github.com/repos/wagoodman/bashful/contributors",       "subscribers_url": "https://api.github.com/repos/wagoodman/bashful/subscribers",       "subscription_url": "https://api.github.com/repos/wagoodman/bashful/subscription",       "commits_url": "https://api.github.com/repos/wagoodman/bashful/commits{/sha}",       "git_commits_url": "https://api.github.com/repos/wagoodman/bashful/git/commits{/sha}",       "comments_url": "https://api.github.com/repos/wagoodman/bashful/comments{/number}",       "issue_comment_url": "https://api.github.com/repos/wagoodman/bashful/issues/comments{/number}",       "contents_url": "https://api.github.com/repos/wagoodman/bashful/contents/{+path}",       "compare_url": "https://api.github.com/repos/wagoodman/bashful/compare/{base}...{head}",       "merges_url": "https://api.github.com/repos/wagoodman/bashful/merges",       "archive_url": "https://api.github.com/repos/wagoodman/bashful/{archive_format}{/ref}",       "downloads_url": "https://api.github.com/repos/wagoodman/bashful/downloads",       "issues_url": "https://api.github.com/repos/wagoodman/bashful/issues{/number}",       "pulls_url": "https://api.github.com/repos/wagoodman/bashful/pulls{/number}",       "milestones_url": "https://api.github.com/repos/wagoodman/bashful/milestones{/number}",       "notifications_url": "https://api.github.com/repos/wagoodman/bashful/notifications{?since,all,participating}",       "labels_url": "https://api.github.com/repos/wagoodman/bashful/labels{/name}",       "releases_url": "https://api.github.com/repos/wagoodman/bashful/releases{/id}",       "deployments_url": "https://api.github.com/repos/wagoodman/bashful/deployments",       "created_at": "2017-09-18T01:04:55Z",       "updated_at": "2019-01-28T20:06:21Z",       "pushed_at": "2019-01-06T18:52:52Z",       "git_url": "git://github.com/wagoodman/bashful.git",       "ssh_url": "git@github.com:wagoodman/bashful.git",       "clone_url": "https://github.com/wagoodman/bashful.git",       "svn_url": "https://github.com/wagoodman/bashful",       "homepage": "",       "size": 4157,       "stargazers_count": 827,       "watchers_count": 827,       "language": "Go",       "has_issues": true,       "has_projects": true,       "has_downloads": true,       "has_wiki": true,       "has_pages": false,       "forks_count": 24,       "mirror_url": null,       "archived": false,       "open_issues_count": 15,       "license": {         "key": "mit",         "name": "MIT License",         "spdx_id": "MIT",         "url": "https://api.github.com/licenses/mit",         "node_id": "MDc6TGljZW5zZTEz"       },       "forks": 24,       "open_issues": 15,       "watchers": 827,       "default_branch": "master",       "score": 27.884796     },     {       "id": 100889899,       "node_id": "MDEwOlJlcG9zaXRvcnkxMDA4ODk4OTk=",       "name": "wtfautolayout",       "full_name": "johnpatrickmorgan/wtfautolayout",       "private": false,       "owner": {         "login": "johnpatrickmorgan",         "id": 6318566,         "node_id": "MDQ6VXNlcjYzMTg1NjY=",         "avatar_url": "https://avatars3.githubusercontent.com/u/6318566?v=4",         "gravatar_id": "",         "url": "https://api.github.com/users/johnpatrickmorgan",         "html_url": "https://github.com/johnpatrickmorgan",         "followers_url": "https://api.github.com/users/johnpatrickmorgan/followers",         "following_url": "https://api.github.com/users/johnpatrickmorgan/following{/other_user}",         "gists_url": "https://api.github.com/users/johnpatrickmorgan/gists{/gist_id}",         "starred_url": "https://api.github.com/users/johnpatrickmorgan/starred{/owner}{/repo}",         "subscriptions_url": "https://api.github.com/users/johnpatrickmorgan/subscriptions",         "organizations_url": "https://api.github.com/users/johnpatrickmorgan/orgs",         "repos_url": "https://api.github.com/users/johnpatrickmorgan/repos",         "events_url": "https://api.github.com/users/johnpatrickmorgan/events{/privacy}",         "received_events_url": "https://api.github.com/users/johnpatrickmorgan/received_events",         "type": "User",         "site_admin": false       },       "html_url": "https://github.com/johnpatrickmorgan/wtfautolayout",       "description": "The source code for Why The Failure, Auto Layout?",       "fork": false,       "url": "https://api.github.com/repos/johnpatrickmorgan/wtfautolayout",       "forks_url": "https://api.github.com/repos/johnpatrickmorgan/wtfautolayout/forks",       "keys_url": "https://api.github.com/repos/johnpatrickmorgan/wtfautolayout/keys{/key_id}",       "collaborators_url": "https://api.github.com/repos/johnpatrickmorgan/wtfautolayout/collaborators{/collaborator}",       "teams_url": "https://api.github.com/repos/johnpatrickmorgan/wtfautolayout/teams",       "hooks_url": "https://api.github.com/repos/johnpatrickmorgan/wtfautolayout/hooks",       "issue_events_url": "https://api.github.com/repos/johnpatrickmorgan/wtfautolayout/issues/events{/number}",       "events_url": "https://api.github.com/repos/johnpatrickmorgan/wtfautolayout/events",       "assignees_url": "https://api.github.com/repos/johnpatrickmorgan/wtfautolayout/assignees{/user}",       "branches_url": "https://api.github.com/repos/johnpatrickmorgan/wtfautolayout/branches{/branch}",       "tags_url": "https://api.github.com/repos/johnpatrickmorgan/wtfautolayout/tags",       "blobs_url": "https://api.github.com/repos/johnpatrickmorgan/wtfautolayout/git/blobs{/sha}",       "git_tags_url": "https://api.github.com/repos/johnpatrickmorgan/wtfautolayout/git/tags{/sha}",       "git_refs_url": "https://api.github.com/repos/johnpatrickmorgan/wtfautolayout/git/refs{/sha}",       "trees_url": "https://api.github.com/repos/johnpatrickmorgan/wtfautolayout/git/trees{/sha}",       "statuses_url": "https://api.github.com/repos/johnpatrickmorgan/wtfautolayout/statuses/{sha}",       "languages_url": "https://api.github.com/repos/johnpatrickmorgan/wtfautolayout/languages",       "stargazers_url": "https://api.github.com/repos/johnpatrickmorgan/wtfautolayout/stargazers",       "contributors_url": "https://api.github.com/repos/johnpatrickmorgan/wtfautolayout/contributors",       "subscribers_url": "https://api.github.com/repos/johnpatrickmorgan/wtfautolayout/subscribers",       "subscription_url": "https://api.github.com/repos/johnpatrickmorgan/wtfautolayout/subscription",       "commits_url": "https://api.github.com/repos/johnpatrickmorgan/wtfautolayout/commits{/sha}",       "git_commits_url": "https://api.github.com/repos/johnpatrickmorgan/wtfautolayout/git/commits{/sha}",       "comments_url": "https://api.github.com/repos/johnpatrickmorgan/wtfautolayout/comments{/number}",       "issue_comment_url": "https://api.github.com/repos/johnpatrickmorgan/wtfautolayout/issues/comments{/number}",       "contents_url": "https://api.github.com/repos/johnpatrickmorgan/wtfautolayout/contents/{+path}",       "compare_url": "https://api.github.com/repos/johnpatrickmorgan/wtfautolayout/compare/{base}...{head}",       "merges_url": "https://api.github.com/repos/johnpatrickmorgan/wtfautolayout/merges",       "archive_url": "https://api.github.com/repos/johnpatrickmorgan/wtfautolayout/{archive_format}{/ref}",       "downloads_url": "https://api.github.com/repos/johnpatrickmorgan/wtfautolayout/downloads",       "issues_url": "https://api.github.com/repos/johnpatrickmorgan/wtfautolayout/issues{/number}",       "pulls_url": "https://api.github.com/repos/johnpatrickmorgan/wtfautolayout/pulls{/number}",       "milestones_url": "https://api.github.com/repos/johnpatrickmorgan/wtfautolayout/milestones{/number}",       "notifications_url": "https://api.github.com/repos/johnpatrickmorgan/wtfautolayout/notifications{?since,all,participating}",       "labels_url": "https://api.github.com/repos/johnpatrickmorgan/wtfautolayout/labels{/name}",       "releases_url": "https://api.github.com/repos/johnpatrickmorgan/wtfautolayout/releases{/id}",       "deployments_url": "https://api.github.com/repos/johnpatrickmorgan/wtfautolayout/deployments",       "created_at": "2017-08-20T21:32:57Z",       "updated_at": "2019-01-28T12:46:45Z",       "pushed_at": "2019-01-24T23:44:25Z",       "git_url": "git://github.com/johnpatrickmorgan/wtfautolayout.git",       "ssh_url": "git@github.com:johnpatrickmorgan/wtfautolayout.git",       "clone_url": "https://github.com/johnpatrickmorgan/wtfautolayout.git",       "svn_url": "https://github.com/johnpatrickmorgan/wtfautolayout",       "homepage": "https://www.wtfautolayout.com",       "size": 347,       "stargazers_count": 674,       "watchers_count": 674,       "language": "Swift",       "has_issues": true,       "has_projects": true,       "has_downloads": true,       "has_wiki": true,       "has_pages": false,       "forks_count": 15,       "mirror_url": null,       "archived": false,       "open_issues_count": 5,       "license": {         "key": "mit",         "name": "MIT License",         "spdx_id": "MIT",         "url": "https://api.github.com/licenses/mit",         "node_id": "MDc6TGljZW5zZTEz"       },       "forks": 15,       "open_issues": 5,       "watchers": 674,       "default_branch": "master",       "score": 56.444233     },     {       "id": 28422398,       "node_id": "MDEwOlJlcG9zaXRvcnkyODQyMjM5OA==",       "name": "react-router-flux-starter-kit",       "full_name": "przeor/react-router-flux-starter-kit",       "private": false,       "owner": {         "login": "przeor",         "id": 5995,         "node_id": "MDQ6VXNlcjU5OTU=",         "avatar_url": "https://avatars2.githubusercontent.com/u/5995?v=4",         "gravatar_id": "",         "url": "https://api.github.com/users/przeor",         "html_url": "https://github.com/przeor",         "followers_url": "https://api.github.com/users/przeor/followers",         "following_url": "https://api.github.com/users/przeor/following{/other_user}",         "gists_url": "https://api.github.com/users/przeor/gists{/gist_id}",         "starred_url": "https://api.github.com/users/przeor/starred{/owner}{/repo}",         "subscriptions_url": "https://api.github.com/users/przeor/subscriptions",         "organizations_url": "https://api.github.com/users/przeor/orgs",         "repos_url": "https://api.github.com/users/przeor/repos",         "events_url": "https://api.github.com/users/przeor/events{/privacy}",         "received_events_url": "https://api.github.com/users/przeor/received_events",         "type": "User",         "site_admin": false       },       "html_url": "https://github.com/przeor/react-router-flux-starter-kit",       "description": "Why & How to Learn React Redux, the right highly scalable way.",       "fork": false,       "url": "https://api.github.com/repos/przeor/react-router-flux-starter-kit",       "forks_url": "https://api.github.com/repos/przeor/react-router-flux-starter-kit/forks",       "keys_url": "https://api.github.com/repos/przeor/react-router-flux-starter-kit/keys{/key_id}",       "collaborators_url": "https://api.github.com/repos/przeor/react-router-flux-starter-kit/collaborators{/collaborator}",       "teams_url": "https://api.github.com/repos/przeor/react-router-flux-starter-kit/teams",       "hooks_url": "https://api.github.com/repos/przeor/react-router-flux-starter-kit/hooks",       "issue_events_url": "https://api.github.com/repos/przeor/react-router-flux-starter-kit/issues/events{/number}",       "events_url": "https://api.github.com/repos/przeor/react-router-flux-starter-kit/events",       "assignees_url": "https://api.github.com/repos/przeor/react-router-flux-starter-kit/assignees{/user}",       "branches_url": "https://api.github.com/repos/przeor/react-router-flux-starter-kit/branches{/branch}",       "tags_url": "https://api.github.com/repos/przeor/react-router-flux-starter-kit/tags",       "blobs_url": "https://api.github.com/repos/przeor/react-router-flux-starter-kit/git/blobs{/sha}",       "git_tags_url": "https://api.github.com/repos/przeor/react-router-flux-starter-kit/git/tags{/sha}",       "git_refs_url": "https://api.github.com/repos/przeor/react-router-flux-starter-kit/git/refs{/sha}",       "trees_url": "https://api.github.com/repos/przeor/react-router-flux-starter-kit/git/trees{/sha}",       "statuses_url": "https://api.github.com/repos/przeor/react-router-flux-starter-kit/statuses/{sha}",       "languages_url": "https://api.github.com/repos/przeor/react-router-flux-starter-kit/languages",       "stargazers_url": "https://api.github.com/repos/przeor/react-router-flux-starter-kit/stargazers",       "contributors_url": "https://api.github.com/repos/przeor/react-router-flux-starter-kit/contributors",       "subscribers_url": "https://api.github.com/repos/przeor/react-router-flux-starter-kit/subscribers",       "subscription_url": "https://api.github.com/repos/przeor/react-router-flux-starter-kit/subscription",       "commits_url": "https://api.github.com/repos/przeor/react-router-flux-starter-kit/commits{/sha}",       "git_commits_url": "https://api.github.com/repos/przeor/react-router-flux-starter-kit/git/commits{/sha}",       "comments_url": "https://api.github.com/repos/przeor/react-router-flux-starter-kit/comments{/number}",       "issue_comment_url": "https://api.github.com/repos/przeor/react-router-flux-starter-kit/issues/comments{/number}",       "contents_url": "https://api.github.com/repos/przeor/react-router-flux-starter-kit/contents/{+path}",       "compare_url": "https://api.github.com/repos/przeor/react-router-flux-starter-kit/compare/{base}...{head}",       "merges_url": "https://api.github.com/repos/przeor/react-router-flux-starter-kit/merges",       "archive_url": "https://api.github.com/repos/przeor/react-router-flux-starter-kit/{archive_format}{/ref}",       "downloads_url": "https://api.github.com/repos/przeor/react-router-flux-starter-kit/downloads",       "issues_url": "https://api.github.com/repos/przeor/react-router-flux-starter-kit/issues{/number}",       "pulls_url": "https://api.github.com/repos/przeor/react-router-flux-starter-kit/pulls{/number}",       "milestones_url": "https://api.github.com/repos/przeor/react-router-flux-starter-kit/milestones{/number}",       "notifications_url": "https://api.github.com/repos/przeor/react-router-flux-starter-kit/notifications{?since,all,participating}",       "labels_url": "https://api.github.com/repos/przeor/react-router-flux-starter-kit/labels{/name}",       "releases_url": "https://api.github.com/repos/przeor/react-router-flux-starter-kit/releases{/id}",       "deployments_url": "https://api.github.com/repos/przeor/react-router-flux-starter-kit/deployments",       "created_at": "2014-12-23T22:19:47Z",       "updated_at": "2019-01-23T01:25:46Z",       "pushed_at": "2016-08-19T08:19:37Z",       "git_url": "git://github.com/przeor/react-router-flux-starter-kit.git",       "ssh_url": "git@github.com:przeor/react-router-flux-starter-kit.git",       "clone_url": "https://github.com/przeor/react-router-flux-starter-kit.git",       "svn_url": "https://github.com/przeor/react-router-flux-starter-kit",       "homepage": "",       "size": 4999,       "stargazers_count": 650,       "watchers_count": 650,       "language": "JavaScript",       "has_issues": true,       "has_projects": true,       "has_downloads": true,       "has_wiki": true,       "has_pages": false,       "forks_count": 97,       "mirror_url": null,       "archived": false,       "open_issues_count": 5,       "license": null,       "forks": 97,       "open_issues": 5,       "watchers": 650,       "default_branch": "master",       "score": 58.77059     },     {       "id": 282344,       "node_id": "MDEwOlJlcG9zaXRvcnkyODIzNDQ=",       "name": "potion",       "full_name": "perl11/potion",       "private": false,       "owner": {         "login": "perl11",         "id": 2390370,         "node_id": "MDEyOk9yZ2FuaXphdGlvbjIzOTAzNzA=",         "avatar_url": "https://avatars3.githubusercontent.com/u/2390370?v=4",         "gravatar_id": "",         "url": "https://api.github.com/users/perl11",         "html_url": "https://github.com/perl11",         "followers_url": "https://api.github.com/users/perl11/followers",         "following_url": "https://api.github.com/users/perl11/following{/other_user}",         "gists_url": "https://api.github.com/users/perl11/gists{/gist_id}",         "starred_url": "https://api.github.com/users/perl11/starred{/owner}{/repo}",         "subscriptions_url": "https://api.github.com/users/perl11/subscriptions",         "organizations_url": "https://api.github.com/users/perl11/orgs",         "repos_url": "https://api.github.com/users/perl11/repos",         "events_url": "https://api.github.com/users/perl11/events{/privacy}",         "received_events_url": "https://api.github.com/users/perl11/received_events",         "type": "Organization",         "site_admin": false       },       "html_url": "https://github.com/perl11/potion",       "description": "_why the lucky stiff's little language (the official repo... until _why returns)",       "fork": false,       "url": "https://api.github.com/repos/perl11/potion",       "forks_url": "https://api.github.com/repos/perl11/potion/forks",       "keys_url": "https://api.github.com/repos/perl11/potion/keys{/key_id}",       "collaborators_url": "https://api.github.com/repos/perl11/potion/collaborators{/collaborator}",       "teams_url": "https://api.github.com/repos/perl11/potion/teams",       "hooks_url": "https://api.github.com/repos/perl11/potion/hooks",       "issue_events_url": "https://api.github.com/repos/perl11/potion/issues/events{/number}",       "events_url": "https://api.github.com/repos/perl11/potion/events",       "assignees_url": "https://api.github.com/repos/perl11/potion/assignees{/user}",       "branches_url": "https://api.github.com/repos/perl11/potion/branches{/branch}",       "tags_url": "https://api.github.com/repos/perl11/potion/tags",       "blobs_url": "https://api.github.com/repos/perl11/potion/git/blobs{/sha}",       "git_tags_url": "https://api.github.com/repos/perl11/potion/git/tags{/sha}",       "git_refs_url": "https://api.github.com/repos/perl11/potion/git/refs{/sha}",       "trees_url": "https://api.github.com/repos/perl11/potion/git/trees{/sha}",       "statuses_url": "https://api.github.com/repos/perl11/potion/statuses/{sha}",       "languages_url": "https://api.github.com/repos/perl11/potion/languages",       "stargazers_url": "https://api.github.com/repos/perl11/potion/stargazers",       "contributors_url": "https://api.github.com/repos/perl11/potion/contributors",       "subscribers_url": "https://api.github.com/repos/perl11/potion/subscribers",       "subscription_url": "https://api.github.com/repos/perl11/potion/subscription",       "commits_url": "https://api.github.com/repos/perl11/potion/commits{/sha}",       "git_commits_url": "https://api.github.com/repos/perl11/potion/git/commits{/sha}",       "comments_url": "https://api.github.com/repos/perl11/potion/comments{/number}",       "issue_comment_url": "https://api.github.com/repos/perl11/potion/issues/comments{/number}",       "contents_url": "https://api.github.com/repos/perl11/potion/contents/{+path}",       "compare_url": "https://api.github.com/repos/perl11/potion/compare/{base}...{head}",       "merges_url": "https://api.github.com/repos/perl11/potion/merges",       "archive_url": "https://api.github.com/repos/perl11/potion/{archive_format}{/ref}",       "downloads_url": "https://api.github.com/repos/perl11/potion/downloads",       "issues_url": "https://api.github.com/repos/perl11/potion/issues{/number}",       "pulls_url": "https://api.github.com/repos/perl11/potion/pulls{/number}",       "milestones_url": "https://api.github.com/repos/perl11/potion/milestones{/number}",       "notifications_url": "https://api.github.com/repos/perl11/potion/notifications{?since,all,participating}",       "labels_url": "https://api.github.com/repos/perl11/potion/labels{/name}",       "releases_url": "https://api.github.com/repos/perl11/potion/releases{/id}",       "deployments_url": "https://api.github.com/repos/perl11/potion/deployments",       "created_at": "2009-08-19T20:06:21Z",       "updated_at": "2019-01-23T08:11:13Z",       "pushed_at": "2018-02-02T09:04:03Z",       "git_url": "git://github.com/perl11/potion.git",       "ssh_url": "git@github.com:perl11/potion.git",       "clone_url": "https://github.com/perl11/potion.git",       "svn_url": "https://github.com/perl11/potion",       "homepage": "http://groups.google.com/group/potion-lang",       "size": 4417,       "stargazers_count": 540,       "watchers_count": 540,       "language": "C",       "has_issues": true,       "has_projects": true,       "has_downloads": true,       "has_wiki": true,       "has_pages": true,       "forks_count": 78,       "mirror_url": null,       "archived": false,       "open_issues_count": 19,       "license": {         "key": "other",         "name": "Other",         "spdx_id": "NOASSERTION",         "url": null,         "node_id": "MDc6TGljZW5zZTA="       },       "forks": 78,       "open_issues": 19,       "watchers": 540,       "default_branch": "master",       "score": 81.98262     },     {       "id": 282622,       "node_id": "MDEwOlJlcG9zaXRvcnkyODI2MjI=",       "name": "poignant-guide",       "full_name": "mislav/poignant-guide",       "private": false,       "owner": {         "login": "mislav",         "id": 887,         "node_id": "MDQ6VXNlcjg4Nw==",         "avatar_url": "https://avatars2.githubusercontent.com/u/887?v=4",         "gravatar_id": "",         "url": "https://api.github.com/users/mislav",         "html_url": "https://github.com/mislav",         "followers_url": "https://api.github.com/users/mislav/followers",         "following_url": "https://api.github.com/users/mislav/following{/other_user}",         "gists_url": "https://api.github.com/users/mislav/gists{/gist_id}",         "starred_url": "https://api.github.com/users/mislav/starred{/owner}{/repo}",         "subscriptions_url": "https://api.github.com/users/mislav/subscriptions",         "organizations_url": "https://api.github.com/users/mislav/orgs",         "repos_url": "https://api.github.com/users/mislav/repos",         "events_url": "https://api.github.com/users/mislav/events{/privacy}",         "received_events_url": "https://api.github.com/users/mislav/received_events",         "type": "User",         "site_admin": true       },       "html_url": "https://github.com/mislav/poignant-guide",       "description": "Why's Poignant Guide to Ruby",       "fork": false,       "url": "https://api.github.com/repos/mislav/poignant-guide",       "forks_url": "https://api.github.com/repos/mislav/poignant-guide/forks",       "keys_url": "https://api.github.com/repos/mislav/poignant-guide/keys{/key_id}",       "collaborators_url": "https://api.github.com/repos/mislav/poignant-guide/collaborators{/collaborator}",       "teams_url": "https://api.github.com/repos/mislav/poignant-guide/teams",       "hooks_url": "https://api.github.com/repos/mislav/poignant-guide/hooks",       "issue_events_url": "https://api.github.com/repos/mislav/poignant-guide/issues/events{/number}",       "events_url": "https://api.github.com/repos/mislav/poignant-guide/events",       "assignees_url": "https://api.github.com/repos/mislav/poignant-guide/assignees{/user}",       "branches_url": "https://api.github.com/repos/mislav/poignant-guide/branches{/branch}",       "tags_url": "https://api.github.com/repos/mislav/poignant-guide/tags",       "blobs_url": "https://api.github.com/repos/mislav/poignant-guide/git/blobs{/sha}",       "git_tags_url": "https://api.github.com/repos/mislav/poignant-guide/git/tags{/sha}",       "git_refs_url": "https://api.github.com/repos/mislav/poignant-guide/git/refs{/sha}",       "trees_url": "https://api.github.com/repos/mislav/poignant-guide/git/trees{/sha}",       "statuses_url": "https://api.github.com/repos/mislav/poignant-guide/statuses/{sha}",       "languages_url": "https://api.github.com/repos/mislav/poignant-guide/languages",       "stargazers_url": "https://api.github.com/repos/mislav/poignant-guide/stargazers",       "contributors_url": "https://api.github.com/repos/mislav/poignant-guide/contributors",       "subscribers_url": "https://api.github.com/repos/mislav/poignant-guide/subscribers",       "subscription_url": "https://api.github.com/repos/mislav/poignant-guide/subscription",       "commits_url": "https://api.github.com/repos/mislav/poignant-guide/commits{/sha}",       "git_commits_url": "https://api.github.com/repos/mislav/poignant-guide/git/commits{/sha}",       "comments_url": "https://api.github.com/repos/mislav/poignant-guide/comments{/number}",       "issue_comment_url": "https://api.github.com/repos/mislav/poignant-guide/issues/comments{/number}",       "contents_url": "https://api.github.com/repos/mislav/poignant-guide/contents/{+path}",       "compare_url": "https://api.github.com/repos/mislav/poignant-guide/compare/{base}...{head}",       "merges_url": "https://api.github.com/repos/mislav/poignant-guide/merges",       "archive_url": "https://api.github.com/repos/mislav/poignant-guide/{archive_format}{/ref}",       "downloads_url": "https://api.github.com/repos/mislav/poignant-guide/downloads",       "issues_url": "https://api.github.com/repos/mislav/poignant-guide/issues{/number}",       "pulls_url": "https://api.github.com/repos/mislav/poignant-guide/pulls{/number}",       "milestones_url": "https://api.github.com/repos/mislav/poignant-guide/milestones{/number}",       "notifications_url": "https://api.github.com/repos/mislav/poignant-guide/notifications{?since,all,participating}",       "labels_url": "https://api.github.com/repos/mislav/poignant-guide/labels{/name}",       "releases_url": "https://api.github.com/repos/mislav/poignant-guide/releases{/id}",       "deployments_url": "https://api.github.com/repos/mislav/poignant-guide/deployments",       "created_at": "2009-08-20T01:17:54Z",       "updated_at": "2019-01-26T12:32:58Z",       "pushed_at": "2018-11-20T13:08:57Z",       "git_url": "git://github.com/mislav/poignant-guide.git",       "ssh_url": "git@github.com:mislav/poignant-guide.git",       "clone_url": "https://github.com/mislav/poignant-guide.git",       "svn_url": "https://github.com/mislav/poignant-guide",       "homepage": "http://poignant.guide/",       "size": 12871,       "stargazers_count": 532,       "watchers_count": 532,       "language": "HTML",       "has_issues": false,       "has_projects": true,       "has_downloads": true,       "has_wiki": false,       "has_pages": true,       "forks_count": 103,       "mirror_url": null,       "archived": false,       "open_issues_count": 0,       "license": null,       "forks": 103,       "open_issues": 0,       "watchers": 532,       "default_branch": "gh-pages",       "score": 81.4981     },     {       "id": 30485473,       "node_id": "MDEwOlJlcG9zaXRvcnkzMDQ4NTQ3Mw==",       "name": "Why-Reject",       "full_name": "jcccn/Why-Reject",       "private": false,       "owner": {         "login": "jcccn",         "id": 397243,         "node_id": "MDQ6VXNlcjM5NzI0Mw==",         "avatar_url": "https://avatars1.githubusercontent.com/u/397243?v=4",         "gravatar_id": "",         "url": "https://api.github.com/users/jcccn",         "html_url": "https://github.com/jcccn",         "followers_url": "https://api.github.com/users/jcccn/followers",         "following_url": "https://api.github.com/users/jcccn/following{/other_user}",         "gists_url": "https://api.github.com/users/jcccn/gists{/gist_id}",         "starred_url": "https://api.github.com/users/jcccn/starred{/owner}{/repo}",         "subscriptions_url": "https://api.github.com/users/jcccn/subscriptions",         "organizations_url": "https://api.github.com/users/jcccn/orgs",         "repos_url": "https://api.github.com/users/jcccn/repos",         "events_url": "https://api.github.com/users/jcccn/events{/privacy}",         "received_events_url": "https://api.github.com/users/jcccn/received_events",         "type": "User",         "site_admin": false       },       "html_url": "https://github.com/jcccn/Why-Reject",       "description": "苹果AppStore被拒理由大全",       "fork": false,       "url": "https://api.github.com/repos/jcccn/Why-Reject",       "forks_url": "https://api.github.com/repos/jcccn/Why-Reject/forks",       "keys_url": "https://api.github.com/repos/jcccn/Why-Reject/keys{/key_id}",       "collaborators_url": "https://api.github.com/repos/jcccn/Why-Reject/collaborators{/collaborator}",       "teams_url": "https://api.github.com/repos/jcccn/Why-Reject/teams",       "hooks_url": "https://api.github.com/repos/jcccn/Why-Reject/hooks",       "issue_events_url": "https://api.github.com/repos/jcccn/Why-Reject/issues/events{/number}",       "events_url": "https://api.github.com/repos/jcccn/Why-Reject/events",       "assignees_url": "https://api.github.com/repos/jcccn/Why-Reject/assignees{/user}",       "branches_url": "https://api.github.com/repos/jcccn/Why-Reject/branches{/branch}",       "tags_url": "https://api.github.com/repos/jcccn/Why-Reject/tags",       "blobs_url": "https://api.github.com/repos/jcccn/Why-Reject/git/blobs{/sha}",       "git_tags_url": "https://api.github.com/repos/jcccn/Why-Reject/git/tags{/sha}",       "git_refs_url": "https://api.github.com/repos/jcccn/Why-Reject/git/refs{/sha}",       "trees_url": "https://api.github.com/repos/jcccn/Why-Reject/git/trees{/sha}",       "statuses_url": "https://api.github.com/repos/jcccn/Why-Reject/statuses/{sha}",       "languages_url": "https://api.github.com/repos/jcccn/Why-Reject/languages",       "stargazers_url": "https://api.github.com/repos/jcccn/Why-Reject/stargazers",       "contributors_url": "https://api.github.com/repos/jcccn/Why-Reject/contributors",       "subscribers_url": "https://api.github.com/repos/jcccn/Why-Reject/subscribers",       "subscription_url": "https://api.github.com/repos/jcccn/Why-Reject/subscription",       "commits_url": "https://api.github.com/repos/jcccn/Why-Reject/commits{/sha}",       "git_commits_url": "https://api.github.com/repos/jcccn/Why-Reject/git/commits{/sha}",       "comments_url": "https://api.github.com/repos/jcccn/Why-Reject/comments{/number}",       "issue_comment_url": "https://api.github.com/repos/jcccn/Why-Reject/issues/comments{/number}",       "contents_url": "https://api.github.com/repos/jcccn/Why-Reject/contents/{+path}",       "compare_url": "https://api.github.com/repos/jcccn/Why-Reject/compare/{base}...{head}",       "merges_url": "https://api.github.com/repos/jcccn/Why-Reject/merges",       "archive_url": "https://api.github.com/repos/jcccn/Why-Reject/{archive_format}{/ref}",       "downloads_url": "https://api.github.com/repos/jcccn/Why-Reject/downloads",       "issues_url": "https://api.github.com/repos/jcccn/Why-Reject/issues{/number}",       "pulls_url": "https://api.github.com/repos/jcccn/Why-Reject/pulls{/number}",       "milestones_url": "https://api.github.com/repos/jcccn/Why-Reject/milestones{/number}",       "notifications_url": "https://api.github.com/repos/jcccn/Why-Reject/notifications{?since,all,participating}",       "labels_url": "https://api.github.com/repos/jcccn/Why-Reject/labels{/name}",       "releases_url": "https://api.github.com/repos/jcccn/Why-Reject/releases{/id}",       "deployments_url": "https://api.github.com/repos/jcccn/Why-Reject/deployments",       "created_at": "2015-02-08T08:37:17Z",       "updated_at": "2019-01-28T12:02:55Z",       "pushed_at": "2017-05-06T07:35:44Z",       "git_url": "git://github.com/jcccn/Why-Reject.git",       "ssh_url": "git@github.com:jcccn/Why-Reject.git",       "clone_url": "https://github.com/jcccn/Why-Reject.git",       "svn_url": "https://github.com/jcccn/Why-Reject",       "homepage": "https://whyreject.jcccn.me",       "size": 684,       "stargazers_count": 493,       "watchers_count": 493,       "language": null,       "has_issues": true,       "has_projects": true,       "has_downloads": true,       "has_wiki": true,       "has_pages": true,       "forks_count": 113,       "mirror_url": null,       "archived": false,       "open_issues_count": 0,       "license": null,       "forks": 113,       "open_issues": 0,       "watchers": 493,       "default_branch": "master",       "score": 96.065544     },     {       "id": 76408906,       "node_id": "MDEwOlJlcG9zaXRvcnk3NjQwODkwNg==",       "name": "meta",       "full_name": "mateodelnorte/meta",       "private": false,       "owner": {         "login": "mateodelnorte",         "id": 554847,         "node_id": "MDQ6VXNlcjU1NDg0Nw==",         "avatar_url": "https://avatars3.githubusercontent.com/u/554847?v=4",         "gravatar_id": "",         "url": "https://api.github.com/users/mateodelnorte",         "html_url": "https://github.com/mateodelnorte",         "followers_url": "https://api.github.com/users/mateodelnorte/followers",         "following_url": "https://api.github.com/users/mateodelnorte/following{/other_user}",         "gists_url": "https://api.github.com/users/mateodelnorte/gists{/gist_id}",         "starred_url": "https://api.github.com/users/mateodelnorte/starred{/owner}{/repo}",         "subscriptions_url": "https://api.github.com/users/mateodelnorte/subscriptions",         "organizations_url": "https://api.github.com/users/mateodelnorte/orgs",         "repos_url": "https://api.github.com/users/mateodelnorte/repos",         "events_url": "https://api.github.com/users/mateodelnorte/events{/privacy}",         "received_events_url": "https://api.github.com/users/mateodelnorte/received_events",         "type": "User",         "site_admin": false       },       "html_url": "https://github.com/mateodelnorte/meta",       "description": "tool for turning many repos into a meta repo. why choose many repos or a monolithic repo, when you can have both with a meta repo?",       "fork": false,       "url": "https://api.github.com/repos/mateodelnorte/meta",       "forks_url": "https://api.github.com/repos/mateodelnorte/meta/forks",       "keys_url": "https://api.github.com/repos/mateodelnorte/meta/keys{/key_id}",       "collaborators_url": "https://api.github.com/repos/mateodelnorte/meta/collaborators{/collaborator}",       "teams_url": "https://api.github.com/repos/mateodelnorte/meta/teams",       "hooks_url": "https://api.github.com/repos/mateodelnorte/meta/hooks",       "issue_events_url": "https://api.github.com/repos/mateodelnorte/meta/issues/events{/number}",       "events_url": "https://api.github.com/repos/mateodelnorte/meta/events",       "assignees_url": "https://api.github.com/repos/mateodelnorte/meta/assignees{/user}",       "branches_url": "https://api.github.com/repos/mateodelnorte/meta/branches{/branch}",       "tags_url": "https://api.github.com/repos/mateodelnorte/meta/tags",       "blobs_url": "https://api.github.com/repos/mateodelnorte/meta/git/blobs{/sha}",       "git_tags_url": "https://api.github.com/repos/mateodelnorte/meta/git/tags{/sha}",       "git_refs_url": "https://api.github.com/repos/mateodelnorte/meta/git/refs{/sha}",       "trees_url": "https://api.github.com/repos/mateodelnorte/meta/git/trees{/sha}",       "statuses_url": "https://api.github.com/repos/mateodelnorte/meta/statuses/{sha}",       "languages_url": "https://api.github.com/repos/mateodelnorte/meta/languages",       "stargazers_url": "https://api.github.com/repos/mateodelnorte/meta/stargazers",       "contributors_url": "https://api.github.com/repos/mateodelnorte/meta/contributors",       "subscribers_url": "https://api.github.com/repos/mateodelnorte/meta/subscribers",       "subscription_url": "https://api.github.com/repos/mateodelnorte/meta/subscription",       "commits_url": "https://api.github.com/repos/mateodelnorte/meta/commits{/sha}",       "git_commits_url": "https://api.github.com/repos/mateodelnorte/meta/git/commits{/sha}",       "comments_url": "https://api.github.com/repos/mateodelnorte/meta/comments{/number}",       "issue_comment_url": "https://api.github.com/repos/mateodelnorte/meta/issues/comments{/number}",       "contents_url": "https://api.github.com/repos/mateodelnorte/meta/contents/{+path}",       "compare_url": "https://api.github.com/repos/mateodelnorte/meta/compare/{base}...{head}",       "merges_url": "https://api.github.com/repos/mateodelnorte/meta/merges",       "archive_url": "https://api.github.com/repos/mateodelnorte/meta/{archive_format}{/ref}",       "downloads_url": "https://api.github.com/repos/mateodelnorte/meta/downloads",       "issues_url": "https://api.github.com/repos/mateodelnorte/meta/issues{/number}",       "pulls_url": "https://api.github.com/repos/mateodelnorte/meta/pulls{/number}",       "milestones_url": "https://api.github.com/repos/mateodelnorte/meta/milestones{/number}",       "notifications_url": "https://api.github.com/repos/mateodelnorte/meta/notifications{?since,all,participating}",       "labels_url": "https://api.github.com/repos/mateodelnorte/meta/labels{/name}",       "releases_url": "https://api.github.com/repos/mateodelnorte/meta/releases{/id}",       "deployments_url": "https://api.github.com/repos/mateodelnorte/meta/deployments",       "created_at": "2016-12-14T00:06:35Z",       "updated_at": "2019-01-27T07:29:38Z",       "pushed_at": "2019-01-25T18:00:32Z",       "git_url": "git://github.com/mateodelnorte/meta.git",       "ssh_url": "git@github.com:mateodelnorte/meta.git",       "clone_url": "https://github.com/mateodelnorte/meta.git",       "svn_url": "https://github.com/mateodelnorte/meta",       "homepage": "",       "size": 2507,       "stargazers_count": 489,       "watchers_count": 489,       "language": "JavaScript",       "has_issues": true,       "has_projects": true,       "has_downloads": true,       "has_wiki": true,       "has_pages": false,       "forks_count": 27,       "mirror_url": null,       "archived": false,       "open_issues_count": 18,       "license": null,       "forks": 27,       "open_issues": 18,       "watchers": 489,       "default_branch": "master",       "score": 35.229794     },     {       "id": 120470493,       "node_id": "MDEwOlJlcG9zaXRvcnkxMjA0NzA0OTM=",       "name": "awesome-dev-podcasts",       "full_name": "sw-yx/awesome-dev-podcasts",       "private": false,       "owner": {         "login": "sw-yx",         "id": 6764957,         "node_id": "MDQ6VXNlcjY3NjQ5NTc=",         "avatar_url": "https://avatars1.githubusercontent.com/u/6764957?v=4",         "gravatar_id": "",         "url": "https://api.github.com/users/sw-yx",         "html_url": "https://github.com/sw-yx",         "followers_url": "https://api.github.com/users/sw-yx/followers",         "following_url": "https://api.github.com/users/sw-yx/following{/other_user}",         "gists_url": "https://api.github.com/users/sw-yx/gists{/gist_id}",         "starred_url": "https://api.github.com/users/sw-yx/starred{/owner}{/repo}",         "subscriptions_url": "https://api.github.com/users/sw-yx/subscriptions",         "organizations_url": "https://api.github.com/users/sw-yx/orgs",         "repos_url": "https://api.github.com/users/sw-yx/repos",         "events_url": "https://api.github.com/users/sw-yx/events{/privacy}",         "received_events_url": "https://api.github.com/users/sw-yx/received_events",         "type": "User",         "site_admin": false       },       "html_url": "https://github.com/sw-yx/awesome-dev-podcasts",       "description": "a curated list of awesome dev podcasts and why they are awesome",       "fork": false,       "url": "https://api.github.com/repos/sw-yx/awesome-dev-podcasts",       "forks_url": "https://api.github.com/repos/sw-yx/awesome-dev-podcasts/forks",       "keys_url": "https://api.github.com/repos/sw-yx/awesome-dev-podcasts/keys{/key_id}",       "collaborators_url": "https://api.github.com/repos/sw-yx/awesome-dev-podcasts/collaborators{/collaborator}",       "teams_url": "https://api.github.com/repos/sw-yx/awesome-dev-podcasts/teams",       "hooks_url": "https://api.github.com/repos/sw-yx/awesome-dev-podcasts/hooks",       "issue_events_url": "https://api.github.com/repos/sw-yx/awesome-dev-podcasts/issues/events{/number}",       "events_url": "https://api.github.com/repos/sw-yx/awesome-dev-podcasts/events",       "assignees_url": "https://api.github.com/repos/sw-yx/awesome-dev-podcasts/assignees{/user}",       "branches_url": "https://api.github.com/repos/sw-yx/awesome-dev-podcasts/branches{/branch}",       "tags_url": "https://api.github.com/repos/sw-yx/awesome-dev-podcasts/tags",       "blobs_url": "https://api.github.com/repos/sw-yx/awesome-dev-podcasts/git/blobs{/sha}",       "git_tags_url": "https://api.github.com/repos/sw-yx/awesome-dev-podcasts/git/tags{/sha}",       "git_refs_url": "https://api.github.com/repos/sw-yx/awesome-dev-podcasts/git/refs{/sha}",       "trees_url": "https://api.github.com/repos/sw-yx/awesome-dev-podcasts/git/trees{/sha}",       "statuses_url": "https://api.github.com/repos/sw-yx/awesome-dev-podcasts/statuses/{sha}",       "languages_url": "https://api.github.com/repos/sw-yx/awesome-dev-podcasts/languages",       "stargazers_url": "https://api.github.com/repos/sw-yx/awesome-dev-podcasts/stargazers",       "contributors_url": "https://api.github.com/repos/sw-yx/awesome-dev-podcasts/contributors",       "subscribers_url": "https://api.github.com/repos/sw-yx/awesome-dev-podcasts/subscribers",       "subscription_url": "https://api.github.com/repos/sw-yx/awesome-dev-podcasts/subscription",       "commits_url": "https://api.github.com/repos/sw-yx/awesome-dev-podcasts/commits{/sha}",       "git_commits_url": "https://api.github.com/repos/sw-yx/awesome-dev-podcasts/git/commits{/sha}",       "comments_url": "https://api.github.com/repos/sw-yx/awesome-dev-podcasts/comments{/number}",       "issue_comment_url": "https://api.github.com/repos/sw-yx/awesome-dev-podcasts/issues/comments{/number}",       "contents_url": "https://api.github.com/repos/sw-yx/awesome-dev-podcasts/contents/{+path}",       "compare_url": "https://api.github.com/repos/sw-yx/awesome-dev-podcasts/compare/{base}...{head}",       "merges_url": "https://api.github.com/repos/sw-yx/awesome-dev-podcasts/merges",       "archive_url": "https://api.github.com/repos/sw-yx/awesome-dev-podcasts/{archive_format}{/ref}",       "downloads_url": "https://api.github.com/repos/sw-yx/awesome-dev-podcasts/downloads",       "issues_url": "https://api.github.com/repos/sw-yx/awesome-dev-podcasts/issues{/number}",       "pulls_url": "https://api.github.com/repos/sw-yx/awesome-dev-podcasts/pulls{/number}",       "milestones_url": "https://api.github.com/repos/sw-yx/awesome-dev-podcasts/milestones{/number}",       "notifications_url": "https://api.github.com/repos/sw-yx/awesome-dev-podcasts/notifications{?since,all,participating}",       "labels_url": "https://api.github.com/repos/sw-yx/awesome-dev-podcasts/labels{/name}",       "releases_url": "https://api.github.com/repos/sw-yx/awesome-dev-podcasts/releases{/id}",       "deployments_url": "https://api.github.com/repos/sw-yx/awesome-dev-podcasts/deployments",       "created_at": "2018-02-06T14:32:41Z",       "updated_at": "2019-01-23T00:52:57Z",       "pushed_at": "2018-09-12T14:28:36Z",       "git_url": "git://github.com/sw-yx/awesome-dev-podcasts.git",       "ssh_url": "git@github.com:sw-yx/awesome-dev-podcasts.git",       "clone_url": "https://github.com/sw-yx/awesome-dev-podcasts.git",       "svn_url": "https://github.com/sw-yx/awesome-dev-podcasts",       "homepage": "",       "size": 29,       "stargazers_count": 455,       "watchers_count": 455,       "language": null,       "has_issues": true,       "has_projects": true,       "has_downloads": true,       "has_wiki": true,       "has_pages": false,       "forks_count": 26,       "mirror_url": null,       "archived": false,       "open_issues_count": 3,       "license": null,       "forks": 26,       "open_issues": 3,       "watchers": 455,       "default_branch": "master",       "score": 48.01015     },     {       "id": 18601900,       "node_id": "MDEwOlJlcG9zaXRvcnkxODYwMTkwMA==",       "name": "eliot",       "full_name": "itamarst/eliot",       "private": false,       "owner": {         "login": "itamarst",         "id": 3266662,         "node_id": "MDQ6VXNlcjMyNjY2NjI=",         "avatar_url": "https://avatars1.githubusercontent.com/u/3266662?v=4",         "gravatar_id": "",         "url": "https://api.github.com/users/itamarst",         "html_url": "https://github.com/itamarst",         "followers_url": "https://api.github.com/users/itamarst/followers",         "following_url": "https://api.github.com/users/itamarst/following{/other_user}",         "gists_url": "https://api.github.com/users/itamarst/gists{/gist_id}",         "starred_url": "https://api.github.com/users/itamarst/starred{/owner}{/repo}",         "subscriptions_url": "https://api.github.com/users/itamarst/subscriptions",         "organizations_url": "https://api.github.com/users/itamarst/orgs",         "repos_url": "https://api.github.com/users/itamarst/repos",         "events_url": "https://api.github.com/users/itamarst/events{/privacy}",         "received_events_url": "https://api.github.com/users/itamarst/received_events",         "type": "User",         "site_admin": false       },       "html_url": "https://github.com/itamarst/eliot",       "description": "Eliot: the logging system that tells you *why* it happened",       "fork": false,       "url": "https://api.github.com/repos/itamarst/eliot",       "forks_url": "https://api.github.com/repos/itamarst/eliot/forks",       "keys_url": "https://api.github.com/repos/itamarst/eliot/keys{/key_id}",       "collaborators_url": "https://api.github.com/repos/itamarst/eliot/collaborators{/collaborator}",       "teams_url": "https://api.github.com/repos/itamarst/eliot/teams",       "hooks_url": "https://api.github.com/repos/itamarst/eliot/hooks",       "issue_events_url": "https://api.github.com/repos/itamarst/eliot/issues/events{/number}",       "events_url": "https://api.github.com/repos/itamarst/eliot/events",       "assignees_url": "https://api.github.com/repos/itamarst/eliot/assignees{/user}",       "branches_url": "https://api.github.com/repos/itamarst/eliot/branches{/branch}",       "tags_url": "https://api.github.com/repos/itamarst/eliot/tags",       "blobs_url": "https://api.github.com/repos/itamarst/eliot/git/blobs{/sha}",       "git_tags_url": "https://api.github.com/repos/itamarst/eliot/git/tags{/sha}",       "git_refs_url": "https://api.github.com/repos/itamarst/eliot/git/refs{/sha}",       "trees_url": "https://api.github.com/repos/itamarst/eliot/git/trees{/sha}",       "statuses_url": "https://api.github.com/repos/itamarst/eliot/statuses/{sha}",       "languages_url": "https://api.github.com/repos/itamarst/eliot/languages",       "stargazers_url": "https://api.github.com/repos/itamarst/eliot/stargazers",       "contributors_url": "https://api.github.com/repos/itamarst/eliot/contributors",       "subscribers_url": "https://api.github.com/repos/itamarst/eliot/subscribers",       "subscription_url": "https://api.github.com/repos/itamarst/eliot/subscription",       "commits_url": "https://api.github.com/repos/itamarst/eliot/commits{/sha}",       "git_commits_url": "https://api.github.com/repos/itamarst/eliot/git/commits{/sha}",       "comments_url": "https://api.github.com/repos/itamarst/eliot/comments{/number}",       "issue_comment_url": "https://api.github.com/repos/itamarst/eliot/issues/comments{/number}",       "contents_url": "https://api.github.com/repos/itamarst/eliot/contents/{+path}",       "compare_url": "https://api.github.com/repos/itamarst/eliot/compare/{base}...{head}",       "merges_url": "https://api.github.com/repos/itamarst/eliot/merges",       "archive_url": "https://api.github.com/repos/itamarst/eliot/{archive_format}{/ref}",       "downloads_url": "https://api.github.com/repos/itamarst/eliot/downloads",       "issues_url": "https://api.github.com/repos/itamarst/eliot/issues{/number}",       "pulls_url": "https://api.github.com/repos/itamarst/eliot/pulls{/number}",       "milestones_url": "https://api.github.com/repos/itamarst/eliot/milestones{/number}",       "notifications_url": "https://api.github.com/repos/itamarst/eliot/notifications{?since,all,participating}",       "labels_url": "https://api.github.com/repos/itamarst/eliot/labels{/name}",       "releases_url": "https://api.github.com/repos/itamarst/eliot/releases{/id}",       "deployments_url": "https://api.github.com/repos/itamarst/eliot/deployments",       "created_at": "2014-04-09T15:12:19Z",       "updated_at": "2019-01-25T22:49:37Z",       "pushed_at": "2019-01-02T18:19:45Z",       "git_url": "git://github.com/itamarst/eliot.git",       "ssh_url": "git@github.com:itamarst/eliot.git",       "clone_url": "https://github.com/itamarst/eliot.git",       "svn_url": "https://github.com/itamarst/eliot",       "homepage": "https://eliot.readthedocs.io",       "size": 1017,       "stargazers_count": 445,       "watchers_count": 445,       "language": "Python",       "has_issues": true,       "has_projects": true,       "has_downloads": true,       "has_wiki": true,       "has_pages": false,       "forks_count": 32,       "mirror_url": null,       "archived": false,       "open_issues_count": 89,       "license": {         "key": "apache-2.0",         "name": "Apache License 2.0",         "spdx_id": "Apache-2.0",         "url": "https://api.github.com/licenses/apache-2.0",         "node_id": "MDc6TGljZW5zZTI="       },       "forks": 32,       "open_issues": 89,       "watchers": 445,       "default_branch": "master",       "score": 61.204853     },     {       "id": 164816947,       "node_id": "MDEwOlJlcG9zaXRvcnkxNjQ4MTY5NDc=",       "name": "stockpredictionai",       "full_name": "borisbanushev/stockpredictionai",       "private": false,       "owner": {         "login": "borisbanushev",         "id": 36700291,         "node_id": "MDQ6VXNlcjM2NzAwMjkx",         "avatar_url": "https://avatars3.githubusercontent.com/u/36700291?v=4",         "gravatar_id": "",         "url": "https://api.github.com/users/borisbanushev",         "html_url": "https://github.com/borisbanushev",         "followers_url": "https://api.github.com/users/borisbanushev/followers",         "following_url": "https://api.github.com/users/borisbanushev/following{/other_user}",         "gists_url": "https://api.github.com/users/borisbanushev/gists{/gist_id}",         "starred_url": "https://api.github.com/users/borisbanushev/starred{/owner}{/repo}",         "subscriptions_url": "https://api.github.com/users/borisbanushev/subscriptions",         "organizations_url": "https://api.github.com/users/borisbanushev/orgs",         "repos_url": "https://api.github.com/users/borisbanushev/repos",         "events_url": "https://api.github.com/users/borisbanushev/events{/privacy}",         "received_events_url": "https://api.github.com/users/borisbanushev/received_events",         "type": "User",         "site_admin": false       },       "html_url": "https://github.com/borisbanushev/stockpredictionai",       "description": "       In this noteboook I will create a complete process for predicting stock price movements. Follow along and we will achieve some pretty good results. For that purpose we will use a Generative Adversarial Network (GAN) with LSTM, a type of Recurrent Neural Network, as generator, and a Convolutional Neural Network, CNN, as a discriminator. We use LSTM for the obvious reason that we are trying to predict time series data. Why we use GAN and specifically CNN as a discriminator? That is a good question: there are special sections on that later.",       "fork": false,       "url": "https://api.github.com/repos/borisbanushev/stockpredictionai",       "forks_url": "https://api.github.com/repos/borisbanushev/stockpredictionai/forks",       "keys_url": "https://api.github.com/repos/borisbanushev/stockpredictionai/keys{/key_id}",       "collaborators_url": "https://api.github.com/repos/borisbanushev/stockpredictionai/collaborators{/collaborator}",       "teams_url": "https://api.github.com/repos/borisbanushev/stockpredictionai/teams",       "hooks_url": "https://api.github.com/repos/borisbanushev/stockpredictionai/hooks",       "issue_events_url": "https://api.github.com/repos/borisbanushev/stockpredictionai/issues/events{/number}",       "events_url": "https://api.github.com/repos/borisbanushev/stockpredictionai/events",       "assignees_url": "https://api.github.com/repos/borisbanushev/stockpredictionai/assignees{/user}",       "branches_url": "https://api.github.com/repos/borisbanushev/stockpredictionai/branches{/branch}",       "tags_url": "https://api.github.com/repos/borisbanushev/stockpredictionai/tags",       "blobs_url": "https://api.github.com/repos/borisbanushev/stockpredictionai/git/blobs{/sha}",       "git_tags_url": "https://api.github.com/repos/borisbanushev/stockpredictionai/git/tags{/sha}",       "git_refs_url": "https://api.github.com/repos/borisbanushev/stockpredictionai/git/refs{/sha}",       "trees_url": "https://api.github.com/repos/borisbanushev/stockpredictionai/git/trees{/sha}",       "statuses_url": "https://api.github.com/repos/borisbanushev/stockpredictionai/statuses/{sha}",       "languages_url": "https://api.github.com/repos/borisbanushev/stockpredictionai/languages",       "stargazers_url": "https://api.github.com/repos/borisbanushev/stockpredictionai/stargazers",       "contributors_url": "https://api.github.com/repos/borisbanushev/stockpredictionai/contributors",       "subscribers_url": "https://api.github.com/repos/borisbanushev/stockpredictionai/subscribers",       "subscription_url": "https://api.github.com/repos/borisbanushev/stockpredictionai/subscription",       "commits_url": "https://api.github.com/repos/borisbanushev/stockpredictionai/commits{/sha}",       "git_commits_url": "https://api.github.com/repos/borisbanushev/stockpredictionai/git/commits{/sha}",       "comments_url": "https://api.github.com/repos/borisbanushev/stockpredictionai/comments{/number}",       "issue_comment_url": "https://api.github.com/repos/borisbanushev/stockpredictionai/issues/comments{/number}",       "contents_url": "https://api.github.com/repos/borisbanushev/stockpredictionai/contents/{+path}",       "compare_url": "https://api.github.com/repos/borisbanushev/stockpredictionai/compare/{base}...{head}",       "merges_url": "https://api.github.com/repos/borisbanushev/stockpredictionai/merges",       "archive_url": "https://api.github.com/repos/borisbanushev/stockpredictionai/{archive_format}{/ref}",       "downloads_url": "https://api.github.com/repos/borisbanushev/stockpredictionai/downloads",       "issues_url": "https://api.github.com/repos/borisbanushev/stockpredictionai/issues{/number}",       "pulls_url": "https://api.github.com/repos/borisbanushev/stockpredictionai/pulls{/number}",       "milestones_url": "https://api.github.com/repos/borisbanushev/stockpredictionai/milestones{/number}",       "notifications_url": "https://api.github.com/repos/borisbanushev/stockpredictionai/notifications{?since,all,participating}",       "labels_url": "https://api.github.com/repos/borisbanushev/stockpredictionai/labels{/name}",       "releases_url": "https://api.github.com/repos/borisbanushev/stockpredictionai/releases{/id}",       "deployments_url": "https://api.github.com/repos/borisbanushev/stockpredictionai/deployments",       "created_at": "2019-01-09T08:02:47Z",       "updated_at": "2019-01-28T20:24:48Z",       "pushed_at": "2019-01-24T20:24:50Z",       "git_url": "git://github.com/borisbanushev/stockpredictionai.git",       "ssh_url": "git@github.com:borisbanushev/stockpredictionai.git",       "clone_url": "https://github.com/borisbanushev/stockpredictionai.git",       "svn_url": "https://github.com/borisbanushev/stockpredictionai",       "homepage": "",       "size": 1950,       "stargazers_count": 417,       "watchers_count": 417,       "language": null,       "has_issues": true,       "has_projects": true,       "has_downloads": true,       "has_wiki": true,       "has_pages": false,       "forks_count": 181,       "mirror_url": null,       "archived": false,       "open_issues_count": 12,       "license": null,       "forks": 181,       "open_issues": 12,       "watchers": 417,       "default_branch": "master",       "score": 14.908619     },     {       "id": 35077713,       "node_id": "MDEwOlJlcG9zaXRvcnkzNTA3NzcxMw==",       "name": "whyliam.workflows.youdao",       "full_name": "liszd/whyliam.workflows.youdao",       "private": false,       "owner": {         "login": "liszd",         "id": 3387850,         "node_id": "MDQ6VXNlcjMzODc4NTA=",         "avatar_url": "https://avatars0.githubusercontent.com/u/3387850?v=4",         "gravatar_id": "",         "url": "https://api.github.com/users/liszd",         "html_url": "https://github.com/liszd",         "followers_url": "https://api.github.com/users/liszd/followers",         "following_url": "https://api.github.com/users/liszd/following{/other_user}",         "gists_url": "https://api.github.com/users/liszd/gists{/gist_id}",         "starred_url": "https://api.github.com/users/liszd/starred{/owner}{/repo}",         "subscriptions_url": "https://api.github.com/users/liszd/subscriptions",         "organizations_url": "https://api.github.com/users/liszd/orgs",         "repos_url": "https://api.github.com/users/liszd/repos",         "events_url": "https://api.github.com/users/liszd/events{/privacy}",         "received_events_url": "https://api.github.com/users/liszd/received_events",         "type": "User",         "site_admin": false       },       "html_url": "https://github.com/liszd/whyliam.workflows.youdao",       "description": "使用有道翻译你想知道的单词和语句",       "fork": false,       "url": "https://api.github.com/repos/liszd/whyliam.workflows.youdao",       "forks_url": "https://api.github.com/repos/liszd/whyliam.workflows.youdao/forks",       "keys_url": "https://api.github.com/repos/liszd/whyliam.workflows.youdao/keys{/key_id}",       "collaborators_url": "https://api.github.com/repos/liszd/whyliam.workflows.youdao/collaborators{/collaborator}",       "teams_url": "https://api.github.com/repos/liszd/whyliam.workflows.youdao/teams",       "hooks_url": "https://api.github.com/repos/liszd/whyliam.workflows.youdao/hooks",       "issue_events_url": "https://api.github.com/repos/liszd/whyliam.workflows.youdao/issues/events{/number}",       "events_url": "https://api.github.com/repos/liszd/whyliam.workflows.youdao/events",       "assignees_url": "https://api.github.com/repos/liszd/whyliam.workflows.youdao/assignees{/user}",       "branches_url": "https://api.github.com/repos/liszd/whyliam.workflows.youdao/branches{/branch}",       "tags_url": "https://api.github.com/repos/liszd/whyliam.workflows.youdao/tags",       "blobs_url": "https://api.github.com/repos/liszd/whyliam.workflows.youdao/git/blobs{/sha}",       "git_tags_url": "https://api.github.com/repos/liszd/whyliam.workflows.youdao/git/tags{/sha}",       "git_refs_url": "https://api.github.com/repos/liszd/whyliam.workflows.youdao/git/refs{/sha}",       "trees_url": "https://api.github.com/repos/liszd/whyliam.workflows.youdao/git/trees{/sha}",       "statuses_url": "https://api.github.com/repos/liszd/whyliam.workflows.youdao/statuses/{sha}",       "languages_url": "https://api.github.com/repos/liszd/whyliam.workflows.youdao/languages",       "stargazers_url": "https://api.github.com/repos/liszd/whyliam.workflows.youdao/stargazers",       "contributors_url": "https://api.github.com/repos/liszd/whyliam.workflows.youdao/contributors",       "subscribers_url": "https://api.github.com/repos/liszd/whyliam.workflows.youdao/subscribers",       "subscription_url": "https://api.github.com/repos/liszd/whyliam.workflows.youdao/subscription",       "commits_url": "https://api.github.com/repos/liszd/whyliam.workflows.youdao/commits{/sha}",       "git_commits_url": "https://api.github.com/repos/liszd/whyliam.workflows.youdao/git/commits{/sha}",       "comments_url": "https://api.github.com/repos/liszd/whyliam.workflows.youdao/comments{/number}",       "issue_comment_url": "https://api.github.com/repos/liszd/whyliam.workflows.youdao/issues/comments{/number}",       "contents_url": "https://api.github.com/repos/liszd/whyliam.workflows.youdao/contents/{+path}",       "compare_url": "https://api.github.com/repos/liszd/whyliam.workflows.youdao/compare/{base}...{head}",       "merges_url": "https://api.github.com/repos/liszd/whyliam.workflows.youdao/merges",       "archive_url": "https://api.github.com/repos/liszd/whyliam.workflows.youdao/{archive_format}{/ref}",       "downloads_url": "https://api.github.com/repos/liszd/whyliam.workflows.youdao/downloads",       "issues_url": "https://api.github.com/repos/liszd/whyliam.workflows.youdao/issues{/number}",       "pulls_url": "https://api.github.com/repos/liszd/whyliam.workflows.youdao/pulls{/number}",       "milestones_url": "https://api.github.com/repos/liszd/whyliam.workflows.youdao/milestones{/number}",       "notifications_url": "https://api.github.com/repos/liszd/whyliam.workflows.youdao/notifications{?since,all,participating}",       "labels_url": "https://api.github.com/repos/liszd/whyliam.workflows.youdao/labels{/name}",       "releases_url": "https://api.github.com/repos/liszd/whyliam.workflows.youdao/releases{/id}",       "deployments_url": "https://api.github.com/repos/liszd/whyliam.workflows.youdao/deployments",       "created_at": "2015-05-05T04:23:14Z",       "updated_at": "2019-01-27T04:15:49Z",       "pushed_at": "2018-08-03T05:49:11Z",       "git_url": "git://github.com/liszd/whyliam.workflows.youdao.git",       "ssh_url": "git@github.com:liszd/whyliam.workflows.youdao.git",       "clone_url": "https://github.com/liszd/whyliam.workflows.youdao.git",       "svn_url": "https://github.com/liszd/whyliam.workflows.youdao",       "homepage": "http://blog.naaln.com/2015/05/repeat-create-the-wheel-alfred-plugin-youdao",       "size": 3048,       "stargazers_count": 416,       "watchers_count": 416,       "language": "Python",       "has_issues": true,       "has_projects": true,       "has_downloads": true,       "has_wiki": true,       "has_pages": false,       "forks_count": 72,       "mirror_url": null,       "archived": false,       "open_issues_count": 1,       "license": {         "key": "mit",         "name": "MIT License",         "spdx_id": "MIT",         "url": "https://api.github.com/licenses/mit",         "node_id": "MDc6TGljZW5zZTEz"       },       "forks": 72,       "open_issues": 1,       "watchers": 416,       "default_branch": "master",       "score": 85.41549     },     {       "id": 2192780,       "node_id": "MDEwOlJlcG9zaXRvcnkyMTkyNzgw",       "name": "jOOX",       "full_name": "jOOQ/jOOX",       "private": false,       "owner": {         "login": "jOOQ",         "id": 1666512,         "node_id": "MDEyOk9yZ2FuaXphdGlvbjE2NjY1MTI=",         "avatar_url": "https://avatars3.githubusercontent.com/u/1666512?v=4",         "gravatar_id": "",         "url": "https://api.github.com/users/jOOQ",         "html_url": "https://github.com/jOOQ",         "followers_url": "https://api.github.com/users/jOOQ/followers",         "following_url": "https://api.github.com/users/jOOQ/following{/other_user}",         "gists_url": "https://api.github.com/users/jOOQ/gists{/gist_id}",         "starred_url": "https://api.github.com/users/jOOQ/starred{/owner}{/repo}",         "subscriptions_url": "https://api.github.com/users/jOOQ/subscriptions",         "organizations_url": "https://api.github.com/users/jOOQ/orgs",         "repos_url": "https://api.github.com/users/jOOQ/repos",         "events_url": "https://api.github.com/users/jOOQ/events{/privacy}",         "received_events_url": "https://api.github.com/users/jOOQ/received_events",         "type": "Organization",         "site_admin": false       },       "html_url": "https://github.com/jOOQ/jOOX",       "description": "jOOX - The Power of jQuery Applied to W3C DOM Like JDBC, DOM is a powerful, yet very verbose low-level API to manipulate XML. The HTML DOM an be manipulated with the popular jQuery product, in JavaScript. Why don't we have jQuery in Java? jOOX is jQuery's XML parts, applied to Java.",       "fork": false,       "url": "https://api.github.com/repos/jOOQ/jOOX",       "forks_url": "https://api.github.com/repos/jOOQ/jOOX/forks",       "keys_url": "https://api.github.com/repos/jOOQ/jOOX/keys{/key_id}",       "collaborators_url": "https://api.github.com/repos/jOOQ/jOOX/collaborators{/collaborator}",       "teams_url": "https://api.github.com/repos/jOOQ/jOOX/teams",       "hooks_url": "https://api.github.com/repos/jOOQ/jOOX/hooks",       "issue_events_url": "https://api.github.com/repos/jOOQ/jOOX/issues/events{/number}",       "events_url": "https://api.github.com/repos/jOOQ/jOOX/events",       "assignees_url": "https://api.github.com/repos/jOOQ/jOOX/assignees{/user}",       "branches_url": "https://api.github.com/repos/jOOQ/jOOX/branches{/branch}",       "tags_url": "https://api.github.com/repos/jOOQ/jOOX/tags",       "blobs_url": "https://api.github.com/repos/jOOQ/jOOX/git/blobs{/sha}",       "git_tags_url": "https://api.github.com/repos/jOOQ/jOOX/git/tags{/sha}",       "git_refs_url": "https://api.github.com/repos/jOOQ/jOOX/git/refs{/sha}",       "trees_url": "https://api.github.com/repos/jOOQ/jOOX/git/trees{/sha}",       "statuses_url": "https://api.github.com/repos/jOOQ/jOOX/statuses/{sha}",       "languages_url": "https://api.github.com/repos/jOOQ/jOOX/languages",       "stargazers_url": "https://api.github.com/repos/jOOQ/jOOX/stargazers",       "contributors_url": "https://api.github.com/repos/jOOQ/jOOX/contributors",       "subscribers_url": "https://api.github.com/repos/jOOQ/jOOX/subscribers",       "subscription_url": "https://api.github.com/repos/jOOQ/jOOX/subscription",       "commits_url": "https://api.github.com/repos/jOOQ/jOOX/commits{/sha}",       "git_commits_url": "https://api.github.com/repos/jOOQ/jOOX/git/commits{/sha}",       "comments_url": "https://api.github.com/repos/jOOQ/jOOX/comments{/number}",       "issue_comment_url": "https://api.github.com/repos/jOOQ/jOOX/issues/comments{/number}",       "contents_url": "https://api.github.com/repos/jOOQ/jOOX/contents/{+path}",       "compare_url": "https://api.github.com/repos/jOOQ/jOOX/compare/{base}...{head}",       "merges_url": "https://api.github.com/repos/jOOQ/jOOX/merges",       "archive_url": "https://api.github.com/repos/jOOQ/jOOX/{archive_format}{/ref}",       "downloads_url": "https://api.github.com/repos/jOOQ/jOOX/downloads",       "issues_url": "https://api.github.com/repos/jOOQ/jOOX/issues{/number}",       "pulls_url": "https://api.github.com/repos/jOOQ/jOOX/pulls{/number}",       "milestones_url": "https://api.github.com/repos/jOOQ/jOOX/milestones{/number}",       "notifications_url": "https://api.github.com/repos/jOOQ/jOOX/notifications{?since,all,participating}",       "labels_url": "https://api.github.com/repos/jOOQ/jOOX/labels{/name}",       "releases_url": "https://api.github.com/repos/jOOQ/jOOX/releases{/id}",       "deployments_url": "https://api.github.com/repos/jOOQ/jOOX/deployments",       "created_at": "2011-08-11T18:08:47Z",       "updated_at": "2019-01-29T02:59:21Z",       "pushed_at": "2018-09-10T11:04:36Z",       "git_url": "git://github.com/jOOQ/jOOX.git",       "ssh_url": "git@github.com:jOOQ/jOOX.git",       "clone_url": "https://github.com/jOOQ/jOOX.git",       "svn_url": "https://github.com/jOOQ/jOOX",       "homepage": "http://www.jooq.org/products",       "size": 678,       "stargazers_count": 393,       "watchers_count": 393,       "language": "Java",       "has_issues": true,       "has_projects": true,       "has_downloads": true,       "has_wiki": true,       "has_pages": false,       "forks_count": 33,       "mirror_url": null,       "archived": false,       "open_issues_count": 47,       "license": {         "key": "apache-2.0",         "name": "Apache License 2.0",         "spdx_id": "Apache-2.0",         "url": "https://api.github.com/licenses/apache-2.0",         "node_id": "MDc6TGljZW5zZTI="       },       "forks": 33,       "open_issues": 47,       "watchers": 393,       "default_branch": "master",       "score": 19.78779     },     {       "id": 122733470,       "node_id": "MDEwOlJlcG9zaXRvcnkxMjI3MzM0NzA=",       "name": "whybundled",       "full_name": "d4rkr00t/whybundled",       "private": false,       "owner": {         "login": "d4rkr00t",         "id": 200119,         "node_id": "MDQ6VXNlcjIwMDExOQ==",         "avatar_url": "https://avatars2.githubusercontent.com/u/200119?v=4",         "gravatar_id": "",         "url": "https://api.github.com/users/d4rkr00t",         "html_url": "https://github.com/d4rkr00t",         "followers_url": "https://api.github.com/users/d4rkr00t/followers",         "following_url": "https://api.github.com/users/d4rkr00t/following{/other_user}",         "gists_url": "https://api.github.com/users/d4rkr00t/gists{/gist_id}",         "starred_url": "https://api.github.com/users/d4rkr00t/starred{/owner}{/repo}",         "subscriptions_url": "https://api.github.com/users/d4rkr00t/subscriptions",         "organizations_url": "https://api.github.com/users/d4rkr00t/orgs",         "repos_url": "https://api.github.com/users/d4rkr00t/repos",         "events_url": "https://api.github.com/users/d4rkr00t/events{/privacy}",         "received_events_url": "https://api.github.com/users/d4rkr00t/received_events",         "type": "User",         "site_admin": false       },       "html_url": "https://github.com/d4rkr00t/whybundled",       "description": "Answers the question – Why the hell is this module in a bundle?",       "fork": false,       "url": "https://api.github.com/repos/d4rkr00t/whybundled",       "forks_url": "https://api.github.com/repos/d4rkr00t/whybundled/forks",       "keys_url": "https://api.github.com/repos/d4rkr00t/whybundled/keys{/key_id}",       "collaborators_url": "https://api.github.com/repos/d4rkr00t/whybundled/collaborators{/collaborator}",       "teams_url": "https://api.github.com/repos/d4rkr00t/whybundled/teams",       "hooks_url": "https://api.github.com/repos/d4rkr00t/whybundled/hooks",       "issue_events_url": "https://api.github.com/repos/d4rkr00t/whybundled/issues/events{/number}",       "events_url": "https://api.github.com/repos/d4rkr00t/whybundled/events",       "assignees_url": "https://api.github.com/repos/d4rkr00t/whybundled/assignees{/user}",       "branches_url": "https://api.github.com/repos/d4rkr00t/whybundled/branches{/branch}",       "tags_url": "https://api.github.com/repos/d4rkr00t/whybundled/tags",       "blobs_url": "https://api.github.com/repos/d4rkr00t/whybundled/git/blobs{/sha}",       "git_tags_url": "https://api.github.com/repos/d4rkr00t/whybundled/git/tags{/sha}",       "git_refs_url": "https://api.github.com/repos/d4rkr00t/whybundled/git/refs{/sha}",       "trees_url": "https://api.github.com/repos/d4rkr00t/whybundled/git/trees{/sha}",       "statuses_url": "https://api.github.com/repos/d4rkr00t/whybundled/statuses/{sha}",       "languages_url": "https://api.github.com/repos/d4rkr00t/whybundled/languages",       "stargazers_url": "https://api.github.com/repos/d4rkr00t/whybundled/stargazers",       "contributors_url": "https://api.github.com/repos/d4rkr00t/whybundled/contributors",       "subscribers_url": "https://api.github.com/repos/d4rkr00t/whybundled/subscribers",       "subscription_url": "https://api.github.com/repos/d4rkr00t/whybundled/subscription",       "commits_url": "https://api.github.com/repos/d4rkr00t/whybundled/commits{/sha}",       "git_commits_url": "https://api.github.com/repos/d4rkr00t/whybundled/git/commits{/sha}",       "comments_url": "https://api.github.com/repos/d4rkr00t/whybundled/comments{/number}",       "issue_comment_url": "https://api.github.com/repos/d4rkr00t/whybundled/issues/comments{/number}",       "contents_url": "https://api.github.com/repos/d4rkr00t/whybundled/contents/{+path}",       "compare_url": "https://api.github.com/repos/d4rkr00t/whybundled/compare/{base}...{head}",       "merges_url": "https://api.github.com/repos/d4rkr00t/whybundled/merges",       "archive_url": "https://api.github.com/repos/d4rkr00t/whybundled/{archive_format}{/ref}",       "downloads_url": "https://api.github.com/repos/d4rkr00t/whybundled/downloads",       "issues_url": "https://api.github.com/repos/d4rkr00t/whybundled/issues{/number}",       "pulls_url": "https://api.github.com/repos/d4rkr00t/whybundled/pulls{/number}",       "milestones_url": "https://api.github.com/repos/d4rkr00t/whybundled/milestones{/number}",       "notifications_url": "https://api.github.com/repos/d4rkr00t/whybundled/notifications{?since,all,participating}",       "labels_url": "https://api.github.com/repos/d4rkr00t/whybundled/labels{/name}",       "releases_url": "https://api.github.com/repos/d4rkr00t/whybundled/releases{/id}",       "deployments_url": "https://api.github.com/repos/d4rkr00t/whybundled/deployments",       "created_at": "2018-02-24T11:12:27Z",       "updated_at": "2019-01-23T19:10:27Z",       "pushed_at": "2018-08-20T15:27:01Z",       "git_url": "git://github.com/d4rkr00t/whybundled.git",       "ssh_url": "git@github.com:d4rkr00t/whybundled.git",       "clone_url": "https://github.com/d4rkr00t/whybundled.git",       "svn_url": "https://github.com/d4rkr00t/whybundled",       "homepage": "",       "size": 2003,       "stargazers_count": 374,       "watchers_count": 374,       "language": "JavaScript",       "has_issues": true,       "has_projects": true,       "has_downloads": true,       "has_wiki": true,       "has_pages": false,       "forks_count": 8,       "mirror_url": null,       "archived": false,       "open_issues_count": 0,       "license": {         "key": "mit",         "name": "MIT License",         "spdx_id": "MIT",         "url": "https://api.github.com/licenses/mit",         "node_id": "MDc6TGljZW5zZTEz"       },       "forks": 8,       "open_issues": 0,       "watchers": 374,       "default_branch": "master",       "score": 68.711235     },     {       "id": 9549719,       "node_id": "MDEwOlJlcG9zaXRvcnk5NTQ5NzE5",       "name": "CLOSURE",       "full_name": "steveklabnik/CLOSURE",       "private": false,       "owner": {         "login": "steveklabnik",         "id": 27786,         "node_id": "MDQ6VXNlcjI3Nzg2",         "avatar_url": "https://avatars2.githubusercontent.com/u/27786?v=4",         "gravatar_id": "",         "url": "https://api.github.com/users/steveklabnik",         "html_url": "https://github.com/steveklabnik",         "followers_url": "https://api.github.com/users/steveklabnik/followers",         "following_url": "https://api.github.com/users/steveklabnik/following{/other_user}",         "gists_url": "https://api.github.com/users/steveklabnik/gists{/gist_id}",         "starred_url": "https://api.github.com/users/steveklabnik/starred{/owner}{/repo}",         "subscriptions_url": "https://api.github.com/users/steveklabnik/subscriptions",         "organizations_url": "https://api.github.com/users/steveklabnik/orgs",         "repos_url": "https://api.github.com/users/steveklabnik/repos",         "events_url": "https://api.github.com/users/steveklabnik/events{/privacy}",         "received_events_url": "https://api.github.com/users/steveklabnik/received_events",         "type": "User",         "site_admin": false       },       "html_url": "https://github.com/steveklabnik/CLOSURE",       "description": "Thanks, _why.",       "fork": false,       "url": "https://api.github.com/repos/steveklabnik/CLOSURE",       "forks_url": "https://api.github.com/repos/steveklabnik/CLOSURE/forks",       "keys_url": "https://api.github.com/repos/steveklabnik/CLOSURE/keys{/key_id}",       "collaborators_url": "https://api.github.com/repos/steveklabnik/CLOSURE/collaborators{/collaborator}",       "teams_url": "https://api.github.com/repos/steveklabnik/CLOSURE/teams",       "hooks_url": "https://api.github.com/repos/steveklabnik/CLOSURE/hooks",       "issue_events_url": "https://api.github.com/repos/steveklabnik/CLOSURE/issues/events{/number}",       "events_url": "https://api.github.com/repos/steveklabnik/CLOSURE/events",       "assignees_url": "https://api.github.com/repos/steveklabnik/CLOSURE/assignees{/user}",       "branches_url": "https://api.github.com/repos/steveklabnik/CLOSURE/branches{/branch}",       "tags_url": "https://api.github.com/repos/steveklabnik/CLOSURE/tags",       "blobs_url": "https://api.github.com/repos/steveklabnik/CLOSURE/git/blobs{/sha}",       "git_tags_url": "https://api.github.com/repos/steveklabnik/CLOSURE/git/tags{/sha}",       "git_refs_url": "https://api.github.com/repos/steveklabnik/CLOSURE/git/refs{/sha}",       "trees_url": "https://api.github.com/repos/steveklabnik/CLOSURE/git/trees{/sha}",       "statuses_url": "https://api.github.com/repos/steveklabnik/CLOSURE/statuses/{sha}",       "languages_url": "https://api.github.com/repos/steveklabnik/CLOSURE/languages",       "stargazers_url": "https://api.github.com/repos/steveklabnik/CLOSURE/stargazers",       "contributors_url": "https://api.github.com/repos/steveklabnik/CLOSURE/contributors",       "subscribers_url": "https://api.github.com/repos/steveklabnik/CLOSURE/subscribers",       "subscription_url": "https://api.github.com/repos/steveklabnik/CLOSURE/subscription",       "commits_url": "https://api.github.com/repos/steveklabnik/CLOSURE/commits{/sha}",       "git_commits_url": "https://api.github.com/repos/steveklabnik/CLOSURE/git/commits{/sha}",       "comments_url": "https://api.github.com/repos/steveklabnik/CLOSURE/comments{/number}",       "issue_comment_url": "https://api.github.com/repos/steveklabnik/CLOSURE/issues/comments{/number}",       "contents_url": "https://api.github.com/repos/steveklabnik/CLOSURE/contents/{+path}",       "compare_url": "https://api.github.com/repos/steveklabnik/CLOSURE/compare/{base}...{head}",       "merges_url": "https://api.github.com/repos/steveklabnik/CLOSURE/merges",       "archive_url": "https://api.github.com/repos/steveklabnik/CLOSURE/{archive_format}{/ref}",       "downloads_url": "https://api.github.com/repos/steveklabnik/CLOSURE/downloads",       "issues_url": "https://api.github.com/repos/steveklabnik/CLOSURE/issues{/number}",       "pulls_url": "https://api.github.com/repos/steveklabnik/CLOSURE/pulls{/number}",       "milestones_url": "https://api.github.com/repos/steveklabnik/CLOSURE/milestones{/number}",       "notifications_url": "https://api.github.com/repos/steveklabnik/CLOSURE/notifications{?since,all,participating}",       "labels_url": "https://api.github.com/repos/steveklabnik/CLOSURE/labels{/name}",       "releases_url": "https://api.github.com/repos/steveklabnik/CLOSURE/releases{/id}",       "deployments_url": "https://api.github.com/repos/steveklabnik/CLOSURE/deployments",       "created_at": "2013-04-19T16:35:35Z",       "updated_at": "2019-01-25T03:10:45Z",       "pushed_at": "2016-08-19T21:52:58Z",       "git_url": "git://github.com/steveklabnik/CLOSURE.git",       "ssh_url": "git@github.com:steveklabnik/CLOSURE.git",       "clone_url": "https://github.com/steveklabnik/CLOSURE.git",       "svn_url": "https://github.com/steveklabnik/CLOSURE",       "homepage": null,       "size": 98819,       "stargazers_count": 347,       "watchers_count": 347,       "language": null,       "has_issues": true,       "has_projects": true,       "has_downloads": true,       "has_wiki": true,       "has_pages": false,       "forks_count": 29,       "mirror_url": null,       "archived": false,       "open_issues_count": 1,       "license": null,       "forks": 29,       "open_issues": 1,       "watchers": 347,       "default_branch": "master",       "score": 83.84051     },     {       "id": 285132,       "node_id": "MDEwOlJlcG9zaXRvcnkyODUxMzI=",       "name": "TryRuby",       "full_name": "Sophrinix/TryRuby",       "private": false,       "owner": {         "login": "Sophrinix",         "id": 34090,         "node_id": "MDQ6VXNlcjM0MDkw",         "avatar_url": "https://avatars1.githubusercontent.com/u/34090?v=4",         "gravatar_id": "",         "url": "https://api.github.com/users/Sophrinix",         "html_url": "https://github.com/Sophrinix",         "followers_url": "https://api.github.com/users/Sophrinix/followers",         "following_url": "https://api.github.com/users/Sophrinix/following{/other_user}",         "gists_url": "https://api.github.com/users/Sophrinix/gists{/gist_id}",         "starred_url": "https://api.github.com/users/Sophrinix/starred{/owner}{/repo}",         "subscriptions_url": "https://api.github.com/users/Sophrinix/subscriptions",         "organizations_url": "https://api.github.com/users/Sophrinix/orgs",         "repos_url": "https://api.github.com/users/Sophrinix/repos",         "events_url": "https://api.github.com/users/Sophrinix/events{/privacy}",         "received_events_url": "https://api.github.com/users/Sophrinix/received_events",         "type": "User",         "site_admin": false       },       "html_url": "https://github.com/Sophrinix/TryRuby",       "description": "Try Ruby is a interactive shell that quickly and whimsically teaches the Ruby programming language. Originally _why's idea, it has been recreated from the ground up by Rubyists who have a passion for Ruby and for teaching their fellow (wo)man how to program.",       "fork": false,       "url": "https://api.github.com/repos/Sophrinix/TryRuby",       "forks_url": "https://api.github.com/repos/Sophrinix/TryRuby/forks",       "keys_url": "https://api.github.com/repos/Sophrinix/TryRuby/keys{/key_id}",       "collaborators_url": "https://api.github.com/repos/Sophrinix/TryRuby/collaborators{/collaborator}",       "teams_url": "https://api.github.com/repos/Sophrinix/TryRuby/teams",       "hooks_url": "https://api.github.com/repos/Sophrinix/TryRuby/hooks",       "issue_events_url": "https://api.github.com/repos/Sophrinix/TryRuby/issues/events{/number}",       "events_url": "https://api.github.com/repos/Sophrinix/TryRuby/events",       "assignees_url": "https://api.github.com/repos/Sophrinix/TryRuby/assignees{/user}",       "branches_url": "https://api.github.com/repos/Sophrinix/TryRuby/branches{/branch}",       "tags_url": "https://api.github.com/repos/Sophrinix/TryRuby/tags",       "blobs_url": "https://api.github.com/repos/Sophrinix/TryRuby/git/blobs{/sha}",       "git_tags_url": "https://api.github.com/repos/Sophrinix/TryRuby/git/tags{/sha}",       "git_refs_url": "https://api.github.com/repos/Sophrinix/TryRuby/git/refs{/sha}",       "trees_url": "https://api.github.com/repos/Sophrinix/TryRuby/git/trees{/sha}",       "statuses_url": "https://api.github.com/repos/Sophrinix/TryRuby/statuses/{sha}",       "languages_url": "https://api.github.com/repos/Sophrinix/TryRuby/languages",       "stargazers_url": "https://api.github.com/repos/Sophrinix/TryRuby/stargazers",       "contributors_url": "https://api.github.com/repos/Sophrinix/TryRuby/contributors",       "subscribers_url": "https://api.github.com/repos/Sophrinix/TryRuby/subscribers",       "subscription_url": "https://api.github.com/repos/Sophrinix/TryRuby/subscription",       "commits_url": "https://api.github.com/repos/Sophrinix/TryRuby/commits{/sha}",       "git_commits_url": "https://api.github.com/repos/Sophrinix/TryRuby/git/commits{/sha}",       "comments_url": "https://api.github.com/repos/Sophrinix/TryRuby/comments{/number}",       "issue_comment_url": "https://api.github.com/repos/Sophrinix/TryRuby/issues/comments{/number}",       "contents_url": "https://api.github.com/repos/Sophrinix/TryRuby/contents/{+path}",       "compare_url": "https://api.github.com/repos/Sophrinix/TryRuby/compare/{base}...{head}",       "merges_url": "https://api.github.com/repos/Sophrinix/TryRuby/merges",       "archive_url": "https://api.github.com/repos/Sophrinix/TryRuby/{archive_format}{/ref}",       "downloads_url": "https://api.github.com/repos/Sophrinix/TryRuby/downloads",       "issues_url": "https://api.github.com/repos/Sophrinix/TryRuby/issues{/number}",       "pulls_url": "https://api.github.com/repos/Sophrinix/TryRuby/pulls{/number}",       "milestones_url": "https://api.github.com/repos/Sophrinix/TryRuby/milestones{/number}",       "notifications_url": "https://api.github.com/repos/Sophrinix/TryRuby/notifications{?since,all,participating}",       "labels_url": "https://api.github.com/repos/Sophrinix/TryRuby/labels{/name}",       "releases_url": "https://api.github.com/repos/Sophrinix/TryRuby/releases{/id}",       "deployments_url": "https://api.github.com/repos/Sophrinix/TryRuby/deployments",       "created_at": "2009-08-22T17:31:37Z",       "updated_at": "2019-01-21T09:33:14Z",       "pushed_at": "2018-06-02T04:32:55Z",       "git_url": "git://github.com/Sophrinix/TryRuby.git",       "ssh_url": "git@github.com:Sophrinix/TryRuby.git",       "clone_url": "https://github.com/Sophrinix/TryRuby.git",       "svn_url": "https://github.com/Sophrinix/TryRuby",       "homepage": "tryruby.org",       "size": 881,       "stargazers_count": 346,       "watchers_count": 346,       "language": "HTML",       "has_issues": true,       "has_projects": true,       "has_downloads": true,       "has_wiki": true,       "has_pages": false,       "forks_count": 82,       "mirror_url": null,       "archived": false,       "open_issues_count": 69,       "license": null,       "forks": 82,       "open_issues": 69,       "watchers": 346,       "default_branch": "master",       "score": 21.902386     },     {       "id": 139259807,       "node_id": "MDEwOlJlcG9zaXRvcnkxMzkyNTk4MDc=",       "name": "UserDefaultsStore",       "full_name": "omaralbeik/UserDefaultsStore",       "private": false,       "owner": {         "login": "omaralbeik",         "id": 8127757,         "node_id": "MDQ6VXNlcjgxMjc3NTc=",         "avatar_url": "https://avatars2.githubusercontent.com/u/8127757?v=4",         "gravatar_id": "",         "url": "https://api.github.com/users/omaralbeik",         "html_url": "https://github.com/omaralbeik",         "followers_url": "https://api.github.com/users/omaralbeik/followers",         "following_url": "https://api.github.com/users/omaralbeik/following{/other_user}",         "gists_url": "https://api.github.com/users/omaralbeik/gists{/gist_id}",         "starred_url": "https://api.github.com/users/omaralbeik/starred{/owner}{/repo}",         "subscriptions_url": "https://api.github.com/users/omaralbeik/subscriptions",         "organizations_url": "https://api.github.com/users/omaralbeik/orgs",         "repos_url": "https://api.github.com/users/omaralbeik/repos",         "events_url": "https://api.github.com/users/omaralbeik/events{/privacy}",         "received_events_url": "https://api.github.com/users/omaralbeik/received_events",         "type": "User",         "site_admin": false       },       "html_url": "https://github.com/omaralbeik/UserDefaultsStore",       "description": "Why not use UserDefaults to store Codable objects 😉",       "fork": false,       "url": "https://api.github.com/repos/omaralbeik/UserDefaultsStore",       "forks_url": "https://api.github.com/repos/omaralbeik/UserDefaultsStore/forks",       "keys_url": "https://api.github.com/repos/omaralbeik/UserDefaultsStore/keys{/key_id}",       "collaborators_url": "https://api.github.com/repos/omaralbeik/UserDefaultsStore/collaborators{/collaborator}",       "teams_url": "https://api.github.com/repos/omaralbeik/UserDefaultsStore/teams",       "hooks_url": "https://api.github.com/repos/omaralbeik/UserDefaultsStore/hooks",       "issue_events_url": "https://api.github.com/repos/omaralbeik/UserDefaultsStore/issues/events{/number}",       "events_url": "https://api.github.com/repos/omaralbeik/UserDefaultsStore/events",       "assignees_url": "https://api.github.com/repos/omaralbeik/UserDefaultsStore/assignees{/user}",       "branches_url": "https://api.github.com/repos/omaralbeik/UserDefaultsStore/branches{/branch}",       "tags_url": "https://api.github.com/repos/omaralbeik/UserDefaultsStore/tags",       "blobs_url": "https://api.github.com/repos/omaralbeik/UserDefaultsStore/git/blobs{/sha}",       "git_tags_url": "https://api.github.com/repos/omaralbeik/UserDefaultsStore/git/tags{/sha}",       "git_refs_url": "https://api.github.com/repos/omaralbeik/UserDefaultsStore/git/refs{/sha}",       "trees_url": "https://api.github.com/repos/omaralbeik/UserDefaultsStore/git/trees{/sha}",       "statuses_url": "https://api.github.com/repos/omaralbeik/UserDefaultsStore/statuses/{sha}",       "languages_url": "https://api.github.com/repos/omaralbeik/UserDefaultsStore/languages",       "stargazers_url": "https://api.github.com/repos/omaralbeik/UserDefaultsStore/stargazers",       "contributors_url": "https://api.github.com/repos/omaralbeik/UserDefaultsStore/contributors",       "subscribers_url": "https://api.github.com/repos/omaralbeik/UserDefaultsStore/subscribers",       "subscription_url": "https://api.github.com/repos/omaralbeik/UserDefaultsStore/subscription",       "commits_url": "https://api.github.com/repos/omaralbeik/UserDefaultsStore/commits{/sha}",       "git_commits_url": "https://api.github.com/repos/omaralbeik/UserDefaultsStore/git/commits{/sha}",       "comments_url": "https://api.github.com/repos/omaralbeik/UserDefaultsStore/comments{/number}",       "issue_comment_url": "https://api.github.com/repos/omaralbeik/UserDefaultsStore/issues/comments{/number}",       "contents_url": "https://api.github.com/repos/omaralbeik/UserDefaultsStore/contents/{+path}",       "compare_url": "https://api.github.com/repos/omaralbeik/UserDefaultsStore/compare/{base}...{head}",       "merges_url": "https://api.github.com/repos/omaralbeik/UserDefaultsStore/merges",       "archive_url": "https://api.github.com/repos/omaralbeik/UserDefaultsStore/{archive_format}{/ref}",       "downloads_url": "https://api.github.com/repos/omaralbeik/UserDefaultsStore/downloads",       "issues_url": "https://api.github.com/repos/omaralbeik/UserDefaultsStore/issues{/number}",       "pulls_url": "https://api.github.com/repos/omaralbeik/UserDefaultsStore/pulls{/number}",       "milestones_url": "https://api.github.com/repos/omaralbeik/UserDefaultsStore/milestones{/number}",       "notifications_url": "https://api.github.com/repos/omaralbeik/UserDefaultsStore/notifications{?since,all,participating}",       "labels_url": "https://api.github.com/repos/omaralbeik/UserDefaultsStore/labels{/name}",       "releases_url": "https://api.github.com/repos/omaralbeik/UserDefaultsStore/releases{/id}",       "deployments_url": "https://api.github.com/repos/omaralbeik/UserDefaultsStore/deployments",       "created_at": "2018-06-30T15:29:31Z",       "updated_at": "2019-01-28T22:49:33Z",       "pushed_at": "2018-11-08T05:49:36Z",       "git_url": "git://github.com/omaralbeik/UserDefaultsStore.git",       "ssh_url": "git@github.com:omaralbeik/UserDefaultsStore.git",       "clone_url": "https://github.com/omaralbeik/UserDefaultsStore.git",       "svn_url": "https://github.com/omaralbeik/UserDefaultsStore",       "homepage": null,       "size": 388,       "stargazers_count": 311,       "watchers_count": 311,       "language": "Swift",       "has_issues": true,       "has_projects": false,       "has_downloads": true,       "has_wiki": false,       "has_pages": false,       "forks_count": 13,       "mirror_url": null,       "archived": false,       "open_issues_count": 2,       "license": {         "key": "mit",         "name": "MIT License",         "spdx_id": "MIT",         "url": "https://api.github.com/licenses/mit",         "node_id": "MDc6TGljZW5zZTEz"       },       "forks": 13,       "open_issues": 2,       "watchers": 311,       "default_branch": "master",       "score": 51.52981     },     {       "id": 1666180,       "node_id": "MDEwOlJlcG9zaXRvcnkxNjY2MTgw",       "name": "why_i_love_github",       "full_name": "schacon/why_i_love_github",       "private": false,       "owner": {         "login": "schacon",         "id": 70,         "node_id": "MDQ6VXNlcjcw",         "avatar_url": "https://avatars0.githubusercontent.com/u/70?v=4",         "gravatar_id": "",         "url": "https://api.github.com/users/schacon",         "html_url": "https://github.com/schacon",         "followers_url": "https://api.github.com/users/schacon/followers",         "following_url": "https://api.github.com/users/schacon/following{/other_user}",         "gists_url": "https://api.github.com/users/schacon/gists{/gist_id}",         "starred_url": "https://api.github.com/users/schacon/starred{/owner}{/repo}",         "subscriptions_url": "https://api.github.com/users/schacon/subscriptions",         "organizations_url": "https://api.github.com/users/schacon/orgs",         "repos_url": "https://api.github.com/users/schacon/repos",         "events_url": "https://api.github.com/users/schacon/events{/privacy}",         "received_events_url": "https://api.github.com/users/schacon/received_events",         "type": "User",         "site_admin": false       },       "html_url": "https://github.com/schacon/why_i_love_github",       "description": null,       "fork": false,       "url": "https://api.github.com/repos/schacon/why_i_love_github",       "forks_url": "https://api.github.com/repos/schacon/why_i_love_github/forks",       "keys_url": "https://api.github.com/repos/schacon/why_i_love_github/keys{/key_id}",       "collaborators_url": "https://api.github.com/repos/schacon/why_i_love_github/collaborators{/collaborator}",       "teams_url": "https://api.github.com/repos/schacon/why_i_love_github/teams",       "hooks_url": "https://api.github.com/repos/schacon/why_i_love_github/hooks",       "issue_events_url": "https://api.github.com/repos/schacon/why_i_love_github/issues/events{/number}",       "events_url": "https://api.github.com/repos/schacon/why_i_love_github/events",       "assignees_url": "https://api.github.com/repos/schacon/why_i_love_github/assignees{/user}",       "branches_url": "https://api.github.com/repos/schacon/why_i_love_github/branches{/branch}",       "tags_url": "https://api.github.com/repos/schacon/why_i_love_github/tags",       "blobs_url": "https://api.github.com/repos/schacon/why_i_love_github/git/blobs{/sha}",       "git_tags_url": "https://api.github.com/repos/schacon/why_i_love_github/git/tags{/sha}",       "git_refs_url": "https://api.github.com/repos/schacon/why_i_love_github/git/refs{/sha}",       "trees_url": "https://api.github.com/repos/schacon/why_i_love_github/git/trees{/sha}",       "statuses_url": "https://api.github.com/repos/schacon/why_i_love_github/statuses/{sha}",       "languages_url": "https://api.github.com/repos/schacon/why_i_love_github/languages",       "stargazers_url": "https://api.github.com/repos/schacon/why_i_love_github/stargazers",       "contributors_url": "https://api.github.com/repos/schacon/why_i_love_github/contributors",       "subscribers_url": "https://api.github.com/repos/schacon/why_i_love_github/subscribers",       "subscription_url": "https://api.github.com/repos/schacon/why_i_love_github/subscription",       "commits_url": "https://api.github.com/repos/schacon/why_i_love_github/commits{/sha}",       "git_commits_url": "https://api.github.com/repos/schacon/why_i_love_github/git/commits{/sha}",       "comments_url": "https://api.github.com/repos/schacon/why_i_love_github/comments{/number}",       "issue_comment_url": "https://api.github.com/repos/schacon/why_i_love_github/issues/comments{/number}",       "contents_url": "https://api.github.com/repos/schacon/why_i_love_github/contents/{+path}",       "compare_url": "https://api.github.com/repos/schacon/why_i_love_github/compare/{base}...{head}",       "merges_url": "https://api.github.com/repos/schacon/why_i_love_github/merges",       "archive_url": "https://api.github.com/repos/schacon/why_i_love_github/{archive_format}{/ref}",       "downloads_url": "https://api.github.com/repos/schacon/why_i_love_github/downloads",       "issues_url": "https://api.github.com/repos/schacon/why_i_love_github/issues{/number}",       "pulls_url": "https://api.github.com/repos/schacon/why_i_love_github/pulls{/number}",       "milestones_url": "https://api.github.com/repos/schacon/why_i_love_github/milestones{/number}",       "notifications_url": "https://api.github.com/repos/schacon/why_i_love_github/notifications{?since,all,participating}",       "labels_url": "https://api.github.com/repos/schacon/why_i_love_github/labels{/name}",       "releases_url": "https://api.github.com/repos/schacon/why_i_love_github/releases{/id}",       "deployments_url": "https://api.github.com/repos/schacon/why_i_love_github/deployments",       "created_at": "2011-04-26T17:18:57Z",       "updated_at": "2018-12-26T22:44:49Z",       "pushed_at": "2018-09-06T06:18:12Z",       "git_url": "git://github.com/schacon/why_i_love_github.git",       "ssh_url": "git@github.com:schacon/why_i_love_github.git",       "clone_url": "https://github.com/schacon/why_i_love_github.git",       "svn_url": "https://github.com/schacon/why_i_love_github",       "homepage": "",       "size": 296,       "stargazers_count": 269,       "watchers_count": 269,       "language": null,       "has_issues": true,       "has_projects": true,       "has_downloads": true,       "has_wiki": true,       "has_pages": false,       "forks_count": 202,       "mirror_url": null,       "archived": false,       "open_issues_count": 115,       "license": null,       "forks": 202,       "open_issues": 115,       "watchers": 269,       "default_branch": "master",       "score": 94.840546     },     {       "id": 5762352,       "node_id": "MDEwOlJlcG9zaXRvcnk1NzYyMzUy",       "name": "nightowls",       "full_name": "Swizec/nightowls",       "private": false,       "owner": {         "login": "Swizec",         "id": 56883,         "node_id": "MDQ6VXNlcjU2ODgz",         "avatar_url": "https://avatars0.githubusercontent.com/u/56883?v=4",         "gravatar_id": "",         "url": "https://api.github.com/users/Swizec",         "html_url": "https://github.com/Swizec",         "followers_url": "https://api.github.com/users/Swizec/followers",         "following_url": "https://api.github.com/users/Swizec/following{/other_user}",         "gists_url": "https://api.github.com/users/Swizec/gists{/gist_id}",         "starred_url": "https://api.github.com/users/Swizec/starred{/owner}{/repo}",         "subscriptions_url": "https://api.github.com/users/Swizec/subscriptions",         "organizations_url": "https://api.github.com/users/Swizec/orgs",         "repos_url": "https://api.github.com/users/Swizec/repos",         "events_url": "https://api.github.com/users/Swizec/events{/privacy}",         "received_events_url": "https://api.github.com/users/Swizec/received_events",         "type": "User",         "site_admin": false       },       "html_url": "https://github.com/Swizec/nightowls",       "description": "Why programmers work at night - a book about programmers, by a programmer",       "fork": false,       "url": "https://api.github.com/repos/Swizec/nightowls",       "forks_url": "https://api.github.com/repos/Swizec/nightowls/forks",       "keys_url": "https://api.github.com/repos/Swizec/nightowls/keys{/key_id}",       "collaborators_url": "https://api.github.com/repos/Swizec/nightowls/collaborators{/collaborator}",       "teams_url": "https://api.github.com/repos/Swizec/nightowls/teams",       "hooks_url": "https://api.github.com/repos/Swizec/nightowls/hooks",       "issue_events_url": "https://api.github.com/repos/Swizec/nightowls/issues/events{/number}",       "events_url": "https://api.github.com/repos/Swizec/nightowls/events",       "assignees_url": "https://api.github.com/repos/Swizec/nightowls/assignees{/user}",       "branches_url": "https://api.github.com/repos/Swizec/nightowls/branches{/branch}",       "tags_url": "https://api.github.com/repos/Swizec/nightowls/tags",       "blobs_url": "https://api.github.com/repos/Swizec/nightowls/git/blobs{/sha}",       "git_tags_url": "https://api.github.com/repos/Swizec/nightowls/git/tags{/sha}",       "git_refs_url": "https://api.github.com/repos/Swizec/nightowls/git/refs{/sha}",       "trees_url": "https://api.github.com/repos/Swizec/nightowls/git/trees{/sha}",       "statuses_url": "https://api.github.com/repos/Swizec/nightowls/statuses/{sha}",       "languages_url": "https://api.github.com/repos/Swizec/nightowls/languages",       "stargazers_url": "https://api.github.com/repos/Swizec/nightowls/stargazers",       "contributors_url": "https://api.github.com/repos/Swizec/nightowls/contributors",       "subscribers_url": "https://api.github.com/repos/Swizec/nightowls/subscribers",       "subscription_url": "https://api.github.com/repos/Swizec/nightowls/subscription",       "commits_url": "https://api.github.com/repos/Swizec/nightowls/commits{/sha}",       "git_commits_url": "https://api.github.com/repos/Swizec/nightowls/git/commits{/sha}",       "comments_url": "https://api.github.com/repos/Swizec/nightowls/comments{/number}",       "issue_comment_url": "https://api.github.com/repos/Swizec/nightowls/issues/comments{/number}",       "contents_url": "https://api.github.com/repos/Swizec/nightowls/contents/{+path}",       "compare_url": "https://api.github.com/repos/Swizec/nightowls/compare/{base}...{head}",       "merges_url": "https://api.github.com/repos/Swizec/nightowls/merges",       "archive_url": "https://api.github.com/repos/Swizec/nightowls/{archive_format}{/ref}",       "downloads_url": "https://api.github.com/repos/Swizec/nightowls/downloads",       "issues_url": "https://api.github.com/repos/Swizec/nightowls/issues{/number}",       "pulls_url": "https://api.github.com/repos/Swizec/nightowls/pulls{/number}",       "milestones_url": "https://api.github.com/repos/Swizec/nightowls/milestones{/number}",       "notifications_url": "https://api.github.com/repos/Swizec/nightowls/notifications{?since,all,participating}",       "labels_url": "https://api.github.com/repos/Swizec/nightowls/labels{/name}",       "releases_url": "https://api.github.com/repos/Swizec/nightowls/releases{/id}",       "deployments_url": "https://api.github.com/repos/Swizec/nightowls/deployments",       "created_at": "2012-09-11T08:55:05Z",       "updated_at": "2019-01-22T17:12:56Z",       "pushed_at": "2017-04-24T09:21:43Z",       "git_url": "git://github.com/Swizec/nightowls.git",       "ssh_url": "git@github.com:Swizec/nightowls.git",       "clone_url": "https://github.com/Swizec/nightowls.git",       "svn_url": "https://github.com/Swizec/nightowls",       "homepage": "https://leanpub.com/nightowls",       "size": 1301,       "stargazers_count": 267,       "watchers_count": 267,       "language": null,       "has_issues": true,       "has_projects": true,       "has_downloads": true,       "has_wiki": true,       "has_pages": false,       "forks_count": 23,       "mirror_url": null,       "archived": false,       "open_issues_count": 7,       "license": null,       "forks": 23,       "open_issues": 7,       "watchers": 267,       "default_branch": "master",       "score": 46.148533     },     {       "id": 86715491,       "node_id": "MDEwOlJlcG9zaXRvcnk4NjcxNTQ5MQ==",       "name": "pmdarima",       "full_name": "tgsmith61591/pmdarima",       "private": false,       "owner": {         "login": "tgsmith61591",         "id": 6124706,         "node_id": "MDQ6VXNlcjYxMjQ3MDY=",         "avatar_url": "https://avatars0.githubusercontent.com/u/6124706?v=4",         "gravatar_id": "",         "url": "https://api.github.com/users/tgsmith61591",         "html_url": "https://github.com/tgsmith61591",         "followers_url": "https://api.github.com/users/tgsmith61591/followers",         "following_url": "https://api.github.com/users/tgsmith61591/following{/other_user}",         "gists_url": "https://api.github.com/users/tgsmith61591/gists{/gist_id}",         "starred_url": "https://api.github.com/users/tgsmith61591/starred{/owner}{/repo}",         "subscriptions_url": "https://api.github.com/users/tgsmith61591/subscriptions",         "organizations_url": "https://api.github.com/users/tgsmith61591/orgs",         "repos_url": "https://api.github.com/users/tgsmith61591/repos",         "events_url": "https://api.github.com/users/tgsmith61591/events{/privacy}",         "received_events_url": "https://api.github.com/users/tgsmith61591/received_events",         "type": "User",         "site_admin": false       },       "html_url": "https://github.com/tgsmith61591/pmdarima",       "description": "A package that brings R's beloved auto.arima to Python, making an even stronger case for why Python > R for data science. ",       "fork": false,       "url": "https://api.github.com/repos/tgsmith61591/pmdarima",       "forks_url": "https://api.github.com/repos/tgsmith61591/pmdarima/forks",       "keys_url": "https://api.github.com/repos/tgsmith61591/pmdarima/keys{/key_id}",       "collaborators_url": "https://api.github.com/repos/tgsmith61591/pmdarima/collaborators{/collaborator}",       "teams_url": "https://api.github.com/repos/tgsmith61591/pmdarima/teams",       "hooks_url": "https://api.github.com/repos/tgsmith61591/pmdarima/hooks",       "issue_events_url": "https://api.github.com/repos/tgsmith61591/pmdarima/issues/events{/number}",       "events_url": "https://api.github.com/repos/tgsmith61591/pmdarima/events",       "assignees_url": "https://api.github.com/repos/tgsmith61591/pmdarima/assignees{/user}",       "branches_url": "https://api.github.com/repos/tgsmith61591/pmdarima/branches{/branch}",       "tags_url": "https://api.github.com/repos/tgsmith61591/pmdarima/tags",       "blobs_url": "https://api.github.com/repos/tgsmith61591/pmdarima/git/blobs{/sha}",       "git_tags_url": "https://api.github.com/repos/tgsmith61591/pmdarima/git/tags{/sha}",       "git_refs_url": "https://api.github.com/repos/tgsmith61591/pmdarima/git/refs{/sha}",       "trees_url": "https://api.github.com/repos/tgsmith61591/pmdarima/git/trees{/sha}",       "statuses_url": "https://api.github.com/repos/tgsmith61591/pmdarima/statuses/{sha}",       "languages_url": "https://api.github.com/repos/tgsmith61591/pmdarima/languages",       "stargazers_url": "https://api.github.com/repos/tgsmith61591/pmdarima/stargazers",       "contributors_url": "https://api.github.com/repos/tgsmith61591/pmdarima/contributors",       "subscribers_url": "https://api.github.com/repos/tgsmith61591/pmdarima/subscribers",       "subscription_url": "https://api.github.com/repos/tgsmith61591/pmdarima/subscription",       "commits_url": "https://api.github.com/repos/tgsmith61591/pmdarima/commits{/sha}",       "git_commits_url": "https://api.github.com/repos/tgsmith61591/pmdarima/git/commits{/sha}",       "comments_url": "https://api.github.com/repos/tgsmith61591/pmdarima/comments{/number}",       "issue_comment_url": "https://api.github.com/repos/tgsmith61591/pmdarima/issues/comments{/number}",       "contents_url": "https://api.github.com/repos/tgsmith61591/pmdarima/contents/{+path}",       "compare_url": "https://api.github.com/repos/tgsmith61591/pmdarima/compare/{base}...{head}",       "merges_url": "https://api.github.com/repos/tgsmith61591/pmdarima/merges",       "archive_url": "https://api.github.com/repos/tgsmith61591/pmdarima/{archive_format}{/ref}",       "downloads_url": "https://api.github.com/repos/tgsmith61591/pmdarima/downloads",       "issues_url": "https://api.github.com/repos/tgsmith61591/pmdarima/issues{/number}",       "pulls_url": "https://api.github.com/repos/tgsmith61591/pmdarima/pulls{/number}",       "milestones_url": "https://api.github.com/repos/tgsmith61591/pmdarima/milestones{/number}",       "notifications_url": "https://api.github.com/repos/tgsmith61591/pmdarima/notifications{?since,all,participating}",       "labels_url": "https://api.github.com/repos/tgsmith61591/pmdarima/labels{/name}",       "releases_url": "https://api.github.com/repos/tgsmith61591/pmdarima/releases{/id}",       "deployments_url": "https://api.github.com/repos/tgsmith61591/pmdarima/deployments",       "created_at": "2017-03-30T14:58:30Z",       "updated_at": "2019-01-27T16:57:38Z",       "pushed_at": "2019-01-21T21:26:02Z",       "git_url": "git://github.com/tgsmith61591/pmdarima.git",       "ssh_url": "git@github.com:tgsmith61591/pmdarima.git",       "clone_url": "https://github.com/tgsmith61591/pmdarima.git",       "svn_url": "https://github.com/tgsmith61591/pmdarima",       "homepage": "https://www.alkaline-ml.com/pmdarima",       "size": 60561,       "stargazers_count": 254,       "watchers_count": 254,       "language": "Python",       "has_issues": true,       "has_projects": true,       "has_downloads": true,       "has_wiki": true,       "has_pages": true,       "forks_count": 64,       "mirror_url": null,       "archived": false,       "open_issues_count": 1,       "license": {         "key": "mit",         "name": "MIT License",         "spdx_id": "MIT",         "url": "https://api.github.com/licenses/mit",         "node_id": "MDc6TGljZW5zZTEz"       },       "forks": 64,       "open_issues": 1,       "watchers": 254,       "default_branch": "master",       "score": 37.534363     },     {       "id": 72917308,       "node_id": "MDEwOlJlcG9zaXRvcnk3MjkxNzMwOA==",       "name": "learn-elm",       "full_name": "dwyl/learn-elm",       "private": false,       "owner": {         "login": "dwyl",         "id": 11708465,         "node_id": "MDEyOk9yZ2FuaXphdGlvbjExNzA4NDY1",         "avatar_url": "https://avatars1.githubusercontent.com/u/11708465?v=4",         "gravatar_id": "",         "url": "https://api.github.com/users/dwyl",         "html_url": "https://github.com/dwyl",         "followers_url": "https://api.github.com/users/dwyl/followers",         "following_url": "https://api.github.com/users/dwyl/following{/other_user}",         "gists_url": "https://api.github.com/users/dwyl/gists{/gist_id}",         "starred_url": "https://api.github.com/users/dwyl/starred{/owner}{/repo}",         "subscriptions_url": "https://api.github.com/users/dwyl/subscriptions",         "organizations_url": "https://api.github.com/users/dwyl/orgs",         "repos_url": "https://api.github.com/users/dwyl/repos",         "events_url": "https://api.github.com/users/dwyl/events{/privacy}",         "received_events_url": "https://api.github.com/users/dwyl/received_events",         "type": "Organization",         "site_admin": false       },       "html_url": "https://github.com/dwyl/learn-elm",       "description": ":rainbow: discover why people are switching to Elm and how you can get started today!",       "fork": false,       "url": "https://api.github.com/repos/dwyl/learn-elm",       "forks_url": "https://api.github.com/repos/dwyl/learn-elm/forks",       "keys_url": "https://api.github.com/repos/dwyl/learn-elm/keys{/key_id}",       "collaborators_url": "https://api.github.com/repos/dwyl/learn-elm/collaborators{/collaborator}",       "teams_url": "https://api.github.com/repos/dwyl/learn-elm/teams",       "hooks_url": "https://api.github.com/repos/dwyl/learn-elm/hooks",       "issue_events_url": "https://api.github.com/repos/dwyl/learn-elm/issues/events{/number}",       "events_url": "https://api.github.com/repos/dwyl/learn-elm/events",       "assignees_url": "https://api.github.com/repos/dwyl/learn-elm/assignees{/user}",       "branches_url": "https://api.github.com/repos/dwyl/learn-elm/branches{/branch}",       "tags_url": "https://api.github.com/repos/dwyl/learn-elm/tags",       "blobs_url": "https://api.github.com/repos/dwyl/learn-elm/git/blobs{/sha}",       "git_tags_url": "https://api.github.com/repos/dwyl/learn-elm/git/tags{/sha}",       "git_refs_url": "https://api.github.com/repos/dwyl/learn-elm/git/refs{/sha}",       "trees_url": "https://api.github.com/repos/dwyl/learn-elm/git/trees{/sha}",       "statuses_url": "https://api.github.com/repos/dwyl/learn-elm/statuses/{sha}",       "languages_url": "https://api.github.com/repos/dwyl/learn-elm/languages",       "stargazers_url": "https://api.github.com/repos/dwyl/learn-elm/stargazers",       "contributors_url": "https://api.github.com/repos/dwyl/learn-elm/contributors",       "subscribers_url": "https://api.github.com/repos/dwyl/learn-elm/subscribers",       "subscription_url": "https://api.github.com/repos/dwyl/learn-elm/subscription",       "commits_url": "https://api.github.com/repos/dwyl/learn-elm/commits{/sha}",       "git_commits_url": "https://api.github.com/repos/dwyl/learn-elm/git/commits{/sha}",       "comments_url": "https://api.github.com/repos/dwyl/learn-elm/comments{/number}",       "issue_comment_url": "https://api.github.com/repos/dwyl/learn-elm/issues/comments{/number}",       "contents_url": "https://api.github.com/repos/dwyl/learn-elm/contents/{+path}",       "compare_url": "https://api.github.com/repos/dwyl/learn-elm/compare/{base}...{head}",       "merges_url": "https://api.github.com/repos/dwyl/learn-elm/merges",       "archive_url": "https://api.github.com/repos/dwyl/learn-elm/{archive_format}{/ref}",       "downloads_url": "https://api.github.com/repos/dwyl/learn-elm/downloads",       "issues_url": "https://api.github.com/repos/dwyl/learn-elm/issues{/number}",       "pulls_url": "https://api.github.com/repos/dwyl/learn-elm/pulls{/number}",       "milestones_url": "https://api.github.com/repos/dwyl/learn-elm/milestones{/number}",       "notifications_url": "https://api.github.com/repos/dwyl/learn-elm/notifications{?since,all,participating}",       "labels_url": "https://api.github.com/repos/dwyl/learn-elm/labels{/name}",       "releases_url": "https://api.github.com/repos/dwyl/learn-elm/releases{/id}",       "deployments_url": "https://api.github.com/repos/dwyl/learn-elm/deployments",       "created_at": "2016-11-05T09:45:12Z",       "updated_at": "2019-01-25T17:03:04Z",       "pushed_at": "2018-12-04T22:17:50Z",       "git_url": "git://github.com/dwyl/learn-elm.git",       "ssh_url": "git@github.com:dwyl/learn-elm.git",       "clone_url": "https://github.com/dwyl/learn-elm.git",       "svn_url": "https://github.com/dwyl/learn-elm",       "homepage": "https://github.com/dwyl/learn-elm",       "size": 622,       "stargazers_count": 238,       "watchers_count": 238,       "language": "HTML",       "has_issues": true,       "has_projects": true,       "has_downloads": true,       "has_wiki": true,       "has_pages": false,       "forks_count": 19,       "mirror_url": null,       "archived": false,       "open_issues_count": 78,       "license": null,       "forks": 19,       "open_issues": 78,       "watchers": 238,       "default_branch": "master",       "score": 44.098328     },     {       "id": 35120209,       "node_id": "MDEwOlJlcG9zaXRvcnkzNTEyMDIwOQ==",       "name": "wtfnode",       "full_name": "myndzi/wtfnode",       "private": false,       "owner": {         "login": "myndzi",         "id": 1588419,         "node_id": "MDQ6VXNlcjE1ODg0MTk=",         "avatar_url": "https://avatars1.githubusercontent.com/u/1588419?v=4",         "gravatar_id": "",         "url": "https://api.github.com/users/myndzi",         "html_url": "https://github.com/myndzi",         "followers_url": "https://api.github.com/users/myndzi/followers",         "following_url": "https://api.github.com/users/myndzi/following{/other_user}",         "gists_url": "https://api.github.com/users/myndzi/gists{/gist_id}",         "starred_url": "https://api.github.com/users/myndzi/starred{/owner}{/repo}",         "subscriptions_url": "https://api.github.com/users/myndzi/subscriptions",         "organizations_url": "https://api.github.com/users/myndzi/orgs",         "repos_url": "https://api.github.com/users/myndzi/repos",         "events_url": "https://api.github.com/users/myndzi/events{/privacy}",         "received_events_url": "https://api.github.com/users/myndzi/received_events",         "type": "User",         "site_admin": false       },       "html_url": "https://github.com/myndzi/wtfnode",       "description": "Utility to help find out why Node isn't exiting",       "fork": false,       "url": "https://api.github.com/repos/myndzi/wtfnode",       "forks_url": "https://api.github.com/repos/myndzi/wtfnode/forks",       "keys_url": "https://api.github.com/repos/myndzi/wtfnode/keys{/key_id}",       "collaborators_url": "https://api.github.com/repos/myndzi/wtfnode/collaborators{/collaborator}",       "teams_url": "https://api.github.com/repos/myndzi/wtfnode/teams",       "hooks_url": "https://api.github.com/repos/myndzi/wtfnode/hooks",       "issue_events_url": "https://api.github.com/repos/myndzi/wtfnode/issues/events{/number}",       "events_url": "https://api.github.com/repos/myndzi/wtfnode/events",       "assignees_url": "https://api.github.com/repos/myndzi/wtfnode/assignees{/user}",       "branches_url": "https://api.github.com/repos/myndzi/wtfnode/branches{/branch}",       "tags_url": "https://api.github.com/repos/myndzi/wtfnode/tags",       "blobs_url": "https://api.github.com/repos/myndzi/wtfnode/git/blobs{/sha}",       "git_tags_url": "https://api.github.com/repos/myndzi/wtfnode/git/tags{/sha}",       "git_refs_url": "https://api.github.com/repos/myndzi/wtfnode/git/refs{/sha}",       "trees_url": "https://api.github.com/repos/myndzi/wtfnode/git/trees{/sha}",       "statuses_url": "https://api.github.com/repos/myndzi/wtfnode/statuses/{sha}",       "languages_url": "https://api.github.com/repos/myndzi/wtfnode/languages",       "stargazers_url": "https://api.github.com/repos/myndzi/wtfnode/stargazers",       "contributors_url": "https://api.github.com/repos/myndzi/wtfnode/contributors",       "subscribers_url": "https://api.github.com/repos/myndzi/wtfnode/subscribers",       "subscription_url": "https://api.github.com/repos/myndzi/wtfnode/subscription",       "commits_url": "https://api.github.com/repos/myndzi/wtfnode/commits{/sha}",       "git_commits_url": "https://api.github.com/repos/myndzi/wtfnode/git/commits{/sha}",       "comments_url": "https://api.github.com/repos/myndzi/wtfnode/comments{/number}",       "issue_comment_url": "https://api.github.com/repos/myndzi/wtfnode/issues/comments{/number}",       "contents_url": "https://api.github.com/repos/myndzi/wtfnode/contents/{+path}",       "compare_url": "https://api.github.com/repos/myndzi/wtfnode/compare/{base}...{head}",       "merges_url": "https://api.github.com/repos/myndzi/wtfnode/merges",       "archive_url": "https://api.github.com/repos/myndzi/wtfnode/{archive_format}{/ref}",       "downloads_url": "https://api.github.com/repos/myndzi/wtfnode/downloads",       "issues_url": "https://api.github.com/repos/myndzi/wtfnode/issues{/number}",       "pulls_url": "https://api.github.com/repos/myndzi/wtfnode/pulls{/number}",       "milestones_url": "https://api.github.com/repos/myndzi/wtfnode/milestones{/number}",       "notifications_url": "https://api.github.com/repos/myndzi/wtfnode/notifications{?since,all,participating}",       "labels_url": "https://api.github.com/repos/myndzi/wtfnode/labels{/name}",       "releases_url": "https://api.github.com/repos/myndzi/wtfnode/releases{/id}",       "deployments_url": "https://api.github.com/repos/myndzi/wtfnode/deployments",       "created_at": "2015-05-05T19:42:42Z",       "updated_at": "2019-01-23T23:23:20Z",       "pushed_at": "2019-01-15T03:26:56Z",       "git_url": "git://github.com/myndzi/wtfnode.git",       "ssh_url": "git@github.com:myndzi/wtfnode.git",       "clone_url": "https://github.com/myndzi/wtfnode.git",       "svn_url": "https://github.com/myndzi/wtfnode",       "homepage": null,       "size": 59,       "stargazers_count": 237,       "watchers_count": 237,       "language": "JavaScript",       "has_issues": true,       "has_projects": true,       "has_downloads": true,       "has_wiki": true,       "has_pages": false,       "forks_count": 14,       "mirror_url": null,       "archived": false,       "open_issues_count": 0,       "license": null,       "forks": 14,       "open_issues": 0,       "watchers": 237,       "default_branch": "master",       "score": 51.34935     },     {       "id": 539003,       "node_id": "MDEwOlJlcG9zaXRvcnk1MzkwMDM=",       "name": "jquery-outside-events",       "full_name": "cowboy/jquery-outside-events",       "private": false,       "owner": {         "login": "cowboy",         "id": 54051,         "node_id": "MDQ6VXNlcjU0MDUx",         "avatar_url": "https://avatars0.githubusercontent.com/u/54051?v=4",         "gravatar_id": "",         "url": "https://api.github.com/users/cowboy",         "html_url": "https://github.com/cowboy",         "followers_url": "https://api.github.com/users/cowboy/followers",         "following_url": "https://api.github.com/users/cowboy/following{/other_user}",         "gists_url": "https://api.github.com/users/cowboy/gists{/gist_id}",         "starred_url": "https://api.github.com/users/cowboy/starred{/owner}{/repo}",         "subscriptions_url": "https://api.github.com/users/cowboy/subscriptions",         "organizations_url": "https://api.github.com/users/cowboy/orgs",         "repos_url": "https://api.github.com/users/cowboy/repos",         "events_url": "https://api.github.com/users/cowboy/events{/privacy}",         "received_events_url": "https://api.github.com/users/cowboy/received_events",         "type": "User",         "site_admin": false       },       "html_url": "https://github.com/cowboy/jquery-outside-events",       "description": "Why trigger an event on something, when you can trigger it on everything else?",       "fork": false,       "url": "https://api.github.com/repos/cowboy/jquery-outside-events",       "forks_url": "https://api.github.com/repos/cowboy/jquery-outside-events/forks",       "keys_url": "https://api.github.com/repos/cowboy/jquery-outside-events/keys{/key_id}",       "collaborators_url": "https://api.github.com/repos/cowboy/jquery-outside-events/collaborators{/collaborator}",       "teams_url": "https://api.github.com/repos/cowboy/jquery-outside-events/teams",       "hooks_url": "https://api.github.com/repos/cowboy/jquery-outside-events/hooks",       "issue_events_url": "https://api.github.com/repos/cowboy/jquery-outside-events/issues/events{/number}",       "events_url": "https://api.github.com/repos/cowboy/jquery-outside-events/events",       "assignees_url": "https://api.github.com/repos/cowboy/jquery-outside-events/assignees{/user}",       "branches_url": "https://api.github.com/repos/cowboy/jquery-outside-events/branches{/branch}",       "tags_url": "https://api.github.com/repos/cowboy/jquery-outside-events/tags",       "blobs_url": "https://api.github.com/repos/cowboy/jquery-outside-events/git/blobs{/sha}",       "git_tags_url": "https://api.github.com/repos/cowboy/jquery-outside-events/git/tags{/sha}",       "git_refs_url": "https://api.github.com/repos/cowboy/jquery-outside-events/git/refs{/sha}",       "trees_url": "https://api.github.com/repos/cowboy/jquery-outside-events/git/trees{/sha}",       "statuses_url": "https://api.github.com/repos/cowboy/jquery-outside-events/statuses/{sha}",       "languages_url": "https://api.github.com/repos/cowboy/jquery-outside-events/languages",       "stargazers_url": "https://api.github.com/repos/cowboy/jquery-outside-events/stargazers",       "contributors_url": "https://api.github.com/repos/cowboy/jquery-outside-events/contributors",       "subscribers_url": "https://api.github.com/repos/cowboy/jquery-outside-events/subscribers",       "subscription_url": "https://api.github.com/repos/cowboy/jquery-outside-events/subscription",       "commits_url": "https://api.github.com/repos/cowboy/jquery-outside-events/commits{/sha}",       "git_commits_url": "https://api.github.com/repos/cowboy/jquery-outside-events/git/commits{/sha}",       "comments_url": "https://api.github.com/repos/cowboy/jquery-outside-events/comments{/number}",       "issue_comment_url": "https://api.github.com/repos/cowboy/jquery-outside-events/issues/comments{/number}",       "contents_url": "https://api.github.com/repos/cowboy/jquery-outside-events/contents/{+path}",       "compare_url": "https://api.github.com/repos/cowboy/jquery-outside-events/compare/{base}...{head}",       "merges_url": "https://api.github.com/repos/cowboy/jquery-outside-events/merges",       "archive_url": "https://api.github.com/repos/cowboy/jquery-outside-events/{archive_format}{/ref}",       "downloads_url": "https://api.github.com/repos/cowboy/jquery-outside-events/downloads",       "issues_url": "https://api.github.com/repos/cowboy/jquery-outside-events/issues{/number}",       "pulls_url": "https://api.github.com/repos/cowboy/jquery-outside-events/pulls{/number}",       "milestones_url": "https://api.github.com/repos/cowboy/jquery-outside-events/milestones{/number}",       "notifications_url": "https://api.github.com/repos/cowboy/jquery-outside-events/notifications{?since,all,participating}",       "labels_url": "https://api.github.com/repos/cowboy/jquery-outside-events/labels{/name}",       "releases_url": "https://api.github.com/repos/cowboy/jquery-outside-events/releases{/id}",       "deployments_url": "https://api.github.com/repos/cowboy/jquery-outside-events/deployments",       "created_at": "2010-02-27T19:56:14Z",       "updated_at": "2019-01-23T22:10:28Z",       "pushed_at": "2016-04-03T09:27:45Z",       "git_url": "git://github.com/cowboy/jquery-outside-events.git",       "ssh_url": "git@github.com:cowboy/jquery-outside-events.git",       "clone_url": "https://github.com/cowboy/jquery-outside-events.git",       "svn_url": "https://github.com/cowboy/jquery-outside-events",       "homepage": "http://benalman.com/projects/jquery-clickoutside-plugin/",       "size": 320,       "stargazers_count": 236,       "watchers_count": 236,       "language": "JavaScript",       "has_issues": true,       "has_projects": true,       "has_downloads": true,       "has_wiki": true,       "has_pages": false,       "forks_count": 44,       "mirror_url": null,       "archived": false,       "open_issues_count": 10,       "license": {         "key": "other",         "name": "Other",         "spdx_id": "NOASSERTION",         "url": null,         "node_id": "MDc6TGljZW5zZTA="       },       "forks": 44,       "open_issues": 10,       "watchers": 236,       "default_branch": "master",       "score": 49.76514     },     {       "id": 124265580,       "node_id": "MDEwOlJlcG9zaXRvcnkxMjQyNjU1ODA=",       "name": "Viewpager-Transformation",       "full_name": "dipanshukr/Viewpager-Transformation",       "private": false,       "owner": {         "login": "dipanshukr",         "id": 29334373,         "node_id": "MDQ6VXNlcjI5MzM0Mzcz",         "avatar_url": "https://avatars3.githubusercontent.com/u/29334373?v=4",         "gravatar_id": "",         "url": "https://api.github.com/users/dipanshukr",         "html_url": "https://github.com/dipanshukr",         "followers_url": "https://api.github.com/users/dipanshukr/followers",         "following_url": "https://api.github.com/users/dipanshukr/following{/other_user}",         "gists_url": "https://api.github.com/users/dipanshukr/gists{/gist_id}",         "starred_url": "https://api.github.com/users/dipanshukr/starred{/owner}{/repo}",         "subscriptions_url": "https://api.github.com/users/dipanshukr/subscriptions",         "organizations_url": "https://api.github.com/users/dipanshukr/orgs",         "repos_url": "https://api.github.com/users/dipanshukr/repos",         "events_url": "https://api.github.com/users/dipanshukr/events{/privacy}",         "received_events_url": "https://api.github.com/users/dipanshukr/received_events",         "type": "User",         "site_admin": false       },       "html_url": "https://github.com/dipanshukr/Viewpager-Transformation",       "description": "Why use dependencies when you create your own transformations for Viewpager ?",       "fork": false,       "url": "https://api.github.com/repos/dipanshukr/Viewpager-Transformation",       "forks_url": "https://api.github.com/repos/dipanshukr/Viewpager-Transformation/forks",       "keys_url": "https://api.github.com/repos/dipanshukr/Viewpager-Transformation/keys{/key_id}",       "collaborators_url": "https://api.github.com/repos/dipanshukr/Viewpager-Transformation/collaborators{/collaborator}",       "teams_url": "https://api.github.com/repos/dipanshukr/Viewpager-Transformation/teams",       "hooks_url": "https://api.github.com/repos/dipanshukr/Viewpager-Transformation/hooks",       "issue_events_url": "https://api.github.com/repos/dipanshukr/Viewpager-Transformation/issues/events{/number}",       "events_url": "https://api.github.com/repos/dipanshukr/Viewpager-Transformation/events",       "assignees_url": "https://api.github.com/repos/dipanshukr/Viewpager-Transformation/assignees{/user}",       "branches_url": "https://api.github.com/repos/dipanshukr/Viewpager-Transformation/branches{/branch}",       "tags_url": "https://api.github.com/repos/dipanshukr/Viewpager-Transformation/tags",       "blobs_url": "https://api.github.com/repos/dipanshukr/Viewpager-Transformation/git/blobs{/sha}",       "git_tags_url": "https://api.github.com/repos/dipanshukr/Viewpager-Transformation/git/tags{/sha}",       "git_refs_url": "https://api.github.com/repos/dipanshukr/Viewpager-Transformation/git/refs{/sha}",       "trees_url": "https://api.github.com/repos/dipanshukr/Viewpager-Transformation/git/trees{/sha}",       "statuses_url": "https://api.github.com/repos/dipanshukr/Viewpager-Transformation/statuses/{sha}",       "languages_url": "https://api.github.com/repos/dipanshukr/Viewpager-Transformation/languages",       "stargazers_url": "https://api.github.com/repos/dipanshukr/Viewpager-Transformation/stargazers",       "contributors_url": "https://api.github.com/repos/dipanshukr/Viewpager-Transformation/contributors",       "subscribers_url": "https://api.github.com/repos/dipanshukr/Viewpager-Transformation/subscribers",       "subscription_url": "https://api.github.com/repos/dipanshukr/Viewpager-Transformation/subscription",       "commits_url": "https://api.github.com/repos/dipanshukr/Viewpager-Transformation/commits{/sha}",       "git_commits_url": "https://api.github.com/repos/dipanshukr/Viewpager-Transformation/git/commits{/sha}",       "comments_url": "https://api.github.com/repos/dipanshukr/Viewpager-Transformation/comments{/number}",       "issue_comment_url": "https://api.github.com/repos/dipanshukr/Viewpager-Transformation/issues/comments{/number}",       "contents_url": "https://api.github.com/repos/dipanshukr/Viewpager-Transformation/contents/{+path}",       "compare_url": "https://api.github.com/repos/dipanshukr/Viewpager-Transformation/compare/{base}...{head}",       "merges_url": "https://api.github.com/repos/dipanshukr/Viewpager-Transformation/merges",       "archive_url": "https://api.github.com/repos/dipanshukr/Viewpager-Transformation/{archive_format}{/ref}",       "downloads_url": "https://api.github.com/repos/dipanshukr/Viewpager-Transformation/downloads",       "issues_url": "https://api.github.com/repos/dipanshukr/Viewpager-Transformation/issues{/number}",       "pulls_url": "https://api.github.com/repos/dipanshukr/Viewpager-Transformation/pulls{/number}",       "milestones_url": "https://api.github.com/repos/dipanshukr/Viewpager-Transformation/milestones{/number}",       "notifications_url": "https://api.github.com/repos/dipanshukr/Viewpager-Transformation/notifications{?since,all,participating}",       "labels_url": "https://api.github.com/repos/dipanshukr/Viewpager-Transformation/labels{/name}",       "releases_url": "https://api.github.com/repos/dipanshukr/Viewpager-Transformation/releases{/id}",       "deployments_url": "https://api.github.com/repos/dipanshukr/Viewpager-Transformation/deployments",       "created_at": "2018-03-07T16:45:42Z",       "updated_at": "2019-01-27T11:19:10Z",       "pushed_at": "2018-06-21T07:17:59Z",       "git_url": "git://github.com/dipanshukr/Viewpager-Transformation.git",       "ssh_url": "git@github.com:dipanshukr/Viewpager-Transformation.git",       "clone_url": "https://github.com/dipanshukr/Viewpager-Transformation.git",       "svn_url": "https://github.com/dipanshukr/Viewpager-Transformation",       "homepage": "",       "size": 181654,       "stargazers_count": 230,       "watchers_count": 230,       "language": "Java",       "has_issues": true,       "has_projects": true,       "has_downloads": true,       "has_wiki": true,       "has_pages": true,       "forks_count": 44,       "mirror_url": null,       "archived": false,       "open_issues_count": 1,       "license": null,       "forks": 44,       "open_issues": 1,       "watchers": 230,       "default_branch": "master",       "score": 49.985203     },     {       "id": 17420185,       "node_id": "MDEwOlJlcG9zaXRvcnkxNzQyMDE4NQ==",       "name": "enemy-of-the-state",       "full_name": "jspahrsummers/enemy-of-the-state",       "private": false,       "owner": {         "login": "jspahrsummers",         "id": 432536,         "node_id": "MDQ6VXNlcjQzMjUzNg==",         "avatar_url": "https://avatars0.githubusercontent.com/u/432536?v=4",         "gravatar_id": "",         "url": "https://api.github.com/users/jspahrsummers",         "html_url": "https://github.com/jspahrsummers",         "followers_url": "https://api.github.com/users/jspahrsummers/followers",         "following_url": "https://api.github.com/users/jspahrsummers/following{/other_user}",         "gists_url": "https://api.github.com/users/jspahrsummers/gists{/gist_id}",         "starred_url": "https://api.github.com/users/jspahrsummers/starred{/owner}{/repo}",         "subscriptions_url": "https://api.github.com/users/jspahrsummers/subscriptions",         "organizations_url": "https://api.github.com/users/jspahrsummers/orgs",         "repos_url": "https://api.github.com/users/jspahrsummers/repos",         "events_url": "https://api.github.com/users/jspahrsummers/events{/privacy}",         "received_events_url": "https://api.github.com/users/jspahrsummers/received_events",         "type": "User",         "site_admin": false       },       "html_url": "https://github.com/jspahrsummers/enemy-of-the-state",       "description": "My talk explaining what state is and why it's so harmful",       "fork": false,       "url": "https://api.github.com/repos/jspahrsummers/enemy-of-the-state",       "forks_url": "https://api.github.com/repos/jspahrsummers/enemy-of-the-state/forks",       "keys_url": "https://api.github.com/repos/jspahrsummers/enemy-of-the-state/keys{/key_id}",       "collaborators_url": "https://api.github.com/repos/jspahrsummers/enemy-of-the-state/collaborators{/collaborator}",       "teams_url": "https://api.github.com/repos/jspahrsummers/enemy-of-the-state/teams",       "hooks_url": "https://api.github.com/repos/jspahrsummers/enemy-of-the-state/hooks",       "issue_events_url": "https://api.github.com/repos/jspahrsummers/enemy-of-the-state/issues/events{/number}",       "events_url": "https://api.github.com/repos/jspahrsummers/enemy-of-the-state/events",       "assignees_url": "https://api.github.com/repos/jspahrsummers/enemy-of-the-state/assignees{/user}",       "branches_url": "https://api.github.com/repos/jspahrsummers/enemy-of-the-state/branches{/branch}",       "tags_url": "https://api.github.com/repos/jspahrsummers/enemy-of-the-state/tags",       "blobs_url": "https://api.github.com/repos/jspahrsummers/enemy-of-the-state/git/blobs{/sha}",       "git_tags_url": "https://api.github.com/repos/jspahrsummers/enemy-of-the-state/git/tags{/sha}",       "git_refs_url": "https://api.github.com/repos/jspahrsummers/enemy-of-the-state/git/refs{/sha}",       "trees_url": "https://api.github.com/repos/jspahrsummers/enemy-of-the-state/git/trees{/sha}",       "statuses_url": "https://api.github.com/repos/jspahrsummers/enemy-of-the-state/statuses/{sha}",       "languages_url": "https://api.github.com/repos/jspahrsummers/enemy-of-the-state/languages",       "stargazers_url": "https://api.github.com/repos/jspahrsummers/enemy-of-the-state/stargazers",       "contributors_url": "https://api.github.com/repos/jspahrsummers/enemy-of-the-state/contributors",       "subscribers_url": "https://api.github.com/repos/jspahrsummers/enemy-of-the-state/subscribers",       "subscription_url": "https://api.github.com/repos/jspahrsummers/enemy-of-the-state/subscription",       "commits_url": "https://api.github.com/repos/jspahrsummers/enemy-of-the-state/commits{/sha}",       "git_commits_url": "https://api.github.com/repos/jspahrsummers/enemy-of-the-state/git/commits{/sha}",       "comments_url": "https://api.github.com/repos/jspahrsummers/enemy-of-the-state/comments{/number}",       "issue_comment_url": "https://api.github.com/repos/jspahrsummers/enemy-of-the-state/issues/comments{/number}",       "contents_url": "https://api.github.com/repos/jspahrsummers/enemy-of-the-state/contents/{+path}",       "compare_url": "https://api.github.com/repos/jspahrsummers/enemy-of-the-state/compare/{base}...{head}",       "merges_url": "https://api.github.com/repos/jspahrsummers/enemy-of-the-state/merges",       "archive_url": "https://api.github.com/repos/jspahrsummers/enemy-of-the-state/{archive_format}{/ref}",       "downloads_url": "https://api.github.com/repos/jspahrsummers/enemy-of-the-state/downloads",       "issues_url": "https://api.github.com/repos/jspahrsummers/enemy-of-the-state/issues{/number}",       "pulls_url": "https://api.github.com/repos/jspahrsummers/enemy-of-the-state/pulls{/number}",       "milestones_url": "https://api.github.com/repos/jspahrsummers/enemy-of-the-state/milestones{/number}",       "notifications_url": "https://api.github.com/repos/jspahrsummers/enemy-of-the-state/notifications{?since,all,participating}",       "labels_url": "https://api.github.com/repos/jspahrsummers/enemy-of-the-state/labels{/name}",       "releases_url": "https://api.github.com/repos/jspahrsummers/enemy-of-the-state/releases{/id}",       "deployments_url": "https://api.github.com/repos/jspahrsummers/enemy-of-the-state/deployments",       "created_at": "2014-03-04T22:49:56Z",       "updated_at": "2018-12-26T21:07:06Z",       "pushed_at": "2017-07-26T14:26:39Z",       "git_url": "git://github.com/jspahrsummers/enemy-of-the-state.git",       "ssh_url": "git@github.com:jspahrsummers/enemy-of-the-state.git",       "clone_url": "https://github.com/jspahrsummers/enemy-of-the-state.git",       "svn_url": "https://github.com/jspahrsummers/enemy-of-the-state",       "homepage": "",       "size": 46901,       "stargazers_count": 208,       "watchers_count": 208,       "language": "Swift",       "has_issues": true,       "has_projects": true,       "has_downloads": true,       "has_wiki": false,       "has_pages": false,       "forks_count": 16,       "mirror_url": null,       "archived": false,       "open_issues_count": 1,       "license": {         "key": "other",         "name": "Other",         "spdx_id": "NOASSERTION",         "url": null,         "node_id": "MDc6TGljZW5zZTA="       },       "forks": 16,       "open_issues": 1,       "watchers": 208,       "default_branch": "master",       "score": 42.188484     },     {       "id": 93794235,       "node_id": "MDEwOlJlcG9zaXRvcnk5Mzc5NDIzNQ==",       "name": "drop_watch",       "full_name": "pavel-odintsov/drop_watch",       "private": false,       "owner": {         "login": "pavel-odintsov",         "id": 2744166,         "node_id": "MDQ6VXNlcjI3NDQxNjY=",         "avatar_url": "https://avatars0.githubusercontent.com/u/2744166?v=4",         "gravatar_id": "",         "url": "https://api.github.com/users/pavel-odintsov",         "html_url": "https://github.com/pavel-odintsov",         "followers_url": "https://api.github.com/users/pavel-odintsov/followers",         "following_url": "https://api.github.com/users/pavel-odintsov/following{/other_user}",         "gists_url": "https://api.github.com/users/pavel-odintsov/gists{/gist_id}",         "starred_url": "https://api.github.com/users/pavel-odintsov/starred{/owner}{/repo}",         "subscriptions_url": "https://api.github.com/users/pavel-odintsov/subscriptions",         "organizations_url": "https://api.github.com/users/pavel-odintsov/orgs",         "repos_url": "https://api.github.com/users/pavel-odintsov/repos",         "events_url": "https://api.github.com/users/pavel-odintsov/events{/privacy}",         "received_events_url": "https://api.github.com/users/pavel-odintsov/received_events",         "type": "User",         "site_admin": false       },       "html_url": "https://github.com/pavel-odintsov/drop_watch",       "description": "Monitor reasons why and where linux drops UDP packets",       "fork": false,       "url": "https://api.github.com/repos/pavel-odintsov/drop_watch",       "forks_url": "https://api.github.com/repos/pavel-odintsov/drop_watch/forks",       "keys_url": "https://api.github.com/repos/pavel-odintsov/drop_watch/keys{/key_id}",       "collaborators_url": "https://api.github.com/repos/pavel-odintsov/drop_watch/collaborators{/collaborator}",       "teams_url": "https://api.github.com/repos/pavel-odintsov/drop_watch/teams",       "hooks_url": "https://api.github.com/repos/pavel-odintsov/drop_watch/hooks",       "issue_events_url": "https://api.github.com/repos/pavel-odintsov/drop_watch/issues/events{/number}",       "events_url": "https://api.github.com/repos/pavel-odintsov/drop_watch/events",       "assignees_url": "https://api.github.com/repos/pavel-odintsov/drop_watch/assignees{/user}",       "branches_url": "https://api.github.com/repos/pavel-odintsov/drop_watch/branches{/branch}",       "tags_url": "https://api.github.com/repos/pavel-odintsov/drop_watch/tags",       "blobs_url": "https://api.github.com/repos/pavel-odintsov/drop_watch/git/blobs{/sha}",       "git_tags_url": "https://api.github.com/repos/pavel-odintsov/drop_watch/git/tags{/sha}",       "git_refs_url": "https://api.github.com/repos/pavel-odintsov/drop_watch/git/refs{/sha}",       "trees_url": "https://api.github.com/repos/pavel-odintsov/drop_watch/git/trees{/sha}",       "statuses_url": "https://api.github.com/repos/pavel-odintsov/drop_watch/statuses/{sha}",       "languages_url": "https://api.github.com/repos/pavel-odintsov/drop_watch/languages",       "stargazers_url": "https://api.github.com/repos/pavel-odintsov/drop_watch/stargazers",       "contributors_url": "https://api.github.com/repos/pavel-odintsov/drop_watch/contributors",       "subscribers_url": "https://api.github.com/repos/pavel-odintsov/drop_watch/subscribers",       "subscription_url": "https://api.github.com/repos/pavel-odintsov/drop_watch/subscription",       "commits_url": "https://api.github.com/repos/pavel-odintsov/drop_watch/commits{/sha}",       "git_commits_url": "https://api.github.com/repos/pavel-odintsov/drop_watch/git/commits{/sha}",       "comments_url": "https://api.github.com/repos/pavel-odintsov/drop_watch/comments{/number}",       "issue_comment_url": "https://api.github.com/repos/pavel-odintsov/drop_watch/issues/comments{/number}",       "contents_url": "https://api.github.com/repos/pavel-odintsov/drop_watch/contents/{+path}",       "compare_url": "https://api.github.com/repos/pavel-odintsov/drop_watch/compare/{base}...{head}",       "merges_url": "https://api.github.com/repos/pavel-odintsov/drop_watch/merges",       "archive_url": "https://api.github.com/repos/pavel-odintsov/drop_watch/{archive_format}{/ref}",       "downloads_url": "https://api.github.com/repos/pavel-odintsov/drop_watch/downloads",       "issues_url": "https://api.github.com/repos/pavel-odintsov/drop_watch/issues{/number}",       "pulls_url": "https://api.github.com/repos/pavel-odintsov/drop_watch/pulls{/number}",       "milestones_url": "https://api.github.com/repos/pavel-odintsov/drop_watch/milestones{/number}",       "notifications_url": "https://api.github.com/repos/pavel-odintsov/drop_watch/notifications{?since,all,participating}",       "labels_url": "https://api.github.com/repos/pavel-odintsov/drop_watch/labels{/name}",       "releases_url": "https://api.github.com/repos/pavel-odintsov/drop_watch/releases{/id}",       "deployments_url": "https://api.github.com/repos/pavel-odintsov/drop_watch/deployments",       "created_at": "2017-06-08T21:43:00Z",       "updated_at": "2019-01-28T14:39:16Z",       "pushed_at": "2017-10-12T20:13:24Z",       "git_url": "git://github.com/pavel-odintsov/drop_watch.git",       "ssh_url": "git@github.com:pavel-odintsov/drop_watch.git",       "clone_url": "https://github.com/pavel-odintsov/drop_watch.git",       "svn_url": "https://github.com/pavel-odintsov/drop_watch",       "homepage": "",       "size": 153,       "stargazers_count": 183,       "watchers_count": 183,       "language": "C",       "has_issues": true,       "has_projects": true,       "has_downloads": true,       "has_wiki": true,       "has_pages": false,       "forks_count": 20,       "mirror_url": null,       "archived": false,       "open_issues_count": 0,       "license": {         "key": "gpl-2.0",         "name": "GNU General Public License v2.0",         "spdx_id": "GPL-2.0",         "url": "https://api.github.com/licenses/gpl-2.0",         "node_id": "MDc6TGljZW5zZTg="       },       "forks": 20,       "open_issues": 0,       "watchers": 183,       "default_branch": "master",       "score": 53.154976     }   ] }  [] []
[2019-01-29 14:44:36] name.WARNING: Array [] []
[2019-01-29 14:44:51] name.WARNING: Something is [] []
[2019-01-29 14:44:51] name.WARNING: {   "total_count": 12470,   "incomplete_results": false,   "items": [     {       "id": 58605580,       "node_id": "MDEwOlJlcG9zaXRvcnk1ODYwNTU4MA==",       "name": "why-did-you-update",       "full_name": "garbles/why-did-you-update",       "private": false,       "owner": {         "login": "garbles",         "id": 1139884,         "node_id": "MDQ6VXNlcjExMzk4ODQ=",         "avatar_url": "https://avatars1.githubusercontent.com/u/1139884?v=4",         "gravatar_id": "",         "url": "https://api.github.com/users/garbles",         "html_url": "https://github.com/garbles",         "followers_url": "https://api.github.com/users/garbles/followers",         "following_url": "https://api.github.com/users/garbles/following{/other_user}",         "gists_url": "https://api.github.com/users/garbles/gists{/gist_id}",         "starred_url": "https://api.github.com/users/garbles/starred{/owner}{/repo}",         "subscriptions_url": "https://api.github.com/users/garbles/subscriptions",         "organizations_url": "https://api.github.com/users/garbles/orgs",         "repos_url": "https://api.github.com/users/garbles/repos",         "events_url": "https://api.github.com/users/garbles/events{/privacy}",         "received_events_url": "https://api.github.com/users/garbles/received_events",         "type": "User",         "site_admin": false       },       "html_url": "https://github.com/garbles/why-did-you-update",       "description": ":boom: Puts your console on blast when React is making unnecessary updates.",       "fork": false,       "url": "https://api.github.com/repos/garbles/why-did-you-update",       "forks_url": "https://api.github.com/repos/garbles/why-did-you-update/forks",       "keys_url": "https://api.github.com/repos/garbles/why-did-you-update/keys{/key_id}",       "collaborators_url": "https://api.github.com/repos/garbles/why-did-you-update/collaborators{/collaborator}",       "teams_url": "https://api.github.com/repos/garbles/why-did-you-update/teams",       "hooks_url": "https://api.github.com/repos/garbles/why-did-you-update/hooks",       "issue_events_url": "https://api.github.com/repos/garbles/why-did-you-update/issues/events{/number}",       "events_url": "https://api.github.com/repos/garbles/why-did-you-update/events",       "assignees_url": "https://api.github.com/repos/garbles/why-did-you-update/assignees{/user}",       "branches_url": "https://api.github.com/repos/garbles/why-did-you-update/branches{/branch}",       "tags_url": "https://api.github.com/repos/garbles/why-did-you-update/tags",       "blobs_url": "https://api.github.com/repos/garbles/why-did-you-update/git/blobs{/sha}",       "git_tags_url": "https://api.github.com/repos/garbles/why-did-you-update/git/tags{/sha}",       "git_refs_url": "https://api.github.com/repos/garbles/why-did-you-update/git/refs{/sha}",       "trees_url": "https://api.github.com/repos/garbles/why-did-you-update/git/trees{/sha}",       "statuses_url": "https://api.github.com/repos/garbles/why-did-you-update/statuses/{sha}",       "languages_url": "https://api.github.com/repos/garbles/why-did-you-update/languages",       "stargazers_url": "https://api.github.com/repos/garbles/why-did-you-update/stargazers",       "contributors_url": "https://api.github.com/repos/garbles/why-did-you-update/contributors",       "subscribers_url": "https://api.github.com/repos/garbles/why-did-you-update/subscribers",       "subscription_url": "https://api.github.com/repos/garbles/why-did-you-update/subscription",       "commits_url": "https://api.github.com/repos/garbles/why-did-you-update/commits{/sha}",       "git_commits_url": "https://api.github.com/repos/garbles/why-did-you-update/git/commits{/sha}",       "comments_url": "https://api.github.com/repos/garbles/why-did-you-update/comments{/number}",       "issue_comment_url": "https://api.github.com/repos/garbles/why-did-you-update/issues/comments{/number}",       "contents_url": "https://api.github.com/repos/garbles/why-did-you-update/contents/{+path}",       "compare_url": "https://api.github.com/repos/garbles/why-did-you-update/compare/{base}...{head}",       "merges_url": "https://api.github.com/repos/garbles/why-did-you-update/merges",       "archive_url": "https://api.github.com/repos/garbles/why-did-you-update/{archive_format}{/ref}",       "downloads_url": "https://api.github.com/repos/garbles/why-did-you-update/downloads",       "issues_url": "https://api.github.com/repos/garbles/why-did-you-update/issues{/number}",       "pulls_url": "https://api.github.com/repos/garbles/why-did-you-update/pulls{/number}",       "milestones_url": "https://api.github.com/repos/garbles/why-did-you-update/milestones{/number}",       "notifications_url": "https://api.github.com/repos/garbles/why-did-you-update/notifications{?since,all,participating}",       "labels_url": "https://api.github.com/repos/garbles/why-did-you-update/labels{/name}",       "releases_url": "https://api.github.com/repos/garbles/why-did-you-update/releases{/id}",       "deployments_url": "https://api.github.com/repos/garbles/why-did-you-update/deployments",       "created_at": "2016-05-12T03:49:06Z",       "updated_at": "2019-01-28T21:53:29Z",       "pushed_at": "2017-09-23T05:54:19Z",       "git_url": "git://github.com/garbles/why-did-you-update.git",       "ssh_url": "git@github.com:garbles/why-did-you-update.git",       "clone_url": "https://github.com/garbles/why-did-you-update.git",       "svn_url": "https://github.com/garbles/why-did-you-update",       "homepage": null,       "size": 29,       "stargazers_count": 5177,       "watchers_count": 5177,       "language": "JavaScript",       "has_issues": true,       "has_projects": true,       "has_downloads": true,       "has_wiki": true,       "has_pages": false,       "forks_count": 112,       "mirror_url": null,       "archived": true,       "open_issues_count": 28,       "license": null,       "forks": 112,       "open_issues": 28,       "watchers": 5177,       "default_branch": "master",       "score": 102.16864     },     {       "id": 97779740,       "node_id": "MDEwOlJlcG9zaXRvcnk5Nzc3OTc0MA==",       "name": "why-did-you-update",       "full_name": "maicki/why-did-you-update",       "private": false,       "owner": {         "login": "maicki",         "id": 25288,         "node_id": "MDQ6VXNlcjI1Mjg4",         "avatar_url": "https://avatars1.githubusercontent.com/u/25288?v=4",         "gravatar_id": "",         "url": "https://api.github.com/users/maicki",         "html_url": "https://github.com/maicki",         "followers_url": "https://api.github.com/users/maicki/followers",         "following_url": "https://api.github.com/users/maicki/following{/other_user}",         "gists_url": "https://api.github.com/users/maicki/gists{/gist_id}",         "starred_url": "https://api.github.com/users/maicki/starred{/owner}{/repo}",         "subscriptions_url": "https://api.github.com/users/maicki/subscriptions",         "organizations_url": "https://api.github.com/users/maicki/orgs",         "repos_url": "https://api.github.com/users/maicki/repos",         "events_url": "https://api.github.com/users/maicki/events{/privacy}",         "received_events_url": "https://api.github.com/users/maicki/received_events",         "type": "User",         "site_admin": false       },       "html_url": "https://github.com/maicki/why-did-you-update",       "description": ":boom: Puts your console on blast when React is making unnecessary updates.",       "fork": false,       "url": "https://api.github.com/repos/maicki/why-did-you-update",       "forks_url": "https://api.github.com/repos/maicki/why-did-you-update/forks",       "keys_url": "https://api.github.com/repos/maicki/why-did-you-update/keys{/key_id}",       "collaborators_url": "https://api.github.com/repos/maicki/why-did-you-update/collaborators{/collaborator}",       "teams_url": "https://api.github.com/repos/maicki/why-did-you-update/teams",       "hooks_url": "https://api.github.com/repos/maicki/why-did-you-update/hooks",       "issue_events_url": "https://api.github.com/repos/maicki/why-did-you-update/issues/events{/number}",       "events_url": "https://api.github.com/repos/maicki/why-did-you-update/events",       "assignees_url": "https://api.github.com/repos/maicki/why-did-you-update/assignees{/user}",       "branches_url": "https://api.github.com/repos/maicki/why-did-you-update/branches{/branch}",       "tags_url": "https://api.github.com/repos/maicki/why-did-you-update/tags",       "blobs_url": "https://api.github.com/repos/maicki/why-did-you-update/git/blobs{/sha}",       "git_tags_url": "https://api.github.com/repos/maicki/why-did-you-update/git/tags{/sha}",       "git_refs_url": "https://api.github.com/repos/maicki/why-did-you-update/git/refs{/sha}",       "trees_url": "https://api.github.com/repos/maicki/why-did-you-update/git/trees{/sha}",       "statuses_url": "https://api.github.com/repos/maicki/why-did-you-update/statuses/{sha}",       "languages_url": "https://api.github.com/repos/maicki/why-did-you-update/languages",       "stargazers_url": "https://api.github.com/repos/maicki/why-did-you-update/stargazers",       "contributors_url": "https://api.github.com/repos/maicki/why-did-you-update/contributors",       "subscribers_url": "https://api.github.com/repos/maicki/why-did-you-update/subscribers",       "subscription_url": "https://api.github.com/repos/maicki/why-did-you-update/subscription",       "commits_url": "https://api.github.com/repos/maicki/why-did-you-update/commits{/sha}",       "git_commits_url": "https://api.github.com/repos/maicki/why-did-you-update/git/commits{/sha}",       "comments_url": "https://api.github.com/repos/maicki/why-did-you-update/comments{/number}",       "issue_comment_url": "https://api.github.com/repos/maicki/why-did-you-update/issues/comments{/number}",       "contents_url": "https://api.github.com/repos/maicki/why-did-you-update/contents/{+path}",       "compare_url": "https://api.github.com/repos/maicki/why-did-you-update/compare/{base}...{head}",       "merges_url": "https://api.github.com/repos/maicki/why-did-you-update/merges",       "archive_url": "https://api.github.com/repos/maicki/why-did-you-update/{archive_format}{/ref}",       "downloads_url": "https://api.github.com/repos/maicki/why-did-you-update/downloads",       "issues_url": "https://api.github.com/repos/maicki/why-did-you-update/issues{/number}",       "pulls_url": "https://api.github.com/repos/maicki/why-did-you-update/pulls{/number}",       "milestones_url": "https://api.github.com/repos/maicki/why-did-you-update/milestones{/number}",       "notifications_url": "https://api.github.com/repos/maicki/why-did-you-update/notifications{?since,all,participating}",       "labels_url": "https://api.github.com/repos/maicki/why-did-you-update/labels{/name}",       "releases_url": "https://api.github.com/repos/maicki/why-did-you-update/releases{/id}",       "deployments_url": "https://api.github.com/repos/maicki/why-did-you-update/deployments",       "created_at": "2017-07-20T02:06:12Z",       "updated_at": "2019-01-29T05:37:27Z",       "pushed_at": "2018-12-13T16:41:38Z",       "git_url": "git://github.com/maicki/why-did-you-update.git",       "ssh_url": "git@github.com:maicki/why-did-you-update.git",       "clone_url": "https://github.com/maicki/why-did-you-update.git",       "svn_url": "https://github.com/maicki/why-did-you-update",       "homepage": null,       "size": 1349,       "stargazers_count": 3040,       "watchers_count": 3040,       "language": "JavaScript",       "has_issues": true,       "has_projects": true,       "has_downloads": true,       "has_wiki": true,       "has_pages": false,       "forks_count": 89,       "mirror_url": null,       "archived": false,       "open_issues_count": 4,       "license": {         "key": "mit",         "name": "MIT License",         "spdx_id": "MIT",         "url": "https://api.github.com/licenses/mit",         "node_id": "MDc6TGljZW5zZTEz"       },       "forks": 89,       "open_issues": 4,       "watchers": 3040,       "default_branch": "master",       "score": 97.464     },     {       "id": 47007090,       "node_id": "MDEwOlJlcG9zaXRvcnk0NzAwNzA5MA==",       "name": "react-native-nba-app",       "full_name": "wwayne/react-native-nba-app",       "private": false,       "owner": {         "login": "wwayne",         "id": 5305874,         "node_id": "MDQ6VXNlcjUzMDU4NzQ=",         "avatar_url": "https://avatars1.githubusercontent.com/u/5305874?v=4",         "gravatar_id": "",         "url": "https://api.github.com/users/wwayne",         "html_url": "https://github.com/wwayne",         "followers_url": "https://api.github.com/users/wwayne/followers",         "following_url": "https://api.github.com/users/wwayne/following{/other_user}",         "gists_url": "https://api.github.com/users/wwayne/gists{/gist_id}",         "starred_url": "https://api.github.com/users/wwayne/starred{/owner}{/repo}",         "subscriptions_url": "https://api.github.com/users/wwayne/subscriptions",         "organizations_url": "https://api.github.com/users/wwayne/orgs",         "repos_url": "https://api.github.com/users/wwayne/repos",         "events_url": "https://api.github.com/users/wwayne/events{/privacy}",         "received_events_url": "https://api.github.com/users/wwayne/received_events",         "type": "User",         "site_admin": false       },       "html_url": "https://github.com/wwayne/react-native-nba-app",       "description": "This is why we play",       "fork": false,       "url": "https://api.github.com/repos/wwayne/react-native-nba-app",       "forks_url": "https://api.github.com/repos/wwayne/react-native-nba-app/forks",       "keys_url": "https://api.github.com/repos/wwayne/react-native-nba-app/keys{/key_id}",       "collaborators_url": "https://api.github.com/repos/wwayne/react-native-nba-app/collaborators{/collaborator}",       "teams_url": "https://api.github.com/repos/wwayne/react-native-nba-app/teams",       "hooks_url": "https://api.github.com/repos/wwayne/react-native-nba-app/hooks",       "issue_events_url": "https://api.github.com/repos/wwayne/react-native-nba-app/issues/events{/number}",       "events_url": "https://api.github.com/repos/wwayne/react-native-nba-app/events",       "assignees_url": "https://api.github.com/repos/wwayne/react-native-nba-app/assignees{/user}",       "branches_url": "https://api.github.com/repos/wwayne/react-native-nba-app/branches{/branch}",       "tags_url": "https://api.github.com/repos/wwayne/react-native-nba-app/tags",       "blobs_url": "https://api.github.com/repos/wwayne/react-native-nba-app/git/blobs{/sha}",       "git_tags_url": "https://api.github.com/repos/wwayne/react-native-nba-app/git/tags{/sha}",       "git_refs_url": "https://api.github.com/repos/wwayne/react-native-nba-app/git/refs{/sha}",       "trees_url": "https://api.github.com/repos/wwayne/react-native-nba-app/git/trees{/sha}",       "statuses_url": "https://api.github.com/repos/wwayne/react-native-nba-app/statuses/{sha}",       "languages_url": "https://api.github.com/repos/wwayne/react-native-nba-app/languages",       "stargazers_url": "https://api.github.com/repos/wwayne/react-native-nba-app/stargazers",       "contributors_url": "https://api.github.com/repos/wwayne/react-native-nba-app/contributors",       "subscribers_url": "https://api.github.com/repos/wwayne/react-native-nba-app/subscribers",       "subscription_url": "https://api.github.com/repos/wwayne/react-native-nba-app/subscription",       "commits_url": "https://api.github.com/repos/wwayne/react-native-nba-app/commits{/sha}",       "git_commits_url": "https://api.github.com/repos/wwayne/react-native-nba-app/git/commits{/sha}",       "comments_url": "https://api.github.com/repos/wwayne/react-native-nba-app/comments{/number}",       "issue_comment_url": "https://api.github.com/repos/wwayne/react-native-nba-app/issues/comments{/number}",       "contents_url": "https://api.github.com/repos/wwayne/react-native-nba-app/contents/{+path}",       "compare_url": "https://api.github.com/repos/wwayne/react-native-nba-app/compare/{base}...{head}",       "merges_url": "https://api.github.com/repos/wwayne/react-native-nba-app/merges",       "archive_url": "https://api.github.com/repos/wwayne/react-native-nba-app/{archive_format}{/ref}",       "downloads_url": "https://api.github.com/repos/wwayne/react-native-nba-app/downloads",       "issues_url": "https://api.github.com/repos/wwayne/react-native-nba-app/issues{/number}",       "pulls_url": "https://api.github.com/repos/wwayne/react-native-nba-app/pulls{/number}",       "milestones_url": "https://api.github.com/repos/wwayne/react-native-nba-app/milestones{/number}",       "notifications_url": "https://api.github.com/repos/wwayne/react-native-nba-app/notifications{?since,all,participating}",       "labels_url": "https://api.github.com/repos/wwayne/react-native-nba-app/labels{/name}",       "releases_url": "https://api.github.com/repos/wwayne/react-native-nba-app/releases{/id}",       "deployments_url": "https://api.github.com/repos/wwayne/react-native-nba-app/deployments",       "created_at": "2015-11-28T02:30:45Z",       "updated_at": "2019-01-29T06:24:22Z",       "pushed_at": "2017-02-07T17:42:38Z",       "git_url": "git://github.com/wwayne/react-native-nba-app.git",       "ssh_url": "git@github.com:wwayne/react-native-nba-app.git",       "clone_url": "https://github.com/wwayne/react-native-nba-app.git",       "svn_url": "https://github.com/wwayne/react-native-nba-app",       "homepage": "",       "size": 2796,       "stargazers_count": 2073,       "watchers_count": 2073,       "language": "Objective-C",       "has_issues": true,       "has_projects": true,       "has_downloads": true,       "has_wiki": true,       "has_pages": false,       "forks_count": 480,       "mirror_url": null,       "archived": false,       "open_issues_count": 8,       "license": {         "key": "mit",         "name": "MIT License",         "spdx_id": "MIT",         "url": "https://api.github.com/licenses/mit",         "node_id": "MDc6TGljZW5zZTEz"       },       "forks": 480,       "open_issues": 8,       "watchers": 2073,       "default_branch": "master",       "score": 110.83428     },     {       "id": 17720394,       "node_id": "MDEwOlJlcG9zaXRvcnkxNzcyMDM5NA==",       "name": "pyinstrument",       "full_name": "joerick/pyinstrument",       "private": false,       "owner": {         "login": "joerick",         "id": 1244307,         "node_id": "MDQ6VXNlcjEyNDQzMDc=",         "avatar_url": "https://avatars1.githubusercontent.com/u/1244307?v=4",         "gravatar_id": "",         "url": "https://api.github.com/users/joerick",         "html_url": "https://github.com/joerick",         "followers_url": "https://api.github.com/users/joerick/followers",         "following_url": "https://api.github.com/users/joerick/following{/other_user}",         "gists_url": "https://api.github.com/users/joerick/gists{/gist_id}",         "starred_url": "https://api.github.com/users/joerick/starred{/owner}{/repo}",         "subscriptions_url": "https://api.github.com/users/joerick/subscriptions",         "organizations_url": "https://api.github.com/users/joerick/orgs",         "repos_url": "https://api.github.com/users/joerick/repos",         "events_url": "https://api.github.com/users/joerick/events{/privacy}",         "received_events_url": "https://api.github.com/users/joerick/received_events",         "type": "User",         "site_admin": false       },       "html_url": "https://github.com/joerick/pyinstrument",       "description": "🚴 Call stack profiler for Python. Shows you why your code is slow!",       "fork": false,       "url": "https://api.github.com/repos/joerick/pyinstrument",       "forks_url": "https://api.github.com/repos/joerick/pyinstrument/forks",       "keys_url": "https://api.github.com/repos/joerick/pyinstrument/keys{/key_id}",       "collaborators_url": "https://api.github.com/repos/joerick/pyinstrument/collaborators{/collaborator}",       "teams_url": "https://api.github.com/repos/joerick/pyinstrument/teams",       "hooks_url": "https://api.github.com/repos/joerick/pyinstrument/hooks",       "issue_events_url": "https://api.github.com/repos/joerick/pyinstrument/issues/events{/number}",       "events_url": "https://api.github.com/repos/joerick/pyinstrument/events",       "assignees_url": "https://api.github.com/repos/joerick/pyinstrument/assignees{/user}",       "branches_url": "https://api.github.com/repos/joerick/pyinstrument/branches{/branch}",       "tags_url": "https://api.github.com/repos/joerick/pyinstrument/tags",       "blobs_url": "https://api.github.com/repos/joerick/pyinstrument/git/blobs{/sha}",       "git_tags_url": "https://api.github.com/repos/joerick/pyinstrument/git/tags{/sha}",       "git_refs_url": "https://api.github.com/repos/joerick/pyinstrument/git/refs{/sha}",       "trees_url": "https://api.github.com/repos/joerick/pyinstrument/git/trees{/sha}",       "statuses_url": "https://api.github.com/repos/joerick/pyinstrument/statuses/{sha}",       "languages_url": "https://api.github.com/repos/joerick/pyinstrument/languages",       "stargazers_url": "https://api.github.com/repos/joerick/pyinstrument/stargazers",       "contributors_url": "https://api.github.com/repos/joerick/pyinstrument/contributors",       "subscribers_url": "https://api.github.com/repos/joerick/pyinstrument/subscribers",       "subscription_url": "https://api.github.com/repos/joerick/pyinstrument/subscription",       "commits_url": "https://api.github.com/repos/joerick/pyinstrument/commits{/sha}",       "git_commits_url": "https://api.github.com/repos/joerick/pyinstrument/git/commits{/sha}",       "comments_url": "https://api.github.com/repos/joerick/pyinstrument/comments{/number}",       "issue_comment_url": "https://api.github.com/repos/joerick/pyinstrument/issues/comments{/number}",       "contents_url": "https://api.github.com/repos/joerick/pyinstrument/contents/{+path}",       "compare_url": "https://api.github.com/repos/joerick/pyinstrument/compare/{base}...{head}",       "merges_url": "https://api.github.com/repos/joerick/pyinstrument/merges",       "archive_url": "https://api.github.com/repos/joerick/pyinstrument/{archive_format}{/ref}",       "downloads_url": "https://api.github.com/repos/joerick/pyinstrument/downloads",       "issues_url": "https://api.github.com/repos/joerick/pyinstrument/issues{/number}",       "pulls_url": "https://api.github.com/repos/joerick/pyinstrument/pulls{/number}",       "milestones_url": "https://api.github.com/repos/joerick/pyinstrument/milestones{/number}",       "notifications_url": "https://api.github.com/repos/joerick/pyinstrument/notifications{?since,all,participating}",       "labels_url": "https://api.github.com/repos/joerick/pyinstrument/labels{/name}",       "releases_url": "https://api.github.com/repos/joerick/pyinstrument/releases{/id}",       "deployments_url": "https://api.github.com/repos/joerick/pyinstrument/deployments",       "created_at": "2014-03-13T17:53:13Z",       "updated_at": "2019-01-27T14:58:45Z",       "pushed_at": "2019-01-15T13:57:27Z",       "git_url": "git://github.com/joerick/pyinstrument.git",       "ssh_url": "git@github.com:joerick/pyinstrument.git",       "clone_url": "https://github.com/joerick/pyinstrument.git",       "svn_url": "https://github.com/joerick/pyinstrument",       "homepage": "",       "size": 1949,       "stargazers_count": 1081,       "watchers_count": 1081,       "language": "Python",       "has_issues": true,       "has_projects": true,       "has_downloads": true,       "has_wiki": true,       "has_pages": false,       "forks_count": 66,       "mirror_url": null,       "archived": false,       "open_issues_count": 5,       "license": {         "key": "bsd-3-clause",         "name": "BSD 3-Clause \"New\" or \"Revised\" License",         "spdx_id": "BSD-3-Clause",         "url": "https://api.github.com/licenses/bsd-3-clause",         "node_id": "MDc6TGljZW5zZTU="       },       "forks": 66,       "open_issues": 5,       "watchers": 1081,       "default_branch": "master",       "score": 57.18     },     {       "id": 51375640,       "node_id": "MDEwOlJlcG9zaXRvcnk1MTM3NTY0MA==",       "name": "why-is-node-running",       "full_name": "mafintosh/why-is-node-running",       "private": false,       "owner": {         "login": "mafintosh",         "id": 376661,         "node_id": "MDQ6VXNlcjM3NjY2MQ==",         "avatar_url": "https://avatars1.githubusercontent.com/u/376661?v=4",         "gravatar_id": "",         "url": "https://api.github.com/users/mafintosh",         "html_url": "https://github.com/mafintosh",         "followers_url": "https://api.github.com/users/mafintosh/followers",         "following_url": "https://api.github.com/users/mafintosh/following{/other_user}",         "gists_url": "https://api.github.com/users/mafintosh/gists{/gist_id}",         "starred_url": "https://api.github.com/users/mafintosh/starred{/owner}{/repo}",         "subscriptions_url": "https://api.github.com/users/mafintosh/subscriptions",         "organizations_url": "https://api.github.com/users/mafintosh/orgs",         "repos_url": "https://api.github.com/users/mafintosh/repos",         "events_url": "https://api.github.com/users/mafintosh/events{/privacy}",         "received_events_url": "https://api.github.com/users/mafintosh/received_events",         "type": "User",         "site_admin": false       },       "html_url": "https://github.com/mafintosh/why-is-node-running",       "description": "Node is running but you don't know why? why-is-node-running is here to help you.",       "fork": false,       "url": "https://api.github.com/repos/mafintosh/why-is-node-running",       "forks_url": "https://api.github.com/repos/mafintosh/why-is-node-running/forks",       "keys_url": "https://api.github.com/repos/mafintosh/why-is-node-running/keys{/key_id}",       "collaborators_url": "https://api.github.com/repos/mafintosh/why-is-node-running/collaborators{/collaborator}",       "teams_url": "https://api.github.com/repos/mafintosh/why-is-node-running/teams",       "hooks_url": "https://api.github.com/repos/mafintosh/why-is-node-running/hooks",       "issue_events_url": "https://api.github.com/repos/mafintosh/why-is-node-running/issues/events{/number}",       "events_url": "https://api.github.com/repos/mafintosh/why-is-node-running/events",       "assignees_url": "https://api.github.com/repos/mafintosh/why-is-node-running/assignees{/user}",       "branches_url": "https://api.github.com/repos/mafintosh/why-is-node-running/branches{/branch}",       "tags_url": "https://api.github.com/repos/mafintosh/why-is-node-running/tags",       "blobs_url": "https://api.github.com/repos/mafintosh/why-is-node-running/git/blobs{/sha}",       "git_tags_url": "https://api.github.com/repos/mafintosh/why-is-node-running/git/tags{/sha}",       "git_refs_url": "https://api.github.com/repos/mafintosh/why-is-node-running/git/refs{/sha}",       "trees_url": "https://api.github.com/repos/mafintosh/why-is-node-running/git/trees{/sha}",       "statuses_url": "https://api.github.com/repos/mafintosh/why-is-node-running/statuses/{sha}",       "languages_url": "https://api.github.com/repos/mafintosh/why-is-node-running/languages",       "stargazers_url": "https://api.github.com/repos/mafintosh/why-is-node-running/stargazers",       "contributors_url": "https://api.github.com/repos/mafintosh/why-is-node-running/contributors",       "subscribers_url": "https://api.github.com/repos/mafintosh/why-is-node-running/subscribers",       "subscription_url": "https://api.github.com/repos/mafintosh/why-is-node-running/subscription",       "commits_url": "https://api.github.com/repos/mafintosh/why-is-node-running/commits{/sha}",       "git_commits_url": "https://api.github.com/repos/mafintosh/why-is-node-running/git/commits{/sha}",       "comments_url": "https://api.github.com/repos/mafintosh/why-is-node-running/comments{/number}",       "issue_comment_url": "https://api.github.com/repos/mafintosh/why-is-node-running/issues/comments{/number}",       "contents_url": "https://api.github.com/repos/mafintosh/why-is-node-running/contents/{+path}",       "compare_url": "https://api.github.com/repos/mafintosh/why-is-node-running/compare/{base}...{head}",       "merges_url": "https://api.github.com/repos/mafintosh/why-is-node-running/merges",       "archive_url": "https://api.github.com/repos/mafintosh/why-is-node-running/{archive_format}{/ref}",       "downloads_url": "https://api.github.com/repos/mafintosh/why-is-node-running/downloads",       "issues_url": "https://api.github.com/repos/mafintosh/why-is-node-running/issues{/number}",       "pulls_url": "https://api.github.com/repos/mafintosh/why-is-node-running/pulls{/number}",       "milestones_url": "https://api.github.com/repos/mafintosh/why-is-node-running/milestones{/number}",       "notifications_url": "https://api.github.com/repos/mafintosh/why-is-node-running/notifications{?since,all,participating}",       "labels_url": "https://api.github.com/repos/mafintosh/why-is-node-running/labels{/name}",       "releases_url": "https://api.github.com/repos/mafintosh/why-is-node-running/releases{/id}",       "deployments_url": "https://api.github.com/repos/mafintosh/why-is-node-running/deployments",       "created_at": "2016-02-09T15:29:28Z",       "updated_at": "2019-01-27T07:40:29Z",       "pushed_at": "2018-10-26T08:54:53Z",       "git_url": "git://github.com/mafintosh/why-is-node-running.git",       "ssh_url": "git@github.com:mafintosh/why-is-node-running.git",       "clone_url": "https://github.com/mafintosh/why-is-node-running.git",       "svn_url": "https://github.com/mafintosh/why-is-node-running",       "homepage": null,       "size": 18,       "stargazers_count": 873,       "watchers_count": 873,       "language": "JavaScript",       "has_issues": true,       "has_projects": true,       "has_downloads": true,       "has_wiki": true,       "has_pages": false,       "forks_count": 32,       "mirror_url": null,       "archived": false,       "open_issues_count": 12,       "license": {         "key": "mit",         "name": "MIT License",         "spdx_id": "MIT",         "url": "https://api.github.com/licenses/mit",         "node_id": "MDc6TGljZW5zZTEz"       },       "forks": 32,       "open_issues": 12,       "watchers": 873,       "default_branch": "master",       "score": 80.30073     },     {       "id": 103874950,       "node_id": "MDEwOlJlcG9zaXRvcnkxMDM4NzQ5NTA=",       "name": "bashful",       "full_name": "wagoodman/bashful",       "private": false,       "owner": {         "login": "wagoodman",         "id": 590471,         "node_id": "MDQ6VXNlcjU5MDQ3MQ==",         "avatar_url": "https://avatars3.githubusercontent.com/u/590471?v=4",         "gravatar_id": "",         "url": "https://api.github.com/users/wagoodman",         "html_url": "https://github.com/wagoodman",         "followers_url": "https://api.github.com/users/wagoodman/followers",         "following_url": "https://api.github.com/users/wagoodman/following{/other_user}",         "gists_url": "https://api.github.com/users/wagoodman/gists{/gist_id}",         "starred_url": "https://api.github.com/users/wagoodman/starred{/owner}{/repo}",         "subscriptions_url": "https://api.github.com/users/wagoodman/subscriptions",         "organizations_url": "https://api.github.com/users/wagoodman/orgs",         "repos_url": "https://api.github.com/users/wagoodman/repos",         "events_url": "https://api.github.com/users/wagoodman/events{/privacy}",         "received_events_url": "https://api.github.com/users/wagoodman/received_events",         "type": "User",         "site_admin": false       },       "html_url": "https://github.com/wagoodman/bashful",       "description": "Use a yaml file to stitch together commands and bash snippits and run them with a bit of style.  Why? Because your bash script should be quiet and shy-like (...and not such a loud mouth). ",       "fork": false,       "url": "https://api.github.com/repos/wagoodman/bashful",       "forks_url": "https://api.github.com/repos/wagoodman/bashful/forks",       "keys_url": "https://api.github.com/repos/wagoodman/bashful/keys{/key_id}",       "collaborators_url": "https://api.github.com/repos/wagoodman/bashful/collaborators{/collaborator}",       "teams_url": "https://api.github.com/repos/wagoodman/bashful/teams",       "hooks_url": "https://api.github.com/repos/wagoodman/bashful/hooks",       "issue_events_url": "https://api.github.com/repos/wagoodman/bashful/issues/events{/number}",       "events_url": "https://api.github.com/repos/wagoodman/bashful/events",       "assignees_url": "https://api.github.com/repos/wagoodman/bashful/assignees{/user}",       "branches_url": "https://api.github.com/repos/wagoodman/bashful/branches{/branch}",       "tags_url": "https://api.github.com/repos/wagoodman/bashful/tags",       "blobs_url": "https://api.github.com/repos/wagoodman/bashful/git/blobs{/sha}",       "git_tags_url": "https://api.github.com/repos/wagoodman/bashful/git/tags{/sha}",       "git_refs_url": "https://api.github.com/repos/wagoodman/bashful/git/refs{/sha}",       "trees_url": "https://api.github.com/repos/wagoodman/bashful/git/trees{/sha}",       "statuses_url": "https://api.github.com/repos/wagoodman/bashful/statuses/{sha}",       "languages_url": "https://api.github.com/repos/wagoodman/bashful/languages",       "stargazers_url": "https://api.github.com/repos/wagoodman/bashful/stargazers",       "contributors_url": "https://api.github.com/repos/wagoodman/bashful/contributors",       "subscribers_url": "https://api.github.com/repos/wagoodman/bashful/subscribers",       "subscription_url": "https://api.github.com/repos/wagoodman/bashful/subscription",       "commits_url": "https://api.github.com/repos/wagoodman/bashful/commits{/sha}",       "git_commits_url": "https://api.github.com/repos/wagoodman/bashful/git/commits{/sha}",       "comments_url": "https://api.github.com/repos/wagoodman/bashful/comments{/number}",       "issue_comment_url": "https://api.github.com/repos/wagoodman/bashful/issues/comments{/number}",       "contents_url": "https://api.github.com/repos/wagoodman/bashful/contents/{+path}",       "compare_url": "https://api.github.com/repos/wagoodman/bashful/compare/{base}...{head}",       "merges_url": "https://api.github.com/repos/wagoodman/bashful/merges",       "archive_url": "https://api.github.com/repos/wagoodman/bashful/{archive_format}{/ref}",       "downloads_url": "https://api.github.com/repos/wagoodman/bashful/downloads",       "issues_url": "https://api.github.com/repos/wagoodman/bashful/issues{/number}",       "pulls_url": "https://api.github.com/repos/wagoodman/bashful/pulls{/number}",       "milestones_url": "https://api.github.com/repos/wagoodman/bashful/milestones{/number}",       "notifications_url": "https://api.github.com/repos/wagoodman/bashful/notifications{?since,all,participating}",       "labels_url": "https://api.github.com/repos/wagoodman/bashful/labels{/name}",       "releases_url": "https://api.github.com/repos/wagoodman/bashful/releases{/id}",       "deployments_url": "https://api.github.com/repos/wagoodman/bashful/deployments",       "created_at": "2017-09-18T01:04:55Z",       "updated_at": "2019-01-28T20:06:21Z",       "pushed_at": "2019-01-06T18:52:52Z",       "git_url": "git://github.com/wagoodman/bashful.git",       "ssh_url": "git@github.com:wagoodman/bashful.git",       "clone_url": "https://github.com/wagoodman/bashful.git",       "svn_url": "https://github.com/wagoodman/bashful",       "homepage": "",       "size": 4157,       "stargazers_count": 827,       "watchers_count": 827,       "language": "Go",       "has_issues": true,       "has_projects": true,       "has_downloads": true,       "has_wiki": true,       "has_pages": false,       "forks_count": 24,       "mirror_url": null,       "archived": false,       "open_issues_count": 15,       "license": {         "key": "mit",         "name": "MIT License",         "spdx_id": "MIT",         "url": "https://api.github.com/licenses/mit",         "node_id": "MDc6TGljZW5zZTEz"       },       "forks": 24,       "open_issues": 15,       "watchers": 827,       "default_branch": "master",       "score": 27.884798     },     {       "id": 100889899,       "node_id": "MDEwOlJlcG9zaXRvcnkxMDA4ODk4OTk=",       "name": "wtfautolayout",       "full_name": "johnpatrickmorgan/wtfautolayout",       "private": false,       "owner": {         "login": "johnpatrickmorgan",         "id": 6318566,         "node_id": "MDQ6VXNlcjYzMTg1NjY=",         "avatar_url": "https://avatars3.githubusercontent.com/u/6318566?v=4",         "gravatar_id": "",         "url": "https://api.github.com/users/johnpatrickmorgan",         "html_url": "https://github.com/johnpatrickmorgan",         "followers_url": "https://api.github.com/users/johnpatrickmorgan/followers",         "following_url": "https://api.github.com/users/johnpatrickmorgan/following{/other_user}",         "gists_url": "https://api.github.com/users/johnpatrickmorgan/gists{/gist_id}",         "starred_url": "https://api.github.com/users/johnpatrickmorgan/starred{/owner}{/repo}",         "subscriptions_url": "https://api.github.com/users/johnpatrickmorgan/subscriptions",         "organizations_url": "https://api.github.com/users/johnpatrickmorgan/orgs",         "repos_url": "https://api.github.com/users/johnpatrickmorgan/repos",         "events_url": "https://api.github.com/users/johnpatrickmorgan/events{/privacy}",         "received_events_url": "https://api.github.com/users/johnpatrickmorgan/received_events",         "type": "User",         "site_admin": false       },       "html_url": "https://github.com/johnpatrickmorgan/wtfautolayout",       "description": "The source code for Why The Failure, Auto Layout?",       "fork": false,       "url": "https://api.github.com/repos/johnpatrickmorgan/wtfautolayout",       "forks_url": "https://api.github.com/repos/johnpatrickmorgan/wtfautolayout/forks",       "keys_url": "https://api.github.com/repos/johnpatrickmorgan/wtfautolayout/keys{/key_id}",       "collaborators_url": "https://api.github.com/repos/johnpatrickmorgan/wtfautolayout/collaborators{/collaborator}",       "teams_url": "https://api.github.com/repos/johnpatrickmorgan/wtfautolayout/teams",       "hooks_url": "https://api.github.com/repos/johnpatrickmorgan/wtfautolayout/hooks",       "issue_events_url": "https://api.github.com/repos/johnpatrickmorgan/wtfautolayout/issues/events{/number}",       "events_url": "https://api.github.com/repos/johnpatrickmorgan/wtfautolayout/events",       "assignees_url": "https://api.github.com/repos/johnpatrickmorgan/wtfautolayout/assignees{/user}",       "branches_url": "https://api.github.com/repos/johnpatrickmorgan/wtfautolayout/branches{/branch}",       "tags_url": "https://api.github.com/repos/johnpatrickmorgan/wtfautolayout/tags",       "blobs_url": "https://api.github.com/repos/johnpatrickmorgan/wtfautolayout/git/blobs{/sha}",       "git_tags_url": "https://api.github.com/repos/johnpatrickmorgan/wtfautolayout/git/tags{/sha}",       "git_refs_url": "https://api.github.com/repos/johnpatrickmorgan/wtfautolayout/git/refs{/sha}",       "trees_url": "https://api.github.com/repos/johnpatrickmorgan/wtfautolayout/git/trees{/sha}",       "statuses_url": "https://api.github.com/repos/johnpatrickmorgan/wtfautolayout/statuses/{sha}",       "languages_url": "https://api.github.com/repos/johnpatrickmorgan/wtfautolayout/languages",       "stargazers_url": "https://api.github.com/repos/johnpatrickmorgan/wtfautolayout/stargazers",       "contributors_url": "https://api.github.com/repos/johnpatrickmorgan/wtfautolayout/contributors",       "subscribers_url": "https://api.github.com/repos/johnpatrickmorgan/wtfautolayout/subscribers",       "subscription_url": "https://api.github.com/repos/johnpatrickmorgan/wtfautolayout/subscription",       "commits_url": "https://api.github.com/repos/johnpatrickmorgan/wtfautolayout/commits{/sha}",       "git_commits_url": "https://api.github.com/repos/johnpatrickmorgan/wtfautolayout/git/commits{/sha}",       "comments_url": "https://api.github.com/repos/johnpatrickmorgan/wtfautolayout/comments{/number}",       "issue_comment_url": "https://api.github.com/repos/johnpatrickmorgan/wtfautolayout/issues/comments{/number}",       "contents_url": "https://api.github.com/repos/johnpatrickmorgan/wtfautolayout/contents/{+path}",       "compare_url": "https://api.github.com/repos/johnpatrickmorgan/wtfautolayout/compare/{base}...{head}",       "merges_url": "https://api.github.com/repos/johnpatrickmorgan/wtfautolayout/merges",       "archive_url": "https://api.github.com/repos/johnpatrickmorgan/wtfautolayout/{archive_format}{/ref}",       "downloads_url": "https://api.github.com/repos/johnpatrickmorgan/wtfautolayout/downloads",       "issues_url": "https://api.github.com/repos/johnpatrickmorgan/wtfautolayout/issues{/number}",       "pulls_url": "https://api.github.com/repos/johnpatrickmorgan/wtfautolayout/pulls{/number}",       "milestones_url": "https://api.github.com/repos/johnpatrickmorgan/wtfautolayout/milestones{/number}",       "notifications_url": "https://api.github.com/repos/johnpatrickmorgan/wtfautolayout/notifications{?since,all,participating}",       "labels_url": "https://api.github.com/repos/johnpatrickmorgan/wtfautolayout/labels{/name}",       "releases_url": "https://api.github.com/repos/johnpatrickmorgan/wtfautolayout/releases{/id}",       "deployments_url": "https://api.github.com/repos/johnpatrickmorgan/wtfautolayout/deployments",       "created_at": "2017-08-20T21:32:57Z",       "updated_at": "2019-01-28T12:46:45Z",       "pushed_at": "2019-01-24T23:44:25Z",       "git_url": "git://github.com/johnpatrickmorgan/wtfautolayout.git",       "ssh_url": "git@github.com:johnpatrickmorgan/wtfautolayout.git",       "clone_url": "https://github.com/johnpatrickmorgan/wtfautolayout.git",       "svn_url": "https://github.com/johnpatrickmorgan/wtfautolayout",       "homepage": "https://www.wtfautolayout.com",       "size": 347,       "stargazers_count": 674,       "watchers_count": 674,       "language": "Swift",       "has_issues": true,       "has_projects": true,       "has_downloads": true,       "has_wiki": true,       "has_pages": false,       "forks_count": 15,       "mirror_url": null,       "archived": false,       "open_issues_count": 5,       "license": {         "key": "mit",         "name": "MIT License",         "spdx_id": "MIT",         "url": "https://api.github.com/licenses/mit",         "node_id": "MDc6TGljZW5zZTEz"       },       "forks": 15,       "open_issues": 5,       "watchers": 674,       "default_branch": "master",       "score": 56.568905     },     {       "id": 28422398,       "node_id": "MDEwOlJlcG9zaXRvcnkyODQyMjM5OA==",       "name": "react-router-flux-starter-kit",       "full_name": "przeor/react-router-flux-starter-kit",       "private": false,       "owner": {         "login": "przeor",         "id": 5995,         "node_id": "MDQ6VXNlcjU5OTU=",         "avatar_url": "https://avatars2.githubusercontent.com/u/5995?v=4",         "gravatar_id": "",         "url": "https://api.github.com/users/przeor",         "html_url": "https://github.com/przeor",         "followers_url": "https://api.github.com/users/przeor/followers",         "following_url": "https://api.github.com/users/przeor/following{/other_user}",         "gists_url": "https://api.github.com/users/przeor/gists{/gist_id}",         "starred_url": "https://api.github.com/users/przeor/starred{/owner}{/repo}",         "subscriptions_url": "https://api.github.com/users/przeor/subscriptions",         "organizations_url": "https://api.github.com/users/przeor/orgs",         "repos_url": "https://api.github.com/users/przeor/repos",         "events_url": "https://api.github.com/users/przeor/events{/privacy}",         "received_events_url": "https://api.github.com/users/przeor/received_events",         "type": "User",         "site_admin": false       },       "html_url": "https://github.com/przeor/react-router-flux-starter-kit",       "description": "Why & How to Learn React Redux, the right highly scalable way.",       "fork": false,       "url": "https://api.github.com/repos/przeor/react-router-flux-starter-kit",       "forks_url": "https://api.github.com/repos/przeor/react-router-flux-starter-kit/forks",       "keys_url": "https://api.github.com/repos/przeor/react-router-flux-starter-kit/keys{/key_id}",       "collaborators_url": "https://api.github.com/repos/przeor/react-router-flux-starter-kit/collaborators{/collaborator}",       "teams_url": "https://api.github.com/repos/przeor/react-router-flux-starter-kit/teams",       "hooks_url": "https://api.github.com/repos/przeor/react-router-flux-starter-kit/hooks",       "issue_events_url": "https://api.github.com/repos/przeor/react-router-flux-starter-kit/issues/events{/number}",       "events_url": "https://api.github.com/repos/przeor/react-router-flux-starter-kit/events",       "assignees_url": "https://api.github.com/repos/przeor/react-router-flux-starter-kit/assignees{/user}",       "branches_url": "https://api.github.com/repos/przeor/react-router-flux-starter-kit/branches{/branch}",       "tags_url": "https://api.github.com/repos/przeor/react-router-flux-starter-kit/tags",       "blobs_url": "https://api.github.com/repos/przeor/react-router-flux-starter-kit/git/blobs{/sha}",       "git_tags_url": "https://api.github.com/repos/przeor/react-router-flux-starter-kit/git/tags{/sha}",       "git_refs_url": "https://api.github.com/repos/przeor/react-router-flux-starter-kit/git/refs{/sha}",       "trees_url": "https://api.github.com/repos/przeor/react-router-flux-starter-kit/git/trees{/sha}",       "statuses_url": "https://api.github.com/repos/przeor/react-router-flux-starter-kit/statuses/{sha}",       "languages_url": "https://api.github.com/repos/przeor/react-router-flux-starter-kit/languages",       "stargazers_url": "https://api.github.com/repos/przeor/react-router-flux-starter-kit/stargazers",       "contributors_url": "https://api.github.com/repos/przeor/react-router-flux-starter-kit/contributors",       "subscribers_url": "https://api.github.com/repos/przeor/react-router-flux-starter-kit/subscribers",       "subscription_url": "https://api.github.com/repos/przeor/react-router-flux-starter-kit/subscription",       "commits_url": "https://api.github.com/repos/przeor/react-router-flux-starter-kit/commits{/sha}",       "git_commits_url": "https://api.github.com/repos/przeor/react-router-flux-starter-kit/git/commits{/sha}",       "comments_url": "https://api.github.com/repos/przeor/react-router-flux-starter-kit/comments{/number}",       "issue_comment_url": "https://api.github.com/repos/przeor/react-router-flux-starter-kit/issues/comments{/number}",       "contents_url": "https://api.github.com/repos/przeor/react-router-flux-starter-kit/contents/{+path}",       "compare_url": "https://api.github.com/repos/przeor/react-router-flux-starter-kit/compare/{base}...{head}",       "merges_url": "https://api.github.com/repos/przeor/react-router-flux-starter-kit/merges",       "archive_url": "https://api.github.com/repos/przeor/react-router-flux-starter-kit/{archive_format}{/ref}",       "downloads_url": "https://api.github.com/repos/przeor/react-router-flux-starter-kit/downloads",       "issues_url": "https://api.github.com/repos/przeor/react-router-flux-starter-kit/issues{/number}",       "pulls_url": "https://api.github.com/repos/przeor/react-router-flux-starter-kit/pulls{/number}",       "milestones_url": "https://api.github.com/repos/przeor/react-router-flux-starter-kit/milestones{/number}",       "notifications_url": "https://api.github.com/repos/przeor/react-router-flux-starter-kit/notifications{?since,all,participating}",       "labels_url": "https://api.github.com/repos/przeor/react-router-flux-starter-kit/labels{/name}",       "releases_url": "https://api.github.com/repos/przeor/react-router-flux-starter-kit/releases{/id}",       "deployments_url": "https://api.github.com/repos/przeor/react-router-flux-starter-kit/deployments",       "created_at": "2014-12-23T22:19:47Z",       "updated_at": "2019-01-23T01:25:46Z",       "pushed_at": "2016-08-19T08:19:37Z",       "git_url": "git://github.com/przeor/react-router-flux-starter-kit.git",       "ssh_url": "git@github.com:przeor/react-router-flux-starter-kit.git",       "clone_url": "https://github.com/przeor/react-router-flux-starter-kit.git",       "svn_url": "https://github.com/przeor/react-router-flux-starter-kit",       "homepage": "",       "size": 4999,       "stargazers_count": 650,       "watchers_count": 650,       "language": "JavaScript",       "has_issues": true,       "has_projects": true,       "has_downloads": true,       "has_wiki": true,       "has_pages": false,       "forks_count": 97,       "mirror_url": null,       "archived": false,       "open_issues_count": 5,       "license": null,       "forks": 97,       "open_issues": 5,       "watchers": 650,       "default_branch": "master",       "score": 58.770565     },     {       "id": 282344,       "node_id": "MDEwOlJlcG9zaXRvcnkyODIzNDQ=",       "name": "potion",       "full_name": "perl11/potion",       "private": false,       "owner": {         "login": "perl11",         "id": 2390370,         "node_id": "MDEyOk9yZ2FuaXphdGlvbjIzOTAzNzA=",         "avatar_url": "https://avatars3.githubusercontent.com/u/2390370?v=4",         "gravatar_id": "",         "url": "https://api.github.com/users/perl11",         "html_url": "https://github.com/perl11",         "followers_url": "https://api.github.com/users/perl11/followers",         "following_url": "https://api.github.com/users/perl11/following{/other_user}",         "gists_url": "https://api.github.com/users/perl11/gists{/gist_id}",         "starred_url": "https://api.github.com/users/perl11/starred{/owner}{/repo}",         "subscriptions_url": "https://api.github.com/users/perl11/subscriptions",         "organizations_url": "https://api.github.com/users/perl11/orgs",         "repos_url": "https://api.github.com/users/perl11/repos",         "events_url": "https://api.github.com/users/perl11/events{/privacy}",         "received_events_url": "https://api.github.com/users/perl11/received_events",         "type": "Organization",         "site_admin": false       },       "html_url": "https://github.com/perl11/potion",       "description": "_why the lucky stiff's little language (the official repo... until _why returns)",       "fork": false,       "url": "https://api.github.com/repos/perl11/potion",       "forks_url": "https://api.github.com/repos/perl11/potion/forks",       "keys_url": "https://api.github.com/repos/perl11/potion/keys{/key_id}",       "collaborators_url": "https://api.github.com/repos/perl11/potion/collaborators{/collaborator}",       "teams_url": "https://api.github.com/repos/perl11/potion/teams",       "hooks_url": "https://api.github.com/repos/perl11/potion/hooks",       "issue_events_url": "https://api.github.com/repos/perl11/potion/issues/events{/number}",       "events_url": "https://api.github.com/repos/perl11/potion/events",       "assignees_url": "https://api.github.com/repos/perl11/potion/assignees{/user}",       "branches_url": "https://api.github.com/repos/perl11/potion/branches{/branch}",       "tags_url": "https://api.github.com/repos/perl11/potion/tags",       "blobs_url": "https://api.github.com/repos/perl11/potion/git/blobs{/sha}",       "git_tags_url": "https://api.github.com/repos/perl11/potion/git/tags{/sha}",       "git_refs_url": "https://api.github.com/repos/perl11/potion/git/refs{/sha}",       "trees_url": "https://api.github.com/repos/perl11/potion/git/trees{/sha}",       "statuses_url": "https://api.github.com/repos/perl11/potion/statuses/{sha}",       "languages_url": "https://api.github.com/repos/perl11/potion/languages",       "stargazers_url": "https://api.github.com/repos/perl11/potion/stargazers",       "contributors_url": "https://api.github.com/repos/perl11/potion/contributors",       "subscribers_url": "https://api.github.com/repos/perl11/potion/subscribers",       "subscription_url": "https://api.github.com/repos/perl11/potion/subscription",       "commits_url": "https://api.github.com/repos/perl11/potion/commits{/sha}",       "git_commits_url": "https://api.github.com/repos/perl11/potion/git/commits{/sha}",       "comments_url": "https://api.github.com/repos/perl11/potion/comments{/number}",       "issue_comment_url": "https://api.github.com/repos/perl11/potion/issues/comments{/number}",       "contents_url": "https://api.github.com/repos/perl11/potion/contents/{+path}",       "compare_url": "https://api.github.com/repos/perl11/potion/compare/{base}...{head}",       "merges_url": "https://api.github.com/repos/perl11/potion/merges",       "archive_url": "https://api.github.com/repos/perl11/potion/{archive_format}{/ref}",       "downloads_url": "https://api.github.com/repos/perl11/potion/downloads",       "issues_url": "https://api.github.com/repos/perl11/potion/issues{/number}",       "pulls_url": "https://api.github.com/repos/perl11/potion/pulls{/number}",       "milestones_url": "https://api.github.com/repos/perl11/potion/milestones{/number}",       "notifications_url": "https://api.github.com/repos/perl11/potion/notifications{?since,all,participating}",       "labels_url": "https://api.github.com/repos/perl11/potion/labels{/name}",       "releases_url": "https://api.github.com/repos/perl11/potion/releases{/id}",       "deployments_url": "https://api.github.com/repos/perl11/potion/deployments",       "created_at": "2009-08-19T20:06:21Z",       "updated_at": "2019-01-23T08:11:13Z",       "pushed_at": "2018-02-02T09:04:03Z",       "git_url": "git://github.com/perl11/potion.git",       "ssh_url": "git@github.com:perl11/potion.git",       "clone_url": "https://github.com/perl11/potion.git",       "svn_url": "https://github.com/perl11/potion",       "homepage": "http://groups.google.com/group/potion-lang",       "size": 4417,       "stargazers_count": 540,       "watchers_count": 540,       "language": "C",       "has_issues": true,       "has_projects": true,       "has_downloads": true,       "has_wiki": true,       "has_pages": true,       "forks_count": 78,       "mirror_url": null,       "archived": false,       "open_issues_count": 19,       "license": {         "key": "other",         "name": "Other",         "spdx_id": "NOASSERTION",         "url": null,         "node_id": "MDc6TGljZW5zZTA="       },       "forks": 78,       "open_issues": 19,       "watchers": 540,       "default_branch": "master",       "score": 81.98261     },     {       "id": 282622,       "node_id": "MDEwOlJlcG9zaXRvcnkyODI2MjI=",       "name": "poignant-guide",       "full_name": "mislav/poignant-guide",       "private": false,       "owner": {         "login": "mislav",         "id": 887,         "node_id": "MDQ6VXNlcjg4Nw==",         "avatar_url": "https://avatars2.githubusercontent.com/u/887?v=4",         "gravatar_id": "",         "url": "https://api.github.com/users/mislav",         "html_url": "https://github.com/mislav",         "followers_url": "https://api.github.com/users/mislav/followers",         "following_url": "https://api.github.com/users/mislav/following{/other_user}",         "gists_url": "https://api.github.com/users/mislav/gists{/gist_id}",         "starred_url": "https://api.github.com/users/mislav/starred{/owner}{/repo}",         "subscriptions_url": "https://api.github.com/users/mislav/subscriptions",         "organizations_url": "https://api.github.com/users/mislav/orgs",         "repos_url": "https://api.github.com/users/mislav/repos",         "events_url": "https://api.github.com/users/mislav/events{/privacy}",         "received_events_url": "https://api.github.com/users/mislav/received_events",         "type": "User",         "site_admin": true       },       "html_url": "https://github.com/mislav/poignant-guide",       "description": "Why's Poignant Guide to Ruby",       "fork": false,       "url": "https://api.github.com/repos/mislav/poignant-guide",       "forks_url": "https://api.github.com/repos/mislav/poignant-guide/forks",       "keys_url": "https://api.github.com/repos/mislav/poignant-guide/keys{/key_id}",       "collaborators_url": "https://api.github.com/repos/mislav/poignant-guide/collaborators{/collaborator}",       "teams_url": "https://api.github.com/repos/mislav/poignant-guide/teams",       "hooks_url": "https://api.github.com/repos/mislav/poignant-guide/hooks",       "issue_events_url": "https://api.github.com/repos/mislav/poignant-guide/issues/events{/number}",       "events_url": "https://api.github.com/repos/mislav/poignant-guide/events",       "assignees_url": "https://api.github.com/repos/mislav/poignant-guide/assignees{/user}",       "branches_url": "https://api.github.com/repos/mislav/poignant-guide/branches{/branch}",       "tags_url": "https://api.github.com/repos/mislav/poignant-guide/tags",       "blobs_url": "https://api.github.com/repos/mislav/poignant-guide/git/blobs{/sha}",       "git_tags_url": "https://api.github.com/repos/mislav/poignant-guide/git/tags{/sha}",       "git_refs_url": "https://api.github.com/repos/mislav/poignant-guide/git/refs{/sha}",       "trees_url": "https://api.github.com/repos/mislav/poignant-guide/git/trees{/sha}",       "statuses_url": "https://api.github.com/repos/mislav/poignant-guide/statuses/{sha}",       "languages_url": "https://api.github.com/repos/mislav/poignant-guide/languages",       "stargazers_url": "https://api.github.com/repos/mislav/poignant-guide/stargazers",       "contributors_url": "https://api.github.com/repos/mislav/poignant-guide/contributors",       "subscribers_url": "https://api.github.com/repos/mislav/poignant-guide/subscribers",       "subscription_url": "https://api.github.com/repos/mislav/poignant-guide/subscription",       "commits_url": "https://api.github.com/repos/mislav/poignant-guide/commits{/sha}",       "git_commits_url": "https://api.github.com/repos/mislav/poignant-guide/git/commits{/sha}",       "comments_url": "https://api.github.com/repos/mislav/poignant-guide/comments{/number}",       "issue_comment_url": "https://api.github.com/repos/mislav/poignant-guide/issues/comments{/number}",       "contents_url": "https://api.github.com/repos/mislav/poignant-guide/contents/{+path}",       "compare_url": "https://api.github.com/repos/mislav/poignant-guide/compare/{base}...{head}",       "merges_url": "https://api.github.com/repos/mislav/poignant-guide/merges",       "archive_url": "https://api.github.com/repos/mislav/poignant-guide/{archive_format}{/ref}",       "downloads_url": "https://api.github.com/repos/mislav/poignant-guide/downloads",       "issues_url": "https://api.github.com/repos/mislav/poignant-guide/issues{/number}",       "pulls_url": "https://api.github.com/repos/mislav/poignant-guide/pulls{/number}",       "milestones_url": "https://api.github.com/repos/mislav/poignant-guide/milestones{/number}",       "notifications_url": "https://api.github.com/repos/mislav/poignant-guide/notifications{?since,all,participating}",       "labels_url": "https://api.github.com/repos/mislav/poignant-guide/labels{/name}",       "releases_url": "https://api.github.com/repos/mislav/poignant-guide/releases{/id}",       "deployments_url": "https://api.github.com/repos/mislav/poignant-guide/deployments",       "created_at": "2009-08-20T01:17:54Z",       "updated_at": "2019-01-26T12:32:58Z",       "pushed_at": "2018-11-20T13:08:57Z",       "git_url": "git://github.com/mislav/poignant-guide.git",       "ssh_url": "git@github.com:mislav/poignant-guide.git",       "clone_url": "https://github.com/mislav/poignant-guide.git",       "svn_url": "https://github.com/mislav/poignant-guide",       "homepage": "http://poignant.guide/",       "size": 12871,       "stargazers_count": 532,       "watchers_count": 532,       "language": "HTML",       "has_issues": false,       "has_projects": true,       "has_downloads": true,       "has_wiki": false,       "has_pages": true,       "forks_count": 103,       "mirror_url": null,       "archived": false,       "open_issues_count": 0,       "license": null,       "forks": 103,       "open_issues": 0,       "watchers": 532,       "default_branch": "gh-pages",       "score": 81.49809     },     {       "id": 30485473,       "node_id": "MDEwOlJlcG9zaXRvcnkzMDQ4NTQ3Mw==",       "name": "Why-Reject",       "full_name": "jcccn/Why-Reject",       "private": false,       "owner": {         "login": "jcccn",         "id": 397243,         "node_id": "MDQ6VXNlcjM5NzI0Mw==",         "avatar_url": "https://avatars1.githubusercontent.com/u/397243?v=4",         "gravatar_id": "",         "url": "https://api.github.com/users/jcccn",         "html_url": "https://github.com/jcccn",         "followers_url": "https://api.github.com/users/jcccn/followers",         "following_url": "https://api.github.com/users/jcccn/following{/other_user}",         "gists_url": "https://api.github.com/users/jcccn/gists{/gist_id}",         "starred_url": "https://api.github.com/users/jcccn/starred{/owner}{/repo}",         "subscriptions_url": "https://api.github.com/users/jcccn/subscriptions",         "organizations_url": "https://api.github.com/users/jcccn/orgs",         "repos_url": "https://api.github.com/users/jcccn/repos",         "events_url": "https://api.github.com/users/jcccn/events{/privacy}",         "received_events_url": "https://api.github.com/users/jcccn/received_events",         "type": "User",         "site_admin": false       },       "html_url": "https://github.com/jcccn/Why-Reject",       "description": "苹果AppStore被拒理由大全",       "fork": false,       "url": "https://api.github.com/repos/jcccn/Why-Reject",       "forks_url": "https://api.github.com/repos/jcccn/Why-Reject/forks",       "keys_url": "https://api.github.com/repos/jcccn/Why-Reject/keys{/key_id}",       "collaborators_url": "https://api.github.com/repos/jcccn/Why-Reject/collaborators{/collaborator}",       "teams_url": "https://api.github.com/repos/jcccn/Why-Reject/teams",       "hooks_url": "https://api.github.com/repos/jcccn/Why-Reject/hooks",       "issue_events_url": "https://api.github.com/repos/jcccn/Why-Reject/issues/events{/number}",       "events_url": "https://api.github.com/repos/jcccn/Why-Reject/events",       "assignees_url": "https://api.github.com/repos/jcccn/Why-Reject/assignees{/user}",       "branches_url": "https://api.github.com/repos/jcccn/Why-Reject/branches{/branch}",       "tags_url": "https://api.github.com/repos/jcccn/Why-Reject/tags",       "blobs_url": "https://api.github.com/repos/jcccn/Why-Reject/git/blobs{/sha}",       "git_tags_url": "https://api.github.com/repos/jcccn/Why-Reject/git/tags{/sha}",       "git_refs_url": "https://api.github.com/repos/jcccn/Why-Reject/git/refs{/sha}",       "trees_url": "https://api.github.com/repos/jcccn/Why-Reject/git/trees{/sha}",       "statuses_url": "https://api.github.com/repos/jcccn/Why-Reject/statuses/{sha}",       "languages_url": "https://api.github.com/repos/jcccn/Why-Reject/languages",       "stargazers_url": "https://api.github.com/repos/jcccn/Why-Reject/stargazers",       "contributors_url": "https://api.github.com/repos/jcccn/Why-Reject/contributors",       "subscribers_url": "https://api.github.com/repos/jcccn/Why-Reject/subscribers",       "subscription_url": "https://api.github.com/repos/jcccn/Why-Reject/subscription",       "commits_url": "https://api.github.com/repos/jcccn/Why-Reject/commits{/sha}",       "git_commits_url": "https://api.github.com/repos/jcccn/Why-Reject/git/commits{/sha}",       "comments_url": "https://api.github.com/repos/jcccn/Why-Reject/comments{/number}",       "issue_comment_url": "https://api.github.com/repos/jcccn/Why-Reject/issues/comments{/number}",       "contents_url": "https://api.github.com/repos/jcccn/Why-Reject/contents/{+path}",       "compare_url": "https://api.github.com/repos/jcccn/Why-Reject/compare/{base}...{head}",       "merges_url": "https://api.github.com/repos/jcccn/Why-Reject/merges",       "archive_url": "https://api.github.com/repos/jcccn/Why-Reject/{archive_format}{/ref}",       "downloads_url": "https://api.github.com/repos/jcccn/Why-Reject/downloads",       "issues_url": "https://api.github.com/repos/jcccn/Why-Reject/issues{/number}",       "pulls_url": "https://api.github.com/repos/jcccn/Why-Reject/pulls{/number}",       "milestones_url": "https://api.github.com/repos/jcccn/Why-Reject/milestones{/number}",       "notifications_url": "https://api.github.com/repos/jcccn/Why-Reject/notifications{?since,all,participating}",       "labels_url": "https://api.github.com/repos/jcccn/Why-Reject/labels{/name}",       "releases_url": "https://api.github.com/repos/jcccn/Why-Reject/releases{/id}",       "deployments_url": "https://api.github.com/repos/jcccn/Why-Reject/deployments",       "created_at": "2015-02-08T08:37:17Z",       "updated_at": "2019-01-28T12:02:55Z",       "pushed_at": "2017-05-06T07:35:44Z",       "git_url": "git://github.com/jcccn/Why-Reject.git",       "ssh_url": "git@github.com:jcccn/Why-Reject.git",       "clone_url": "https://github.com/jcccn/Why-Reject.git",       "svn_url": "https://github.com/jcccn/Why-Reject",       "homepage": "https://whyreject.jcccn.me",       "size": 684,       "stargazers_count": 493,       "watchers_count": 493,       "language": null,       "has_issues": true,       "has_projects": true,       "has_downloads": true,       "has_wiki": true,       "has_pages": true,       "forks_count": 113,       "mirror_url": null,       "archived": false,       "open_issues_count": 0,       "license": null,       "forks": 113,       "open_issues": 0,       "watchers": 493,       "default_branch": "master",       "score": 96.207726     },     {       "id": 76408906,       "node_id": "MDEwOlJlcG9zaXRvcnk3NjQwODkwNg==",       "name": "meta",       "full_name": "mateodelnorte/meta",       "private": false,       "owner": {         "login": "mateodelnorte",         "id": 554847,         "node_id": "MDQ6VXNlcjU1NDg0Nw==",         "avatar_url": "https://avatars3.githubusercontent.com/u/554847?v=4",         "gravatar_id": "",         "url": "https://api.github.com/users/mateodelnorte",         "html_url": "https://github.com/mateodelnorte",         "followers_url": "https://api.github.com/users/mateodelnorte/followers",         "following_url": "https://api.github.com/users/mateodelnorte/following{/other_user}",         "gists_url": "https://api.github.com/users/mateodelnorte/gists{/gist_id}",         "starred_url": "https://api.github.com/users/mateodelnorte/starred{/owner}{/repo}",         "subscriptions_url": "https://api.github.com/users/mateodelnorte/subscriptions",         "organizations_url": "https://api.github.com/users/mateodelnorte/orgs",         "repos_url": "https://api.github.com/users/mateodelnorte/repos",         "events_url": "https://api.github.com/users/mateodelnorte/events{/privacy}",         "received_events_url": "https://api.github.com/users/mateodelnorte/received_events",         "type": "User",         "site_admin": false       },       "html_url": "https://github.com/mateodelnorte/meta",       "description": "tool for turning many repos into a meta repo. why choose many repos or a monolithic repo, when you can have both with a meta repo?",       "fork": false,       "url": "https://api.github.com/repos/mateodelnorte/meta",       "forks_url": "https://api.github.com/repos/mateodelnorte/meta/forks",       "keys_url": "https://api.github.com/repos/mateodelnorte/meta/keys{/key_id}",       "collaborators_url": "https://api.github.com/repos/mateodelnorte/meta/collaborators{/collaborator}",       "teams_url": "https://api.github.com/repos/mateodelnorte/meta/teams",       "hooks_url": "https://api.github.com/repos/mateodelnorte/meta/hooks",       "issue_events_url": "https://api.github.com/repos/mateodelnorte/meta/issues/events{/number}",       "events_url": "https://api.github.com/repos/mateodelnorte/meta/events",       "assignees_url": "https://api.github.com/repos/mateodelnorte/meta/assignees{/user}",       "branches_url": "https://api.github.com/repos/mateodelnorte/meta/branches{/branch}",       "tags_url": "https://api.github.com/repos/mateodelnorte/meta/tags",       "blobs_url": "https://api.github.com/repos/mateodelnorte/meta/git/blobs{/sha}",       "git_tags_url": "https://api.github.com/repos/mateodelnorte/meta/git/tags{/sha}",       "git_refs_url": "https://api.github.com/repos/mateodelnorte/meta/git/refs{/sha}",       "trees_url": "https://api.github.com/repos/mateodelnorte/meta/git/trees{/sha}",       "statuses_url": "https://api.github.com/repos/mateodelnorte/meta/statuses/{sha}",       "languages_url": "https://api.github.com/repos/mateodelnorte/meta/languages",       "stargazers_url": "https://api.github.com/repos/mateodelnorte/meta/stargazers",       "contributors_url": "https://api.github.com/repos/mateodelnorte/meta/contributors",       "subscribers_url": "https://api.github.com/repos/mateodelnorte/meta/subscribers",       "subscription_url": "https://api.github.com/repos/mateodelnorte/meta/subscription",       "commits_url": "https://api.github.com/repos/mateodelnorte/meta/commits{/sha}",       "git_commits_url": "https://api.github.com/repos/mateodelnorte/meta/git/commits{/sha}",       "comments_url": "https://api.github.com/repos/mateodelnorte/meta/comments{/number}",       "issue_comment_url": "https://api.github.com/repos/mateodelnorte/meta/issues/comments{/number}",       "contents_url": "https://api.github.com/repos/mateodelnorte/meta/contents/{+path}",       "compare_url": "https://api.github.com/repos/mateodelnorte/meta/compare/{base}...{head}",       "merges_url": "https://api.github.com/repos/mateodelnorte/meta/merges",       "archive_url": "https://api.github.com/repos/mateodelnorte/meta/{archive_format}{/ref}",       "downloads_url": "https://api.github.com/repos/mateodelnorte/meta/downloads",       "issues_url": "https://api.github.com/repos/mateodelnorte/meta/issues{/number}",       "pulls_url": "https://api.github.com/repos/mateodelnorte/meta/pulls{/number}",       "milestones_url": "https://api.github.com/repos/mateodelnorte/meta/milestones{/number}",       "notifications_url": "https://api.github.com/repos/mateodelnorte/meta/notifications{?since,all,participating}",       "labels_url": "https://api.github.com/repos/mateodelnorte/meta/labels{/name}",       "releases_url": "https://api.github.com/repos/mateodelnorte/meta/releases{/id}",       "deployments_url": "https://api.github.com/repos/mateodelnorte/meta/deployments",       "created_at": "2016-12-14T00:06:35Z",       "updated_at": "2019-01-27T07:29:38Z",       "pushed_at": "2019-01-25T18:00:32Z",       "git_url": "git://github.com/mateodelnorte/meta.git",       "ssh_url": "git@github.com:mateodelnorte/meta.git",       "clone_url": "https://github.com/mateodelnorte/meta.git",       "svn_url": "https://github.com/mateodelnorte/meta",       "homepage": "",       "size": 2507,       "stargazers_count": 489,       "watchers_count": 489,       "language": "JavaScript",       "has_issues": true,       "has_projects": true,       "has_downloads": true,       "has_wiki": true,       "has_pages": false,       "forks_count": 27,       "mirror_url": null,       "archived": false,       "open_issues_count": 18,       "license": null,       "forks": 27,       "open_issues": 18,       "watchers": 489,       "default_branch": "master",       "score": 35.3181     },     {       "id": 120470493,       "node_id": "MDEwOlJlcG9zaXRvcnkxMjA0NzA0OTM=",       "name": "awesome-dev-podcasts",       "full_name": "sw-yx/awesome-dev-podcasts",       "private": false,       "owner": {         "login": "sw-yx",         "id": 6764957,         "node_id": "MDQ6VXNlcjY3NjQ5NTc=",         "avatar_url": "https://avatars1.githubusercontent.com/u/6764957?v=4",         "gravatar_id": "",         "url": "https://api.github.com/users/sw-yx",         "html_url": "https://github.com/sw-yx",         "followers_url": "https://api.github.com/users/sw-yx/followers",         "following_url": "https://api.github.com/users/sw-yx/following{/other_user}",         "gists_url": "https://api.github.com/users/sw-yx/gists{/gist_id}",         "starred_url": "https://api.github.com/users/sw-yx/starred{/owner}{/repo}",         "subscriptions_url": "https://api.github.com/users/sw-yx/subscriptions",         "organizations_url": "https://api.github.com/users/sw-yx/orgs",         "repos_url": "https://api.github.com/users/sw-yx/repos",         "events_url": "https://api.github.com/users/sw-yx/events{/privacy}",         "received_events_url": "https://api.github.com/users/sw-yx/received_events",         "type": "User",         "site_admin": false       },       "html_url": "https://github.com/sw-yx/awesome-dev-podcasts",       "description": "a curated list of awesome dev podcasts and why they are awesome",       "fork": false,       "url": "https://api.github.com/repos/sw-yx/awesome-dev-podcasts",       "forks_url": "https://api.github.com/repos/sw-yx/awesome-dev-podcasts/forks",       "keys_url": "https://api.github.com/repos/sw-yx/awesome-dev-podcasts/keys{/key_id}",       "collaborators_url": "https://api.github.com/repos/sw-yx/awesome-dev-podcasts/collaborators{/collaborator}",       "teams_url": "https://api.github.com/repos/sw-yx/awesome-dev-podcasts/teams",       "hooks_url": "https://api.github.com/repos/sw-yx/awesome-dev-podcasts/hooks",       "issue_events_url": "https://api.github.com/repos/sw-yx/awesome-dev-podcasts/issues/events{/number}",       "events_url": "https://api.github.com/repos/sw-yx/awesome-dev-podcasts/events",       "assignees_url": "https://api.github.com/repos/sw-yx/awesome-dev-podcasts/assignees{/user}",       "branches_url": "https://api.github.com/repos/sw-yx/awesome-dev-podcasts/branches{/branch}",       "tags_url": "https://api.github.com/repos/sw-yx/awesome-dev-podcasts/tags",       "blobs_url": "https://api.github.com/repos/sw-yx/awesome-dev-podcasts/git/blobs{/sha}",       "git_tags_url": "https://api.github.com/repos/sw-yx/awesome-dev-podcasts/git/tags{/sha}",       "git_refs_url": "https://api.github.com/repos/sw-yx/awesome-dev-podcasts/git/refs{/sha}",       "trees_url": "https://api.github.com/repos/sw-yx/awesome-dev-podcasts/git/trees{/sha}",       "statuses_url": "https://api.github.com/repos/sw-yx/awesome-dev-podcasts/statuses/{sha}",       "languages_url": "https://api.github.com/repos/sw-yx/awesome-dev-podcasts/languages",       "stargazers_url": "https://api.github.com/repos/sw-yx/awesome-dev-podcasts/stargazers",       "contributors_url": "https://api.github.com/repos/sw-yx/awesome-dev-podcasts/contributors",       "subscribers_url": "https://api.github.com/repos/sw-yx/awesome-dev-podcasts/subscribers",       "subscription_url": "https://api.github.com/repos/sw-yx/awesome-dev-podcasts/subscription",       "commits_url": "https://api.github.com/repos/sw-yx/awesome-dev-podcasts/commits{/sha}",       "git_commits_url": "https://api.github.com/repos/sw-yx/awesome-dev-podcasts/git/commits{/sha}",       "comments_url": "https://api.github.com/repos/sw-yx/awesome-dev-podcasts/comments{/number}",       "issue_comment_url": "https://api.github.com/repos/sw-yx/awesome-dev-podcasts/issues/comments{/number}",       "contents_url": "https://api.github.com/repos/sw-yx/awesome-dev-podcasts/contents/{+path}",       "compare_url": "https://api.github.com/repos/sw-yx/awesome-dev-podcasts/compare/{base}...{head}",       "merges_url": "https://api.github.com/repos/sw-yx/awesome-dev-podcasts/merges",       "archive_url": "https://api.github.com/repos/sw-yx/awesome-dev-podcasts/{archive_format}{/ref}",       "downloads_url": "https://api.github.com/repos/sw-yx/awesome-dev-podcasts/downloads",       "issues_url": "https://api.github.com/repos/sw-yx/awesome-dev-podcasts/issues{/number}",       "pulls_url": "https://api.github.com/repos/sw-yx/awesome-dev-podcasts/pulls{/number}",       "milestones_url": "https://api.github.com/repos/sw-yx/awesome-dev-podcasts/milestones{/number}",       "notifications_url": "https://api.github.com/repos/sw-yx/awesome-dev-podcasts/notifications{?since,all,participating}",       "labels_url": "https://api.github.com/repos/sw-yx/awesome-dev-podcasts/labels{/name}",       "releases_url": "https://api.github.com/repos/sw-yx/awesome-dev-podcasts/releases{/id}",       "deployments_url": "https://api.github.com/repos/sw-yx/awesome-dev-podcasts/deployments",       "created_at": "2018-02-06T14:32:41Z",       "updated_at": "2019-01-23T00:52:57Z",       "pushed_at": "2018-09-12T14:28:36Z",       "git_url": "git://github.com/sw-yx/awesome-dev-podcasts.git",       "ssh_url": "git@github.com:sw-yx/awesome-dev-podcasts.git",       "clone_url": "https://github.com/sw-yx/awesome-dev-podcasts.git",       "svn_url": "https://github.com/sw-yx/awesome-dev-podcasts",       "homepage": "",       "size": 29,       "stargazers_count": 455,       "watchers_count": 455,       "language": null,       "has_issues": true,       "has_projects": true,       "has_downloads": true,       "has_wiki": true,       "has_pages": false,       "forks_count": 26,       "mirror_url": null,       "archived": false,       "open_issues_count": 3,       "license": null,       "forks": 26,       "open_issues": 3,       "watchers": 455,       "default_branch": "master",       "score": 48.010147     },     {       "id": 18601900,       "node_id": "MDEwOlJlcG9zaXRvcnkxODYwMTkwMA==",       "name": "eliot",       "full_name": "itamarst/eliot",       "private": false,       "owner": {         "login": "itamarst",         "id": 3266662,         "node_id": "MDQ6VXNlcjMyNjY2NjI=",         "avatar_url": "https://avatars1.githubusercontent.com/u/3266662?v=4",         "gravatar_id": "",         "url": "https://api.github.com/users/itamarst",         "html_url": "https://github.com/itamarst",         "followers_url": "https://api.github.com/users/itamarst/followers",         "following_url": "https://api.github.com/users/itamarst/following{/other_user}",         "gists_url": "https://api.github.com/users/itamarst/gists{/gist_id}",         "starred_url": "https://api.github.com/users/itamarst/starred{/owner}{/repo}",         "subscriptions_url": "https://api.github.com/users/itamarst/subscriptions",         "organizations_url": "https://api.github.com/users/itamarst/orgs",         "repos_url": "https://api.github.com/users/itamarst/repos",         "events_url": "https://api.github.com/users/itamarst/events{/privacy}",         "received_events_url": "https://api.github.com/users/itamarst/received_events",         "type": "User",         "site_admin": false       },       "html_url": "https://github.com/itamarst/eliot",       "description": "Eliot: the logging system that tells you *why* it happened",       "fork": false,       "url": "https://api.github.com/repos/itamarst/eliot",       "forks_url": "https://api.github.com/repos/itamarst/eliot/forks",       "keys_url": "https://api.github.com/repos/itamarst/eliot/keys{/key_id}",       "collaborators_url": "https://api.github.com/repos/itamarst/eliot/collaborators{/collaborator}",       "teams_url": "https://api.github.com/repos/itamarst/eliot/teams",       "hooks_url": "https://api.github.com/repos/itamarst/eliot/hooks",       "issue_events_url": "https://api.github.com/repos/itamarst/eliot/issues/events{/number}",       "events_url": "https://api.github.com/repos/itamarst/eliot/events",       "assignees_url": "https://api.github.com/repos/itamarst/eliot/assignees{/user}",       "branches_url": "https://api.github.com/repos/itamarst/eliot/branches{/branch}",       "tags_url": "https://api.github.com/repos/itamarst/eliot/tags",       "blobs_url": "https://api.github.com/repos/itamarst/eliot/git/blobs{/sha}",       "git_tags_url": "https://api.github.com/repos/itamarst/eliot/git/tags{/sha}",       "git_refs_url": "https://api.github.com/repos/itamarst/eliot/git/refs{/sha}",       "trees_url": "https://api.github.com/repos/itamarst/eliot/git/trees{/sha}",       "statuses_url": "https://api.github.com/repos/itamarst/eliot/statuses/{sha}",       "languages_url": "https://api.github.com/repos/itamarst/eliot/languages",       "stargazers_url": "https://api.github.com/repos/itamarst/eliot/stargazers",       "contributors_url": "https://api.github.com/repos/itamarst/eliot/contributors",       "subscribers_url": "https://api.github.com/repos/itamarst/eliot/subscribers",       "subscription_url": "https://api.github.com/repos/itamarst/eliot/subscription",       "commits_url": "https://api.github.com/repos/itamarst/eliot/commits{/sha}",       "git_commits_url": "https://api.github.com/repos/itamarst/eliot/git/commits{/sha}",       "comments_url": "https://api.github.com/repos/itamarst/eliot/comments{/number}",       "issue_comment_url": "https://api.github.com/repos/itamarst/eliot/issues/comments{/number}",       "contents_url": "https://api.github.com/repos/itamarst/eliot/contents/{+path}",       "compare_url": "https://api.github.com/repos/itamarst/eliot/compare/{base}...{head}",       "merges_url": "https://api.github.com/repos/itamarst/eliot/merges",       "archive_url": "https://api.github.com/repos/itamarst/eliot/{archive_format}{/ref}",       "downloads_url": "https://api.github.com/repos/itamarst/eliot/downloads",       "issues_url": "https://api.github.com/repos/itamarst/eliot/issues{/number}",       "pulls_url": "https://api.github.com/repos/itamarst/eliot/pulls{/number}",       "milestones_url": "https://api.github.com/repos/itamarst/eliot/milestones{/number}",       "notifications_url": "https://api.github.com/repos/itamarst/eliot/notifications{?since,all,participating}",       "labels_url": "https://api.github.com/repos/itamarst/eliot/labels{/name}",       "releases_url": "https://api.github.com/repos/itamarst/eliot/releases{/id}",       "deployments_url": "https://api.github.com/repos/itamarst/eliot/deployments",       "created_at": "2014-04-09T15:12:19Z",       "updated_at": "2019-01-25T22:49:37Z",       "pushed_at": "2019-01-02T18:19:45Z",       "git_url": "git://github.com/itamarst/eliot.git",       "ssh_url": "git@github.com:itamarst/eliot.git",       "clone_url": "https://github.com/itamarst/eliot.git",       "svn_url": "https://github.com/itamarst/eliot",       "homepage": "https://eliot.readthedocs.io",       "size": 1017,       "stargazers_count": 445,       "watchers_count": 445,       "language": "Python",       "has_issues": true,       "has_projects": true,       "has_downloads": true,       "has_wiki": true,       "has_pages": false,       "forks_count": 32,       "mirror_url": null,       "archived": false,       "open_issues_count": 89,       "license": {         "key": "apache-2.0",         "name": "Apache License 2.0",         "spdx_id": "Apache-2.0",         "url": "https://api.github.com/licenses/apache-2.0",         "node_id": "MDc6TGljZW5zZTI="       },       "forks": 32,       "open_issues": 89,       "watchers": 445,       "default_branch": "master",       "score": 61.209473     },     {       "id": 164816947,       "node_id": "MDEwOlJlcG9zaXRvcnkxNjQ4MTY5NDc=",       "name": "stockpredictionai",       "full_name": "borisbanushev/stockpredictionai",       "private": false,       "owner": {         "login": "borisbanushev",         "id": 36700291,         "node_id": "MDQ6VXNlcjM2NzAwMjkx",         "avatar_url": "https://avatars3.githubusercontent.com/u/36700291?v=4",         "gravatar_id": "",         "url": "https://api.github.com/users/borisbanushev",         "html_url": "https://github.com/borisbanushev",         "followers_url": "https://api.github.com/users/borisbanushev/followers",         "following_url": "https://api.github.com/users/borisbanushev/following{/other_user}",         "gists_url": "https://api.github.com/users/borisbanushev/gists{/gist_id}",         "starred_url": "https://api.github.com/users/borisbanushev/starred{/owner}{/repo}",         "subscriptions_url": "https://api.github.com/users/borisbanushev/subscriptions",         "organizations_url": "https://api.github.com/users/borisbanushev/orgs",         "repos_url": "https://api.github.com/users/borisbanushev/repos",         "events_url": "https://api.github.com/users/borisbanushev/events{/privacy}",         "received_events_url": "https://api.github.com/users/borisbanushev/received_events",         "type": "User",         "site_admin": false       },       "html_url": "https://github.com/borisbanushev/stockpredictionai",       "description": "       In this noteboook I will create a complete process for predicting stock price movements. Follow along and we will achieve some pretty good results. For that purpose we will use a Generative Adversarial Network (GAN) with LSTM, a type of Recurrent Neural Network, as generator, and a Convolutional Neural Network, CNN, as a discriminator. We use LSTM for the obvious reason that we are trying to predict time series data. Why we use GAN and specifically CNN as a discriminator? That is a good question: there are special sections on that later.",       "fork": false,       "url": "https://api.github.com/repos/borisbanushev/stockpredictionai",       "forks_url": "https://api.github.com/repos/borisbanushev/stockpredictionai/forks",       "keys_url": "https://api.github.com/repos/borisbanushev/stockpredictionai/keys{/key_id}",       "collaborators_url": "https://api.github.com/repos/borisbanushev/stockpredictionai/collaborators{/collaborator}",       "teams_url": "https://api.github.com/repos/borisbanushev/stockpredictionai/teams",       "hooks_url": "https://api.github.com/repos/borisbanushev/stockpredictionai/hooks",       "issue_events_url": "https://api.github.com/repos/borisbanushev/stockpredictionai/issues/events{/number}",       "events_url": "https://api.github.com/repos/borisbanushev/stockpredictionai/events",       "assignees_url": "https://api.github.com/repos/borisbanushev/stockpredictionai/assignees{/user}",       "branches_url": "https://api.github.com/repos/borisbanushev/stockpredictionai/branches{/branch}",       "tags_url": "https://api.github.com/repos/borisbanushev/stockpredictionai/tags",       "blobs_url": "https://api.github.com/repos/borisbanushev/stockpredictionai/git/blobs{/sha}",       "git_tags_url": "https://api.github.com/repos/borisbanushev/stockpredictionai/git/tags{/sha}",       "git_refs_url": "https://api.github.com/repos/borisbanushev/stockpredictionai/git/refs{/sha}",       "trees_url": "https://api.github.com/repos/borisbanushev/stockpredictionai/git/trees{/sha}",       "statuses_url": "https://api.github.com/repos/borisbanushev/stockpredictionai/statuses/{sha}",       "languages_url": "https://api.github.com/repos/borisbanushev/stockpredictionai/languages",       "stargazers_url": "https://api.github.com/repos/borisbanushev/stockpredictionai/stargazers",       "contributors_url": "https://api.github.com/repos/borisbanushev/stockpredictionai/contributors",       "subscribers_url": "https://api.github.com/repos/borisbanushev/stockpredictionai/subscribers",       "subscription_url": "https://api.github.com/repos/borisbanushev/stockpredictionai/subscription",       "commits_url": "https://api.github.com/repos/borisbanushev/stockpredictionai/commits{/sha}",       "git_commits_url": "https://api.github.com/repos/borisbanushev/stockpredictionai/git/commits{/sha}",       "comments_url": "https://api.github.com/repos/borisbanushev/stockpredictionai/comments{/number}",       "issue_comment_url": "https://api.github.com/repos/borisbanushev/stockpredictionai/issues/comments{/number}",       "contents_url": "https://api.github.com/repos/borisbanushev/stockpredictionai/contents/{+path}",       "compare_url": "https://api.github.com/repos/borisbanushev/stockpredictionai/compare/{base}...{head}",       "merges_url": "https://api.github.com/repos/borisbanushev/stockpredictionai/merges",       "archive_url": "https://api.github.com/repos/borisbanushev/stockpredictionai/{archive_format}{/ref}",       "downloads_url": "https://api.github.com/repos/borisbanushev/stockpredictionai/downloads",       "issues_url": "https://api.github.com/repos/borisbanushev/stockpredictionai/issues{/number}",       "pulls_url": "https://api.github.com/repos/borisbanushev/stockpredictionai/pulls{/number}",       "milestones_url": "https://api.github.com/repos/borisbanushev/stockpredictionai/milestones{/number}",       "notifications_url": "https://api.github.com/repos/borisbanushev/stockpredictionai/notifications{?since,all,participating}",       "labels_url": "https://api.github.com/repos/borisbanushev/stockpredictionai/labels{/name}",       "releases_url": "https://api.github.com/repos/borisbanushev/stockpredictionai/releases{/id}",       "deployments_url": "https://api.github.com/repos/borisbanushev/stockpredictionai/deployments",       "created_at": "2019-01-09T08:02:47Z",       "updated_at": "2019-01-28T20:24:48Z",       "pushed_at": "2019-01-24T20:24:50Z",       "git_url": "git://github.com/borisbanushev/stockpredictionai.git",       "ssh_url": "git@github.com:borisbanushev/stockpredictionai.git",       "clone_url": "https://github.com/borisbanushev/stockpredictionai.git",       "svn_url": "https://github.com/borisbanushev/stockpredictionai",       "homepage": "",       "size": 1950,       "stargazers_count": 417,       "watchers_count": 417,       "language": null,       "has_issues": true,       "has_projects": true,       "has_downloads": true,       "has_wiki": true,       "has_pages": false,       "forks_count": 181,       "mirror_url": null,       "archived": false,       "open_issues_count": 12,       "license": null,       "forks": 181,       "open_issues": 12,       "watchers": 417,       "default_branch": "master",       "score": 14.908637     },     {       "id": 35077713,       "node_id": "MDEwOlJlcG9zaXRvcnkzNTA3NzcxMw==",       "name": "whyliam.workflows.youdao",       "full_name": "liszd/whyliam.workflows.youdao",       "private": false,       "owner": {         "login": "liszd",         "id": 3387850,         "node_id": "MDQ6VXNlcjMzODc4NTA=",         "avatar_url": "https://avatars0.githubusercontent.com/u/3387850?v=4",         "gravatar_id": "",         "url": "https://api.github.com/users/liszd",         "html_url": "https://github.com/liszd",         "followers_url": "https://api.github.com/users/liszd/followers",         "following_url": "https://api.github.com/users/liszd/following{/other_user}",         "gists_url": "https://api.github.com/users/liszd/gists{/gist_id}",         "starred_url": "https://api.github.com/users/liszd/starred{/owner}{/repo}",         "subscriptions_url": "https://api.github.com/users/liszd/subscriptions",         "organizations_url": "https://api.github.com/users/liszd/orgs",         "repos_url": "https://api.github.com/users/liszd/repos",         "events_url": "https://api.github.com/users/liszd/events{/privacy}",         "received_events_url": "https://api.github.com/users/liszd/received_events",         "type": "User",         "site_admin": false       },       "html_url": "https://github.com/liszd/whyliam.workflows.youdao",       "description": "使用有道翻译你想知道的单词和语句",       "fork": false,       "url": "https://api.github.com/repos/liszd/whyliam.workflows.youdao",       "forks_url": "https://api.github.com/repos/liszd/whyliam.workflows.youdao/forks",       "keys_url": "https://api.github.com/repos/liszd/whyliam.workflows.youdao/keys{/key_id}",       "collaborators_url": "https://api.github.com/repos/liszd/whyliam.workflows.youdao/collaborators{/collaborator}",       "teams_url": "https://api.github.com/repos/liszd/whyliam.workflows.youdao/teams",       "hooks_url": "https://api.github.com/repos/liszd/whyliam.workflows.youdao/hooks",       "issue_events_url": "https://api.github.com/repos/liszd/whyliam.workflows.youdao/issues/events{/number}",       "events_url": "https://api.github.com/repos/liszd/whyliam.workflows.youdao/events",       "assignees_url": "https://api.github.com/repos/liszd/whyliam.workflows.youdao/assignees{/user}",       "branches_url": "https://api.github.com/repos/liszd/whyliam.workflows.youdao/branches{/branch}",       "tags_url": "https://api.github.com/repos/liszd/whyliam.workflows.youdao/tags",       "blobs_url": "https://api.github.com/repos/liszd/whyliam.workflows.youdao/git/blobs{/sha}",       "git_tags_url": "https://api.github.com/repos/liszd/whyliam.workflows.youdao/git/tags{/sha}",       "git_refs_url": "https://api.github.com/repos/liszd/whyliam.workflows.youdao/git/refs{/sha}",       "trees_url": "https://api.github.com/repos/liszd/whyliam.workflows.youdao/git/trees{/sha}",       "statuses_url": "https://api.github.com/repos/liszd/whyliam.workflows.youdao/statuses/{sha}",       "languages_url": "https://api.github.com/repos/liszd/whyliam.workflows.youdao/languages",       "stargazers_url": "https://api.github.com/repos/liszd/whyliam.workflows.youdao/stargazers",       "contributors_url": "https://api.github.com/repos/liszd/whyliam.workflows.youdao/contributors",       "subscribers_url": "https://api.github.com/repos/liszd/whyliam.workflows.youdao/subscribers",       "subscription_url": "https://api.github.com/repos/liszd/whyliam.workflows.youdao/subscription",       "commits_url": "https://api.github.com/repos/liszd/whyliam.workflows.youdao/commits{/sha}",       "git_commits_url": "https://api.github.com/repos/liszd/whyliam.workflows.youdao/git/commits{/sha}",       "comments_url": "https://api.github.com/repos/liszd/whyliam.workflows.youdao/comments{/number}",       "issue_comment_url": "https://api.github.com/repos/liszd/whyliam.workflows.youdao/issues/comments{/number}",       "contents_url": "https://api.github.com/repos/liszd/whyliam.workflows.youdao/contents/{+path}",       "compare_url": "https://api.github.com/repos/liszd/whyliam.workflows.youdao/compare/{base}...{head}",       "merges_url": "https://api.github.com/repos/liszd/whyliam.workflows.youdao/merges",       "archive_url": "https://api.github.com/repos/liszd/whyliam.workflows.youdao/{archive_format}{/ref}",       "downloads_url": "https://api.github.com/repos/liszd/whyliam.workflows.youdao/downloads",       "issues_url": "https://api.github.com/repos/liszd/whyliam.workflows.youdao/issues{/number}",       "pulls_url": "https://api.github.com/repos/liszd/whyliam.workflows.youdao/pulls{/number}",       "milestones_url": "https://api.github.com/repos/liszd/whyliam.workflows.youdao/milestones{/number}",       "notifications_url": "https://api.github.com/repos/liszd/whyliam.workflows.youdao/notifications{?since,all,participating}",       "labels_url": "https://api.github.com/repos/liszd/whyliam.workflows.youdao/labels{/name}",       "releases_url": "https://api.github.com/repos/liszd/whyliam.workflows.youdao/releases{/id}",       "deployments_url": "https://api.github.com/repos/liszd/whyliam.workflows.youdao/deployments",       "created_at": "2015-05-05T04:23:14Z",       "updated_at": "2019-01-27T04:15:49Z",       "pushed_at": "2018-08-03T05:49:11Z",       "git_url": "git://github.com/liszd/whyliam.workflows.youdao.git",       "ssh_url": "git@github.com:liszd/whyliam.workflows.youdao.git",       "clone_url": "https://github.com/liszd/whyliam.workflows.youdao.git",       "svn_url": "https://github.com/liszd/whyliam.workflows.youdao",       "homepage": "http://blog.naaln.com/2015/05/repeat-create-the-wheel-alfred-plugin-youdao",       "size": 3048,       "stargazers_count": 416,       "watchers_count": 416,       "language": "Python",       "has_issues": true,       "has_projects": true,       "has_downloads": true,       "has_wiki": true,       "has_pages": false,       "forks_count": 72,       "mirror_url": null,       "archived": false,       "open_issues_count": 1,       "license": {         "key": "mit",         "name": "MIT License",         "spdx_id": "MIT",         "url": "https://api.github.com/licenses/mit",         "node_id": "MDc6TGljZW5zZTEz"       },       "forks": 72,       "open_issues": 1,       "watchers": 416,       "default_branch": "master",       "score": 85.446495     },     {       "id": 2192780,       "node_id": "MDEwOlJlcG9zaXRvcnkyMTkyNzgw",       "name": "jOOX",       "full_name": "jOOQ/jOOX",       "private": false,       "owner": {         "login": "jOOQ",         "id": 1666512,         "node_id": "MDEyOk9yZ2FuaXphdGlvbjE2NjY1MTI=",         "avatar_url": "https://avatars3.githubusercontent.com/u/1666512?v=4",         "gravatar_id": "",         "url": "https://api.github.com/users/jOOQ",         "html_url": "https://github.com/jOOQ",         "followers_url": "https://api.github.com/users/jOOQ/followers",         "following_url": "https://api.github.com/users/jOOQ/following{/other_user}",         "gists_url": "https://api.github.com/users/jOOQ/gists{/gist_id}",         "starred_url": "https://api.github.com/users/jOOQ/starred{/owner}{/repo}",         "subscriptions_url": "https://api.github.com/users/jOOQ/subscriptions",         "organizations_url": "https://api.github.com/users/jOOQ/orgs",         "repos_url": "https://api.github.com/users/jOOQ/repos",         "events_url": "https://api.github.com/users/jOOQ/events{/privacy}",         "received_events_url": "https://api.github.com/users/jOOQ/received_events",         "type": "Organization",         "site_admin": false       },       "html_url": "https://github.com/jOOQ/jOOX",       "description": "jOOX - The Power of jQuery Applied to W3C DOM Like JDBC, DOM is a powerful, yet very verbose low-level API to manipulate XML. The HTML DOM an be manipulated with the popular jQuery product, in JavaScript. Why don't we have jQuery in Java? jOOX is jQuery's XML parts, applied to Java.",       "fork": false,       "url": "https://api.github.com/repos/jOOQ/jOOX",       "forks_url": "https://api.github.com/repos/jOOQ/jOOX/forks",       "keys_url": "https://api.github.com/repos/jOOQ/jOOX/keys{/key_id}",       "collaborators_url": "https://api.github.com/repos/jOOQ/jOOX/collaborators{/collaborator}",       "teams_url": "https://api.github.com/repos/jOOQ/jOOX/teams",       "hooks_url": "https://api.github.com/repos/jOOQ/jOOX/hooks",       "issue_events_url": "https://api.github.com/repos/jOOQ/jOOX/issues/events{/number}",       "events_url": "https://api.github.com/repos/jOOQ/jOOX/events",       "assignees_url": "https://api.github.com/repos/jOOQ/jOOX/assignees{/user}",       "branches_url": "https://api.github.com/repos/jOOQ/jOOX/branches{/branch}",       "tags_url": "https://api.github.com/repos/jOOQ/jOOX/tags",       "blobs_url": "https://api.github.com/repos/jOOQ/jOOX/git/blobs{/sha}",       "git_tags_url": "https://api.github.com/repos/jOOQ/jOOX/git/tags{/sha}",       "git_refs_url": "https://api.github.com/repos/jOOQ/jOOX/git/refs{/sha}",       "trees_url": "https://api.github.com/repos/jOOQ/jOOX/git/trees{/sha}",       "statuses_url": "https://api.github.com/repos/jOOQ/jOOX/statuses/{sha}",       "languages_url": "https://api.github.com/repos/jOOQ/jOOX/languages",       "stargazers_url": "https://api.github.com/repos/jOOQ/jOOX/stargazers",       "contributors_url": "https://api.github.com/repos/jOOQ/jOOX/contributors",       "subscribers_url": "https://api.github.com/repos/jOOQ/jOOX/subscribers",       "subscription_url": "https://api.github.com/repos/jOOQ/jOOX/subscription",       "commits_url": "https://api.github.com/repos/jOOQ/jOOX/commits{/sha}",       "git_commits_url": "https://api.github.com/repos/jOOQ/jOOX/git/commits{/sha}",       "comments_url": "https://api.github.com/repos/jOOQ/jOOX/comments{/number}",       "issue_comment_url": "https://api.github.com/repos/jOOQ/jOOX/issues/comments{/number}",       "contents_url": "https://api.github.com/repos/jOOQ/jOOX/contents/{+path}",       "compare_url": "https://api.github.com/repos/jOOQ/jOOX/compare/{base}...{head}",       "merges_url": "https://api.github.com/repos/jOOQ/jOOX/merges",       "archive_url": "https://api.github.com/repos/jOOQ/jOOX/{archive_format}{/ref}",       "downloads_url": "https://api.github.com/repos/jOOQ/jOOX/downloads",       "issues_url": "https://api.github.com/repos/jOOQ/jOOX/issues{/number}",       "pulls_url": "https://api.github.com/repos/jOOQ/jOOX/pulls{/number}",       "milestones_url": "https://api.github.com/repos/jOOQ/jOOX/milestones{/number}",       "notifications_url": "https://api.github.com/repos/jOOQ/jOOX/notifications{?since,all,participating}",       "labels_url": "https://api.github.com/repos/jOOQ/jOOX/labels{/name}",       "releases_url": "https://api.github.com/repos/jOOQ/jOOX/releases{/id}",       "deployments_url": "https://api.github.com/repos/jOOQ/jOOX/deployments",       "created_at": "2011-08-11T18:08:47Z",       "updated_at": "2019-01-29T02:59:21Z",       "pushed_at": "2018-09-10T11:04:36Z",       "git_url": "git://github.com/jOOQ/jOOX.git",       "ssh_url": "git@github.com:jOOQ/jOOX.git",       "clone_url": "https://github.com/jOOQ/jOOX.git",       "svn_url": "https://github.com/jOOQ/jOOX",       "homepage": "http://www.jooq.org/products",       "size": 678,       "stargazers_count": 393,       "watchers_count": 393,       "language": "Java",       "has_issues": true,       "has_projects": true,       "has_downloads": true,       "has_wiki": true,       "has_pages": false,       "forks_count": 33,       "mirror_url": null,       "archived": false,       "open_issues_count": 47,       "license": {         "key": "apache-2.0",         "name": "Apache License 2.0",         "spdx_id": "Apache-2.0",         "url": "https://api.github.com/licenses/apache-2.0",         "node_id": "MDc6TGljZW5zZTI="       },       "forks": 33,       "open_issues": 47,       "watchers": 393,       "default_branch": "master",       "score": 19.787796     },     {       "id": 122733470,       "node_id": "MDEwOlJlcG9zaXRvcnkxMjI3MzM0NzA=",       "name": "whybundled",       "full_name": "d4rkr00t/whybundled",       "private": false,       "owner": {         "login": "d4rkr00t",         "id": 200119,         "node_id": "MDQ6VXNlcjIwMDExOQ==",         "avatar_url": "https://avatars2.githubusercontent.com/u/200119?v=4",         "gravatar_id": "",         "url": "https://api.github.com/users/d4rkr00t",         "html_url": "https://github.com/d4rkr00t",         "followers_url": "https://api.github.com/users/d4rkr00t/followers",         "following_url": "https://api.github.com/users/d4rkr00t/following{/other_user}",         "gists_url": "https://api.github.com/users/d4rkr00t/gists{/gist_id}",         "starred_url": "https://api.github.com/users/d4rkr00t/starred{/owner}{/repo}",         "subscriptions_url": "https://api.github.com/users/d4rkr00t/subscriptions",         "organizations_url": "https://api.github.com/users/d4rkr00t/orgs",         "repos_url": "https://api.github.com/users/d4rkr00t/repos",         "events_url": "https://api.github.com/users/d4rkr00t/events{/privacy}",         "received_events_url": "https://api.github.com/users/d4rkr00t/received_events",         "type": "User",         "site_admin": false       },       "html_url": "https://github.com/d4rkr00t/whybundled",       "description": "Answers the question – Why the hell is this module in a bundle?",       "fork": false,       "url": "https://api.github.com/repos/d4rkr00t/whybundled",       "forks_url": "https://api.github.com/repos/d4rkr00t/whybundled/forks",       "keys_url": "https://api.github.com/repos/d4rkr00t/whybundled/keys{/key_id}",       "collaborators_url": "https://api.github.com/repos/d4rkr00t/whybundled/collaborators{/collaborator}",       "teams_url": "https://api.github.com/repos/d4rkr00t/whybundled/teams",       "hooks_url": "https://api.github.com/repos/d4rkr00t/whybundled/hooks",       "issue_events_url": "https://api.github.com/repos/d4rkr00t/whybundled/issues/events{/number}",       "events_url": "https://api.github.com/repos/d4rkr00t/whybundled/events",       "assignees_url": "https://api.github.com/repos/d4rkr00t/whybundled/assignees{/user}",       "branches_url": "https://api.github.com/repos/d4rkr00t/whybundled/branches{/branch}",       "tags_url": "https://api.github.com/repos/d4rkr00t/whybundled/tags",       "blobs_url": "https://api.github.com/repos/d4rkr00t/whybundled/git/blobs{/sha}",       "git_tags_url": "https://api.github.com/repos/d4rkr00t/whybundled/git/tags{/sha}",       "git_refs_url": "https://api.github.com/repos/d4rkr00t/whybundled/git/refs{/sha}",       "trees_url": "https://api.github.com/repos/d4rkr00t/whybundled/git/trees{/sha}",       "statuses_url": "https://api.github.com/repos/d4rkr00t/whybundled/statuses/{sha}",       "languages_url": "https://api.github.com/repos/d4rkr00t/whybundled/languages",       "stargazers_url": "https://api.github.com/repos/d4rkr00t/whybundled/stargazers",       "contributors_url": "https://api.github.com/repos/d4rkr00t/whybundled/contributors",       "subscribers_url": "https://api.github.com/repos/d4rkr00t/whybundled/subscribers",       "subscription_url": "https://api.github.com/repos/d4rkr00t/whybundled/subscription",       "commits_url": "https://api.github.com/repos/d4rkr00t/whybundled/commits{/sha}",       "git_commits_url": "https://api.github.com/repos/d4rkr00t/whybundled/git/commits{/sha}",       "comments_url": "https://api.github.com/repos/d4rkr00t/whybundled/comments{/number}",       "issue_comment_url": "https://api.github.com/repos/d4rkr00t/whybundled/issues/comments{/number}",       "contents_url": "https://api.github.com/repos/d4rkr00t/whybundled/contents/{+path}",       "compare_url": "https://api.github.com/repos/d4rkr00t/whybundled/compare/{base}...{head}",       "merges_url": "https://api.github.com/repos/d4rkr00t/whybundled/merges",       "archive_url": "https://api.github.com/repos/d4rkr00t/whybundled/{archive_format}{/ref}",       "downloads_url": "https://api.github.com/repos/d4rkr00t/whybundled/downloads",       "issues_url": "https://api.github.com/repos/d4rkr00t/whybundled/issues{/number}",       "pulls_url": "https://api.github.com/repos/d4rkr00t/whybundled/pulls{/number}",       "milestones_url": "https://api.github.com/repos/d4rkr00t/whybundled/milestones{/number}",       "notifications_url": "https://api.github.com/repos/d4rkr00t/whybundled/notifications{?since,all,participating}",       "labels_url": "https://api.github.com/repos/d4rkr00t/whybundled/labels{/name}",       "releases_url": "https://api.github.com/repos/d4rkr00t/whybundled/releases{/id}",       "deployments_url": "https://api.github.com/repos/d4rkr00t/whybundled/deployments",       "created_at": "2018-02-24T11:12:27Z",       "updated_at": "2019-01-23T19:10:27Z",       "pushed_at": "2018-08-20T15:27:01Z",       "git_url": "git://github.com/d4rkr00t/whybundled.git",       "ssh_url": "git@github.com:d4rkr00t/whybundled.git",       "clone_url": "https://github.com/d4rkr00t/whybundled.git",       "svn_url": "https://github.com/d4rkr00t/whybundled",       "homepage": "",       "size": 2003,       "stargazers_count": 374,       "watchers_count": 374,       "language": "JavaScript",       "has_issues": true,       "has_projects": true,       "has_downloads": true,       "has_wiki": true,       "has_pages": false,       "forks_count": 8,       "mirror_url": null,       "archived": false,       "open_issues_count": 0,       "license": {         "key": "mit",         "name": "MIT License",         "spdx_id": "MIT",         "url": "https://api.github.com/licenses/mit",         "node_id": "MDc6TGljZW5zZTEz"       },       "forks": 8,       "open_issues": 0,       "watchers": 374,       "default_branch": "master",       "score": 68.71125     },     {       "id": 9549719,       "node_id": "MDEwOlJlcG9zaXRvcnk5NTQ5NzE5",       "name": "CLOSURE",       "full_name": "steveklabnik/CLOSURE",       "private": false,       "owner": {         "login": "steveklabnik",         "id": 27786,         "node_id": "MDQ6VXNlcjI3Nzg2",         "avatar_url": "https://avatars2.githubusercontent.com/u/27786?v=4",         "gravatar_id": "",         "url": "https://api.github.com/users/steveklabnik",         "html_url": "https://github.com/steveklabnik",         "followers_url": "https://api.github.com/users/steveklabnik/followers",         "following_url": "https://api.github.com/users/steveklabnik/following{/other_user}",         "gists_url": "https://api.github.com/users/steveklabnik/gists{/gist_id}",         "starred_url": "https://api.github.com/users/steveklabnik/starred{/owner}{/repo}",         "subscriptions_url": "https://api.github.com/users/steveklabnik/subscriptions",         "organizations_url": "https://api.github.com/users/steveklabnik/orgs",         "repos_url": "https://api.github.com/users/steveklabnik/repos",         "events_url": "https://api.github.com/users/steveklabnik/events{/privacy}",         "received_events_url": "https://api.github.com/users/steveklabnik/received_events",         "type": "User",         "site_admin": false       },       "html_url": "https://github.com/steveklabnik/CLOSURE",       "description": "Thanks, _why.",       "fork": false,       "url": "https://api.github.com/repos/steveklabnik/CLOSURE",       "forks_url": "https://api.github.com/repos/steveklabnik/CLOSURE/forks",       "keys_url": "https://api.github.com/repos/steveklabnik/CLOSURE/keys{/key_id}",       "collaborators_url": "https://api.github.com/repos/steveklabnik/CLOSURE/collaborators{/collaborator}",       "teams_url": "https://api.github.com/repos/steveklabnik/CLOSURE/teams",       "hooks_url": "https://api.github.com/repos/steveklabnik/CLOSURE/hooks",       "issue_events_url": "https://api.github.com/repos/steveklabnik/CLOSURE/issues/events{/number}",       "events_url": "https://api.github.com/repos/steveklabnik/CLOSURE/events",       "assignees_url": "https://api.github.com/repos/steveklabnik/CLOSURE/assignees{/user}",       "branches_url": "https://api.github.com/repos/steveklabnik/CLOSURE/branches{/branch}",       "tags_url": "https://api.github.com/repos/steveklabnik/CLOSURE/tags",       "blobs_url": "https://api.github.com/repos/steveklabnik/CLOSURE/git/blobs{/sha}",       "git_tags_url": "https://api.github.com/repos/steveklabnik/CLOSURE/git/tags{/sha}",       "git_refs_url": "https://api.github.com/repos/steveklabnik/CLOSURE/git/refs{/sha}",       "trees_url": "https://api.github.com/repos/steveklabnik/CLOSURE/git/trees{/sha}",       "statuses_url": "https://api.github.com/repos/steveklabnik/CLOSURE/statuses/{sha}",       "languages_url": "https://api.github.com/repos/steveklabnik/CLOSURE/languages",       "stargazers_url": "https://api.github.com/repos/steveklabnik/CLOSURE/stargazers",       "contributors_url": "https://api.github.com/repos/steveklabnik/CLOSURE/contributors",       "subscribers_url": "https://api.github.com/repos/steveklabnik/CLOSURE/subscribers",       "subscription_url": "https://api.github.com/repos/steveklabnik/CLOSURE/subscription",       "commits_url": "https://api.github.com/repos/steveklabnik/CLOSURE/commits{/sha}",       "git_commits_url": "https://api.github.com/repos/steveklabnik/CLOSURE/git/commits{/sha}",       "comments_url": "https://api.github.com/repos/steveklabnik/CLOSURE/comments{/number}",       "issue_comment_url": "https://api.github.com/repos/steveklabnik/CLOSURE/issues/comments{/number}",       "contents_url": "https://api.github.com/repos/steveklabnik/CLOSURE/contents/{+path}",       "compare_url": "https://api.github.com/repos/steveklabnik/CLOSURE/compare/{base}...{head}",       "merges_url": "https://api.github.com/repos/steveklabnik/CLOSURE/merges",       "archive_url": "https://api.github.com/repos/steveklabnik/CLOSURE/{archive_format}{/ref}",       "downloads_url": "https://api.github.com/repos/steveklabnik/CLOSURE/downloads",       "issues_url": "https://api.github.com/repos/steveklabnik/CLOSURE/issues{/number}",       "pulls_url": "https://api.github.com/repos/steveklabnik/CLOSURE/pulls{/number}",       "milestones_url": "https://api.github.com/repos/steveklabnik/CLOSURE/milestones{/number}",       "notifications_url": "https://api.github.com/repos/steveklabnik/CLOSURE/notifications{?since,all,participating}",       "labels_url": "https://api.github.com/repos/steveklabnik/CLOSURE/labels{/name}",       "releases_url": "https://api.github.com/repos/steveklabnik/CLOSURE/releases{/id}",       "deployments_url": "https://api.github.com/repos/steveklabnik/CLOSURE/deployments",       "created_at": "2013-04-19T16:35:35Z",       "updated_at": "2019-01-25T03:10:45Z",       "pushed_at": "2016-08-19T21:52:58Z",       "git_url": "git://github.com/steveklabnik/CLOSURE.git",       "ssh_url": "git@github.com:steveklabnik/CLOSURE.git",       "clone_url": "https://github.com/steveklabnik/CLOSURE.git",       "svn_url": "https://github.com/steveklabnik/CLOSURE",       "homepage": null,       "size": 98819,       "stargazers_count": 347,       "watchers_count": 347,       "language": null,       "has_issues": true,       "has_projects": true,       "has_downloads": true,       "has_wiki": true,       "has_pages": false,       "forks_count": 29,       "mirror_url": null,       "archived": false,       "open_issues_count": 1,       "license": null,       "forks": 29,       "open_issues": 1,       "watchers": 347,       "default_branch": "master",       "score": 83.84054     },     {       "id": 285132,       "node_id": "MDEwOlJlcG9zaXRvcnkyODUxMzI=",       "name": "TryRuby",       "full_name": "Sophrinix/TryRuby",       "private": false,       "owner": {         "login": "Sophrinix",         "id": 34090,         "node_id": "MDQ6VXNlcjM0MDkw",         "avatar_url": "https://avatars1.githubusercontent.com/u/34090?v=4",         "gravatar_id": "",         "url": "https://api.github.com/users/Sophrinix",         "html_url": "https://github.com/Sophrinix",         "followers_url": "https://api.github.com/users/Sophrinix/followers",         "following_url": "https://api.github.com/users/Sophrinix/following{/other_user}",         "gists_url": "https://api.github.com/users/Sophrinix/gists{/gist_id}",         "starred_url": "https://api.github.com/users/Sophrinix/starred{/owner}{/repo}",         "subscriptions_url": "https://api.github.com/users/Sophrinix/subscriptions",         "organizations_url": "https://api.github.com/users/Sophrinix/orgs",         "repos_url": "https://api.github.com/users/Sophrinix/repos",         "events_url": "https://api.github.com/users/Sophrinix/events{/privacy}",         "received_events_url": "https://api.github.com/users/Sophrinix/received_events",         "type": "User",         "site_admin": false       },       "html_url": "https://github.com/Sophrinix/TryRuby",       "description": "Try Ruby is a interactive shell that quickly and whimsically teaches the Ruby programming language. Originally _why's idea, it has been recreated from the ground up by Rubyists who have a passion for Ruby and for teaching their fellow (wo)man how to program.",       "fork": false,       "url": "https://api.github.com/repos/Sophrinix/TryRuby",       "forks_url": "https://api.github.com/repos/Sophrinix/TryRuby/forks",       "keys_url": "https://api.github.com/repos/Sophrinix/TryRuby/keys{/key_id}",       "collaborators_url": "https://api.github.com/repos/Sophrinix/TryRuby/collaborators{/collaborator}",       "teams_url": "https://api.github.com/repos/Sophrinix/TryRuby/teams",       "hooks_url": "https://api.github.com/repos/Sophrinix/TryRuby/hooks",       "issue_events_url": "https://api.github.com/repos/Sophrinix/TryRuby/issues/events{/number}",       "events_url": "https://api.github.com/repos/Sophrinix/TryRuby/events",       "assignees_url": "https://api.github.com/repos/Sophrinix/TryRuby/assignees{/user}",       "branches_url": "https://api.github.com/repos/Sophrinix/TryRuby/branches{/branch}",       "tags_url": "https://api.github.com/repos/Sophrinix/TryRuby/tags",       "blobs_url": "https://api.github.com/repos/Sophrinix/TryRuby/git/blobs{/sha}",       "git_tags_url": "https://api.github.com/repos/Sophrinix/TryRuby/git/tags{/sha}",       "git_refs_url": "https://api.github.com/repos/Sophrinix/TryRuby/git/refs{/sha}",       "trees_url": "https://api.github.com/repos/Sophrinix/TryRuby/git/trees{/sha}",       "statuses_url": "https://api.github.com/repos/Sophrinix/TryRuby/statuses/{sha}",       "languages_url": "https://api.github.com/repos/Sophrinix/TryRuby/languages",       "stargazers_url": "https://api.github.com/repos/Sophrinix/TryRuby/stargazers",       "contributors_url": "https://api.github.com/repos/Sophrinix/TryRuby/contributors",       "subscribers_url": "https://api.github.com/repos/Sophrinix/TryRuby/subscribers",       "subscription_url": "https://api.github.com/repos/Sophrinix/TryRuby/subscription",       "commits_url": "https://api.github.com/repos/Sophrinix/TryRuby/commits{/sha}",       "git_commits_url": "https://api.github.com/repos/Sophrinix/TryRuby/git/commits{/sha}",       "comments_url": "https://api.github.com/repos/Sophrinix/TryRuby/comments{/number}",       "issue_comment_url": "https://api.github.com/repos/Sophrinix/TryRuby/issues/comments{/number}",       "contents_url": "https://api.github.com/repos/Sophrinix/TryRuby/contents/{+path}",       "compare_url": "https://api.github.com/repos/Sophrinix/TryRuby/compare/{base}...{head}",       "merges_url": "https://api.github.com/repos/Sophrinix/TryRuby/merges",       "archive_url": "https://api.github.com/repos/Sophrinix/TryRuby/{archive_format}{/ref}",       "downloads_url": "https://api.github.com/repos/Sophrinix/TryRuby/downloads",       "issues_url": "https://api.github.com/repos/Sophrinix/TryRuby/issues{/number}",       "pulls_url": "https://api.github.com/repos/Sophrinix/TryRuby/pulls{/number}",       "milestones_url": "https://api.github.com/repos/Sophrinix/TryRuby/milestones{/number}",       "notifications_url": "https://api.github.com/repos/Sophrinix/TryRuby/notifications{?since,all,participating}",       "labels_url": "https://api.github.com/repos/Sophrinix/TryRuby/labels{/name}",       "releases_url": "https://api.github.com/repos/Sophrinix/TryRuby/releases{/id}",       "deployments_url": "https://api.github.com/repos/Sophrinix/TryRuby/deployments",       "created_at": "2009-08-22T17:31:37Z",       "updated_at": "2019-01-21T09:33:14Z",       "pushed_at": "2018-06-02T04:32:55Z",       "git_url": "git://github.com/Sophrinix/TryRuby.git",       "ssh_url": "git@github.com:Sophrinix/TryRuby.git",       "clone_url": "https://github.com/Sophrinix/TryRuby.git",       "svn_url": "https://github.com/Sophrinix/TryRuby",       "homepage": "tryruby.org",       "size": 881,       "stargazers_count": 346,       "watchers_count": 346,       "language": "HTML",       "has_issues": true,       "has_projects": true,       "has_downloads": true,       "has_wiki": true,       "has_pages": false,       "forks_count": 82,       "mirror_url": null,       "archived": false,       "open_issues_count": 69,       "license": null,       "forks": 82,       "open_issues": 69,       "watchers": 346,       "default_branch": "master",       "score": 21.902397     },     {       "id": 139259807,       "node_id": "MDEwOlJlcG9zaXRvcnkxMzkyNTk4MDc=",       "name": "UserDefaultsStore",       "full_name": "omaralbeik/UserDefaultsStore",       "private": false,       "owner": {         "login": "omaralbeik",         "id": 8127757,         "node_id": "MDQ6VXNlcjgxMjc3NTc=",         "avatar_url": "https://avatars2.githubusercontent.com/u/8127757?v=4",         "gravatar_id": "",         "url": "https://api.github.com/users/omaralbeik",         "html_url": "https://github.com/omaralbeik",         "followers_url": "https://api.github.com/users/omaralbeik/followers",         "following_url": "https://api.github.com/users/omaralbeik/following{/other_user}",         "gists_url": "https://api.github.com/users/omaralbeik/gists{/gist_id}",         "starred_url": "https://api.github.com/users/omaralbeik/starred{/owner}{/repo}",         "subscriptions_url": "https://api.github.com/users/omaralbeik/subscriptions",         "organizations_url": "https://api.github.com/users/omaralbeik/orgs",         "repos_url": "https://api.github.com/users/omaralbeik/repos",         "events_url": "https://api.github.com/users/omaralbeik/events{/privacy}",         "received_events_url": "https://api.github.com/users/omaralbeik/received_events",         "type": "User",         "site_admin": false       },       "html_url": "https://github.com/omaralbeik/UserDefaultsStore",       "description": "Why not use UserDefaults to store Codable objects 😉",       "fork": false,       "url": "https://api.github.com/repos/omaralbeik/UserDefaultsStore",       "forks_url": "https://api.github.com/repos/omaralbeik/UserDefaultsStore/forks",       "keys_url": "https://api.github.com/repos/omaralbeik/UserDefaultsStore/keys{/key_id}",       "collaborators_url": "https://api.github.com/repos/omaralbeik/UserDefaultsStore/collaborators{/collaborator}",       "teams_url": "https://api.github.com/repos/omaralbeik/UserDefaultsStore/teams",       "hooks_url": "https://api.github.com/repos/omaralbeik/UserDefaultsStore/hooks",       "issue_events_url": "https://api.github.com/repos/omaralbeik/UserDefaultsStore/issues/events{/number}",       "events_url": "https://api.github.com/repos/omaralbeik/UserDefaultsStore/events",       "assignees_url": "https://api.github.com/repos/omaralbeik/UserDefaultsStore/assignees{/user}",       "branches_url": "https://api.github.com/repos/omaralbeik/UserDefaultsStore/branches{/branch}",       "tags_url": "https://api.github.com/repos/omaralbeik/UserDefaultsStore/tags",       "blobs_url": "https://api.github.com/repos/omaralbeik/UserDefaultsStore/git/blobs{/sha}",       "git_tags_url": "https://api.github.com/repos/omaralbeik/UserDefaultsStore/git/tags{/sha}",       "git_refs_url": "https://api.github.com/repos/omaralbeik/UserDefaultsStore/git/refs{/sha}",       "trees_url": "https://api.github.com/repos/omaralbeik/UserDefaultsStore/git/trees{/sha}",       "statuses_url": "https://api.github.com/repos/omaralbeik/UserDefaultsStore/statuses/{sha}",       "languages_url": "https://api.github.com/repos/omaralbeik/UserDefaultsStore/languages",       "stargazers_url": "https://api.github.com/repos/omaralbeik/UserDefaultsStore/stargazers",       "contributors_url": "https://api.github.com/repos/omaralbeik/UserDefaultsStore/contributors",       "subscribers_url": "https://api.github.com/repos/omaralbeik/UserDefaultsStore/subscribers",       "subscription_url": "https://api.github.com/repos/omaralbeik/UserDefaultsStore/subscription",       "commits_url": "https://api.github.com/repos/omaralbeik/UserDefaultsStore/commits{/sha}",       "git_commits_url": "https://api.github.com/repos/omaralbeik/UserDefaultsStore/git/commits{/sha}",       "comments_url": "https://api.github.com/repos/omaralbeik/UserDefaultsStore/comments{/number}",       "issue_comment_url": "https://api.github.com/repos/omaralbeik/UserDefaultsStore/issues/comments{/number}",       "contents_url": "https://api.github.com/repos/omaralbeik/UserDefaultsStore/contents/{+path}",       "compare_url": "https://api.github.com/repos/omaralbeik/UserDefaultsStore/compare/{base}...{head}",       "merges_url": "https://api.github.com/repos/omaralbeik/UserDefaultsStore/merges",       "archive_url": "https://api.github.com/repos/omaralbeik/UserDefaultsStore/{archive_format}{/ref}",       "downloads_url": "https://api.github.com/repos/omaralbeik/UserDefaultsStore/downloads",       "issues_url": "https://api.github.com/repos/omaralbeik/UserDefaultsStore/issues{/number}",       "pulls_url": "https://api.github.com/repos/omaralbeik/UserDefaultsStore/pulls{/number}",       "milestones_url": "https://api.github.com/repos/omaralbeik/UserDefaultsStore/milestones{/number}",       "notifications_url": "https://api.github.com/repos/omaralbeik/UserDefaultsStore/notifications{?since,all,participating}",       "labels_url": "https://api.github.com/repos/omaralbeik/UserDefaultsStore/labels{/name}",       "releases_url": "https://api.github.com/repos/omaralbeik/UserDefaultsStore/releases{/id}",       "deployments_url": "https://api.github.com/repos/omaralbeik/UserDefaultsStore/deployments",       "created_at": "2018-06-30T15:29:31Z",       "updated_at": "2019-01-28T22:49:33Z",       "pushed_at": "2018-11-08T05:49:36Z",       "git_url": "git://github.com/omaralbeik/UserDefaultsStore.git",       "ssh_url": "git@github.com:omaralbeik/UserDefaultsStore.git",       "clone_url": "https://github.com/omaralbeik/UserDefaultsStore.git",       "svn_url": "https://github.com/omaralbeik/UserDefaultsStore",       "homepage": null,       "size": 388,       "stargazers_count": 311,       "watchers_count": 311,       "language": "Swift",       "has_issues": true,       "has_projects": false,       "has_downloads": true,       "has_wiki": false,       "has_pages": false,       "forks_count": 13,       "mirror_url": null,       "archived": false,       "open_issues_count": 2,       "license": {         "key": "mit",         "name": "MIT License",         "spdx_id": "MIT",         "url": "https://api.github.com/licenses/mit",         "node_id": "MDc6TGljZW5zZTEz"       },       "forks": 13,       "open_issues": 2,       "watchers": 311,       "default_branch": "master",       "score": 51.52981     },     {       "id": 1666180,       "node_id": "MDEwOlJlcG9zaXRvcnkxNjY2MTgw",       "name": "why_i_love_github",       "full_name": "schacon/why_i_love_github",       "private": false,       "owner": {         "login": "schacon",         "id": 70,         "node_id": "MDQ6VXNlcjcw",         "avatar_url": "https://avatars0.githubusercontent.com/u/70?v=4",         "gravatar_id": "",         "url": "https://api.github.com/users/schacon",         "html_url": "https://github.com/schacon",         "followers_url": "https://api.github.com/users/schacon/followers",         "following_url": "https://api.github.com/users/schacon/following{/other_user}",         "gists_url": "https://api.github.com/users/schacon/gists{/gist_id}",         "starred_url": "https://api.github.com/users/schacon/starred{/owner}{/repo}",         "subscriptions_url": "https://api.github.com/users/schacon/subscriptions",         "organizations_url": "https://api.github.com/users/schacon/orgs",         "repos_url": "https://api.github.com/users/schacon/repos",         "events_url": "https://api.github.com/users/schacon/events{/privacy}",         "received_events_url": "https://api.github.com/users/schacon/received_events",         "type": "User",         "site_admin": false       },       "html_url": "https://github.com/schacon/why_i_love_github",       "description": null,       "fork": false,       "url": "https://api.github.com/repos/schacon/why_i_love_github",       "forks_url": "https://api.github.com/repos/schacon/why_i_love_github/forks",       "keys_url": "https://api.github.com/repos/schacon/why_i_love_github/keys{/key_id}",       "collaborators_url": "https://api.github.com/repos/schacon/why_i_love_github/collaborators{/collaborator}",       "teams_url": "https://api.github.com/repos/schacon/why_i_love_github/teams",       "hooks_url": "https://api.github.com/repos/schacon/why_i_love_github/hooks",       "issue_events_url": "https://api.github.com/repos/schacon/why_i_love_github/issues/events{/number}",       "events_url": "https://api.github.com/repos/schacon/why_i_love_github/events",       "assignees_url": "https://api.github.com/repos/schacon/why_i_love_github/assignees{/user}",       "branches_url": "https://api.github.com/repos/schacon/why_i_love_github/branches{/branch}",       "tags_url": "https://api.github.com/repos/schacon/why_i_love_github/tags",       "blobs_url": "https://api.github.com/repos/schacon/why_i_love_github/git/blobs{/sha}",       "git_tags_url": "https://api.github.com/repos/schacon/why_i_love_github/git/tags{/sha}",       "git_refs_url": "https://api.github.com/repos/schacon/why_i_love_github/git/refs{/sha}",       "trees_url": "https://api.github.com/repos/schacon/why_i_love_github/git/trees{/sha}",       "statuses_url": "https://api.github.com/repos/schacon/why_i_love_github/statuses/{sha}",       "languages_url": "https://api.github.com/repos/schacon/why_i_love_github/languages",       "stargazers_url": "https://api.github.com/repos/schacon/why_i_love_github/stargazers",       "contributors_url": "https://api.github.com/repos/schacon/why_i_love_github/contributors",       "subscribers_url": "https://api.github.com/repos/schacon/why_i_love_github/subscribers",       "subscription_url": "https://api.github.com/repos/schacon/why_i_love_github/subscription",       "commits_url": "https://api.github.com/repos/schacon/why_i_love_github/commits{/sha}",       "git_commits_url": "https://api.github.com/repos/schacon/why_i_love_github/git/commits{/sha}",       "comments_url": "https://api.github.com/repos/schacon/why_i_love_github/comments{/number}",       "issue_comment_url": "https://api.github.com/repos/schacon/why_i_love_github/issues/comments{/number}",       "contents_url": "https://api.github.com/repos/schacon/why_i_love_github/contents/{+path}",       "compare_url": "https://api.github.com/repos/schacon/why_i_love_github/compare/{base}...{head}",       "merges_url": "https://api.github.com/repos/schacon/why_i_love_github/merges",       "archive_url": "https://api.github.com/repos/schacon/why_i_love_github/{archive_format}{/ref}",       "downloads_url": "https://api.github.com/repos/schacon/why_i_love_github/downloads",       "issues_url": "https://api.github.com/repos/schacon/why_i_love_github/issues{/number}",       "pulls_url": "https://api.github.com/repos/schacon/why_i_love_github/pulls{/number}",       "milestones_url": "https://api.github.com/repos/schacon/why_i_love_github/milestones{/number}",       "notifications_url": "https://api.github.com/repos/schacon/why_i_love_github/notifications{?since,all,participating}",       "labels_url": "https://api.github.com/repos/schacon/why_i_love_github/labels{/name}",       "releases_url": "https://api.github.com/repos/schacon/why_i_love_github/releases{/id}",       "deployments_url": "https://api.github.com/repos/schacon/why_i_love_github/deployments",       "created_at": "2011-04-26T17:18:57Z",       "updated_at": "2018-12-26T22:44:49Z",       "pushed_at": "2018-09-06T06:18:12Z",       "git_url": "git://github.com/schacon/why_i_love_github.git",       "ssh_url": "git@github.com:schacon/why_i_love_github.git",       "clone_url": "https://github.com/schacon/why_i_love_github.git",       "svn_url": "https://github.com/schacon/why_i_love_github",       "homepage": "",       "size": 296,       "stargazers_count": 269,       "watchers_count": 269,       "language": null,       "has_issues": true,       "has_projects": true,       "has_downloads": true,       "has_wiki": true,       "has_pages": false,       "forks_count": 202,       "mirror_url": null,       "archived": false,       "open_issues_count": 115,       "license": null,       "forks": 202,       "open_issues": 115,       "watchers": 269,       "default_branch": "master",       "score": 94.84058     },     {       "id": 5762352,       "node_id": "MDEwOlJlcG9zaXRvcnk1NzYyMzUy",       "name": "nightowls",       "full_name": "Swizec/nightowls",       "private": false,       "owner": {         "login": "Swizec",         "id": 56883,         "node_id": "MDQ6VXNlcjU2ODgz",         "avatar_url": "https://avatars0.githubusercontent.com/u/56883?v=4",         "gravatar_id": "",         "url": "https://api.github.com/users/Swizec",         "html_url": "https://github.com/Swizec",         "followers_url": "https://api.github.com/users/Swizec/followers",         "following_url": "https://api.github.com/users/Swizec/following{/other_user}",         "gists_url": "https://api.github.com/users/Swizec/gists{/gist_id}",         "starred_url": "https://api.github.com/users/Swizec/starred{/owner}{/repo}",         "subscriptions_url": "https://api.github.com/users/Swizec/subscriptions",         "organizations_url": "https://api.github.com/users/Swizec/orgs",         "repos_url": "https://api.github.com/users/Swizec/repos",         "events_url": "https://api.github.com/users/Swizec/events{/privacy}",         "received_events_url": "https://api.github.com/users/Swizec/received_events",         "type": "User",         "site_admin": false       },       "html_url": "https://github.com/Swizec/nightowls",       "description": "Why programmers work at night - a book about programmers, by a programmer",       "fork": false,       "url": "https://api.github.com/repos/Swizec/nightowls",       "forks_url": "https://api.github.com/repos/Swizec/nightowls/forks",       "keys_url": "https://api.github.com/repos/Swizec/nightowls/keys{/key_id}",       "collaborators_url": "https://api.github.com/repos/Swizec/nightowls/collaborators{/collaborator}",       "teams_url": "https://api.github.com/repos/Swizec/nightowls/teams",       "hooks_url": "https://api.github.com/repos/Swizec/nightowls/hooks",       "issue_events_url": "https://api.github.com/repos/Swizec/nightowls/issues/events{/number}",       "events_url": "https://api.github.com/repos/Swizec/nightowls/events",       "assignees_url": "https://api.github.com/repos/Swizec/nightowls/assignees{/user}",       "branches_url": "https://api.github.com/repos/Swizec/nightowls/branches{/branch}",       "tags_url": "https://api.github.com/repos/Swizec/nightowls/tags",       "blobs_url": "https://api.github.com/repos/Swizec/nightowls/git/blobs{/sha}",       "git_tags_url": "https://api.github.com/repos/Swizec/nightowls/git/tags{/sha}",       "git_refs_url": "https://api.github.com/repos/Swizec/nightowls/git/refs{/sha}",       "trees_url": "https://api.github.com/repos/Swizec/nightowls/git/trees{/sha}",       "statuses_url": "https://api.github.com/repos/Swizec/nightowls/statuses/{sha}",       "languages_url": "https://api.github.com/repos/Swizec/nightowls/languages",       "stargazers_url": "https://api.github.com/repos/Swizec/nightowls/stargazers",       "contributors_url": "https://api.github.com/repos/Swizec/nightowls/contributors",       "subscribers_url": "https://api.github.com/repos/Swizec/nightowls/subscribers",       "subscription_url": "https://api.github.com/repos/Swizec/nightowls/subscription",       "commits_url": "https://api.github.com/repos/Swizec/nightowls/commits{/sha}",       "git_commits_url": "https://api.github.com/repos/Swizec/nightowls/git/commits{/sha}",       "comments_url": "https://api.github.com/repos/Swizec/nightowls/comments{/number}",       "issue_comment_url": "https://api.github.com/repos/Swizec/nightowls/issues/comments{/number}",       "contents_url": "https://api.github.com/repos/Swizec/nightowls/contents/{+path}",       "compare_url": "https://api.github.com/repos/Swizec/nightowls/compare/{base}...{head}",       "merges_url": "https://api.github.com/repos/Swizec/nightowls/merges",       "archive_url": "https://api.github.com/repos/Swizec/nightowls/{archive_format}{/ref}",       "downloads_url": "https://api.github.com/repos/Swizec/nightowls/downloads",       "issues_url": "https://api.github.com/repos/Swizec/nightowls/issues{/number}",       "pulls_url": "https://api.github.com/repos/Swizec/nightowls/pulls{/number}",       "milestones_url": "https://api.github.com/repos/Swizec/nightowls/milestones{/number}",       "notifications_url": "https://api.github.com/repos/Swizec/nightowls/notifications{?since,all,participating}",       "labels_url": "https://api.github.com/repos/Swizec/nightowls/labels{/name}",       "releases_url": "https://api.github.com/repos/Swizec/nightowls/releases{/id}",       "deployments_url": "https://api.github.com/repos/Swizec/nightowls/deployments",       "created_at": "2012-09-11T08:55:05Z",       "updated_at": "2019-01-22T17:12:56Z",       "pushed_at": "2017-04-24T09:21:43Z",       "git_url": "git://github.com/Swizec/nightowls.git",       "ssh_url": "git@github.com:Swizec/nightowls.git",       "clone_url": "https://github.com/Swizec/nightowls.git",       "svn_url": "https://github.com/Swizec/nightowls",       "homepage": "https://leanpub.com/nightowls",       "size": 1301,       "stargazers_count": 267,       "watchers_count": 267,       "language": null,       "has_issues": true,       "has_projects": true,       "has_downloads": true,       "has_wiki": true,       "has_pages": false,       "forks_count": 23,       "mirror_url": null,       "archived": false,       "open_issues_count": 7,       "license": null,       "forks": 23,       "open_issues": 7,       "watchers": 267,       "default_branch": "master",       "score": 46.151653     },     {       "id": 86715491,       "node_id": "MDEwOlJlcG9zaXRvcnk4NjcxNTQ5MQ==",       "name": "pmdarima",       "full_name": "tgsmith61591/pmdarima",       "private": false,       "owner": {         "login": "tgsmith61591",         "id": 6124706,         "node_id": "MDQ6VXNlcjYxMjQ3MDY=",         "avatar_url": "https://avatars0.githubusercontent.com/u/6124706?v=4",         "gravatar_id": "",         "url": "https://api.github.com/users/tgsmith61591",         "html_url": "https://github.com/tgsmith61591",         "followers_url": "https://api.github.com/users/tgsmith61591/followers",         "following_url": "https://api.github.com/users/tgsmith61591/following{/other_user}",         "gists_url": "https://api.github.com/users/tgsmith61591/gists{/gist_id}",         "starred_url": "https://api.github.com/users/tgsmith61591/starred{/owner}{/repo}",         "subscriptions_url": "https://api.github.com/users/tgsmith61591/subscriptions",         "organizations_url": "https://api.github.com/users/tgsmith61591/orgs",         "repos_url": "https://api.github.com/users/tgsmith61591/repos",         "events_url": "https://api.github.com/users/tgsmith61591/events{/privacy}",         "received_events_url": "https://api.github.com/users/tgsmith61591/received_events",         "type": "User",         "site_admin": false       },       "html_url": "https://github.com/tgsmith61591/pmdarima",       "description": "A package that brings R's beloved auto.arima to Python, making an even stronger case for why Python > R for data science. ",       "fork": false,       "url": "https://api.github.com/repos/tgsmith61591/pmdarima",       "forks_url": "https://api.github.com/repos/tgsmith61591/pmdarima/forks",       "keys_url": "https://api.github.com/repos/tgsmith61591/pmdarima/keys{/key_id}",       "collaborators_url": "https://api.github.com/repos/tgsmith61591/pmdarima/collaborators{/collaborator}",       "teams_url": "https://api.github.com/repos/tgsmith61591/pmdarima/teams",       "hooks_url": "https://api.github.com/repos/tgsmith61591/pmdarima/hooks",       "issue_events_url": "https://api.github.com/repos/tgsmith61591/pmdarima/issues/events{/number}",       "events_url": "https://api.github.com/repos/tgsmith61591/pmdarima/events",       "assignees_url": "https://api.github.com/repos/tgsmith61591/pmdarima/assignees{/user}",       "branches_url": "https://api.github.com/repos/tgsmith61591/pmdarima/branches{/branch}",       "tags_url": "https://api.github.com/repos/tgsmith61591/pmdarima/tags",       "blobs_url": "https://api.github.com/repos/tgsmith61591/pmdarima/git/blobs{/sha}",       "git_tags_url": "https://api.github.com/repos/tgsmith61591/pmdarima/git/tags{/sha}",       "git_refs_url": "https://api.github.com/repos/tgsmith61591/pmdarima/git/refs{/sha}",       "trees_url": "https://api.github.com/repos/tgsmith61591/pmdarima/git/trees{/sha}",       "statuses_url": "https://api.github.com/repos/tgsmith61591/pmdarima/statuses/{sha}",       "languages_url": "https://api.github.com/repos/tgsmith61591/pmdarima/languages",       "stargazers_url": "https://api.github.com/repos/tgsmith61591/pmdarima/stargazers",       "contributors_url": "https://api.github.com/repos/tgsmith61591/pmdarima/contributors",       "subscribers_url": "https://api.github.com/repos/tgsmith61591/pmdarima/subscribers",       "subscription_url": "https://api.github.com/repos/tgsmith61591/pmdarima/subscription",       "commits_url": "https://api.github.com/repos/tgsmith61591/pmdarima/commits{/sha}",       "git_commits_url": "https://api.github.com/repos/tgsmith61591/pmdarima/git/commits{/sha}",       "comments_url": "https://api.github.com/repos/tgsmith61591/pmdarima/comments{/number}",       "issue_comment_url": "https://api.github.com/repos/tgsmith61591/pmdarima/issues/comments{/number}",       "contents_url": "https://api.github.com/repos/tgsmith61591/pmdarima/contents/{+path}",       "compare_url": "https://api.github.com/repos/tgsmith61591/pmdarima/compare/{base}...{head}",       "merges_url": "https://api.github.com/repos/tgsmith61591/pmdarima/merges",       "archive_url": "https://api.github.com/repos/tgsmith61591/pmdarima/{archive_format}{/ref}",       "downloads_url": "https://api.github.com/repos/tgsmith61591/pmdarima/downloads",       "issues_url": "https://api.github.com/repos/tgsmith61591/pmdarima/issues{/number}",       "pulls_url": "https://api.github.com/repos/tgsmith61591/pmdarima/pulls{/number}",       "milestones_url": "https://api.github.com/repos/tgsmith61591/pmdarima/milestones{/number}",       "notifications_url": "https://api.github.com/repos/tgsmith61591/pmdarima/notifications{?since,all,participating}",       "labels_url": "https://api.github.com/repos/tgsmith61591/pmdarima/labels{/name}",       "releases_url": "https://api.github.com/repos/tgsmith61591/pmdarima/releases{/id}",       "deployments_url": "https://api.github.com/repos/tgsmith61591/pmdarima/deployments",       "created_at": "2017-03-30T14:58:30Z",       "updated_at": "2019-01-27T16:57:38Z",       "pushed_at": "2019-01-21T21:26:02Z",       "git_url": "git://github.com/tgsmith61591/pmdarima.git",       "ssh_url": "git@github.com:tgsmith61591/pmdarima.git",       "clone_url": "https://github.com/tgsmith61591/pmdarima.git",       "svn_url": "https://github.com/tgsmith61591/pmdarima",       "homepage": "https://www.alkaline-ml.com/pmdarima",       "size": 60561,       "stargazers_count": 254,       "watchers_count": 254,       "language": "Python",       "has_issues": true,       "has_projects": true,       "has_downloads": true,       "has_wiki": true,       "has_pages": true,       "forks_count": 64,       "mirror_url": null,       "archived": false,       "open_issues_count": 1,       "license": {         "key": "mit",         "name": "MIT License",         "spdx_id": "MIT",         "url": "https://api.github.com/licenses/mit",         "node_id": "MDc6TGljZW5zZTEz"       },       "forks": 64,       "open_issues": 1,       "watchers": 254,       "default_branch": "master",       "score": 37.534363     },     {       "id": 72917308,       "node_id": "MDEwOlJlcG9zaXRvcnk3MjkxNzMwOA==",       "name": "learn-elm",       "full_name": "dwyl/learn-elm",       "private": false,       "owner": {         "login": "dwyl",         "id": 11708465,         "node_id": "MDEyOk9yZ2FuaXphdGlvbjExNzA4NDY1",         "avatar_url": "https://avatars1.githubusercontent.com/u/11708465?v=4",         "gravatar_id": "",         "url": "https://api.github.com/users/dwyl",         "html_url": "https://github.com/dwyl",         "followers_url": "https://api.github.com/users/dwyl/followers",         "following_url": "https://api.github.com/users/dwyl/following{/other_user}",         "gists_url": "https://api.github.com/users/dwyl/gists{/gist_id}",         "starred_url": "https://api.github.com/users/dwyl/starred{/owner}{/repo}",         "subscriptions_url": "https://api.github.com/users/dwyl/subscriptions",         "organizations_url": "https://api.github.com/users/dwyl/orgs",         "repos_url": "https://api.github.com/users/dwyl/repos",         "events_url": "https://api.github.com/users/dwyl/events{/privacy}",         "received_events_url": "https://api.github.com/users/dwyl/received_events",         "type": "Organization",         "site_admin": false       },       "html_url": "https://github.com/dwyl/learn-elm",       "description": ":rainbow: discover why people are switching to Elm and how you can get started today!",       "fork": false,       "url": "https://api.github.com/repos/dwyl/learn-elm",       "forks_url": "https://api.github.com/repos/dwyl/learn-elm/forks",       "keys_url": "https://api.github.com/repos/dwyl/learn-elm/keys{/key_id}",       "collaborators_url": "https://api.github.com/repos/dwyl/learn-elm/collaborators{/collaborator}",       "teams_url": "https://api.github.com/repos/dwyl/learn-elm/teams",       "hooks_url": "https://api.github.com/repos/dwyl/learn-elm/hooks",       "issue_events_url": "https://api.github.com/repos/dwyl/learn-elm/issues/events{/number}",       "events_url": "https://api.github.com/repos/dwyl/learn-elm/events",       "assignees_url": "https://api.github.com/repos/dwyl/learn-elm/assignees{/user}",       "branches_url": "https://api.github.com/repos/dwyl/learn-elm/branches{/branch}",       "tags_url": "https://api.github.com/repos/dwyl/learn-elm/tags",       "blobs_url": "https://api.github.com/repos/dwyl/learn-elm/git/blobs{/sha}",       "git_tags_url": "https://api.github.com/repos/dwyl/learn-elm/git/tags{/sha}",       "git_refs_url": "https://api.github.com/repos/dwyl/learn-elm/git/refs{/sha}",       "trees_url": "https://api.github.com/repos/dwyl/learn-elm/git/trees{/sha}",       "statuses_url": "https://api.github.com/repos/dwyl/learn-elm/statuses/{sha}",       "languages_url": "https://api.github.com/repos/dwyl/learn-elm/languages",       "stargazers_url": "https://api.github.com/repos/dwyl/learn-elm/stargazers",       "contributors_url": "https://api.github.com/repos/dwyl/learn-elm/contributors",       "subscribers_url": "https://api.github.com/repos/dwyl/learn-elm/subscribers",       "subscription_url": "https://api.github.com/repos/dwyl/learn-elm/subscription",       "commits_url": "https://api.github.com/repos/dwyl/learn-elm/commits{/sha}",       "git_commits_url": "https://api.github.com/repos/dwyl/learn-elm/git/commits{/sha}",       "comments_url": "https://api.github.com/repos/dwyl/learn-elm/comments{/number}",       "issue_comment_url": "https://api.github.com/repos/dwyl/learn-elm/issues/comments{/number}",       "contents_url": "https://api.github.com/repos/dwyl/learn-elm/contents/{+path}",       "compare_url": "https://api.github.com/repos/dwyl/learn-elm/compare/{base}...{head}",       "merges_url": "https://api.github.com/repos/dwyl/learn-elm/merges",       "archive_url": "https://api.github.com/repos/dwyl/learn-elm/{archive_format}{/ref}",       "downloads_url": "https://api.github.com/repos/dwyl/learn-elm/downloads",       "issues_url": "https://api.github.com/repos/dwyl/learn-elm/issues{/number}",       "pulls_url": "https://api.github.com/repos/dwyl/learn-elm/pulls{/number}",       "milestones_url": "https://api.github.com/repos/dwyl/learn-elm/milestones{/number}",       "notifications_url": "https://api.github.com/repos/dwyl/learn-elm/notifications{?since,all,participating}",       "labels_url": "https://api.github.com/repos/dwyl/learn-elm/labels{/name}",       "releases_url": "https://api.github.com/repos/dwyl/learn-elm/releases{/id}",       "deployments_url": "https://api.github.com/repos/dwyl/learn-elm/deployments",       "created_at": "2016-11-05T09:45:12Z",       "updated_at": "2019-01-25T17:03:04Z",       "pushed_at": "2018-12-04T22:17:50Z",       "git_url": "git://github.com/dwyl/learn-elm.git",       "ssh_url": "git@github.com:dwyl/learn-elm.git",       "clone_url": "https://github.com/dwyl/learn-elm.git",       "svn_url": "https://github.com/dwyl/learn-elm",       "homepage": "https://github.com/dwyl/learn-elm",       "size": 622,       "stargazers_count": 238,       "watchers_count": 238,       "language": "HTML",       "has_issues": true,       "has_projects": true,       "has_downloads": true,       "has_wiki": true,       "has_pages": false,       "forks_count": 19,       "mirror_url": null,       "archived": false,       "open_issues_count": 78,       "license": null,       "forks": 19,       "open_issues": 78,       "watchers": 238,       "default_branch": "master",       "score": 44.09833     },     {       "id": 35120209,       "node_id": "MDEwOlJlcG9zaXRvcnkzNTEyMDIwOQ==",       "name": "wtfnode",       "full_name": "myndzi/wtfnode",       "private": false,       "owner": {         "login": "myndzi",         "id": 1588419,         "node_id": "MDQ6VXNlcjE1ODg0MTk=",         "avatar_url": "https://avatars1.githubusercontent.com/u/1588419?v=4",         "gravatar_id": "",         "url": "https://api.github.com/users/myndzi",         "html_url": "https://github.com/myndzi",         "followers_url": "https://api.github.com/users/myndzi/followers",         "following_url": "https://api.github.com/users/myndzi/following{/other_user}",         "gists_url": "https://api.github.com/users/myndzi/gists{/gist_id}",         "starred_url": "https://api.github.com/users/myndzi/starred{/owner}{/repo}",         "subscriptions_url": "https://api.github.com/users/myndzi/subscriptions",         "organizations_url": "https://api.github.com/users/myndzi/orgs",         "repos_url": "https://api.github.com/users/myndzi/repos",         "events_url": "https://api.github.com/users/myndzi/events{/privacy}",         "received_events_url": "https://api.github.com/users/myndzi/received_events",         "type": "User",         "site_admin": false       },       "html_url": "https://github.com/myndzi/wtfnode",       "description": "Utility to help find out why Node isn't exiting",       "fork": false,       "url": "https://api.github.com/repos/myndzi/wtfnode",       "forks_url": "https://api.github.com/repos/myndzi/wtfnode/forks",       "keys_url": "https://api.github.com/repos/myndzi/wtfnode/keys{/key_id}",       "collaborators_url": "https://api.github.com/repos/myndzi/wtfnode/collaborators{/collaborator}",       "teams_url": "https://api.github.com/repos/myndzi/wtfnode/teams",       "hooks_url": "https://api.github.com/repos/myndzi/wtfnode/hooks",       "issue_events_url": "https://api.github.com/repos/myndzi/wtfnode/issues/events{/number}",       "events_url": "https://api.github.com/repos/myndzi/wtfnode/events",       "assignees_url": "https://api.github.com/repos/myndzi/wtfnode/assignees{/user}",       "branches_url": "https://api.github.com/repos/myndzi/wtfnode/branches{/branch}",       "tags_url": "https://api.github.com/repos/myndzi/wtfnode/tags",       "blobs_url": "https://api.github.com/repos/myndzi/wtfnode/git/blobs{/sha}",       "git_tags_url": "https://api.github.com/repos/myndzi/wtfnode/git/tags{/sha}",       "git_refs_url": "https://api.github.com/repos/myndzi/wtfnode/git/refs{/sha}",       "trees_url": "https://api.github.com/repos/myndzi/wtfnode/git/trees{/sha}",       "statuses_url": "https://api.github.com/repos/myndzi/wtfnode/statuses/{sha}",       "languages_url": "https://api.github.com/repos/myndzi/wtfnode/languages",       "stargazers_url": "https://api.github.com/repos/myndzi/wtfnode/stargazers",       "contributors_url": "https://api.github.com/repos/myndzi/wtfnode/contributors",       "subscribers_url": "https://api.github.com/repos/myndzi/wtfnode/subscribers",       "subscription_url": "https://api.github.com/repos/myndzi/wtfnode/subscription",       "commits_url": "https://api.github.com/repos/myndzi/wtfnode/commits{/sha}",       "git_commits_url": "https://api.github.com/repos/myndzi/wtfnode/git/commits{/sha}",       "comments_url": "https://api.github.com/repos/myndzi/wtfnode/comments{/number}",       "issue_comment_url": "https://api.github.com/repos/myndzi/wtfnode/issues/comments{/number}",       "contents_url": "https://api.github.com/repos/myndzi/wtfnode/contents/{+path}",       "compare_url": "https://api.github.com/repos/myndzi/wtfnode/compare/{base}...{head}",       "merges_url": "https://api.github.com/repos/myndzi/wtfnode/merges",       "archive_url": "https://api.github.com/repos/myndzi/wtfnode/{archive_format}{/ref}",       "downloads_url": "https://api.github.com/repos/myndzi/wtfnode/downloads",       "issues_url": "https://api.github.com/repos/myndzi/wtfnode/issues{/number}",       "pulls_url": "https://api.github.com/repos/myndzi/wtfnode/pulls{/number}",       "milestones_url": "https://api.github.com/repos/myndzi/wtfnode/milestones{/number}",       "notifications_url": "https://api.github.com/repos/myndzi/wtfnode/notifications{?since,all,participating}",       "labels_url": "https://api.github.com/repos/myndzi/wtfnode/labels{/name}",       "releases_url": "https://api.github.com/repos/myndzi/wtfnode/releases{/id}",       "deployments_url": "https://api.github.com/repos/myndzi/wtfnode/deployments",       "created_at": "2015-05-05T19:42:42Z",       "updated_at": "2019-01-23T23:23:20Z",       "pushed_at": "2019-01-15T03:26:56Z",       "git_url": "git://github.com/myndzi/wtfnode.git",       "ssh_url": "git@github.com:myndzi/wtfnode.git",       "clone_url": "https://github.com/myndzi/wtfnode.git",       "svn_url": "https://github.com/myndzi/wtfnode",       "homepage": null,       "size": 59,       "stargazers_count": 237,       "watchers_count": 237,       "language": "JavaScript",       "has_issues": true,       "has_projects": true,       "has_downloads": true,       "has_wiki": true,       "has_pages": false,       "forks_count": 14,       "mirror_url": null,       "archived": false,       "open_issues_count": 0,       "license": null,       "forks": 14,       "open_issues": 0,       "watchers": 237,       "default_branch": "master",       "score": 51.349365     },     {       "id": 539003,       "node_id": "MDEwOlJlcG9zaXRvcnk1MzkwMDM=",       "name": "jquery-outside-events",       "full_name": "cowboy/jquery-outside-events",       "private": false,       "owner": {         "login": "cowboy",         "id": 54051,         "node_id": "MDQ6VXNlcjU0MDUx",         "avatar_url": "https://avatars0.githubusercontent.com/u/54051?v=4",         "gravatar_id": "",         "url": "https://api.github.com/users/cowboy",         "html_url": "https://github.com/cowboy",         "followers_url": "https://api.github.com/users/cowboy/followers",         "following_url": "https://api.github.com/users/cowboy/following{/other_user}",         "gists_url": "https://api.github.com/users/cowboy/gists{/gist_id}",         "starred_url": "https://api.github.com/users/cowboy/starred{/owner}{/repo}",         "subscriptions_url": "https://api.github.com/users/cowboy/subscriptions",         "organizations_url": "https://api.github.com/users/cowboy/orgs",         "repos_url": "https://api.github.com/users/cowboy/repos",         "events_url": "https://api.github.com/users/cowboy/events{/privacy}",         "received_events_url": "https://api.github.com/users/cowboy/received_events",         "type": "User",         "site_admin": false       },       "html_url": "https://github.com/cowboy/jquery-outside-events",       "description": "Why trigger an event on something, when you can trigger it on everything else?",       "fork": false,       "url": "https://api.github.com/repos/cowboy/jquery-outside-events",       "forks_url": "https://api.github.com/repos/cowboy/jquery-outside-events/forks",       "keys_url": "https://api.github.com/repos/cowboy/jquery-outside-events/keys{/key_id}",       "collaborators_url": "https://api.github.com/repos/cowboy/jquery-outside-events/collaborators{/collaborator}",       "teams_url": "https://api.github.com/repos/cowboy/jquery-outside-events/teams",       "hooks_url": "https://api.github.com/repos/cowboy/jquery-outside-events/hooks",       "issue_events_url": "https://api.github.com/repos/cowboy/jquery-outside-events/issues/events{/number}",       "events_url": "https://api.github.com/repos/cowboy/jquery-outside-events/events",       "assignees_url": "https://api.github.com/repos/cowboy/jquery-outside-events/assignees{/user}",       "branches_url": "https://api.github.com/repos/cowboy/jquery-outside-events/branches{/branch}",       "tags_url": "https://api.github.com/repos/cowboy/jquery-outside-events/tags",       "blobs_url": "https://api.github.com/repos/cowboy/jquery-outside-events/git/blobs{/sha}",       "git_tags_url": "https://api.github.com/repos/cowboy/jquery-outside-events/git/tags{/sha}",       "git_refs_url": "https://api.github.com/repos/cowboy/jquery-outside-events/git/refs{/sha}",       "trees_url": "https://api.github.com/repos/cowboy/jquery-outside-events/git/trees{/sha}",       "statuses_url": "https://api.github.com/repos/cowboy/jquery-outside-events/statuses/{sha}",       "languages_url": "https://api.github.com/repos/cowboy/jquery-outside-events/languages",       "stargazers_url": "https://api.github.com/repos/cowboy/jquery-outside-events/stargazers",       "contributors_url": "https://api.github.com/repos/cowboy/jquery-outside-events/contributors",       "subscribers_url": "https://api.github.com/repos/cowboy/jquery-outside-events/subscribers",       "subscription_url": "https://api.github.com/repos/cowboy/jquery-outside-events/subscription",       "commits_url": "https://api.github.com/repos/cowboy/jquery-outside-events/commits{/sha}",       "git_commits_url": "https://api.github.com/repos/cowboy/jquery-outside-events/git/commits{/sha}",       "comments_url": "https://api.github.com/repos/cowboy/jquery-outside-events/comments{/number}",       "issue_comment_url": "https://api.github.com/repos/cowboy/jquery-outside-events/issues/comments{/number}",       "contents_url": "https://api.github.com/repos/cowboy/jquery-outside-events/contents/{+path}",       "compare_url": "https://api.github.com/repos/cowboy/jquery-outside-events/compare/{base}...{head}",       "merges_url": "https://api.github.com/repos/cowboy/jquery-outside-events/merges",       "archive_url": "https://api.github.com/repos/cowboy/jquery-outside-events/{archive_format}{/ref}",       "downloads_url": "https://api.github.com/repos/cowboy/jquery-outside-events/downloads",       "issues_url": "https://api.github.com/repos/cowboy/jquery-outside-events/issues{/number}",       "pulls_url": "https://api.github.com/repos/cowboy/jquery-outside-events/pulls{/number}",       "milestones_url": "https://api.github.com/repos/cowboy/jquery-outside-events/milestones{/number}",       "notifications_url": "https://api.github.com/repos/cowboy/jquery-outside-events/notifications{?since,all,participating}",       "labels_url": "https://api.github.com/repos/cowboy/jquery-outside-events/labels{/name}",       "releases_url": "https://api.github.com/repos/cowboy/jquery-outside-events/releases{/id}",       "deployments_url": "https://api.github.com/repos/cowboy/jquery-outside-events/deployments",       "created_at": "2010-02-27T19:56:14Z",       "updated_at": "2019-01-23T22:10:28Z",       "pushed_at": "2016-04-03T09:27:45Z",       "git_url": "git://github.com/cowboy/jquery-outside-events.git",       "ssh_url": "git@github.com:cowboy/jquery-outside-events.git",       "clone_url": "https://github.com/cowboy/jquery-outside-events.git",       "svn_url": "https://github.com/cowboy/jquery-outside-events",       "homepage": "http://benalman.com/projects/jquery-clickoutside-plugin/",       "size": 320,       "stargazers_count": 236,       "watchers_count": 236,       "language": "JavaScript",       "has_issues": true,       "has_projects": true,       "has_downloads": true,       "has_wiki": true,       "has_pages": false,       "forks_count": 44,       "mirror_url": null,       "archived": false,       "open_issues_count": 10,       "license": {         "key": "other",         "name": "Other",         "spdx_id": "NOASSERTION",         "url": null,         "node_id": "MDc6TGljZW5zZTA="       },       "forks": 44,       "open_issues": 10,       "watchers": 236,       "default_branch": "master",       "score": 49.76519     },     {       "id": 124265580,       "node_id": "MDEwOlJlcG9zaXRvcnkxMjQyNjU1ODA=",       "name": "Viewpager-Transformation",       "full_name": "dipanshukr/Viewpager-Transformation",       "private": false,       "owner": {         "login": "dipanshukr",         "id": 29334373,         "node_id": "MDQ6VXNlcjI5MzM0Mzcz",         "avatar_url": "https://avatars3.githubusercontent.com/u/29334373?v=4",         "gravatar_id": "",         "url": "https://api.github.com/users/dipanshukr",         "html_url": "https://github.com/dipanshukr",         "followers_url": "https://api.github.com/users/dipanshukr/followers",         "following_url": "https://api.github.com/users/dipanshukr/following{/other_user}",         "gists_url": "https://api.github.com/users/dipanshukr/gists{/gist_id}",         "starred_url": "https://api.github.com/users/dipanshukr/starred{/owner}{/repo}",         "subscriptions_url": "https://api.github.com/users/dipanshukr/subscriptions",         "organizations_url": "https://api.github.com/users/dipanshukr/orgs",         "repos_url": "https://api.github.com/users/dipanshukr/repos",         "events_url": "https://api.github.com/users/dipanshukr/events{/privacy}",         "received_events_url": "https://api.github.com/users/dipanshukr/received_events",         "type": "User",         "site_admin": false       },       "html_url": "https://github.com/dipanshukr/Viewpager-Transformation",       "description": "Why use dependencies when you create your own transformations for Viewpager ?",       "fork": false,       "url": "https://api.github.com/repos/dipanshukr/Viewpager-Transformation",       "forks_url": "https://api.github.com/repos/dipanshukr/Viewpager-Transformation/forks",       "keys_url": "https://api.github.com/repos/dipanshukr/Viewpager-Transformation/keys{/key_id}",       "collaborators_url": "https://api.github.com/repos/dipanshukr/Viewpager-Transformation/collaborators{/collaborator}",       "teams_url": "https://api.github.com/repos/dipanshukr/Viewpager-Transformation/teams",       "hooks_url": "https://api.github.com/repos/dipanshukr/Viewpager-Transformation/hooks",       "issue_events_url": "https://api.github.com/repos/dipanshukr/Viewpager-Transformation/issues/events{/number}",       "events_url": "https://api.github.com/repos/dipanshukr/Viewpager-Transformation/events",       "assignees_url": "https://api.github.com/repos/dipanshukr/Viewpager-Transformation/assignees{/user}",       "branches_url": "https://api.github.com/repos/dipanshukr/Viewpager-Transformation/branches{/branch}",       "tags_url": "https://api.github.com/repos/dipanshukr/Viewpager-Transformation/tags",       "blobs_url": "https://api.github.com/repos/dipanshukr/Viewpager-Transformation/git/blobs{/sha}",       "git_tags_url": "https://api.github.com/repos/dipanshukr/Viewpager-Transformation/git/tags{/sha}",       "git_refs_url": "https://api.github.com/repos/dipanshukr/Viewpager-Transformation/git/refs{/sha}",       "trees_url": "https://api.github.com/repos/dipanshukr/Viewpager-Transformation/git/trees{/sha}",       "statuses_url": "https://api.github.com/repos/dipanshukr/Viewpager-Transformation/statuses/{sha}",       "languages_url": "https://api.github.com/repos/dipanshukr/Viewpager-Transformation/languages",       "stargazers_url": "https://api.github.com/repos/dipanshukr/Viewpager-Transformation/stargazers",       "contributors_url": "https://api.github.com/repos/dipanshukr/Viewpager-Transformation/contributors",       "subscribers_url": "https://api.github.com/repos/dipanshukr/Viewpager-Transformation/subscribers",       "subscription_url": "https://api.github.com/repos/dipanshukr/Viewpager-Transformation/subscription",       "commits_url": "https://api.github.com/repos/dipanshukr/Viewpager-Transformation/commits{/sha}",       "git_commits_url": "https://api.github.com/repos/dipanshukr/Viewpager-Transformation/git/commits{/sha}",       "comments_url": "https://api.github.com/repos/dipanshukr/Viewpager-Transformation/comments{/number}",       "issue_comment_url": "https://api.github.com/repos/dipanshukr/Viewpager-Transformation/issues/comments{/number}",       "contents_url": "https://api.github.com/repos/dipanshukr/Viewpager-Transformation/contents/{+path}",       "compare_url": "https://api.github.com/repos/dipanshukr/Viewpager-Transformation/compare/{base}...{head}",       "merges_url": "https://api.github.com/repos/dipanshukr/Viewpager-Transformation/merges",       "archive_url": "https://api.github.com/repos/dipanshukr/Viewpager-Transformation/{archive_format}{/ref}",       "downloads_url": "https://api.github.com/repos/dipanshukr/Viewpager-Transformation/downloads",       "issues_url": "https://api.github.com/repos/dipanshukr/Viewpager-Transformation/issues{/number}",       "pulls_url": "https://api.github.com/repos/dipanshukr/Viewpager-Transformation/pulls{/number}",       "milestones_url": "https://api.github.com/repos/dipanshukr/Viewpager-Transformation/milestones{/number}",       "notifications_url": "https://api.github.com/repos/dipanshukr/Viewpager-Transformation/notifications{?since,all,participating}",       "labels_url": "https://api.github.com/repos/dipanshukr/Viewpager-Transformation/labels{/name}",       "releases_url": "https://api.github.com/repos/dipanshukr/Viewpager-Transformation/releases{/id}",       "deployments_url": "https://api.github.com/repos/dipanshukr/Viewpager-Transformation/deployments",       "created_at": "2018-03-07T16:45:42Z",       "updated_at": "2019-01-27T11:19:10Z",       "pushed_at": "2018-06-21T07:17:59Z",       "git_url": "git://github.com/dipanshukr/Viewpager-Transformation.git",       "ssh_url": "git@github.com:dipanshukr/Viewpager-Transformation.git",       "clone_url": "https://github.com/dipanshukr/Viewpager-Transformation.git",       "svn_url": "https://github.com/dipanshukr/Viewpager-Transformation",       "homepage": "",       "size": 181654,       "stargazers_count": 230,       "watchers_count": 230,       "language": "Java",       "has_issues": true,       "has_projects": true,       "has_downloads": true,       "has_wiki": true,       "has_pages": true,       "forks_count": 44,       "mirror_url": null,       "archived": false,       "open_issues_count": 1,       "license": null,       "forks": 44,       "open_issues": 1,       "watchers": 230,       "default_branch": "master",       "score": 49.989525     },     {       "id": 17420185,       "node_id": "MDEwOlJlcG9zaXRvcnkxNzQyMDE4NQ==",       "name": "enemy-of-the-state",       "full_name": "jspahrsummers/enemy-of-the-state",       "private": false,       "owner": {         "login": "jspahrsummers",         "id": 432536,         "node_id": "MDQ6VXNlcjQzMjUzNg==",         "avatar_url": "https://avatars0.githubusercontent.com/u/432536?v=4",         "gravatar_id": "",         "url": "https://api.github.com/users/jspahrsummers",         "html_url": "https://github.com/jspahrsummers",         "followers_url": "https://api.github.com/users/jspahrsummers/followers",         "following_url": "https://api.github.com/users/jspahrsummers/following{/other_user}",         "gists_url": "https://api.github.com/users/jspahrsummers/gists{/gist_id}",         "starred_url": "https://api.github.com/users/jspahrsummers/starred{/owner}{/repo}",         "subscriptions_url": "https://api.github.com/users/jspahrsummers/subscriptions",         "organizations_url": "https://api.github.com/users/jspahrsummers/orgs",         "repos_url": "https://api.github.com/users/jspahrsummers/repos",         "events_url": "https://api.github.com/users/jspahrsummers/events{/privacy}",         "received_events_url": "https://api.github.com/users/jspahrsummers/received_events",         "type": "User",         "site_admin": false       },       "html_url": "https://github.com/jspahrsummers/enemy-of-the-state",       "description": "My talk explaining what state is and why it's so harmful",       "fork": false,       "url": "https://api.github.com/repos/jspahrsummers/enemy-of-the-state",       "forks_url": "https://api.github.com/repos/jspahrsummers/enemy-of-the-state/forks",       "keys_url": "https://api.github.com/repos/jspahrsummers/enemy-of-the-state/keys{/key_id}",       "collaborators_url": "https://api.github.com/repos/jspahrsummers/enemy-of-the-state/collaborators{/collaborator}",       "teams_url": "https://api.github.com/repos/jspahrsummers/enemy-of-the-state/teams",       "hooks_url": "https://api.github.com/repos/jspahrsummers/enemy-of-the-state/hooks",       "issue_events_url": "https://api.github.com/repos/jspahrsummers/enemy-of-the-state/issues/events{/number}",       "events_url": "https://api.github.com/repos/jspahrsummers/enemy-of-the-state/events",       "assignees_url": "https://api.github.com/repos/jspahrsummers/enemy-of-the-state/assignees{/user}",       "branches_url": "https://api.github.com/repos/jspahrsummers/enemy-of-the-state/branches{/branch}",       "tags_url": "https://api.github.com/repos/jspahrsummers/enemy-of-the-state/tags",       "blobs_url": "https://api.github.com/repos/jspahrsummers/enemy-of-the-state/git/blobs{/sha}",       "git_tags_url": "https://api.github.com/repos/jspahrsummers/enemy-of-the-state/git/tags{/sha}",       "git_refs_url": "https://api.github.com/repos/jspahrsummers/enemy-of-the-state/git/refs{/sha}",       "trees_url": "https://api.github.com/repos/jspahrsummers/enemy-of-the-state/git/trees{/sha}",       "statuses_url": "https://api.github.com/repos/jspahrsummers/enemy-of-the-state/statuses/{sha}",       "languages_url": "https://api.github.com/repos/jspahrsummers/enemy-of-the-state/languages",       "stargazers_url": "https://api.github.com/repos/jspahrsummers/enemy-of-the-state/stargazers",       "contributors_url": "https://api.github.com/repos/jspahrsummers/enemy-of-the-state/contributors",       "subscribers_url": "https://api.github.com/repos/jspahrsummers/enemy-of-the-state/subscribers",       "subscription_url": "https://api.github.com/repos/jspahrsummers/enemy-of-the-state/subscription",       "commits_url": "https://api.github.com/repos/jspahrsummers/enemy-of-the-state/commits{/sha}",       "git_commits_url": "https://api.github.com/repos/jspahrsummers/enemy-of-the-state/git/commits{/sha}",       "comments_url": "https://api.github.com/repos/jspahrsummers/enemy-of-the-state/comments{/number}",       "issue_comment_url": "https://api.github.com/repos/jspahrsummers/enemy-of-the-state/issues/comments{/number}",       "contents_url": "https://api.github.com/repos/jspahrsummers/enemy-of-the-state/contents/{+path}",       "compare_url": "https://api.github.com/repos/jspahrsummers/enemy-of-the-state/compare/{base}...{head}",       "merges_url": "https://api.github.com/repos/jspahrsummers/enemy-of-the-state/merges",       "archive_url": "https://api.github.com/repos/jspahrsummers/enemy-of-the-state/{archive_format}{/ref}",       "downloads_url": "https://api.github.com/repos/jspahrsummers/enemy-of-the-state/downloads",       "issues_url": "https://api.github.com/repos/jspahrsummers/enemy-of-the-state/issues{/number}",       "pulls_url": "https://api.github.com/repos/jspahrsummers/enemy-of-the-state/pulls{/number}",       "milestones_url": "https://api.github.com/repos/jspahrsummers/enemy-of-the-state/milestones{/number}",       "notifications_url": "https://api.github.com/repos/jspahrsummers/enemy-of-the-state/notifications{?since,all,participating}",       "labels_url": "https://api.github.com/repos/jspahrsummers/enemy-of-the-state/labels{/name}",       "releases_url": "https://api.github.com/repos/jspahrsummers/enemy-of-the-state/releases{/id}",       "deployments_url": "https://api.github.com/repos/jspahrsummers/enemy-of-the-state/deployments",       "created_at": "2014-03-04T22:49:56Z",       "updated_at": "2018-12-26T21:07:06Z",       "pushed_at": "2017-07-26T14:26:39Z",       "git_url": "git://github.com/jspahrsummers/enemy-of-the-state.git",       "ssh_url": "git@github.com:jspahrsummers/enemy-of-the-state.git",       "clone_url": "https://github.com/jspahrsummers/enemy-of-the-state.git",       "svn_url": "https://github.com/jspahrsummers/enemy-of-the-state",       "homepage": "",       "size": 46901,       "stargazers_count": 208,       "watchers_count": 208,       "language": "Swift",       "has_issues": true,       "has_projects": true,       "has_downloads": true,       "has_wiki": false,       "has_pages": false,       "forks_count": 16,       "mirror_url": null,       "archived": false,       "open_issues_count": 1,       "license": {         "key": "other",         "name": "Other",         "spdx_id": "NOASSERTION",         "url": null,         "node_id": "MDc6TGljZW5zZTA="       },       "forks": 16,       "open_issues": 1,       "watchers": 208,       "default_branch": "master",       "score": 42.188488     },     {       "id": 93794235,       "node_id": "MDEwOlJlcG9zaXRvcnk5Mzc5NDIzNQ==",       "name": "drop_watch",       "full_name": "pavel-odintsov/drop_watch",       "private": false,       "owner": {         "login": "pavel-odintsov",         "id": 2744166,         "node_id": "MDQ6VXNlcjI3NDQxNjY=",         "avatar_url": "https://avatars0.githubusercontent.com/u/2744166?v=4",         "gravatar_id": "",         "url": "https://api.github.com/users/pavel-odintsov",         "html_url": "https://github.com/pavel-odintsov",         "followers_url": "https://api.github.com/users/pavel-odintsov/followers",         "following_url": "https://api.github.com/users/pavel-odintsov/following{/other_user}",         "gists_url": "https://api.github.com/users/pavel-odintsov/gists{/gist_id}",         "starred_url": "https://api.github.com/users/pavel-odintsov/starred{/owner}{/repo}",         "subscriptions_url": "https://api.github.com/users/pavel-odintsov/subscriptions",         "organizations_url": "https://api.github.com/users/pavel-odintsov/orgs",         "repos_url": "https://api.github.com/users/pavel-odintsov/repos",         "events_url": "https://api.github.com/users/pavel-odintsov/events{/privacy}",         "received_events_url": "https://api.github.com/users/pavel-odintsov/received_events",         "type": "User",         "site_admin": false       },       "html_url": "https://github.com/pavel-odintsov/drop_watch",       "description": "Monitor reasons why and where linux drops UDP packets",       "fork": false,       "url": "https://api.github.com/repos/pavel-odintsov/drop_watch",       "forks_url": "https://api.github.com/repos/pavel-odintsov/drop_watch/forks",       "keys_url": "https://api.github.com/repos/pavel-odintsov/drop_watch/keys{/key_id}",       "collaborators_url": "https://api.github.com/repos/pavel-odintsov/drop_watch/collaborators{/collaborator}",       "teams_url": "https://api.github.com/repos/pavel-odintsov/drop_watch/teams",       "hooks_url": "https://api.github.com/repos/pavel-odintsov/drop_watch/hooks",       "issue_events_url": "https://api.github.com/repos/pavel-odintsov/drop_watch/issues/events{/number}",       "events_url": "https://api.github.com/repos/pavel-odintsov/drop_watch/events",       "assignees_url": "https://api.github.com/repos/pavel-odintsov/drop_watch/assignees{/user}",       "branches_url": "https://api.github.com/repos/pavel-odintsov/drop_watch/branches{/branch}",       "tags_url": "https://api.github.com/repos/pavel-odintsov/drop_watch/tags",       "blobs_url": "https://api.github.com/repos/pavel-odintsov/drop_watch/git/blobs{/sha}",       "git_tags_url": "https://api.github.com/repos/pavel-odintsov/drop_watch/git/tags{/sha}",       "git_refs_url": "https://api.github.com/repos/pavel-odintsov/drop_watch/git/refs{/sha}",       "trees_url": "https://api.github.com/repos/pavel-odintsov/drop_watch/git/trees{/sha}",       "statuses_url": "https://api.github.com/repos/pavel-odintsov/drop_watch/statuses/{sha}",       "languages_url": "https://api.github.com/repos/pavel-odintsov/drop_watch/languages",       "stargazers_url": "https://api.github.com/repos/pavel-odintsov/drop_watch/stargazers",       "contributors_url": "https://api.github.com/repos/pavel-odintsov/drop_watch/contributors",       "subscribers_url": "https://api.github.com/repos/pavel-odintsov/drop_watch/subscribers",       "subscription_url": "https://api.github.com/repos/pavel-odintsov/drop_watch/subscription",       "commits_url": "https://api.github.com/repos/pavel-odintsov/drop_watch/commits{/sha}",       "git_commits_url": "https://api.github.com/repos/pavel-odintsov/drop_watch/git/commits{/sha}",       "comments_url": "https://api.github.com/repos/pavel-odintsov/drop_watch/comments{/number}",       "issue_comment_url": "https://api.github.com/repos/pavel-odintsov/drop_watch/issues/comments{/number}",       "contents_url": "https://api.github.com/repos/pavel-odintsov/drop_watch/contents/{+path}",       "compare_url": "https://api.github.com/repos/pavel-odintsov/drop_watch/compare/{base}...{head}",       "merges_url": "https://api.github.com/repos/pavel-odintsov/drop_watch/merges",       "archive_url": "https://api.github.com/repos/pavel-odintsov/drop_watch/{archive_format}{/ref}",       "downloads_url": "https://api.github.com/repos/pavel-odintsov/drop_watch/downloads",       "issues_url": "https://api.github.com/repos/pavel-odintsov/drop_watch/issues{/number}",       "pulls_url": "https://api.github.com/repos/pavel-odintsov/drop_watch/pulls{/number}",       "milestones_url": "https://api.github.com/repos/pavel-odintsov/drop_watch/milestones{/number}",       "notifications_url": "https://api.github.com/repos/pavel-odintsov/drop_watch/notifications{?since,all,participating}",       "labels_url": "https://api.github.com/repos/pavel-odintsov/drop_watch/labels{/name}",       "releases_url": "https://api.github.com/repos/pavel-odintsov/drop_watch/releases{/id}",       "deployments_url": "https://api.github.com/repos/pavel-odintsov/drop_watch/deployments",       "created_at": "2017-06-08T21:43:00Z",       "updated_at": "2019-01-28T14:39:16Z",       "pushed_at": "2017-10-12T20:13:24Z",       "git_url": "git://github.com/pavel-odintsov/drop_watch.git",       "ssh_url": "git@github.com:pavel-odintsov/drop_watch.git",       "clone_url": "https://github.com/pavel-odintsov/drop_watch.git",       "svn_url": "https://github.com/pavel-odintsov/drop_watch",       "homepage": "",       "size": 153,       "stargazers_count": 183,       "watchers_count": 183,       "language": "C",       "has_issues": true,       "has_projects": true,       "has_downloads": true,       "has_wiki": true,       "has_pages": false,       "forks_count": 20,       "mirror_url": null,       "archived": false,       "open_issues_count": 0,       "license": {         "key": "gpl-2.0",         "name": "GNU General Public License v2.0",         "spdx_id": "GPL-2.0",         "url": "https://api.github.com/licenses/gpl-2.0",         "node_id": "MDc6TGljZW5zZTg="       },       "forks": 20,       "open_issues": 0,       "watchers": 183,       "default_branch": "master",       "score": 53.154987     }   ] }  [] []
[2019-01-29 14:44:54] name.WARNING: Array [] []
[2019-01-29 14:45:16] name.WARNING: Something is [] []
[2019-01-29 14:45:16] name.WARNING: {   "total_count": 12470,   "incomplete_results": false,   "items": [     {       "id": 58605580,       "node_id": "MDEwOlJlcG9zaXRvcnk1ODYwNTU4MA==",       "name": "why-did-you-update",       "full_name": "garbles/why-did-you-update",       "private": false,       "owner": {         "login": "garbles",         "id": 1139884,         "node_id": "MDQ6VXNlcjExMzk4ODQ=",         "avatar_url": "https://avatars1.githubusercontent.com/u/1139884?v=4",         "gravatar_id": "",         "url": "https://api.github.com/users/garbles",         "html_url": "https://github.com/garbles",         "followers_url": "https://api.github.com/users/garbles/followers",         "following_url": "https://api.github.com/users/garbles/following{/other_user}",         "gists_url": "https://api.github.com/users/garbles/gists{/gist_id}",         "starred_url": "https://api.github.com/users/garbles/starred{/owner}{/repo}",         "subscriptions_url": "https://api.github.com/users/garbles/subscriptions",         "organizations_url": "https://api.github.com/users/garbles/orgs",         "repos_url": "https://api.github.com/users/garbles/repos",         "events_url": "https://api.github.com/users/garbles/events{/privacy}",         "received_events_url": "https://api.github.com/users/garbles/received_events",         "type": "User",         "site_admin": false       },       "html_url": "https://github.com/garbles/why-did-you-update",       "description": ":boom: Puts your console on blast when React is making unnecessary updates.",       "fork": false,       "url": "https://api.github.com/repos/garbles/why-did-you-update",       "forks_url": "https://api.github.com/repos/garbles/why-did-you-update/forks",       "keys_url": "https://api.github.com/repos/garbles/why-did-you-update/keys{/key_id}",       "collaborators_url": "https://api.github.com/repos/garbles/why-did-you-update/collaborators{/collaborator}",       "teams_url": "https://api.github.com/repos/garbles/why-did-you-update/teams",       "hooks_url": "https://api.github.com/repos/garbles/why-did-you-update/hooks",       "issue_events_url": "https://api.github.com/repos/garbles/why-did-you-update/issues/events{/number}",       "events_url": "https://api.github.com/repos/garbles/why-did-you-update/events",       "assignees_url": "https://api.github.com/repos/garbles/why-did-you-update/assignees{/user}",       "branches_url": "https://api.github.com/repos/garbles/why-did-you-update/branches{/branch}",       "tags_url": "https://api.github.com/repos/garbles/why-did-you-update/tags",       "blobs_url": "https://api.github.com/repos/garbles/why-did-you-update/git/blobs{/sha}",       "git_tags_url": "https://api.github.com/repos/garbles/why-did-you-update/git/tags{/sha}",       "git_refs_url": "https://api.github.com/repos/garbles/why-did-you-update/git/refs{/sha}",       "trees_url": "https://api.github.com/repos/garbles/why-did-you-update/git/trees{/sha}",       "statuses_url": "https://api.github.com/repos/garbles/why-did-you-update/statuses/{sha}",       "languages_url": "https://api.github.com/repos/garbles/why-did-you-update/languages",       "stargazers_url": "https://api.github.com/repos/garbles/why-did-you-update/stargazers",       "contributors_url": "https://api.github.com/repos/garbles/why-did-you-update/contributors",       "subscribers_url": "https://api.github.com/repos/garbles/why-did-you-update/subscribers",       "subscription_url": "https://api.github.com/repos/garbles/why-did-you-update/subscription",       "commits_url": "https://api.github.com/repos/garbles/why-did-you-update/commits{/sha}",       "git_commits_url": "https://api.github.com/repos/garbles/why-did-you-update/git/commits{/sha}",       "comments_url": "https://api.github.com/repos/garbles/why-did-you-update/comments{/number}",       "issue_comment_url": "https://api.github.com/repos/garbles/why-did-you-update/issues/comments{/number}",       "contents_url": "https://api.github.com/repos/garbles/why-did-you-update/contents/{+path}",       "compare_url": "https://api.github.com/repos/garbles/why-did-you-update/compare/{base}...{head}",       "merges_url": "https://api.github.com/repos/garbles/why-did-you-update/merges",       "archive_url": "https://api.github.com/repos/garbles/why-did-you-update/{archive_format}{/ref}",       "downloads_url": "https://api.github.com/repos/garbles/why-did-you-update/downloads",       "issues_url": "https://api.github.com/repos/garbles/why-did-you-update/issues{/number}",       "pulls_url": "https://api.github.com/repos/garbles/why-did-you-update/pulls{/number}",       "milestones_url": "https://api.github.com/repos/garbles/why-did-you-update/milestones{/number}",       "notifications_url": "https://api.github.com/repos/garbles/why-did-you-update/notifications{?since,all,participating}",       "labels_url": "https://api.github.com/repos/garbles/why-did-you-update/labels{/name}",       "releases_url": "https://api.github.com/repos/garbles/why-did-you-update/releases{/id}",       "deployments_url": "https://api.github.com/repos/garbles/why-did-you-update/deployments",       "created_at": "2016-05-12T03:49:06Z",       "updated_at": "2019-01-28T21:53:29Z",       "pushed_at": "2017-09-23T05:54:19Z",       "git_url": "git://github.com/garbles/why-did-you-update.git",       "ssh_url": "git@github.com:garbles/why-did-you-update.git",       "clone_url": "https://github.com/garbles/why-did-you-update.git",       "svn_url": "https://github.com/garbles/why-did-you-update",       "homepage": null,       "size": 29,       "stargazers_count": 5177,       "watchers_count": 5177,       "language": "JavaScript",       "has_issues": true,       "has_projects": true,       "has_downloads": true,       "has_wiki": true,       "has_pages": false,       "forks_count": 112,       "mirror_url": null,       "archived": true,       "open_issues_count": 28,       "license": null,       "forks": 112,       "open_issues": 28,       "watchers": 5177,       "default_branch": "master",       "score": 102.168686     },     {       "id": 97779740,       "node_id": "MDEwOlJlcG9zaXRvcnk5Nzc3OTc0MA==",       "name": "why-did-you-update",       "full_name": "maicki/why-did-you-update",       "private": false,       "owner": {         "login": "maicki",         "id": 25288,         "node_id": "MDQ6VXNlcjI1Mjg4",         "avatar_url": "https://avatars1.githubusercontent.com/u/25288?v=4",         "gravatar_id": "",         "url": "https://api.github.com/users/maicki",         "html_url": "https://github.com/maicki",         "followers_url": "https://api.github.com/users/maicki/followers",         "following_url": "https://api.github.com/users/maicki/following{/other_user}",         "gists_url": "https://api.github.com/users/maicki/gists{/gist_id}",         "starred_url": "https://api.github.com/users/maicki/starred{/owner}{/repo}",         "subscriptions_url": "https://api.github.com/users/maicki/subscriptions",         "organizations_url": "https://api.github.com/users/maicki/orgs",         "repos_url": "https://api.github.com/users/maicki/repos",         "events_url": "https://api.github.com/users/maicki/events{/privacy}",         "received_events_url": "https://api.github.com/users/maicki/received_events",         "type": "User",         "site_admin": false       },       "html_url": "https://github.com/maicki/why-did-you-update",       "description": ":boom: Puts your console on blast when React is making unnecessary updates.",       "fork": false,       "url": "https://api.github.com/repos/maicki/why-did-you-update",       "forks_url": "https://api.github.com/repos/maicki/why-did-you-update/forks",       "keys_url": "https://api.github.com/repos/maicki/why-did-you-update/keys{/key_id}",       "collaborators_url": "https://api.github.com/repos/maicki/why-did-you-update/collaborators{/collaborator}",       "teams_url": "https://api.github.com/repos/maicki/why-did-you-update/teams",       "hooks_url": "https://api.github.com/repos/maicki/why-did-you-update/hooks",       "issue_events_url": "https://api.github.com/repos/maicki/why-did-you-update/issues/events{/number}",       "events_url": "https://api.github.com/repos/maicki/why-did-you-update/events",       "assignees_url": "https://api.github.com/repos/maicki/why-did-you-update/assignees{/user}",       "branches_url": "https://api.github.com/repos/maicki/why-did-you-update/branches{/branch}",       "tags_url": "https://api.github.com/repos/maicki/why-did-you-update/tags",       "blobs_url": "https://api.github.com/repos/maicki/why-did-you-update/git/blobs{/sha}",       "git_tags_url": "https://api.github.com/repos/maicki/why-did-you-update/git/tags{/sha}",       "git_refs_url": "https://api.github.com/repos/maicki/why-did-you-update/git/refs{/sha}",       "trees_url": "https://api.github.com/repos/maicki/why-did-you-update/git/trees{/sha}",       "statuses_url": "https://api.github.com/repos/maicki/why-did-you-update/statuses/{sha}",       "languages_url": "https://api.github.com/repos/maicki/why-did-you-update/languages",       "stargazers_url": "https://api.github.com/repos/maicki/why-did-you-update/stargazers",       "contributors_url": "https://api.github.com/repos/maicki/why-did-you-update/contributors",       "subscribers_url": "https://api.github.com/repos/maicki/why-did-you-update/subscribers",       "subscription_url": "https://api.github.com/repos/maicki/why-did-you-update/subscription",       "commits_url": "https://api.github.com/repos/maicki/why-did-you-update/commits{/sha}",       "git_commits_url": "https://api.github.com/repos/maicki/why-did-you-update/git/commits{/sha}",       "comments_url": "https://api.github.com/repos/maicki/why-did-you-update/comments{/number}",       "issue_comment_url": "https://api.github.com/repos/maicki/why-did-you-update/issues/comments{/number}",       "contents_url": "https://api.github.com/repos/maicki/why-did-you-update/contents/{+path}",       "compare_url": "https://api.github.com/repos/maicki/why-did-you-update/compare/{base}...{head}",       "merges_url": "https://api.github.com/repos/maicki/why-did-you-update/merges",       "archive_url": "https://api.github.com/repos/maicki/why-did-you-update/{archive_format}{/ref}",       "downloads_url": "https://api.github.com/repos/maicki/why-did-you-update/downloads",       "issues_url": "https://api.github.com/repos/maicki/why-did-you-update/issues{/number}",       "pulls_url": "https://api.github.com/repos/maicki/why-did-you-update/pulls{/number}",       "milestones_url": "https://api.github.com/repos/maicki/why-did-you-update/milestones{/number}",       "notifications_url": "https://api.github.com/repos/maicki/why-did-you-update/notifications{?since,all,participating}",       "labels_url": "https://api.github.com/repos/maicki/why-did-you-update/labels{/name}",       "releases_url": "https://api.github.com/repos/maicki/why-did-you-update/releases{/id}",       "deployments_url": "https://api.github.com/repos/maicki/why-did-you-update/deployments",       "created_at": "2017-07-20T02:06:12Z",       "updated_at": "2019-01-29T05:37:27Z",       "pushed_at": "2018-12-13T16:41:38Z",       "git_url": "git://github.com/maicki/why-did-you-update.git",       "ssh_url": "git@github.com:maicki/why-did-you-update.git",       "clone_url": "https://github.com/maicki/why-did-you-update.git",       "svn_url": "https://github.com/maicki/why-did-you-update",       "homepage": null,       "size": 1349,       "stargazers_count": 3040,       "watchers_count": 3040,       "language": "JavaScript",       "has_issues": true,       "has_projects": true,       "has_downloads": true,       "has_wiki": true,       "has_pages": false,       "forks_count": 89,       "mirror_url": null,       "archived": false,       "open_issues_count": 4,       "license": {         "key": "mit",         "name": "MIT License",         "spdx_id": "MIT",         "url": "https://api.github.com/licenses/mit",         "node_id": "MDc6TGljZW5zZTEz"       },       "forks": 89,       "open_issues": 4,       "watchers": 3040,       "default_branch": "master",       "score": 97.464035     },     {       "id": 47007090,       "node_id": "MDEwOlJlcG9zaXRvcnk0NzAwNzA5MA==",       "name": "react-native-nba-app",       "full_name": "wwayne/react-native-nba-app",       "private": false,       "owner": {         "login": "wwayne",         "id": 5305874,         "node_id": "MDQ6VXNlcjUzMDU4NzQ=",         "avatar_url": "https://avatars1.githubusercontent.com/u/5305874?v=4",         "gravatar_id": "",         "url": "https://api.github.com/users/wwayne",         "html_url": "https://github.com/wwayne",         "followers_url": "https://api.github.com/users/wwayne/followers",         "following_url": "https://api.github.com/users/wwayne/following{/other_user}",         "gists_url": "https://api.github.com/users/wwayne/gists{/gist_id}",         "starred_url": "https://api.github.com/users/wwayne/starred{/owner}{/repo}",         "subscriptions_url": "https://api.github.com/users/wwayne/subscriptions",         "organizations_url": "https://api.github.com/users/wwayne/orgs",         "repos_url": "https://api.github.com/users/wwayne/repos",         "events_url": "https://api.github.com/users/wwayne/events{/privacy}",         "received_events_url": "https://api.github.com/users/wwayne/received_events",         "type": "User",         "site_admin": false       },       "html_url": "https://github.com/wwayne/react-native-nba-app",       "description": "This is why we play",       "fork": false,       "url": "https://api.github.com/repos/wwayne/react-native-nba-app",       "forks_url": "https://api.github.com/repos/wwayne/react-native-nba-app/forks",       "keys_url": "https://api.github.com/repos/wwayne/react-native-nba-app/keys{/key_id}",       "collaborators_url": "https://api.github.com/repos/wwayne/react-native-nba-app/collaborators{/collaborator}",       "teams_url": "https://api.github.com/repos/wwayne/react-native-nba-app/teams",       "hooks_url": "https://api.github.com/repos/wwayne/react-native-nba-app/hooks",       "issue_events_url": "https://api.github.com/repos/wwayne/react-native-nba-app/issues/events{/number}",       "events_url": "https://api.github.com/repos/wwayne/react-native-nba-app/events",       "assignees_url": "https://api.github.com/repos/wwayne/react-native-nba-app/assignees{/user}",       "branches_url": "https://api.github.com/repos/wwayne/react-native-nba-app/branches{/branch}",       "tags_url": "https://api.github.com/repos/wwayne/react-native-nba-app/tags",       "blobs_url": "https://api.github.com/repos/wwayne/react-native-nba-app/git/blobs{/sha}",       "git_tags_url": "https://api.github.com/repos/wwayne/react-native-nba-app/git/tags{/sha}",       "git_refs_url": "https://api.github.com/repos/wwayne/react-native-nba-app/git/refs{/sha}",       "trees_url": "https://api.github.com/repos/wwayne/react-native-nba-app/git/trees{/sha}",       "statuses_url": "https://api.github.com/repos/wwayne/react-native-nba-app/statuses/{sha}",       "languages_url": "https://api.github.com/repos/wwayne/react-native-nba-app/languages",       "stargazers_url": "https://api.github.com/repos/wwayne/react-native-nba-app/stargazers",       "contributors_url": "https://api.github.com/repos/wwayne/react-native-nba-app/contributors",       "subscribers_url": "https://api.github.com/repos/wwayne/react-native-nba-app/subscribers",       "subscription_url": "https://api.github.com/repos/wwayne/react-native-nba-app/subscription",       "commits_url": "https://api.github.com/repos/wwayne/react-native-nba-app/commits{/sha}",       "git_commits_url": "https://api.github.com/repos/wwayne/react-native-nba-app/git/commits{/sha}",       "comments_url": "https://api.github.com/repos/wwayne/react-native-nba-app/comments{/number}",       "issue_comment_url": "https://api.github.com/repos/wwayne/react-native-nba-app/issues/comments{/number}",       "contents_url": "https://api.github.com/repos/wwayne/react-native-nba-app/contents/{+path}",       "compare_url": "https://api.github.com/repos/wwayne/react-native-nba-app/compare/{base}...{head}",       "merges_url": "https://api.github.com/repos/wwayne/react-native-nba-app/merges",       "archive_url": "https://api.github.com/repos/wwayne/react-native-nba-app/{archive_format}{/ref}",       "downloads_url": "https://api.github.com/repos/wwayne/react-native-nba-app/downloads",       "issues_url": "https://api.github.com/repos/wwayne/react-native-nba-app/issues{/number}",       "pulls_url": "https://api.github.com/repos/wwayne/react-native-nba-app/pulls{/number}",       "milestones_url": "https://api.github.com/repos/wwayne/react-native-nba-app/milestones{/number}",       "notifications_url": "https://api.github.com/repos/wwayne/react-native-nba-app/notifications{?since,all,participating}",       "labels_url": "https://api.github.com/repos/wwayne/react-native-nba-app/labels{/name}",       "releases_url": "https://api.github.com/repos/wwayne/react-native-nba-app/releases{/id}",       "deployments_url": "https://api.github.com/repos/wwayne/react-native-nba-app/deployments",       "created_at": "2015-11-28T02:30:45Z",       "updated_at": "2019-01-29T06:24:22Z",       "pushed_at": "2017-02-07T17:42:38Z",       "git_url": "git://github.com/wwayne/react-native-nba-app.git",       "ssh_url": "git@github.com:wwayne/react-native-nba-app.git",       "clone_url": "https://github.com/wwayne/react-native-nba-app.git",       "svn_url": "https://github.com/wwayne/react-native-nba-app",       "homepage": "",       "size": 2796,       "stargazers_count": 2073,       "watchers_count": 2073,       "language": "Objective-C",       "has_issues": true,       "has_projects": true,       "has_downloads": true,       "has_wiki": true,       "has_pages": false,       "forks_count": 480,       "mirror_url": null,       "archived": false,       "open_issues_count": 8,       "license": {         "key": "mit",         "name": "MIT License",         "spdx_id": "MIT",         "url": "https://api.github.com/licenses/mit",         "node_id": "MDc6TGljZW5zZTEz"       },       "forks": 480,       "open_issues": 8,       "watchers": 2073,       "default_branch": "master",       "score": 110.83441     },     {       "id": 17720394,       "node_id": "MDEwOlJlcG9zaXRvcnkxNzcyMDM5NA==",       "name": "pyinstrument",       "full_name": "joerick/pyinstrument",       "private": false,       "owner": {         "login": "joerick",         "id": 1244307,         "node_id": "MDQ6VXNlcjEyNDQzMDc=",         "avatar_url": "https://avatars1.githubusercontent.com/u/1244307?v=4",         "gravatar_id": "",         "url": "https://api.github.com/users/joerick",         "html_url": "https://github.com/joerick",         "followers_url": "https://api.github.com/users/joerick/followers",         "following_url": "https://api.github.com/users/joerick/following{/other_user}",         "gists_url": "https://api.github.com/users/joerick/gists{/gist_id}",         "starred_url": "https://api.github.com/users/joerick/starred{/owner}{/repo}",         "subscriptions_url": "https://api.github.com/users/joerick/subscriptions",         "organizations_url": "https://api.github.com/users/joerick/orgs",         "repos_url": "https://api.github.com/users/joerick/repos",         "events_url": "https://api.github.com/users/joerick/events{/privacy}",         "received_events_url": "https://api.github.com/users/joerick/received_events",         "type": "User",         "site_admin": false       },       "html_url": "https://github.com/joerick/pyinstrument",       "description": "🚴 Call stack profiler for Python. Shows you why your code is slow!",       "fork": false,       "url": "https://api.github.com/repos/joerick/pyinstrument",       "forks_url": "https://api.github.com/repos/joerick/pyinstrument/forks",       "keys_url": "https://api.github.com/repos/joerick/pyinstrument/keys{/key_id}",       "collaborators_url": "https://api.github.com/repos/joerick/pyinstrument/collaborators{/collaborator}",       "teams_url": "https://api.github.com/repos/joerick/pyinstrument/teams",       "hooks_url": "https://api.github.com/repos/joerick/pyinstrument/hooks",       "issue_events_url": "https://api.github.com/repos/joerick/pyinstrument/issues/events{/number}",       "events_url": "https://api.github.com/repos/joerick/pyinstrument/events",       "assignees_url": "https://api.github.com/repos/joerick/pyinstrument/assignees{/user}",       "branches_url": "https://api.github.com/repos/joerick/pyinstrument/branches{/branch}",       "tags_url": "https://api.github.com/repos/joerick/pyinstrument/tags",       "blobs_url": "https://api.github.com/repos/joerick/pyinstrument/git/blobs{/sha}",       "git_tags_url": "https://api.github.com/repos/joerick/pyinstrument/git/tags{/sha}",       "git_refs_url": "https://api.github.com/repos/joerick/pyinstrument/git/refs{/sha}",       "trees_url": "https://api.github.com/repos/joerick/pyinstrument/git/trees{/sha}",       "statuses_url": "https://api.github.com/repos/joerick/pyinstrument/statuses/{sha}",       "languages_url": "https://api.github.com/repos/joerick/pyinstrument/languages",       "stargazers_url": "https://api.github.com/repos/joerick/pyinstrument/stargazers",       "contributors_url": "https://api.github.com/repos/joerick/pyinstrument/contributors",       "subscribers_url": "https://api.github.com/repos/joerick/pyinstrument/subscribers",       "subscription_url": "https://api.github.com/repos/joerick/pyinstrument/subscription",       "commits_url": "https://api.github.com/repos/joerick/pyinstrument/commits{/sha}",       "git_commits_url": "https://api.github.com/repos/joerick/pyinstrument/git/commits{/sha}",       "comments_url": "https://api.github.com/repos/joerick/pyinstrument/comments{/number}",       "issue_comment_url": "https://api.github.com/repos/joerick/pyinstrument/issues/comments{/number}",       "contents_url": "https://api.github.com/repos/joerick/pyinstrument/contents/{+path}",       "compare_url": "https://api.github.com/repos/joerick/pyinstrument/compare/{base}...{head}",       "merges_url": "https://api.github.com/repos/joerick/pyinstrument/merges",       "archive_url": "https://api.github.com/repos/joerick/pyinstrument/{archive_format}{/ref}",       "downloads_url": "https://api.github.com/repos/joerick/pyinstrument/downloads",       "issues_url": "https://api.github.com/repos/joerick/pyinstrument/issues{/number}",       "pulls_url": "https://api.github.com/repos/joerick/pyinstrument/pulls{/number}",       "milestones_url": "https://api.github.com/repos/joerick/pyinstrument/milestones{/number}",       "notifications_url": "https://api.github.com/repos/joerick/pyinstrument/notifications{?since,all,participating}",       "labels_url": "https://api.github.com/repos/joerick/pyinstrument/labels{/name}",       "releases_url": "https://api.github.com/repos/joerick/pyinstrument/releases{/id}",       "deployments_url": "https://api.github.com/repos/joerick/pyinstrument/deployments",       "created_at": "2014-03-13T17:53:13Z",       "updated_at": "2019-01-27T14:58:45Z",       "pushed_at": "2019-01-15T13:57:27Z",       "git_url": "git://github.com/joerick/pyinstrument.git",       "ssh_url": "git@github.com:joerick/pyinstrument.git",       "clone_url": "https://github.com/joerick/pyinstrument.git",       "svn_url": "https://github.com/joerick/pyinstrument",       "homepage": "",       "size": 1949,       "stargazers_count": 1081,       "watchers_count": 1081,       "language": "Python",       "has_issues": true,       "has_projects": true,       "has_downloads": true,       "has_wiki": true,       "has_pages": false,       "forks_count": 66,       "mirror_url": null,       "archived": false,       "open_issues_count": 5,       "license": {         "key": "bsd-3-clause",         "name": "BSD 3-Clause \"New\" or \"Revised\" License",         "spdx_id": "BSD-3-Clause",         "url": "https://api.github.com/licenses/bsd-3-clause",         "node_id": "MDc6TGljZW5zZTU="       },       "forks": 66,       "open_issues": 5,       "watchers": 1081,       "default_branch": "master",       "score": 57.179977     },     {       "id": 51375640,       "node_id": "MDEwOlJlcG9zaXRvcnk1MTM3NTY0MA==",       "name": "why-is-node-running",       "full_name": "mafintosh/why-is-node-running",       "private": false,       "owner": {         "login": "mafintosh",         "id": 376661,         "node_id": "MDQ6VXNlcjM3NjY2MQ==",         "avatar_url": "https://avatars1.githubusercontent.com/u/376661?v=4",         "gravatar_id": "",         "url": "https://api.github.com/users/mafintosh",         "html_url": "https://github.com/mafintosh",         "followers_url": "https://api.github.com/users/mafintosh/followers",         "following_url": "https://api.github.com/users/mafintosh/following{/other_user}",         "gists_url": "https://api.github.com/users/mafintosh/gists{/gist_id}",         "starred_url": "https://api.github.com/users/mafintosh/starred{/owner}{/repo}",         "subscriptions_url": "https://api.github.com/users/mafintosh/subscriptions",         "organizations_url": "https://api.github.com/users/mafintosh/orgs",         "repos_url": "https://api.github.com/users/mafintosh/repos",         "events_url": "https://api.github.com/users/mafintosh/events{/privacy}",         "received_events_url": "https://api.github.com/users/mafintosh/received_events",         "type": "User",         "site_admin": false       },       "html_url": "https://github.com/mafintosh/why-is-node-running",       "description": "Node is running but you don't know why? why-is-node-running is here to help you.",       "fork": false,       "url": "https://api.github.com/repos/mafintosh/why-is-node-running",       "forks_url": "https://api.github.com/repos/mafintosh/why-is-node-running/forks",       "keys_url": "https://api.github.com/repos/mafintosh/why-is-node-running/keys{/key_id}",       "collaborators_url": "https://api.github.com/repos/mafintosh/why-is-node-running/collaborators{/collaborator}",       "teams_url": "https://api.github.com/repos/mafintosh/why-is-node-running/teams",       "hooks_url": "https://api.github.com/repos/mafintosh/why-is-node-running/hooks",       "issue_events_url": "https://api.github.com/repos/mafintosh/why-is-node-running/issues/events{/number}",       "events_url": "https://api.github.com/repos/mafintosh/why-is-node-running/events",       "assignees_url": "https://api.github.com/repos/mafintosh/why-is-node-running/assignees{/user}",       "branches_url": "https://api.github.com/repos/mafintosh/why-is-node-running/branches{/branch}",       "tags_url": "https://api.github.com/repos/mafintosh/why-is-node-running/tags",       "blobs_url": "https://api.github.com/repos/mafintosh/why-is-node-running/git/blobs{/sha}",       "git_tags_url": "https://api.github.com/repos/mafintosh/why-is-node-running/git/tags{/sha}",       "git_refs_url": "https://api.github.com/repos/mafintosh/why-is-node-running/git/refs{/sha}",       "trees_url": "https://api.github.com/repos/mafintosh/why-is-node-running/git/trees{/sha}",       "statuses_url": "https://api.github.com/repos/mafintosh/why-is-node-running/statuses/{sha}",       "languages_url": "https://api.github.com/repos/mafintosh/why-is-node-running/languages",       "stargazers_url": "https://api.github.com/repos/mafintosh/why-is-node-running/stargazers",       "contributors_url": "https://api.github.com/repos/mafintosh/why-is-node-running/contributors",       "subscribers_url": "https://api.github.com/repos/mafintosh/why-is-node-running/subscribers",       "subscription_url": "https://api.github.com/repos/mafintosh/why-is-node-running/subscription",       "commits_url": "https://api.github.com/repos/mafintosh/why-is-node-running/commits{/sha}",       "git_commits_url": "https://api.github.com/repos/mafintosh/why-is-node-running/git/commits{/sha}",       "comments_url": "https://api.github.com/repos/mafintosh/why-is-node-running/comments{/number}",       "issue_comment_url": "https://api.github.com/repos/mafintosh/why-is-node-running/issues/comments{/number}",       "contents_url": "https://api.github.com/repos/mafintosh/why-is-node-running/contents/{+path}",       "compare_url": "https://api.github.com/repos/mafintosh/why-is-node-running/compare/{base}...{head}",       "merges_url": "https://api.github.com/repos/mafintosh/why-is-node-running/merges",       "archive_url": "https://api.github.com/repos/mafintosh/why-is-node-running/{archive_format}{/ref}",       "downloads_url": "https://api.github.com/repos/mafintosh/why-is-node-running/downloads",       "issues_url": "https://api.github.com/repos/mafintosh/why-is-node-running/issues{/number}",       "pulls_url": "https://api.github.com/repos/mafintosh/why-is-node-running/pulls{/number}",       "milestones_url": "https://api.github.com/repos/mafintosh/why-is-node-running/milestones{/number}",       "notifications_url": "https://api.github.com/repos/mafintosh/why-is-node-running/notifications{?since,all,participating}",       "labels_url": "https://api.github.com/repos/mafintosh/why-is-node-running/labels{/name}",       "releases_url": "https://api.github.com/repos/mafintosh/why-is-node-running/releases{/id}",       "deployments_url": "https://api.github.com/repos/mafintosh/why-is-node-running/deployments",       "created_at": "2016-02-09T15:29:28Z",       "updated_at": "2019-01-27T07:40:29Z",       "pushed_at": "2018-10-26T08:54:53Z",       "git_url": "git://github.com/mafintosh/why-is-node-running.git",       "ssh_url": "git@github.com:mafintosh/why-is-node-running.git",       "clone_url": "https://github.com/mafintosh/why-is-node-running.git",       "svn_url": "https://github.com/mafintosh/why-is-node-running",       "homepage": null,       "size": 18,       "stargazers_count": 873,       "watchers_count": 873,       "language": "JavaScript",       "has_issues": true,       "has_projects": true,       "has_downloads": true,       "has_wiki": true,       "has_pages": false,       "forks_count": 32,       "mirror_url": null,       "archived": false,       "open_issues_count": 12,       "license": {         "key": "mit",         "name": "MIT License",         "spdx_id": "MIT",         "url": "https://api.github.com/licenses/mit",         "node_id": "MDc6TGljZW5zZTEz"       },       "forks": 32,       "open_issues": 12,       "watchers": 873,       "default_branch": "master",       "score": 80.30076     },     {       "id": 103874950,       "node_id": "MDEwOlJlcG9zaXRvcnkxMDM4NzQ5NTA=",       "name": "bashful",       "full_name": "wagoodman/bashful",       "private": false,       "owner": {         "login": "wagoodman",         "id": 590471,         "node_id": "MDQ6VXNlcjU5MDQ3MQ==",         "avatar_url": "https://avatars3.githubusercontent.com/u/590471?v=4",         "gravatar_id": "",         "url": "https://api.github.com/users/wagoodman",         "html_url": "https://github.com/wagoodman",         "followers_url": "https://api.github.com/users/wagoodman/followers",         "following_url": "https://api.github.com/users/wagoodman/following{/other_user}",         "gists_url": "https://api.github.com/users/wagoodman/gists{/gist_id}",         "starred_url": "https://api.github.com/users/wagoodman/starred{/owner}{/repo}",         "subscriptions_url": "https://api.github.com/users/wagoodman/subscriptions",         "organizations_url": "https://api.github.com/users/wagoodman/orgs",         "repos_url": "https://api.github.com/users/wagoodman/repos",         "events_url": "https://api.github.com/users/wagoodman/events{/privacy}",         "received_events_url": "https://api.github.com/users/wagoodman/received_events",         "type": "User",         "site_admin": false       },       "html_url": "https://github.com/wagoodman/bashful",       "description": "Use a yaml file to stitch together commands and bash snippits and run them with a bit of style.  Why? Because your bash script should be quiet and shy-like (...and not such a loud mouth). ",       "fork": false,       "url": "https://api.github.com/repos/wagoodman/bashful",       "forks_url": "https://api.github.com/repos/wagoodman/bashful/forks",       "keys_url": "https://api.github.com/repos/wagoodman/bashful/keys{/key_id}",       "collaborators_url": "https://api.github.com/repos/wagoodman/bashful/collaborators{/collaborator}",       "teams_url": "https://api.github.com/repos/wagoodman/bashful/teams",       "hooks_url": "https://api.github.com/repos/wagoodman/bashful/hooks",       "issue_events_url": "https://api.github.com/repos/wagoodman/bashful/issues/events{/number}",       "events_url": "https://api.github.com/repos/wagoodman/bashful/events",       "assignees_url": "https://api.github.com/repos/wagoodman/bashful/assignees{/user}",       "branches_url": "https://api.github.com/repos/wagoodman/bashful/branches{/branch}",       "tags_url": "https://api.github.com/repos/wagoodman/bashful/tags",       "blobs_url": "https://api.github.com/repos/wagoodman/bashful/git/blobs{/sha}",       "git_tags_url": "https://api.github.com/repos/wagoodman/bashful/git/tags{/sha}",       "git_refs_url": "https://api.github.com/repos/wagoodman/bashful/git/refs{/sha}",       "trees_url": "https://api.github.com/repos/wagoodman/bashful/git/trees{/sha}",       "statuses_url": "https://api.github.com/repos/wagoodman/bashful/statuses/{sha}",       "languages_url": "https://api.github.com/repos/wagoodman/bashful/languages",       "stargazers_url": "https://api.github.com/repos/wagoodman/bashful/stargazers",       "contributors_url": "https://api.github.com/repos/wagoodman/bashful/contributors",       "subscribers_url": "https://api.github.com/repos/wagoodman/bashful/subscribers",       "subscription_url": "https://api.github.com/repos/wagoodman/bashful/subscription",       "commits_url": "https://api.github.com/repos/wagoodman/bashful/commits{/sha}",       "git_commits_url": "https://api.github.com/repos/wagoodman/bashful/git/commits{/sha}",       "comments_url": "https://api.github.com/repos/wagoodman/bashful/comments{/number}",       "issue_comment_url": "https://api.github.com/repos/wagoodman/bashful/issues/comments{/number}",       "contents_url": "https://api.github.com/repos/wagoodman/bashful/contents/{+path}",       "compare_url": "https://api.github.com/repos/wagoodman/bashful/compare/{base}...{head}",       "merges_url": "https://api.github.com/repos/wagoodman/bashful/merges",       "archive_url": "https://api.github.com/repos/wagoodman/bashful/{archive_format}{/ref}",       "downloads_url": "https://api.github.com/repos/wagoodman/bashful/downloads",       "issues_url": "https://api.github.com/repos/wagoodman/bashful/issues{/number}",       "pulls_url": "https://api.github.com/repos/wagoodman/bashful/pulls{/number}",       "milestones_url": "https://api.github.com/repos/wagoodman/bashful/milestones{/number}",       "notifications_url": "https://api.github.com/repos/wagoodman/bashful/notifications{?since,all,participating}",       "labels_url": "https://api.github.com/repos/wagoodman/bashful/labels{/name}",       "releases_url": "https://api.github.com/repos/wagoodman/bashful/releases{/id}",       "deployments_url": "https://api.github.com/repos/wagoodman/bashful/deployments",       "created_at": "2017-09-18T01:04:55Z",       "updated_at": "2019-01-28T20:06:21Z",       "pushed_at": "2019-01-06T18:52:52Z",       "git_url": "git://github.com/wagoodman/bashful.git",       "ssh_url": "git@github.com:wagoodman/bashful.git",       "clone_url": "https://github.com/wagoodman/bashful.git",       "svn_url": "https://github.com/wagoodman/bashful",       "homepage": "",       "size": 4157,       "stargazers_count": 827,       "watchers_count": 827,       "language": "Go",       "has_issues": true,       "has_projects": true,       "has_downloads": true,       "has_wiki": true,       "has_pages": false,       "forks_count": 24,       "mirror_url": null,       "archived": false,       "open_issues_count": 15,       "license": {         "key": "mit",         "name": "MIT License",         "spdx_id": "MIT",         "url": "https://api.github.com/licenses/mit",         "node_id": "MDc6TGljZW5zZTEz"       },       "forks": 24,       "open_issues": 15,       "watchers": 827,       "default_branch": "master",       "score": 27.884785     },     {       "id": 100889899,       "node_id": "MDEwOlJlcG9zaXRvcnkxMDA4ODk4OTk=",       "name": "wtfautolayout",       "full_name": "johnpatrickmorgan/wtfautolayout",       "private": false,       "owner": {         "login": "johnpatrickmorgan",         "id": 6318566,         "node_id": "MDQ6VXNlcjYzMTg1NjY=",         "avatar_url": "https://avatars3.githubusercontent.com/u/6318566?v=4",         "gravatar_id": "",         "url": "https://api.github.com/users/johnpatrickmorgan",         "html_url": "https://github.com/johnpatrickmorgan",         "followers_url": "https://api.github.com/users/johnpatrickmorgan/followers",         "following_url": "https://api.github.com/users/johnpatrickmorgan/following{/other_user}",         "gists_url": "https://api.github.com/users/johnpatrickmorgan/gists{/gist_id}",         "starred_url": "https://api.github.com/users/johnpatrickmorgan/starred{/owner}{/repo}",         "subscriptions_url": "https://api.github.com/users/johnpatrickmorgan/subscriptions",         "organizations_url": "https://api.github.com/users/johnpatrickmorgan/orgs",         "repos_url": "https://api.github.com/users/johnpatrickmorgan/repos",         "events_url": "https://api.github.com/users/johnpatrickmorgan/events{/privacy}",         "received_events_url": "https://api.github.com/users/johnpatrickmorgan/received_events",         "type": "User",         "site_admin": false       },       "html_url": "https://github.com/johnpatrickmorgan/wtfautolayout",       "description": "The source code for Why The Failure, Auto Layout?",       "fork": false,       "url": "https://api.github.com/repos/johnpatrickmorgan/wtfautolayout",       "forks_url": "https://api.github.com/repos/johnpatrickmorgan/wtfautolayout/forks",       "keys_url": "https://api.github.com/repos/johnpatrickmorgan/wtfautolayout/keys{/key_id}",       "collaborators_url": "https://api.github.com/repos/johnpatrickmorgan/wtfautolayout/collaborators{/collaborator}",       "teams_url": "https://api.github.com/repos/johnpatrickmorgan/wtfautolayout/teams",       "hooks_url": "https://api.github.com/repos/johnpatrickmorgan/wtfautolayout/hooks",       "issue_events_url": "https://api.github.com/repos/johnpatrickmorgan/wtfautolayout/issues/events{/number}",       "events_url": "https://api.github.com/repos/johnpatrickmorgan/wtfautolayout/events",       "assignees_url": "https://api.github.com/repos/johnpatrickmorgan/wtfautolayout/assignees{/user}",       "branches_url": "https://api.github.com/repos/johnpatrickmorgan/wtfautolayout/branches{/branch}",       "tags_url": "https://api.github.com/repos/johnpatrickmorgan/wtfautolayout/tags",       "blobs_url": "https://api.github.com/repos/johnpatrickmorgan/wtfautolayout/git/blobs{/sha}",       "git_tags_url": "https://api.github.com/repos/johnpatrickmorgan/wtfautolayout/git/tags{/sha}",       "git_refs_url": "https://api.github.com/repos/johnpatrickmorgan/wtfautolayout/git/refs{/sha}",       "trees_url": "https://api.github.com/repos/johnpatrickmorgan/wtfautolayout/git/trees{/sha}",       "statuses_url": "https://api.github.com/repos/johnpatrickmorgan/wtfautolayout/statuses/{sha}",       "languages_url": "https://api.github.com/repos/johnpatrickmorgan/wtfautolayout/languages",       "stargazers_url": "https://api.github.com/repos/johnpatrickmorgan/wtfautolayout/stargazers",       "contributors_url": "https://api.github.com/repos/johnpatrickmorgan/wtfautolayout/contributors",       "subscribers_url": "https://api.github.com/repos/johnpatrickmorgan/wtfautolayout/subscribers",       "subscription_url": "https://api.github.com/repos/johnpatrickmorgan/wtfautolayout/subscription",       "commits_url": "https://api.github.com/repos/johnpatrickmorgan/wtfautolayout/commits{/sha}",       "git_commits_url": "https://api.github.com/repos/johnpatrickmorgan/wtfautolayout/git/commits{/sha}",       "comments_url": "https://api.github.com/repos/johnpatrickmorgan/wtfautolayout/comments{/number}",       "issue_comment_url": "https://api.github.com/repos/johnpatrickmorgan/wtfautolayout/issues/comments{/number}",       "contents_url": "https://api.github.com/repos/johnpatrickmorgan/wtfautolayout/contents/{+path}",       "compare_url": "https://api.github.com/repos/johnpatrickmorgan/wtfautolayout/compare/{base}...{head}",       "merges_url": "https://api.github.com/repos/johnpatrickmorgan/wtfautolayout/merges",       "archive_url": "https://api.github.com/repos/johnpatrickmorgan/wtfautolayout/{archive_format}{/ref}",       "downloads_url": "https://api.github.com/repos/johnpatrickmorgan/wtfautolayout/downloads",       "issues_url": "https://api.github.com/repos/johnpatrickmorgan/wtfautolayout/issues{/number}",       "pulls_url": "https://api.github.com/repos/johnpatrickmorgan/wtfautolayout/pulls{/number}",       "milestones_url": "https://api.github.com/repos/johnpatrickmorgan/wtfautolayout/milestones{/number}",       "notifications_url": "https://api.github.com/repos/johnpatrickmorgan/wtfautolayout/notifications{?since,all,participating}",       "labels_url": "https://api.github.com/repos/johnpatrickmorgan/wtfautolayout/labels{/name}",       "releases_url": "https://api.github.com/repos/johnpatrickmorgan/wtfautolayout/releases{/id}",       "deployments_url": "https://api.github.com/repos/johnpatrickmorgan/wtfautolayout/deployments",       "created_at": "2017-08-20T21:32:57Z",       "updated_at": "2019-01-28T12:46:45Z",       "pushed_at": "2019-01-24T23:44:25Z",       "git_url": "git://github.com/johnpatrickmorgan/wtfautolayout.git",       "ssh_url": "git@github.com:johnpatrickmorgan/wtfautolayout.git",       "clone_url": "https://github.com/johnpatrickmorgan/wtfautolayout.git",       "svn_url": "https://github.com/johnpatrickmorgan/wtfautolayout",       "homepage": "https://www.wtfautolayout.com",       "size": 347,       "stargazers_count": 674,       "watchers_count": 674,       "language": "Swift",       "has_issues": true,       "has_projects": true,       "has_downloads": true,       "has_wiki": true,       "has_pages": false,       "forks_count": 15,       "mirror_url": null,       "archived": false,       "open_issues_count": 5,       "license": {         "key": "mit",         "name": "MIT License",         "spdx_id": "MIT",         "url": "https://api.github.com/licenses/mit",         "node_id": "MDc6TGljZW5zZTEz"       },       "forks": 15,       "open_issues": 5,       "watchers": 674,       "default_branch": "master",       "score": 56.444286     },     {       "id": 28422398,       "node_id": "MDEwOlJlcG9zaXRvcnkyODQyMjM5OA==",       "name": "react-router-flux-starter-kit",       "full_name": "przeor/react-router-flux-starter-kit",       "private": false,       "owner": {         "login": "przeor",         "id": 5995,         "node_id": "MDQ6VXNlcjU5OTU=",         "avatar_url": "https://avatars2.githubusercontent.com/u/5995?v=4",         "gravatar_id": "",         "url": "https://api.github.com/users/przeor",         "html_url": "https://github.com/przeor",         "followers_url": "https://api.github.com/users/przeor/followers",         "following_url": "https://api.github.com/users/przeor/following{/other_user}",         "gists_url": "https://api.github.com/users/przeor/gists{/gist_id}",         "starred_url": "https://api.github.com/users/przeor/starred{/owner}{/repo}",         "subscriptions_url": "https://api.github.com/users/przeor/subscriptions",         "organizations_url": "https://api.github.com/users/przeor/orgs",         "repos_url": "https://api.github.com/users/przeor/repos",         "events_url": "https://api.github.com/users/przeor/events{/privacy}",         "received_events_url": "https://api.github.com/users/przeor/received_events",         "type": "User",         "site_admin": false       },       "html_url": "https://github.com/przeor/react-router-flux-starter-kit",       "description": "Why & How to Learn React Redux, the right highly scalable way.",       "fork": false,       "url": "https://api.github.com/repos/przeor/react-router-flux-starter-kit",       "forks_url": "https://api.github.com/repos/przeor/react-router-flux-starter-kit/forks",       "keys_url": "https://api.github.com/repos/przeor/react-router-flux-starter-kit/keys{/key_id}",       "collaborators_url": "https://api.github.com/repos/przeor/react-router-flux-starter-kit/collaborators{/collaborator}",       "teams_url": "https://api.github.com/repos/przeor/react-router-flux-starter-kit/teams",       "hooks_url": "https://api.github.com/repos/przeor/react-router-flux-starter-kit/hooks",       "issue_events_url": "https://api.github.com/repos/przeor/react-router-flux-starter-kit/issues/events{/number}",       "events_url": "https://api.github.com/repos/przeor/react-router-flux-starter-kit/events",       "assignees_url": "https://api.github.com/repos/przeor/react-router-flux-starter-kit/assignees{/user}",       "branches_url": "https://api.github.com/repos/przeor/react-router-flux-starter-kit/branches{/branch}",       "tags_url": "https://api.github.com/repos/przeor/react-router-flux-starter-kit/tags",       "blobs_url": "https://api.github.com/repos/przeor/react-router-flux-starter-kit/git/blobs{/sha}",       "git_tags_url": "https://api.github.com/repos/przeor/react-router-flux-starter-kit/git/tags{/sha}",       "git_refs_url": "https://api.github.com/repos/przeor/react-router-flux-starter-kit/git/refs{/sha}",       "trees_url": "https://api.github.com/repos/przeor/react-router-flux-starter-kit/git/trees{/sha}",       "statuses_url": "https://api.github.com/repos/przeor/react-router-flux-starter-kit/statuses/{sha}",       "languages_url": "https://api.github.com/repos/przeor/react-router-flux-starter-kit/languages",       "stargazers_url": "https://api.github.com/repos/przeor/react-router-flux-starter-kit/stargazers",       "contributors_url": "https://api.github.com/repos/przeor/react-router-flux-starter-kit/contributors",       "subscribers_url": "https://api.github.com/repos/przeor/react-router-flux-starter-kit/subscribers",       "subscription_url": "https://api.github.com/repos/przeor/react-router-flux-starter-kit/subscription",       "commits_url": "https://api.github.com/repos/przeor/react-router-flux-starter-kit/commits{/sha}",       "git_commits_url": "https://api.github.com/repos/przeor/react-router-flux-starter-kit/git/commits{/sha}",       "comments_url": "https://api.github.com/repos/przeor/react-router-flux-starter-kit/comments{/number}",       "issue_comment_url": "https://api.github.com/repos/przeor/react-router-flux-starter-kit/issues/comments{/number}",       "contents_url": "https://api.github.com/repos/przeor/react-router-flux-starter-kit/contents/{+path}",       "compare_url": "https://api.github.com/repos/przeor/react-router-flux-starter-kit/compare/{base}...{head}",       "merges_url": "https://api.github.com/repos/przeor/react-router-flux-starter-kit/merges",       "archive_url": "https://api.github.com/repos/przeor/react-router-flux-starter-kit/{archive_format}{/ref}",       "downloads_url": "https://api.github.com/repos/przeor/react-router-flux-starter-kit/downloads",       "issues_url": "https://api.github.com/repos/przeor/react-router-flux-starter-kit/issues{/number}",       "pulls_url": "https://api.github.com/repos/przeor/react-router-flux-starter-kit/pulls{/number}",       "milestones_url": "https://api.github.com/repos/przeor/react-router-flux-starter-kit/milestones{/number}",       "notifications_url": "https://api.github.com/repos/przeor/react-router-flux-starter-kit/notifications{?since,all,participating}",       "labels_url": "https://api.github.com/repos/przeor/react-router-flux-starter-kit/labels{/name}",       "releases_url": "https://api.github.com/repos/przeor/react-router-flux-starter-kit/releases{/id}",       "deployments_url": "https://api.github.com/repos/przeor/react-router-flux-starter-kit/deployments",       "created_at": "2014-12-23T22:19:47Z",       "updated_at": "2019-01-23T01:25:46Z",       "pushed_at": "2016-08-19T08:19:37Z",       "git_url": "git://github.com/przeor/react-router-flux-starter-kit.git",       "ssh_url": "git@github.com:przeor/react-router-flux-starter-kit.git",       "clone_url": "https://github.com/przeor/react-router-flux-starter-kit.git",       "svn_url": "https://github.com/przeor/react-router-flux-starter-kit",       "homepage": "",       "size": 4999,       "stargazers_count": 650,       "watchers_count": 650,       "language": "JavaScript",       "has_issues": true,       "has_projects": true,       "has_downloads": true,       "has_wiki": true,       "has_pages": false,       "forks_count": 97,       "mirror_url": null,       "archived": false,       "open_issues_count": 5,       "license": null,       "forks": 97,       "open_issues": 5,       "watchers": 650,       "default_branch": "master",       "score": 58.73032     },     {       "id": 282344,       "node_id": "MDEwOlJlcG9zaXRvcnkyODIzNDQ=",       "name": "potion",       "full_name": "perl11/potion",       "private": false,       "owner": {         "login": "perl11",         "id": 2390370,         "node_id": "MDEyOk9yZ2FuaXphdGlvbjIzOTAzNzA=",         "avatar_url": "https://avatars3.githubusercontent.com/u/2390370?v=4",         "gravatar_id": "",         "url": "https://api.github.com/users/perl11",         "html_url": "https://github.com/perl11",         "followers_url": "https://api.github.com/users/perl11/followers",         "following_url": "https://api.github.com/users/perl11/following{/other_user}",         "gists_url": "https://api.github.com/users/perl11/gists{/gist_id}",         "starred_url": "https://api.github.com/users/perl11/starred{/owner}{/repo}",         "subscriptions_url": "https://api.github.com/users/perl11/subscriptions",         "organizations_url": "https://api.github.com/users/perl11/orgs",         "repos_url": "https://api.github.com/users/perl11/repos",         "events_url": "https://api.github.com/users/perl11/events{/privacy}",         "received_events_url": "https://api.github.com/users/perl11/received_events",         "type": "Organization",         "site_admin": false       },       "html_url": "https://github.com/perl11/potion",       "description": "_why the lucky stiff's little language (the official repo... until _why returns)",       "fork": false,       "url": "https://api.github.com/repos/perl11/potion",       "forks_url": "https://api.github.com/repos/perl11/potion/forks",       "keys_url": "https://api.github.com/repos/perl11/potion/keys{/key_id}",       "collaborators_url": "https://api.github.com/repos/perl11/potion/collaborators{/collaborator}",       "teams_url": "https://api.github.com/repos/perl11/potion/teams",       "hooks_url": "https://api.github.com/repos/perl11/potion/hooks",       "issue_events_url": "https://api.github.com/repos/perl11/potion/issues/events{/number}",       "events_url": "https://api.github.com/repos/perl11/potion/events",       "assignees_url": "https://api.github.com/repos/perl11/potion/assignees{/user}",       "branches_url": "https://api.github.com/repos/perl11/potion/branches{/branch}",       "tags_url": "https://api.github.com/repos/perl11/potion/tags",       "blobs_url": "https://api.github.com/repos/perl11/potion/git/blobs{/sha}",       "git_tags_url": "https://api.github.com/repos/perl11/potion/git/tags{/sha}",       "git_refs_url": "https://api.github.com/repos/perl11/potion/git/refs{/sha}",       "trees_url": "https://api.github.com/repos/perl11/potion/git/trees{/sha}",       "statuses_url": "https://api.github.com/repos/perl11/potion/statuses/{sha}",       "languages_url": "https://api.github.com/repos/perl11/potion/languages",       "stargazers_url": "https://api.github.com/repos/perl11/potion/stargazers",       "contributors_url": "https://api.github.com/repos/perl11/potion/contributors",       "subscribers_url": "https://api.github.com/repos/perl11/potion/subscribers",       "subscription_url": "https://api.github.com/repos/perl11/potion/subscription",       "commits_url": "https://api.github.com/repos/perl11/potion/commits{/sha}",       "git_commits_url": "https://api.github.com/repos/perl11/potion/git/commits{/sha}",       "comments_url": "https://api.github.com/repos/perl11/potion/comments{/number}",       "issue_comment_url": "https://api.github.com/repos/perl11/potion/issues/comments{/number}",       "contents_url": "https://api.github.com/repos/perl11/potion/contents/{+path}",       "compare_url": "https://api.github.com/repos/perl11/potion/compare/{base}...{head}",       "merges_url": "https://api.github.com/repos/perl11/potion/merges",       "archive_url": "https://api.github.com/repos/perl11/potion/{archive_format}{/ref}",       "downloads_url": "https://api.github.com/repos/perl11/potion/downloads",       "issues_url": "https://api.github.com/repos/perl11/potion/issues{/number}",       "pulls_url": "https://api.github.com/repos/perl11/potion/pulls{/number}",       "milestones_url": "https://api.github.com/repos/perl11/potion/milestones{/number}",       "notifications_url": "https://api.github.com/repos/perl11/potion/notifications{?since,all,participating}",       "labels_url": "https://api.github.com/repos/perl11/potion/labels{/name}",       "releases_url": "https://api.github.com/repos/perl11/potion/releases{/id}",       "deployments_url": "https://api.github.com/repos/perl11/potion/deployments",       "created_at": "2009-08-19T20:06:21Z",       "updated_at": "2019-01-23T08:11:13Z",       "pushed_at": "2018-02-02T09:04:03Z",       "git_url": "git://github.com/perl11/potion.git",       "ssh_url": "git@github.com:perl11/potion.git",       "clone_url": "https://github.com/perl11/potion.git",       "svn_url": "https://github.com/perl11/potion",       "homepage": "http://groups.google.com/group/potion-lang",       "size": 4417,       "stargazers_count": 540,       "watchers_count": 540,       "language": "C",       "has_issues": true,       "has_projects": true,       "has_downloads": true,       "has_wiki": true,       "has_pages": true,       "forks_count": 78,       "mirror_url": null,       "archived": false,       "open_issues_count": 19,       "license": {         "key": "other",         "name": "Other",         "spdx_id": "NOASSERTION",         "url": null,         "node_id": "MDc6TGljZW5zZTA="       },       "forks": 78,       "open_issues": 19,       "watchers": 540,       "default_branch": "master",       "score": 82.00236     },     {       "id": 282622,       "node_id": "MDEwOlJlcG9zaXRvcnkyODI2MjI=",       "name": "poignant-guide",       "full_name": "mislav/poignant-guide",       "private": false,       "owner": {         "login": "mislav",         "id": 887,         "node_id": "MDQ6VXNlcjg4Nw==",         "avatar_url": "https://avatars2.githubusercontent.com/u/887?v=4",         "gravatar_id": "",         "url": "https://api.github.com/users/mislav",         "html_url": "https://github.com/mislav",         "followers_url": "https://api.github.com/users/mislav/followers",         "following_url": "https://api.github.com/users/mislav/following{/other_user}",         "gists_url": "https://api.github.com/users/mislav/gists{/gist_id}",         "starred_url": "https://api.github.com/users/mislav/starred{/owner}{/repo}",         "subscriptions_url": "https://api.github.com/users/mislav/subscriptions",         "organizations_url": "https://api.github.com/users/mislav/orgs",         "repos_url": "https://api.github.com/users/mislav/repos",         "events_url": "https://api.github.com/users/mislav/events{/privacy}",         "received_events_url": "https://api.github.com/users/mislav/received_events",         "type": "User",         "site_admin": true       },       "html_url": "https://github.com/mislav/poignant-guide",       "description": "Why's Poignant Guide to Ruby",       "fork": false,       "url": "https://api.github.com/repos/mislav/poignant-guide",       "forks_url": "https://api.github.com/repos/mislav/poignant-guide/forks",       "keys_url": "https://api.github.com/repos/mislav/poignant-guide/keys{/key_id}",       "collaborators_url": "https://api.github.com/repos/mislav/poignant-guide/collaborators{/collaborator}",       "teams_url": "https://api.github.com/repos/mislav/poignant-guide/teams",       "hooks_url": "https://api.github.com/repos/mislav/poignant-guide/hooks",       "issue_events_url": "https://api.github.com/repos/mislav/poignant-guide/issues/events{/number}",       "events_url": "https://api.github.com/repos/mislav/poignant-guide/events",       "assignees_url": "https://api.github.com/repos/mislav/poignant-guide/assignees{/user}",       "branches_url": "https://api.github.com/repos/mislav/poignant-guide/branches{/branch}",       "tags_url": "https://api.github.com/repos/mislav/poignant-guide/tags",       "blobs_url": "https://api.github.com/repos/mislav/poignant-guide/git/blobs{/sha}",       "git_tags_url": "https://api.github.com/repos/mislav/poignant-guide/git/tags{/sha}",       "git_refs_url": "https://api.github.com/repos/mislav/poignant-guide/git/refs{/sha}",       "trees_url": "https://api.github.com/repos/mislav/poignant-guide/git/trees{/sha}",       "statuses_url": "https://api.github.com/repos/mislav/poignant-guide/statuses/{sha}",       "languages_url": "https://api.github.com/repos/mislav/poignant-guide/languages",       "stargazers_url": "https://api.github.com/repos/mislav/poignant-guide/stargazers",       "contributors_url": "https://api.github.com/repos/mislav/poignant-guide/contributors",       "subscribers_url": "https://api.github.com/repos/mislav/poignant-guide/subscribers",       "subscription_url": "https://api.github.com/repos/mislav/poignant-guide/subscription",       "commits_url": "https://api.github.com/repos/mislav/poignant-guide/commits{/sha}",       "git_commits_url": "https://api.github.com/repos/mislav/poignant-guide/git/commits{/sha}",       "comments_url": "https://api.github.com/repos/mislav/poignant-guide/comments{/number}",       "issue_comment_url": "https://api.github.com/repos/mislav/poignant-guide/issues/comments{/number}",       "contents_url": "https://api.github.com/repos/mislav/poignant-guide/contents/{+path}",       "compare_url": "https://api.github.com/repos/mislav/poignant-guide/compare/{base}...{head}",       "merges_url": "https://api.github.com/repos/mislav/poignant-guide/merges",       "archive_url": "https://api.github.com/repos/mislav/poignant-guide/{archive_format}{/ref}",       "downloads_url": "https://api.github.com/repos/mislav/poignant-guide/downloads",       "issues_url": "https://api.github.com/repos/mislav/poignant-guide/issues{/number}",       "pulls_url": "https://api.github.com/repos/mislav/poignant-guide/pulls{/number}",       "milestones_url": "https://api.github.com/repos/mislav/poignant-guide/milestones{/number}",       "notifications_url": "https://api.github.com/repos/mislav/poignant-guide/notifications{?since,all,participating}",       "labels_url": "https://api.github.com/repos/mislav/poignant-guide/labels{/name}",       "releases_url": "https://api.github.com/repos/mislav/poignant-guide/releases{/id}",       "deployments_url": "https://api.github.com/repos/mislav/poignant-guide/deployments",       "created_at": "2009-08-20T01:17:54Z",       "updated_at": "2019-01-26T12:32:58Z",       "pushed_at": "2018-11-20T13:08:57Z",       "git_url": "git://github.com/mislav/poignant-guide.git",       "ssh_url": "git@github.com:mislav/poignant-guide.git",       "clone_url": "https://github.com/mislav/poignant-guide.git",       "svn_url": "https://github.com/mislav/poignant-guide",       "homepage": "http://poignant.guide/",       "size": 12871,       "stargazers_count": 532,       "watchers_count": 532,       "language": "HTML",       "has_issues": false,       "has_projects": true,       "has_downloads": true,       "has_wiki": false,       "has_pages": true,       "forks_count": 103,       "mirror_url": null,       "archived": false,       "open_issues_count": 0,       "license": null,       "forks": 103,       "open_issues": 0,       "watchers": 532,       "default_branch": "gh-pages",       "score": 81.54271     },     {       "id": 30485473,       "node_id": "MDEwOlJlcG9zaXRvcnkzMDQ4NTQ3Mw==",       "name": "Why-Reject",       "full_name": "jcccn/Why-Reject",       "private": false,       "owner": {         "login": "jcccn",         "id": 397243,         "node_id": "MDQ6VXNlcjM5NzI0Mw==",         "avatar_url": "https://avatars1.githubusercontent.com/u/397243?v=4",         "gravatar_id": "",         "url": "https://api.github.com/users/jcccn",         "html_url": "https://github.com/jcccn",         "followers_url": "https://api.github.com/users/jcccn/followers",         "following_url": "https://api.github.com/users/jcccn/following{/other_user}",         "gists_url": "https://api.github.com/users/jcccn/gists{/gist_id}",         "starred_url": "https://api.github.com/users/jcccn/starred{/owner}{/repo}",         "subscriptions_url": "https://api.github.com/users/jcccn/subscriptions",         "organizations_url": "https://api.github.com/users/jcccn/orgs",         "repos_url": "https://api.github.com/users/jcccn/repos",         "events_url": "https://api.github.com/users/jcccn/events{/privacy}",         "received_events_url": "https://api.github.com/users/jcccn/received_events",         "type": "User",         "site_admin": false       },       "html_url": "https://github.com/jcccn/Why-Reject",       "description": "苹果AppStore被拒理由大全",       "fork": false,       "url": "https://api.github.com/repos/jcccn/Why-Reject",       "forks_url": "https://api.github.com/repos/jcccn/Why-Reject/forks",       "keys_url": "https://api.github.com/repos/jcccn/Why-Reject/keys{/key_id}",       "collaborators_url": "https://api.github.com/repos/jcccn/Why-Reject/collaborators{/collaborator}",       "teams_url": "https://api.github.com/repos/jcccn/Why-Reject/teams",       "hooks_url": "https://api.github.com/repos/jcccn/Why-Reject/hooks",       "issue_events_url": "https://api.github.com/repos/jcccn/Why-Reject/issues/events{/number}",       "events_url": "https://api.github.com/repos/jcccn/Why-Reject/events",       "assignees_url": "https://api.github.com/repos/jcccn/Why-Reject/assignees{/user}",       "branches_url": "https://api.github.com/repos/jcccn/Why-Reject/branches{/branch}",       "tags_url": "https://api.github.com/repos/jcccn/Why-Reject/tags",       "blobs_url": "https://api.github.com/repos/jcccn/Why-Reject/git/blobs{/sha}",       "git_tags_url": "https://api.github.com/repos/jcccn/Why-Reject/git/tags{/sha}",       "git_refs_url": "https://api.github.com/repos/jcccn/Why-Reject/git/refs{/sha}",       "trees_url": "https://api.github.com/repos/jcccn/Why-Reject/git/trees{/sha}",       "statuses_url": "https://api.github.com/repos/jcccn/Why-Reject/statuses/{sha}",       "languages_url": "https://api.github.com/repos/jcccn/Why-Reject/languages",       "stargazers_url": "https://api.github.com/repos/jcccn/Why-Reject/stargazers",       "contributors_url": "https://api.github.com/repos/jcccn/Why-Reject/contributors",       "subscribers_url": "https://api.github.com/repos/jcccn/Why-Reject/subscribers",       "subscription_url": "https://api.github.com/repos/jcccn/Why-Reject/subscription",       "commits_url": "https://api.github.com/repos/jcccn/Why-Reject/commits{/sha}",       "git_commits_url": "https://api.github.com/repos/jcccn/Why-Reject/git/commits{/sha}",       "comments_url": "https://api.github.com/repos/jcccn/Why-Reject/comments{/number}",       "issue_comment_url": "https://api.github.com/repos/jcccn/Why-Reject/issues/comments{/number}",       "contents_url": "https://api.github.com/repos/jcccn/Why-Reject/contents/{+path}",       "compare_url": "https://api.github.com/repos/jcccn/Why-Reject/compare/{base}...{head}",       "merges_url": "https://api.github.com/repos/jcccn/Why-Reject/merges",       "archive_url": "https://api.github.com/repos/jcccn/Why-Reject/{archive_format}{/ref}",       "downloads_url": "https://api.github.com/repos/jcccn/Why-Reject/downloads",       "issues_url": "https://api.github.com/repos/jcccn/Why-Reject/issues{/number}",       "pulls_url": "https://api.github.com/repos/jcccn/Why-Reject/pulls{/number}",       "milestones_url": "https://api.github.com/repos/jcccn/Why-Reject/milestones{/number}",       "notifications_url": "https://api.github.com/repos/jcccn/Why-Reject/notifications{?since,all,participating}",       "labels_url": "https://api.github.com/repos/jcccn/Why-Reject/labels{/name}",       "releases_url": "https://api.github.com/repos/jcccn/Why-Reject/releases{/id}",       "deployments_url": "https://api.github.com/repos/jcccn/Why-Reject/deployments",       "created_at": "2015-02-08T08:37:17Z",       "updated_at": "2019-01-28T12:02:55Z",       "pushed_at": "2017-05-06T07:35:44Z",       "git_url": "git://github.com/jcccn/Why-Reject.git",       "ssh_url": "git@github.com:jcccn/Why-Reject.git",       "clone_url": "https://github.com/jcccn/Why-Reject.git",       "svn_url": "https://github.com/jcccn/Why-Reject",       "homepage": "https://whyreject.jcccn.me",       "size": 684,       "stargazers_count": 493,       "watchers_count": 493,       "language": null,       "has_issues": true,       "has_projects": true,       "has_downloads": true,       "has_wiki": true,       "has_pages": true,       "forks_count": 113,       "mirror_url": null,       "archived": false,       "open_issues_count": 0,       "license": null,       "forks": 113,       "open_issues": 0,       "watchers": 493,       "default_branch": "master",       "score": 96.0656     },     {       "id": 76408906,       "node_id": "MDEwOlJlcG9zaXRvcnk3NjQwODkwNg==",       "name": "meta",       "full_name": "mateodelnorte/meta",       "private": false,       "owner": {         "login": "mateodelnorte",         "id": 554847,         "node_id": "MDQ6VXNlcjU1NDg0Nw==",         "avatar_url": "https://avatars3.githubusercontent.com/u/554847?v=4",         "gravatar_id": "",         "url": "https://api.github.com/users/mateodelnorte",         "html_url": "https://github.com/mateodelnorte",         "followers_url": "https://api.github.com/users/mateodelnorte/followers",         "following_url": "https://api.github.com/users/mateodelnorte/following{/other_user}",         "gists_url": "https://api.github.com/users/mateodelnorte/gists{/gist_id}",         "starred_url": "https://api.github.com/users/mateodelnorte/starred{/owner}{/repo}",         "subscriptions_url": "https://api.github.com/users/mateodelnorte/subscriptions",         "organizations_url": "https://api.github.com/users/mateodelnorte/orgs",         "repos_url": "https://api.github.com/users/mateodelnorte/repos",         "events_url": "https://api.github.com/users/mateodelnorte/events{/privacy}",         "received_events_url": "https://api.github.com/users/mateodelnorte/received_events",         "type": "User",         "site_admin": false       },       "html_url": "https://github.com/mateodelnorte/meta",       "description": "tool for turning many repos into a meta repo. why choose many repos or a monolithic repo, when you can have both with a meta repo?",       "fork": false,       "url": "https://api.github.com/repos/mateodelnorte/meta",       "forks_url": "https://api.github.com/repos/mateodelnorte/meta/forks",       "keys_url": "https://api.github.com/repos/mateodelnorte/meta/keys{/key_id}",       "collaborators_url": "https://api.github.com/repos/mateodelnorte/meta/collaborators{/collaborator}",       "teams_url": "https://api.github.com/repos/mateodelnorte/meta/teams",       "hooks_url": "https://api.github.com/repos/mateodelnorte/meta/hooks",       "issue_events_url": "https://api.github.com/repos/mateodelnorte/meta/issues/events{/number}",       "events_url": "https://api.github.com/repos/mateodelnorte/meta/events",       "assignees_url": "https://api.github.com/repos/mateodelnorte/meta/assignees{/user}",       "branches_url": "https://api.github.com/repos/mateodelnorte/meta/branches{/branch}",       "tags_url": "https://api.github.com/repos/mateodelnorte/meta/tags",       "blobs_url": "https://api.github.com/repos/mateodelnorte/meta/git/blobs{/sha}",       "git_tags_url": "https://api.github.com/repos/mateodelnorte/meta/git/tags{/sha}",       "git_refs_url": "https://api.github.com/repos/mateodelnorte/meta/git/refs{/sha}",       "trees_url": "https://api.github.com/repos/mateodelnorte/meta/git/trees{/sha}",       "statuses_url": "https://api.github.com/repos/mateodelnorte/meta/statuses/{sha}",       "languages_url": "https://api.github.com/repos/mateodelnorte/meta/languages",       "stargazers_url": "https://api.github.com/repos/mateodelnorte/meta/stargazers",       "contributors_url": "https://api.github.com/repos/mateodelnorte/meta/contributors",       "subscribers_url": "https://api.github.com/repos/mateodelnorte/meta/subscribers",       "subscription_url": "https://api.github.com/repos/mateodelnorte/meta/subscription",       "commits_url": "https://api.github.com/repos/mateodelnorte/meta/commits{/sha}",       "git_commits_url": "https://api.github.com/repos/mateodelnorte/meta/git/commits{/sha}",       "comments_url": "https://api.github.com/repos/mateodelnorte/meta/comments{/number}",       "issue_comment_url": "https://api.github.com/repos/mateodelnorte/meta/issues/comments{/number}",       "contents_url": "https://api.github.com/repos/mateodelnorte/meta/contents/{+path}",       "compare_url": "https://api.github.com/repos/mateodelnorte/meta/compare/{base}...{head}",       "merges_url": "https://api.github.com/repos/mateodelnorte/meta/merges",       "archive_url": "https://api.github.com/repos/mateodelnorte/meta/{archive_format}{/ref}",       "downloads_url": "https://api.github.com/repos/mateodelnorte/meta/downloads",       "issues_url": "https://api.github.com/repos/mateodelnorte/meta/issues{/number}",       "pulls_url": "https://api.github.com/repos/mateodelnorte/meta/pulls{/number}",       "milestones_url": "https://api.github.com/repos/mateodelnorte/meta/milestones{/number}",       "notifications_url": "https://api.github.com/repos/mateodelnorte/meta/notifications{?since,all,participating}",       "labels_url": "https://api.github.com/repos/mateodelnorte/meta/labels{/name}",       "releases_url": "https://api.github.com/repos/mateodelnorte/meta/releases{/id}",       "deployments_url": "https://api.github.com/repos/mateodelnorte/meta/deployments",       "created_at": "2016-12-14T00:06:35Z",       "updated_at": "2019-01-27T07:29:38Z",       "pushed_at": "2019-01-25T18:00:32Z",       "git_url": "git://github.com/mateodelnorte/meta.git",       "ssh_url": "git@github.com:mateodelnorte/meta.git",       "clone_url": "https://github.com/mateodelnorte/meta.git",       "svn_url": "https://github.com/mateodelnorte/meta",       "homepage": "",       "size": 2507,       "stargazers_count": 489,       "watchers_count": 489,       "language": "JavaScript",       "has_issues": true,       "has_projects": true,       "has_downloads": true,       "has_wiki": true,       "has_pages": false,       "forks_count": 27,       "mirror_url": null,       "archived": false,       "open_issues_count": 18,       "license": null,       "forks": 27,       "open_issues": 18,       "watchers": 489,       "default_branch": "master",       "score": 35.229836     },     {       "id": 120470493,       "node_id": "MDEwOlJlcG9zaXRvcnkxMjA0NzA0OTM=",       "name": "awesome-dev-podcasts",       "full_name": "sw-yx/awesome-dev-podcasts",       "private": false,       "owner": {         "login": "sw-yx",         "id": 6764957,         "node_id": "MDQ6VXNlcjY3NjQ5NTc=",         "avatar_url": "https://avatars1.githubusercontent.com/u/6764957?v=4",         "gravatar_id": "",         "url": "https://api.github.com/users/sw-yx",         "html_url": "https://github.com/sw-yx",         "followers_url": "https://api.github.com/users/sw-yx/followers",         "following_url": "https://api.github.com/users/sw-yx/following{/other_user}",         "gists_url": "https://api.github.com/users/sw-yx/gists{/gist_id}",         "starred_url": "https://api.github.com/users/sw-yx/starred{/owner}{/repo}",         "subscriptions_url": "https://api.github.com/users/sw-yx/subscriptions",         "organizations_url": "https://api.github.com/users/sw-yx/orgs",         "repos_url": "https://api.github.com/users/sw-yx/repos",         "events_url": "https://api.github.com/users/sw-yx/events{/privacy}",         "received_events_url": "https://api.github.com/users/sw-yx/received_events",         "type": "User",         "site_admin": false       },       "html_url": "https://github.com/sw-yx/awesome-dev-podcasts",       "description": "a curated list of awesome dev podcasts and why they are awesome",       "fork": false,       "url": "https://api.github.com/repos/sw-yx/awesome-dev-podcasts",       "forks_url": "https://api.github.com/repos/sw-yx/awesome-dev-podcasts/forks",       "keys_url": "https://api.github.com/repos/sw-yx/awesome-dev-podcasts/keys{/key_id}",       "collaborators_url": "https://api.github.com/repos/sw-yx/awesome-dev-podcasts/collaborators{/collaborator}",       "teams_url": "https://api.github.com/repos/sw-yx/awesome-dev-podcasts/teams",       "hooks_url": "https://api.github.com/repos/sw-yx/awesome-dev-podcasts/hooks",       "issue_events_url": "https://api.github.com/repos/sw-yx/awesome-dev-podcasts/issues/events{/number}",       "events_url": "https://api.github.com/repos/sw-yx/awesome-dev-podcasts/events",       "assignees_url": "https://api.github.com/repos/sw-yx/awesome-dev-podcasts/assignees{/user}",       "branches_url": "https://api.github.com/repos/sw-yx/awesome-dev-podcasts/branches{/branch}",       "tags_url": "https://api.github.com/repos/sw-yx/awesome-dev-podcasts/tags",       "blobs_url": "https://api.github.com/repos/sw-yx/awesome-dev-podcasts/git/blobs{/sha}",       "git_tags_url": "https://api.github.com/repos/sw-yx/awesome-dev-podcasts/git/tags{/sha}",       "git_refs_url": "https://api.github.com/repos/sw-yx/awesome-dev-podcasts/git/refs{/sha}",       "trees_url": "https://api.github.com/repos/sw-yx/awesome-dev-podcasts/git/trees{/sha}",       "statuses_url": "https://api.github.com/repos/sw-yx/awesome-dev-podcasts/statuses/{sha}",       "languages_url": "https://api.github.com/repos/sw-yx/awesome-dev-podcasts/languages",       "stargazers_url": "https://api.github.com/repos/sw-yx/awesome-dev-podcasts/stargazers",       "contributors_url": "https://api.github.com/repos/sw-yx/awesome-dev-podcasts/contributors",       "subscribers_url": "https://api.github.com/repos/sw-yx/awesome-dev-podcasts/subscribers",       "subscription_url": "https://api.github.com/repos/sw-yx/awesome-dev-podcasts/subscription",       "commits_url": "https://api.github.com/repos/sw-yx/awesome-dev-podcasts/commits{/sha}",       "git_commits_url": "https://api.github.com/repos/sw-yx/awesome-dev-podcasts/git/commits{/sha}",       "comments_url": "https://api.github.com/repos/sw-yx/awesome-dev-podcasts/comments{/number}",       "issue_comment_url": "https://api.github.com/repos/sw-yx/awesome-dev-podcasts/issues/comments{/number}",       "contents_url": "https://api.github.com/repos/sw-yx/awesome-dev-podcasts/contents/{+path}",       "compare_url": "https://api.github.com/repos/sw-yx/awesome-dev-podcasts/compare/{base}...{head}",       "merges_url": "https://api.github.com/repos/sw-yx/awesome-dev-podcasts/merges",       "archive_url": "https://api.github.com/repos/sw-yx/awesome-dev-podcasts/{archive_format}{/ref}",       "downloads_url": "https://api.github.com/repos/sw-yx/awesome-dev-podcasts/downloads",       "issues_url": "https://api.github.com/repos/sw-yx/awesome-dev-podcasts/issues{/number}",       "pulls_url": "https://api.github.com/repos/sw-yx/awesome-dev-podcasts/pulls{/number}",       "milestones_url": "https://api.github.com/repos/sw-yx/awesome-dev-podcasts/milestones{/number}",       "notifications_url": "https://api.github.com/repos/sw-yx/awesome-dev-podcasts/notifications{?since,all,participating}",       "labels_url": "https://api.github.com/repos/sw-yx/awesome-dev-podcasts/labels{/name}",       "releases_url": "https://api.github.com/repos/sw-yx/awesome-dev-podcasts/releases{/id}",       "deployments_url": "https://api.github.com/repos/sw-yx/awesome-dev-podcasts/deployments",       "created_at": "2018-02-06T14:32:41Z",       "updated_at": "2019-01-23T00:52:57Z",       "pushed_at": "2018-09-12T14:28:36Z",       "git_url": "git://github.com/sw-yx/awesome-dev-podcasts.git",       "ssh_url": "git@github.com:sw-yx/awesome-dev-podcasts.git",       "clone_url": "https://github.com/sw-yx/awesome-dev-podcasts.git",       "svn_url": "https://github.com/sw-yx/awesome-dev-podcasts",       "homepage": "",       "size": 29,       "stargazers_count": 455,       "watchers_count": 455,       "language": null,       "has_issues": true,       "has_projects": true,       "has_downloads": true,       "has_wiki": true,       "has_pages": false,       "forks_count": 26,       "mirror_url": null,       "archived": false,       "open_issues_count": 3,       "license": null,       "forks": 26,       "open_issues": 3,       "watchers": 455,       "default_branch": "master",       "score": 48.05493     },     {       "id": 18601900,       "node_id": "MDEwOlJlcG9zaXRvcnkxODYwMTkwMA==",       "name": "eliot",       "full_name": "itamarst/eliot",       "private": false,       "owner": {         "login": "itamarst",         "id": 3266662,         "node_id": "MDQ6VXNlcjMyNjY2NjI=",         "avatar_url": "https://avatars1.githubusercontent.com/u/3266662?v=4",         "gravatar_id": "",         "url": "https://api.github.com/users/itamarst",         "html_url": "https://github.com/itamarst",         "followers_url": "https://api.github.com/users/itamarst/followers",         "following_url": "https://api.github.com/users/itamarst/following{/other_user}",         "gists_url": "https://api.github.com/users/itamarst/gists{/gist_id}",         "starred_url": "https://api.github.com/users/itamarst/starred{/owner}{/repo}",         "subscriptions_url": "https://api.github.com/users/itamarst/subscriptions",         "organizations_url": "https://api.github.com/users/itamarst/orgs",         "repos_url": "https://api.github.com/users/itamarst/repos",         "events_url": "https://api.github.com/users/itamarst/events{/privacy}",         "received_events_url": "https://api.github.com/users/itamarst/received_events",         "type": "User",         "site_admin": false       },       "html_url": "https://github.com/itamarst/eliot",       "description": "Eliot: the logging system that tells you *why* it happened",       "fork": false,       "url": "https://api.github.com/repos/itamarst/eliot",       "forks_url": "https://api.github.com/repos/itamarst/eliot/forks",       "keys_url": "https://api.github.com/repos/itamarst/eliot/keys{/key_id}",       "collaborators_url": "https://api.github.com/repos/itamarst/eliot/collaborators{/collaborator}",       "teams_url": "https://api.github.com/repos/itamarst/eliot/teams",       "hooks_url": "https://api.github.com/repos/itamarst/eliot/hooks",       "issue_events_url": "https://api.github.com/repos/itamarst/eliot/issues/events{/number}",       "events_url": "https://api.github.com/repos/itamarst/eliot/events",       "assignees_url": "https://api.github.com/repos/itamarst/eliot/assignees{/user}",       "branches_url": "https://api.github.com/repos/itamarst/eliot/branches{/branch}",       "tags_url": "https://api.github.com/repos/itamarst/eliot/tags",       "blobs_url": "https://api.github.com/repos/itamarst/eliot/git/blobs{/sha}",       "git_tags_url": "https://api.github.com/repos/itamarst/eliot/git/tags{/sha}",       "git_refs_url": "https://api.github.com/repos/itamarst/eliot/git/refs{/sha}",       "trees_url": "https://api.github.com/repos/itamarst/eliot/git/trees{/sha}",       "statuses_url": "https://api.github.com/repos/itamarst/eliot/statuses/{sha}",       "languages_url": "https://api.github.com/repos/itamarst/eliot/languages",       "stargazers_url": "https://api.github.com/repos/itamarst/eliot/stargazers",       "contributors_url": "https://api.github.com/repos/itamarst/eliot/contributors",       "subscribers_url": "https://api.github.com/repos/itamarst/eliot/subscribers",       "subscription_url": "https://api.github.com/repos/itamarst/eliot/subscription",       "commits_url": "https://api.github.com/repos/itamarst/eliot/commits{/sha}",       "git_commits_url": "https://api.github.com/repos/itamarst/eliot/git/commits{/sha}",       "comments_url": "https://api.github.com/repos/itamarst/eliot/comments{/number}",       "issue_comment_url": "https://api.github.com/repos/itamarst/eliot/issues/comments{/number}",       "contents_url": "https://api.github.com/repos/itamarst/eliot/contents/{+path}",       "compare_url": "https://api.github.com/repos/itamarst/eliot/compare/{base}...{head}",       "merges_url": "https://api.github.com/repos/itamarst/eliot/merges",       "archive_url": "https://api.github.com/repos/itamarst/eliot/{archive_format}{/ref}",       "downloads_url": "https://api.github.com/repos/itamarst/eliot/downloads",       "issues_url": "https://api.github.com/repos/itamarst/eliot/issues{/number}",       "pulls_url": "https://api.github.com/repos/itamarst/eliot/pulls{/number}",       "milestones_url": "https://api.github.com/repos/itamarst/eliot/milestones{/number}",       "notifications_url": "https://api.github.com/repos/itamarst/eliot/notifications{?since,all,participating}",       "labels_url": "https://api.github.com/repos/itamarst/eliot/labels{/name}",       "releases_url": "https://api.github.com/repos/itamarst/eliot/releases{/id}",       "deployments_url": "https://api.github.com/repos/itamarst/eliot/deployments",       "created_at": "2014-04-09T15:12:19Z",       "updated_at": "2019-01-25T22:49:37Z",       "pushed_at": "2019-01-02T18:19:45Z",       "git_url": "git://github.com/itamarst/eliot.git",       "ssh_url": "git@github.com:itamarst/eliot.git",       "clone_url": "https://github.com/itamarst/eliot.git",       "svn_url": "https://github.com/itamarst/eliot",       "homepage": "https://eliot.readthedocs.io",       "size": 1017,       "stargazers_count": 445,       "watchers_count": 445,       "language": "Python",       "has_issues": true,       "has_projects": true,       "has_downloads": true,       "has_wiki": true,       "has_pages": false,       "forks_count": 32,       "mirror_url": null,       "archived": false,       "open_issues_count": 89,       "license": {         "key": "apache-2.0",         "name": "Apache License 2.0",         "spdx_id": "Apache-2.0",         "url": "https://api.github.com/licenses/apache-2.0",         "node_id": "MDc6TGljZW5zZTI="       },       "forks": 32,       "open_issues": 89,       "watchers": 445,       "default_branch": "master",       "score": 61.204872     },     {       "id": 164816947,       "node_id": "MDEwOlJlcG9zaXRvcnkxNjQ4MTY5NDc=",       "name": "stockpredictionai",       "full_name": "borisbanushev/stockpredictionai",       "private": false,       "owner": {         "login": "borisbanushev",         "id": 36700291,         "node_id": "MDQ6VXNlcjM2NzAwMjkx",         "avatar_url": "https://avatars3.githubusercontent.com/u/36700291?v=4",         "gravatar_id": "",         "url": "https://api.github.com/users/borisbanushev",         "html_url": "https://github.com/borisbanushev",         "followers_url": "https://api.github.com/users/borisbanushev/followers",         "following_url": "https://api.github.com/users/borisbanushev/following{/other_user}",         "gists_url": "https://api.github.com/users/borisbanushev/gists{/gist_id}",         "starred_url": "https://api.github.com/users/borisbanushev/starred{/owner}{/repo}",         "subscriptions_url": "https://api.github.com/users/borisbanushev/subscriptions",         "organizations_url": "https://api.github.com/users/borisbanushev/orgs",         "repos_url": "https://api.github.com/users/borisbanushev/repos",         "events_url": "https://api.github.com/users/borisbanushev/events{/privacy}",         "received_events_url": "https://api.github.com/users/borisbanushev/received_events",         "type": "User",         "site_admin": false       },       "html_url": "https://github.com/borisbanushev/stockpredictionai",       "description": "       In this noteboook I will create a complete process for predicting stock price movements. Follow along and we will achieve some pretty good results. For that purpose we will use a Generative Adversarial Network (GAN) with LSTM, a type of Recurrent Neural Network, as generator, and a Convolutional Neural Network, CNN, as a discriminator. We use LSTM for the obvious reason that we are trying to predict time series data. Why we use GAN and specifically CNN as a discriminator? That is a good question: there are special sections on that later.",       "fork": false,       "url": "https://api.github.com/repos/borisbanushev/stockpredictionai",       "forks_url": "https://api.github.com/repos/borisbanushev/stockpredictionai/forks",       "keys_url": "https://api.github.com/repos/borisbanushev/stockpredictionai/keys{/key_id}",       "collaborators_url": "https://api.github.com/repos/borisbanushev/stockpredictionai/collaborators{/collaborator}",       "teams_url": "https://api.github.com/repos/borisbanushev/stockpredictionai/teams",       "hooks_url": "https://api.github.com/repos/borisbanushev/stockpredictionai/hooks",       "issue_events_url": "https://api.github.com/repos/borisbanushev/stockpredictionai/issues/events{/number}",       "events_url": "https://api.github.com/repos/borisbanushev/stockpredictionai/events",       "assignees_url": "https://api.github.com/repos/borisbanushev/stockpredictionai/assignees{/user}",       "branches_url": "https://api.github.com/repos/borisbanushev/stockpredictionai/branches{/branch}",       "tags_url": "https://api.github.com/repos/borisbanushev/stockpredictionai/tags",       "blobs_url": "https://api.github.com/repos/borisbanushev/stockpredictionai/git/blobs{/sha}",       "git_tags_url": "https://api.github.com/repos/borisbanushev/stockpredictionai/git/tags{/sha}",       "git_refs_url": "https://api.github.com/repos/borisbanushev/stockpredictionai/git/refs{/sha}",       "trees_url": "https://api.github.com/repos/borisbanushev/stockpredictionai/git/trees{/sha}",       "statuses_url": "https://api.github.com/repos/borisbanushev/stockpredictionai/statuses/{sha}",       "languages_url": "https://api.github.com/repos/borisbanushev/stockpredictionai/languages",       "stargazers_url": "https://api.github.com/repos/borisbanushev/stockpredictionai/stargazers",       "contributors_url": "https://api.github.com/repos/borisbanushev/stockpredictionai/contributors",       "subscribers_url": "https://api.github.com/repos/borisbanushev/stockpredictionai/subscribers",       "subscription_url": "https://api.github.com/repos/borisbanushev/stockpredictionai/subscription",       "commits_url": "https://api.github.com/repos/borisbanushev/stockpredictionai/commits{/sha}",       "git_commits_url": "https://api.github.com/repos/borisbanushev/stockpredictionai/git/commits{/sha}",       "comments_url": "https://api.github.com/repos/borisbanushev/stockpredictionai/comments{/number}",       "issue_comment_url": "https://api.github.com/repos/borisbanushev/stockpredictionai/issues/comments{/number}",       "contents_url": "https://api.github.com/repos/borisbanushev/stockpredictionai/contents/{+path}",       "compare_url": "https://api.github.com/repos/borisbanushev/stockpredictionai/compare/{base}...{head}",       "merges_url": "https://api.github.com/repos/borisbanushev/stockpredictionai/merges",       "archive_url": "https://api.github.com/repos/borisbanushev/stockpredictionai/{archive_format}{/ref}",       "downloads_url": "https://api.github.com/repos/borisbanushev/stockpredictionai/downloads",       "issues_url": "https://api.github.com/repos/borisbanushev/stockpredictionai/issues{/number}",       "pulls_url": "https://api.github.com/repos/borisbanushev/stockpredictionai/pulls{/number}",       "milestones_url": "https://api.github.com/repos/borisbanushev/stockpredictionai/milestones{/number}",       "notifications_url": "https://api.github.com/repos/borisbanushev/stockpredictionai/notifications{?since,all,participating}",       "labels_url": "https://api.github.com/repos/borisbanushev/stockpredictionai/labels{/name}",       "releases_url": "https://api.github.com/repos/borisbanushev/stockpredictionai/releases{/id}",       "deployments_url": "https://api.github.com/repos/borisbanushev/stockpredictionai/deployments",       "created_at": "2019-01-09T08:02:47Z",       "updated_at": "2019-01-28T20:24:48Z",       "pushed_at": "2019-01-24T20:24:50Z",       "git_url": "git://github.com/borisbanushev/stockpredictionai.git",       "ssh_url": "git@github.com:borisbanushev/stockpredictionai.git",       "clone_url": "https://github.com/borisbanushev/stockpredictionai.git",       "svn_url": "https://github.com/borisbanushev/stockpredictionai",       "homepage": "",       "size": 1950,       "stargazers_count": 417,       "watchers_count": 417,       "language": null,       "has_issues": true,       "has_projects": true,       "has_downloads": true,       "has_wiki": true,       "has_pages": false,       "forks_count": 181,       "mirror_url": null,       "archived": false,       "open_issues_count": 12,       "license": null,       "forks": 181,       "open_issues": 12,       "watchers": 417,       "default_branch": "master",       "score": 14.908625     },     {       "id": 35077713,       "node_id": "MDEwOlJlcG9zaXRvcnkzNTA3NzcxMw==",       "name": "whyliam.workflows.youdao",       "full_name": "liszd/whyliam.workflows.youdao",       "private": false,       "owner": {         "login": "liszd",         "id": 3387850,         "node_id": "MDQ6VXNlcjMzODc4NTA=",         "avatar_url": "https://avatars0.githubusercontent.com/u/3387850?v=4",         "gravatar_id": "",         "url": "https://api.github.com/users/liszd",         "html_url": "https://github.com/liszd",         "followers_url": "https://api.github.com/users/liszd/followers",         "following_url": "https://api.github.com/users/liszd/following{/other_user}",         "gists_url": "https://api.github.com/users/liszd/gists{/gist_id}",         "starred_url": "https://api.github.com/users/liszd/starred{/owner}{/repo}",         "subscriptions_url": "https://api.github.com/users/liszd/subscriptions",         "organizations_url": "https://api.github.com/users/liszd/orgs",         "repos_url": "https://api.github.com/users/liszd/repos",         "events_url": "https://api.github.com/users/liszd/events{/privacy}",         "received_events_url": "https://api.github.com/users/liszd/received_events",         "type": "User",         "site_admin": false       },       "html_url": "https://github.com/liszd/whyliam.workflows.youdao",       "description": "使用有道翻译你想知道的单词和语句",       "fork": false,       "url": "https://api.github.com/repos/liszd/whyliam.workflows.youdao",       "forks_url": "https://api.github.com/repos/liszd/whyliam.workflows.youdao/forks",       "keys_url": "https://api.github.com/repos/liszd/whyliam.workflows.youdao/keys{/key_id}",       "collaborators_url": "https://api.github.com/repos/liszd/whyliam.workflows.youdao/collaborators{/collaborator}",       "teams_url": "https://api.github.com/repos/liszd/whyliam.workflows.youdao/teams",       "hooks_url": "https://api.github.com/repos/liszd/whyliam.workflows.youdao/hooks",       "issue_events_url": "https://api.github.com/repos/liszd/whyliam.workflows.youdao/issues/events{/number}",       "events_url": "https://api.github.com/repos/liszd/whyliam.workflows.youdao/events",       "assignees_url": "https://api.github.com/repos/liszd/whyliam.workflows.youdao/assignees{/user}",       "branches_url": "https://api.github.com/repos/liszd/whyliam.workflows.youdao/branches{/branch}",       "tags_url": "https://api.github.com/repos/liszd/whyliam.workflows.youdao/tags",       "blobs_url": "https://api.github.com/repos/liszd/whyliam.workflows.youdao/git/blobs{/sha}",       "git_tags_url": "https://api.github.com/repos/liszd/whyliam.workflows.youdao/git/tags{/sha}",       "git_refs_url": "https://api.github.com/repos/liszd/whyliam.workflows.youdao/git/refs{/sha}",       "trees_url": "https://api.github.com/repos/liszd/whyliam.workflows.youdao/git/trees{/sha}",       "statuses_url": "https://api.github.com/repos/liszd/whyliam.workflows.youdao/statuses/{sha}",       "languages_url": "https://api.github.com/repos/liszd/whyliam.workflows.youdao/languages",       "stargazers_url": "https://api.github.com/repos/liszd/whyliam.workflows.youdao/stargazers",       "contributors_url": "https://api.github.com/repos/liszd/whyliam.workflows.youdao/contributors",       "subscribers_url": "https://api.github.com/repos/liszd/whyliam.workflows.youdao/subscribers",       "subscription_url": "https://api.github.com/repos/liszd/whyliam.workflows.youdao/subscription",       "commits_url": "https://api.github.com/repos/liszd/whyliam.workflows.youdao/commits{/sha}",       "git_commits_url": "https://api.github.com/repos/liszd/whyliam.workflows.youdao/git/commits{/sha}",       "comments_url": "https://api.github.com/repos/liszd/whyliam.workflows.youdao/comments{/number}",       "issue_comment_url": "https://api.github.com/repos/liszd/whyliam.workflows.youdao/issues/comments{/number}",       "contents_url": "https://api.github.com/repos/liszd/whyliam.workflows.youdao/contents/{+path}",       "compare_url": "https://api.github.com/repos/liszd/whyliam.workflows.youdao/compare/{base}...{head}",       "merges_url": "https://api.github.com/repos/liszd/whyliam.workflows.youdao/merges",       "archive_url": "https://api.github.com/repos/liszd/whyliam.workflows.youdao/{archive_format}{/ref}",       "downloads_url": "https://api.github.com/repos/liszd/whyliam.workflows.youdao/downloads",       "issues_url": "https://api.github.com/repos/liszd/whyliam.workflows.youdao/issues{/number}",       "pulls_url": "https://api.github.com/repos/liszd/whyliam.workflows.youdao/pulls{/number}",       "milestones_url": "https://api.github.com/repos/liszd/whyliam.workflows.youdao/milestones{/number}",       "notifications_url": "https://api.github.com/repos/liszd/whyliam.workflows.youdao/notifications{?since,all,participating}",       "labels_url": "https://api.github.com/repos/liszd/whyliam.workflows.youdao/labels{/name}",       "releases_url": "https://api.github.com/repos/liszd/whyliam.workflows.youdao/releases{/id}",       "deployments_url": "https://api.github.com/repos/liszd/whyliam.workflows.youdao/deployments",       "created_at": "2015-05-05T04:23:14Z",       "updated_at": "2019-01-27T04:15:49Z",       "pushed_at": "2018-08-03T05:49:11Z",       "git_url": "git://github.com/liszd/whyliam.workflows.youdao.git",       "ssh_url": "git@github.com:liszd/whyliam.workflows.youdao.git",       "clone_url": "https://github.com/liszd/whyliam.workflows.youdao.git",       "svn_url": "https://github.com/liszd/whyliam.workflows.youdao",       "homepage": "http://blog.naaln.com/2015/05/repeat-create-the-wheel-alfred-plugin-youdao",       "size": 3048,       "stargazers_count": 416,       "watchers_count": 416,       "language": "Python",       "has_issues": true,       "has_projects": true,       "has_downloads": true,       "has_wiki": true,       "has_pages": false,       "forks_count": 72,       "mirror_url": null,       "archived": false,       "open_issues_count": 1,       "license": {         "key": "mit",         "name": "MIT License",         "spdx_id": "MIT",         "url": "https://api.github.com/licenses/mit",         "node_id": "MDc6TGljZW5zZTEz"       },       "forks": 72,       "open_issues": 1,       "watchers": 416,       "default_branch": "master",       "score": 85.41554     },     {       "id": 2192780,       "node_id": "MDEwOlJlcG9zaXRvcnkyMTkyNzgw",       "name": "jOOX",       "full_name": "jOOQ/jOOX",       "private": false,       "owner": {         "login": "jOOQ",         "id": 1666512,         "node_id": "MDEyOk9yZ2FuaXphdGlvbjE2NjY1MTI=",         "avatar_url": "https://avatars3.githubusercontent.com/u/1666512?v=4",         "gravatar_id": "",         "url": "https://api.github.com/users/jOOQ",         "html_url": "https://github.com/jOOQ",         "followers_url": "https://api.github.com/users/jOOQ/followers",         "following_url": "https://api.github.com/users/jOOQ/following{/other_user}",         "gists_url": "https://api.github.com/users/jOOQ/gists{/gist_id}",         "starred_url": "https://api.github.com/users/jOOQ/starred{/owner}{/repo}",         "subscriptions_url": "https://api.github.com/users/jOOQ/subscriptions",         "organizations_url": "https://api.github.com/users/jOOQ/orgs",         "repos_url": "https://api.github.com/users/jOOQ/repos",         "events_url": "https://api.github.com/users/jOOQ/events{/privacy}",         "received_events_url": "https://api.github.com/users/jOOQ/received_events",         "type": "Organization",         "site_admin": false       },       "html_url": "https://github.com/jOOQ/jOOX",       "description": "jOOX - The Power of jQuery Applied to W3C DOM Like JDBC, DOM is a powerful, yet very verbose low-level API to manipulate XML. The HTML DOM an be manipulated with the popular jQuery product, in JavaScript. Why don't we have jQuery in Java? jOOX is jQuery's XML parts, applied to Java.",       "fork": false,       "url": "https://api.github.com/repos/jOOQ/jOOX",       "forks_url": "https://api.github.com/repos/jOOQ/jOOX/forks",       "keys_url": "https://api.github.com/repos/jOOQ/jOOX/keys{/key_id}",       "collaborators_url": "https://api.github.com/repos/jOOQ/jOOX/collaborators{/collaborator}",       "teams_url": "https://api.github.com/repos/jOOQ/jOOX/teams",       "hooks_url": "https://api.github.com/repos/jOOQ/jOOX/hooks",       "issue_events_url": "https://api.github.com/repos/jOOQ/jOOX/issues/events{/number}",       "events_url": "https://api.github.com/repos/jOOQ/jOOX/events",       "assignees_url": "https://api.github.com/repos/jOOQ/jOOX/assignees{/user}",       "branches_url": "https://api.github.com/repos/jOOQ/jOOX/branches{/branch}",       "tags_url": "https://api.github.com/repos/jOOQ/jOOX/tags",       "blobs_url": "https://api.github.com/repos/jOOQ/jOOX/git/blobs{/sha}",       "git_tags_url": "https://api.github.com/repos/jOOQ/jOOX/git/tags{/sha}",       "git_refs_url": "https://api.github.com/repos/jOOQ/jOOX/git/refs{/sha}",       "trees_url": "https://api.github.com/repos/jOOQ/jOOX/git/trees{/sha}",       "statuses_url": "https://api.github.com/repos/jOOQ/jOOX/statuses/{sha}",       "languages_url": "https://api.github.com/repos/jOOQ/jOOX/languages",       "stargazers_url": "https://api.github.com/repos/jOOQ/jOOX/stargazers",       "contributors_url": "https://api.github.com/repos/jOOQ/jOOX/contributors",       "subscribers_url": "https://api.github.com/repos/jOOQ/jOOX/subscribers",       "subscription_url": "https://api.github.com/repos/jOOQ/jOOX/subscription",       "commits_url": "https://api.github.com/repos/jOOQ/jOOX/commits{/sha}",       "git_commits_url": "https://api.github.com/repos/jOOQ/jOOX/git/commits{/sha}",       "comments_url": "https://api.github.com/repos/jOOQ/jOOX/comments{/number}",       "issue_comment_url": "https://api.github.com/repos/jOOQ/jOOX/issues/comments{/number}",       "contents_url": "https://api.github.com/repos/jOOQ/jOOX/contents/{+path}",       "compare_url": "https://api.github.com/repos/jOOQ/jOOX/compare/{base}...{head}",       "merges_url": "https://api.github.com/repos/jOOQ/jOOX/merges",       "archive_url": "https://api.github.com/repos/jOOQ/jOOX/{archive_format}{/ref}",       "downloads_url": "https://api.github.com/repos/jOOQ/jOOX/downloads",       "issues_url": "https://api.github.com/repos/jOOQ/jOOX/issues{/number}",       "pulls_url": "https://api.github.com/repos/jOOQ/jOOX/pulls{/number}",       "milestones_url": "https://api.github.com/repos/jOOQ/jOOX/milestones{/number}",       "notifications_url": "https://api.github.com/repos/jOOQ/jOOX/notifications{?since,all,participating}",       "labels_url": "https://api.github.com/repos/jOOQ/jOOX/labels{/name}",       "releases_url": "https://api.github.com/repos/jOOQ/jOOX/releases{/id}",       "deployments_url": "https://api.github.com/repos/jOOQ/jOOX/deployments",       "created_at": "2011-08-11T18:08:47Z",       "updated_at": "2019-01-29T02:59:21Z",       "pushed_at": "2018-09-10T11:04:36Z",       "git_url": "git://github.com/jOOQ/jOOX.git",       "ssh_url": "git@github.com:jOOQ/jOOX.git",       "clone_url": "https://github.com/jOOQ/jOOX.git",       "svn_url": "https://github.com/jOOQ/jOOX",       "homepage": "http://www.jooq.org/products",       "size": 678,       "stargazers_count": 393,       "watchers_count": 393,       "language": "Java",       "has_issues": true,       "has_projects": true,       "has_downloads": true,       "has_wiki": true,       "has_pages": false,       "forks_count": 33,       "mirror_url": null,       "archived": false,       "open_issues_count": 47,       "license": {         "key": "apache-2.0",         "name": "Apache License 2.0",         "spdx_id": "Apache-2.0",         "url": "https://api.github.com/licenses/apache-2.0",         "node_id": "MDc6TGljZW5zZTI="       },       "forks": 33,       "open_issues": 47,       "watchers": 393,       "default_branch": "master",       "score": 19.787785     },     {       "id": 122733470,       "node_id": "MDEwOlJlcG9zaXRvcnkxMjI3MzM0NzA=",       "name": "whybundled",       "full_name": "d4rkr00t/whybundled",       "private": false,       "owner": {         "login": "d4rkr00t",         "id": 200119,         "node_id": "MDQ6VXNlcjIwMDExOQ==",         "avatar_url": "https://avatars2.githubusercontent.com/u/200119?v=4",         "gravatar_id": "",         "url": "https://api.github.com/users/d4rkr00t",         "html_url": "https://github.com/d4rkr00t",         "followers_url": "https://api.github.com/users/d4rkr00t/followers",         "following_url": "https://api.github.com/users/d4rkr00t/following{/other_user}",         "gists_url": "https://api.github.com/users/d4rkr00t/gists{/gist_id}",         "starred_url": "https://api.github.com/users/d4rkr00t/starred{/owner}{/repo}",         "subscriptions_url": "https://api.github.com/users/d4rkr00t/subscriptions",         "organizations_url": "https://api.github.com/users/d4rkr00t/orgs",         "repos_url": "https://api.github.com/users/d4rkr00t/repos",         "events_url": "https://api.github.com/users/d4rkr00t/events{/privacy}",         "received_events_url": "https://api.github.com/users/d4rkr00t/received_events",         "type": "User",         "site_admin": false       },       "html_url": "https://github.com/d4rkr00t/whybundled",       "description": "Answers the question – Why the hell is this module in a bundle?",       "fork": false,       "url": "https://api.github.com/repos/d4rkr00t/whybundled",       "forks_url": "https://api.github.com/repos/d4rkr00t/whybundled/forks",       "keys_url": "https://api.github.com/repos/d4rkr00t/whybundled/keys{/key_id}",       "collaborators_url": "https://api.github.com/repos/d4rkr00t/whybundled/collaborators{/collaborator}",       "teams_url": "https://api.github.com/repos/d4rkr00t/whybundled/teams",       "hooks_url": "https://api.github.com/repos/d4rkr00t/whybundled/hooks",       "issue_events_url": "https://api.github.com/repos/d4rkr00t/whybundled/issues/events{/number}",       "events_url": "https://api.github.com/repos/d4rkr00t/whybundled/events",       "assignees_url": "https://api.github.com/repos/d4rkr00t/whybundled/assignees{/user}",       "branches_url": "https://api.github.com/repos/d4rkr00t/whybundled/branches{/branch}",       "tags_url": "https://api.github.com/repos/d4rkr00t/whybundled/tags",       "blobs_url": "https://api.github.com/repos/d4rkr00t/whybundled/git/blobs{/sha}",       "git_tags_url": "https://api.github.com/repos/d4rkr00t/whybundled/git/tags{/sha}",       "git_refs_url": "https://api.github.com/repos/d4rkr00t/whybundled/git/refs{/sha}",       "trees_url": "https://api.github.com/repos/d4rkr00t/whybundled/git/trees{/sha}",       "statuses_url": "https://api.github.com/repos/d4rkr00t/whybundled/statuses/{sha}",       "languages_url": "https://api.github.com/repos/d4rkr00t/whybundled/languages",       "stargazers_url": "https://api.github.com/repos/d4rkr00t/whybundled/stargazers",       "contributors_url": "https://api.github.com/repos/d4rkr00t/whybundled/contributors",       "subscribers_url": "https://api.github.com/repos/d4rkr00t/whybundled/subscribers",       "subscription_url": "https://api.github.com/repos/d4rkr00t/whybundled/subscription",       "commits_url": "https://api.github.com/repos/d4rkr00t/whybundled/commits{/sha}",       "git_commits_url": "https://api.github.com/repos/d4rkr00t/whybundled/git/commits{/sha}",       "comments_url": "https://api.github.com/repos/d4rkr00t/whybundled/comments{/number}",       "issue_comment_url": "https://api.github.com/repos/d4rkr00t/whybundled/issues/comments{/number}",       "contents_url": "https://api.github.com/repos/d4rkr00t/whybundled/contents/{+path}",       "compare_url": "https://api.github.com/repos/d4rkr00t/whybundled/compare/{base}...{head}",       "merges_url": "https://api.github.com/repos/d4rkr00t/whybundled/merges",       "archive_url": "https://api.github.com/repos/d4rkr00t/whybundled/{archive_format}{/ref}",       "downloads_url": "https://api.github.com/repos/d4rkr00t/whybundled/downloads",       "issues_url": "https://api.github.com/repos/d4rkr00t/whybundled/issues{/number}",       "pulls_url": "https://api.github.com/repos/d4rkr00t/whybundled/pulls{/number}",       "milestones_url": "https://api.github.com/repos/d4rkr00t/whybundled/milestones{/number}",       "notifications_url": "https://api.github.com/repos/d4rkr00t/whybundled/notifications{?since,all,participating}",       "labels_url": "https://api.github.com/repos/d4rkr00t/whybundled/labels{/name}",       "releases_url": "https://api.github.com/repos/d4rkr00t/whybundled/releases{/id}",       "deployments_url": "https://api.github.com/repos/d4rkr00t/whybundled/deployments",       "created_at": "2018-02-24T11:12:27Z",       "updated_at": "2019-01-23T19:10:27Z",       "pushed_at": "2018-08-20T15:27:01Z",       "git_url": "git://github.com/d4rkr00t/whybundled.git",       "ssh_url": "git@github.com:d4rkr00t/whybundled.git",       "clone_url": "https://github.com/d4rkr00t/whybundled.git",       "svn_url": "https://github.com/d4rkr00t/whybundled",       "homepage": "",       "size": 2003,       "stargazers_count": 374,       "watchers_count": 374,       "language": "JavaScript",       "has_issues": true,       "has_projects": true,       "has_downloads": true,       "has_wiki": true,       "has_pages": false,       "forks_count": 8,       "mirror_url": null,       "archived": false,       "open_issues_count": 0,       "license": {         "key": "mit",         "name": "MIT License",         "spdx_id": "MIT",         "url": "https://api.github.com/licenses/mit",         "node_id": "MDc6TGljZW5zZTEz"       },       "forks": 8,       "open_issues": 0,       "watchers": 374,       "default_branch": "master",       "score": 68.701385     },     {       "id": 9549719,       "node_id": "MDEwOlJlcG9zaXRvcnk5NTQ5NzE5",       "name": "CLOSURE",       "full_name": "steveklabnik/CLOSURE",       "private": false,       "owner": {         "login": "steveklabnik",         "id": 27786,         "node_id": "MDQ6VXNlcjI3Nzg2",         "avatar_url": "https://avatars2.githubusercontent.com/u/27786?v=4",         "gravatar_id": "",         "url": "https://api.github.com/users/steveklabnik",         "html_url": "https://github.com/steveklabnik",         "followers_url": "https://api.github.com/users/steveklabnik/followers",         "following_url": "https://api.github.com/users/steveklabnik/following{/other_user}",         "gists_url": "https://api.github.com/users/steveklabnik/gists{/gist_id}",         "starred_url": "https://api.github.com/users/steveklabnik/starred{/owner}{/repo}",         "subscriptions_url": "https://api.github.com/users/steveklabnik/subscriptions",         "organizations_url": "https://api.github.com/users/steveklabnik/orgs",         "repos_url": "https://api.github.com/users/steveklabnik/repos",         "events_url": "https://api.github.com/users/steveklabnik/events{/privacy}",         "received_events_url": "https://api.github.com/users/steveklabnik/received_events",         "type": "User",         "site_admin": false       },       "html_url": "https://github.com/steveklabnik/CLOSURE",       "description": "Thanks, _why.",       "fork": false,       "url": "https://api.github.com/repos/steveklabnik/CLOSURE",       "forks_url": "https://api.github.com/repos/steveklabnik/CLOSURE/forks",       "keys_url": "https://api.github.com/repos/steveklabnik/CLOSURE/keys{/key_id}",       "collaborators_url": "https://api.github.com/repos/steveklabnik/CLOSURE/collaborators{/collaborator}",       "teams_url": "https://api.github.com/repos/steveklabnik/CLOSURE/teams",       "hooks_url": "https://api.github.com/repos/steveklabnik/CLOSURE/hooks",       "issue_events_url": "https://api.github.com/repos/steveklabnik/CLOSURE/issues/events{/number}",       "events_url": "https://api.github.com/repos/steveklabnik/CLOSURE/events",       "assignees_url": "https://api.github.com/repos/steveklabnik/CLOSURE/assignees{/user}",       "branches_url": "https://api.github.com/repos/steveklabnik/CLOSURE/branches{/branch}",       "tags_url": "https://api.github.com/repos/steveklabnik/CLOSURE/tags",       "blobs_url": "https://api.github.com/repos/steveklabnik/CLOSURE/git/blobs{/sha}",       "git_tags_url": "https://api.github.com/repos/steveklabnik/CLOSURE/git/tags{/sha}",       "git_refs_url": "https://api.github.com/repos/steveklabnik/CLOSURE/git/refs{/sha}",       "trees_url": "https://api.github.com/repos/steveklabnik/CLOSURE/git/trees{/sha}",       "statuses_url": "https://api.github.com/repos/steveklabnik/CLOSURE/statuses/{sha}",       "languages_url": "https://api.github.com/repos/steveklabnik/CLOSURE/languages",       "stargazers_url": "https://api.github.com/repos/steveklabnik/CLOSURE/stargazers",       "contributors_url": "https://api.github.com/repos/steveklabnik/CLOSURE/contributors",       "subscribers_url": "https://api.github.com/repos/steveklabnik/CLOSURE/subscribers",       "subscription_url": "https://api.github.com/repos/steveklabnik/CLOSURE/subscription",       "commits_url": "https://api.github.com/repos/steveklabnik/CLOSURE/commits{/sha}",       "git_commits_url": "https://api.github.com/repos/steveklabnik/CLOSURE/git/commits{/sha}",       "comments_url": "https://api.github.com/repos/steveklabnik/CLOSURE/comments{/number}",       "issue_comment_url": "https://api.github.com/repos/steveklabnik/CLOSURE/issues/comments{/number}",       "contents_url": "https://api.github.com/repos/steveklabnik/CLOSURE/contents/{+path}",       "compare_url": "https://api.github.com/repos/steveklabnik/CLOSURE/compare/{base}...{head}",       "merges_url": "https://api.github.com/repos/steveklabnik/CLOSURE/merges",       "archive_url": "https://api.github.com/repos/steveklabnik/CLOSURE/{archive_format}{/ref}",       "downloads_url": "https://api.github.com/repos/steveklabnik/CLOSURE/downloads",       "issues_url": "https://api.github.com/repos/steveklabnik/CLOSURE/issues{/number}",       "pulls_url": "https://api.github.com/repos/steveklabnik/CLOSURE/pulls{/number}",       "milestones_url": "https://api.github.com/repos/steveklabnik/CLOSURE/milestones{/number}",       "notifications_url": "https://api.github.com/repos/steveklabnik/CLOSURE/notifications{?since,all,participating}",       "labels_url": "https://api.github.com/repos/steveklabnik/CLOSURE/labels{/name}",       "releases_url": "https://api.github.com/repos/steveklabnik/CLOSURE/releases{/id}",       "deployments_url": "https://api.github.com/repos/steveklabnik/CLOSURE/deployments",       "created_at": "2013-04-19T16:35:35Z",       "updated_at": "2019-01-25T03:10:45Z",       "pushed_at": "2016-08-19T21:52:58Z",       "git_url": "git://github.com/steveklabnik/CLOSURE.git",       "ssh_url": "git@github.com:steveklabnik/CLOSURE.git",       "clone_url": "https://github.com/steveklabnik/CLOSURE.git",       "svn_url": "https://github.com/steveklabnik/CLOSURE",       "homepage": null,       "size": 98819,       "stargazers_count": 347,       "watchers_count": 347,       "language": null,       "has_issues": true,       "has_projects": true,       "has_downloads": true,       "has_wiki": true,       "has_pages": false,       "forks_count": 29,       "mirror_url": null,       "archived": false,       "open_issues_count": 1,       "license": null,       "forks": 29,       "open_issues": 1,       "watchers": 347,       "default_branch": "master",       "score": 83.84058     },     {       "id": 285132,       "node_id": "MDEwOlJlcG9zaXRvcnkyODUxMzI=",       "name": "TryRuby",       "full_name": "Sophrinix/TryRuby",       "private": false,       "owner": {         "login": "Sophrinix",         "id": 34090,         "node_id": "MDQ6VXNlcjM0MDkw",         "avatar_url": "https://avatars1.githubusercontent.com/u/34090?v=4",         "gravatar_id": "",         "url": "https://api.github.com/users/Sophrinix",         "html_url": "https://github.com/Sophrinix",         "followers_url": "https://api.github.com/users/Sophrinix/followers",         "following_url": "https://api.github.com/users/Sophrinix/following{/other_user}",         "gists_url": "https://api.github.com/users/Sophrinix/gists{/gist_id}",         "starred_url": "https://api.github.com/users/Sophrinix/starred{/owner}{/repo}",         "subscriptions_url": "https://api.github.com/users/Sophrinix/subscriptions",         "organizations_url": "https://api.github.com/users/Sophrinix/orgs",         "repos_url": "https://api.github.com/users/Sophrinix/repos",         "events_url": "https://api.github.com/users/Sophrinix/events{/privacy}",         "received_events_url": "https://api.github.com/users/Sophrinix/received_events",         "type": "User",         "site_admin": false       },       "html_url": "https://github.com/Sophrinix/TryRuby",       "description": "Try Ruby is a interactive shell that quickly and whimsically teaches the Ruby programming language. Originally _why's idea, it has been recreated from the ground up by Rubyists who have a passion for Ruby and for teaching their fellow (wo)man how to program.",       "fork": false,       "url": "https://api.github.com/repos/Sophrinix/TryRuby",       "forks_url": "https://api.github.com/repos/Sophrinix/TryRuby/forks",       "keys_url": "https://api.github.com/repos/Sophrinix/TryRuby/keys{/key_id}",       "collaborators_url": "https://api.github.com/repos/Sophrinix/TryRuby/collaborators{/collaborator}",       "teams_url": "https://api.github.com/repos/Sophrinix/TryRuby/teams",       "hooks_url": "https://api.github.com/repos/Sophrinix/TryRuby/hooks",       "issue_events_url": "https://api.github.com/repos/Sophrinix/TryRuby/issues/events{/number}",       "events_url": "https://api.github.com/repos/Sophrinix/TryRuby/events",       "assignees_url": "https://api.github.com/repos/Sophrinix/TryRuby/assignees{/user}",       "branches_url": "https://api.github.com/repos/Sophrinix/TryRuby/branches{/branch}",       "tags_url": "https://api.github.com/repos/Sophrinix/TryRuby/tags",       "blobs_url": "https://api.github.com/repos/Sophrinix/TryRuby/git/blobs{/sha}",       "git_tags_url": "https://api.github.com/repos/Sophrinix/TryRuby/git/tags{/sha}",       "git_refs_url": "https://api.github.com/repos/Sophrinix/TryRuby/git/refs{/sha}",       "trees_url": "https://api.github.com/repos/Sophrinix/TryRuby/git/trees{/sha}",       "statuses_url": "https://api.github.com/repos/Sophrinix/TryRuby/statuses/{sha}",       "languages_url": "https://api.github.com/repos/Sophrinix/TryRuby/languages",       "stargazers_url": "https://api.github.com/repos/Sophrinix/TryRuby/stargazers",       "contributors_url": "https://api.github.com/repos/Sophrinix/TryRuby/contributors",       "subscribers_url": "https://api.github.com/repos/Sophrinix/TryRuby/subscribers",       "subscription_url": "https://api.github.com/repos/Sophrinix/TryRuby/subscription",       "commits_url": "https://api.github.com/repos/Sophrinix/TryRuby/commits{/sha}",       "git_commits_url": "https://api.github.com/repos/Sophrinix/TryRuby/git/commits{/sha}",       "comments_url": "https://api.github.com/repos/Sophrinix/TryRuby/comments{/number}",       "issue_comment_url": "https://api.github.com/repos/Sophrinix/TryRuby/issues/comments{/number}",       "contents_url": "https://api.github.com/repos/Sophrinix/TryRuby/contents/{+path}",       "compare_url": "https://api.github.com/repos/Sophrinix/TryRuby/compare/{base}...{head}",       "merges_url": "https://api.github.com/repos/Sophrinix/TryRuby/merges",       "archive_url": "https://api.github.com/repos/Sophrinix/TryRuby/{archive_format}{/ref}",       "downloads_url": "https://api.github.com/repos/Sophrinix/TryRuby/downloads",       "issues_url": "https://api.github.com/repos/Sophrinix/TryRuby/issues{/number}",       "pulls_url": "https://api.github.com/repos/Sophrinix/TryRuby/pulls{/number}",       "milestones_url": "https://api.github.com/repos/Sophrinix/TryRuby/milestones{/number}",       "notifications_url": "https://api.github.com/repos/Sophrinix/TryRuby/notifications{?since,all,participating}",       "labels_url": "https://api.github.com/repos/Sophrinix/TryRuby/labels{/name}",       "releases_url": "https://api.github.com/repos/Sophrinix/TryRuby/releases{/id}",       "deployments_url": "https://api.github.com/repos/Sophrinix/TryRuby/deployments",       "created_at": "2009-08-22T17:31:37Z",       "updated_at": "2019-01-21T09:33:14Z",       "pushed_at": "2018-06-02T04:32:55Z",       "git_url": "git://github.com/Sophrinix/TryRuby.git",       "ssh_url": "git@github.com:Sophrinix/TryRuby.git",       "clone_url": "https://github.com/Sophrinix/TryRuby.git",       "svn_url": "https://github.com/Sophrinix/TryRuby",       "homepage": "tryruby.org",       "size": 881,       "stargazers_count": 346,       "watchers_count": 346,       "language": "HTML",       "has_issues": true,       "has_projects": true,       "has_downloads": true,       "has_wiki": true,       "has_pages": false,       "forks_count": 82,       "mirror_url": null,       "archived": false,       "open_issues_count": 69,       "license": null,       "forks": 82,       "open_issues": 69,       "watchers": 346,       "default_branch": "master",       "score": 21.902412     },     {       "id": 139259807,       "node_id": "MDEwOlJlcG9zaXRvcnkxMzkyNTk4MDc=",       "name": "UserDefaultsStore",       "full_name": "omaralbeik/UserDefaultsStore",       "private": false,       "owner": {         "login": "omaralbeik",         "id": 8127757,         "node_id": "MDQ6VXNlcjgxMjc3NTc=",         "avatar_url": "https://avatars2.githubusercontent.com/u/8127757?v=4",         "gravatar_id": "",         "url": "https://api.github.com/users/omaralbeik",         "html_url": "https://github.com/omaralbeik",         "followers_url": "https://api.github.com/users/omaralbeik/followers",         "following_url": "https://api.github.com/users/omaralbeik/following{/other_user}",         "gists_url": "https://api.github.com/users/omaralbeik/gists{/gist_id}",         "starred_url": "https://api.github.com/users/omaralbeik/starred{/owner}{/repo}",         "subscriptions_url": "https://api.github.com/users/omaralbeik/subscriptions",         "organizations_url": "https://api.github.com/users/omaralbeik/orgs",         "repos_url": "https://api.github.com/users/omaralbeik/repos",         "events_url": "https://api.github.com/users/omaralbeik/events{/privacy}",         "received_events_url": "https://api.github.com/users/omaralbeik/received_events",         "type": "User",         "site_admin": false       },       "html_url": "https://github.com/omaralbeik/UserDefaultsStore",       "description": "Why not use UserDefaults to store Codable objects 😉",       "fork": false,       "url": "https://api.github.com/repos/omaralbeik/UserDefaultsStore",       "forks_url": "https://api.github.com/repos/omaralbeik/UserDefaultsStore/forks",       "keys_url": "https://api.github.com/repos/omaralbeik/UserDefaultsStore/keys{/key_id}",       "collaborators_url": "https://api.github.com/repos/omaralbeik/UserDefaultsStore/collaborators{/collaborator}",       "teams_url": "https://api.github.com/repos/omaralbeik/UserDefaultsStore/teams",       "hooks_url": "https://api.github.com/repos/omaralbeik/UserDefaultsStore/hooks",       "issue_events_url": "https://api.github.com/repos/omaralbeik/UserDefaultsStore/issues/events{/number}",       "events_url": "https://api.github.com/repos/omaralbeik/UserDefaultsStore/events",       "assignees_url": "https://api.github.com/repos/omaralbeik/UserDefaultsStore/assignees{/user}",       "branches_url": "https://api.github.com/repos/omaralbeik/UserDefaultsStore/branches{/branch}",       "tags_url": "https://api.github.com/repos/omaralbeik/UserDefaultsStore/tags",       "blobs_url": "https://api.github.com/repos/omaralbeik/UserDefaultsStore/git/blobs{/sha}",       "git_tags_url": "https://api.github.com/repos/omaralbeik/UserDefaultsStore/git/tags{/sha}",       "git_refs_url": "https://api.github.com/repos/omaralbeik/UserDefaultsStore/git/refs{/sha}",       "trees_url": "https://api.github.com/repos/omaralbeik/UserDefaultsStore/git/trees{/sha}",       "statuses_url": "https://api.github.com/repos/omaralbeik/UserDefaultsStore/statuses/{sha}",       "languages_url": "https://api.github.com/repos/omaralbeik/UserDefaultsStore/languages",       "stargazers_url": "https://api.github.com/repos/omaralbeik/UserDefaultsStore/stargazers",       "contributors_url": "https://api.github.com/repos/omaralbeik/UserDefaultsStore/contributors",       "subscribers_url": "https://api.github.com/repos/omaralbeik/UserDefaultsStore/subscribers",       "subscription_url": "https://api.github.com/repos/omaralbeik/UserDefaultsStore/subscription",       "commits_url": "https://api.github.com/repos/omaralbeik/UserDefaultsStore/commits{/sha}",       "git_commits_url": "https://api.github.com/repos/omaralbeik/UserDefaultsStore/git/commits{/sha}",       "comments_url": "https://api.github.com/repos/omaralbeik/UserDefaultsStore/comments{/number}",       "issue_comment_url": "https://api.github.com/repos/omaralbeik/UserDefaultsStore/issues/comments{/number}",       "contents_url": "https://api.github.com/repos/omaralbeik/UserDefaultsStore/contents/{+path}",       "compare_url": "https://api.github.com/repos/omaralbeik/UserDefaultsStore/compare/{base}...{head}",       "merges_url": "https://api.github.com/repos/omaralbeik/UserDefaultsStore/merges",       "archive_url": "https://api.github.com/repos/omaralbeik/UserDefaultsStore/{archive_format}{/ref}",       "downloads_url": "https://api.github.com/repos/omaralbeik/UserDefaultsStore/downloads",       "issues_url": "https://api.github.com/repos/omaralbeik/UserDefaultsStore/issues{/number}",       "pulls_url": "https://api.github.com/repos/omaralbeik/UserDefaultsStore/pulls{/number}",       "milestones_url": "https://api.github.com/repos/omaralbeik/UserDefaultsStore/milestones{/number}",       "notifications_url": "https://api.github.com/repos/omaralbeik/UserDefaultsStore/notifications{?since,all,participating}",       "labels_url": "https://api.github.com/repos/omaralbeik/UserDefaultsStore/labels{/name}",       "releases_url": "https://api.github.com/repos/omaralbeik/UserDefaultsStore/releases{/id}",       "deployments_url": "https://api.github.com/repos/omaralbeik/UserDefaultsStore/deployments",       "created_at": "2018-06-30T15:29:31Z",       "updated_at": "2019-01-28T22:49:33Z",       "pushed_at": "2018-11-08T05:49:36Z",       "git_url": "git://github.com/omaralbeik/UserDefaultsStore.git",       "ssh_url": "git@github.com:omaralbeik/UserDefaultsStore.git",       "clone_url": "https://github.com/omaralbeik/UserDefaultsStore.git",       "svn_url": "https://github.com/omaralbeik/UserDefaultsStore",       "homepage": null,       "size": 388,       "stargazers_count": 311,       "watchers_count": 311,       "language": "Swift",       "has_issues": true,       "has_projects": false,       "has_downloads": true,       "has_wiki": false,       "has_pages": false,       "forks_count": 13,       "mirror_url": null,       "archived": false,       "open_issues_count": 2,       "license": {         "key": "mit",         "name": "MIT License",         "spdx_id": "MIT",         "url": "https://api.github.com/licenses/mit",         "node_id": "MDc6TGljZW5zZTEz"       },       "forks": 13,       "open_issues": 2,       "watchers": 311,       "default_branch": "master",       "score": 51.56511     },     {       "id": 1666180,       "node_id": "MDEwOlJlcG9zaXRvcnkxNjY2MTgw",       "name": "why_i_love_github",       "full_name": "schacon/why_i_love_github",       "private": false,       "owner": {         "login": "schacon",         "id": 70,         "node_id": "MDQ6VXNlcjcw",         "avatar_url": "https://avatars0.githubusercontent.com/u/70?v=4",         "gravatar_id": "",         "url": "https://api.github.com/users/schacon",         "html_url": "https://github.com/schacon",         "followers_url": "https://api.github.com/users/schacon/followers",         "following_url": "https://api.github.com/users/schacon/following{/other_user}",         "gists_url": "https://api.github.com/users/schacon/gists{/gist_id}",         "starred_url": "https://api.github.com/users/schacon/starred{/owner}{/repo}",         "subscriptions_url": "https://api.github.com/users/schacon/subscriptions",         "organizations_url": "https://api.github.com/users/schacon/orgs",         "repos_url": "https://api.github.com/users/schacon/repos",         "events_url": "https://api.github.com/users/schacon/events{/privacy}",         "received_events_url": "https://api.github.com/users/schacon/received_events",         "type": "User",         "site_admin": false       },       "html_url": "https://github.com/schacon/why_i_love_github",       "description": null,       "fork": false,       "url": "https://api.github.com/repos/schacon/why_i_love_github",       "forks_url": "https://api.github.com/repos/schacon/why_i_love_github/forks",       "keys_url": "https://api.github.com/repos/schacon/why_i_love_github/keys{/key_id}",       "collaborators_url": "https://api.github.com/repos/schacon/why_i_love_github/collaborators{/collaborator}",       "teams_url": "https://api.github.com/repos/schacon/why_i_love_github/teams",       "hooks_url": "https://api.github.com/repos/schacon/why_i_love_github/hooks",       "issue_events_url": "https://api.github.com/repos/schacon/why_i_love_github/issues/events{/number}",       "events_url": "https://api.github.com/repos/schacon/why_i_love_github/events",       "assignees_url": "https://api.github.com/repos/schacon/why_i_love_github/assignees{/user}",       "branches_url": "https://api.github.com/repos/schacon/why_i_love_github/branches{/branch}",       "tags_url": "https://api.github.com/repos/schacon/why_i_love_github/tags",       "blobs_url": "https://api.github.com/repos/schacon/why_i_love_github/git/blobs{/sha}",       "git_tags_url": "https://api.github.com/repos/schacon/why_i_love_github/git/tags{/sha}",       "git_refs_url": "https://api.github.com/repos/schacon/why_i_love_github/git/refs{/sha}",       "trees_url": "https://api.github.com/repos/schacon/why_i_love_github/git/trees{/sha}",       "statuses_url": "https://api.github.com/repos/schacon/why_i_love_github/statuses/{sha}",       "languages_url": "https://api.github.com/repos/schacon/why_i_love_github/languages",       "stargazers_url": "https://api.github.com/repos/schacon/why_i_love_github/stargazers",       "contributors_url": "https://api.github.com/repos/schacon/why_i_love_github/contributors",       "subscribers_url": "https://api.github.com/repos/schacon/why_i_love_github/subscribers",       "subscription_url": "https://api.github.com/repos/schacon/why_i_love_github/subscription",       "commits_url": "https://api.github.com/repos/schacon/why_i_love_github/commits{/sha}",       "git_commits_url": "https://api.github.com/repos/schacon/why_i_love_github/git/commits{/sha}",       "comments_url": "https://api.github.com/repos/schacon/why_i_love_github/comments{/number}",       "issue_comment_url": "https://api.github.com/repos/schacon/why_i_love_github/issues/comments{/number}",       "contents_url": "https://api.github.com/repos/schacon/why_i_love_github/contents/{+path}",       "compare_url": "https://api.github.com/repos/schacon/why_i_love_github/compare/{base}...{head}",       "merges_url": "https://api.github.com/repos/schacon/why_i_love_github/merges",       "archive_url": "https://api.github.com/repos/schacon/why_i_love_github/{archive_format}{/ref}",       "downloads_url": "https://api.github.com/repos/schacon/why_i_love_github/downloads",       "issues_url": "https://api.github.com/repos/schacon/why_i_love_github/issues{/number}",       "pulls_url": "https://api.github.com/repos/schacon/why_i_love_github/pulls{/number}",       "milestones_url": "https://api.github.com/repos/schacon/why_i_love_github/milestones{/number}",       "notifications_url": "https://api.github.com/repos/schacon/why_i_love_github/notifications{?since,all,participating}",       "labels_url": "https://api.github.com/repos/schacon/why_i_love_github/labels{/name}",       "releases_url": "https://api.github.com/repos/schacon/why_i_love_github/releases{/id}",       "deployments_url": "https://api.github.com/repos/schacon/why_i_love_github/deployments",       "created_at": "2011-04-26T17:18:57Z",       "updated_at": "2018-12-26T22:44:49Z",       "pushed_at": "2018-09-06T06:18:12Z",       "git_url": "git://github.com/schacon/why_i_love_github.git",       "ssh_url": "git@github.com:schacon/why_i_love_github.git",       "clone_url": "https://github.com/schacon/why_i_love_github.git",       "svn_url": "https://github.com/schacon/why_i_love_github",       "homepage": "",       "size": 296,       "stargazers_count": 269,       "watchers_count": 269,       "language": null,       "has_issues": true,       "has_projects": true,       "has_downloads": true,       "has_wiki": true,       "has_pages": false,       "forks_count": 202,       "mirror_url": null,       "archived": false,       "open_issues_count": 115,       "license": null,       "forks": 202,       "open_issues": 115,       "watchers": 269,       "default_branch": "master",       "score": 94.84062     },     {       "id": 5762352,       "node_id": "MDEwOlJlcG9zaXRvcnk1NzYyMzUy",       "name": "nightowls",       "full_name": "Swizec/nightowls",       "private": false,       "owner": {         "login": "Swizec",         "id": 56883,         "node_id": "MDQ6VXNlcjU2ODgz",         "avatar_url": "https://avatars0.githubusercontent.com/u/56883?v=4",         "gravatar_id": "",         "url": "https://api.github.com/users/Swizec",         "html_url": "https://github.com/Swizec",         "followers_url": "https://api.github.com/users/Swizec/followers",         "following_url": "https://api.github.com/users/Swizec/following{/other_user}",         "gists_url": "https://api.github.com/users/Swizec/gists{/gist_id}",         "starred_url": "https://api.github.com/users/Swizec/starred{/owner}{/repo}",         "subscriptions_url": "https://api.github.com/users/Swizec/subscriptions",         "organizations_url": "https://api.github.com/users/Swizec/orgs",         "repos_url": "https://api.github.com/users/Swizec/repos",         "events_url": "https://api.github.com/users/Swizec/events{/privacy}",         "received_events_url": "https://api.github.com/users/Swizec/received_events",         "type": "User",         "site_admin": false       },       "html_url": "https://github.com/Swizec/nightowls",       "description": "Why programmers work at night - a book about programmers, by a programmer",       "fork": false,       "url": "https://api.github.com/repos/Swizec/nightowls",       "forks_url": "https://api.github.com/repos/Swizec/nightowls/forks",       "keys_url": "https://api.github.com/repos/Swizec/nightowls/keys{/key_id}",       "collaborators_url": "https://api.github.com/repos/Swizec/nightowls/collaborators{/collaborator}",       "teams_url": "https://api.github.com/repos/Swizec/nightowls/teams",       "hooks_url": "https://api.github.com/repos/Swizec/nightowls/hooks",       "issue_events_url": "https://api.github.com/repos/Swizec/nightowls/issues/events{/number}",       "events_url": "https://api.github.com/repos/Swizec/nightowls/events",       "assignees_url": "https://api.github.com/repos/Swizec/nightowls/assignees{/user}",       "branches_url": "https://api.github.com/repos/Swizec/nightowls/branches{/branch}",       "tags_url": "https://api.github.com/repos/Swizec/nightowls/tags",       "blobs_url": "https://api.github.com/repos/Swizec/nightowls/git/blobs{/sha}",       "git_tags_url": "https://api.github.com/repos/Swizec/nightowls/git/tags{/sha}",       "git_refs_url": "https://api.github.com/repos/Swizec/nightowls/git/refs{/sha}",       "trees_url": "https://api.github.com/repos/Swizec/nightowls/git/trees{/sha}",       "statuses_url": "https://api.github.com/repos/Swizec/nightowls/statuses/{sha}",       "languages_url": "https://api.github.com/repos/Swizec/nightowls/languages",       "stargazers_url": "https://api.github.com/repos/Swizec/nightowls/stargazers",       "contributors_url": "https://api.github.com/repos/Swizec/nightowls/contributors",       "subscribers_url": "https://api.github.com/repos/Swizec/nightowls/subscribers",       "subscription_url": "https://api.github.com/repos/Swizec/nightowls/subscription",       "commits_url": "https://api.github.com/repos/Swizec/nightowls/commits{/sha}",       "git_commits_url": "https://api.github.com/repos/Swizec/nightowls/git/commits{/sha}",       "comments_url": "https://api.github.com/repos/Swizec/nightowls/comments{/number}",       "issue_comment_url": "https://api.github.com/repos/Swizec/nightowls/issues/comments{/number}",       "contents_url": "https://api.github.com/repos/Swizec/nightowls/contents/{+path}",       "compare_url": "https://api.github.com/repos/Swizec/nightowls/compare/{base}...{head}",       "merges_url": "https://api.github.com/repos/Swizec/nightowls/merges",       "archive_url": "https://api.github.com/repos/Swizec/nightowls/{archive_format}{/ref}",       "downloads_url": "https://api.github.com/repos/Swizec/nightowls/downloads",       "issues_url": "https://api.github.com/repos/Swizec/nightowls/issues{/number}",       "pulls_url": "https://api.github.com/repos/Swizec/nightowls/pulls{/number}",       "milestones_url": "https://api.github.com/repos/Swizec/nightowls/milestones{/number}",       "notifications_url": "https://api.github.com/repos/Swizec/nightowls/notifications{?since,all,participating}",       "labels_url": "https://api.github.com/repos/Swizec/nightowls/labels{/name}",       "releases_url": "https://api.github.com/repos/Swizec/nightowls/releases{/id}",       "deployments_url": "https://api.github.com/repos/Swizec/nightowls/deployments",       "created_at": "2012-09-11T08:55:05Z",       "updated_at": "2019-01-22T17:12:56Z",       "pushed_at": "2017-04-24T09:21:43Z",       "git_url": "git://github.com/Swizec/nightowls.git",       "ssh_url": "git@github.com:Swizec/nightowls.git",       "clone_url": "https://github.com/Swizec/nightowls.git",       "svn_url": "https://github.com/Swizec/nightowls",       "homepage": "https://leanpub.com/nightowls",       "size": 1301,       "stargazers_count": 267,       "watchers_count": 267,       "language": null,       "has_issues": true,       "has_projects": true,       "has_downloads": true,       "has_wiki": true,       "has_pages": false,       "forks_count": 23,       "mirror_url": null,       "archived": false,       "open_issues_count": 7,       "license": null,       "forks": 23,       "open_issues": 7,       "watchers": 267,       "default_branch": "master",       "score": 46.14855     },     {       "id": 86715491,       "node_id": "MDEwOlJlcG9zaXRvcnk4NjcxNTQ5MQ==",       "name": "pmdarima",       "full_name": "tgsmith61591/pmdarima",       "private": false,       "owner": {         "login": "tgsmith61591",         "id": 6124706,         "node_id": "MDQ6VXNlcjYxMjQ3MDY=",         "avatar_url": "https://avatars0.githubusercontent.com/u/6124706?v=4",         "gravatar_id": "",         "url": "https://api.github.com/users/tgsmith61591",         "html_url": "https://github.com/tgsmith61591",         "followers_url": "https://api.github.com/users/tgsmith61591/followers",         "following_url": "https://api.github.com/users/tgsmith61591/following{/other_user}",         "gists_url": "https://api.github.com/users/tgsmith61591/gists{/gist_id}",         "starred_url": "https://api.github.com/users/tgsmith61591/starred{/owner}{/repo}",         "subscriptions_url": "https://api.github.com/users/tgsmith61591/subscriptions",         "organizations_url": "https://api.github.com/users/tgsmith61591/orgs",         "repos_url": "https://api.github.com/users/tgsmith61591/repos",         "events_url": "https://api.github.com/users/tgsmith61591/events{/privacy}",         "received_events_url": "https://api.github.com/users/tgsmith61591/received_events",         "type": "User",         "site_admin": false       },       "html_url": "https://github.com/tgsmith61591/pmdarima",       "description": "A package that brings R's beloved auto.arima to Python, making an even stronger case for why Python > R for data science. ",       "fork": false,       "url": "https://api.github.com/repos/tgsmith61591/pmdarima",       "forks_url": "https://api.github.com/repos/tgsmith61591/pmdarima/forks",       "keys_url": "https://api.github.com/repos/tgsmith61591/pmdarima/keys{/key_id}",       "collaborators_url": "https://api.github.com/repos/tgsmith61591/pmdarima/collaborators{/collaborator}",       "teams_url": "https://api.github.com/repos/tgsmith61591/pmdarima/teams",       "hooks_url": "https://api.github.com/repos/tgsmith61591/pmdarima/hooks",       "issue_events_url": "https://api.github.com/repos/tgsmith61591/pmdarima/issues/events{/number}",       "events_url": "https://api.github.com/repos/tgsmith61591/pmdarima/events",       "assignees_url": "https://api.github.com/repos/tgsmith61591/pmdarima/assignees{/user}",       "branches_url": "https://api.github.com/repos/tgsmith61591/pmdarima/branches{/branch}",       "tags_url": "https://api.github.com/repos/tgsmith61591/pmdarima/tags",       "blobs_url": "https://api.github.com/repos/tgsmith61591/pmdarima/git/blobs{/sha}",       "git_tags_url": "https://api.github.com/repos/tgsmith61591/pmdarima/git/tags{/sha}",       "git_refs_url": "https://api.github.com/repos/tgsmith61591/pmdarima/git/refs{/sha}",       "trees_url": "https://api.github.com/repos/tgsmith61591/pmdarima/git/trees{/sha}",       "statuses_url": "https://api.github.com/repos/tgsmith61591/pmdarima/statuses/{sha}",       "languages_url": "https://api.github.com/repos/tgsmith61591/pmdarima/languages",       "stargazers_url": "https://api.github.com/repos/tgsmith61591/pmdarima/stargazers",       "contributors_url": "https://api.github.com/repos/tgsmith61591/pmdarima/contributors",       "subscribers_url": "https://api.github.com/repos/tgsmith61591/pmdarima/subscribers",       "subscription_url": "https://api.github.com/repos/tgsmith61591/pmdarima/subscription",       "commits_url": "https://api.github.com/repos/tgsmith61591/pmdarima/commits{/sha}",       "git_commits_url": "https://api.github.com/repos/tgsmith61591/pmdarima/git/commits{/sha}",       "comments_url": "https://api.github.com/repos/tgsmith61591/pmdarima/comments{/number}",       "issue_comment_url": "https://api.github.com/repos/tgsmith61591/pmdarima/issues/comments{/number}",       "contents_url": "https://api.github.com/repos/tgsmith61591/pmdarima/contents/{+path}",       "compare_url": "https://api.github.com/repos/tgsmith61591/pmdarima/compare/{base}...{head}",       "merges_url": "https://api.github.com/repos/tgsmith61591/pmdarima/merges",       "archive_url": "https://api.github.com/repos/tgsmith61591/pmdarima/{archive_format}{/ref}",       "downloads_url": "https://api.github.com/repos/tgsmith61591/pmdarima/downloads",       "issues_url": "https://api.github.com/repos/tgsmith61591/pmdarima/issues{/number}",       "pulls_url": "https://api.github.com/repos/tgsmith61591/pmdarima/pulls{/number}",       "milestones_url": "https://api.github.com/repos/tgsmith61591/pmdarima/milestones{/number}",       "notifications_url": "https://api.github.com/repos/tgsmith61591/pmdarima/notifications{?since,all,participating}",       "labels_url": "https://api.github.com/repos/tgsmith61591/pmdarima/labels{/name}",       "releases_url": "https://api.github.com/repos/tgsmith61591/pmdarima/releases{/id}",       "deployments_url": "https://api.github.com/repos/tgsmith61591/pmdarima/deployments",       "created_at": "2017-03-30T14:58:30Z",       "updated_at": "2019-01-27T16:57:38Z",       "pushed_at": "2019-01-21T21:26:02Z",       "git_url": "git://github.com/tgsmith61591/pmdarima.git",       "ssh_url": "git@github.com:tgsmith61591/pmdarima.git",       "clone_url": "https://github.com/tgsmith61591/pmdarima.git",       "svn_url": "https://github.com/tgsmith61591/pmdarima",       "homepage": "https://www.alkaline-ml.com/pmdarima",       "size": 60561,       "stargazers_count": 254,       "watchers_count": 254,       "language": "Python",       "has_issues": true,       "has_projects": true,       "has_downloads": true,       "has_wiki": true,       "has_pages": true,       "forks_count": 64,       "mirror_url": null,       "archived": false,       "open_issues_count": 1,       "license": {         "key": "mit",         "name": "MIT License",         "spdx_id": "MIT",         "url": "https://api.github.com/licenses/mit",         "node_id": "MDc6TGljZW5zZTEz"       },       "forks": 64,       "open_issues": 1,       "watchers": 254,       "default_branch": "master",       "score": 37.53438     },     {       "id": 72917308,       "node_id": "MDEwOlJlcG9zaXRvcnk3MjkxNzMwOA==",       "name": "learn-elm",       "full_name": "dwyl/learn-elm",       "private": false,       "owner": {         "login": "dwyl",         "id": 11708465,         "node_id": "MDEyOk9yZ2FuaXphdGlvbjExNzA4NDY1",         "avatar_url": "https://avatars1.githubusercontent.com/u/11708465?v=4",         "gravatar_id": "",         "url": "https://api.github.com/users/dwyl",         "html_url": "https://github.com/dwyl",         "followers_url": "https://api.github.com/users/dwyl/followers",         "following_url": "https://api.github.com/users/dwyl/following{/other_user}",         "gists_url": "https://api.github.com/users/dwyl/gists{/gist_id}",         "starred_url": "https://api.github.com/users/dwyl/starred{/owner}{/repo}",         "subscriptions_url": "https://api.github.com/users/dwyl/subscriptions",         "organizations_url": "https://api.github.com/users/dwyl/orgs",         "repos_url": "https://api.github.com/users/dwyl/repos",         "events_url": "https://api.github.com/users/dwyl/events{/privacy}",         "received_events_url": "https://api.github.com/users/dwyl/received_events",         "type": "Organization",         "site_admin": false       },       "html_url": "https://github.com/dwyl/learn-elm",       "description": ":rainbow: discover why people are switching to Elm and how you can get started today!",       "fork": false,       "url": "https://api.github.com/repos/dwyl/learn-elm",       "forks_url": "https://api.github.com/repos/dwyl/learn-elm/forks",       "keys_url": "https://api.github.com/repos/dwyl/learn-elm/keys{/key_id}",       "collaborators_url": "https://api.github.com/repos/dwyl/learn-elm/collaborators{/collaborator}",       "teams_url": "https://api.github.com/repos/dwyl/learn-elm/teams",       "hooks_url": "https://api.github.com/repos/dwyl/learn-elm/hooks",       "issue_events_url": "https://api.github.com/repos/dwyl/learn-elm/issues/events{/number}",       "events_url": "https://api.github.com/repos/dwyl/learn-elm/events",       "assignees_url": "https://api.github.com/repos/dwyl/learn-elm/assignees{/user}",       "branches_url": "https://api.github.com/repos/dwyl/learn-elm/branches{/branch}",       "tags_url": "https://api.github.com/repos/dwyl/learn-elm/tags",       "blobs_url": "https://api.github.com/repos/dwyl/learn-elm/git/blobs{/sha}",       "git_tags_url": "https://api.github.com/repos/dwyl/learn-elm/git/tags{/sha}",       "git_refs_url": "https://api.github.com/repos/dwyl/learn-elm/git/refs{/sha}",       "trees_url": "https://api.github.com/repos/dwyl/learn-elm/git/trees{/sha}",       "statuses_url": "https://api.github.com/repos/dwyl/learn-elm/statuses/{sha}",       "languages_url": "https://api.github.com/repos/dwyl/learn-elm/languages",       "stargazers_url": "https://api.github.com/repos/dwyl/learn-elm/stargazers",       "contributors_url": "https://api.github.com/repos/dwyl/learn-elm/contributors",       "subscribers_url": "https://api.github.com/repos/dwyl/learn-elm/subscribers",       "subscription_url": "https://api.github.com/repos/dwyl/learn-elm/subscription",       "commits_url": "https://api.github.com/repos/dwyl/learn-elm/commits{/sha}",       "git_commits_url": "https://api.github.com/repos/dwyl/learn-elm/git/commits{/sha}",       "comments_url": "https://api.github.com/repos/dwyl/learn-elm/comments{/number}",       "issue_comment_url": "https://api.github.com/repos/dwyl/learn-elm/issues/comments{/number}",       "contents_url": "https://api.github.com/repos/dwyl/learn-elm/contents/{+path}",       "compare_url": "https://api.github.com/repos/dwyl/learn-elm/compare/{base}...{head}",       "merges_url": "https://api.github.com/repos/dwyl/learn-elm/merges",       "archive_url": "https://api.github.com/repos/dwyl/learn-elm/{archive_format}{/ref}",       "downloads_url": "https://api.github.com/repos/dwyl/learn-elm/downloads",       "issues_url": "https://api.github.com/repos/dwyl/learn-elm/issues{/number}",       "pulls_url": "https://api.github.com/repos/dwyl/learn-elm/pulls{/number}",       "milestones_url": "https://api.github.com/repos/dwyl/learn-elm/milestones{/number}",       "notifications_url": "https://api.github.com/repos/dwyl/learn-elm/notifications{?since,all,participating}",       "labels_url": "https://api.github.com/repos/dwyl/learn-elm/labels{/name}",       "releases_url": "https://api.github.com/repos/dwyl/learn-elm/releases{/id}",       "deployments_url": "https://api.github.com/repos/dwyl/learn-elm/deployments",       "created_at": "2016-11-05T09:45:12Z",       "updated_at": "2019-01-25T17:03:04Z",       "pushed_at": "2018-12-04T22:17:50Z",       "git_url": "git://github.com/dwyl/learn-elm.git",       "ssh_url": "git@github.com:dwyl/learn-elm.git",       "clone_url": "https://github.com/dwyl/learn-elm.git",       "svn_url": "https://github.com/dwyl/learn-elm",       "homepage": "https://github.com/dwyl/learn-elm",       "size": 622,       "stargazers_count": 238,       "watchers_count": 238,       "language": "HTML",       "has_issues": true,       "has_projects": true,       "has_downloads": true,       "has_wiki": true,       "has_pages": false,       "forks_count": 19,       "mirror_url": null,       "archived": false,       "open_issues_count": 78,       "license": null,       "forks": 19,       "open_issues": 78,       "watchers": 238,       "default_branch": "master",       "score": 44.098312     },     {       "id": 35120209,       "node_id": "MDEwOlJlcG9zaXRvcnkzNTEyMDIwOQ==",       "name": "wtfnode",       "full_name": "myndzi/wtfnode",       "private": false,       "owner": {         "login": "myndzi",         "id": 1588419,         "node_id": "MDQ6VXNlcjE1ODg0MTk=",         "avatar_url": "https://avatars1.githubusercontent.com/u/1588419?v=4",         "gravatar_id": "",         "url": "https://api.github.com/users/myndzi",         "html_url": "https://github.com/myndzi",         "followers_url": "https://api.github.com/users/myndzi/followers",         "following_url": "https://api.github.com/users/myndzi/following{/other_user}",         "gists_url": "https://api.github.com/users/myndzi/gists{/gist_id}",         "starred_url": "https://api.github.com/users/myndzi/starred{/owner}{/repo}",         "subscriptions_url": "https://api.github.com/users/myndzi/subscriptions",         "organizations_url": "https://api.github.com/users/myndzi/orgs",         "repos_url": "https://api.github.com/users/myndzi/repos",         "events_url": "https://api.github.com/users/myndzi/events{/privacy}",         "received_events_url": "https://api.github.com/users/myndzi/received_events",         "type": "User",         "site_admin": false       },       "html_url": "https://github.com/myndzi/wtfnode",       "description": "Utility to help find out why Node isn't exiting",       "fork": false,       "url": "https://api.github.com/repos/myndzi/wtfnode",       "forks_url": "https://api.github.com/repos/myndzi/wtfnode/forks",       "keys_url": "https://api.github.com/repos/myndzi/wtfnode/keys{/key_id}",       "collaborators_url": "https://api.github.com/repos/myndzi/wtfnode/collaborators{/collaborator}",       "teams_url": "https://api.github.com/repos/myndzi/wtfnode/teams",       "hooks_url": "https://api.github.com/repos/myndzi/wtfnode/hooks",       "issue_events_url": "https://api.github.com/repos/myndzi/wtfnode/issues/events{/number}",       "events_url": "https://api.github.com/repos/myndzi/wtfnode/events",       "assignees_url": "https://api.github.com/repos/myndzi/wtfnode/assignees{/user}",       "branches_url": "https://api.github.com/repos/myndzi/wtfnode/branches{/branch}",       "tags_url": "https://api.github.com/repos/myndzi/wtfnode/tags",       "blobs_url": "https://api.github.com/repos/myndzi/wtfnode/git/blobs{/sha}",       "git_tags_url": "https://api.github.com/repos/myndzi/wtfnode/git/tags{/sha}",       "git_refs_url": "https://api.github.com/repos/myndzi/wtfnode/git/refs{/sha}",       "trees_url": "https://api.github.com/repos/myndzi/wtfnode/git/trees{/sha}",       "statuses_url": "https://api.github.com/repos/myndzi/wtfnode/statuses/{sha}",       "languages_url": "https://api.github.com/repos/myndzi/wtfnode/languages",       "stargazers_url": "https://api.github.com/repos/myndzi/wtfnode/stargazers",       "contributors_url": "https://api.github.com/repos/myndzi/wtfnode/contributors",       "subscribers_url": "https://api.github.com/repos/myndzi/wtfnode/subscribers",       "subscription_url": "https://api.github.com/repos/myndzi/wtfnode/subscription",       "commits_url": "https://api.github.com/repos/myndzi/wtfnode/commits{/sha}",       "git_commits_url": "https://api.github.com/repos/myndzi/wtfnode/git/commits{/sha}",       "comments_url": "https://api.github.com/repos/myndzi/wtfnode/comments{/number}",       "issue_comment_url": "https://api.github.com/repos/myndzi/wtfnode/issues/comments{/number}",       "contents_url": "https://api.github.com/repos/myndzi/wtfnode/contents/{+path}",       "compare_url": "https://api.github.com/repos/myndzi/wtfnode/compare/{base}...{head}",       "merges_url": "https://api.github.com/repos/myndzi/wtfnode/merges",       "archive_url": "https://api.github.com/repos/myndzi/wtfnode/{archive_format}{/ref}",       "downloads_url": "https://api.github.com/repos/myndzi/wtfnode/downloads",       "issues_url": "https://api.github.com/repos/myndzi/wtfnode/issues{/number}",       "pulls_url": "https://api.github.com/repos/myndzi/wtfnode/pulls{/number}",       "milestones_url": "https://api.github.com/repos/myndzi/wtfnode/milestones{/number}",       "notifications_url": "https://api.github.com/repos/myndzi/wtfnode/notifications{?since,all,participating}",       "labels_url": "https://api.github.com/repos/myndzi/wtfnode/labels{/name}",       "releases_url": "https://api.github.com/repos/myndzi/wtfnode/releases{/id}",       "deployments_url": "https://api.github.com/repos/myndzi/wtfnode/deployments",       "created_at": "2015-05-05T19:42:42Z",       "updated_at": "2019-01-23T23:23:20Z",       "pushed_at": "2019-01-15T03:26:56Z",       "git_url": "git://github.com/myndzi/wtfnode.git",       "ssh_url": "git@github.com:myndzi/wtfnode.git",       "clone_url": "https://github.com/myndzi/wtfnode.git",       "svn_url": "https://github.com/myndzi/wtfnode",       "homepage": null,       "size": 59,       "stargazers_count": 237,       "watchers_count": 237,       "language": "JavaScript",       "has_issues": true,       "has_projects": true,       "has_downloads": true,       "has_wiki": true,       "has_pages": false,       "forks_count": 14,       "mirror_url": null,       "archived": false,       "open_issues_count": 0,       "license": null,       "forks": 14,       "open_issues": 0,       "watchers": 237,       "default_branch": "master",       "score": 51.349396     },     {       "id": 539003,       "node_id": "MDEwOlJlcG9zaXRvcnk1MzkwMDM=",       "name": "jquery-outside-events",       "full_name": "cowboy/jquery-outside-events",       "private": false,       "owner": {         "login": "cowboy",         "id": 54051,         "node_id": "MDQ6VXNlcjU0MDUx",         "avatar_url": "https://avatars0.githubusercontent.com/u/54051?v=4",         "gravatar_id": "",         "url": "https://api.github.com/users/cowboy",         "html_url": "https://github.com/cowboy",         "followers_url": "https://api.github.com/users/cowboy/followers",         "following_url": "https://api.github.com/users/cowboy/following{/other_user}",         "gists_url": "https://api.github.com/users/cowboy/gists{/gist_id}",         "starred_url": "https://api.github.com/users/cowboy/starred{/owner}{/repo}",         "subscriptions_url": "https://api.github.com/users/cowboy/subscriptions",         "organizations_url": "https://api.github.com/users/cowboy/orgs",         "repos_url": "https://api.github.com/users/cowboy/repos",         "events_url": "https://api.github.com/users/cowboy/events{/privacy}",         "received_events_url": "https://api.github.com/users/cowboy/received_events",         "type": "User",         "site_admin": false       },       "html_url": "https://github.com/cowboy/jquery-outside-events",       "description": "Why trigger an event on something, when you can trigger it on everything else?",       "fork": false,       "url": "https://api.github.com/repos/cowboy/jquery-outside-events",       "forks_url": "https://api.github.com/repos/cowboy/jquery-outside-events/forks",       "keys_url": "https://api.github.com/repos/cowboy/jquery-outside-events/keys{/key_id}",       "collaborators_url": "https://api.github.com/repos/cowboy/jquery-outside-events/collaborators{/collaborator}",       "teams_url": "https://api.github.com/repos/cowboy/jquery-outside-events/teams",       "hooks_url": "https://api.github.com/repos/cowboy/jquery-outside-events/hooks",       "issue_events_url": "https://api.github.com/repos/cowboy/jquery-outside-events/issues/events{/number}",       "events_url": "https://api.github.com/repos/cowboy/jquery-outside-events/events",       "assignees_url": "https://api.github.com/repos/cowboy/jquery-outside-events/assignees{/user}",       "branches_url": "https://api.github.com/repos/cowboy/jquery-outside-events/branches{/branch}",       "tags_url": "https://api.github.com/repos/cowboy/jquery-outside-events/tags",       "blobs_url": "https://api.github.com/repos/cowboy/jquery-outside-events/git/blobs{/sha}",       "git_tags_url": "https://api.github.com/repos/cowboy/jquery-outside-events/git/tags{/sha}",       "git_refs_url": "https://api.github.com/repos/cowboy/jquery-outside-events/git/refs{/sha}",       "trees_url": "https://api.github.com/repos/cowboy/jquery-outside-events/git/trees{/sha}",       "statuses_url": "https://api.github.com/repos/cowboy/jquery-outside-events/statuses/{sha}",       "languages_url": "https://api.github.com/repos/cowboy/jquery-outside-events/languages",       "stargazers_url": "https://api.github.com/repos/cowboy/jquery-outside-events/stargazers",       "contributors_url": "https://api.github.com/repos/cowboy/jquery-outside-events/contributors",       "subscribers_url": "https://api.github.com/repos/cowboy/jquery-outside-events/subscribers",       "subscription_url": "https://api.github.com/repos/cowboy/jquery-outside-events/subscription",       "commits_url": "https://api.github.com/repos/cowboy/jquery-outside-events/commits{/sha}",       "git_commits_url": "https://api.github.com/repos/cowboy/jquery-outside-events/git/commits{/sha}",       "comments_url": "https://api.github.com/repos/cowboy/jquery-outside-events/comments{/number}",       "issue_comment_url": "https://api.github.com/repos/cowboy/jquery-outside-events/issues/comments{/number}",       "contents_url": "https://api.github.com/repos/cowboy/jquery-outside-events/contents/{+path}",       "compare_url": "https://api.github.com/repos/cowboy/jquery-outside-events/compare/{base}...{head}",       "merges_url": "https://api.github.com/repos/cowboy/jquery-outside-events/merges",       "archive_url": "https://api.github.com/repos/cowboy/jquery-outside-events/{archive_format}{/ref}",       "downloads_url": "https://api.github.com/repos/cowboy/jquery-outside-events/downloads",       "issues_url": "https://api.github.com/repos/cowboy/jquery-outside-events/issues{/number}",       "pulls_url": "https://api.github.com/repos/cowboy/jquery-outside-events/pulls{/number}",       "milestones_url": "https://api.github.com/repos/cowboy/jquery-outside-events/milestones{/number}",       "notifications_url": "https://api.github.com/repos/cowboy/jquery-outside-events/notifications{?since,all,participating}",       "labels_url": "https://api.github.com/repos/cowboy/jquery-outside-events/labels{/name}",       "releases_url": "https://api.github.com/repos/cowboy/jquery-outside-events/releases{/id}",       "deployments_url": "https://api.github.com/repos/cowboy/jquery-outside-events/deployments",       "created_at": "2010-02-27T19:56:14Z",       "updated_at": "2019-01-23T22:10:28Z",       "pushed_at": "2016-04-03T09:27:45Z",       "git_url": "git://github.com/cowboy/jquery-outside-events.git",       "ssh_url": "git@github.com:cowboy/jquery-outside-events.git",       "clone_url": "https://github.com/cowboy/jquery-outside-events.git",       "svn_url": "https://github.com/cowboy/jquery-outside-events",       "homepage": "http://benalman.com/projects/jquery-clickoutside-plugin/",       "size": 320,       "stargazers_count": 236,       "watchers_count": 236,       "language": "JavaScript",       "has_issues": true,       "has_projects": true,       "has_downloads": true,       "has_wiki": true,       "has_pages": false,       "forks_count": 44,       "mirror_url": null,       "archived": false,       "open_issues_count": 10,       "license": {         "key": "other",         "name": "Other",         "spdx_id": "NOASSERTION",         "url": null,         "node_id": "MDc6TGljZW5zZTA="       },       "forks": 44,       "open_issues": 10,       "watchers": 236,       "default_branch": "master",       "score": 49.76517     },     {       "id": 124265580,       "node_id": "MDEwOlJlcG9zaXRvcnkxMjQyNjU1ODA=",       "name": "Viewpager-Transformation",       "full_name": "dipanshukr/Viewpager-Transformation",       "private": false,       "owner": {         "login": "dipanshukr",         "id": 29334373,         "node_id": "MDQ6VXNlcjI5MzM0Mzcz",         "avatar_url": "https://avatars3.githubusercontent.com/u/29334373?v=4",         "gravatar_id": "",         "url": "https://api.github.com/users/dipanshukr",         "html_url": "https://github.com/dipanshukr",         "followers_url": "https://api.github.com/users/dipanshukr/followers",         "following_url": "https://api.github.com/users/dipanshukr/following{/other_user}",         "gists_url": "https://api.github.com/users/dipanshukr/gists{/gist_id}",         "starred_url": "https://api.github.com/users/dipanshukr/starred{/owner}{/repo}",         "subscriptions_url": "https://api.github.com/users/dipanshukr/subscriptions",         "organizations_url": "https://api.github.com/users/dipanshukr/orgs",         "repos_url": "https://api.github.com/users/dipanshukr/repos",         "events_url": "https://api.github.com/users/dipanshukr/events{/privacy}",         "received_events_url": "https://api.github.com/users/dipanshukr/received_events",         "type": "User",         "site_admin": false       },       "html_url": "https://github.com/dipanshukr/Viewpager-Transformation",       "description": "Why use dependencies when you create your own transformations for Viewpager ?",       "fork": false,       "url": "https://api.github.com/repos/dipanshukr/Viewpager-Transformation",       "forks_url": "https://api.github.com/repos/dipanshukr/Viewpager-Transformation/forks",       "keys_url": "https://api.github.com/repos/dipanshukr/Viewpager-Transformation/keys{/key_id}",       "collaborators_url": "https://api.github.com/repos/dipanshukr/Viewpager-Transformation/collaborators{/collaborator}",       "teams_url": "https://api.github.com/repos/dipanshukr/Viewpager-Transformation/teams",       "hooks_url": "https://api.github.com/repos/dipanshukr/Viewpager-Transformation/hooks",       "issue_events_url": "https://api.github.com/repos/dipanshukr/Viewpager-Transformation/issues/events{/number}",       "events_url": "https://api.github.com/repos/dipanshukr/Viewpager-Transformation/events",       "assignees_url": "https://api.github.com/repos/dipanshukr/Viewpager-Transformation/assignees{/user}",       "branches_url": "https://api.github.com/repos/dipanshukr/Viewpager-Transformation/branches{/branch}",       "tags_url": "https://api.github.com/repos/dipanshukr/Viewpager-Transformation/tags",       "blobs_url": "https://api.github.com/repos/dipanshukr/Viewpager-Transformation/git/blobs{/sha}",       "git_tags_url": "https://api.github.com/repos/dipanshukr/Viewpager-Transformation/git/tags{/sha}",       "git_refs_url": "https://api.github.com/repos/dipanshukr/Viewpager-Transformation/git/refs{/sha}",       "trees_url": "https://api.github.com/repos/dipanshukr/Viewpager-Transformation/git/trees{/sha}",       "statuses_url": "https://api.github.com/repos/dipanshukr/Viewpager-Transformation/statuses/{sha}",       "languages_url": "https://api.github.com/repos/dipanshukr/Viewpager-Transformation/languages",       "stargazers_url": "https://api.github.com/repos/dipanshukr/Viewpager-Transformation/stargazers",       "contributors_url": "https://api.github.com/repos/dipanshukr/Viewpager-Transformation/contributors",       "subscribers_url": "https://api.github.com/repos/dipanshukr/Viewpager-Transformation/subscribers",       "subscription_url": "https://api.github.com/repos/dipanshukr/Viewpager-Transformation/subscription",       "commits_url": "https://api.github.com/repos/dipanshukr/Viewpager-Transformation/commits{/sha}",       "git_commits_url": "https://api.github.com/repos/dipanshukr/Viewpager-Transformation/git/commits{/sha}",       "comments_url": "https://api.github.com/repos/dipanshukr/Viewpager-Transformation/comments{/number}",       "issue_comment_url": "https://api.github.com/repos/dipanshukr/Viewpager-Transformation/issues/comments{/number}",       "contents_url": "https://api.github.com/repos/dipanshukr/Viewpager-Transformation/contents/{+path}",       "compare_url": "https://api.github.com/repos/dipanshukr/Viewpager-Transformation/compare/{base}...{head}",       "merges_url": "https://api.github.com/repos/dipanshukr/Viewpager-Transformation/merges",       "archive_url": "https://api.github.com/repos/dipanshukr/Viewpager-Transformation/{archive_format}{/ref}",       "downloads_url": "https://api.github.com/repos/dipanshukr/Viewpager-Transformation/downloads",       "issues_url": "https://api.github.com/repos/dipanshukr/Viewpager-Transformation/issues{/number}",       "pulls_url": "https://api.github.com/repos/dipanshukr/Viewpager-Transformation/pulls{/number}",       "milestones_url": "https://api.github.com/repos/dipanshukr/Viewpager-Transformation/milestones{/number}",       "notifications_url": "https://api.github.com/repos/dipanshukr/Viewpager-Transformation/notifications{?since,all,participating}",       "labels_url": "https://api.github.com/repos/dipanshukr/Viewpager-Transformation/labels{/name}",       "releases_url": "https://api.github.com/repos/dipanshukr/Viewpager-Transformation/releases{/id}",       "deployments_url": "https://api.github.com/repos/dipanshukr/Viewpager-Transformation/deployments",       "created_at": "2018-03-07T16:45:42Z",       "updated_at": "2019-01-27T11:19:10Z",       "pushed_at": "2018-06-21T07:17:59Z",       "git_url": "git://github.com/dipanshukr/Viewpager-Transformation.git",       "ssh_url": "git@github.com:dipanshukr/Viewpager-Transformation.git",       "clone_url": "https://github.com/dipanshukr/Viewpager-Transformation.git",       "svn_url": "https://github.com/dipanshukr/Viewpager-Transformation",       "homepage": "",       "size": 181654,       "stargazers_count": 230,       "watchers_count": 230,       "language": "Java",       "has_issues": true,       "has_projects": true,       "has_downloads": true,       "has_wiki": true,       "has_pages": true,       "forks_count": 44,       "mirror_url": null,       "archived": false,       "open_issues_count": 1,       "license": null,       "forks": 44,       "open_issues": 1,       "watchers": 230,       "default_branch": "master",       "score": 49.985268     },     {       "id": 17420185,       "node_id": "MDEwOlJlcG9zaXRvcnkxNzQyMDE4NQ==",       "name": "enemy-of-the-state",       "full_name": "jspahrsummers/enemy-of-the-state",       "private": false,       "owner": {         "login": "jspahrsummers",         "id": 432536,         "node_id": "MDQ6VXNlcjQzMjUzNg==",         "avatar_url": "https://avatars0.githubusercontent.com/u/432536?v=4",         "gravatar_id": "",         "url": "https://api.github.com/users/jspahrsummers",         "html_url": "https://github.com/jspahrsummers",         "followers_url": "https://api.github.com/users/jspahrsummers/followers",         "following_url": "https://api.github.com/users/jspahrsummers/following{/other_user}",         "gists_url": "https://api.github.com/users/jspahrsummers/gists{/gist_id}",         "starred_url": "https://api.github.com/users/jspahrsummers/starred{/owner}{/repo}",         "subscriptions_url": "https://api.github.com/users/jspahrsummers/subscriptions",         "organizations_url": "https://api.github.com/users/jspahrsummers/orgs",         "repos_url": "https://api.github.com/users/jspahrsummers/repos",         "events_url": "https://api.github.com/users/jspahrsummers/events{/privacy}",         "received_events_url": "https://api.github.com/users/jspahrsummers/received_events",         "type": "User",         "site_admin": false       },       "html_url": "https://github.com/jspahrsummers/enemy-of-the-state",       "description": "My talk explaining what state is and why it's so harmful",       "fork": false,       "url": "https://api.github.com/repos/jspahrsummers/enemy-of-the-state",       "forks_url": "https://api.github.com/repos/jspahrsummers/enemy-of-the-state/forks",       "keys_url": "https://api.github.com/repos/jspahrsummers/enemy-of-the-state/keys{/key_id}",       "collaborators_url": "https://api.github.com/repos/jspahrsummers/enemy-of-the-state/collaborators{/collaborator}",       "teams_url": "https://api.github.com/repos/jspahrsummers/enemy-of-the-state/teams",       "hooks_url": "https://api.github.com/repos/jspahrsummers/enemy-of-the-state/hooks",       "issue_events_url": "https://api.github.com/repos/jspahrsummers/enemy-of-the-state/issues/events{/number}",       "events_url": "https://api.github.com/repos/jspahrsummers/enemy-of-the-state/events",       "assignees_url": "https://api.github.com/repos/jspahrsummers/enemy-of-the-state/assignees{/user}",       "branches_url": "https://api.github.com/repos/jspahrsummers/enemy-of-the-state/branches{/branch}",       "tags_url": "https://api.github.com/repos/jspahrsummers/enemy-of-the-state/tags",       "blobs_url": "https://api.github.com/repos/jspahrsummers/enemy-of-the-state/git/blobs{/sha}",       "git_tags_url": "https://api.github.com/repos/jspahrsummers/enemy-of-the-state/git/tags{/sha}",       "git_refs_url": "https://api.github.com/repos/jspahrsummers/enemy-of-the-state/git/refs{/sha}",       "trees_url": "https://api.github.com/repos/jspahrsummers/enemy-of-the-state/git/trees{/sha}",       "statuses_url": "https://api.github.com/repos/jspahrsummers/enemy-of-the-state/statuses/{sha}",       "languages_url": "https://api.github.com/repos/jspahrsummers/enemy-of-the-state/languages",       "stargazers_url": "https://api.github.com/repos/jspahrsummers/enemy-of-the-state/stargazers",       "contributors_url": "https://api.github.com/repos/jspahrsummers/enemy-of-the-state/contributors",       "subscribers_url": "https://api.github.com/repos/jspahrsummers/enemy-of-the-state/subscribers",       "subscription_url": "https://api.github.com/repos/jspahrsummers/enemy-of-the-state/subscription",       "commits_url": "https://api.github.com/repos/jspahrsummers/enemy-of-the-state/commits{/sha}",       "git_commits_url": "https://api.github.com/repos/jspahrsummers/enemy-of-the-state/git/commits{/sha}",       "comments_url": "https://api.github.com/repos/jspahrsummers/enemy-of-the-state/comments{/number}",       "issue_comment_url": "https://api.github.com/repos/jspahrsummers/enemy-of-the-state/issues/comments{/number}",       "contents_url": "https://api.github.com/repos/jspahrsummers/enemy-of-the-state/contents/{+path}",       "compare_url": "https://api.github.com/repos/jspahrsummers/enemy-of-the-state/compare/{base}...{head}",       "merges_url": "https://api.github.com/repos/jspahrsummers/enemy-of-the-state/merges",       "archive_url": "https://api.github.com/repos/jspahrsummers/enemy-of-the-state/{archive_format}{/ref}",       "downloads_url": "https://api.github.com/repos/jspahrsummers/enemy-of-the-state/downloads",       "issues_url": "https://api.github.com/repos/jspahrsummers/enemy-of-the-state/issues{/number}",       "pulls_url": "https://api.github.com/repos/jspahrsummers/enemy-of-the-state/pulls{/number}",       "milestones_url": "https://api.github.com/repos/jspahrsummers/enemy-of-the-state/milestones{/number}",       "notifications_url": "https://api.github.com/repos/jspahrsummers/enemy-of-the-state/notifications{?since,all,participating}",       "labels_url": "https://api.github.com/repos/jspahrsummers/enemy-of-the-state/labels{/name}",       "releases_url": "https://api.github.com/repos/jspahrsummers/enemy-of-the-state/releases{/id}",       "deployments_url": "https://api.github.com/repos/jspahrsummers/enemy-of-the-state/deployments",       "created_at": "2014-03-04T22:49:56Z",       "updated_at": "2018-12-26T21:07:06Z",       "pushed_at": "2017-07-26T14:26:39Z",       "git_url": "git://github.com/jspahrsummers/enemy-of-the-state.git",       "ssh_url": "git@github.com:jspahrsummers/enemy-of-the-state.git",       "clone_url": "https://github.com/jspahrsummers/enemy-of-the-state.git",       "svn_url": "https://github.com/jspahrsummers/enemy-of-the-state",       "homepage": "",       "size": 46901,       "stargazers_count": 208,       "watchers_count": 208,       "language": "Swift",       "has_issues": true,       "has_projects": true,       "has_downloads": true,       "has_wiki": false,       "has_pages": false,       "forks_count": 16,       "mirror_url": null,       "archived": false,       "open_issues_count": 1,       "license": {         "key": "other",         "name": "Other",         "spdx_id": "NOASSERTION",         "url": null,         "node_id": "MDc6TGljZW5zZTA="       },       "forks": 16,       "open_issues": 1,       "watchers": 208,       "default_branch": "master",       "score": 42.188564     },     {       "id": 93794235,       "node_id": "MDEwOlJlcG9zaXRvcnk5Mzc5NDIzNQ==",       "name": "drop_watch",       "full_name": "pavel-odintsov/drop_watch",       "private": false,       "owner": {         "login": "pavel-odintsov",         "id": 2744166,         "node_id": "MDQ6VXNlcjI3NDQxNjY=",         "avatar_url": "https://avatars0.githubusercontent.com/u/2744166?v=4",         "gravatar_id": "",         "url": "https://api.github.com/users/pavel-odintsov",         "html_url": "https://github.com/pavel-odintsov",         "followers_url": "https://api.github.com/users/pavel-odintsov/followers",         "following_url": "https://api.github.com/users/pavel-odintsov/following{/other_user}",         "gists_url": "https://api.github.com/users/pavel-odintsov/gists{/gist_id}",         "starred_url": "https://api.github.com/users/pavel-odintsov/starred{/owner}{/repo}",         "subscriptions_url": "https://api.github.com/users/pavel-odintsov/subscriptions",         "organizations_url": "https://api.github.com/users/pavel-odintsov/orgs",         "repos_url": "https://api.github.com/users/pavel-odintsov/repos",         "events_url": "https://api.github.com/users/pavel-odintsov/events{/privacy}",         "received_events_url": "https://api.github.com/users/pavel-odintsov/received_events",         "type": "User",         "site_admin": false       },       "html_url": "https://github.com/pavel-odintsov/drop_watch",       "description": "Monitor reasons why and where linux drops UDP packets",       "fork": false,       "url": "https://api.github.com/repos/pavel-odintsov/drop_watch",       "forks_url": "https://api.github.com/repos/pavel-odintsov/drop_watch/forks",       "keys_url": "https://api.github.com/repos/pavel-odintsov/drop_watch/keys{/key_id}",       "collaborators_url": "https://api.github.com/repos/pavel-odintsov/drop_watch/collaborators{/collaborator}",       "teams_url": "https://api.github.com/repos/pavel-odintsov/drop_watch/teams",       "hooks_url": "https://api.github.com/repos/pavel-odintsov/drop_watch/hooks",       "issue_events_url": "https://api.github.com/repos/pavel-odintsov/drop_watch/issues/events{/number}",       "events_url": "https://api.github.com/repos/pavel-odintsov/drop_watch/events",       "assignees_url": "https://api.github.com/repos/pavel-odintsov/drop_watch/assignees{/user}",       "branches_url": "https://api.github.com/repos/pavel-odintsov/drop_watch/branches{/branch}",       "tags_url": "https://api.github.com/repos/pavel-odintsov/drop_watch/tags",       "blobs_url": "https://api.github.com/repos/pavel-odintsov/drop_watch/git/blobs{/sha}",       "git_tags_url": "https://api.github.com/repos/pavel-odintsov/drop_watch/git/tags{/sha}",       "git_refs_url": "https://api.github.com/repos/pavel-odintsov/drop_watch/git/refs{/sha}",       "trees_url": "https://api.github.com/repos/pavel-odintsov/drop_watch/git/trees{/sha}",       "statuses_url": "https://api.github.com/repos/pavel-odintsov/drop_watch/statuses/{sha}",       "languages_url": "https://api.github.com/repos/pavel-odintsov/drop_watch/languages",       "stargazers_url": "https://api.github.com/repos/pavel-odintsov/drop_watch/stargazers",       "contributors_url": "https://api.github.com/repos/pavel-odintsov/drop_watch/contributors",       "subscribers_url": "https://api.github.com/repos/pavel-odintsov/drop_watch/subscribers",       "subscription_url": "https://api.github.com/repos/pavel-odintsov/drop_watch/subscription",       "commits_url": "https://api.github.com/repos/pavel-odintsov/drop_watch/commits{/sha}",       "git_commits_url": "https://api.github.com/repos/pavel-odintsov/drop_watch/git/commits{/sha}",       "comments_url": "https://api.github.com/repos/pavel-odintsov/drop_watch/comments{/number}",       "issue_comment_url": "https://api.github.com/repos/pavel-odintsov/drop_watch/issues/comments{/number}",       "contents_url": "https://api.github.com/repos/pavel-odintsov/drop_watch/contents/{+path}",       "compare_url": "https://api.github.com/repos/pavel-odintsov/drop_watch/compare/{base}...{head}",       "merges_url": "https://api.github.com/repos/pavel-odintsov/drop_watch/merges",       "archive_url": "https://api.github.com/repos/pavel-odintsov/drop_watch/{archive_format}{/ref}",       "downloads_url": "https://api.github.com/repos/pavel-odintsov/drop_watch/downloads",       "issues_url": "https://api.github.com/repos/pavel-odintsov/drop_watch/issues{/number}",       "pulls_url": "https://api.github.com/repos/pavel-odintsov/drop_watch/pulls{/number}",       "milestones_url": "https://api.github.com/repos/pavel-odintsov/drop_watch/milestones{/number}",       "notifications_url": "https://api.github.com/repos/pavel-odintsov/drop_watch/notifications{?since,all,participating}",       "labels_url": "https://api.github.com/repos/pavel-odintsov/drop_watch/labels{/name}",       "releases_url": "https://api.github.com/repos/pavel-odintsov/drop_watch/releases{/id}",       "deployments_url": "https://api.github.com/repos/pavel-odintsov/drop_watch/deployments",       "created_at": "2017-06-08T21:43:00Z",       "updated_at": "2019-01-28T14:39:16Z",       "pushed_at": "2017-10-12T20:13:24Z",       "git_url": "git://github.com/pavel-odintsov/drop_watch.git",       "ssh_url": "git@github.com:pavel-odintsov/drop_watch.git",       "clone_url": "https://github.com/pavel-odintsov/drop_watch.git",       "svn_url": "https://github.com/pavel-odintsov/drop_watch",       "homepage": "",       "size": 153,       "stargazers_count": 183,       "watchers_count": 183,       "language": "C",       "has_issues": true,       "has_projects": true,       "has_downloads": true,       "has_wiki": true,       "has_pages": false,       "forks_count": 20,       "mirror_url": null,       "archived": false,       "open_issues_count": 0,       "license": {         "key": "gpl-2.0",         "name": "GNU General Public License v2.0",         "spdx_id": "GPL-2.0",         "url": "https://api.github.com/licenses/gpl-2.0",         "node_id": "MDc6TGljZW5zZTg="       },       "forks": 20,       "open_issues": 0,       "watchers": 183,       "default_branch": "master",       "score": 53.155014     }   ] }  [] []
[2019-01-29 14:45:18] name.WARNING: Array [] []
[2019-01-29 14:55:55] name.WARNING: Something is [] []
[2019-01-29 14:55:55] name.WARNING: {   "total_count": 12470,   "incomplete_results": false,   "items": [     {       "id": 58605580,       "node_id": "MDEwOlJlcG9zaXRvcnk1ODYwNTU4MA==",       "name": "why-did-you-update",       "full_name": "garbles/why-did-you-update",       "private": false,       "owner": {         "login": "garbles",         "id": 1139884,         "node_id": "MDQ6VXNlcjExMzk4ODQ=",         "avatar_url": "https://avatars1.githubusercontent.com/u/1139884?v=4",         "gravatar_id": "",         "url": "https://api.github.com/users/garbles",         "html_url": "https://github.com/garbles",         "followers_url": "https://api.github.com/users/garbles/followers",         "following_url": "https://api.github.com/users/garbles/following{/other_user}",         "gists_url": "https://api.github.com/users/garbles/gists{/gist_id}",         "starred_url": "https://api.github.com/users/garbles/starred{/owner}{/repo}",         "subscriptions_url": "https://api.github.com/users/garbles/subscriptions",         "organizations_url": "https://api.github.com/users/garbles/orgs",         "repos_url": "https://api.github.com/users/garbles/repos",         "events_url": "https://api.github.com/users/garbles/events{/privacy}",         "received_events_url": "https://api.github.com/users/garbles/received_events",         "type": "User",         "site_admin": false       },       "html_url": "https://github.com/garbles/why-did-you-update",       "description": ":boom: Puts your console on blast when React is making unnecessary updates.",       "fork": false,       "url": "https://api.github.com/repos/garbles/why-did-you-update",       "forks_url": "https://api.github.com/repos/garbles/why-did-you-update/forks",       "keys_url": "https://api.github.com/repos/garbles/why-did-you-update/keys{/key_id}",       "collaborators_url": "https://api.github.com/repos/garbles/why-did-you-update/collaborators{/collaborator}",       "teams_url": "https://api.github.com/repos/garbles/why-did-you-update/teams",       "hooks_url": "https://api.github.com/repos/garbles/why-did-you-update/hooks",       "issue_events_url": "https://api.github.com/repos/garbles/why-did-you-update/issues/events{/number}",       "events_url": "https://api.github.com/repos/garbles/why-did-you-update/events",       "assignees_url": "https://api.github.com/repos/garbles/why-did-you-update/assignees{/user}",       "branches_url": "https://api.github.com/repos/garbles/why-did-you-update/branches{/branch}",       "tags_url": "https://api.github.com/repos/garbles/why-did-you-update/tags",       "blobs_url": "https://api.github.com/repos/garbles/why-did-you-update/git/blobs{/sha}",       "git_tags_url": "https://api.github.com/repos/garbles/why-did-you-update/git/tags{/sha}",       "git_refs_url": "https://api.github.com/repos/garbles/why-did-you-update/git/refs{/sha}",       "trees_url": "https://api.github.com/repos/garbles/why-did-you-update/git/trees{/sha}",       "statuses_url": "https://api.github.com/repos/garbles/why-did-you-update/statuses/{sha}",       "languages_url": "https://api.github.com/repos/garbles/why-did-you-update/languages",       "stargazers_url": "https://api.github.com/repos/garbles/why-did-you-update/stargazers",       "contributors_url": "https://api.github.com/repos/garbles/why-did-you-update/contributors",       "subscribers_url": "https://api.github.com/repos/garbles/why-did-you-update/subscribers",       "subscription_url": "https://api.github.com/repos/garbles/why-did-you-update/subscription",       "commits_url": "https://api.github.com/repos/garbles/why-did-you-update/commits{/sha}",       "git_commits_url": "https://api.github.com/repos/garbles/why-did-you-update/git/commits{/sha}",       "comments_url": "https://api.github.com/repos/garbles/why-did-you-update/comments{/number}",       "issue_comment_url": "https://api.github.com/repos/garbles/why-did-you-update/issues/comments{/number}",       "contents_url": "https://api.github.com/repos/garbles/why-did-you-update/contents/{+path}",       "compare_url": "https://api.github.com/repos/garbles/why-did-you-update/compare/{base}...{head}",       "merges_url": "https://api.github.com/repos/garbles/why-did-you-update/merges",       "archive_url": "https://api.github.com/repos/garbles/why-did-you-update/{archive_format}{/ref}",       "downloads_url": "https://api.github.com/repos/garbles/why-did-you-update/downloads",       "issues_url": "https://api.github.com/repos/garbles/why-did-you-update/issues{/number}",       "pulls_url": "https://api.github.com/repos/garbles/why-did-you-update/pulls{/number}",       "milestones_url": "https://api.github.com/repos/garbles/why-did-you-update/milestones{/number}",       "notifications_url": "https://api.github.com/repos/garbles/why-did-you-update/notifications{?since,all,participating}",       "labels_url": "https://api.github.com/repos/garbles/why-did-you-update/labels{/name}",       "releases_url": "https://api.github.com/repos/garbles/why-did-you-update/releases{/id}",       "deployments_url": "https://api.github.com/repos/garbles/why-did-you-update/deployments",       "created_at": "2016-05-12T03:49:06Z",       "updated_at": "2019-01-28T21:53:29Z",       "pushed_at": "2017-09-23T05:54:19Z",       "git_url": "git://github.com/garbles/why-did-you-update.git",       "ssh_url": "git@github.com:garbles/why-did-you-update.git",       "clone_url": "https://github.com/garbles/why-did-you-update.git",       "svn_url": "https://github.com/garbles/why-did-you-update",       "homepage": null,       "size": 29,       "stargazers_count": 5177,       "watchers_count": 5177,       "language": "JavaScript",       "has_issues": true,       "has_projects": true,       "has_downloads": true,       "has_wiki": true,       "has_pages": false,       "forks_count": 112,       "mirror_url": null,       "archived": true,       "open_issues_count": 28,       "license": null,       "forks": 112,       "open_issues": 28,       "watchers": 5177,       "default_branch": "master",       "score": 102.169464     },     {       "id": 97779740,       "node_id": "MDEwOlJlcG9zaXRvcnk5Nzc3OTc0MA==",       "name": "why-did-you-update",       "full_name": "maicki/why-did-you-update",       "private": false,       "owner": {         "login": "maicki",         "id": 25288,         "node_id": "MDQ6VXNlcjI1Mjg4",         "avatar_url": "https://avatars1.githubusercontent.com/u/25288?v=4",         "gravatar_id": "",         "url": "https://api.github.com/users/maicki",         "html_url": "https://github.com/maicki",         "followers_url": "https://api.github.com/users/maicki/followers",         "following_url": "https://api.github.com/users/maicki/following{/other_user}",         "gists_url": "https://api.github.com/users/maicki/gists{/gist_id}",         "starred_url": "https://api.github.com/users/maicki/starred{/owner}{/repo}",         "subscriptions_url": "https://api.github.com/users/maicki/subscriptions",         "organizations_url": "https://api.github.com/users/maicki/orgs",         "repos_url": "https://api.github.com/users/maicki/repos",         "events_url": "https://api.github.com/users/maicki/events{/privacy}",         "received_events_url": "https://api.github.com/users/maicki/received_events",         "type": "User",         "site_admin": false       },       "html_url": "https://github.com/maicki/why-did-you-update",       "description": ":boom: Puts your console on blast when React is making unnecessary updates.",       "fork": false,       "url": "https://api.github.com/repos/maicki/why-did-you-update",       "forks_url": "https://api.github.com/repos/maicki/why-did-you-update/forks",       "keys_url": "https://api.github.com/repos/maicki/why-did-you-update/keys{/key_id}",       "collaborators_url": "https://api.github.com/repos/maicki/why-did-you-update/collaborators{/collaborator}",       "teams_url": "https://api.github.com/repos/maicki/why-did-you-update/teams",       "hooks_url": "https://api.github.com/repos/maicki/why-did-you-update/hooks",       "issue_events_url": "https://api.github.com/repos/maicki/why-did-you-update/issues/events{/number}",       "events_url": "https://api.github.com/repos/maicki/why-did-you-update/events",       "assignees_url": "https://api.github.com/repos/maicki/why-did-you-update/assignees{/user}",       "branches_url": "https://api.github.com/repos/maicki/why-did-you-update/branches{/branch}",       "tags_url": "https://api.github.com/repos/maicki/why-did-you-update/tags",       "blobs_url": "https://api.github.com/repos/maicki/why-did-you-update/git/blobs{/sha}",       "git_tags_url": "https://api.github.com/repos/maicki/why-did-you-update/git/tags{/sha}",       "git_refs_url": "https://api.github.com/repos/maicki/why-did-you-update/git/refs{/sha}",       "trees_url": "https://api.github.com/repos/maicki/why-did-you-update/git/trees{/sha}",       "statuses_url": "https://api.github.com/repos/maicki/why-did-you-update/statuses/{sha}",       "languages_url": "https://api.github.com/repos/maicki/why-did-you-update/languages",       "stargazers_url": "https://api.github.com/repos/maicki/why-did-you-update/stargazers",       "contributors_url": "https://api.github.com/repos/maicki/why-did-you-update/contributors",       "subscribers_url": "https://api.github.com/repos/maicki/why-did-you-update/subscribers",       "subscription_url": "https://api.github.com/repos/maicki/why-did-you-update/subscription",       "commits_url": "https://api.github.com/repos/maicki/why-did-you-update/commits{/sha}",       "git_commits_url": "https://api.github.com/repos/maicki/why-did-you-update/git/commits{/sha}",       "comments_url": "https://api.github.com/repos/maicki/why-did-you-update/comments{/number}",       "issue_comment_url": "https://api.github.com/repos/maicki/why-did-you-update/issues/comments{/number}",       "contents_url": "https://api.github.com/repos/maicki/why-did-you-update/contents/{+path}",       "compare_url": "https://api.github.com/repos/maicki/why-did-you-update/compare/{base}...{head}",       "merges_url": "https://api.github.com/repos/maicki/why-did-you-update/merges",       "archive_url": "https://api.github.com/repos/maicki/why-did-you-update/{archive_format}{/ref}",       "downloads_url": "https://api.github.com/repos/maicki/why-did-you-update/downloads",       "issues_url": "https://api.github.com/repos/maicki/why-did-you-update/issues{/number}",       "pulls_url": "https://api.github.com/repos/maicki/why-did-you-update/pulls{/number}",       "milestones_url": "https://api.github.com/repos/maicki/why-did-you-update/milestones{/number}",       "notifications_url": "https://api.github.com/repos/maicki/why-did-you-update/notifications{?since,all,participating}",       "labels_url": "https://api.github.com/repos/maicki/why-did-you-update/labels{/name}",       "releases_url": "https://api.github.com/repos/maicki/why-did-you-update/releases{/id}",       "deployments_url": "https://api.github.com/repos/maicki/why-did-you-update/deployments",       "created_at": "2017-07-20T02:06:12Z",       "updated_at": "2019-01-29T05:37:27Z",       "pushed_at": "2018-12-13T16:41:38Z",       "git_url": "git://github.com/maicki/why-did-you-update.git",       "ssh_url": "git@github.com:maicki/why-did-you-update.git",       "clone_url": "https://github.com/maicki/why-did-you-update.git",       "svn_url": "https://github.com/maicki/why-did-you-update",       "homepage": null,       "size": 1349,       "stargazers_count": 3040,       "watchers_count": 3040,       "language": "JavaScript",       "has_issues": true,       "has_projects": true,       "has_downloads": true,       "has_wiki": true,       "has_pages": false,       "forks_count": 89,       "mirror_url": null,       "archived": false,       "open_issues_count": 4,       "license": {         "key": "mit",         "name": "MIT License",         "spdx_id": "MIT",         "url": "https://api.github.com/licenses/mit",         "node_id": "MDc6TGljZW5zZTEz"       },       "forks": 89,       "open_issues": 4,       "watchers": 3040,       "default_branch": "master",       "score": 97.449005     },     {       "id": 47007090,       "node_id": "MDEwOlJlcG9zaXRvcnk0NzAwNzA5MA==",       "name": "react-native-nba-app",       "full_name": "wwayne/react-native-nba-app",       "private": false,       "owner": {         "login": "wwayne",         "id": 5305874,         "node_id": "MDQ6VXNlcjUzMDU4NzQ=",         "avatar_url": "https://avatars1.githubusercontent.com/u/5305874?v=4",         "gravatar_id": "",         "url": "https://api.github.com/users/wwayne",         "html_url": "https://github.com/wwayne",         "followers_url": "https://api.github.com/users/wwayne/followers",         "following_url": "https://api.github.com/users/wwayne/following{/other_user}",         "gists_url": "https://api.github.com/users/wwayne/gists{/gist_id}",         "starred_url": "https://api.github.com/users/wwayne/starred{/owner}{/repo}",         "subscriptions_url": "https://api.github.com/users/wwayne/subscriptions",         "organizations_url": "https://api.github.com/users/wwayne/orgs",         "repos_url": "https://api.github.com/users/wwayne/repos",         "events_url": "https://api.github.com/users/wwayne/events{/privacy}",         "received_events_url": "https://api.github.com/users/wwayne/received_events",         "type": "User",         "site_admin": false       },       "html_url": "https://github.com/wwayne/react-native-nba-app",       "description": "This is why we play",       "fork": false,       "url": "https://api.github.com/repos/wwayne/react-native-nba-app",       "forks_url": "https://api.github.com/repos/wwayne/react-native-nba-app/forks",       "keys_url": "https://api.github.com/repos/wwayne/react-native-nba-app/keys{/key_id}",       "collaborators_url": "https://api.github.com/repos/wwayne/react-native-nba-app/collaborators{/collaborator}",       "teams_url": "https://api.github.com/repos/wwayne/react-native-nba-app/teams",       "hooks_url": "https://api.github.com/repos/wwayne/react-native-nba-app/hooks",       "issue_events_url": "https://api.github.com/repos/wwayne/react-native-nba-app/issues/events{/number}",       "events_url": "https://api.github.com/repos/wwayne/react-native-nba-app/events",       "assignees_url": "https://api.github.com/repos/wwayne/react-native-nba-app/assignees{/user}",       "branches_url": "https://api.github.com/repos/wwayne/react-native-nba-app/branches{/branch}",       "tags_url": "https://api.github.com/repos/wwayne/react-native-nba-app/tags",       "blobs_url": "https://api.github.com/repos/wwayne/react-native-nba-app/git/blobs{/sha}",       "git_tags_url": "https://api.github.com/repos/wwayne/react-native-nba-app/git/tags{/sha}",       "git_refs_url": "https://api.github.com/repos/wwayne/react-native-nba-app/git/refs{/sha}",       "trees_url": "https://api.github.com/repos/wwayne/react-native-nba-app/git/trees{/sha}",       "statuses_url": "https://api.github.com/repos/wwayne/react-native-nba-app/statuses/{sha}",       "languages_url": "https://api.github.com/repos/wwayne/react-native-nba-app/languages",       "stargazers_url": "https://api.github.com/repos/wwayne/react-native-nba-app/stargazers",       "contributors_url": "https://api.github.com/repos/wwayne/react-native-nba-app/contributors",       "subscribers_url": "https://api.github.com/repos/wwayne/react-native-nba-app/subscribers",       "subscription_url": "https://api.github.com/repos/wwayne/react-native-nba-app/subscription",       "commits_url": "https://api.github.com/repos/wwayne/react-native-nba-app/commits{/sha}",       "git_commits_url": "https://api.github.com/repos/wwayne/react-native-nba-app/git/commits{/sha}",       "comments_url": "https://api.github.com/repos/wwayne/react-native-nba-app/comments{/number}",       "issue_comment_url": "https://api.github.com/repos/wwayne/react-native-nba-app/issues/comments{/number}",       "contents_url": "https://api.github.com/repos/wwayne/react-native-nba-app/contents/{+path}",       "compare_url": "https://api.github.com/repos/wwayne/react-native-nba-app/compare/{base}...{head}",       "merges_url": "https://api.github.com/repos/wwayne/react-native-nba-app/merges",       "archive_url": "https://api.github.com/repos/wwayne/react-native-nba-app/{archive_format}{/ref}",       "downloads_url": "https://api.github.com/repos/wwayne/react-native-nba-app/downloads",       "issues_url": "https://api.github.com/repos/wwayne/react-native-nba-app/issues{/number}",       "pulls_url": "https://api.github.com/repos/wwayne/react-native-nba-app/pulls{/number}",       "milestones_url": "https://api.github.com/repos/wwayne/react-native-nba-app/milestones{/number}",       "notifications_url": "https://api.github.com/repos/wwayne/react-native-nba-app/notifications{?since,all,participating}",       "labels_url": "https://api.github.com/repos/wwayne/react-native-nba-app/labels{/name}",       "releases_url": "https://api.github.com/repos/wwayne/react-native-nba-app/releases{/id}",       "deployments_url": "https://api.github.com/repos/wwayne/react-native-nba-app/deployments",       "created_at": "2015-11-28T02:30:45Z",       "updated_at": "2019-01-29T06:24:22Z",       "pushed_at": "2017-02-07T17:42:38Z",       "git_url": "git://github.com/wwayne/react-native-nba-app.git",       "ssh_url": "git@github.com:wwayne/react-native-nba-app.git",       "clone_url": "https://github.com/wwayne/react-native-nba-app.git",       "svn_url": "https://github.com/wwayne/react-native-nba-app",       "homepage": "",       "size": 2796,       "stargazers_count": 2073,       "watchers_count": 2073,       "language": "Objective-C",       "has_issues": true,       "has_projects": true,       "has_downloads": true,       "has_wiki": true,       "has_pages": false,       "forks_count": 480,       "mirror_url": null,       "archived": false,       "open_issues_count": 8,       "license": {         "key": "mit",         "name": "MIT License",         "spdx_id": "MIT",         "url": "https://api.github.com/licenses/mit",         "node_id": "MDc6TGljZW5zZTEz"       },       "forks": 480,       "open_issues": 8,       "watchers": 2073,       "default_branch": "master",       "score": 110.8352     },     {       "id": 17720394,       "node_id": "MDEwOlJlcG9zaXRvcnkxNzcyMDM5NA==",       "name": "pyinstrument",       "full_name": "joerick/pyinstrument",       "private": false,       "owner": {         "login": "joerick",         "id": 1244307,         "node_id": "MDQ6VXNlcjEyNDQzMDc=",         "avatar_url": "https://avatars1.githubusercontent.com/u/1244307?v=4",         "gravatar_id": "",         "url": "https://api.github.com/users/joerick",         "html_url": "https://github.com/joerick",         "followers_url": "https://api.github.com/users/joerick/followers",         "following_url": "https://api.github.com/users/joerick/following{/other_user}",         "gists_url": "https://api.github.com/users/joerick/gists{/gist_id}",         "starred_url": "https://api.github.com/users/joerick/starred{/owner}{/repo}",         "subscriptions_url": "https://api.github.com/users/joerick/subscriptions",         "organizations_url": "https://api.github.com/users/joerick/orgs",         "repos_url": "https://api.github.com/users/joerick/repos",         "events_url": "https://api.github.com/users/joerick/events{/privacy}",         "received_events_url": "https://api.github.com/users/joerick/received_events",         "type": "User",         "site_admin": false       },       "html_url": "https://github.com/joerick/pyinstrument",       "description": "🚴 Call stack profiler for Python. Shows you why your code is slow!",       "fork": false,       "url": "https://api.github.com/repos/joerick/pyinstrument",       "forks_url": "https://api.github.com/repos/joerick/pyinstrument/forks",       "keys_url": "https://api.github.com/repos/joerick/pyinstrument/keys{/key_id}",       "collaborators_url": "https://api.github.com/repos/joerick/pyinstrument/collaborators{/collaborator}",       "teams_url": "https://api.github.com/repos/joerick/pyinstrument/teams",       "hooks_url": "https://api.github.com/repos/joerick/pyinstrument/hooks",       "issue_events_url": "https://api.github.com/repos/joerick/pyinstrument/issues/events{/number}",       "events_url": "https://api.github.com/repos/joerick/pyinstrument/events",       "assignees_url": "https://api.github.com/repos/joerick/pyinstrument/assignees{/user}",       "branches_url": "https://api.github.com/repos/joerick/pyinstrument/branches{/branch}",       "tags_url": "https://api.github.com/repos/joerick/pyinstrument/tags",       "blobs_url": "https://api.github.com/repos/joerick/pyinstrument/git/blobs{/sha}",       "git_tags_url": "https://api.github.com/repos/joerick/pyinstrument/git/tags{/sha}",       "git_refs_url": "https://api.github.com/repos/joerick/pyinstrument/git/refs{/sha}",       "trees_url": "https://api.github.com/repos/joerick/pyinstrument/git/trees{/sha}",       "statuses_url": "https://api.github.com/repos/joerick/pyinstrument/statuses/{sha}",       "languages_url": "https://api.github.com/repos/joerick/pyinstrument/languages",       "stargazers_url": "https://api.github.com/repos/joerick/pyinstrument/stargazers",       "contributors_url": "https://api.github.com/repos/joerick/pyinstrument/contributors",       "subscribers_url": "https://api.github.com/repos/joerick/pyinstrument/subscribers",       "subscription_url": "https://api.github.com/repos/joerick/pyinstrument/subscription",       "commits_url": "https://api.github.com/repos/joerick/pyinstrument/commits{/sha}",       "git_commits_url": "https://api.github.com/repos/joerick/pyinstrument/git/commits{/sha}",       "comments_url": "https://api.github.com/repos/joerick/pyinstrument/comments{/number}",       "issue_comment_url": "https://api.github.com/repos/joerick/pyinstrument/issues/comments{/number}",       "contents_url": "https://api.github.com/repos/joerick/pyinstrument/contents/{+path}",       "compare_url": "https://api.github.com/repos/joerick/pyinstrument/compare/{base}...{head}",       "merges_url": "https://api.github.com/repos/joerick/pyinstrument/merges",       "archive_url": "https://api.github.com/repos/joerick/pyinstrument/{archive_format}{/ref}",       "downloads_url": "https://api.github.com/repos/joerick/pyinstrument/downloads",       "issues_url": "https://api.github.com/repos/joerick/pyinstrument/issues{/number}",       "pulls_url": "https://api.github.com/repos/joerick/pyinstrument/pulls{/number}",       "milestones_url": "https://api.github.com/repos/joerick/pyinstrument/milestones{/number}",       "notifications_url": "https://api.github.com/repos/joerick/pyinstrument/notifications{?since,all,participating}",       "labels_url": "https://api.github.com/repos/joerick/pyinstrument/labels{/name}",       "releases_url": "https://api.github.com/repos/joerick/pyinstrument/releases{/id}",       "deployments_url": "https://api.github.com/repos/joerick/pyinstrument/deployments",       "created_at": "2014-03-13T17:53:13Z",       "updated_at": "2019-01-27T14:58:45Z",       "pushed_at": "2019-01-15T13:57:27Z",       "git_url": "git://github.com/joerick/pyinstrument.git",       "ssh_url": "git@github.com:joerick/pyinstrument.git",       "clone_url": "https://github.com/joerick/pyinstrument.git",       "svn_url": "https://github.com/joerick/pyinstrument",       "homepage": "",       "size": 1949,       "stargazers_count": 1081,       "watchers_count": 1081,       "language": "Python",       "has_issues": true,       "has_projects": true,       "has_downloads": true,       "has_wiki": true,       "has_pages": false,       "forks_count": 66,       "mirror_url": null,       "archived": false,       "open_issues_count": 5,       "license": {         "key": "bsd-3-clause",         "name": "BSD 3-Clause \"New\" or \"Revised\" License",         "spdx_id": "BSD-3-Clause",         "url": "https://api.github.com/licenses/bsd-3-clause",         "node_id": "MDc6TGljZW5zZTU="       },       "forks": 66,       "open_issues": 5,       "watchers": 1081,       "default_branch": "master",       "score": 57.180237     },     {       "id": 51375640,       "node_id": "MDEwOlJlcG9zaXRvcnk1MTM3NTY0MA==",       "name": "why-is-node-running",       "full_name": "mafintosh/why-is-node-running",       "private": false,       "owner": {         "login": "mafintosh",         "id": 376661,         "node_id": "MDQ6VXNlcjM3NjY2MQ==",         "avatar_url": "https://avatars1.githubusercontent.com/u/376661?v=4",         "gravatar_id": "",         "url": "https://api.github.com/users/mafintosh",         "html_url": "https://github.com/mafintosh",         "followers_url": "https://api.github.com/users/mafintosh/followers",         "following_url": "https://api.github.com/users/mafintosh/following{/other_user}",         "gists_url": "https://api.github.com/users/mafintosh/gists{/gist_id}",         "starred_url": "https://api.github.com/users/mafintosh/starred{/owner}{/repo}",         "subscriptions_url": "https://api.github.com/users/mafintosh/subscriptions",         "organizations_url": "https://api.github.com/users/mafintosh/orgs",         "repos_url": "https://api.github.com/users/mafintosh/repos",         "events_url": "https://api.github.com/users/mafintosh/events{/privacy}",         "received_events_url": "https://api.github.com/users/mafintosh/received_events",         "type": "User",         "site_admin": false       },       "html_url": "https://github.com/mafintosh/why-is-node-running",       "description": "Node is running but you don't know why? why-is-node-running is here to help you.",       "fork": false,       "url": "https://api.github.com/repos/mafintosh/why-is-node-running",       "forks_url": "https://api.github.com/repos/mafintosh/why-is-node-running/forks",       "keys_url": "https://api.github.com/repos/mafintosh/why-is-node-running/keys{/key_id}",       "collaborators_url": "https://api.github.com/repos/mafintosh/why-is-node-running/collaborators{/collaborator}",       "teams_url": "https://api.github.com/repos/mafintosh/why-is-node-running/teams",       "hooks_url": "https://api.github.com/repos/mafintosh/why-is-node-running/hooks",       "issue_events_url": "https://api.github.com/repos/mafintosh/why-is-node-running/issues/events{/number}",       "events_url": "https://api.github.com/repos/mafintosh/why-is-node-running/events",       "assignees_url": "https://api.github.com/repos/mafintosh/why-is-node-running/assignees{/user}",       "branches_url": "https://api.github.com/repos/mafintosh/why-is-node-running/branches{/branch}",       "tags_url": "https://api.github.com/repos/mafintosh/why-is-node-running/tags",       "blobs_url": "https://api.github.com/repos/mafintosh/why-is-node-running/git/blobs{/sha}",       "git_tags_url": "https://api.github.com/repos/mafintosh/why-is-node-running/git/tags{/sha}",       "git_refs_url": "https://api.github.com/repos/mafintosh/why-is-node-running/git/refs{/sha}",       "trees_url": "https://api.github.com/repos/mafintosh/why-is-node-running/git/trees{/sha}",       "statuses_url": "https://api.github.com/repos/mafintosh/why-is-node-running/statuses/{sha}",       "languages_url": "https://api.github.com/repos/mafintosh/why-is-node-running/languages",       "stargazers_url": "https://api.github.com/repos/mafintosh/why-is-node-running/stargazers",       "contributors_url": "https://api.github.com/repos/mafintosh/why-is-node-running/contributors",       "subscribers_url": "https://api.github.com/repos/mafintosh/why-is-node-running/subscribers",       "subscription_url": "https://api.github.com/repos/mafintosh/why-is-node-running/subscription",       "commits_url": "https://api.github.com/repos/mafintosh/why-is-node-running/commits{/sha}",       "git_commits_url": "https://api.github.com/repos/mafintosh/why-is-node-running/git/commits{/sha}",       "comments_url": "https://api.github.com/repos/mafintosh/why-is-node-running/comments{/number}",       "issue_comment_url": "https://api.github.com/repos/mafintosh/why-is-node-running/issues/comments{/number}",       "contents_url": "https://api.github.com/repos/mafintosh/why-is-node-running/contents/{+path}",       "compare_url": "https://api.github.com/repos/mafintosh/why-is-node-running/compare/{base}...{head}",       "merges_url": "https://api.github.com/repos/mafintosh/why-is-node-running/merges",       "archive_url": "https://api.github.com/repos/mafintosh/why-is-node-running/{archive_format}{/ref}",       "downloads_url": "https://api.github.com/repos/mafintosh/why-is-node-running/downloads",       "issues_url": "https://api.github.com/repos/mafintosh/why-is-node-running/issues{/number}",       "pulls_url": "https://api.github.com/repos/mafintosh/why-is-node-running/pulls{/number}",       "milestones_url": "https://api.github.com/repos/mafintosh/why-is-node-running/milestones{/number}",       "notifications_url": "https://api.github.com/repos/mafintosh/why-is-node-running/notifications{?since,all,participating}",       "labels_url": "https://api.github.com/repos/mafintosh/why-is-node-running/labels{/name}",       "releases_url": "https://api.github.com/repos/mafintosh/why-is-node-running/releases{/id}",       "deployments_url": "https://api.github.com/repos/mafintosh/why-is-node-running/deployments",       "created_at": "2016-02-09T15:29:28Z",       "updated_at": "2019-01-27T07:40:29Z",       "pushed_at": "2018-10-26T08:54:53Z",       "git_url": "git://github.com/mafintosh/why-is-node-running.git",       "ssh_url": "git@github.com:mafintosh/why-is-node-running.git",       "clone_url": "https://github.com/mafintosh/why-is-node-running.git",       "svn_url": "https://github.com/mafintosh/why-is-node-running",       "homepage": null,       "size": 18,       "stargazers_count": 873,       "watchers_count": 873,       "language": "JavaScript",       "has_issues": true,       "has_projects": true,       "has_downloads": true,       "has_wiki": true,       "has_pages": false,       "forks_count": 32,       "mirror_url": null,       "archived": false,       "open_issues_count": 12,       "license": {         "key": "mit",         "name": "MIT License",         "spdx_id": "MIT",         "url": "https://api.github.com/licenses/mit",         "node_id": "MDc6TGljZW5zZTEz"       },       "forks": 32,       "open_issues": 12,       "watchers": 873,       "default_branch": "master",       "score": 80.30147     },     {       "id": 103874950,       "node_id": "MDEwOlJlcG9zaXRvcnkxMDM4NzQ5NTA=",       "name": "bashful",       "full_name": "wagoodman/bashful",       "private": false,       "owner": {         "login": "wagoodman",         "id": 590471,         "node_id": "MDQ6VXNlcjU5MDQ3MQ==",         "avatar_url": "https://avatars3.githubusercontent.com/u/590471?v=4",         "gravatar_id": "",         "url": "https://api.github.com/users/wagoodman",         "html_url": "https://github.com/wagoodman",         "followers_url": "https://api.github.com/users/wagoodman/followers",         "following_url": "https://api.github.com/users/wagoodman/following{/other_user}",         "gists_url": "https://api.github.com/users/wagoodman/gists{/gist_id}",         "starred_url": "https://api.github.com/users/wagoodman/starred{/owner}{/repo}",         "subscriptions_url": "https://api.github.com/users/wagoodman/subscriptions",         "organizations_url": "https://api.github.com/users/wagoodman/orgs",         "repos_url": "https://api.github.com/users/wagoodman/repos",         "events_url": "https://api.github.com/users/wagoodman/events{/privacy}",         "received_events_url": "https://api.github.com/users/wagoodman/received_events",         "type": "User",         "site_admin": false       },       "html_url": "https://github.com/wagoodman/bashful",       "description": "Use a yaml file to stitch together commands and bash snippits and run them with a bit of style.  Why? Because your bash script should be quiet and shy-like (...and not such a loud mouth). ",       "fork": false,       "url": "https://api.github.com/repos/wagoodman/bashful",       "forks_url": "https://api.github.com/repos/wagoodman/bashful/forks",       "keys_url": "https://api.github.com/repos/wagoodman/bashful/keys{/key_id}",       "collaborators_url": "https://api.github.com/repos/wagoodman/bashful/collaborators{/collaborator}",       "teams_url": "https://api.github.com/repos/wagoodman/bashful/teams",       "hooks_url": "https://api.github.com/repos/wagoodman/bashful/hooks",       "issue_events_url": "https://api.github.com/repos/wagoodman/bashful/issues/events{/number}",       "events_url": "https://api.github.com/repos/wagoodman/bashful/events",       "assignees_url": "https://api.github.com/repos/wagoodman/bashful/assignees{/user}",       "branches_url": "https://api.github.com/repos/wagoodman/bashful/branches{/branch}",       "tags_url": "https://api.github.com/repos/wagoodman/bashful/tags",       "blobs_url": "https://api.github.com/repos/wagoodman/bashful/git/blobs{/sha}",       "git_tags_url": "https://api.github.com/repos/wagoodman/bashful/git/tags{/sha}",       "git_refs_url": "https://api.github.com/repos/wagoodman/bashful/git/refs{/sha}",       "trees_url": "https://api.github.com/repos/wagoodman/bashful/git/trees{/sha}",       "statuses_url": "https://api.github.com/repos/wagoodman/bashful/statuses/{sha}",       "languages_url": "https://api.github.com/repos/wagoodman/bashful/languages",       "stargazers_url": "https://api.github.com/repos/wagoodman/bashful/stargazers",       "contributors_url": "https://api.github.com/repos/wagoodman/bashful/contributors",       "subscribers_url": "https://api.github.com/repos/wagoodman/bashful/subscribers",       "subscription_url": "https://api.github.com/repos/wagoodman/bashful/subscription",       "commits_url": "https://api.github.com/repos/wagoodman/bashful/commits{/sha}",       "git_commits_url": "https://api.github.com/repos/wagoodman/bashful/git/commits{/sha}",       "comments_url": "https://api.github.com/repos/wagoodman/bashful/comments{/number}",       "issue_comment_url": "https://api.github.com/repos/wagoodman/bashful/issues/comments{/number}",       "contents_url": "https://api.github.com/repos/wagoodman/bashful/contents/{+path}",       "compare_url": "https://api.github.com/repos/wagoodman/bashful/compare/{base}...{head}",       "merges_url": "https://api.github.com/repos/wagoodman/bashful/merges",       "archive_url": "https://api.github.com/repos/wagoodman/bashful/{archive_format}{/ref}",       "downloads_url": "https://api.github.com/repos/wagoodman/bashful/downloads",       "issues_url": "https://api.github.com/repos/wagoodman/bashful/issues{/number}",       "pulls_url": "https://api.github.com/repos/wagoodman/bashful/pulls{/number}",       "milestones_url": "https://api.github.com/repos/wagoodman/bashful/milestones{/number}",       "notifications_url": "https://api.github.com/repos/wagoodman/bashful/notifications{?since,all,participating}",       "labels_url": "https://api.github.com/repos/wagoodman/bashful/labels{/name}",       "releases_url": "https://api.github.com/repos/wagoodman/bashful/releases{/id}",       "deployments_url": "https://api.github.com/repos/wagoodman/bashful/deployments",       "created_at": "2017-09-18T01:04:55Z",       "updated_at": "2019-01-28T20:06:21Z",       "pushed_at": "2019-01-06T18:52:52Z",       "git_url": "git://github.com/wagoodman/bashful.git",       "ssh_url": "git@github.com:wagoodman/bashful.git",       "clone_url": "https://github.com/wagoodman/bashful.git",       "svn_url": "https://github.com/wagoodman/bashful",       "homepage": "",       "size": 4157,       "stargazers_count": 827,       "watchers_count": 827,       "language": "Go",       "has_issues": true,       "has_projects": true,       "has_downloads": true,       "has_wiki": true,       "has_pages": false,       "forks_count": 24,       "mirror_url": null,       "archived": false,       "open_issues_count": 15,       "license": {         "key": "mit",         "name": "MIT License",         "spdx_id": "MIT",         "url": "https://api.github.com/licenses/mit",         "node_id": "MDc6TGljZW5zZTEz"       },       "forks": 24,       "open_issues": 15,       "watchers": 827,       "default_branch": "master",       "score": 27.884815     },     {       "id": 100889899,       "node_id": "MDEwOlJlcG9zaXRvcnkxMDA4ODk4OTk=",       "name": "wtfautolayout",       "full_name": "johnpatrickmorgan/wtfautolayout",       "private": false,       "owner": {         "login": "johnpatrickmorgan",         "id": 6318566,         "node_id": "MDQ6VXNlcjYzMTg1NjY=",         "avatar_url": "https://avatars3.githubusercontent.com/u/6318566?v=4",         "gravatar_id": "",         "url": "https://api.github.com/users/johnpatrickmorgan",         "html_url": "https://github.com/johnpatrickmorgan",         "followers_url": "https://api.github.com/users/johnpatrickmorgan/followers",         "following_url": "https://api.github.com/users/johnpatrickmorgan/following{/other_user}",         "gists_url": "https://api.github.com/users/johnpatrickmorgan/gists{/gist_id}",         "starred_url": "https://api.github.com/users/johnpatrickmorgan/starred{/owner}{/repo}",         "subscriptions_url": "https://api.github.com/users/johnpatrickmorgan/subscriptions",         "organizations_url": "https://api.github.com/users/johnpatrickmorgan/orgs",         "repos_url": "https://api.github.com/users/johnpatrickmorgan/repos",         "events_url": "https://api.github.com/users/johnpatrickmorgan/events{/privacy}",         "received_events_url": "https://api.github.com/users/johnpatrickmorgan/received_events",         "type": "User",         "site_admin": false       },       "html_url": "https://github.com/johnpatrickmorgan/wtfautolayout",       "description": "The source code for Why The Failure, Auto Layout?",       "fork": false,       "url": "https://api.github.com/repos/johnpatrickmorgan/wtfautolayout",       "forks_url": "https://api.github.com/repos/johnpatrickmorgan/wtfautolayout/forks",       "keys_url": "https://api.github.com/repos/johnpatrickmorgan/wtfautolayout/keys{/key_id}",       "collaborators_url": "https://api.github.com/repos/johnpatrickmorgan/wtfautolayout/collaborators{/collaborator}",       "teams_url": "https://api.github.com/repos/johnpatrickmorgan/wtfautolayout/teams",       "hooks_url": "https://api.github.com/repos/johnpatrickmorgan/wtfautolayout/hooks",       "issue_events_url": "https://api.github.com/repos/johnpatrickmorgan/wtfautolayout/issues/events{/number}",       "events_url": "https://api.github.com/repos/johnpatrickmorgan/wtfautolayout/events",       "assignees_url": "https://api.github.com/repos/johnpatrickmorgan/wtfautolayout/assignees{/user}",       "branches_url": "https://api.github.com/repos/johnpatrickmorgan/wtfautolayout/branches{/branch}",       "tags_url": "https://api.github.com/repos/johnpatrickmorgan/wtfautolayout/tags",       "blobs_url": "https://api.github.com/repos/johnpatrickmorgan/wtfautolayout/git/blobs{/sha}",       "git_tags_url": "https://api.github.com/repos/johnpatrickmorgan/wtfautolayout/git/tags{/sha}",       "git_refs_url": "https://api.github.com/repos/johnpatrickmorgan/wtfautolayout/git/refs{/sha}",       "trees_url": "https://api.github.com/repos/johnpatrickmorgan/wtfautolayout/git/trees{/sha}",       "statuses_url": "https://api.github.com/repos/johnpatrickmorgan/wtfautolayout/statuses/{sha}",       "languages_url": "https://api.github.com/repos/johnpatrickmorgan/wtfautolayout/languages",       "stargazers_url": "https://api.github.com/repos/johnpatrickmorgan/wtfautolayout/stargazers",       "contributors_url": "https://api.github.com/repos/johnpatrickmorgan/wtfautolayout/contributors",       "subscribers_url": "https://api.github.com/repos/johnpatrickmorgan/wtfautolayout/subscribers",       "subscription_url": "https://api.github.com/repos/johnpatrickmorgan/wtfautolayout/subscription",       "commits_url": "https://api.github.com/repos/johnpatrickmorgan/wtfautolayout/commits{/sha}",       "git_commits_url": "https://api.github.com/repos/johnpatrickmorgan/wtfautolayout/git/commits{/sha}",       "comments_url": "https://api.github.com/repos/johnpatrickmorgan/wtfautolayout/comments{/number}",       "issue_comment_url": "https://api.github.com/repos/johnpatrickmorgan/wtfautolayout/issues/comments{/number}",       "contents_url": "https://api.github.com/repos/johnpatrickmorgan/wtfautolayout/contents/{+path}",       "compare_url": "https://api.github.com/repos/johnpatrickmorgan/wtfautolayout/compare/{base}...{head}",       "merges_url": "https://api.github.com/repos/johnpatrickmorgan/wtfautolayout/merges",       "archive_url": "https://api.github.com/repos/johnpatrickmorgan/wtfautolayout/{archive_format}{/ref}",       "downloads_url": "https://api.github.com/repos/johnpatrickmorgan/wtfautolayout/downloads",       "issues_url": "https://api.github.com/repos/johnpatrickmorgan/wtfautolayout/issues{/number}",       "pulls_url": "https://api.github.com/repos/johnpatrickmorgan/wtfautolayout/pulls{/number}",       "milestones_url": "https://api.github.com/repos/johnpatrickmorgan/wtfautolayout/milestones{/number}",       "notifications_url": "https://api.github.com/repos/johnpatrickmorgan/wtfautolayout/notifications{?since,all,participating}",       "labels_url": "https://api.github.com/repos/johnpatrickmorgan/wtfautolayout/labels{/name}",       "releases_url": "https://api.github.com/repos/johnpatrickmorgan/wtfautolayout/releases{/id}",       "deployments_url": "https://api.github.com/repos/johnpatrickmorgan/wtfautolayout/deployments",       "created_at": "2017-08-20T21:32:57Z",       "updated_at": "2019-01-28T12:46:45Z",       "pushed_at": "2019-01-24T23:44:25Z",       "git_url": "git://github.com/johnpatrickmorgan/wtfautolayout.git",       "ssh_url": "git@github.com:johnpatrickmorgan/wtfautolayout.git",       "clone_url": "https://github.com/johnpatrickmorgan/wtfautolayout.git",       "svn_url": "https://github.com/johnpatrickmorgan/wtfautolayout",       "homepage": "https://www.wtfautolayout.com",       "size": 347,       "stargazers_count": 674,       "watchers_count": 674,       "language": "Swift",       "has_issues": true,       "has_projects": true,       "has_downloads": true,       "has_wiki": true,       "has_pages": false,       "forks_count": 15,       "mirror_url": null,       "archived": false,       "open_issues_count": 5,       "license": {         "key": "mit",         "name": "MIT License",         "spdx_id": "MIT",         "url": "https://api.github.com/licenses/mit",         "node_id": "MDc6TGljZW5zZTEz"       },       "forks": 15,       "open_issues": 5,       "watchers": 674,       "default_branch": "master",       "score": 56.4441     },     {       "id": 28422398,       "node_id": "MDEwOlJlcG9zaXRvcnkyODQyMjM5OA==",       "name": "react-router-flux-starter-kit",       "full_name": "przeor/react-router-flux-starter-kit",       "private": false,       "owner": {         "login": "przeor",         "id": 5995,         "node_id": "MDQ6VXNlcjU5OTU=",         "avatar_url": "https://avatars2.githubusercontent.com/u/5995?v=4",         "gravatar_id": "",         "url": "https://api.github.com/users/przeor",         "html_url": "https://github.com/przeor",         "followers_url": "https://api.github.com/users/przeor/followers",         "following_url": "https://api.github.com/users/przeor/following{/other_user}",         "gists_url": "https://api.github.com/users/przeor/gists{/gist_id}",         "starred_url": "https://api.github.com/users/przeor/starred{/owner}{/repo}",         "subscriptions_url": "https://api.github.com/users/przeor/subscriptions",         "organizations_url": "https://api.github.com/users/przeor/orgs",         "repos_url": "https://api.github.com/users/przeor/repos",         "events_url": "https://api.github.com/users/przeor/events{/privacy}",         "received_events_url": "https://api.github.com/users/przeor/received_events",         "type": "User",         "site_admin": false       },       "html_url": "https://github.com/przeor/react-router-flux-starter-kit",       "description": "Why & How to Learn React Redux, the right highly scalable way.",       "fork": false,       "url": "https://api.github.com/repos/przeor/react-router-flux-starter-kit",       "forks_url": "https://api.github.com/repos/przeor/react-router-flux-starter-kit/forks",       "keys_url": "https://api.github.com/repos/przeor/react-router-flux-starter-kit/keys{/key_id}",       "collaborators_url": "https://api.github.com/repos/przeor/react-router-flux-starter-kit/collaborators{/collaborator}",       "teams_url": "https://api.github.com/repos/przeor/react-router-flux-starter-kit/teams",       "hooks_url": "https://api.github.com/repos/przeor/react-router-flux-starter-kit/hooks",       "issue_events_url": "https://api.github.com/repos/przeor/react-router-flux-starter-kit/issues/events{/number}",       "events_url": "https://api.github.com/repos/przeor/react-router-flux-starter-kit/events",       "assignees_url": "https://api.github.com/repos/przeor/react-router-flux-starter-kit/assignees{/user}",       "branches_url": "https://api.github.com/repos/przeor/react-router-flux-starter-kit/branches{/branch}",       "tags_url": "https://api.github.com/repos/przeor/react-router-flux-starter-kit/tags",       "blobs_url": "https://api.github.com/repos/przeor/react-router-flux-starter-kit/git/blobs{/sha}",       "git_tags_url": "https://api.github.com/repos/przeor/react-router-flux-starter-kit/git/tags{/sha}",       "git_refs_url": "https://api.github.com/repos/przeor/react-router-flux-starter-kit/git/refs{/sha}",       "trees_url": "https://api.github.com/repos/przeor/react-router-flux-starter-kit/git/trees{/sha}",       "statuses_url": "https://api.github.com/repos/przeor/react-router-flux-starter-kit/statuses/{sha}",       "languages_url": "https://api.github.com/repos/przeor/react-router-flux-starter-kit/languages",       "stargazers_url": "https://api.github.com/repos/przeor/react-router-flux-starter-kit/stargazers",       "contributors_url": "https://api.github.com/repos/przeor/react-router-flux-starter-kit/contributors",       "subscribers_url": "https://api.github.com/repos/przeor/react-router-flux-starter-kit/subscribers",       "subscription_url": "https://api.github.com/repos/przeor/react-router-flux-starter-kit/subscription",       "commits_url": "https://api.github.com/repos/przeor/react-router-flux-starter-kit/commits{/sha}",       "git_commits_url": "https://api.github.com/repos/przeor/react-router-flux-starter-kit/git/commits{/sha}",       "comments_url": "https://api.github.com/repos/przeor/react-router-flux-starter-kit/comments{/number}",       "issue_comment_url": "https://api.github.com/repos/przeor/react-router-flux-starter-kit/issues/comments{/number}",       "contents_url": "https://api.github.com/repos/przeor/react-router-flux-starter-kit/contents/{+path}",       "compare_url": "https://api.github.com/repos/przeor/react-router-flux-starter-kit/compare/{base}...{head}",       "merges_url": "https://api.github.com/repos/przeor/react-router-flux-starter-kit/merges",       "archive_url": "https://api.github.com/repos/przeor/react-router-flux-starter-kit/{archive_format}{/ref}",       "downloads_url": "https://api.github.com/repos/przeor/react-router-flux-starter-kit/downloads",       "issues_url": "https://api.github.com/repos/przeor/react-router-flux-starter-kit/issues{/number}",       "pulls_url": "https://api.github.com/repos/przeor/react-router-flux-starter-kit/pulls{/number}",       "milestones_url": "https://api.github.com/repos/przeor/react-router-flux-starter-kit/milestones{/number}",       "notifications_url": "https://api.github.com/repos/przeor/react-router-flux-starter-kit/notifications{?since,all,participating}",       "labels_url": "https://api.github.com/repos/przeor/react-router-flux-starter-kit/labels{/name}",       "releases_url": "https://api.github.com/repos/przeor/react-router-flux-starter-kit/releases{/id}",       "deployments_url": "https://api.github.com/repos/przeor/react-router-flux-starter-kit/deployments",       "created_at": "2014-12-23T22:19:47Z",       "updated_at": "2019-01-23T01:25:46Z",       "pushed_at": "2016-08-19T08:19:37Z",       "git_url": "git://github.com/przeor/react-router-flux-starter-kit.git",       "ssh_url": "git@github.com:przeor/react-router-flux-starter-kit.git",       "clone_url": "https://github.com/przeor/react-router-flux-starter-kit.git",       "svn_url": "https://github.com/przeor/react-router-flux-starter-kit",       "homepage": "",       "size": 4999,       "stargazers_count": 650,       "watchers_count": 650,       "language": "JavaScript",       "has_issues": true,       "has_projects": true,       "has_downloads": true,       "has_wiki": true,       "has_pages": false,       "forks_count": 97,       "mirror_url": null,       "archived": false,       "open_issues_count": 5,       "license": null,       "forks": 97,       "open_issues": 5,       "watchers": 650,       "default_branch": "master",       "score": 58.730446     },     {       "id": 282344,       "node_id": "MDEwOlJlcG9zaXRvcnkyODIzNDQ=",       "name": "potion",       "full_name": "perl11/potion",       "private": false,       "owner": {         "login": "perl11",         "id": 2390370,         "node_id": "MDEyOk9yZ2FuaXphdGlvbjIzOTAzNzA=",         "avatar_url": "https://avatars3.githubusercontent.com/u/2390370?v=4",         "gravatar_id": "",         "url": "https://api.github.com/users/perl11",         "html_url": "https://github.com/perl11",         "followers_url": "https://api.github.com/users/perl11/followers",         "following_url": "https://api.github.com/users/perl11/following{/other_user}",         "gists_url": "https://api.github.com/users/perl11/gists{/gist_id}",         "starred_url": "https://api.github.com/users/perl11/starred{/owner}{/repo}",         "subscriptions_url": "https://api.github.com/users/perl11/subscriptions",         "organizations_url": "https://api.github.com/users/perl11/orgs",         "repos_url": "https://api.github.com/users/perl11/repos",         "events_url": "https://api.github.com/users/perl11/events{/privacy}",         "received_events_url": "https://api.github.com/users/perl11/received_events",         "type": "Organization",         "site_admin": false       },       "html_url": "https://github.com/perl11/potion",       "description": "_why the lucky stiff's little language (the official repo... until _why returns)",       "fork": false,       "url": "https://api.github.com/repos/perl11/potion",       "forks_url": "https://api.github.com/repos/perl11/potion/forks",       "keys_url": "https://api.github.com/repos/perl11/potion/keys{/key_id}",       "collaborators_url": "https://api.github.com/repos/perl11/potion/collaborators{/collaborator}",       "teams_url": "https://api.github.com/repos/perl11/potion/teams",       "hooks_url": "https://api.github.com/repos/perl11/potion/hooks",       "issue_events_url": "https://api.github.com/repos/perl11/potion/issues/events{/number}",       "events_url": "https://api.github.com/repos/perl11/potion/events",       "assignees_url": "https://api.github.com/repos/perl11/potion/assignees{/user}",       "branches_url": "https://api.github.com/repos/perl11/potion/branches{/branch}",       "tags_url": "https://api.github.com/repos/perl11/potion/tags",       "blobs_url": "https://api.github.com/repos/perl11/potion/git/blobs{/sha}",       "git_tags_url": "https://api.github.com/repos/perl11/potion/git/tags{/sha}",       "git_refs_url": "https://api.github.com/repos/perl11/potion/git/refs{/sha}",       "trees_url": "https://api.github.com/repos/perl11/potion/git/trees{/sha}",       "statuses_url": "https://api.github.com/repos/perl11/potion/statuses/{sha}",       "languages_url": "https://api.github.com/repos/perl11/potion/languages",       "stargazers_url": "https://api.github.com/repos/perl11/potion/stargazers",       "contributors_url": "https://api.github.com/repos/perl11/potion/contributors",       "subscribers_url": "https://api.github.com/repos/perl11/potion/subscribers",       "subscription_url": "https://api.github.com/repos/perl11/potion/subscription",       "commits_url": "https://api.github.com/repos/perl11/potion/commits{/sha}",       "git_commits_url": "https://api.github.com/repos/perl11/potion/git/commits{/sha}",       "comments_url": "https://api.github.com/repos/perl11/potion/comments{/number}",       "issue_comment_url": "https://api.github.com/repos/perl11/potion/issues/comments{/number}",       "contents_url": "https://api.github.com/repos/perl11/potion/contents/{+path}",       "compare_url": "https://api.github.com/repos/perl11/potion/compare/{base}...{head}",       "merges_url": "https://api.github.com/repos/perl11/potion/merges",       "archive_url": "https://api.github.com/repos/perl11/potion/{archive_format}{/ref}",       "downloads_url": "https://api.github.com/repos/perl11/potion/downloads",       "issues_url": "https://api.github.com/repos/perl11/potion/issues{/number}",       "pulls_url": "https://api.github.com/repos/perl11/potion/pulls{/number}",       "milestones_url": "https://api.github.com/repos/perl11/potion/milestones{/number}",       "notifications_url": "https://api.github.com/repos/perl11/potion/notifications{?since,all,participating}",       "labels_url": "https://api.github.com/repos/perl11/potion/labels{/name}",       "releases_url": "https://api.github.com/repos/perl11/potion/releases{/id}",       "deployments_url": "https://api.github.com/repos/perl11/potion/deployments",       "created_at": "2009-08-19T20:06:21Z",       "updated_at": "2019-01-23T08:11:13Z",       "pushed_at": "2018-02-02T09:04:03Z",       "git_url": "git://github.com/perl11/potion.git",       "ssh_url": "git@github.com:perl11/potion.git",       "clone_url": "https://github.com/perl11/potion.git",       "svn_url": "https://github.com/perl11/potion",       "homepage": "http://groups.google.com/group/potion-lang",       "size": 4417,       "stargazers_count": 540,       "watchers_count": 540,       "language": "C",       "has_issues": true,       "has_projects": true,       "has_downloads": true,       "has_wiki": true,       "has_pages": true,       "forks_count": 78,       "mirror_url": null,       "archived": false,       "open_issues_count": 19,       "license": {         "key": "other",         "name": "Other",         "spdx_id": "NOASSERTION",         "url": null,         "node_id": "MDc6TGljZW5zZTA="       },       "forks": 78,       "open_issues": 19,       "watchers": 540,       "default_branch": "master",       "score": 82.00274     },     {       "id": 282622,       "node_id": "MDEwOlJlcG9zaXRvcnkyODI2MjI=",       "name": "poignant-guide",       "full_name": "mislav/poignant-guide",       "private": false,       "owner": {         "login": "mislav",         "id": 887,         "node_id": "MDQ6VXNlcjg4Nw==",         "avatar_url": "https://avatars2.githubusercontent.com/u/887?v=4",         "gravatar_id": "",         "url": "https://api.github.com/users/mislav",         "html_url": "https://github.com/mislav",         "followers_url": "https://api.github.com/users/mislav/followers",         "following_url": "https://api.github.com/users/mislav/following{/other_user}",         "gists_url": "https://api.github.com/users/mislav/gists{/gist_id}",         "starred_url": "https://api.github.com/users/mislav/starred{/owner}{/repo}",         "subscriptions_url": "https://api.github.com/users/mislav/subscriptions",         "organizations_url": "https://api.github.com/users/mislav/orgs",         "repos_url": "https://api.github.com/users/mislav/repos",         "events_url": "https://api.github.com/users/mislav/events{/privacy}",         "received_events_url": "https://api.github.com/users/mislav/received_events",         "type": "User",         "site_admin": true       },       "html_url": "https://github.com/mislav/poignant-guide",       "description": "Why's Poignant Guide to Ruby",       "fork": false,       "url": "https://api.github.com/repos/mislav/poignant-guide",       "forks_url": "https://api.github.com/repos/mislav/poignant-guide/forks",       "keys_url": "https://api.github.com/repos/mislav/poignant-guide/keys{/key_id}",       "collaborators_url": "https://api.github.com/repos/mislav/poignant-guide/collaborators{/collaborator}",       "teams_url": "https://api.github.com/repos/mislav/poignant-guide/teams",       "hooks_url": "https://api.github.com/repos/mislav/poignant-guide/hooks",       "issue_events_url": "https://api.github.com/repos/mislav/poignant-guide/issues/events{/number}",       "events_url": "https://api.github.com/repos/mislav/poignant-guide/events",       "assignees_url": "https://api.github.com/repos/mislav/poignant-guide/assignees{/user}",       "branches_url": "https://api.github.com/repos/mislav/poignant-guide/branches{/branch}",       "tags_url": "https://api.github.com/repos/mislav/poignant-guide/tags",       "blobs_url": "https://api.github.com/repos/mislav/poignant-guide/git/blobs{/sha}",       "git_tags_url": "https://api.github.com/repos/mislav/poignant-guide/git/tags{/sha}",       "git_refs_url": "https://api.github.com/repos/mislav/poignant-guide/git/refs{/sha}",       "trees_url": "https://api.github.com/repos/mislav/poignant-guide/git/trees{/sha}",       "statuses_url": "https://api.github.com/repos/mislav/poignant-guide/statuses/{sha}",       "languages_url": "https://api.github.com/repos/mislav/poignant-guide/languages",       "stargazers_url": "https://api.github.com/repos/mislav/poignant-guide/stargazers",       "contributors_url": "https://api.github.com/repos/mislav/poignant-guide/contributors",       "subscribers_url": "https://api.github.com/repos/mislav/poignant-guide/subscribers",       "subscription_url": "https://api.github.com/repos/mislav/poignant-guide/subscription",       "commits_url": "https://api.github.com/repos/mislav/poignant-guide/commits{/sha}",       "git_commits_url": "https://api.github.com/repos/mislav/poignant-guide/git/commits{/sha}",       "comments_url": "https://api.github.com/repos/mislav/poignant-guide/comments{/number}",       "issue_comment_url": "https://api.github.com/repos/mislav/poignant-guide/issues/comments{/number}",       "contents_url": "https://api.github.com/repos/mislav/poignant-guide/contents/{+path}",       "compare_url": "https://api.github.com/repos/mislav/poignant-guide/compare/{base}...{head}",       "merges_url": "https://api.github.com/repos/mislav/poignant-guide/merges",       "archive_url": "https://api.github.com/repos/mislav/poignant-guide/{archive_format}{/ref}",       "downloads_url": "https://api.github.com/repos/mislav/poignant-guide/downloads",       "issues_url": "https://api.github.com/repos/mislav/poignant-guide/issues{/number}",       "pulls_url": "https://api.github.com/repos/mislav/poignant-guide/pulls{/number}",       "milestones_url": "https://api.github.com/repos/mislav/poignant-guide/milestones{/number}",       "notifications_url": "https://api.github.com/repos/mislav/poignant-guide/notifications{?since,all,participating}",       "labels_url": "https://api.github.com/repos/mislav/poignant-guide/labels{/name}",       "releases_url": "https://api.github.com/repos/mislav/poignant-guide/releases{/id}",       "deployments_url": "https://api.github.com/repos/mislav/poignant-guide/deployments",       "created_at": "2009-08-20T01:17:54Z",       "updated_at": "2019-01-26T12:32:58Z",       "pushed_at": "2018-11-20T13:08:57Z",       "git_url": "git://github.com/mislav/poignant-guide.git",       "ssh_url": "git@github.com:mislav/poignant-guide.git",       "clone_url": "https://github.com/mislav/poignant-guide.git",       "svn_url": "https://github.com/mislav/poignant-guide",       "homepage": "http://poignant.guide/",       "size": 12871,       "stargazers_count": 532,       "watchers_count": 532,       "language": "HTML",       "has_issues": false,       "has_projects": true,       "has_downloads": true,       "has_wiki": false,       "has_pages": true,       "forks_count": 103,       "mirror_url": null,       "archived": false,       "open_issues_count": 0,       "license": null,       "forks": 103,       "open_issues": 0,       "watchers": 532,       "default_branch": "gh-pages",       "score": 81.54321     },     {       "id": 30485473,       "node_id": "MDEwOlJlcG9zaXRvcnkzMDQ4NTQ3Mw==",       "name": "Why-Reject",       "full_name": "jcccn/Why-Reject",       "private": false,       "owner": {         "login": "jcccn",         "id": 397243,         "node_id": "MDQ6VXNlcjM5NzI0Mw==",         "avatar_url": "https://avatars1.githubusercontent.com/u/397243?v=4",         "gravatar_id": "",         "url": "https://api.github.com/users/jcccn",         "html_url": "https://github.com/jcccn",         "followers_url": "https://api.github.com/users/jcccn/followers",         "following_url": "https://api.github.com/users/jcccn/following{/other_user}",         "gists_url": "https://api.github.com/users/jcccn/gists{/gist_id}",         "starred_url": "https://api.github.com/users/jcccn/starred{/owner}{/repo}",         "subscriptions_url": "https://api.github.com/users/jcccn/subscriptions",         "organizations_url": "https://api.github.com/users/jcccn/orgs",         "repos_url": "https://api.github.com/users/jcccn/repos",         "events_url": "https://api.github.com/users/jcccn/events{/privacy}",         "received_events_url": "https://api.github.com/users/jcccn/received_events",         "type": "User",         "site_admin": false       },       "html_url": "https://github.com/jcccn/Why-Reject",       "description": "苹果AppStore被拒理由大全",       "fork": false,       "url": "https://api.github.com/repos/jcccn/Why-Reject",       "forks_url": "https://api.github.com/repos/jcccn/Why-Reject/forks",       "keys_url": "https://api.github.com/repos/jcccn/Why-Reject/keys{/key_id}",       "collaborators_url": "https://api.github.com/repos/jcccn/Why-Reject/collaborators{/collaborator}",       "teams_url": "https://api.github.com/repos/jcccn/Why-Reject/teams",       "hooks_url": "https://api.github.com/repos/jcccn/Why-Reject/hooks",       "issue_events_url": "https://api.github.com/repos/jcccn/Why-Reject/issues/events{/number}",       "events_url": "https://api.github.com/repos/jcccn/Why-Reject/events",       "assignees_url": "https://api.github.com/repos/jcccn/Why-Reject/assignees{/user}",       "branches_url": "https://api.github.com/repos/jcccn/Why-Reject/branches{/branch}",       "tags_url": "https://api.github.com/repos/jcccn/Why-Reject/tags",       "blobs_url": "https://api.github.com/repos/jcccn/Why-Reject/git/blobs{/sha}",       "git_tags_url": "https://api.github.com/repos/jcccn/Why-Reject/git/tags{/sha}",       "git_refs_url": "https://api.github.com/repos/jcccn/Why-Reject/git/refs{/sha}",       "trees_url": "https://api.github.com/repos/jcccn/Why-Reject/git/trees{/sha}",       "statuses_url": "https://api.github.com/repos/jcccn/Why-Reject/statuses/{sha}",       "languages_url": "https://api.github.com/repos/jcccn/Why-Reject/languages",       "stargazers_url": "https://api.github.com/repos/jcccn/Why-Reject/stargazers",       "contributors_url": "https://api.github.com/repos/jcccn/Why-Reject/contributors",       "subscribers_url": "https://api.github.com/repos/jcccn/Why-Reject/subscribers",       "subscription_url": "https://api.github.com/repos/jcccn/Why-Reject/subscription",       "commits_url": "https://api.github.com/repos/jcccn/Why-Reject/commits{/sha}",       "git_commits_url": "https://api.github.com/repos/jcccn/Why-Reject/git/commits{/sha}",       "comments_url": "https://api.github.com/repos/jcccn/Why-Reject/comments{/number}",       "issue_comment_url": "https://api.github.com/repos/jcccn/Why-Reject/issues/comments{/number}",       "contents_url": "https://api.github.com/repos/jcccn/Why-Reject/contents/{+path}",       "compare_url": "https://api.github.com/repos/jcccn/Why-Reject/compare/{base}...{head}",       "merges_url": "https://api.github.com/repos/jcccn/Why-Reject/merges",       "archive_url": "https://api.github.com/repos/jcccn/Why-Reject/{archive_format}{/ref}",       "downloads_url": "https://api.github.com/repos/jcccn/Why-Reject/downloads",       "issues_url": "https://api.github.com/repos/jcccn/Why-Reject/issues{/number}",       "pulls_url": "https://api.github.com/repos/jcccn/Why-Reject/pulls{/number}",       "milestones_url": "https://api.github.com/repos/jcccn/Why-Reject/milestones{/number}",       "notifications_url": "https://api.github.com/repos/jcccn/Why-Reject/notifications{?since,all,participating}",       "labels_url": "https://api.github.com/repos/jcccn/Why-Reject/labels{/name}",       "releases_url": "https://api.github.com/repos/jcccn/Why-Reject/releases{/id}",       "deployments_url": "https://api.github.com/repos/jcccn/Why-Reject/deployments",       "created_at": "2015-02-08T08:37:17Z",       "updated_at": "2019-01-28T12:02:55Z",       "pushed_at": "2017-05-06T07:35:44Z",       "git_url": "git://github.com/jcccn/Why-Reject.git",       "ssh_url": "git@github.com:jcccn/Why-Reject.git",       "clone_url": "https://github.com/jcccn/Why-Reject.git",       "svn_url": "https://github.com/jcccn/Why-Reject",       "homepage": "https://whyreject.jcccn.me",       "size": 684,       "stargazers_count": 493,       "watchers_count": 493,       "language": null,       "has_issues": true,       "has_projects": true,       "has_downloads": true,       "has_wiki": true,       "has_pages": true,       "forks_count": 113,       "mirror_url": null,       "archived": false,       "open_issues_count": 0,       "license": null,       "forks": 113,       "open_issues": 0,       "watchers": 493,       "default_branch": "master",       "score": 96.065605     },     {       "id": 76408906,       "node_id": "MDEwOlJlcG9zaXRvcnk3NjQwODkwNg==",       "name": "meta",       "full_name": "mateodelnorte/meta",       "private": false,       "owner": {         "login": "mateodelnorte",         "id": 554847,         "node_id": "MDQ6VXNlcjU1NDg0Nw==",         "avatar_url": "https://avatars3.githubusercontent.com/u/554847?v=4",         "gravatar_id": "",         "url": "https://api.github.com/users/mateodelnorte",         "html_url": "https://github.com/mateodelnorte",         "followers_url": "https://api.github.com/users/mateodelnorte/followers",         "following_url": "https://api.github.com/users/mateodelnorte/following{/other_user}",         "gists_url": "https://api.github.com/users/mateodelnorte/gists{/gist_id}",         "starred_url": "https://api.github.com/users/mateodelnorte/starred{/owner}{/repo}",         "subscriptions_url": "https://api.github.com/users/mateodelnorte/subscriptions",         "organizations_url": "https://api.github.com/users/mateodelnorte/orgs",         "repos_url": "https://api.github.com/users/mateodelnorte/repos",         "events_url": "https://api.github.com/users/mateodelnorte/events{/privacy}",         "received_events_url": "https://api.github.com/users/mateodelnorte/received_events",         "type": "User",         "site_admin": false       },       "html_url": "https://github.com/mateodelnorte/meta",       "description": "tool for turning many repos into a meta repo. why choose many repos or a monolithic repo, when you can have both with a meta repo?",       "fork": false,       "url": "https://api.github.com/repos/mateodelnorte/meta",       "forks_url": "https://api.github.com/repos/mateodelnorte/meta/forks",       "keys_url": "https://api.github.com/repos/mateodelnorte/meta/keys{/key_id}",       "collaborators_url": "https://api.github.com/repos/mateodelnorte/meta/collaborators{/collaborator}",       "teams_url": "https://api.github.com/repos/mateodelnorte/meta/teams",       "hooks_url": "https://api.github.com/repos/mateodelnorte/meta/hooks",       "issue_events_url": "https://api.github.com/repos/mateodelnorte/meta/issues/events{/number}",       "events_url": "https://api.github.com/repos/mateodelnorte/meta/events",       "assignees_url": "https://api.github.com/repos/mateodelnorte/meta/assignees{/user}",       "branches_url": "https://api.github.com/repos/mateodelnorte/meta/branches{/branch}",       "tags_url": "https://api.github.com/repos/mateodelnorte/meta/tags",       "blobs_url": "https://api.github.com/repos/mateodelnorte/meta/git/blobs{/sha}",       "git_tags_url": "https://api.github.com/repos/mateodelnorte/meta/git/tags{/sha}",       "git_refs_url": "https://api.github.com/repos/mateodelnorte/meta/git/refs{/sha}",       "trees_url": "https://api.github.com/repos/mateodelnorte/meta/git/trees{/sha}",       "statuses_url": "https://api.github.com/repos/mateodelnorte/meta/statuses/{sha}",       "languages_url": "https://api.github.com/repos/mateodelnorte/meta/languages",       "stargazers_url": "https://api.github.com/repos/mateodelnorte/meta/stargazers",       "contributors_url": "https://api.github.com/repos/mateodelnorte/meta/contributors",       "subscribers_url": "https://api.github.com/repos/mateodelnorte/meta/subscribers",       "subscription_url": "https://api.github.com/repos/mateodelnorte/meta/subscription",       "commits_url": "https://api.github.com/repos/mateodelnorte/meta/commits{/sha}",       "git_commits_url": "https://api.github.com/repos/mateodelnorte/meta/git/commits{/sha}",       "comments_url": "https://api.github.com/repos/mateodelnorte/meta/comments{/number}",       "issue_comment_url": "https://api.github.com/repos/mateodelnorte/meta/issues/comments{/number}",       "contents_url": "https://api.github.com/repos/mateodelnorte/meta/contents/{+path}",       "compare_url": "https://api.github.com/repos/mateodelnorte/meta/compare/{base}...{head}",       "merges_url": "https://api.github.com/repos/mateodelnorte/meta/merges",       "archive_url": "https://api.github.com/repos/mateodelnorte/meta/{archive_format}{/ref}",       "downloads_url": "https://api.github.com/repos/mateodelnorte/meta/downloads",       "issues_url": "https://api.github.com/repos/mateodelnorte/meta/issues{/number}",       "pulls_url": "https://api.github.com/repos/mateodelnorte/meta/pulls{/number}",       "milestones_url": "https://api.github.com/repos/mateodelnorte/meta/milestones{/number}",       "notifications_url": "https://api.github.com/repos/mateodelnorte/meta/notifications{?since,all,participating}",       "labels_url": "https://api.github.com/repos/mateodelnorte/meta/labels{/name}",       "releases_url": "https://api.github.com/repos/mateodelnorte/meta/releases{/id}",       "deployments_url": "https://api.github.com/repos/mateodelnorte/meta/deployments",       "created_at": "2016-12-14T00:06:35Z",       "updated_at": "2019-01-27T07:29:38Z",       "pushed_at": "2019-01-25T18:00:32Z",       "git_url": "git://github.com/mateodelnorte/meta.git",       "ssh_url": "git@github.com:mateodelnorte/meta.git",       "clone_url": "https://github.com/mateodelnorte/meta.git",       "svn_url": "https://github.com/mateodelnorte/meta",       "homepage": "",       "size": 2507,       "stargazers_count": 489,       "watchers_count": 489,       "language": "JavaScript",       "has_issues": true,       "has_projects": true,       "has_downloads": true,       "has_wiki": true,       "has_pages": false,       "forks_count": 27,       "mirror_url": null,       "archived": false,       "open_issues_count": 18,       "license": null,       "forks": 27,       "open_issues": 18,       "watchers": 489,       "default_branch": "master",       "score": 35.229687     },     {       "id": 120470493,       "node_id": "MDEwOlJlcG9zaXRvcnkxMjA0NzA0OTM=",       "name": "awesome-dev-podcasts",       "full_name": "sw-yx/awesome-dev-podcasts",       "private": false,       "owner": {         "login": "sw-yx",         "id": 6764957,         "node_id": "MDQ6VXNlcjY3NjQ5NTc=",         "avatar_url": "https://avatars1.githubusercontent.com/u/6764957?v=4",         "gravatar_id": "",         "url": "https://api.github.com/users/sw-yx",         "html_url": "https://github.com/sw-yx",         "followers_url": "https://api.github.com/users/sw-yx/followers",         "following_url": "https://api.github.com/users/sw-yx/following{/other_user}",         "gists_url": "https://api.github.com/users/sw-yx/gists{/gist_id}",         "starred_url": "https://api.github.com/users/sw-yx/starred{/owner}{/repo}",         "subscriptions_url": "https://api.github.com/users/sw-yx/subscriptions",         "organizations_url": "https://api.github.com/users/sw-yx/orgs",         "repos_url": "https://api.github.com/users/sw-yx/repos",         "events_url": "https://api.github.com/users/sw-yx/events{/privacy}",         "received_events_url": "https://api.github.com/users/sw-yx/received_events",         "type": "User",         "site_admin": false       },       "html_url": "https://github.com/sw-yx/awesome-dev-podcasts",       "description": "a curated list of awesome dev podcasts and why they are awesome",       "fork": false,       "url": "https://api.github.com/repos/sw-yx/awesome-dev-podcasts",       "forks_url": "https://api.github.com/repos/sw-yx/awesome-dev-podcasts/forks",       "keys_url": "https://api.github.com/repos/sw-yx/awesome-dev-podcasts/keys{/key_id}",       "collaborators_url": "https://api.github.com/repos/sw-yx/awesome-dev-podcasts/collaborators{/collaborator}",       "teams_url": "https://api.github.com/repos/sw-yx/awesome-dev-podcasts/teams",       "hooks_url": "https://api.github.com/repos/sw-yx/awesome-dev-podcasts/hooks",       "issue_events_url": "https://api.github.com/repos/sw-yx/awesome-dev-podcasts/issues/events{/number}",       "events_url": "https://api.github.com/repos/sw-yx/awesome-dev-podcasts/events",       "assignees_url": "https://api.github.com/repos/sw-yx/awesome-dev-podcasts/assignees{/user}",       "branches_url": "https://api.github.com/repos/sw-yx/awesome-dev-podcasts/branches{/branch}",       "tags_url": "https://api.github.com/repos/sw-yx/awesome-dev-podcasts/tags",       "blobs_url": "https://api.github.com/repos/sw-yx/awesome-dev-podcasts/git/blobs{/sha}",       "git_tags_url": "https://api.github.com/repos/sw-yx/awesome-dev-podcasts/git/tags{/sha}",       "git_refs_url": "https://api.github.com/repos/sw-yx/awesome-dev-podcasts/git/refs{/sha}",       "trees_url": "https://api.github.com/repos/sw-yx/awesome-dev-podcasts/git/trees{/sha}",       "statuses_url": "https://api.github.com/repos/sw-yx/awesome-dev-podcasts/statuses/{sha}",       "languages_url": "https://api.github.com/repos/sw-yx/awesome-dev-podcasts/languages",       "stargazers_url": "https://api.github.com/repos/sw-yx/awesome-dev-podcasts/stargazers",       "contributors_url": "https://api.github.com/repos/sw-yx/awesome-dev-podcasts/contributors",       "subscribers_url": "https://api.github.com/repos/sw-yx/awesome-dev-podcasts/subscribers",       "subscription_url": "https://api.github.com/repos/sw-yx/awesome-dev-podcasts/subscription",       "commits_url": "https://api.github.com/repos/sw-yx/awesome-dev-podcasts/commits{/sha}",       "git_commits_url": "https://api.github.com/repos/sw-yx/awesome-dev-podcasts/git/commits{/sha}",       "comments_url": "https://api.github.com/repos/sw-yx/awesome-dev-podcasts/comments{/number}",       "issue_comment_url": "https://api.github.com/repos/sw-yx/awesome-dev-podcasts/issues/comments{/number}",       "contents_url": "https://api.github.com/repos/sw-yx/awesome-dev-podcasts/contents/{+path}",       "compare_url": "https://api.github.com/repos/sw-yx/awesome-dev-podcasts/compare/{base}...{head}",       "merges_url": "https://api.github.com/repos/sw-yx/awesome-dev-podcasts/merges",       "archive_url": "https://api.github.com/repos/sw-yx/awesome-dev-podcasts/{archive_format}{/ref}",       "downloads_url": "https://api.github.com/repos/sw-yx/awesome-dev-podcasts/downloads",       "issues_url": "https://api.github.com/repos/sw-yx/awesome-dev-podcasts/issues{/number}",       "pulls_url": "https://api.github.com/repos/sw-yx/awesome-dev-podcasts/pulls{/number}",       "milestones_url": "https://api.github.com/repos/sw-yx/awesome-dev-podcasts/milestones{/number}",       "notifications_url": "https://api.github.com/repos/sw-yx/awesome-dev-podcasts/notifications{?since,all,participating}",       "labels_url": "https://api.github.com/repos/sw-yx/awesome-dev-podcasts/labels{/name}",       "releases_url": "https://api.github.com/repos/sw-yx/awesome-dev-podcasts/releases{/id}",       "deployments_url": "https://api.github.com/repos/sw-yx/awesome-dev-podcasts/deployments",       "created_at": "2018-02-06T14:32:41Z",       "updated_at": "2019-01-23T00:52:57Z",       "pushed_at": "2018-09-12T14:28:36Z",       "git_url": "git://github.com/sw-yx/awesome-dev-podcasts.git",       "ssh_url": "git@github.com:sw-yx/awesome-dev-podcasts.git",       "clone_url": "https://github.com/sw-yx/awesome-dev-podcasts.git",       "svn_url": "https://github.com/sw-yx/awesome-dev-podcasts",       "homepage": "",       "size": 29,       "stargazers_count": 455,       "watchers_count": 455,       "language": null,       "has_issues": true,       "has_projects": true,       "has_downloads": true,       "has_wiki": true,       "has_pages": false,       "forks_count": 26,       "mirror_url": null,       "archived": false,       "open_issues_count": 3,       "license": null,       "forks": 26,       "open_issues": 3,       "watchers": 455,       "default_branch": "master",       "score": 48.055084     },     {       "id": 18601900,       "node_id": "MDEwOlJlcG9zaXRvcnkxODYwMTkwMA==",       "name": "eliot",       "full_name": "itamarst/eliot",       "private": false,       "owner": {         "login": "itamarst",         "id": 3266662,         "node_id": "MDQ6VXNlcjMyNjY2NjI=",         "avatar_url": "https://avatars1.githubusercontent.com/u/3266662?v=4",         "gravatar_id": "",         "url": "https://api.github.com/users/itamarst",         "html_url": "https://github.com/itamarst",         "followers_url": "https://api.github.com/users/itamarst/followers",         "following_url": "https://api.github.com/users/itamarst/following{/other_user}",         "gists_url": "https://api.github.com/users/itamarst/gists{/gist_id}",         "starred_url": "https://api.github.com/users/itamarst/starred{/owner}{/repo}",         "subscriptions_url": "https://api.github.com/users/itamarst/subscriptions",         "organizations_url": "https://api.github.com/users/itamarst/orgs",         "repos_url": "https://api.github.com/users/itamarst/repos",         "events_url": "https://api.github.com/users/itamarst/events{/privacy}",         "received_events_url": "https://api.github.com/users/itamarst/received_events",         "type": "User",         "site_admin": false       },       "html_url": "https://github.com/itamarst/eliot",       "description": "Eliot: the logging system that tells you *why* it happened",       "fork": false,       "url": "https://api.github.com/repos/itamarst/eliot",       "forks_url": "https://api.github.com/repos/itamarst/eliot/forks",       "keys_url": "https://api.github.com/repos/itamarst/eliot/keys{/key_id}",       "collaborators_url": "https://api.github.com/repos/itamarst/eliot/collaborators{/collaborator}",       "teams_url": "https://api.github.com/repos/itamarst/eliot/teams",       "hooks_url": "https://api.github.com/repos/itamarst/eliot/hooks",       "issue_events_url": "https://api.github.com/repos/itamarst/eliot/issues/events{/number}",       "events_url": "https://api.github.com/repos/itamarst/eliot/events",       "assignees_url": "https://api.github.com/repos/itamarst/eliot/assignees{/user}",       "branches_url": "https://api.github.com/repos/itamarst/eliot/branches{/branch}",       "tags_url": "https://api.github.com/repos/itamarst/eliot/tags",       "blobs_url": "https://api.github.com/repos/itamarst/eliot/git/blobs{/sha}",       "git_tags_url": "https://api.github.com/repos/itamarst/eliot/git/tags{/sha}",       "git_refs_url": "https://api.github.com/repos/itamarst/eliot/git/refs{/sha}",       "trees_url": "https://api.github.com/repos/itamarst/eliot/git/trees{/sha}",       "statuses_url": "https://api.github.com/repos/itamarst/eliot/statuses/{sha}",       "languages_url": "https://api.github.com/repos/itamarst/eliot/languages",       "stargazers_url": "https://api.github.com/repos/itamarst/eliot/stargazers",       "contributors_url": "https://api.github.com/repos/itamarst/eliot/contributors",       "subscribers_url": "https://api.github.com/repos/itamarst/eliot/subscribers",       "subscription_url": "https://api.github.com/repos/itamarst/eliot/subscription",       "commits_url": "https://api.github.com/repos/itamarst/eliot/commits{/sha}",       "git_commits_url": "https://api.github.com/repos/itamarst/eliot/git/commits{/sha}",       "comments_url": "https://api.github.com/repos/itamarst/eliot/comments{/number}",       "issue_comment_url": "https://api.github.com/repos/itamarst/eliot/issues/comments{/number}",       "contents_url": "https://api.github.com/repos/itamarst/eliot/contents/{+path}",       "compare_url": "https://api.github.com/repos/itamarst/eliot/compare/{base}...{head}",       "merges_url": "https://api.github.com/repos/itamarst/eliot/merges",       "archive_url": "https://api.github.com/repos/itamarst/eliot/{archive_format}{/ref}",       "downloads_url": "https://api.github.com/repos/itamarst/eliot/downloads",       "issues_url": "https://api.github.com/repos/itamarst/eliot/issues{/number}",       "pulls_url": "https://api.github.com/repos/itamarst/eliot/pulls{/number}",       "milestones_url": "https://api.github.com/repos/itamarst/eliot/milestones{/number}",       "notifications_url": "https://api.github.com/repos/itamarst/eliot/notifications{?since,all,participating}",       "labels_url": "https://api.github.com/repos/itamarst/eliot/labels{/name}",       "releases_url": "https://api.github.com/repos/itamarst/eliot/releases{/id}",       "deployments_url": "https://api.github.com/repos/itamarst/eliot/deployments",       "created_at": "2014-04-09T15:12:19Z",       "updated_at": "2019-01-25T22:49:37Z",       "pushed_at": "2019-01-02T18:19:45Z",       "git_url": "git://github.com/itamarst/eliot.git",       "ssh_url": "git@github.com:itamarst/eliot.git",       "clone_url": "https://github.com/itamarst/eliot.git",       "svn_url": "https://github.com/itamarst/eliot",       "homepage": "https://eliot.readthedocs.io",       "size": 1017,       "stargazers_count": 445,       "watchers_count": 445,       "language": "Python",       "has_issues": true,       "has_projects": true,       "has_downloads": true,       "has_wiki": true,       "has_pages": false,       "forks_count": 32,       "mirror_url": null,       "archived": false,       "open_issues_count": 89,       "license": {         "key": "apache-2.0",         "name": "Apache License 2.0",         "spdx_id": "Apache-2.0",         "url": "https://api.github.com/licenses/apache-2.0",         "node_id": "MDc6TGljZW5zZTI="       },       "forks": 32,       "open_issues": 89,       "watchers": 445,       "default_branch": "master",       "score": 61.205177     },     {       "id": 164816947,       "node_id": "MDEwOlJlcG9zaXRvcnkxNjQ4MTY5NDc=",       "name": "stockpredictionai",       "full_name": "borisbanushev/stockpredictionai",       "private": false,       "owner": {         "login": "borisbanushev",         "id": 36700291,         "node_id": "MDQ6VXNlcjM2NzAwMjkx",         "avatar_url": "https://avatars3.githubusercontent.com/u/36700291?v=4",         "gravatar_id": "",         "url": "https://api.github.com/users/borisbanushev",         "html_url": "https://github.com/borisbanushev",         "followers_url": "https://api.github.com/users/borisbanushev/followers",         "following_url": "https://api.github.com/users/borisbanushev/following{/other_user}",         "gists_url": "https://api.github.com/users/borisbanushev/gists{/gist_id}",         "starred_url": "https://api.github.com/users/borisbanushev/starred{/owner}{/repo}",         "subscriptions_url": "https://api.github.com/users/borisbanushev/subscriptions",         "organizations_url": "https://api.github.com/users/borisbanushev/orgs",         "repos_url": "https://api.github.com/users/borisbanushev/repos",         "events_url": "https://api.github.com/users/borisbanushev/events{/privacy}",         "received_events_url": "https://api.github.com/users/borisbanushev/received_events",         "type": "User",         "site_admin": false       },       "html_url": "https://github.com/borisbanushev/stockpredictionai",       "description": "       In this noteboook I will create a complete process for predicting stock price movements. Follow along and we will achieve some pretty good results. For that purpose we will use a Generative Adversarial Network (GAN) with LSTM, a type of Recurrent Neural Network, as generator, and a Convolutional Neural Network, CNN, as a discriminator. We use LSTM for the obvious reason that we are trying to predict time series data. Why we use GAN and specifically CNN as a discriminator? That is a good question: there are special sections on that later.",       "fork": false,       "url": "https://api.github.com/repos/borisbanushev/stockpredictionai",       "forks_url": "https://api.github.com/repos/borisbanushev/stockpredictionai/forks",       "keys_url": "https://api.github.com/repos/borisbanushev/stockpredictionai/keys{/key_id}",       "collaborators_url": "https://api.github.com/repos/borisbanushev/stockpredictionai/collaborators{/collaborator}",       "teams_url": "https://api.github.com/repos/borisbanushev/stockpredictionai/teams",       "hooks_url": "https://api.github.com/repos/borisbanushev/stockpredictionai/hooks",       "issue_events_url": "https://api.github.com/repos/borisbanushev/stockpredictionai/issues/events{/number}",       "events_url": "https://api.github.com/repos/borisbanushev/stockpredictionai/events",       "assignees_url": "https://api.github.com/repos/borisbanushev/stockpredictionai/assignees{/user}",       "branches_url": "https://api.github.com/repos/borisbanushev/stockpredictionai/branches{/branch}",       "tags_url": "https://api.github.com/repos/borisbanushev/stockpredictionai/tags",       "blobs_url": "https://api.github.com/repos/borisbanushev/stockpredictionai/git/blobs{/sha}",       "git_tags_url": "https://api.github.com/repos/borisbanushev/stockpredictionai/git/tags{/sha}",       "git_refs_url": "https://api.github.com/repos/borisbanushev/stockpredictionai/git/refs{/sha}",       "trees_url": "https://api.github.com/repos/borisbanushev/stockpredictionai/git/trees{/sha}",       "statuses_url": "https://api.github.com/repos/borisbanushev/stockpredictionai/statuses/{sha}",       "languages_url": "https://api.github.com/repos/borisbanushev/stockpredictionai/languages",       "stargazers_url": "https://api.github.com/repos/borisbanushev/stockpredictionai/stargazers",       "contributors_url": "https://api.github.com/repos/borisbanushev/stockpredictionai/contributors",       "subscribers_url": "https://api.github.com/repos/borisbanushev/stockpredictionai/subscribers",       "subscription_url": "https://api.github.com/repos/borisbanushev/stockpredictionai/subscription",       "commits_url": "https://api.github.com/repos/borisbanushev/stockpredictionai/commits{/sha}",       "git_commits_url": "https://api.github.com/repos/borisbanushev/stockpredictionai/git/commits{/sha}",       "comments_url": "https://api.github.com/repos/borisbanushev/stockpredictionai/comments{/number}",       "issue_comment_url": "https://api.github.com/repos/borisbanushev/stockpredictionai/issues/comments{/number}",       "contents_url": "https://api.github.com/repos/borisbanushev/stockpredictionai/contents/{+path}",       "compare_url": "https://api.github.com/repos/borisbanushev/stockpredictionai/compare/{base}...{head}",       "merges_url": "https://api.github.com/repos/borisbanushev/stockpredictionai/merges",       "archive_url": "https://api.github.com/repos/borisbanushev/stockpredictionai/{archive_format}{/ref}",       "downloads_url": "https://api.github.com/repos/borisbanushev/stockpredictionai/downloads",       "issues_url": "https://api.github.com/repos/borisbanushev/stockpredictionai/issues{/number}",       "pulls_url": "https://api.github.com/repos/borisbanushev/stockpredictionai/pulls{/number}",       "milestones_url": "https://api.github.com/repos/borisbanushev/stockpredictionai/milestones{/number}",       "notifications_url": "https://api.github.com/repos/borisbanushev/stockpredictionai/notifications{?since,all,participating}",       "labels_url": "https://api.github.com/repos/borisbanushev/stockpredictionai/labels{/name}",       "releases_url": "https://api.github.com/repos/borisbanushev/stockpredictionai/releases{/id}",       "deployments_url": "https://api.github.com/repos/borisbanushev/stockpredictionai/deployments",       "created_at": "2019-01-09T08:02:47Z",       "updated_at": "2019-01-28T20:24:48Z",       "pushed_at": "2019-01-24T20:24:50Z",       "git_url": "git://github.com/borisbanushev/stockpredictionai.git",       "ssh_url": "git@github.com:borisbanushev/stockpredictionai.git",       "clone_url": "https://github.com/borisbanushev/stockpredictionai.git",       "svn_url": "https://github.com/borisbanushev/stockpredictionai",       "homepage": "",       "size": 1950,       "stargazers_count": 417,       "watchers_count": 417,       "language": null,       "has_issues": true,       "has_projects": true,       "has_downloads": true,       "has_wiki": true,       "has_pages": false,       "forks_count": 181,       "mirror_url": null,       "archived": false,       "open_issues_count": 12,       "license": null,       "forks": 181,       "open_issues": 12,       "watchers": 417,       "default_branch": "master",       "score": 14.908615     },     {       "id": 35077713,       "node_id": "MDEwOlJlcG9zaXRvcnkzNTA3NzcxMw==",       "name": "whyliam.workflows.youdao",       "full_name": "liszd/whyliam.workflows.youdao",       "private": false,       "owner": {         "login": "liszd",         "id": 3387850,         "node_id": "MDQ6VXNlcjMzODc4NTA=",         "avatar_url": "https://avatars0.githubusercontent.com/u/3387850?v=4",         "gravatar_id": "",         "url": "https://api.github.com/users/liszd",         "html_url": "https://github.com/liszd",         "followers_url": "https://api.github.com/users/liszd/followers",         "following_url": "https://api.github.com/users/liszd/following{/other_user}",         "gists_url": "https://api.github.com/users/liszd/gists{/gist_id}",         "starred_url": "https://api.github.com/users/liszd/starred{/owner}{/repo}",         "subscriptions_url": "https://api.github.com/users/liszd/subscriptions",         "organizations_url": "https://api.github.com/users/liszd/orgs",         "repos_url": "https://api.github.com/users/liszd/repos",         "events_url": "https://api.github.com/users/liszd/events{/privacy}",         "received_events_url": "https://api.github.com/users/liszd/received_events",         "type": "User",         "site_admin": false       },       "html_url": "https://github.com/liszd/whyliam.workflows.youdao",       "description": "使用有道翻译你想知道的单词和语句",       "fork": false,       "url": "https://api.github.com/repos/liszd/whyliam.workflows.youdao",       "forks_url": "https://api.github.com/repos/liszd/whyliam.workflows.youdao/forks",       "keys_url": "https://api.github.com/repos/liszd/whyliam.workflows.youdao/keys{/key_id}",       "collaborators_url": "https://api.github.com/repos/liszd/whyliam.workflows.youdao/collaborators{/collaborator}",       "teams_url": "https://api.github.com/repos/liszd/whyliam.workflows.youdao/teams",       "hooks_url": "https://api.github.com/repos/liszd/whyliam.workflows.youdao/hooks",       "issue_events_url": "https://api.github.com/repos/liszd/whyliam.workflows.youdao/issues/events{/number}",       "events_url": "https://api.github.com/repos/liszd/whyliam.workflows.youdao/events",       "assignees_url": "https://api.github.com/repos/liszd/whyliam.workflows.youdao/assignees{/user}",       "branches_url": "https://api.github.com/repos/liszd/whyliam.workflows.youdao/branches{/branch}",       "tags_url": "https://api.github.com/repos/liszd/whyliam.workflows.youdao/tags",       "blobs_url": "https://api.github.com/repos/liszd/whyliam.workflows.youdao/git/blobs{/sha}",       "git_tags_url": "https://api.github.com/repos/liszd/whyliam.workflows.youdao/git/tags{/sha}",       "git_refs_url": "https://api.github.com/repos/liszd/whyliam.workflows.youdao/git/refs{/sha}",       "trees_url": "https://api.github.com/repos/liszd/whyliam.workflows.youdao/git/trees{/sha}",       "statuses_url": "https://api.github.com/repos/liszd/whyliam.workflows.youdao/statuses/{sha}",       "languages_url": "https://api.github.com/repos/liszd/whyliam.workflows.youdao/languages",       "stargazers_url": "https://api.github.com/repos/liszd/whyliam.workflows.youdao/stargazers",       "contributors_url": "https://api.github.com/repos/liszd/whyliam.workflows.youdao/contributors",       "subscribers_url": "https://api.github.com/repos/liszd/whyliam.workflows.youdao/subscribers",       "subscription_url": "https://api.github.com/repos/liszd/whyliam.workflows.youdao/subscription",       "commits_url": "https://api.github.com/repos/liszd/whyliam.workflows.youdao/commits{/sha}",       "git_commits_url": "https://api.github.com/repos/liszd/whyliam.workflows.youdao/git/commits{/sha}",       "comments_url": "https://api.github.com/repos/liszd/whyliam.workflows.youdao/comments{/number}",       "issue_comment_url": "https://api.github.com/repos/liszd/whyliam.workflows.youdao/issues/comments{/number}",       "contents_url": "https://api.github.com/repos/liszd/whyliam.workflows.youdao/contents/{+path}",       "compare_url": "https://api.github.com/repos/liszd/whyliam.workflows.youdao/compare/{base}...{head}",       "merges_url": "https://api.github.com/repos/liszd/whyliam.workflows.youdao/merges",       "archive_url": "https://api.github.com/repos/liszd/whyliam.workflows.youdao/{archive_format}{/ref}",       "downloads_url": "https://api.github.com/repos/liszd/whyliam.workflows.youdao/downloads",       "issues_url": "https://api.github.com/repos/liszd/whyliam.workflows.youdao/issues{/number}",       "pulls_url": "https://api.github.com/repos/liszd/whyliam.workflows.youdao/pulls{/number}",       "milestones_url": "https://api.github.com/repos/liszd/whyliam.workflows.youdao/milestones{/number}",       "notifications_url": "https://api.github.com/repos/liszd/whyliam.workflows.youdao/notifications{?since,all,participating}",       "labels_url": "https://api.github.com/repos/liszd/whyliam.workflows.youdao/labels{/name}",       "releases_url": "https://api.github.com/repos/liszd/whyliam.workflows.youdao/releases{/id}",       "deployments_url": "https://api.github.com/repos/liszd/whyliam.workflows.youdao/deployments",       "created_at": "2015-05-05T04:23:14Z",       "updated_at": "2019-01-27T04:15:49Z",       "pushed_at": "2018-08-03T05:49:11Z",       "git_url": "git://github.com/liszd/whyliam.workflows.youdao.git",       "ssh_url": "git@github.com:liszd/whyliam.workflows.youdao.git",       "clone_url": "https://github.com/liszd/whyliam.workflows.youdao.git",       "svn_url": "https://github.com/liszd/whyliam.workflows.youdao",       "homepage": "http://blog.naaln.com/2015/05/repeat-create-the-wheel-alfred-plugin-youdao",       "size": 3048,       "stargazers_count": 416,       "watchers_count": 416,       "language": "Python",       "has_issues": true,       "has_projects": true,       "has_downloads": true,       "has_wiki": true,       "has_pages": false,       "forks_count": 72,       "mirror_url": null,       "archived": false,       "open_issues_count": 1,       "license": {         "key": "mit",         "name": "MIT License",         "spdx_id": "MIT",         "url": "https://api.github.com/licenses/mit",         "node_id": "MDc6TGljZW5zZTEz"       },       "forks": 72,       "open_issues": 1,       "watchers": 416,       "default_branch": "master",       "score": 85.41617     },     {       "id": 2192780,       "node_id": "MDEwOlJlcG9zaXRvcnkyMTkyNzgw",       "name": "jOOX",       "full_name": "jOOQ/jOOX",       "private": false,       "owner": {         "login": "jOOQ",         "id": 1666512,         "node_id": "MDEyOk9yZ2FuaXphdGlvbjE2NjY1MTI=",         "avatar_url": "https://avatars3.githubusercontent.com/u/1666512?v=4",         "gravatar_id": "",         "url": "https://api.github.com/users/jOOQ",         "html_url": "https://github.com/jOOQ",         "followers_url": "https://api.github.com/users/jOOQ/followers",         "following_url": "https://api.github.com/users/jOOQ/following{/other_user}",         "gists_url": "https://api.github.com/users/jOOQ/gists{/gist_id}",         "starred_url": "https://api.github.com/users/jOOQ/starred{/owner}{/repo}",         "subscriptions_url": "https://api.github.com/users/jOOQ/subscriptions",         "organizations_url": "https://api.github.com/users/jOOQ/orgs",         "repos_url": "https://api.github.com/users/jOOQ/repos",         "events_url": "https://api.github.com/users/jOOQ/events{/privacy}",         "received_events_url": "https://api.github.com/users/jOOQ/received_events",         "type": "Organization",         "site_admin": false       },       "html_url": "https://github.com/jOOQ/jOOX",       "description": "jOOX - The Power of jQuery Applied to W3C DOM Like JDBC, DOM is a powerful, yet very verbose low-level API to manipulate XML. The HTML DOM an be manipulated with the popular jQuery product, in JavaScript. Why don't we have jQuery in Java? jOOX is jQuery's XML parts, applied to Java.",       "fork": false,       "url": "https://api.github.com/repos/jOOQ/jOOX",       "forks_url": "https://api.github.com/repos/jOOQ/jOOX/forks",       "keys_url": "https://api.github.com/repos/jOOQ/jOOX/keys{/key_id}",       "collaborators_url": "https://api.github.com/repos/jOOQ/jOOX/collaborators{/collaborator}",       "teams_url": "https://api.github.com/repos/jOOQ/jOOX/teams",       "hooks_url": "https://api.github.com/repos/jOOQ/jOOX/hooks",       "issue_events_url": "https://api.github.com/repos/jOOQ/jOOX/issues/events{/number}",       "events_url": "https://api.github.com/repos/jOOQ/jOOX/events",       "assignees_url": "https://api.github.com/repos/jOOQ/jOOX/assignees{/user}",       "branches_url": "https://api.github.com/repos/jOOQ/jOOX/branches{/branch}",       "tags_url": "https://api.github.com/repos/jOOQ/jOOX/tags",       "blobs_url": "https://api.github.com/repos/jOOQ/jOOX/git/blobs{/sha}",       "git_tags_url": "https://api.github.com/repos/jOOQ/jOOX/git/tags{/sha}",       "git_refs_url": "https://api.github.com/repos/jOOQ/jOOX/git/refs{/sha}",       "trees_url": "https://api.github.com/repos/jOOQ/jOOX/git/trees{/sha}",       "statuses_url": "https://api.github.com/repos/jOOQ/jOOX/statuses/{sha}",       "languages_url": "https://api.github.com/repos/jOOQ/jOOX/languages",       "stargazers_url": "https://api.github.com/repos/jOOQ/jOOX/stargazers",       "contributors_url": "https://api.github.com/repos/jOOQ/jOOX/contributors",       "subscribers_url": "https://api.github.com/repos/jOOQ/jOOX/subscribers",       "subscription_url": "https://api.github.com/repos/jOOQ/jOOX/subscription",       "commits_url": "https://api.github.com/repos/jOOQ/jOOX/commits{/sha}",       "git_commits_url": "https://api.github.com/repos/jOOQ/jOOX/git/commits{/sha}",       "comments_url": "https://api.github.com/repos/jOOQ/jOOX/comments{/number}",       "issue_comment_url": "https://api.github.com/repos/jOOQ/jOOX/issues/comments{/number}",       "contents_url": "https://api.github.com/repos/jOOQ/jOOX/contents/{+path}",       "compare_url": "https://api.github.com/repos/jOOQ/jOOX/compare/{base}...{head}",       "merges_url": "https://api.github.com/repos/jOOQ/jOOX/merges",       "archive_url": "https://api.github.com/repos/jOOQ/jOOX/{archive_format}{/ref}",       "downloads_url": "https://api.github.com/repos/jOOQ/jOOX/downloads",       "issues_url": "https://api.github.com/repos/jOOQ/jOOX/issues{/number}",       "pulls_url": "https://api.github.com/repos/jOOQ/jOOX/pulls{/number}",       "milestones_url": "https://api.github.com/repos/jOOQ/jOOX/milestones{/number}",       "notifications_url": "https://api.github.com/repos/jOOQ/jOOX/notifications{?since,all,participating}",       "labels_url": "https://api.github.com/repos/jOOQ/jOOX/labels{/name}",       "releases_url": "https://api.github.com/repos/jOOQ/jOOX/releases{/id}",       "deployments_url": "https://api.github.com/repos/jOOQ/jOOX/deployments",       "created_at": "2011-08-11T18:08:47Z",       "updated_at": "2019-01-29T02:59:21Z",       "pushed_at": "2018-09-10T11:04:36Z",       "git_url": "git://github.com/jOOQ/jOOX.git",       "ssh_url": "git@github.com:jOOQ/jOOX.git",       "clone_url": "https://github.com/jOOQ/jOOX.git",       "svn_url": "https://github.com/jOOQ/jOOX",       "homepage": "http://www.jooq.org/products",       "size": 678,       "stargazers_count": 393,       "watchers_count": 393,       "language": "Java",       "has_issues": true,       "has_projects": true,       "has_downloads": true,       "has_wiki": true,       "has_pages": false,       "forks_count": 33,       "mirror_url": null,       "archived": false,       "open_issues_count": 47,       "license": {         "key": "apache-2.0",         "name": "Apache License 2.0",         "spdx_id": "Apache-2.0",         "url": "https://api.github.com/licenses/apache-2.0",         "node_id": "MDc6TGljZW5zZTI="       },       "forks": 33,       "open_issues": 47,       "watchers": 393,       "default_branch": "master",       "score": 19.787796     },     {       "id": 122733470,       "node_id": "MDEwOlJlcG9zaXRvcnkxMjI3MzM0NzA=",       "name": "whybundled",       "full_name": "d4rkr00t/whybundled",       "private": false,       "owner": {         "login": "d4rkr00t",         "id": 200119,         "node_id": "MDQ6VXNlcjIwMDExOQ==",         "avatar_url": "https://avatars2.githubusercontent.com/u/200119?v=4",         "gravatar_id": "",         "url": "https://api.github.com/users/d4rkr00t",         "html_url": "https://github.com/d4rkr00t",         "followers_url": "https://api.github.com/users/d4rkr00t/followers",         "following_url": "https://api.github.com/users/d4rkr00t/following{/other_user}",         "gists_url": "https://api.github.com/users/d4rkr00t/gists{/gist_id}",         "starred_url": "https://api.github.com/users/d4rkr00t/starred{/owner}{/repo}",         "subscriptions_url": "https://api.github.com/users/d4rkr00t/subscriptions",         "organizations_url": "https://api.github.com/users/d4rkr00t/orgs",         "repos_url": "https://api.github.com/users/d4rkr00t/repos",         "events_url": "https://api.github.com/users/d4rkr00t/events{/privacy}",         "received_events_url": "https://api.github.com/users/d4rkr00t/received_events",         "type": "User",         "site_admin": false       },       "html_url": "https://github.com/d4rkr00t/whybundled",       "description": "Answers the question – Why the hell is this module in a bundle?",       "fork": false,       "url": "https://api.github.com/repos/d4rkr00t/whybundled",       "forks_url": "https://api.github.com/repos/d4rkr00t/whybundled/forks",       "keys_url": "https://api.github.com/repos/d4rkr00t/whybundled/keys{/key_id}",       "collaborators_url": "https://api.github.com/repos/d4rkr00t/whybundled/collaborators{/collaborator}",       "teams_url": "https://api.github.com/repos/d4rkr00t/whybundled/teams",       "hooks_url": "https://api.github.com/repos/d4rkr00t/whybundled/hooks",       "issue_events_url": "https://api.github.com/repos/d4rkr00t/whybundled/issues/events{/number}",       "events_url": "https://api.github.com/repos/d4rkr00t/whybundled/events",       "assignees_url": "https://api.github.com/repos/d4rkr00t/whybundled/assignees{/user}",       "branches_url": "https://api.github.com/repos/d4rkr00t/whybundled/branches{/branch}",       "tags_url": "https://api.github.com/repos/d4rkr00t/whybundled/tags",       "blobs_url": "https://api.github.com/repos/d4rkr00t/whybundled/git/blobs{/sha}",       "git_tags_url": "https://api.github.com/repos/d4rkr00t/whybundled/git/tags{/sha}",       "git_refs_url": "https://api.github.com/repos/d4rkr00t/whybundled/git/refs{/sha}",       "trees_url": "https://api.github.com/repos/d4rkr00t/whybundled/git/trees{/sha}",       "statuses_url": "https://api.github.com/repos/d4rkr00t/whybundled/statuses/{sha}",       "languages_url": "https://api.github.com/repos/d4rkr00t/whybundled/languages",       "stargazers_url": "https://api.github.com/repos/d4rkr00t/whybundled/stargazers",       "contributors_url": "https://api.github.com/repos/d4rkr00t/whybundled/contributors",       "subscribers_url": "https://api.github.com/repos/d4rkr00t/whybundled/subscribers",       "subscription_url": "https://api.github.com/repos/d4rkr00t/whybundled/subscription",       "commits_url": "https://api.github.com/repos/d4rkr00t/whybundled/commits{/sha}",       "git_commits_url": "https://api.github.com/repos/d4rkr00t/whybundled/git/commits{/sha}",       "comments_url": "https://api.github.com/repos/d4rkr00t/whybundled/comments{/number}",       "issue_comment_url": "https://api.github.com/repos/d4rkr00t/whybundled/issues/comments{/number}",       "contents_url": "https://api.github.com/repos/d4rkr00t/whybundled/contents/{+path}",       "compare_url": "https://api.github.com/repos/d4rkr00t/whybundled/compare/{base}...{head}",       "merges_url": "https://api.github.com/repos/d4rkr00t/whybundled/merges",       "archive_url": "https://api.github.com/repos/d4rkr00t/whybundled/{archive_format}{/ref}",       "downloads_url": "https://api.github.com/repos/d4rkr00t/whybundled/downloads",       "issues_url": "https://api.github.com/repos/d4rkr00t/whybundled/issues{/number}",       "pulls_url": "https://api.github.com/repos/d4rkr00t/whybundled/pulls{/number}",       "milestones_url": "https://api.github.com/repos/d4rkr00t/whybundled/milestones{/number}",       "notifications_url": "https://api.github.com/repos/d4rkr00t/whybundled/notifications{?since,all,participating}",       "labels_url": "https://api.github.com/repos/d4rkr00t/whybundled/labels{/name}",       "releases_url": "https://api.github.com/repos/d4rkr00t/whybundled/releases{/id}",       "deployments_url": "https://api.github.com/repos/d4rkr00t/whybundled/deployments",       "created_at": "2018-02-24T11:12:27Z",       "updated_at": "2019-01-23T19:10:27Z",       "pushed_at": "2018-08-20T15:27:01Z",       "git_url": "git://github.com/d4rkr00t/whybundled.git",       "ssh_url": "git@github.com:d4rkr00t/whybundled.git",       "clone_url": "https://github.com/d4rkr00t/whybundled.git",       "svn_url": "https://github.com/d4rkr00t/whybundled",       "homepage": "",       "size": 2003,       "stargazers_count": 374,       "watchers_count": 374,       "language": "JavaScript",       "has_issues": true,       "has_projects": true,       "has_downloads": true,       "has_wiki": true,       "has_pages": false,       "forks_count": 8,       "mirror_url": null,       "archived": false,       "open_issues_count": 0,       "license": {         "key": "mit",         "name": "MIT License",         "spdx_id": "MIT",         "url": "https://api.github.com/licenses/mit",         "node_id": "MDc6TGljZW5zZTEz"       },       "forks": 8,       "open_issues": 0,       "watchers": 374,       "default_branch": "master",       "score": 68.701965     },     {       "id": 9549719,       "node_id": "MDEwOlJlcG9zaXRvcnk5NTQ5NzE5",       "name": "CLOSURE",       "full_name": "steveklabnik/CLOSURE",       "private": false,       "owner": {         "login": "steveklabnik",         "id": 27786,         "node_id": "MDQ6VXNlcjI3Nzg2",         "avatar_url": "https://avatars2.githubusercontent.com/u/27786?v=4",         "gravatar_id": "",         "url": "https://api.github.com/users/steveklabnik",         "html_url": "https://github.com/steveklabnik",         "followers_url": "https://api.github.com/users/steveklabnik/followers",         "following_url": "https://api.github.com/users/steveklabnik/following{/other_user}",         "gists_url": "https://api.github.com/users/steveklabnik/gists{/gist_id}",         "starred_url": "https://api.github.com/users/steveklabnik/starred{/owner}{/repo}",         "subscriptions_url": "https://api.github.com/users/steveklabnik/subscriptions",         "organizations_url": "https://api.github.com/users/steveklabnik/orgs",         "repos_url": "https://api.github.com/users/steveklabnik/repos",         "events_url": "https://api.github.com/users/steveklabnik/events{/privacy}",         "received_events_url": "https://api.github.com/users/steveklabnik/received_events",         "type": "User",         "site_admin": false       },       "html_url": "https://github.com/steveklabnik/CLOSURE",       "description": "Thanks, _why.",       "fork": false,       "url": "https://api.github.com/repos/steveklabnik/CLOSURE",       "forks_url": "https://api.github.com/repos/steveklabnik/CLOSURE/forks",       "keys_url": "https://api.github.com/repos/steveklabnik/CLOSURE/keys{/key_id}",       "collaborators_url": "https://api.github.com/repos/steveklabnik/CLOSURE/collaborators{/collaborator}",       "teams_url": "https://api.github.com/repos/steveklabnik/CLOSURE/teams",       "hooks_url": "https://api.github.com/repos/steveklabnik/CLOSURE/hooks",       "issue_events_url": "https://api.github.com/repos/steveklabnik/CLOSURE/issues/events{/number}",       "events_url": "https://api.github.com/repos/steveklabnik/CLOSURE/events",       "assignees_url": "https://api.github.com/repos/steveklabnik/CLOSURE/assignees{/user}",       "branches_url": "https://api.github.com/repos/steveklabnik/CLOSURE/branches{/branch}",       "tags_url": "https://api.github.com/repos/steveklabnik/CLOSURE/tags",       "blobs_url": "https://api.github.com/repos/steveklabnik/CLOSURE/git/blobs{/sha}",       "git_tags_url": "https://api.github.com/repos/steveklabnik/CLOSURE/git/tags{/sha}",       "git_refs_url": "https://api.github.com/repos/steveklabnik/CLOSURE/git/refs{/sha}",       "trees_url": "https://api.github.com/repos/steveklabnik/CLOSURE/git/trees{/sha}",       "statuses_url": "https://api.github.com/repos/steveklabnik/CLOSURE/statuses/{sha}",       "languages_url": "https://api.github.com/repos/steveklabnik/CLOSURE/languages",       "stargazers_url": "https://api.github.com/repos/steveklabnik/CLOSURE/stargazers",       "contributors_url": "https://api.github.com/repos/steveklabnik/CLOSURE/contributors",       "subscribers_url": "https://api.github.com/repos/steveklabnik/CLOSURE/subscribers",       "subscription_url": "https://api.github.com/repos/steveklabnik/CLOSURE/subscription",       "commits_url": "https://api.github.com/repos/steveklabnik/CLOSURE/commits{/sha}",       "git_commits_url": "https://api.github.com/repos/steveklabnik/CLOSURE/git/commits{/sha}",       "comments_url": "https://api.github.com/repos/steveklabnik/CLOSURE/comments{/number}",       "issue_comment_url": "https://api.github.com/repos/steveklabnik/CLOSURE/issues/comments{/number}",       "contents_url": "https://api.github.com/repos/steveklabnik/CLOSURE/contents/{+path}",       "compare_url": "https://api.github.com/repos/steveklabnik/CLOSURE/compare/{base}...{head}",       "merges_url": "https://api.github.com/repos/steveklabnik/CLOSURE/merges",       "archive_url": "https://api.github.com/repos/steveklabnik/CLOSURE/{archive_format}{/ref}",       "downloads_url": "https://api.github.com/repos/steveklabnik/CLOSURE/downloads",       "issues_url": "https://api.github.com/repos/steveklabnik/CLOSURE/issues{/number}",       "pulls_url": "https://api.github.com/repos/steveklabnik/CLOSURE/pulls{/number}",       "milestones_url": "https://api.github.com/repos/steveklabnik/CLOSURE/milestones{/number}",       "notifications_url": "https://api.github.com/repos/steveklabnik/CLOSURE/notifications{?since,all,participating}",       "labels_url": "https://api.github.com/repos/steveklabnik/CLOSURE/labels{/name}",       "releases_url": "https://api.github.com/repos/steveklabnik/CLOSURE/releases{/id}",       "deployments_url": "https://api.github.com/repos/steveklabnik/CLOSURE/deployments",       "created_at": "2013-04-19T16:35:35Z",       "updated_at": "2019-01-25T03:10:45Z",       "pushed_at": "2016-08-19T21:52:58Z",       "git_url": "git://github.com/steveklabnik/CLOSURE.git",       "ssh_url": "git@github.com:steveklabnik/CLOSURE.git",       "clone_url": "https://github.com/steveklabnik/CLOSURE.git",       "svn_url": "https://github.com/steveklabnik/CLOSURE",       "homepage": null,       "size": 98819,       "stargazers_count": 347,       "watchers_count": 347,       "language": null,       "has_issues": true,       "has_projects": true,       "has_downloads": true,       "has_wiki": true,       "has_pages": false,       "forks_count": 29,       "mirror_url": null,       "archived": false,       "open_issues_count": 1,       "license": null,       "forks": 29,       "open_issues": 1,       "watchers": 347,       "default_branch": "master",       "score": 83.84102     },     {       "id": 285132,       "node_id": "MDEwOlJlcG9zaXRvcnkyODUxMzI=",       "name": "TryRuby",       "full_name": "Sophrinix/TryRuby",       "private": false,       "owner": {         "login": "Sophrinix",         "id": 34090,         "node_id": "MDQ6VXNlcjM0MDkw",         "avatar_url": "https://avatars1.githubusercontent.com/u/34090?v=4",         "gravatar_id": "",         "url": "https://api.github.com/users/Sophrinix",         "html_url": "https://github.com/Sophrinix",         "followers_url": "https://api.github.com/users/Sophrinix/followers",         "following_url": "https://api.github.com/users/Sophrinix/following{/other_user}",         "gists_url": "https://api.github.com/users/Sophrinix/gists{/gist_id}",         "starred_url": "https://api.github.com/users/Sophrinix/starred{/owner}{/repo}",         "subscriptions_url": "https://api.github.com/users/Sophrinix/subscriptions",         "organizations_url": "https://api.github.com/users/Sophrinix/orgs",         "repos_url": "https://api.github.com/users/Sophrinix/repos",         "events_url": "https://api.github.com/users/Sophrinix/events{/privacy}",         "received_events_url": "https://api.github.com/users/Sophrinix/received_events",         "type": "User",         "site_admin": false       },       "html_url": "https://github.com/Sophrinix/TryRuby",       "description": "Try Ruby is a interactive shell that quickly and whimsically teaches the Ruby programming language. Originally _why's idea, it has been recreated from the ground up by Rubyists who have a passion for Ruby and for teaching their fellow (wo)man how to program.",       "fork": false,       "url": "https://api.github.com/repos/Sophrinix/TryRuby",       "forks_url": "https://api.github.com/repos/Sophrinix/TryRuby/forks",       "keys_url": "https://api.github.com/repos/Sophrinix/TryRuby/keys{/key_id}",       "collaborators_url": "https://api.github.com/repos/Sophrinix/TryRuby/collaborators{/collaborator}",       "teams_url": "https://api.github.com/repos/Sophrinix/TryRuby/teams",       "hooks_url": "https://api.github.com/repos/Sophrinix/TryRuby/hooks",       "issue_events_url": "https://api.github.com/repos/Sophrinix/TryRuby/issues/events{/number}",       "events_url": "https://api.github.com/repos/Sophrinix/TryRuby/events",       "assignees_url": "https://api.github.com/repos/Sophrinix/TryRuby/assignees{/user}",       "branches_url": "https://api.github.com/repos/Sophrinix/TryRuby/branches{/branch}",       "tags_url": "https://api.github.com/repos/Sophrinix/TryRuby/tags",       "blobs_url": "https://api.github.com/repos/Sophrinix/TryRuby/git/blobs{/sha}",       "git_tags_url": "https://api.github.com/repos/Sophrinix/TryRuby/git/tags{/sha}",       "git_refs_url": "https://api.github.com/repos/Sophrinix/TryRuby/git/refs{/sha}",       "trees_url": "https://api.github.com/repos/Sophrinix/TryRuby/git/trees{/sha}",       "statuses_url": "https://api.github.com/repos/Sophrinix/TryRuby/statuses/{sha}",       "languages_url": "https://api.github.com/repos/Sophrinix/TryRuby/languages",       "stargazers_url": "https://api.github.com/repos/Sophrinix/TryRuby/stargazers",       "contributors_url": "https://api.github.com/repos/Sophrinix/TryRuby/contributors",       "subscribers_url": "https://api.github.com/repos/Sophrinix/TryRuby/subscribers",       "subscription_url": "https://api.github.com/repos/Sophrinix/TryRuby/subscription",       "commits_url": "https://api.github.com/repos/Sophrinix/TryRuby/commits{/sha}",       "git_commits_url": "https://api.github.com/repos/Sophrinix/TryRuby/git/commits{/sha}",       "comments_url": "https://api.github.com/repos/Sophrinix/TryRuby/comments{/number}",       "issue_comment_url": "https://api.github.com/repos/Sophrinix/TryRuby/issues/comments{/number}",       "contents_url": "https://api.github.com/repos/Sophrinix/TryRuby/contents/{+path}",       "compare_url": "https://api.github.com/repos/Sophrinix/TryRuby/compare/{base}...{head}",       "merges_url": "https://api.github.com/repos/Sophrinix/TryRuby/merges",       "archive_url": "https://api.github.com/repos/Sophrinix/TryRuby/{archive_format}{/ref}",       "downloads_url": "https://api.github.com/repos/Sophrinix/TryRuby/downloads",       "issues_url": "https://api.github.com/repos/Sophrinix/TryRuby/issues{/number}",       "pulls_url": "https://api.github.com/repos/Sophrinix/TryRuby/pulls{/number}",       "milestones_url": "https://api.github.com/repos/Sophrinix/TryRuby/milestones{/number}",       "notifications_url": "https://api.github.com/repos/Sophrinix/TryRuby/notifications{?since,all,participating}",       "labels_url": "https://api.github.com/repos/Sophrinix/TryRuby/labels{/name}",       "releases_url": "https://api.github.com/repos/Sophrinix/TryRuby/releases{/id}",       "deployments_url": "https://api.github.com/repos/Sophrinix/TryRuby/deployments",       "created_at": "2009-08-22T17:31:37Z",       "updated_at": "2019-01-21T09:33:14Z",       "pushed_at": "2018-06-02T04:32:55Z",       "git_url": "git://github.com/Sophrinix/TryRuby.git",       "ssh_url": "git@github.com:Sophrinix/TryRuby.git",       "clone_url": "https://github.com/Sophrinix/TryRuby.git",       "svn_url": "https://github.com/Sophrinix/TryRuby",       "homepage": "tryruby.org",       "size": 881,       "stargazers_count": 346,       "watchers_count": 346,       "language": "HTML",       "has_issues": true,       "has_projects": true,       "has_downloads": true,       "has_wiki": true,       "has_pages": false,       "forks_count": 82,       "mirror_url": null,       "archived": false,       "open_issues_count": 69,       "license": null,       "forks": 82,       "open_issues": 69,       "watchers": 346,       "default_branch": "master",       "score": 21.90241     },     {       "id": 139259807,       "node_id": "MDEwOlJlcG9zaXRvcnkxMzkyNTk4MDc=",       "name": "UserDefaultsStore",       "full_name": "omaralbeik/UserDefaultsStore",       "private": false,       "owner": {         "login": "omaralbeik",         "id": 8127757,         "node_id": "MDQ6VXNlcjgxMjc3NTc=",         "avatar_url": "https://avatars2.githubusercontent.com/u/8127757?v=4",         "gravatar_id": "",         "url": "https://api.github.com/users/omaralbeik",         "html_url": "https://github.com/omaralbeik",         "followers_url": "https://api.github.com/users/omaralbeik/followers",         "following_url": "https://api.github.com/users/omaralbeik/following{/other_user}",         "gists_url": "https://api.github.com/users/omaralbeik/gists{/gist_id}",         "starred_url": "https://api.github.com/users/omaralbeik/starred{/owner}{/repo}",         "subscriptions_url": "https://api.github.com/users/omaralbeik/subscriptions",         "organizations_url": "https://api.github.com/users/omaralbeik/orgs",         "repos_url": "https://api.github.com/users/omaralbeik/repos",         "events_url": "https://api.github.com/users/omaralbeik/events{/privacy}",         "received_events_url": "https://api.github.com/users/omaralbeik/received_events",         "type": "User",         "site_admin": false       },       "html_url": "https://github.com/omaralbeik/UserDefaultsStore",       "description": "Why not use UserDefaults to store Codable objects 😉",       "fork": false,       "url": "https://api.github.com/repos/omaralbeik/UserDefaultsStore",       "forks_url": "https://api.github.com/repos/omaralbeik/UserDefaultsStore/forks",       "keys_url": "https://api.github.com/repos/omaralbeik/UserDefaultsStore/keys{/key_id}",       "collaborators_url": "https://api.github.com/repos/omaralbeik/UserDefaultsStore/collaborators{/collaborator}",       "teams_url": "https://api.github.com/repos/omaralbeik/UserDefaultsStore/teams",       "hooks_url": "https://api.github.com/repos/omaralbeik/UserDefaultsStore/hooks",       "issue_events_url": "https://api.github.com/repos/omaralbeik/UserDefaultsStore/issues/events{/number}",       "events_url": "https://api.github.com/repos/omaralbeik/UserDefaultsStore/events",       "assignees_url": "https://api.github.com/repos/omaralbeik/UserDefaultsStore/assignees{/user}",       "branches_url": "https://api.github.com/repos/omaralbeik/UserDefaultsStore/branches{/branch}",       "tags_url": "https://api.github.com/repos/omaralbeik/UserDefaultsStore/tags",       "blobs_url": "https://api.github.com/repos/omaralbeik/UserDefaultsStore/git/blobs{/sha}",       "git_tags_url": "https://api.github.com/repos/omaralbeik/UserDefaultsStore/git/tags{/sha}",       "git_refs_url": "https://api.github.com/repos/omaralbeik/UserDefaultsStore/git/refs{/sha}",       "trees_url": "https://api.github.com/repos/omaralbeik/UserDefaultsStore/git/trees{/sha}",       "statuses_url": "https://api.github.com/repos/omaralbeik/UserDefaultsStore/statuses/{sha}",       "languages_url": "https://api.github.com/repos/omaralbeik/UserDefaultsStore/languages",       "stargazers_url": "https://api.github.com/repos/omaralbeik/UserDefaultsStore/stargazers",       "contributors_url": "https://api.github.com/repos/omaralbeik/UserDefaultsStore/contributors",       "subscribers_url": "https://api.github.com/repos/omaralbeik/UserDefaultsStore/subscribers",       "subscription_url": "https://api.github.com/repos/omaralbeik/UserDefaultsStore/subscription",       "commits_url": "https://api.github.com/repos/omaralbeik/UserDefaultsStore/commits{/sha}",       "git_commits_url": "https://api.github.com/repos/omaralbeik/UserDefaultsStore/git/commits{/sha}",       "comments_url": "https://api.github.com/repos/omaralbeik/UserDefaultsStore/comments{/number}",       "issue_comment_url": "https://api.github.com/repos/omaralbeik/UserDefaultsStore/issues/comments{/number}",       "contents_url": "https://api.github.com/repos/omaralbeik/UserDefaultsStore/contents/{+path}",       "compare_url": "https://api.github.com/repos/omaralbeik/UserDefaultsStore/compare/{base}...{head}",       "merges_url": "https://api.github.com/repos/omaralbeik/UserDefaultsStore/merges",       "archive_url": "https://api.github.com/repos/omaralbeik/UserDefaultsStore/{archive_format}{/ref}",       "downloads_url": "https://api.github.com/repos/omaralbeik/UserDefaultsStore/downloads",       "issues_url": "https://api.github.com/repos/omaralbeik/UserDefaultsStore/issues{/number}",       "pulls_url": "https://api.github.com/repos/omaralbeik/UserDefaultsStore/pulls{/number}",       "milestones_url": "https://api.github.com/repos/omaralbeik/UserDefaultsStore/milestones{/number}",       "notifications_url": "https://api.github.com/repos/omaralbeik/UserDefaultsStore/notifications{?since,all,participating}",       "labels_url": "https://api.github.com/repos/omaralbeik/UserDefaultsStore/labels{/name}",       "releases_url": "https://api.github.com/repos/omaralbeik/UserDefaultsStore/releases{/id}",       "deployments_url": "https://api.github.com/repos/omaralbeik/UserDefaultsStore/deployments",       "created_at": "2018-06-30T15:29:31Z",       "updated_at": "2019-01-28T22:49:33Z",       "pushed_at": "2018-11-08T05:49:36Z",       "git_url": "git://github.com/omaralbeik/UserDefaultsStore.git",       "ssh_url": "git@github.com:omaralbeik/UserDefaultsStore.git",       "clone_url": "https://github.com/omaralbeik/UserDefaultsStore.git",       "svn_url": "https://github.com/omaralbeik/UserDefaultsStore",       "homepage": null,       "size": 388,       "stargazers_count": 311,       "watchers_count": 311,       "language": "Swift",       "has_issues": true,       "has_projects": false,       "has_downloads": true,       "has_wiki": false,       "has_pages": false,       "forks_count": 13,       "mirror_url": null,       "archived": false,       "open_issues_count": 2,       "license": {         "key": "mit",         "name": "MIT License",         "spdx_id": "MIT",         "url": "https://api.github.com/licenses/mit",         "node_id": "MDc6TGljZW5zZTEz"       },       "forks": 13,       "open_issues": 2,       "watchers": 311,       "default_branch": "master",       "score": 51.565353     },     {       "id": 1666180,       "node_id": "MDEwOlJlcG9zaXRvcnkxNjY2MTgw",       "name": "why_i_love_github",       "full_name": "schacon/why_i_love_github",       "private": false,       "owner": {         "login": "schacon",         "id": 70,         "node_id": "MDQ6VXNlcjcw",         "avatar_url": "https://avatars0.githubusercontent.com/u/70?v=4",         "gravatar_id": "",         "url": "https://api.github.com/users/schacon",         "html_url": "https://github.com/schacon",         "followers_url": "https://api.github.com/users/schacon/followers",         "following_url": "https://api.github.com/users/schacon/following{/other_user}",         "gists_url": "https://api.github.com/users/schacon/gists{/gist_id}",         "starred_url": "https://api.github.com/users/schacon/starred{/owner}{/repo}",         "subscriptions_url": "https://api.github.com/users/schacon/subscriptions",         "organizations_url": "https://api.github.com/users/schacon/orgs",         "repos_url": "https://api.github.com/users/schacon/repos",         "events_url": "https://api.github.com/users/schacon/events{/privacy}",         "received_events_url": "https://api.github.com/users/schacon/received_events",         "type": "User",         "site_admin": false       },       "html_url": "https://github.com/schacon/why_i_love_github",       "description": null,       "fork": false,       "url": "https://api.github.com/repos/schacon/why_i_love_github",       "forks_url": "https://api.github.com/repos/schacon/why_i_love_github/forks",       "keys_url": "https://api.github.com/repos/schacon/why_i_love_github/keys{/key_id}",       "collaborators_url": "https://api.github.com/repos/schacon/why_i_love_github/collaborators{/collaborator}",       "teams_url": "https://api.github.com/repos/schacon/why_i_love_github/teams",       "hooks_url": "https://api.github.com/repos/schacon/why_i_love_github/hooks",       "issue_events_url": "https://api.github.com/repos/schacon/why_i_love_github/issues/events{/number}",       "events_url": "https://api.github.com/repos/schacon/why_i_love_github/events",       "assignees_url": "https://api.github.com/repos/schacon/why_i_love_github/assignees{/user}",       "branches_url": "https://api.github.com/repos/schacon/why_i_love_github/branches{/branch}",       "tags_url": "https://api.github.com/repos/schacon/why_i_love_github/tags",       "blobs_url": "https://api.github.com/repos/schacon/why_i_love_github/git/blobs{/sha}",       "git_tags_url": "https://api.github.com/repos/schacon/why_i_love_github/git/tags{/sha}",       "git_refs_url": "https://api.github.com/repos/schacon/why_i_love_github/git/refs{/sha}",       "trees_url": "https://api.github.com/repos/schacon/why_i_love_github/git/trees{/sha}",       "statuses_url": "https://api.github.com/repos/schacon/why_i_love_github/statuses/{sha}",       "languages_url": "https://api.github.com/repos/schacon/why_i_love_github/languages",       "stargazers_url": "https://api.github.com/repos/schacon/why_i_love_github/stargazers",       "contributors_url": "https://api.github.com/repos/schacon/why_i_love_github/contributors",       "subscribers_url": "https://api.github.com/repos/schacon/why_i_love_github/subscribers",       "subscription_url": "https://api.github.com/repos/schacon/why_i_love_github/subscription",       "commits_url": "https://api.github.com/repos/schacon/why_i_love_github/commits{/sha}",       "git_commits_url": "https://api.github.com/repos/schacon/why_i_love_github/git/commits{/sha}",       "comments_url": "https://api.github.com/repos/schacon/why_i_love_github/comments{/number}",       "issue_comment_url": "https://api.github.com/repos/schacon/why_i_love_github/issues/comments{/number}",       "contents_url": "https://api.github.com/repos/schacon/why_i_love_github/contents/{+path}",       "compare_url": "https://api.github.com/repos/schacon/why_i_love_github/compare/{base}...{head}",       "merges_url": "https://api.github.com/repos/schacon/why_i_love_github/merges",       "archive_url": "https://api.github.com/repos/schacon/why_i_love_github/{archive_format}{/ref}",       "downloads_url": "https://api.github.com/repos/schacon/why_i_love_github/downloads",       "issues_url": "https://api.github.com/repos/schacon/why_i_love_github/issues{/number}",       "pulls_url": "https://api.github.com/repos/schacon/why_i_love_github/pulls{/number}",       "milestones_url": "https://api.github.com/repos/schacon/why_i_love_github/milestones{/number}",       "notifications_url": "https://api.github.com/repos/schacon/why_i_love_github/notifications{?since,all,participating}",       "labels_url": "https://api.github.com/repos/schacon/why_i_love_github/labels{/name}",       "releases_url": "https://api.github.com/repos/schacon/why_i_love_github/releases{/id}",       "deployments_url": "https://api.github.com/repos/schacon/why_i_love_github/deployments",       "created_at": "2011-04-26T17:18:57Z",       "updated_at": "2018-12-26T22:44:49Z",       "pushed_at": "2018-09-06T06:18:12Z",       "git_url": "git://github.com/schacon/why_i_love_github.git",       "ssh_url": "git@github.com:schacon/why_i_love_github.git",       "clone_url": "https://github.com/schacon/why_i_love_github.git",       "svn_url": "https://github.com/schacon/why_i_love_github",       "homepage": "",       "size": 296,       "stargazers_count": 269,       "watchers_count": 269,       "language": null,       "has_issues": true,       "has_projects": true,       "has_downloads": true,       "has_wiki": true,       "has_pages": false,       "forks_count": 202,       "mirror_url": null,       "archived": false,       "open_issues_count": 115,       "license": null,       "forks": 202,       "open_issues": 115,       "watchers": 269,       "default_branch": "master",       "score": 94.84146     },     {       "id": 5762352,       "node_id": "MDEwOlJlcG9zaXRvcnk1NzYyMzUy",       "name": "nightowls",       "full_name": "Swizec/nightowls",       "private": false,       "owner": {         "login": "Swizec",         "id": 56883,         "node_id": "MDQ6VXNlcjU2ODgz",         "avatar_url": "https://avatars0.githubusercontent.com/u/56883?v=4",         "gravatar_id": "",         "url": "https://api.github.com/users/Swizec",         "html_url": "https://github.com/Swizec",         "followers_url": "https://api.github.com/users/Swizec/followers",         "following_url": "https://api.github.com/users/Swizec/following{/other_user}",         "gists_url": "https://api.github.com/users/Swizec/gists{/gist_id}",         "starred_url": "https://api.github.com/users/Swizec/starred{/owner}{/repo}",         "subscriptions_url": "https://api.github.com/users/Swizec/subscriptions",         "organizations_url": "https://api.github.com/users/Swizec/orgs",         "repos_url": "https://api.github.com/users/Swizec/repos",         "events_url": "https://api.github.com/users/Swizec/events{/privacy}",         "received_events_url": "https://api.github.com/users/Swizec/received_events",         "type": "User",         "site_admin": false       },       "html_url": "https://github.com/Swizec/nightowls",       "description": "Why programmers work at night - a book about programmers, by a programmer",       "fork": false,       "url": "https://api.github.com/repos/Swizec/nightowls",       "forks_url": "https://api.github.com/repos/Swizec/nightowls/forks",       "keys_url": "https://api.github.com/repos/Swizec/nightowls/keys{/key_id}",       "collaborators_url": "https://api.github.com/repos/Swizec/nightowls/collaborators{/collaborator}",       "teams_url": "https://api.github.com/repos/Swizec/nightowls/teams",       "hooks_url": "https://api.github.com/repos/Swizec/nightowls/hooks",       "issue_events_url": "https://api.github.com/repos/Swizec/nightowls/issues/events{/number}",       "events_url": "https://api.github.com/repos/Swizec/nightowls/events",       "assignees_url": "https://api.github.com/repos/Swizec/nightowls/assignees{/user}",       "branches_url": "https://api.github.com/repos/Swizec/nightowls/branches{/branch}",       "tags_url": "https://api.github.com/repos/Swizec/nightowls/tags",       "blobs_url": "https://api.github.com/repos/Swizec/nightowls/git/blobs{/sha}",       "git_tags_url": "https://api.github.com/repos/Swizec/nightowls/git/tags{/sha}",       "git_refs_url": "https://api.github.com/repos/Swizec/nightowls/git/refs{/sha}",       "trees_url": "https://api.github.com/repos/Swizec/nightowls/git/trees{/sha}",       "statuses_url": "https://api.github.com/repos/Swizec/nightowls/statuses/{sha}",       "languages_url": "https://api.github.com/repos/Swizec/nightowls/languages",       "stargazers_url": "https://api.github.com/repos/Swizec/nightowls/stargazers",       "contributors_url": "https://api.github.com/repos/Swizec/nightowls/contributors",       "subscribers_url": "https://api.github.com/repos/Swizec/nightowls/subscribers",       "subscription_url": "https://api.github.com/repos/Swizec/nightowls/subscription",       "commits_url": "https://api.github.com/repos/Swizec/nightowls/commits{/sha}",       "git_commits_url": "https://api.github.com/repos/Swizec/nightowls/git/commits{/sha}",       "comments_url": "https://api.github.com/repos/Swizec/nightowls/comments{/number}",       "issue_comment_url": "https://api.github.com/repos/Swizec/nightowls/issues/comments{/number}",       "contents_url": "https://api.github.com/repos/Swizec/nightowls/contents/{+path}",       "compare_url": "https://api.github.com/repos/Swizec/nightowls/compare/{base}...{head}",       "merges_url": "https://api.github.com/repos/Swizec/nightowls/merges",       "archive_url": "https://api.github.com/repos/Swizec/nightowls/{archive_format}{/ref}",       "downloads_url": "https://api.github.com/repos/Swizec/nightowls/downloads",       "issues_url": "https://api.github.com/repos/Swizec/nightowls/issues{/number}",       "pulls_url": "https://api.github.com/repos/Swizec/nightowls/pulls{/number}",       "milestones_url": "https://api.github.com/repos/Swizec/nightowls/milestones{/number}",       "notifications_url": "https://api.github.com/repos/Swizec/nightowls/notifications{?since,all,participating}",       "labels_url": "https://api.github.com/repos/Swizec/nightowls/labels{/name}",       "releases_url": "https://api.github.com/repos/Swizec/nightowls/releases{/id}",       "deployments_url": "https://api.github.com/repos/Swizec/nightowls/deployments",       "created_at": "2012-09-11T08:55:05Z",       "updated_at": "2019-01-22T17:12:56Z",       "pushed_at": "2017-04-24T09:21:43Z",       "git_url": "git://github.com/Swizec/nightowls.git",       "ssh_url": "git@github.com:Swizec/nightowls.git",       "clone_url": "https://github.com/Swizec/nightowls.git",       "svn_url": "https://github.com/Swizec/nightowls",       "homepage": "https://leanpub.com/nightowls",       "size": 1301,       "stargazers_count": 267,       "watchers_count": 267,       "language": null,       "has_issues": true,       "has_projects": true,       "has_downloads": true,       "has_wiki": true,       "has_pages": false,       "forks_count": 23,       "mirror_url": null,       "archived": false,       "open_issues_count": 7,       "license": null,       "forks": 23,       "open_issues": 7,       "watchers": 267,       "default_branch": "master",       "score": 46.14871     },     {       "id": 86715491,       "node_id": "MDEwOlJlcG9zaXRvcnk4NjcxNTQ5MQ==",       "name": "pmdarima",       "full_name": "tgsmith61591/pmdarima",       "private": false,       "owner": {         "login": "tgsmith61591",         "id": 6124706,         "node_id": "MDQ6VXNlcjYxMjQ3MDY=",         "avatar_url": "https://avatars0.githubusercontent.com/u/6124706?v=4",         "gravatar_id": "",         "url": "https://api.github.com/users/tgsmith61591",         "html_url": "https://github.com/tgsmith61591",         "followers_url": "https://api.github.com/users/tgsmith61591/followers",         "following_url": "https://api.github.com/users/tgsmith61591/following{/other_user}",         "gists_url": "https://api.github.com/users/tgsmith61591/gists{/gist_id}",         "starred_url": "https://api.github.com/users/tgsmith61591/starred{/owner}{/repo}",         "subscriptions_url": "https://api.github.com/users/tgsmith61591/subscriptions",         "organizations_url": "https://api.github.com/users/tgsmith61591/orgs",         "repos_url": "https://api.github.com/users/tgsmith61591/repos",         "events_url": "https://api.github.com/users/tgsmith61591/events{/privacy}",         "received_events_url": "https://api.github.com/users/tgsmith61591/received_events",         "type": "User",         "site_admin": false       },       "html_url": "https://github.com/tgsmith61591/pmdarima",       "description": "A package that brings R's beloved auto.arima to Python, making an even stronger case for why Python > R for data science. ",       "fork": false,       "url": "https://api.github.com/repos/tgsmith61591/pmdarima",       "forks_url": "https://api.github.com/repos/tgsmith61591/pmdarima/forks",       "keys_url": "https://api.github.com/repos/tgsmith61591/pmdarima/keys{/key_id}",       "collaborators_url": "https://api.github.com/repos/tgsmith61591/pmdarima/collaborators{/collaborator}",       "teams_url": "https://api.github.com/repos/tgsmith61591/pmdarima/teams",       "hooks_url": "https://api.github.com/repos/tgsmith61591/pmdarima/hooks",       "issue_events_url": "https://api.github.com/repos/tgsmith61591/pmdarima/issues/events{/number}",       "events_url": "https://api.github.com/repos/tgsmith61591/pmdarima/events",       "assignees_url": "https://api.github.com/repos/tgsmith61591/pmdarima/assignees{/user}",       "branches_url": "https://api.github.com/repos/tgsmith61591/pmdarima/branches{/branch}",       "tags_url": "https://api.github.com/repos/tgsmith61591/pmdarima/tags",       "blobs_url": "https://api.github.com/repos/tgsmith61591/pmdarima/git/blobs{/sha}",       "git_tags_url": "https://api.github.com/repos/tgsmith61591/pmdarima/git/tags{/sha}",       "git_refs_url": "https://api.github.com/repos/tgsmith61591/pmdarima/git/refs{/sha}",       "trees_url": "https://api.github.com/repos/tgsmith61591/pmdarima/git/trees{/sha}",       "statuses_url": "https://api.github.com/repos/tgsmith61591/pmdarima/statuses/{sha}",       "languages_url": "https://api.github.com/repos/tgsmith61591/pmdarima/languages",       "stargazers_url": "https://api.github.com/repos/tgsmith61591/pmdarima/stargazers",       "contributors_url": "https://api.github.com/repos/tgsmith61591/pmdarima/contributors",       "subscribers_url": "https://api.github.com/repos/tgsmith61591/pmdarima/subscribers",       "subscription_url": "https://api.github.com/repos/tgsmith61591/pmdarima/subscription",       "commits_url": "https://api.github.com/repos/tgsmith61591/pmdarima/commits{/sha}",       "git_commits_url": "https://api.github.com/repos/tgsmith61591/pmdarima/git/commits{/sha}",       "comments_url": "https://api.github.com/repos/tgsmith61591/pmdarima/comments{/number}",       "issue_comment_url": "https://api.github.com/repos/tgsmith61591/pmdarima/issues/comments{/number}",       "contents_url": "https://api.github.com/repos/tgsmith61591/pmdarima/contents/{+path}",       "compare_url": "https://api.github.com/repos/tgsmith61591/pmdarima/compare/{base}...{head}",       "merges_url": "https://api.github.com/repos/tgsmith61591/pmdarima/merges",       "archive_url": "https://api.github.com/repos/tgsmith61591/pmdarima/{archive_format}{/ref}",       "downloads_url": "https://api.github.com/repos/tgsmith61591/pmdarima/downloads",       "issues_url": "https://api.github.com/repos/tgsmith61591/pmdarima/issues{/number}",       "pulls_url": "https://api.github.com/repos/tgsmith61591/pmdarima/pulls{/number}",       "milestones_url": "https://api.github.com/repos/tgsmith61591/pmdarima/milestones{/number}",       "notifications_url": "https://api.github.com/repos/tgsmith61591/pmdarima/notifications{?since,all,participating}",       "labels_url": "https://api.github.com/repos/tgsmith61591/pmdarima/labels{/name}",       "releases_url": "https://api.github.com/repos/tgsmith61591/pmdarima/releases{/id}",       "deployments_url": "https://api.github.com/repos/tgsmith61591/pmdarima/deployments",       "created_at": "2017-03-30T14:58:30Z",       "updated_at": "2019-01-27T16:57:38Z",       "pushed_at": "2019-01-21T21:26:02Z",       "git_url": "git://github.com/tgsmith61591/pmdarima.git",       "ssh_url": "git@github.com:tgsmith61591/pmdarima.git",       "clone_url": "https://github.com/tgsmith61591/pmdarima.git",       "svn_url": "https://github.com/tgsmith61591/pmdarima",       "homepage": "https://www.alkaline-ml.com/pmdarima",       "size": 60561,       "stargazers_count": 254,       "watchers_count": 254,       "language": "Python",       "has_issues": true,       "has_projects": true,       "has_downloads": true,       "has_wiki": true,       "has_pages": true,       "forks_count": 64,       "mirror_url": null,       "archived": false,       "open_issues_count": 1,       "license": {         "key": "mit",         "name": "MIT License",         "spdx_id": "MIT",         "url": "https://api.github.com/licenses/mit",         "node_id": "MDc6TGljZW5zZTEz"       },       "forks": 64,       "open_issues": 1,       "watchers": 254,       "default_branch": "master",       "score": 37.534393     },     {       "id": 72917308,       "node_id": "MDEwOlJlcG9zaXRvcnk3MjkxNzMwOA==",       "name": "learn-elm",       "full_name": "dwyl/learn-elm",       "private": false,       "owner": {         "login": "dwyl",         "id": 11708465,         "node_id": "MDEyOk9yZ2FuaXphdGlvbjExNzA4NDY1",         "avatar_url": "https://avatars1.githubusercontent.com/u/11708465?v=4",         "gravatar_id": "",         "url": "https://api.github.com/users/dwyl",         "html_url": "https://github.com/dwyl",         "followers_url": "https://api.github.com/users/dwyl/followers",         "following_url": "https://api.github.com/users/dwyl/following{/other_user}",         "gists_url": "https://api.github.com/users/dwyl/gists{/gist_id}",         "starred_url": "https://api.github.com/users/dwyl/starred{/owner}{/repo}",         "subscriptions_url": "https://api.github.com/users/dwyl/subscriptions",         "organizations_url": "https://api.github.com/users/dwyl/orgs",         "repos_url": "https://api.github.com/users/dwyl/repos",         "events_url": "https://api.github.com/users/dwyl/events{/privacy}",         "received_events_url": "https://api.github.com/users/dwyl/received_events",         "type": "Organization",         "site_admin": false       },       "html_url": "https://github.com/dwyl/learn-elm",       "description": ":rainbow: discover why people are switching to Elm and how you can get started today!",       "fork": false,       "url": "https://api.github.com/repos/dwyl/learn-elm",       "forks_url": "https://api.github.com/repos/dwyl/learn-elm/forks",       "keys_url": "https://api.github.com/repos/dwyl/learn-elm/keys{/key_id}",       "collaborators_url": "https://api.github.com/repos/dwyl/learn-elm/collaborators{/collaborator}",       "teams_url": "https://api.github.com/repos/dwyl/learn-elm/teams",       "hooks_url": "https://api.github.com/repos/dwyl/learn-elm/hooks",       "issue_events_url": "https://api.github.com/repos/dwyl/learn-elm/issues/events{/number}",       "events_url": "https://api.github.com/repos/dwyl/learn-elm/events",       "assignees_url": "https://api.github.com/repos/dwyl/learn-elm/assignees{/user}",       "branches_url": "https://api.github.com/repos/dwyl/learn-elm/branches{/branch}",       "tags_url": "https://api.github.com/repos/dwyl/learn-elm/tags",       "blobs_url": "https://api.github.com/repos/dwyl/learn-elm/git/blobs{/sha}",       "git_tags_url": "https://api.github.com/repos/dwyl/learn-elm/git/tags{/sha}",       "git_refs_url": "https://api.github.com/repos/dwyl/learn-elm/git/refs{/sha}",       "trees_url": "https://api.github.com/repos/dwyl/learn-elm/git/trees{/sha}",       "statuses_url": "https://api.github.com/repos/dwyl/learn-elm/statuses/{sha}",       "languages_url": "https://api.github.com/repos/dwyl/learn-elm/languages",       "stargazers_url": "https://api.github.com/repos/dwyl/learn-elm/stargazers",       "contributors_url": "https://api.github.com/repos/dwyl/learn-elm/contributors",       "subscribers_url": "https://api.github.com/repos/dwyl/learn-elm/subscribers",       "subscription_url": "https://api.github.com/repos/dwyl/learn-elm/subscription",       "commits_url": "https://api.github.com/repos/dwyl/learn-elm/commits{/sha}",       "git_commits_url": "https://api.github.com/repos/dwyl/learn-elm/git/commits{/sha}",       "comments_url": "https://api.github.com/repos/dwyl/learn-elm/comments{/number}",       "issue_comment_url": "https://api.github.com/repos/dwyl/learn-elm/issues/comments{/number}",       "contents_url": "https://api.github.com/repos/dwyl/learn-elm/contents/{+path}",       "compare_url": "https://api.github.com/repos/dwyl/learn-elm/compare/{base}...{head}",       "merges_url": "https://api.github.com/repos/dwyl/learn-elm/merges",       "archive_url": "https://api.github.com/repos/dwyl/learn-elm/{archive_format}{/ref}",       "downloads_url": "https://api.github.com/repos/dwyl/learn-elm/downloads",       "issues_url": "https://api.github.com/repos/dwyl/learn-elm/issues{/number}",       "pulls_url": "https://api.github.com/repos/dwyl/learn-elm/pulls{/number}",       "milestones_url": "https://api.github.com/repos/dwyl/learn-elm/milestones{/number}",       "notifications_url": "https://api.github.com/repos/dwyl/learn-elm/notifications{?since,all,participating}",       "labels_url": "https://api.github.com/repos/dwyl/learn-elm/labels{/name}",       "releases_url": "https://api.github.com/repos/dwyl/learn-elm/releases{/id}",       "deployments_url": "https://api.github.com/repos/dwyl/learn-elm/deployments",       "created_at": "2016-11-05T09:45:12Z",       "updated_at": "2019-01-25T17:03:04Z",       "pushed_at": "2018-12-04T22:17:50Z",       "git_url": "git://github.com/dwyl/learn-elm.git",       "ssh_url": "git@github.com:dwyl/learn-elm.git",       "clone_url": "https://github.com/dwyl/learn-elm.git",       "svn_url": "https://github.com/dwyl/learn-elm",       "homepage": "https://github.com/dwyl/learn-elm",       "size": 622,       "stargazers_count": 238,       "watchers_count": 238,       "language": "HTML",       "has_issues": true,       "has_projects": true,       "has_downloads": true,       "has_wiki": true,       "has_pages": false,       "forks_count": 19,       "mirror_url": null,       "archived": false,       "open_issues_count": 78,       "license": null,       "forks": 19,       "open_issues": 78,       "watchers": 238,       "default_branch": "master",       "score": 44.09843     },     {       "id": 35120209,       "node_id": "MDEwOlJlcG9zaXRvcnkzNTEyMDIwOQ==",       "name": "wtfnode",       "full_name": "myndzi/wtfnode",       "private": false,       "owner": {         "login": "myndzi",         "id": 1588419,         "node_id": "MDQ6VXNlcjE1ODg0MTk=",         "avatar_url": "https://avatars1.githubusercontent.com/u/1588419?v=4",         "gravatar_id": "",         "url": "https://api.github.com/users/myndzi",         "html_url": "https://github.com/myndzi",         "followers_url": "https://api.github.com/users/myndzi/followers",         "following_url": "https://api.github.com/users/myndzi/following{/other_user}",         "gists_url": "https://api.github.com/users/myndzi/gists{/gist_id}",         "starred_url": "https://api.github.com/users/myndzi/starred{/owner}{/repo}",         "subscriptions_url": "https://api.github.com/users/myndzi/subscriptions",         "organizations_url": "https://api.github.com/users/myndzi/orgs",         "repos_url": "https://api.github.com/users/myndzi/repos",         "events_url": "https://api.github.com/users/myndzi/events{/privacy}",         "received_events_url": "https://api.github.com/users/myndzi/received_events",         "type": "User",         "site_admin": false       },       "html_url": "https://github.com/myndzi/wtfnode",       "description": "Utility to help find out why Node isn't exiting",       "fork": false,       "url": "https://api.github.com/repos/myndzi/wtfnode",       "forks_url": "https://api.github.com/repos/myndzi/wtfnode/forks",       "keys_url": "https://api.github.com/repos/myndzi/wtfnode/keys{/key_id}",       "collaborators_url": "https://api.github.com/repos/myndzi/wtfnode/collaborators{/collaborator}",       "teams_url": "https://api.github.com/repos/myndzi/wtfnode/teams",       "hooks_url": "https://api.github.com/repos/myndzi/wtfnode/hooks",       "issue_events_url": "https://api.github.com/repos/myndzi/wtfnode/issues/events{/number}",       "events_url": "https://api.github.com/repos/myndzi/wtfnode/events",       "assignees_url": "https://api.github.com/repos/myndzi/wtfnode/assignees{/user}",       "branches_url": "https://api.github.com/repos/myndzi/wtfnode/branches{/branch}",       "tags_url": "https://api.github.com/repos/myndzi/wtfnode/tags",       "blobs_url": "https://api.github.com/repos/myndzi/wtfnode/git/blobs{/sha}",       "git_tags_url": "https://api.github.com/repos/myndzi/wtfnode/git/tags{/sha}",       "git_refs_url": "https://api.github.com/repos/myndzi/wtfnode/git/refs{/sha}",       "trees_url": "https://api.github.com/repos/myndzi/wtfnode/git/trees{/sha}",       "statuses_url": "https://api.github.com/repos/myndzi/wtfnode/statuses/{sha}",       "languages_url": "https://api.github.com/repos/myndzi/wtfnode/languages",       "stargazers_url": "https://api.github.com/repos/myndzi/wtfnode/stargazers",       "contributors_url": "https://api.github.com/repos/myndzi/wtfnode/contributors",       "subscribers_url": "https://api.github.com/repos/myndzi/wtfnode/subscribers",       "subscription_url": "https://api.github.com/repos/myndzi/wtfnode/subscription",       "commits_url": "https://api.github.com/repos/myndzi/wtfnode/commits{/sha}",       "git_commits_url": "https://api.github.com/repos/myndzi/wtfnode/git/commits{/sha}",       "comments_url": "https://api.github.com/repos/myndzi/wtfnode/comments{/number}",       "issue_comment_url": "https://api.github.com/repos/myndzi/wtfnode/issues/comments{/number}",       "contents_url": "https://api.github.com/repos/myndzi/wtfnode/contents/{+path}",       "compare_url": "https://api.github.com/repos/myndzi/wtfnode/compare/{base}...{head}",       "merges_url": "https://api.github.com/repos/myndzi/wtfnode/merges",       "archive_url": "https://api.github.com/repos/myndzi/wtfnode/{archive_format}{/ref}",       "downloads_url": "https://api.github.com/repos/myndzi/wtfnode/downloads",       "issues_url": "https://api.github.com/repos/myndzi/wtfnode/issues{/number}",       "pulls_url": "https://api.github.com/repos/myndzi/wtfnode/pulls{/number}",       "milestones_url": "https://api.github.com/repos/myndzi/wtfnode/milestones{/number}",       "notifications_url": "https://api.github.com/repos/myndzi/wtfnode/notifications{?since,all,participating}",       "labels_url": "https://api.github.com/repos/myndzi/wtfnode/labels{/name}",       "releases_url": "https://api.github.com/repos/myndzi/wtfnode/releases{/id}",       "deployments_url": "https://api.github.com/repos/myndzi/wtfnode/deployments",       "created_at": "2015-05-05T19:42:42Z",       "updated_at": "2019-01-23T23:23:20Z",       "pushed_at": "2019-01-15T03:26:56Z",       "git_url": "git://github.com/myndzi/wtfnode.git",       "ssh_url": "git@github.com:myndzi/wtfnode.git",       "clone_url": "https://github.com/myndzi/wtfnode.git",       "svn_url": "https://github.com/myndzi/wtfnode",       "homepage": null,       "size": 59,       "stargazers_count": 237,       "watchers_count": 237,       "language": "JavaScript",       "has_issues": true,       "has_projects": true,       "has_downloads": true,       "has_wiki": true,       "has_pages": false,       "forks_count": 14,       "mirror_url": null,       "archived": false,       "open_issues_count": 0,       "license": null,       "forks": 14,       "open_issues": 0,       "watchers": 237,       "default_branch": "master",       "score": 51.349648     },     {       "id": 539003,       "node_id": "MDEwOlJlcG9zaXRvcnk1MzkwMDM=",       "name": "jquery-outside-events",       "full_name": "cowboy/jquery-outside-events",       "private": false,       "owner": {         "login": "cowboy",         "id": 54051,         "node_id": "MDQ6VXNlcjU0MDUx",         "avatar_url": "https://avatars0.githubusercontent.com/u/54051?v=4",         "gravatar_id": "",         "url": "https://api.github.com/users/cowboy",         "html_url": "https://github.com/cowboy",         "followers_url": "https://api.github.com/users/cowboy/followers",         "following_url": "https://api.github.com/users/cowboy/following{/other_user}",         "gists_url": "https://api.github.com/users/cowboy/gists{/gist_id}",         "starred_url": "https://api.github.com/users/cowboy/starred{/owner}{/repo}",         "subscriptions_url": "https://api.github.com/users/cowboy/subscriptions",         "organizations_url": "https://api.github.com/users/cowboy/orgs",         "repos_url": "https://api.github.com/users/cowboy/repos",         "events_url": "https://api.github.com/users/cowboy/events{/privacy}",         "received_events_url": "https://api.github.com/users/cowboy/received_events",         "type": "User",         "site_admin": false       },       "html_url": "https://github.com/cowboy/jquery-outside-events",       "description": "Why trigger an event on something, when you can trigger it on everything else?",       "fork": false,       "url": "https://api.github.com/repos/cowboy/jquery-outside-events",       "forks_url": "https://api.github.com/repos/cowboy/jquery-outside-events/forks",       "keys_url": "https://api.github.com/repos/cowboy/jquery-outside-events/keys{/key_id}",       "collaborators_url": "https://api.github.com/repos/cowboy/jquery-outside-events/collaborators{/collaborator}",       "teams_url": "https://api.github.com/repos/cowboy/jquery-outside-events/teams",       "hooks_url": "https://api.github.com/repos/cowboy/jquery-outside-events/hooks",       "issue_events_url": "https://api.github.com/repos/cowboy/jquery-outside-events/issues/events{/number}",       "events_url": "https://api.github.com/repos/cowboy/jquery-outside-events/events",       "assignees_url": "https://api.github.com/repos/cowboy/jquery-outside-events/assignees{/user}",       "branches_url": "https://api.github.com/repos/cowboy/jquery-outside-events/branches{/branch}",       "tags_url": "https://api.github.com/repos/cowboy/jquery-outside-events/tags",       "blobs_url": "https://api.github.com/repos/cowboy/jquery-outside-events/git/blobs{/sha}",       "git_tags_url": "https://api.github.com/repos/cowboy/jquery-outside-events/git/tags{/sha}",       "git_refs_url": "https://api.github.com/repos/cowboy/jquery-outside-events/git/refs{/sha}",       "trees_url": "https://api.github.com/repos/cowboy/jquery-outside-events/git/trees{/sha}",       "statuses_url": "https://api.github.com/repos/cowboy/jquery-outside-events/statuses/{sha}",       "languages_url": "https://api.github.com/repos/cowboy/jquery-outside-events/languages",       "stargazers_url": "https://api.github.com/repos/cowboy/jquery-outside-events/stargazers",       "contributors_url": "https://api.github.com/repos/cowboy/jquery-outside-events/contributors",       "subscribers_url": "https://api.github.com/repos/cowboy/jquery-outside-events/subscribers",       "subscription_url": "https://api.github.com/repos/cowboy/jquery-outside-events/subscription",       "commits_url": "https://api.github.com/repos/cowboy/jquery-outside-events/commits{/sha}",       "git_commits_url": "https://api.github.com/repos/cowboy/jquery-outside-events/git/commits{/sha}",       "comments_url": "https://api.github.com/repos/cowboy/jquery-outside-events/comments{/number}",       "issue_comment_url": "https://api.github.com/repos/cowboy/jquery-outside-events/issues/comments{/number}",       "contents_url": "https://api.github.com/repos/cowboy/jquery-outside-events/contents/{+path}",       "compare_url": "https://api.github.com/repos/cowboy/jquery-outside-events/compare/{base}...{head}",       "merges_url": "https://api.github.com/repos/cowboy/jquery-outside-events/merges",       "archive_url": "https://api.github.com/repos/cowboy/jquery-outside-events/{archive_format}{/ref}",       "downloads_url": "https://api.github.com/repos/cowboy/jquery-outside-events/downloads",       "issues_url": "https://api.github.com/repos/cowboy/jquery-outside-events/issues{/number}",       "pulls_url": "https://api.github.com/repos/cowboy/jquery-outside-events/pulls{/number}",       "milestones_url": "https://api.github.com/repos/cowboy/jquery-outside-events/milestones{/number}",       "notifications_url": "https://api.github.com/repos/cowboy/jquery-outside-events/notifications{?since,all,participating}",       "labels_url": "https://api.github.com/repos/cowboy/jquery-outside-events/labels{/name}",       "releases_url": "https://api.github.com/repos/cowboy/jquery-outside-events/releases{/id}",       "deployments_url": "https://api.github.com/repos/cowboy/jquery-outside-events/deployments",       "created_at": "2010-02-27T19:56:14Z",       "updated_at": "2019-01-23T22:10:28Z",       "pushed_at": "2016-04-03T09:27:45Z",       "git_url": "git://github.com/cowboy/jquery-outside-events.git",       "ssh_url": "git@github.com:cowboy/jquery-outside-events.git",       "clone_url": "https://github.com/cowboy/jquery-outside-events.git",       "svn_url": "https://github.com/cowboy/jquery-outside-events",       "homepage": "http://benalman.com/projects/jquery-clickoutside-plugin/",       "size": 320,       "stargazers_count": 236,       "watchers_count": 236,       "language": "JavaScript",       "has_issues": true,       "has_projects": true,       "has_downloads": true,       "has_wiki": true,       "has_pages": false,       "forks_count": 44,       "mirror_url": null,       "archived": false,       "open_issues_count": 10,       "license": {         "key": "other",         "name": "Other",         "spdx_id": "NOASSERTION",         "url": null,         "node_id": "MDc6TGljZW5zZTA="       },       "forks": 44,       "open_issues": 10,       "watchers": 236,       "default_branch": "master",       "score": 49.765396     },     {       "id": 124265580,       "node_id": "MDEwOlJlcG9zaXRvcnkxMjQyNjU1ODA=",       "name": "Viewpager-Transformation",       "full_name": "dipanshukr/Viewpager-Transformation",       "private": false,       "owner": {         "login": "dipanshukr",         "id": 29334373,         "node_id": "MDQ6VXNlcjI5MzM0Mzcz",         "avatar_url": "https://avatars3.githubusercontent.com/u/29334373?v=4",         "gravatar_id": "",         "url": "https://api.github.com/users/dipanshukr",         "html_url": "https://github.com/dipanshukr",         "followers_url": "https://api.github.com/users/dipanshukr/followers",         "following_url": "https://api.github.com/users/dipanshukr/following{/other_user}",         "gists_url": "https://api.github.com/users/dipanshukr/gists{/gist_id}",         "starred_url": "https://api.github.com/users/dipanshukr/starred{/owner}{/repo}",         "subscriptions_url": "https://api.github.com/users/dipanshukr/subscriptions",         "organizations_url": "https://api.github.com/users/dipanshukr/orgs",         "repos_url": "https://api.github.com/users/dipanshukr/repos",         "events_url": "https://api.github.com/users/dipanshukr/events{/privacy}",         "received_events_url": "https://api.github.com/users/dipanshukr/received_events",         "type": "User",         "site_admin": false       },       "html_url": "https://github.com/dipanshukr/Viewpager-Transformation",       "description": "Why use dependencies when you create your own transformations for Viewpager ?",       "fork": false,       "url": "https://api.github.com/repos/dipanshukr/Viewpager-Transformation",       "forks_url": "https://api.github.com/repos/dipanshukr/Viewpager-Transformation/forks",       "keys_url": "https://api.github.com/repos/dipanshukr/Viewpager-Transformation/keys{/key_id}",       "collaborators_url": "https://api.github.com/repos/dipanshukr/Viewpager-Transformation/collaborators{/collaborator}",       "teams_url": "https://api.github.com/repos/dipanshukr/Viewpager-Transformation/teams",       "hooks_url": "https://api.github.com/repos/dipanshukr/Viewpager-Transformation/hooks",       "issue_events_url": "https://api.github.com/repos/dipanshukr/Viewpager-Transformation/issues/events{/number}",       "events_url": "https://api.github.com/repos/dipanshukr/Viewpager-Transformation/events",       "assignees_url": "https://api.github.com/repos/dipanshukr/Viewpager-Transformation/assignees{/user}",       "branches_url": "https://api.github.com/repos/dipanshukr/Viewpager-Transformation/branches{/branch}",       "tags_url": "https://api.github.com/repos/dipanshukr/Viewpager-Transformation/tags",       "blobs_url": "https://api.github.com/repos/dipanshukr/Viewpager-Transformation/git/blobs{/sha}",       "git_tags_url": "https://api.github.com/repos/dipanshukr/Viewpager-Transformation/git/tags{/sha}",       "git_refs_url": "https://api.github.com/repos/dipanshukr/Viewpager-Transformation/git/refs{/sha}",       "trees_url": "https://api.github.com/repos/dipanshukr/Viewpager-Transformation/git/trees{/sha}",       "statuses_url": "https://api.github.com/repos/dipanshukr/Viewpager-Transformation/statuses/{sha}",       "languages_url": "https://api.github.com/repos/dipanshukr/Viewpager-Transformation/languages",       "stargazers_url": "https://api.github.com/repos/dipanshukr/Viewpager-Transformation/stargazers",       "contributors_url": "https://api.github.com/repos/dipanshukr/Viewpager-Transformation/contributors",       "subscribers_url": "https://api.github.com/repos/dipanshukr/Viewpager-Transformation/subscribers",       "subscription_url": "https://api.github.com/repos/dipanshukr/Viewpager-Transformation/subscription",       "commits_url": "https://api.github.com/repos/dipanshukr/Viewpager-Transformation/commits{/sha}",       "git_commits_url": "https://api.github.com/repos/dipanshukr/Viewpager-Transformation/git/commits{/sha}",       "comments_url": "https://api.github.com/repos/dipanshukr/Viewpager-Transformation/comments{/number}",       "issue_comment_url": "https://api.github.com/repos/dipanshukr/Viewpager-Transformation/issues/comments{/number}",       "contents_url": "https://api.github.com/repos/dipanshukr/Viewpager-Transformation/contents/{+path}",       "compare_url": "https://api.github.com/repos/dipanshukr/Viewpager-Transformation/compare/{base}...{head}",       "merges_url": "https://api.github.com/repos/dipanshukr/Viewpager-Transformation/merges",       "archive_url": "https://api.github.com/repos/dipanshukr/Viewpager-Transformation/{archive_format}{/ref}",       "downloads_url": "https://api.github.com/repos/dipanshukr/Viewpager-Transformation/downloads",       "issues_url": "https://api.github.com/repos/dipanshukr/Viewpager-Transformation/issues{/number}",       "pulls_url": "https://api.github.com/repos/dipanshukr/Viewpager-Transformation/pulls{/number}",       "milestones_url": "https://api.github.com/repos/dipanshukr/Viewpager-Transformation/milestones{/number}",       "notifications_url": "https://api.github.com/repos/dipanshukr/Viewpager-Transformation/notifications{?since,all,participating}",       "labels_url": "https://api.github.com/repos/dipanshukr/Viewpager-Transformation/labels{/name}",       "releases_url": "https://api.github.com/repos/dipanshukr/Viewpager-Transformation/releases{/id}",       "deployments_url": "https://api.github.com/repos/dipanshukr/Viewpager-Transformation/deployments",       "created_at": "2018-03-07T16:45:42Z",       "updated_at": "2019-01-27T11:19:10Z",       "pushed_at": "2018-06-21T07:17:59Z",       "git_url": "git://github.com/dipanshukr/Viewpager-Transformation.git",       "ssh_url": "git@github.com:dipanshukr/Viewpager-Transformation.git",       "clone_url": "https://github.com/dipanshukr/Viewpager-Transformation.git",       "svn_url": "https://github.com/dipanshukr/Viewpager-Transformation",       "homepage": "",       "size": 181654,       "stargazers_count": 230,       "watchers_count": 230,       "language": "Java",       "has_issues": true,       "has_projects": true,       "has_downloads": true,       "has_wiki": true,       "has_pages": true,       "forks_count": 44,       "mirror_url": null,       "archived": false,       "open_issues_count": 1,       "license": null,       "forks": 44,       "open_issues": 1,       "watchers": 230,       "default_branch": "master",       "score": 49.98542     },     {       "id": 17420185,       "node_id": "MDEwOlJlcG9zaXRvcnkxNzQyMDE4NQ==",       "name": "enemy-of-the-state",       "full_name": "jspahrsummers/enemy-of-the-state",       "private": false,       "owner": {         "login": "jspahrsummers",         "id": 432536,         "node_id": "MDQ6VXNlcjQzMjUzNg==",         "avatar_url": "https://avatars0.githubusercontent.com/u/432536?v=4",         "gravatar_id": "",         "url": "https://api.github.com/users/jspahrsummers",         "html_url": "https://github.com/jspahrsummers",         "followers_url": "https://api.github.com/users/jspahrsummers/followers",         "following_url": "https://api.github.com/users/jspahrsummers/following{/other_user}",         "gists_url": "https://api.github.com/users/jspahrsummers/gists{/gist_id}",         "starred_url": "https://api.github.com/users/jspahrsummers/starred{/owner}{/repo}",         "subscriptions_url": "https://api.github.com/users/jspahrsummers/subscriptions",         "organizations_url": "https://api.github.com/users/jspahrsummers/orgs",         "repos_url": "https://api.github.com/users/jspahrsummers/repos",         "events_url": "https://api.github.com/users/jspahrsummers/events{/privacy}",         "received_events_url": "https://api.github.com/users/jspahrsummers/received_events",         "type": "User",         "site_admin": false       },       "html_url": "https://github.com/jspahrsummers/enemy-of-the-state",       "description": "My talk explaining what state is and why it's so harmful",       "fork": false,       "url": "https://api.github.com/repos/jspahrsummers/enemy-of-the-state",       "forks_url": "https://api.github.com/repos/jspahrsummers/enemy-of-the-state/forks",       "keys_url": "https://api.github.com/repos/jspahrsummers/enemy-of-the-state/keys{/key_id}",       "collaborators_url": "https://api.github.com/repos/jspahrsummers/enemy-of-the-state/collaborators{/collaborator}",       "teams_url": "https://api.github.com/repos/jspahrsummers/enemy-of-the-state/teams",       "hooks_url": "https://api.github.com/repos/jspahrsummers/enemy-of-the-state/hooks",       "issue_events_url": "https://api.github.com/repos/jspahrsummers/enemy-of-the-state/issues/events{/number}",       "events_url": "https://api.github.com/repos/jspahrsummers/enemy-of-the-state/events",       "assignees_url": "https://api.github.com/repos/jspahrsummers/enemy-of-the-state/assignees{/user}",       "branches_url": "https://api.github.com/repos/jspahrsummers/enemy-of-the-state/branches{/branch}",       "tags_url": "https://api.github.com/repos/jspahrsummers/enemy-of-the-state/tags",       "blobs_url": "https://api.github.com/repos/jspahrsummers/enemy-of-the-state/git/blobs{/sha}",       "git_tags_url": "https://api.github.com/repos/jspahrsummers/enemy-of-the-state/git/tags{/sha}",       "git_refs_url": "https://api.github.com/repos/jspahrsummers/enemy-of-the-state/git/refs{/sha}",       "trees_url": "https://api.github.com/repos/jspahrsummers/enemy-of-the-state/git/trees{/sha}",       "statuses_url": "https://api.github.com/repos/jspahrsummers/enemy-of-the-state/statuses/{sha}",       "languages_url": "https://api.github.com/repos/jspahrsummers/enemy-of-the-state/languages",       "stargazers_url": "https://api.github.com/repos/jspahrsummers/enemy-of-the-state/stargazers",       "contributors_url": "https://api.github.com/repos/jspahrsummers/enemy-of-the-state/contributors",       "subscribers_url": "https://api.github.com/repos/jspahrsummers/enemy-of-the-state/subscribers",       "subscription_url": "https://api.github.com/repos/jspahrsummers/enemy-of-the-state/subscription",       "commits_url": "https://api.github.com/repos/jspahrsummers/enemy-of-the-state/commits{/sha}",       "git_commits_url": "https://api.github.com/repos/jspahrsummers/enemy-of-the-state/git/commits{/sha}",       "comments_url": "https://api.github.com/repos/jspahrsummers/enemy-of-the-state/comments{/number}",       "issue_comment_url": "https://api.github.com/repos/jspahrsummers/enemy-of-the-state/issues/comments{/number}",       "contents_url": "https://api.github.com/repos/jspahrsummers/enemy-of-the-state/contents/{+path}",       "compare_url": "https://api.github.com/repos/jspahrsummers/enemy-of-the-state/compare/{base}...{head}",       "merges_url": "https://api.github.com/repos/jspahrsummers/enemy-of-the-state/merges",       "archive_url": "https://api.github.com/repos/jspahrsummers/enemy-of-the-state/{archive_format}{/ref}",       "downloads_url": "https://api.github.com/repos/jspahrsummers/enemy-of-the-state/downloads",       "issues_url": "https://api.github.com/repos/jspahrsummers/enemy-of-the-state/issues{/number}",       "pulls_url": "https://api.github.com/repos/jspahrsummers/enemy-of-the-state/pulls{/number}",       "milestones_url": "https://api.github.com/repos/jspahrsummers/enemy-of-the-state/milestones{/number}",       "notifications_url": "https://api.github.com/repos/jspahrsummers/enemy-of-the-state/notifications{?since,all,participating}",       "labels_url": "https://api.github.com/repos/jspahrsummers/enemy-of-the-state/labels{/name}",       "releases_url": "https://api.github.com/repos/jspahrsummers/enemy-of-the-state/releases{/id}",       "deployments_url": "https://api.github.com/repos/jspahrsummers/enemy-of-the-state/deployments",       "created_at": "2014-03-04T22:49:56Z",       "updated_at": "2018-12-26T21:07:06Z",       "pushed_at": "2017-07-26T14:26:39Z",       "git_url": "git://github.com/jspahrsummers/enemy-of-the-state.git",       "ssh_url": "git@github.com:jspahrsummers/enemy-of-the-state.git",       "clone_url": "https://github.com/jspahrsummers/enemy-of-the-state.git",       "svn_url": "https://github.com/jspahrsummers/enemy-of-the-state",       "homepage": "",       "size": 46901,       "stargazers_count": 208,       "watchers_count": 208,       "language": "Swift",       "has_issues": true,       "has_projects": true,       "has_downloads": true,       "has_wiki": false,       "has_pages": false,       "forks_count": 16,       "mirror_url": null,       "archived": false,       "open_issues_count": 1,       "license": {         "key": "other",         "name": "Other",         "spdx_id": "NOASSERTION",         "url": null,         "node_id": "MDc6TGljZW5zZTA="       },       "forks": 16,       "open_issues": 1,       "watchers": 208,       "default_branch": "master",       "score": 42.188755     },     {       "id": 93794235,       "node_id": "MDEwOlJlcG9zaXRvcnk5Mzc5NDIzNQ==",       "name": "drop_watch",       "full_name": "pavel-odintsov/drop_watch",       "private": false,       "owner": {         "login": "pavel-odintsov",         "id": 2744166,         "node_id": "MDQ6VXNlcjI3NDQxNjY=",         "avatar_url": "https://avatars0.githubusercontent.com/u/2744166?v=4",         "gravatar_id": "",         "url": "https://api.github.com/users/pavel-odintsov",         "html_url": "https://github.com/pavel-odintsov",         "followers_url": "https://api.github.com/users/pavel-odintsov/followers",         "following_url": "https://api.github.com/users/pavel-odintsov/following{/other_user}",         "gists_url": "https://api.github.com/users/pavel-odintsov/gists{/gist_id}",         "starred_url": "https://api.github.com/users/pavel-odintsov/starred{/owner}{/repo}",         "subscriptions_url": "https://api.github.com/users/pavel-odintsov/subscriptions",         "organizations_url": "https://api.github.com/users/pavel-odintsov/orgs",         "repos_url": "https://api.github.com/users/pavel-odintsov/repos",         "events_url": "https://api.github.com/users/pavel-odintsov/events{/privacy}",         "received_events_url": "https://api.github.com/users/pavel-odintsov/received_events",         "type": "User",         "site_admin": false       },       "html_url": "https://github.com/pavel-odintsov/drop_watch",       "description": "Monitor reasons why and where linux drops UDP packets",       "fork": false,       "url": "https://api.github.com/repos/pavel-odintsov/drop_watch",       "forks_url": "https://api.github.com/repos/pavel-odintsov/drop_watch/forks",       "keys_url": "https://api.github.com/repos/pavel-odintsov/drop_watch/keys{/key_id}",       "collaborators_url": "https://api.github.com/repos/pavel-odintsov/drop_watch/collaborators{/collaborator}",       "teams_url": "https://api.github.com/repos/pavel-odintsov/drop_watch/teams",       "hooks_url": "https://api.github.com/repos/pavel-odintsov/drop_watch/hooks",       "issue_events_url": "https://api.github.com/repos/pavel-odintsov/drop_watch/issues/events{/number}",       "events_url": "https://api.github.com/repos/pavel-odintsov/drop_watch/events",       "assignees_url": "https://api.github.com/repos/pavel-odintsov/drop_watch/assignees{/user}",       "branches_url": "https://api.github.com/repos/pavel-odintsov/drop_watch/branches{/branch}",       "tags_url": "https://api.github.com/repos/pavel-odintsov/drop_watch/tags",       "blobs_url": "https://api.github.com/repos/pavel-odintsov/drop_watch/git/blobs{/sha}",       "git_tags_url": "https://api.github.com/repos/pavel-odintsov/drop_watch/git/tags{/sha}",       "git_refs_url": "https://api.github.com/repos/pavel-odintsov/drop_watch/git/refs{/sha}",       "trees_url": "https://api.github.com/repos/pavel-odintsov/drop_watch/git/trees{/sha}",       "statuses_url": "https://api.github.com/repos/pavel-odintsov/drop_watch/statuses/{sha}",       "languages_url": "https://api.github.com/repos/pavel-odintsov/drop_watch/languages",       "stargazers_url": "https://api.github.com/repos/pavel-odintsov/drop_watch/stargazers",       "contributors_url": "https://api.github.com/repos/pavel-odintsov/drop_watch/contributors",       "subscribers_url": "https://api.github.com/repos/pavel-odintsov/drop_watch/subscribers",       "subscription_url": "https://api.github.com/repos/pavel-odintsov/drop_watch/subscription",       "commits_url": "https://api.github.com/repos/pavel-odintsov/drop_watch/commits{/sha}",       "git_commits_url": "https://api.github.com/repos/pavel-odintsov/drop_watch/git/commits{/sha}",       "comments_url": "https://api.github.com/repos/pavel-odintsov/drop_watch/comments{/number}",       "issue_comment_url": "https://api.github.com/repos/pavel-odintsov/drop_watch/issues/comments{/number}",       "contents_url": "https://api.github.com/repos/pavel-odintsov/drop_watch/contents/{+path}",       "compare_url": "https://api.github.com/repos/pavel-odintsov/drop_watch/compare/{base}...{head}",       "merges_url": "https://api.github.com/repos/pavel-odintsov/drop_watch/merges",       "archive_url": "https://api.github.com/repos/pavel-odintsov/drop_watch/{archive_format}{/ref}",       "downloads_url": "https://api.github.com/repos/pavel-odintsov/drop_watch/downloads",       "issues_url": "https://api.github.com/repos/pavel-odintsov/drop_watch/issues{/number}",       "pulls_url": "https://api.github.com/repos/pavel-odintsov/drop_watch/pulls{/number}",       "milestones_url": "https://api.github.com/repos/pavel-odintsov/drop_watch/milestones{/number}",       "notifications_url": "https://api.github.com/repos/pavel-odintsov/drop_watch/notifications{?since,all,participating}",       "labels_url": "https://api.github.com/repos/pavel-odintsov/drop_watch/labels{/name}",       "releases_url": "https://api.github.com/repos/pavel-odintsov/drop_watch/releases{/id}",       "deployments_url": "https://api.github.com/repos/pavel-odintsov/drop_watch/deployments",       "created_at": "2017-06-08T21:43:00Z",       "updated_at": "2019-01-28T14:39:16Z",       "pushed_at": "2017-10-12T20:13:24Z",       "git_url": "git://github.com/pavel-odintsov/drop_watch.git",       "ssh_url": "git@github.com:pavel-odintsov/drop_watch.git",       "clone_url": "https://github.com/pavel-odintsov/drop_watch.git",       "svn_url": "https://github.com/pavel-odintsov/drop_watch",       "homepage": "",       "size": 153,       "stargazers_count": 183,       "watchers_count": 183,       "language": "C",       "has_issues": true,       "has_projects": true,       "has_downloads": true,       "has_wiki": true,       "has_pages": false,       "forks_count": 20,       "mirror_url": null,       "archived": false,       "open_issues_count": 0,       "license": {         "key": "gpl-2.0",         "name": "GNU General Public License v2.0",         "spdx_id": "GPL-2.0",         "url": "https://api.github.com/licenses/gpl-2.0",         "node_id": "MDc6TGljZW5zZTg="       },       "forks": 20,       "open_issues": 0,       "watchers": 183,       "default_branch": "master",       "score": 53.155155     }   ] }  [] []
[2019-01-29 14:56:33] name.WARNING: Something is [] []
[2019-01-29 14:56:33] name.WARNING: {   "total_count": 12470,   "incomplete_results": false,   "items": [     {       "id": 58605580,       "node_id": "MDEwOlJlcG9zaXRvcnk1ODYwNTU4MA==",       "name": "why-did-you-update",       "full_name": "garbles/why-did-you-update",       "private": false,       "owner": {         "login": "garbles",         "id": 1139884,         "node_id": "MDQ6VXNlcjExMzk4ODQ=",         "avatar_url": "https://avatars1.githubusercontent.com/u/1139884?v=4",         "gravatar_id": "",         "url": "https://api.github.com/users/garbles",         "html_url": "https://github.com/garbles",         "followers_url": "https://api.github.com/users/garbles/followers",         "following_url": "https://api.github.com/users/garbles/following{/other_user}",         "gists_url": "https://api.github.com/users/garbles/gists{/gist_id}",         "starred_url": "https://api.github.com/users/garbles/starred{/owner}{/repo}",         "subscriptions_url": "https://api.github.com/users/garbles/subscriptions",         "organizations_url": "https://api.github.com/users/garbles/orgs",         "repos_url": "https://api.github.com/users/garbles/repos",         "events_url": "https://api.github.com/users/garbles/events{/privacy}",         "received_events_url": "https://api.github.com/users/garbles/received_events",         "type": "User",         "site_admin": false       },       "html_url": "https://github.com/garbles/why-did-you-update",       "description": ":boom: Puts your console on blast when React is making unnecessary updates.",       "fork": false,       "url": "https://api.github.com/repos/garbles/why-did-you-update",       "forks_url": "https://api.github.com/repos/garbles/why-did-you-update/forks",       "keys_url": "https://api.github.com/repos/garbles/why-did-you-update/keys{/key_id}",       "collaborators_url": "https://api.github.com/repos/garbles/why-did-you-update/collaborators{/collaborator}",       "teams_url": "https://api.github.com/repos/garbles/why-did-you-update/teams",       "hooks_url": "https://api.github.com/repos/garbles/why-did-you-update/hooks",       "issue_events_url": "https://api.github.com/repos/garbles/why-did-you-update/issues/events{/number}",       "events_url": "https://api.github.com/repos/garbles/why-did-you-update/events",       "assignees_url": "https://api.github.com/repos/garbles/why-did-you-update/assignees{/user}",       "branches_url": "https://api.github.com/repos/garbles/why-did-you-update/branches{/branch}",       "tags_url": "https://api.github.com/repos/garbles/why-did-you-update/tags",       "blobs_url": "https://api.github.com/repos/garbles/why-did-you-update/git/blobs{/sha}",       "git_tags_url": "https://api.github.com/repos/garbles/why-did-you-update/git/tags{/sha}",       "git_refs_url": "https://api.github.com/repos/garbles/why-did-you-update/git/refs{/sha}",       "trees_url": "https://api.github.com/repos/garbles/why-did-you-update/git/trees{/sha}",       "statuses_url": "https://api.github.com/repos/garbles/why-did-you-update/statuses/{sha}",       "languages_url": "https://api.github.com/repos/garbles/why-did-you-update/languages",       "stargazers_url": "https://api.github.com/repos/garbles/why-did-you-update/stargazers",       "contributors_url": "https://api.github.com/repos/garbles/why-did-you-update/contributors",       "subscribers_url": "https://api.github.com/repos/garbles/why-did-you-update/subscribers",       "subscription_url": "https://api.github.com/repos/garbles/why-did-you-update/subscription",       "commits_url": "https://api.github.com/repos/garbles/why-did-you-update/commits{/sha}",       "git_commits_url": "https://api.github.com/repos/garbles/why-did-you-update/git/commits{/sha}",       "comments_url": "https://api.github.com/repos/garbles/why-did-you-update/comments{/number}",       "issue_comment_url": "https://api.github.com/repos/garbles/why-did-you-update/issues/comments{/number}",       "contents_url": "https://api.github.com/repos/garbles/why-did-you-update/contents/{+path}",       "compare_url": "https://api.github.com/repos/garbles/why-did-you-update/compare/{base}...{head}",       "merges_url": "https://api.github.com/repos/garbles/why-did-you-update/merges",       "archive_url": "https://api.github.com/repos/garbles/why-did-you-update/{archive_format}{/ref}",       "downloads_url": "https://api.github.com/repos/garbles/why-did-you-update/downloads",       "issues_url": "https://api.github.com/repos/garbles/why-did-you-update/issues{/number}",       "pulls_url": "https://api.github.com/repos/garbles/why-did-you-update/pulls{/number}",       "milestones_url": "https://api.github.com/repos/garbles/why-did-you-update/milestones{/number}",       "notifications_url": "https://api.github.com/repos/garbles/why-did-you-update/notifications{?since,all,participating}",       "labels_url": "https://api.github.com/repos/garbles/why-did-you-update/labels{/name}",       "releases_url": "https://api.github.com/repos/garbles/why-did-you-update/releases{/id}",       "deployments_url": "https://api.github.com/repos/garbles/why-did-you-update/deployments",       "created_at": "2016-05-12T03:49:06Z",       "updated_at": "2019-01-28T21:53:29Z",       "pushed_at": "2017-09-23T05:54:19Z",       "git_url": "git://github.com/garbles/why-did-you-update.git",       "ssh_url": "git@github.com:garbles/why-did-you-update.git",       "clone_url": "https://github.com/garbles/why-did-you-update.git",       "svn_url": "https://github.com/garbles/why-did-you-update",       "homepage": null,       "size": 29,       "stargazers_count": 5177,       "watchers_count": 5177,       "language": "JavaScript",       "has_issues": true,       "has_projects": true,       "has_downloads": true,       "has_wiki": true,       "has_pages": false,       "forks_count": 112,       "mirror_url": null,       "archived": true,       "open_issues_count": 28,       "license": null,       "forks": 112,       "open_issues": 28,       "watchers": 5177,       "default_branch": "master",       "score": 102.169464     },     {       "id": 97779740,       "node_id": "MDEwOlJlcG9zaXRvcnk5Nzc3OTc0MA==",       "name": "why-did-you-update",       "full_name": "maicki/why-did-you-update",       "private": false,       "owner": {         "login": "maicki",         "id": 25288,         "node_id": "MDQ6VXNlcjI1Mjg4",         "avatar_url": "https://avatars1.githubusercontent.com/u/25288?v=4",         "gravatar_id": "",         "url": "https://api.github.com/users/maicki",         "html_url": "https://github.com/maicki",         "followers_url": "https://api.github.com/users/maicki/followers",         "following_url": "https://api.github.com/users/maicki/following{/other_user}",         "gists_url": "https://api.github.com/users/maicki/gists{/gist_id}",         "starred_url": "https://api.github.com/users/maicki/starred{/owner}{/repo}",         "subscriptions_url": "https://api.github.com/users/maicki/subscriptions",         "organizations_url": "https://api.github.com/users/maicki/orgs",         "repos_url": "https://api.github.com/users/maicki/repos",         "events_url": "https://api.github.com/users/maicki/events{/privacy}",         "received_events_url": "https://api.github.com/users/maicki/received_events",         "type": "User",         "site_admin": false       },       "html_url": "https://github.com/maicki/why-did-you-update",       "description": ":boom: Puts your console on blast when React is making unnecessary updates.",       "fork": false,       "url": "https://api.github.com/repos/maicki/why-did-you-update",       "forks_url": "https://api.github.com/repos/maicki/why-did-you-update/forks",       "keys_url": "https://api.github.com/repos/maicki/why-did-you-update/keys{/key_id}",       "collaborators_url": "https://api.github.com/repos/maicki/why-did-you-update/collaborators{/collaborator}",       "teams_url": "https://api.github.com/repos/maicki/why-did-you-update/teams",       "hooks_url": "https://api.github.com/repos/maicki/why-did-you-update/hooks",       "issue_events_url": "https://api.github.com/repos/maicki/why-did-you-update/issues/events{/number}",       "events_url": "https://api.github.com/repos/maicki/why-did-you-update/events",       "assignees_url": "https://api.github.com/repos/maicki/why-did-you-update/assignees{/user}",       "branches_url": "https://api.github.com/repos/maicki/why-did-you-update/branches{/branch}",       "tags_url": "https://api.github.com/repos/maicki/why-did-you-update/tags",       "blobs_url": "https://api.github.com/repos/maicki/why-did-you-update/git/blobs{/sha}",       "git_tags_url": "https://api.github.com/repos/maicki/why-did-you-update/git/tags{/sha}",       "git_refs_url": "https://api.github.com/repos/maicki/why-did-you-update/git/refs{/sha}",       "trees_url": "https://api.github.com/repos/maicki/why-did-you-update/git/trees{/sha}",       "statuses_url": "https://api.github.com/repos/maicki/why-did-you-update/statuses/{sha}",       "languages_url": "https://api.github.com/repos/maicki/why-did-you-update/languages",       "stargazers_url": "https://api.github.com/repos/maicki/why-did-you-update/stargazers",       "contributors_url": "https://api.github.com/repos/maicki/why-did-you-update/contributors",       "subscribers_url": "https://api.github.com/repos/maicki/why-did-you-update/subscribers",       "subscription_url": "https://api.github.com/repos/maicki/why-did-you-update/subscription",       "commits_url": "https://api.github.com/repos/maicki/why-did-you-update/commits{/sha}",       "git_commits_url": "https://api.github.com/repos/maicki/why-did-you-update/git/commits{/sha}",       "comments_url": "https://api.github.com/repos/maicki/why-did-you-update/comments{/number}",       "issue_comment_url": "https://api.github.com/repos/maicki/why-did-you-update/issues/comments{/number}",       "contents_url": "https://api.github.com/repos/maicki/why-did-you-update/contents/{+path}",       "compare_url": "https://api.github.com/repos/maicki/why-did-you-update/compare/{base}...{head}",       "merges_url": "https://api.github.com/repos/maicki/why-did-you-update/merges",       "archive_url": "https://api.github.com/repos/maicki/why-did-you-update/{archive_format}{/ref}",       "downloads_url": "https://api.github.com/repos/maicki/why-did-you-update/downloads",       "issues_url": "https://api.github.com/repos/maicki/why-did-you-update/issues{/number}",       "pulls_url": "https://api.github.com/repos/maicki/why-did-you-update/pulls{/number}",       "milestones_url": "https://api.github.com/repos/maicki/why-did-you-update/milestones{/number}",       "notifications_url": "https://api.github.com/repos/maicki/why-did-you-update/notifications{?since,all,participating}",       "labels_url": "https://api.github.com/repos/maicki/why-did-you-update/labels{/name}",       "releases_url": "https://api.github.com/repos/maicki/why-did-you-update/releases{/id}",       "deployments_url": "https://api.github.com/repos/maicki/why-did-you-update/deployments",       "created_at": "2017-07-20T02:06:12Z",       "updated_at": "2019-01-29T05:37:27Z",       "pushed_at": "2018-12-13T16:41:38Z",       "git_url": "git://github.com/maicki/why-did-you-update.git",       "ssh_url": "git@github.com:maicki/why-did-you-update.git",       "clone_url": "https://github.com/maicki/why-did-you-update.git",       "svn_url": "https://github.com/maicki/why-did-you-update",       "homepage": null,       "size": 1349,       "stargazers_count": 3040,       "watchers_count": 3040,       "language": "JavaScript",       "has_issues": true,       "has_projects": true,       "has_downloads": true,       "has_wiki": true,       "has_pages": false,       "forks_count": 89,       "mirror_url": null,       "archived": false,       "open_issues_count": 4,       "license": {         "key": "mit",         "name": "MIT License",         "spdx_id": "MIT",         "url": "https://api.github.com/licenses/mit",         "node_id": "MDc6TGljZW5zZTEz"       },       "forks": 89,       "open_issues": 4,       "watchers": 3040,       "default_branch": "master",       "score": 97.45402     },     {       "id": 47007090,       "node_id": "MDEwOlJlcG9zaXRvcnk0NzAwNzA5MA==",       "name": "react-native-nba-app",       "full_name": "wwayne/react-native-nba-app",       "private": false,       "owner": {         "login": "wwayne",         "id": 5305874,         "node_id": "MDQ6VXNlcjUzMDU4NzQ=",         "avatar_url": "https://avatars1.githubusercontent.com/u/5305874?v=4",         "gravatar_id": "",         "url": "https://api.github.com/users/wwayne",         "html_url": "https://github.com/wwayne",         "followers_url": "https://api.github.com/users/wwayne/followers",         "following_url": "https://api.github.com/users/wwayne/following{/other_user}",         "gists_url": "https://api.github.com/users/wwayne/gists{/gist_id}",         "starred_url": "https://api.github.com/users/wwayne/starred{/owner}{/repo}",         "subscriptions_url": "https://api.github.com/users/wwayne/subscriptions",         "organizations_url": "https://api.github.com/users/wwayne/orgs",         "repos_url": "https://api.github.com/users/wwayne/repos",         "events_url": "https://api.github.com/users/wwayne/events{/privacy}",         "received_events_url": "https://api.github.com/users/wwayne/received_events",         "type": "User",         "site_admin": false       },       "html_url": "https://github.com/wwayne/react-native-nba-app",       "description": "This is why we play",       "fork": false,       "url": "https://api.github.com/repos/wwayne/react-native-nba-app",       "forks_url": "https://api.github.com/repos/wwayne/react-native-nba-app/forks",       "keys_url": "https://api.github.com/repos/wwayne/react-native-nba-app/keys{/key_id}",       "collaborators_url": "https://api.github.com/repos/wwayne/react-native-nba-app/collaborators{/collaborator}",       "teams_url": "https://api.github.com/repos/wwayne/react-native-nba-app/teams",       "hooks_url": "https://api.github.com/repos/wwayne/react-native-nba-app/hooks",       "issue_events_url": "https://api.github.com/repos/wwayne/react-native-nba-app/issues/events{/number}",       "events_url": "https://api.github.com/repos/wwayne/react-native-nba-app/events",       "assignees_url": "https://api.github.com/repos/wwayne/react-native-nba-app/assignees{/user}",       "branches_url": "https://api.github.com/repos/wwayne/react-native-nba-app/branches{/branch}",       "tags_url": "https://api.github.com/repos/wwayne/react-native-nba-app/tags",       "blobs_url": "https://api.github.com/repos/wwayne/react-native-nba-app/git/blobs{/sha}",       "git_tags_url": "https://api.github.com/repos/wwayne/react-native-nba-app/git/tags{/sha}",       "git_refs_url": "https://api.github.com/repos/wwayne/react-native-nba-app/git/refs{/sha}",       "trees_url": "https://api.github.com/repos/wwayne/react-native-nba-app/git/trees{/sha}",       "statuses_url": "https://api.github.com/repos/wwayne/react-native-nba-app/statuses/{sha}",       "languages_url": "https://api.github.com/repos/wwayne/react-native-nba-app/languages",       "stargazers_url": "https://api.github.com/repos/wwayne/react-native-nba-app/stargazers",       "contributors_url": "https://api.github.com/repos/wwayne/react-native-nba-app/contributors",       "subscribers_url": "https://api.github.com/repos/wwayne/react-native-nba-app/subscribers",       "subscription_url": "https://api.github.com/repos/wwayne/react-native-nba-app/subscription",       "commits_url": "https://api.github.com/repos/wwayne/react-native-nba-app/commits{/sha}",       "git_commits_url": "https://api.github.com/repos/wwayne/react-native-nba-app/git/commits{/sha}",       "comments_url": "https://api.github.com/repos/wwayne/react-native-nba-app/comments{/number}",       "issue_comment_url": "https://api.github.com/repos/wwayne/react-native-nba-app/issues/comments{/number}",       "contents_url": "https://api.github.com/repos/wwayne/react-native-nba-app/contents/{+path}",       "compare_url": "https://api.github.com/repos/wwayne/react-native-nba-app/compare/{base}...{head}",       "merges_url": "https://api.github.com/repos/wwayne/react-native-nba-app/merges",       "archive_url": "https://api.github.com/repos/wwayne/react-native-nba-app/{archive_format}{/ref}",       "downloads_url": "https://api.github.com/repos/wwayne/react-native-nba-app/downloads",       "issues_url": "https://api.github.com/repos/wwayne/react-native-nba-app/issues{/number}",       "pulls_url": "https://api.github.com/repos/wwayne/react-native-nba-app/pulls{/number}",       "milestones_url": "https://api.github.com/repos/wwayne/react-native-nba-app/milestones{/number}",       "notifications_url": "https://api.github.com/repos/wwayne/react-native-nba-app/notifications{?since,all,participating}",       "labels_url": "https://api.github.com/repos/wwayne/react-native-nba-app/labels{/name}",       "releases_url": "https://api.github.com/repos/wwayne/react-native-nba-app/releases{/id}",       "deployments_url": "https://api.github.com/repos/wwayne/react-native-nba-app/deployments",       "created_at": "2015-11-28T02:30:45Z",       "updated_at": "2019-01-29T06:24:22Z",       "pushed_at": "2017-02-07T17:42:38Z",       "git_url": "git://github.com/wwayne/react-native-nba-app.git",       "ssh_url": "git@github.com:wwayne/react-native-nba-app.git",       "clone_url": "https://github.com/wwayne/react-native-nba-app.git",       "svn_url": "https://github.com/wwayne/react-native-nba-app",       "homepage": "",       "size": 2796,       "stargazers_count": 2073,       "watchers_count": 2073,       "language": "Objective-C",       "has_issues": true,       "has_projects": true,       "has_downloads": true,       "has_wiki": true,       "has_pages": false,       "forks_count": 480,       "mirror_url": null,       "archived": false,       "open_issues_count": 8,       "license": {         "key": "mit",         "name": "MIT License",         "spdx_id": "MIT",         "url": "https://api.github.com/licenses/mit",         "node_id": "MDc6TGljZW5zZTEz"       },       "forks": 480,       "open_issues": 8,       "watchers": 2073,       "default_branch": "master",       "score": 110.83522     },     {       "id": 17720394,       "node_id": "MDEwOlJlcG9zaXRvcnkxNzcyMDM5NA==",       "name": "pyinstrument",       "full_name": "joerick/pyinstrument",       "private": false,       "owner": {         "login": "joerick",         "id": 1244307,         "node_id": "MDQ6VXNlcjEyNDQzMDc=",         "avatar_url": "https://avatars1.githubusercontent.com/u/1244307?v=4",         "gravatar_id": "",         "url": "https://api.github.com/users/joerick",         "html_url": "https://github.com/joerick",         "followers_url": "https://api.github.com/users/joerick/followers",         "following_url": "https://api.github.com/users/joerick/following{/other_user}",         "gists_url": "https://api.github.com/users/joerick/gists{/gist_id}",         "starred_url": "https://api.github.com/users/joerick/starred{/owner}{/repo}",         "subscriptions_url": "https://api.github.com/users/joerick/subscriptions",         "organizations_url": "https://api.github.com/users/joerick/orgs",         "repos_url": "https://api.github.com/users/joerick/repos",         "events_url": "https://api.github.com/users/joerick/events{/privacy}",         "received_events_url": "https://api.github.com/users/joerick/received_events",         "type": "User",         "site_admin": false       },       "html_url": "https://github.com/joerick/pyinstrument",       "description": "🚴 Call stack profiler for Python. Shows you why your code is slow!",       "fork": false,       "url": "https://api.github.com/repos/joerick/pyinstrument",       "forks_url": "https://api.github.com/repos/joerick/pyinstrument/forks",       "keys_url": "https://api.github.com/repos/joerick/pyinstrument/keys{/key_id}",       "collaborators_url": "https://api.github.com/repos/joerick/pyinstrument/collaborators{/collaborator}",       "teams_url": "https://api.github.com/repos/joerick/pyinstrument/teams",       "hooks_url": "https://api.github.com/repos/joerick/pyinstrument/hooks",       "issue_events_url": "https://api.github.com/repos/joerick/pyinstrument/issues/events{/number}",       "events_url": "https://api.github.com/repos/joerick/pyinstrument/events",       "assignees_url": "https://api.github.com/repos/joerick/pyinstrument/assignees{/user}",       "branches_url": "https://api.github.com/repos/joerick/pyinstrument/branches{/branch}",       "tags_url": "https://api.github.com/repos/joerick/pyinstrument/tags",       "blobs_url": "https://api.github.com/repos/joerick/pyinstrument/git/blobs{/sha}",       "git_tags_url": "https://api.github.com/repos/joerick/pyinstrument/git/tags{/sha}",       "git_refs_url": "https://api.github.com/repos/joerick/pyinstrument/git/refs{/sha}",       "trees_url": "https://api.github.com/repos/joerick/pyinstrument/git/trees{/sha}",       "statuses_url": "https://api.github.com/repos/joerick/pyinstrument/statuses/{sha}",       "languages_url": "https://api.github.com/repos/joerick/pyinstrument/languages",       "stargazers_url": "https://api.github.com/repos/joerick/pyinstrument/stargazers",       "contributors_url": "https://api.github.com/repos/joerick/pyinstrument/contributors",       "subscribers_url": "https://api.github.com/repos/joerick/pyinstrument/subscribers",       "subscription_url": "https://api.github.com/repos/joerick/pyinstrument/subscription",       "commits_url": "https://api.github.com/repos/joerick/pyinstrument/commits{/sha}",       "git_commits_url": "https://api.github.com/repos/joerick/pyinstrument/git/commits{/sha}",       "comments_url": "https://api.github.com/repos/joerick/pyinstrument/comments{/number}",       "issue_comment_url": "https://api.github.com/repos/joerick/pyinstrument/issues/comments{/number}",       "contents_url": "https://api.github.com/repos/joerick/pyinstrument/contents/{+path}",       "compare_url": "https://api.github.com/repos/joerick/pyinstrument/compare/{base}...{head}",       "merges_url": "https://api.github.com/repos/joerick/pyinstrument/merges",       "archive_url": "https://api.github.com/repos/joerick/pyinstrument/{archive_format}{/ref}",       "downloads_url": "https://api.github.com/repos/joerick/pyinstrument/downloads",       "issues_url": "https://api.github.com/repos/joerick/pyinstrument/issues{/number}",       "pulls_url": "https://api.github.com/repos/joerick/pyinstrument/pulls{/number}",       "milestones_url": "https://api.github.com/repos/joerick/pyinstrument/milestones{/number}",       "notifications_url": "https://api.github.com/repos/joerick/pyinstrument/notifications{?since,all,participating}",       "labels_url": "https://api.github.com/repos/joerick/pyinstrument/labels{/name}",       "releases_url": "https://api.github.com/repos/joerick/pyinstrument/releases{/id}",       "deployments_url": "https://api.github.com/repos/joerick/pyinstrument/deployments",       "created_at": "2014-03-13T17:53:13Z",       "updated_at": "2019-01-27T14:58:45Z",       "pushed_at": "2019-01-15T13:57:27Z",       "git_url": "git://github.com/joerick/pyinstrument.git",       "ssh_url": "git@github.com:joerick/pyinstrument.git",       "clone_url": "https://github.com/joerick/pyinstrument.git",       "svn_url": "https://github.com/joerick/pyinstrument",       "homepage": "",       "size": 1949,       "stargazers_count": 1081,       "watchers_count": 1081,       "language": "Python",       "has_issues": true,       "has_projects": true,       "has_downloads": true,       "has_wiki": true,       "has_pages": false,       "forks_count": 66,       "mirror_url": null,       "archived": false,       "open_issues_count": 5,       "license": {         "key": "bsd-3-clause",         "name": "BSD 3-Clause \"New\" or \"Revised\" License",         "spdx_id": "BSD-3-Clause",         "url": "https://api.github.com/licenses/bsd-3-clause",         "node_id": "MDc6TGljZW5zZTU="       },       "forks": 66,       "open_issues": 5,       "watchers": 1081,       "default_branch": "master",       "score": 57.18025     },     {       "id": 51375640,       "node_id": "MDEwOlJlcG9zaXRvcnk1MTM3NTY0MA==",       "name": "why-is-node-running",       "full_name": "mafintosh/why-is-node-running",       "private": false,       "owner": {         "login": "mafintosh",         "id": 376661,         "node_id": "MDQ6VXNlcjM3NjY2MQ==",         "avatar_url": "https://avatars1.githubusercontent.com/u/376661?v=4",         "gravatar_id": "",         "url": "https://api.github.com/users/mafintosh",         "html_url": "https://github.com/mafintosh",         "followers_url": "https://api.github.com/users/mafintosh/followers",         "following_url": "https://api.github.com/users/mafintosh/following{/other_user}",         "gists_url": "https://api.github.com/users/mafintosh/gists{/gist_id}",         "starred_url": "https://api.github.com/users/mafintosh/starred{/owner}{/repo}",         "subscriptions_url": "https://api.github.com/users/mafintosh/subscriptions",         "organizations_url": "https://api.github.com/users/mafintosh/orgs",         "repos_url": "https://api.github.com/users/mafintosh/repos",         "events_url": "https://api.github.com/users/mafintosh/events{/privacy}",         "received_events_url": "https://api.github.com/users/mafintosh/received_events",         "type": "User",         "site_admin": false       },       "html_url": "https://github.com/mafintosh/why-is-node-running",       "description": "Node is running but you don't know why? why-is-node-running is here to help you.",       "fork": false,       "url": "https://api.github.com/repos/mafintosh/why-is-node-running",       "forks_url": "https://api.github.com/repos/mafintosh/why-is-node-running/forks",       "keys_url": "https://api.github.com/repos/mafintosh/why-is-node-running/keys{/key_id}",       "collaborators_url": "https://api.github.com/repos/mafintosh/why-is-node-running/collaborators{/collaborator}",       "teams_url": "https://api.github.com/repos/mafintosh/why-is-node-running/teams",       "hooks_url": "https://api.github.com/repos/mafintosh/why-is-node-running/hooks",       "issue_events_url": "https://api.github.com/repos/mafintosh/why-is-node-running/issues/events{/number}",       "events_url": "https://api.github.com/repos/mafintosh/why-is-node-running/events",       "assignees_url": "https://api.github.com/repos/mafintosh/why-is-node-running/assignees{/user}",       "branches_url": "https://api.github.com/repos/mafintosh/why-is-node-running/branches{/branch}",       "tags_url": "https://api.github.com/repos/mafintosh/why-is-node-running/tags",       "blobs_url": "https://api.github.com/repos/mafintosh/why-is-node-running/git/blobs{/sha}",       "git_tags_url": "https://api.github.com/repos/mafintosh/why-is-node-running/git/tags{/sha}",       "git_refs_url": "https://api.github.com/repos/mafintosh/why-is-node-running/git/refs{/sha}",       "trees_url": "https://api.github.com/repos/mafintosh/why-is-node-running/git/trees{/sha}",       "statuses_url": "https://api.github.com/repos/mafintosh/why-is-node-running/statuses/{sha}",       "languages_url": "https://api.github.com/repos/mafintosh/why-is-node-running/languages",       "stargazers_url": "https://api.github.com/repos/mafintosh/why-is-node-running/stargazers",       "contributors_url": "https://api.github.com/repos/mafintosh/why-is-node-running/contributors",       "subscribers_url": "https://api.github.com/repos/mafintosh/why-is-node-running/subscribers",       "subscription_url": "https://api.github.com/repos/mafintosh/why-is-node-running/subscription",       "commits_url": "https://api.github.com/repos/mafintosh/why-is-node-running/commits{/sha}",       "git_commits_url": "https://api.github.com/repos/mafintosh/why-is-node-running/git/commits{/sha}",       "comments_url": "https://api.github.com/repos/mafintosh/why-is-node-running/comments{/number}",       "issue_comment_url": "https://api.github.com/repos/mafintosh/why-is-node-running/issues/comments{/number}",       "contents_url": "https://api.github.com/repos/mafintosh/why-is-node-running/contents/{+path}",       "compare_url": "https://api.github.com/repos/mafintosh/why-is-node-running/compare/{base}...{head}",       "merges_url": "https://api.github.com/repos/mafintosh/why-is-node-running/merges",       "archive_url": "https://api.github.com/repos/mafintosh/why-is-node-running/{archive_format}{/ref}",       "downloads_url": "https://api.github.com/repos/mafintosh/why-is-node-running/downloads",       "issues_url": "https://api.github.com/repos/mafintosh/why-is-node-running/issues{/number}",       "pulls_url": "https://api.github.com/repos/mafintosh/why-is-node-running/pulls{/number}",       "milestones_url": "https://api.github.com/repos/mafintosh/why-is-node-running/milestones{/number}",       "notifications_url": "https://api.github.com/repos/mafintosh/why-is-node-running/notifications{?since,all,participating}",       "labels_url": "https://api.github.com/repos/mafintosh/why-is-node-running/labels{/name}",       "releases_url": "https://api.github.com/repos/mafintosh/why-is-node-running/releases{/id}",       "deployments_url": "https://api.github.com/repos/mafintosh/why-is-node-running/deployments",       "created_at": "2016-02-09T15:29:28Z",       "updated_at": "2019-01-27T07:40:29Z",       "pushed_at": "2018-10-26T08:54:53Z",       "git_url": "git://github.com/mafintosh/why-is-node-running.git",       "ssh_url": "git@github.com:mafintosh/why-is-node-running.git",       "clone_url": "https://github.com/mafintosh/why-is-node-running.git",       "svn_url": "https://github.com/mafintosh/why-is-node-running",       "homepage": null,       "size": 18,       "stargazers_count": 873,       "watchers_count": 873,       "language": "JavaScript",       "has_issues": true,       "has_projects": true,       "has_downloads": true,       "has_wiki": true,       "has_pages": false,       "forks_count": 32,       "mirror_url": null,       "archived": false,       "open_issues_count": 12,       "license": {         "key": "mit",         "name": "MIT License",         "spdx_id": "MIT",         "url": "https://api.github.com/licenses/mit",         "node_id": "MDc6TGljZW5zZTEz"       },       "forks": 32,       "open_issues": 12,       "watchers": 873,       "default_branch": "master",       "score": 80.301544     },     {       "id": 103874950,       "node_id": "MDEwOlJlcG9zaXRvcnkxMDM4NzQ5NTA=",       "name": "bashful",       "full_name": "wagoodman/bashful",       "private": false,       "owner": {         "login": "wagoodman",         "id": 590471,         "node_id": "MDQ6VXNlcjU5MDQ3MQ==",         "avatar_url": "https://avatars3.githubusercontent.com/u/590471?v=4",         "gravatar_id": "",         "url": "https://api.github.com/users/wagoodman",         "html_url": "https://github.com/wagoodman",         "followers_url": "https://api.github.com/users/wagoodman/followers",         "following_url": "https://api.github.com/users/wagoodman/following{/other_user}",         "gists_url": "https://api.github.com/users/wagoodman/gists{/gist_id}",         "starred_url": "https://api.github.com/users/wagoodman/starred{/owner}{/repo}",         "subscriptions_url": "https://api.github.com/users/wagoodman/subscriptions",         "organizations_url": "https://api.github.com/users/wagoodman/orgs",         "repos_url": "https://api.github.com/users/wagoodman/repos",         "events_url": "https://api.github.com/users/wagoodman/events{/privacy}",         "received_events_url": "https://api.github.com/users/wagoodman/received_events",         "type": "User",         "site_admin": false       },       "html_url": "https://github.com/wagoodman/bashful",       "description": "Use a yaml file to stitch together commands and bash snippits and run them with a bit of style.  Why? Because your bash script should be quiet and shy-like (...and not such a loud mouth). ",       "fork": false,       "url": "https://api.github.com/repos/wagoodman/bashful",       "forks_url": "https://api.github.com/repos/wagoodman/bashful/forks",       "keys_url": "https://api.github.com/repos/wagoodman/bashful/keys{/key_id}",       "collaborators_url": "https://api.github.com/repos/wagoodman/bashful/collaborators{/collaborator}",       "teams_url": "https://api.github.com/repos/wagoodman/bashful/teams",       "hooks_url": "https://api.github.com/repos/wagoodman/bashful/hooks",       "issue_events_url": "https://api.github.com/repos/wagoodman/bashful/issues/events{/number}",       "events_url": "https://api.github.com/repos/wagoodman/bashful/events",       "assignees_url": "https://api.github.com/repos/wagoodman/bashful/assignees{/user}",       "branches_url": "https://api.github.com/repos/wagoodman/bashful/branches{/branch}",       "tags_url": "https://api.github.com/repos/wagoodman/bashful/tags",       "blobs_url": "https://api.github.com/repos/wagoodman/bashful/git/blobs{/sha}",       "git_tags_url": "https://api.github.com/repos/wagoodman/bashful/git/tags{/sha}",       "git_refs_url": "https://api.github.com/repos/wagoodman/bashful/git/refs{/sha}",       "trees_url": "https://api.github.com/repos/wagoodman/bashful/git/trees{/sha}",       "statuses_url": "https://api.github.com/repos/wagoodman/bashful/statuses/{sha}",       "languages_url": "https://api.github.com/repos/wagoodman/bashful/languages",       "stargazers_url": "https://api.github.com/repos/wagoodman/bashful/stargazers",       "contributors_url": "https://api.github.com/repos/wagoodman/bashful/contributors",       "subscribers_url": "https://api.github.com/repos/wagoodman/bashful/subscribers",       "subscription_url": "https://api.github.com/repos/wagoodman/bashful/subscription",       "commits_url": "https://api.github.com/repos/wagoodman/bashful/commits{/sha}",       "git_commits_url": "https://api.github.com/repos/wagoodman/bashful/git/commits{/sha}",       "comments_url": "https://api.github.com/repos/wagoodman/bashful/comments{/number}",       "issue_comment_url": "https://api.github.com/repos/wagoodman/bashful/issues/comments{/number}",       "contents_url": "https://api.github.com/repos/wagoodman/bashful/contents/{+path}",       "compare_url": "https://api.github.com/repos/wagoodman/bashful/compare/{base}...{head}",       "merges_url": "https://api.github.com/repos/wagoodman/bashful/merges",       "archive_url": "https://api.github.com/repos/wagoodman/bashful/{archive_format}{/ref}",       "downloads_url": "https://api.github.com/repos/wagoodman/bashful/downloads",       "issues_url": "https://api.github.com/repos/wagoodman/bashful/issues{/number}",       "pulls_url": "https://api.github.com/repos/wagoodman/bashful/pulls{/number}",       "milestones_url": "https://api.github.com/repos/wagoodman/bashful/milestones{/number}",       "notifications_url": "https://api.github.com/repos/wagoodman/bashful/notifications{?since,all,participating}",       "labels_url": "https://api.github.com/repos/wagoodman/bashful/labels{/name}",       "releases_url": "https://api.github.com/repos/wagoodman/bashful/releases{/id}",       "deployments_url": "https://api.github.com/repos/wagoodman/bashful/deployments",       "created_at": "2017-09-18T01:04:55Z",       "updated_at": "2019-01-28T20:06:21Z",       "pushed_at": "2019-01-06T18:52:52Z",       "git_url": "git://github.com/wagoodman/bashful.git",       "ssh_url": "git@github.com:wagoodman/bashful.git",       "clone_url": "https://github.com/wagoodman/bashful.git",       "svn_url": "https://github.com/wagoodman/bashful",       "homepage": "",       "size": 4157,       "stargazers_count": 827,       "watchers_count": 827,       "language": "Go",       "has_issues": true,       "has_projects": true,       "has_downloads": true,       "has_wiki": true,       "has_pages": false,       "forks_count": 24,       "mirror_url": null,       "archived": false,       "open_issues_count": 15,       "license": {         "key": "mit",         "name": "MIT License",         "spdx_id": "MIT",         "url": "https://api.github.com/licenses/mit",         "node_id": "MDc6TGljZW5zZTEz"       },       "forks": 24,       "open_issues": 15,       "watchers": 827,       "default_branch": "master",       "score": 27.858786     },     {       "id": 100889899,       "node_id": "MDEwOlJlcG9zaXRvcnkxMDA4ODk4OTk=",       "name": "wtfautolayout",       "full_name": "johnpatrickmorgan/wtfautolayout",       "private": false,       "owner": {         "login": "johnpatrickmorgan",         "id": 6318566,         "node_id": "MDQ6VXNlcjYzMTg1NjY=",         "avatar_url": "https://avatars3.githubusercontent.com/u/6318566?v=4",         "gravatar_id": "",         "url": "https://api.github.com/users/johnpatrickmorgan",         "html_url": "https://github.com/johnpatrickmorgan",         "followers_url": "https://api.github.com/users/johnpatrickmorgan/followers",         "following_url": "https://api.github.com/users/johnpatrickmorgan/following{/other_user}",         "gists_url": "https://api.github.com/users/johnpatrickmorgan/gists{/gist_id}",         "starred_url": "https://api.github.com/users/johnpatrickmorgan/starred{/owner}{/repo}",         "subscriptions_url": "https://api.github.com/users/johnpatrickmorgan/subscriptions",         "organizations_url": "https://api.github.com/users/johnpatrickmorgan/orgs",         "repos_url": "https://api.github.com/users/johnpatrickmorgan/repos",         "events_url": "https://api.github.com/users/johnpatrickmorgan/events{/privacy}",         "received_events_url": "https://api.github.com/users/johnpatrickmorgan/received_events",         "type": "User",         "site_admin": false       },       "html_url": "https://github.com/johnpatrickmorgan/wtfautolayout",       "description": "The source code for Why The Failure, Auto Layout?",       "fork": false,       "url": "https://api.github.com/repos/johnpatrickmorgan/wtfautolayout",       "forks_url": "https://api.github.com/repos/johnpatrickmorgan/wtfautolayout/forks",       "keys_url": "https://api.github.com/repos/johnpatrickmorgan/wtfautolayout/keys{/key_id}",       "collaborators_url": "https://api.github.com/repos/johnpatrickmorgan/wtfautolayout/collaborators{/collaborator}",       "teams_url": "https://api.github.com/repos/johnpatrickmorgan/wtfautolayout/teams",       "hooks_url": "https://api.github.com/repos/johnpatrickmorgan/wtfautolayout/hooks",       "issue_events_url": "https://api.github.com/repos/johnpatrickmorgan/wtfautolayout/issues/events{/number}",       "events_url": "https://api.github.com/repos/johnpatrickmorgan/wtfautolayout/events",       "assignees_url": "https://api.github.com/repos/johnpatrickmorgan/wtfautolayout/assignees{/user}",       "branches_url": "https://api.github.com/repos/johnpatrickmorgan/wtfautolayout/branches{/branch}",       "tags_url": "https://api.github.com/repos/johnpatrickmorgan/wtfautolayout/tags",       "blobs_url": "https://api.github.com/repos/johnpatrickmorgan/wtfautolayout/git/blobs{/sha}",       "git_tags_url": "https://api.github.com/repos/johnpatrickmorgan/wtfautolayout/git/tags{/sha}",       "git_refs_url": "https://api.github.com/repos/johnpatrickmorgan/wtfautolayout/git/refs{/sha}",       "trees_url": "https://api.github.com/repos/johnpatrickmorgan/wtfautolayout/git/trees{/sha}",       "statuses_url": "https://api.github.com/repos/johnpatrickmorgan/wtfautolayout/statuses/{sha}",       "languages_url": "https://api.github.com/repos/johnpatrickmorgan/wtfautolayout/languages",       "stargazers_url": "https://api.github.com/repos/johnpatrickmorgan/wtfautolayout/stargazers",       "contributors_url": "https://api.github.com/repos/johnpatrickmorgan/wtfautolayout/contributors",       "subscribers_url": "https://api.github.com/repos/johnpatrickmorgan/wtfautolayout/subscribers",       "subscription_url": "https://api.github.com/repos/johnpatrickmorgan/wtfautolayout/subscription",       "commits_url": "https://api.github.com/repos/johnpatrickmorgan/wtfautolayout/commits{/sha}",       "git_commits_url": "https://api.github.com/repos/johnpatrickmorgan/wtfautolayout/git/commits{/sha}",       "comments_url": "https://api.github.com/repos/johnpatrickmorgan/wtfautolayout/comments{/number}",       "issue_comment_url": "https://api.github.com/repos/johnpatrickmorgan/wtfautolayout/issues/comments{/number}",       "contents_url": "https://api.github.com/repos/johnpatrickmorgan/wtfautolayout/contents/{+path}",       "compare_url": "https://api.github.com/repos/johnpatrickmorgan/wtfautolayout/compare/{base}...{head}",       "merges_url": "https://api.github.com/repos/johnpatrickmorgan/wtfautolayout/merges",       "archive_url": "https://api.github.com/repos/johnpatrickmorgan/wtfautolayout/{archive_format}{/ref}",       "downloads_url": "https://api.github.com/repos/johnpatrickmorgan/wtfautolayout/downloads",       "issues_url": "https://api.github.com/repos/johnpatrickmorgan/wtfautolayout/issues{/number}",       "pulls_url": "https://api.github.com/repos/johnpatrickmorgan/wtfautolayout/pulls{/number}",       "milestones_url": "https://api.github.com/repos/johnpatrickmorgan/wtfautolayout/milestones{/number}",       "notifications_url": "https://api.github.com/repos/johnpatrickmorgan/wtfautolayout/notifications{?since,all,participating}",       "labels_url": "https://api.github.com/repos/johnpatrickmorgan/wtfautolayout/labels{/name}",       "releases_url": "https://api.github.com/repos/johnpatrickmorgan/wtfautolayout/releases{/id}",       "deployments_url": "https://api.github.com/repos/johnpatrickmorgan/wtfautolayout/deployments",       "created_at": "2017-08-20T21:32:57Z",       "updated_at": "2019-01-28T12:46:45Z",       "pushed_at": "2019-01-24T23:44:25Z",       "git_url": "git://github.com/johnpatrickmorgan/wtfautolayout.git",       "ssh_url": "git@github.com:johnpatrickmorgan/wtfautolayout.git",       "clone_url": "https://github.com/johnpatrickmorgan/wtfautolayout.git",       "svn_url": "https://github.com/johnpatrickmorgan/wtfautolayout",       "homepage": "https://www.wtfautolayout.com",       "size": 347,       "stargazers_count": 674,       "watchers_count": 674,       "language": "Swift",       "has_issues": true,       "has_projects": true,       "has_downloads": true,       "has_wiki": true,       "has_pages": false,       "forks_count": 15,       "mirror_url": null,       "archived": false,       "open_issues_count": 5,       "license": {         "key": "mit",         "name": "MIT License",         "spdx_id": "MIT",         "url": "https://api.github.com/licenses/mit",         "node_id": "MDc6TGljZW5zZTEz"       },       "forks": 15,       "open_issues": 5,       "watchers": 674,       "default_branch": "master",       "score": 56.44408     },     {       "id": 28422398,       "node_id": "MDEwOlJlcG9zaXRvcnkyODQyMjM5OA==",       "name": "react-router-flux-starter-kit",       "full_name": "przeor/react-router-flux-starter-kit",       "private": false,       "owner": {         "login": "przeor",         "id": 5995,         "node_id": "MDQ6VXNlcjU5OTU=",         "avatar_url": "https://avatars2.githubusercontent.com/u/5995?v=4",         "gravatar_id": "",         "url": "https://api.github.com/users/przeor",         "html_url": "https://github.com/przeor",         "followers_url": "https://api.github.com/users/przeor/followers",         "following_url": "https://api.github.com/users/przeor/following{/other_user}",         "gists_url": "https://api.github.com/users/przeor/gists{/gist_id}",         "starred_url": "https://api.github.com/users/przeor/starred{/owner}{/repo}",         "subscriptions_url": "https://api.github.com/users/przeor/subscriptions",         "organizations_url": "https://api.github.com/users/przeor/orgs",         "repos_url": "https://api.github.com/users/przeor/repos",         "events_url": "https://api.github.com/users/przeor/events{/privacy}",         "received_events_url": "https://api.github.com/users/przeor/received_events",         "type": "User",         "site_admin": false       },       "html_url": "https://github.com/przeor/react-router-flux-starter-kit",       "description": "Why & How to Learn React Redux, the right highly scalable way.",       "fork": false,       "url": "https://api.github.com/repos/przeor/react-router-flux-starter-kit",       "forks_url": "https://api.github.com/repos/przeor/react-router-flux-starter-kit/forks",       "keys_url": "https://api.github.com/repos/przeor/react-router-flux-starter-kit/keys{/key_id}",       "collaborators_url": "https://api.github.com/repos/przeor/react-router-flux-starter-kit/collaborators{/collaborator}",       "teams_url": "https://api.github.com/repos/przeor/react-router-flux-starter-kit/teams",       "hooks_url": "https://api.github.com/repos/przeor/react-router-flux-starter-kit/hooks",       "issue_events_url": "https://api.github.com/repos/przeor/react-router-flux-starter-kit/issues/events{/number}",       "events_url": "https://api.github.com/repos/przeor/react-router-flux-starter-kit/events",       "assignees_url": "https://api.github.com/repos/przeor/react-router-flux-starter-kit/assignees{/user}",       "branches_url": "https://api.github.com/repos/przeor/react-router-flux-starter-kit/branches{/branch}",       "tags_url": "https://api.github.com/repos/przeor/react-router-flux-starter-kit/tags",       "blobs_url": "https://api.github.com/repos/przeor/react-router-flux-starter-kit/git/blobs{/sha}",       "git_tags_url": "https://api.github.com/repos/przeor/react-router-flux-starter-kit/git/tags{/sha}",       "git_refs_url": "https://api.github.com/repos/przeor/react-router-flux-starter-kit/git/refs{/sha}",       "trees_url": "https://api.github.com/repos/przeor/react-router-flux-starter-kit/git/trees{/sha}",       "statuses_url": "https://api.github.com/repos/przeor/react-router-flux-starter-kit/statuses/{sha}",       "languages_url": "https://api.github.com/repos/przeor/react-router-flux-starter-kit/languages",       "stargazers_url": "https://api.github.com/repos/przeor/react-router-flux-starter-kit/stargazers",       "contributors_url": "https://api.github.com/repos/przeor/react-router-flux-starter-kit/contributors",       "subscribers_url": "https://api.github.com/repos/przeor/react-router-flux-starter-kit/subscribers",       "subscription_url": "https://api.github.com/repos/przeor/react-router-flux-starter-kit/subscription",       "commits_url": "https://api.github.com/repos/przeor/react-router-flux-starter-kit/commits{/sha}",       "git_commits_url": "https://api.github.com/repos/przeor/react-router-flux-starter-kit/git/commits{/sha}",       "comments_url": "https://api.github.com/repos/przeor/react-router-flux-starter-kit/comments{/number}",       "issue_comment_url": "https://api.github.com/repos/przeor/react-router-flux-starter-kit/issues/comments{/number}",       "contents_url": "https://api.github.com/repos/przeor/react-router-flux-starter-kit/contents/{+path}",       "compare_url": "https://api.github.com/repos/przeor/react-router-flux-starter-kit/compare/{base}...{head}",       "merges_url": "https://api.github.com/repos/przeor/react-router-flux-starter-kit/merges",       "archive_url": "https://api.github.com/repos/przeor/react-router-flux-starter-kit/{archive_format}{/ref}",       "downloads_url": "https://api.github.com/repos/przeor/react-router-flux-starter-kit/downloads",       "issues_url": "https://api.github.com/repos/przeor/react-router-flux-starter-kit/issues{/number}",       "pulls_url": "https://api.github.com/repos/przeor/react-router-flux-starter-kit/pulls{/number}",       "milestones_url": "https://api.github.com/repos/przeor/react-router-flux-starter-kit/milestones{/number}",       "notifications_url": "https://api.github.com/repos/przeor/react-router-flux-starter-kit/notifications{?since,all,participating}",       "labels_url": "https://api.github.com/repos/przeor/react-router-flux-starter-kit/labels{/name}",       "releases_url": "https://api.github.com/repos/przeor/react-router-flux-starter-kit/releases{/id}",       "deployments_url": "https://api.github.com/repos/przeor/react-router-flux-starter-kit/deployments",       "created_at": "2014-12-23T22:19:47Z",       "updated_at": "2019-01-23T01:25:46Z",       "pushed_at": "2016-08-19T08:19:37Z",       "git_url": "git://github.com/przeor/react-router-flux-starter-kit.git",       "ssh_url": "git@github.com:przeor/react-router-flux-starter-kit.git",       "clone_url": "https://github.com/przeor/react-router-flux-starter-kit.git",       "svn_url": "https://github.com/przeor/react-router-flux-starter-kit",       "homepage": "",       "size": 4999,       "stargazers_count": 650,       "watchers_count": 650,       "language": "JavaScript",       "has_issues": true,       "has_projects": true,       "has_downloads": true,       "has_wiki": true,       "has_pages": false,       "forks_count": 97,       "mirror_url": null,       "archived": false,       "open_issues_count": 5,       "license": null,       "forks": 97,       "open_issues": 5,       "watchers": 650,       "default_branch": "master",       "score": 58.770832     },     {       "id": 282344,       "node_id": "MDEwOlJlcG9zaXRvcnkyODIzNDQ=",       "name": "potion",       "full_name": "perl11/potion",       "private": false,       "owner": {         "login": "perl11",         "id": 2390370,         "node_id": "MDEyOk9yZ2FuaXphdGlvbjIzOTAzNzA=",         "avatar_url": "https://avatars3.githubusercontent.com/u/2390370?v=4",         "gravatar_id": "",         "url": "https://api.github.com/users/perl11",         "html_url": "https://github.com/perl11",         "followers_url": "https://api.github.com/users/perl11/followers",         "following_url": "https://api.github.com/users/perl11/following{/other_user}",         "gists_url": "https://api.github.com/users/perl11/gists{/gist_id}",         "starred_url": "https://api.github.com/users/perl11/starred{/owner}{/repo}",         "subscriptions_url": "https://api.github.com/users/perl11/subscriptions",         "organizations_url": "https://api.github.com/users/perl11/orgs",         "repos_url": "https://api.github.com/users/perl11/repos",         "events_url": "https://api.github.com/users/perl11/events{/privacy}",         "received_events_url": "https://api.github.com/users/perl11/received_events",         "type": "Organization",         "site_admin": false       },       "html_url": "https://github.com/perl11/potion",       "description": "_why the lucky stiff's little language (the official repo... until _why returns)",       "fork": false,       "url": "https://api.github.com/repos/perl11/potion",       "forks_url": "https://api.github.com/repos/perl11/potion/forks",       "keys_url": "https://api.github.com/repos/perl11/potion/keys{/key_id}",       "collaborators_url": "https://api.github.com/repos/perl11/potion/collaborators{/collaborator}",       "teams_url": "https://api.github.com/repos/perl11/potion/teams",       "hooks_url": "https://api.github.com/repos/perl11/potion/hooks",       "issue_events_url": "https://api.github.com/repos/perl11/potion/issues/events{/number}",       "events_url": "https://api.github.com/repos/perl11/potion/events",       "assignees_url": "https://api.github.com/repos/perl11/potion/assignees{/user}",       "branches_url": "https://api.github.com/repos/perl11/potion/branches{/branch}",       "tags_url": "https://api.github.com/repos/perl11/potion/tags",       "blobs_url": "https://api.github.com/repos/perl11/potion/git/blobs{/sha}",       "git_tags_url": "https://api.github.com/repos/perl11/potion/git/tags{/sha}",       "git_refs_url": "https://api.github.com/repos/perl11/potion/git/refs{/sha}",       "trees_url": "https://api.github.com/repos/perl11/potion/git/trees{/sha}",       "statuses_url": "https://api.github.com/repos/perl11/potion/statuses/{sha}",       "languages_url": "https://api.github.com/repos/perl11/potion/languages",       "stargazers_url": "https://api.github.com/repos/perl11/potion/stargazers",       "contributors_url": "https://api.github.com/repos/perl11/potion/contributors",       "subscribers_url": "https://api.github.com/repos/perl11/potion/subscribers",       "subscription_url": "https://api.github.com/repos/perl11/potion/subscription",       "commits_url": "https://api.github.com/repos/perl11/potion/commits{/sha}",       "git_commits_url": "https://api.github.com/repos/perl11/potion/git/commits{/sha}",       "comments_url": "https://api.github.com/repos/perl11/potion/comments{/number}",       "issue_comment_url": "https://api.github.com/repos/perl11/potion/issues/comments{/number}",       "contents_url": "https://api.github.com/repos/perl11/potion/contents/{+path}",       "compare_url": "https://api.github.com/repos/perl11/potion/compare/{base}...{head}",       "merges_url": "https://api.github.com/repos/perl11/potion/merges",       "archive_url": "https://api.github.com/repos/perl11/potion/{archive_format}{/ref}",       "downloads_url": "https://api.github.com/repos/perl11/potion/downloads",       "issues_url": "https://api.github.com/repos/perl11/potion/issues{/number}",       "pulls_url": "https://api.github.com/repos/perl11/potion/pulls{/number}",       "milestones_url": "https://api.github.com/repos/perl11/potion/milestones{/number}",       "notifications_url": "https://api.github.com/repos/perl11/potion/notifications{?since,all,participating}",       "labels_url": "https://api.github.com/repos/perl11/potion/labels{/name}",       "releases_url": "https://api.github.com/repos/perl11/potion/releases{/id}",       "deployments_url": "https://api.github.com/repos/perl11/potion/deployments",       "created_at": "2009-08-19T20:06:21Z",       "updated_at": "2019-01-23T08:11:13Z",       "pushed_at": "2018-02-02T09:04:03Z",       "git_url": "git://github.com/perl11/potion.git",       "ssh_url": "git@github.com:perl11/potion.git",       "clone_url": "https://github.com/perl11/potion.git",       "svn_url": "https://github.com/perl11/potion",       "homepage": "http://groups.google.com/group/potion-lang",       "size": 4417,       "stargazers_count": 540,       "watchers_count": 540,       "language": "C",       "has_issues": true,       "has_projects": true,       "has_downloads": true,       "has_wiki": true,       "has_pages": true,       "forks_count": 78,       "mirror_url": null,       "archived": false,       "open_issues_count": 19,       "license": {         "key": "other",         "name": "Other",         "spdx_id": "NOASSERTION",         "url": null,         "node_id": "MDc6TGljZW5zZTA="       },       "forks": 78,       "open_issues": 19,       "watchers": 540,       "default_branch": "master",       "score": 81.98308     },     {       "id": 282622,       "node_id": "MDEwOlJlcG9zaXRvcnkyODI2MjI=",       "name": "poignant-guide",       "full_name": "mislav/poignant-guide",       "private": false,       "owner": {         "login": "mislav",         "id": 887,         "node_id": "MDQ6VXNlcjg4Nw==",         "avatar_url": "https://avatars2.githubusercontent.com/u/887?v=4",         "gravatar_id": "",         "url": "https://api.github.com/users/mislav",         "html_url": "https://github.com/mislav",         "followers_url": "https://api.github.com/users/mislav/followers",         "following_url": "https://api.github.com/users/mislav/following{/other_user}",         "gists_url": "https://api.github.com/users/mislav/gists{/gist_id}",         "starred_url": "https://api.github.com/users/mislav/starred{/owner}{/repo}",         "subscriptions_url": "https://api.github.com/users/mislav/subscriptions",         "organizations_url": "https://api.github.com/users/mislav/orgs",         "repos_url": "https://api.github.com/users/mislav/repos",         "events_url": "https://api.github.com/users/mislav/events{/privacy}",         "received_events_url": "https://api.github.com/users/mislav/received_events",         "type": "User",         "site_admin": true       },       "html_url": "https://github.com/mislav/poignant-guide",       "description": "Why's Poignant Guide to Ruby",       "fork": false,       "url": "https://api.github.com/repos/mislav/poignant-guide",       "forks_url": "https://api.github.com/repos/mislav/poignant-guide/forks",       "keys_url": "https://api.github.com/repos/mislav/poignant-guide/keys{/key_id}",       "collaborators_url": "https://api.github.com/repos/mislav/poignant-guide/collaborators{/collaborator}",       "teams_url": "https://api.github.com/repos/mislav/poignant-guide/teams",       "hooks_url": "https://api.github.com/repos/mislav/poignant-guide/hooks",       "issue_events_url": "https://api.github.com/repos/mislav/poignant-guide/issues/events{/number}",       "events_url": "https://api.github.com/repos/mislav/poignant-guide/events",       "assignees_url": "https://api.github.com/repos/mislav/poignant-guide/assignees{/user}",       "branches_url": "https://api.github.com/repos/mislav/poignant-guide/branches{/branch}",       "tags_url": "https://api.github.com/repos/mislav/poignant-guide/tags",       "blobs_url": "https://api.github.com/repos/mislav/poignant-guide/git/blobs{/sha}",       "git_tags_url": "https://api.github.com/repos/mislav/poignant-guide/git/tags{/sha}",       "git_refs_url": "https://api.github.com/repos/mislav/poignant-guide/git/refs{/sha}",       "trees_url": "https://api.github.com/repos/mislav/poignant-guide/git/trees{/sha}",       "statuses_url": "https://api.github.com/repos/mislav/poignant-guide/statuses/{sha}",       "languages_url": "https://api.github.com/repos/mislav/poignant-guide/languages",       "stargazers_url": "https://api.github.com/repos/mislav/poignant-guide/stargazers",       "contributors_url": "https://api.github.com/repos/mislav/poignant-guide/contributors",       "subscribers_url": "https://api.github.com/repos/mislav/poignant-guide/subscribers",       "subscription_url": "https://api.github.com/repos/mislav/poignant-guide/subscription",       "commits_url": "https://api.github.com/repos/mislav/poignant-guide/commits{/sha}",       "git_commits_url": "https://api.github.com/repos/mislav/poignant-guide/git/commits{/sha}",       "comments_url": "https://api.github.com/repos/mislav/poignant-guide/comments{/number}",       "issue_comment_url": "https://api.github.com/repos/mislav/poignant-guide/issues/comments{/number}",       "contents_url": "https://api.github.com/repos/mislav/poignant-guide/contents/{+path}",       "compare_url": "https://api.github.com/repos/mislav/poignant-guide/compare/{base}...{head}",       "merges_url": "https://api.github.com/repos/mislav/poignant-guide/merges",       "archive_url": "https://api.github.com/repos/mislav/poignant-guide/{archive_format}{/ref}",       "downloads_url": "https://api.github.com/repos/mislav/poignant-guide/downloads",       "issues_url": "https://api.github.com/repos/mislav/poignant-guide/issues{/number}",       "pulls_url": "https://api.github.com/repos/mislav/poignant-guide/pulls{/number}",       "milestones_url": "https://api.github.com/repos/mislav/poignant-guide/milestones{/number}",       "notifications_url": "https://api.github.com/repos/mislav/poignant-guide/notifications{?since,all,participating}",       "labels_url": "https://api.github.com/repos/mislav/poignant-guide/labels{/name}",       "releases_url": "https://api.github.com/repos/mislav/poignant-guide/releases{/id}",       "deployments_url": "https://api.github.com/repos/mislav/poignant-guide/deployments",       "created_at": "2009-08-20T01:17:54Z",       "updated_at": "2019-01-26T12:32:58Z",       "pushed_at": "2018-11-20T13:08:57Z",       "git_url": "git://github.com/mislav/poignant-guide.git",       "ssh_url": "git@github.com:mislav/poignant-guide.git",       "clone_url": "https://github.com/mislav/poignant-guide.git",       "svn_url": "https://github.com/mislav/poignant-guide",       "homepage": "http://poignant.guide/",       "size": 12871,       "stargazers_count": 532,       "watchers_count": 532,       "language": "HTML",       "has_issues": false,       "has_projects": true,       "has_downloads": true,       "has_wiki": false,       "has_pages": true,       "forks_count": 103,       "mirror_url": null,       "archived": false,       "open_issues_count": 0,       "license": null,       "forks": 103,       "open_issues": 0,       "watchers": 532,       "default_branch": "gh-pages",       "score": 81.498276     },     {       "id": 30485473,       "node_id": "MDEwOlJlcG9zaXRvcnkzMDQ4NTQ3Mw==",       "name": "Why-Reject",       "full_name": "jcccn/Why-Reject",       "private": false,       "owner": {         "login": "jcccn",         "id": 397243,         "node_id": "MDQ6VXNlcjM5NzI0Mw==",         "avatar_url": "https://avatars1.githubusercontent.com/u/397243?v=4",         "gravatar_id": "",         "url": "https://api.github.com/users/jcccn",         "html_url": "https://github.com/jcccn",         "followers_url": "https://api.github.com/users/jcccn/followers",         "following_url": "https://api.github.com/users/jcccn/following{/other_user}",         "gists_url": "https://api.github.com/users/jcccn/gists{/gist_id}",         "starred_url": "https://api.github.com/users/jcccn/starred{/owner}{/repo}",         "subscriptions_url": "https://api.github.com/users/jcccn/subscriptions",         "organizations_url": "https://api.github.com/users/jcccn/orgs",         "repos_url": "https://api.github.com/users/jcccn/repos",         "events_url": "https://api.github.com/users/jcccn/events{/privacy}",         "received_events_url": "https://api.github.com/users/jcccn/received_events",         "type": "User",         "site_admin": false       },       "html_url": "https://github.com/jcccn/Why-Reject",       "description": "苹果AppStore被拒理由大全",       "fork": false,       "url": "https://api.github.com/repos/jcccn/Why-Reject",       "forks_url": "https://api.github.com/repos/jcccn/Why-Reject/forks",       "keys_url": "https://api.github.com/repos/jcccn/Why-Reject/keys{/key_id}",       "collaborators_url": "https://api.github.com/repos/jcccn/Why-Reject/collaborators{/collaborator}",       "teams_url": "https://api.github.com/repos/jcccn/Why-Reject/teams",       "hooks_url": "https://api.github.com/repos/jcccn/Why-Reject/hooks",       "issue_events_url": "https://api.github.com/repos/jcccn/Why-Reject/issues/events{/number}",       "events_url": "https://api.github.com/repos/jcccn/Why-Reject/events",       "assignees_url": "https://api.github.com/repos/jcccn/Why-Reject/assignees{/user}",       "branches_url": "https://api.github.com/repos/jcccn/Why-Reject/branches{/branch}",       "tags_url": "https://api.github.com/repos/jcccn/Why-Reject/tags",       "blobs_url": "https://api.github.com/repos/jcccn/Why-Reject/git/blobs{/sha}",       "git_tags_url": "https://api.github.com/repos/jcccn/Why-Reject/git/tags{/sha}",       "git_refs_url": "https://api.github.com/repos/jcccn/Why-Reject/git/refs{/sha}",       "trees_url": "https://api.github.com/repos/jcccn/Why-Reject/git/trees{/sha}",       "statuses_url": "https://api.github.com/repos/jcccn/Why-Reject/statuses/{sha}",       "languages_url": "https://api.github.com/repos/jcccn/Why-Reject/languages",       "stargazers_url": "https://api.github.com/repos/jcccn/Why-Reject/stargazers",       "contributors_url": "https://api.github.com/repos/jcccn/Why-Reject/contributors",       "subscribers_url": "https://api.github.com/repos/jcccn/Why-Reject/subscribers",       "subscription_url": "https://api.github.com/repos/jcccn/Why-Reject/subscription",       "commits_url": "https://api.github.com/repos/jcccn/Why-Reject/commits{/sha}",       "git_commits_url": "https://api.github.com/repos/jcccn/Why-Reject/git/commits{/sha}",       "comments_url": "https://api.github.com/repos/jcccn/Why-Reject/comments{/number}",       "issue_comment_url": "https://api.github.com/repos/jcccn/Why-Reject/issues/comments{/number}",       "contents_url": "https://api.github.com/repos/jcccn/Why-Reject/contents/{+path}",       "compare_url": "https://api.github.com/repos/jcccn/Why-Reject/compare/{base}...{head}",       "merges_url": "https://api.github.com/repos/jcccn/Why-Reject/merges",       "archive_url": "https://api.github.com/repos/jcccn/Why-Reject/{archive_format}{/ref}",       "downloads_url": "https://api.github.com/repos/jcccn/Why-Reject/downloads",       "issues_url": "https://api.github.com/repos/jcccn/Why-Reject/issues{/number}",       "pulls_url": "https://api.github.com/repos/jcccn/Why-Reject/pulls{/number}",       "milestones_url": "https://api.github.com/repos/jcccn/Why-Reject/milestones{/number}",       "notifications_url": "https://api.github.com/repos/jcccn/Why-Reject/notifications{?since,all,participating}",       "labels_url": "https://api.github.com/repos/jcccn/Why-Reject/labels{/name}",       "releases_url": "https://api.github.com/repos/jcccn/Why-Reject/releases{/id}",       "deployments_url": "https://api.github.com/repos/jcccn/Why-Reject/deployments",       "created_at": "2015-02-08T08:37:17Z",       "updated_at": "2019-01-28T12:02:55Z",       "pushed_at": "2017-05-06T07:35:44Z",       "git_url": "git://github.com/jcccn/Why-Reject.git",       "ssh_url": "git@github.com:jcccn/Why-Reject.git",       "clone_url": "https://github.com/jcccn/Why-Reject.git",       "svn_url": "https://github.com/jcccn/Why-Reject",       "homepage": "https://whyreject.jcccn.me",       "size": 684,       "stargazers_count": 493,       "watchers_count": 493,       "language": null,       "has_issues": true,       "has_projects": true,       "has_downloads": true,       "has_wiki": true,       "has_pages": true,       "forks_count": 113,       "mirror_url": null,       "archived": false,       "open_issues_count": 0,       "license": null,       "forks": 113,       "open_issues": 0,       "watchers": 493,       "default_branch": "master",       "score": 96.06566     },     {       "id": 76408906,       "node_id": "MDEwOlJlcG9zaXRvcnk3NjQwODkwNg==",       "name": "meta",       "full_name": "mateodelnorte/meta",       "private": false,       "owner": {         "login": "mateodelnorte",         "id": 554847,         "node_id": "MDQ6VXNlcjU1NDg0Nw==",         "avatar_url": "https://avatars3.githubusercontent.com/u/554847?v=4",         "gravatar_id": "",         "url": "https://api.github.com/users/mateodelnorte",         "html_url": "https://github.com/mateodelnorte",         "followers_url": "https://api.github.com/users/mateodelnorte/followers",         "following_url": "https://api.github.com/users/mateodelnorte/following{/other_user}",         "gists_url": "https://api.github.com/users/mateodelnorte/gists{/gist_id}",         "starred_url": "https://api.github.com/users/mateodelnorte/starred{/owner}{/repo}",         "subscriptions_url": "https://api.github.com/users/mateodelnorte/subscriptions",         "organizations_url": "https://api.github.com/users/mateodelnorte/orgs",         "repos_url": "https://api.github.com/users/mateodelnorte/repos",         "events_url": "https://api.github.com/users/mateodelnorte/events{/privacy}",         "received_events_url": "https://api.github.com/users/mateodelnorte/received_events",         "type": "User",         "site_admin": false       },       "html_url": "https://github.com/mateodelnorte/meta",       "description": "tool for turning many repos into a meta repo. why choose many repos or a monolithic repo, when you can have both with a meta repo?",       "fork": false,       "url": "https://api.github.com/repos/mateodelnorte/meta",       "forks_url": "https://api.github.com/repos/mateodelnorte/meta/forks",       "keys_url": "https://api.github.com/repos/mateodelnorte/meta/keys{/key_id}",       "collaborators_url": "https://api.github.com/repos/mateodelnorte/meta/collaborators{/collaborator}",       "teams_url": "https://api.github.com/repos/mateodelnorte/meta/teams",       "hooks_url": "https://api.github.com/repos/mateodelnorte/meta/hooks",       "issue_events_url": "https://api.github.com/repos/mateodelnorte/meta/issues/events{/number}",       "events_url": "https://api.github.com/repos/mateodelnorte/meta/events",       "assignees_url": "https://api.github.com/repos/mateodelnorte/meta/assignees{/user}",       "branches_url": "https://api.github.com/repos/mateodelnorte/meta/branches{/branch}",       "tags_url": "https://api.github.com/repos/mateodelnorte/meta/tags",       "blobs_url": "https://api.github.com/repos/mateodelnorte/meta/git/blobs{/sha}",       "git_tags_url": "https://api.github.com/repos/mateodelnorte/meta/git/tags{/sha}",       "git_refs_url": "https://api.github.com/repos/mateodelnorte/meta/git/refs{/sha}",       "trees_url": "https://api.github.com/repos/mateodelnorte/meta/git/trees{/sha}",       "statuses_url": "https://api.github.com/repos/mateodelnorte/meta/statuses/{sha}",       "languages_url": "https://api.github.com/repos/mateodelnorte/meta/languages",       "stargazers_url": "https://api.github.com/repos/mateodelnorte/meta/stargazers",       "contributors_url": "https://api.github.com/repos/mateodelnorte/meta/contributors",       "subscribers_url": "https://api.github.com/repos/mateodelnorte/meta/subscribers",       "subscription_url": "https://api.github.com/repos/mateodelnorte/meta/subscription",       "commits_url": "https://api.github.com/repos/mateodelnorte/meta/commits{/sha}",       "git_commits_url": "https://api.github.com/repos/mateodelnorte/meta/git/commits{/sha}",       "comments_url": "https://api.github.com/repos/mateodelnorte/meta/comments{/number}",       "issue_comment_url": "https://api.github.com/repos/mateodelnorte/meta/issues/comments{/number}",       "contents_url": "https://api.github.com/repos/mateodelnorte/meta/contents/{+path}",       "compare_url": "https://api.github.com/repos/mateodelnorte/meta/compare/{base}...{head}",       "merges_url": "https://api.github.com/repos/mateodelnorte/meta/merges",       "archive_url": "https://api.github.com/repos/mateodelnorte/meta/{archive_format}{/ref}",       "downloads_url": "https://api.github.com/repos/mateodelnorte/meta/downloads",       "issues_url": "https://api.github.com/repos/mateodelnorte/meta/issues{/number}",       "pulls_url": "https://api.github.com/repos/mateodelnorte/meta/pulls{/number}",       "milestones_url": "https://api.github.com/repos/mateodelnorte/meta/milestones{/number}",       "notifications_url": "https://api.github.com/repos/mateodelnorte/meta/notifications{?since,all,participating}",       "labels_url": "https://api.github.com/repos/mateodelnorte/meta/labels{/name}",       "releases_url": "https://api.github.com/repos/mateodelnorte/meta/releases{/id}",       "deployments_url": "https://api.github.com/repos/mateodelnorte/meta/deployments",       "created_at": "2016-12-14T00:06:35Z",       "updated_at": "2019-01-27T07:29:38Z",       "pushed_at": "2019-01-25T18:00:32Z",       "git_url": "git://github.com/mateodelnorte/meta.git",       "ssh_url": "git@github.com:mateodelnorte/meta.git",       "clone_url": "https://github.com/mateodelnorte/meta.git",       "svn_url": "https://github.com/mateodelnorte/meta",       "homepage": "",       "size": 2507,       "stargazers_count": 489,       "watchers_count": 489,       "language": "JavaScript",       "has_issues": true,       "has_projects": true,       "has_downloads": true,       "has_wiki": true,       "has_pages": false,       "forks_count": 27,       "mirror_url": null,       "archived": false,       "open_issues_count": 18,       "license": null,       "forks": 27,       "open_issues": 18,       "watchers": 489,       "default_branch": "master",       "score": 35.229652     },     {       "id": 120470493,       "node_id": "MDEwOlJlcG9zaXRvcnkxMjA0NzA0OTM=",       "name": "awesome-dev-podcasts",       "full_name": "sw-yx/awesome-dev-podcasts",       "private": false,       "owner": {         "login": "sw-yx",         "id": 6764957,         "node_id": "MDQ6VXNlcjY3NjQ5NTc=",         "avatar_url": "https://avatars1.githubusercontent.com/u/6764957?v=4",         "gravatar_id": "",         "url": "https://api.github.com/users/sw-yx",         "html_url": "https://github.com/sw-yx",         "followers_url": "https://api.github.com/users/sw-yx/followers",         "following_url": "https://api.github.com/users/sw-yx/following{/other_user}",         "gists_url": "https://api.github.com/users/sw-yx/gists{/gist_id}",         "starred_url": "https://api.github.com/users/sw-yx/starred{/owner}{/repo}",         "subscriptions_url": "https://api.github.com/users/sw-yx/subscriptions",         "organizations_url": "https://api.github.com/users/sw-yx/orgs",         "repos_url": "https://api.github.com/users/sw-yx/repos",         "events_url": "https://api.github.com/users/sw-yx/events{/privacy}",         "received_events_url": "https://api.github.com/users/sw-yx/received_events",         "type": "User",         "site_admin": false       },       "html_url": "https://github.com/sw-yx/awesome-dev-podcasts",       "description": "a curated list of awesome dev podcasts and why they are awesome",       "fork": false,       "url": "https://api.github.com/repos/sw-yx/awesome-dev-podcasts",       "forks_url": "https://api.github.com/repos/sw-yx/awesome-dev-podcasts/forks",       "keys_url": "https://api.github.com/repos/sw-yx/awesome-dev-podcasts/keys{/key_id}",       "collaborators_url": "https://api.github.com/repos/sw-yx/awesome-dev-podcasts/collaborators{/collaborator}",       "teams_url": "https://api.github.com/repos/sw-yx/awesome-dev-podcasts/teams",       "hooks_url": "https://api.github.com/repos/sw-yx/awesome-dev-podcasts/hooks",       "issue_events_url": "https://api.github.com/repos/sw-yx/awesome-dev-podcasts/issues/events{/number}",       "events_url": "https://api.github.com/repos/sw-yx/awesome-dev-podcasts/events",       "assignees_url": "https://api.github.com/repos/sw-yx/awesome-dev-podcasts/assignees{/user}",       "branches_url": "https://api.github.com/repos/sw-yx/awesome-dev-podcasts/branches{/branch}",       "tags_url": "https://api.github.com/repos/sw-yx/awesome-dev-podcasts/tags",       "blobs_url": "https://api.github.com/repos/sw-yx/awesome-dev-podcasts/git/blobs{/sha}",       "git_tags_url": "https://api.github.com/repos/sw-yx/awesome-dev-podcasts/git/tags{/sha}",       "git_refs_url": "https://api.github.com/repos/sw-yx/awesome-dev-podcasts/git/refs{/sha}",       "trees_url": "https://api.github.com/repos/sw-yx/awesome-dev-podcasts/git/trees{/sha}",       "statuses_url": "https://api.github.com/repos/sw-yx/awesome-dev-podcasts/statuses/{sha}",       "languages_url": "https://api.github.com/repos/sw-yx/awesome-dev-podcasts/languages",       "stargazers_url": "https://api.github.com/repos/sw-yx/awesome-dev-podcasts/stargazers",       "contributors_url": "https://api.github.com/repos/sw-yx/awesome-dev-podcasts/contributors",       "subscribers_url": "https://api.github.com/repos/sw-yx/awesome-dev-podcasts/subscribers",       "subscription_url": "https://api.github.com/repos/sw-yx/awesome-dev-podcasts/subscription",       "commits_url": "https://api.github.com/repos/sw-yx/awesome-dev-podcasts/commits{/sha}",       "git_commits_url": "https://api.github.com/repos/sw-yx/awesome-dev-podcasts/git/commits{/sha}",       "comments_url": "https://api.github.com/repos/sw-yx/awesome-dev-podcasts/comments{/number}",       "issue_comment_url": "https://api.github.com/repos/sw-yx/awesome-dev-podcasts/issues/comments{/number}",       "contents_url": "https://api.github.com/repos/sw-yx/awesome-dev-podcasts/contents/{+path}",       "compare_url": "https://api.github.com/repos/sw-yx/awesome-dev-podcasts/compare/{base}...{head}",       "merges_url": "https://api.github.com/repos/sw-yx/awesome-dev-podcasts/merges",       "archive_url": "https://api.github.com/repos/sw-yx/awesome-dev-podcasts/{archive_format}{/ref}",       "downloads_url": "https://api.github.com/repos/sw-yx/awesome-dev-podcasts/downloads",       "issues_url": "https://api.github.com/repos/sw-yx/awesome-dev-podcasts/issues{/number}",       "pulls_url": "https://api.github.com/repos/sw-yx/awesome-dev-podcasts/pulls{/number}",       "milestones_url": "https://api.github.com/repos/sw-yx/awesome-dev-podcasts/milestones{/number}",       "notifications_url": "https://api.github.com/repos/sw-yx/awesome-dev-podcasts/notifications{?since,all,participating}",       "labels_url": "https://api.github.com/repos/sw-yx/awesome-dev-podcasts/labels{/name}",       "releases_url": "https://api.github.com/repos/sw-yx/awesome-dev-podcasts/releases{/id}",       "deployments_url": "https://api.github.com/repos/sw-yx/awesome-dev-podcasts/deployments",       "created_at": "2018-02-06T14:32:41Z",       "updated_at": "2019-01-23T00:52:57Z",       "pushed_at": "2018-09-12T14:28:36Z",       "git_url": "git://github.com/sw-yx/awesome-dev-podcasts.git",       "ssh_url": "git@github.com:sw-yx/awesome-dev-podcasts.git",       "clone_url": "https://github.com/sw-yx/awesome-dev-podcasts.git",       "svn_url": "https://github.com/sw-yx/awesome-dev-podcasts",       "homepage": "",       "size": 29,       "stargazers_count": 455,       "watchers_count": 455,       "language": null,       "has_issues": true,       "has_projects": true,       "has_downloads": true,       "has_wiki": true,       "has_pages": false,       "forks_count": 26,       "mirror_url": null,       "archived": false,       "open_issues_count": 3,       "license": null,       "forks": 26,       "open_issues": 3,       "watchers": 455,       "default_branch": "master",       "score": 48.01036     },     {       "id": 18601900,       "node_id": "MDEwOlJlcG9zaXRvcnkxODYwMTkwMA==",       "name": "eliot",       "full_name": "itamarst/eliot",       "private": false,       "owner": {         "login": "itamarst",         "id": 3266662,         "node_id": "MDQ6VXNlcjMyNjY2NjI=",         "avatar_url": "https://avatars1.githubusercontent.com/u/3266662?v=4",         "gravatar_id": "",         "url": "https://api.github.com/users/itamarst",         "html_url": "https://github.com/itamarst",         "followers_url": "https://api.github.com/users/itamarst/followers",         "following_url": "https://api.github.com/users/itamarst/following{/other_user}",         "gists_url": "https://api.github.com/users/itamarst/gists{/gist_id}",         "starred_url": "https://api.github.com/users/itamarst/starred{/owner}{/repo}",         "subscriptions_url": "https://api.github.com/users/itamarst/subscriptions",         "organizations_url": "https://api.github.com/users/itamarst/orgs",         "repos_url": "https://api.github.com/users/itamarst/repos",         "events_url": "https://api.github.com/users/itamarst/events{/privacy}",         "received_events_url": "https://api.github.com/users/itamarst/received_events",         "type": "User",         "site_admin": false       },       "html_url": "https://github.com/itamarst/eliot",       "description": "Eliot: the logging system that tells you *why* it happened",       "fork": false,       "url": "https://api.github.com/repos/itamarst/eliot",       "forks_url": "https://api.github.com/repos/itamarst/eliot/forks",       "keys_url": "https://api.github.com/repos/itamarst/eliot/keys{/key_id}",       "collaborators_url": "https://api.github.com/repos/itamarst/eliot/collaborators{/collaborator}",       "teams_url": "https://api.github.com/repos/itamarst/eliot/teams",       "hooks_url": "https://api.github.com/repos/itamarst/eliot/hooks",       "issue_events_url": "https://api.github.com/repos/itamarst/eliot/issues/events{/number}",       "events_url": "https://api.github.com/repos/itamarst/eliot/events",       "assignees_url": "https://api.github.com/repos/itamarst/eliot/assignees{/user}",       "branches_url": "https://api.github.com/repos/itamarst/eliot/branches{/branch}",       "tags_url": "https://api.github.com/repos/itamarst/eliot/tags",       "blobs_url": "https://api.github.com/repos/itamarst/eliot/git/blobs{/sha}",       "git_tags_url": "https://api.github.com/repos/itamarst/eliot/git/tags{/sha}",       "git_refs_url": "https://api.github.com/repos/itamarst/eliot/git/refs{/sha}",       "trees_url": "https://api.github.com/repos/itamarst/eliot/git/trees{/sha}",       "statuses_url": "https://api.github.com/repos/itamarst/eliot/statuses/{sha}",       "languages_url": "https://api.github.com/repos/itamarst/eliot/languages",       "stargazers_url": "https://api.github.com/repos/itamarst/eliot/stargazers",       "contributors_url": "https://api.github.com/repos/itamarst/eliot/contributors",       "subscribers_url": "https://api.github.com/repos/itamarst/eliot/subscribers",       "subscription_url": "https://api.github.com/repos/itamarst/eliot/subscription",       "commits_url": "https://api.github.com/repos/itamarst/eliot/commits{/sha}",       "git_commits_url": "https://api.github.com/repos/itamarst/eliot/git/commits{/sha}",       "comments_url": "https://api.github.com/repos/itamarst/eliot/comments{/number}",       "issue_comment_url": "https://api.github.com/repos/itamarst/eliot/issues/comments{/number}",       "contents_url": "https://api.github.com/repos/itamarst/eliot/contents/{+path}",       "compare_url": "https://api.github.com/repos/itamarst/eliot/compare/{base}...{head}",       "merges_url": "https://api.github.com/repos/itamarst/eliot/merges",       "archive_url": "https://api.github.com/repos/itamarst/eliot/{archive_format}{/ref}",       "downloads_url": "https://api.github.com/repos/itamarst/eliot/downloads",       "issues_url": "https://api.github.com/repos/itamarst/eliot/issues{/number}",       "pulls_url": "https://api.github.com/repos/itamarst/eliot/pulls{/number}",       "milestones_url": "https://api.github.com/repos/itamarst/eliot/milestones{/number}",       "notifications_url": "https://api.github.com/repos/itamarst/eliot/notifications{?since,all,participating}",       "labels_url": "https://api.github.com/repos/itamarst/eliot/labels{/name}",       "releases_url": "https://api.github.com/repos/itamarst/eliot/releases{/id}",       "deployments_url": "https://api.github.com/repos/itamarst/eliot/deployments",       "created_at": "2014-04-09T15:12:19Z",       "updated_at": "2019-01-25T22:49:37Z",       "pushed_at": "2019-01-02T18:19:45Z",       "git_url": "git://github.com/itamarst/eliot.git",       "ssh_url": "git@github.com:itamarst/eliot.git",       "clone_url": "https://github.com/itamarst/eliot.git",       "svn_url": "https://github.com/itamarst/eliot",       "homepage": "https://eliot.readthedocs.io",       "size": 1017,       "stargazers_count": 445,       "watchers_count": 445,       "language": "Python",       "has_issues": true,       "has_projects": true,       "has_downloads": true,       "has_wiki": true,       "has_pages": false,       "forks_count": 32,       "mirror_url": null,       "archived": false,       "open_issues_count": 89,       "license": {         "key": "apache-2.0",         "name": "Apache License 2.0",         "spdx_id": "Apache-2.0",         "url": "https://api.github.com/licenses/apache-2.0",         "node_id": "MDc6TGljZW5zZTI="       },       "forks": 32,       "open_issues": 89,       "watchers": 445,       "default_branch": "master",       "score": 61.20516     },     {       "id": 164816947,       "node_id": "MDEwOlJlcG9zaXRvcnkxNjQ4MTY5NDc=",       "name": "stockpredictionai",       "full_name": "borisbanushev/stockpredictionai",       "private": false,       "owner": {         "login": "borisbanushev",         "id": 36700291,         "node_id": "MDQ6VXNlcjM2NzAwMjkx",         "avatar_url": "https://avatars3.githubusercontent.com/u/36700291?v=4",         "gravatar_id": "",         "url": "https://api.github.com/users/borisbanushev",         "html_url": "https://github.com/borisbanushev",         "followers_url": "https://api.github.com/users/borisbanushev/followers",         "following_url": "https://api.github.com/users/borisbanushev/following{/other_user}",         "gists_url": "https://api.github.com/users/borisbanushev/gists{/gist_id}",         "starred_url": "https://api.github.com/users/borisbanushev/starred{/owner}{/repo}",         "subscriptions_url": "https://api.github.com/users/borisbanushev/subscriptions",         "organizations_url": "https://api.github.com/users/borisbanushev/orgs",         "repos_url": "https://api.github.com/users/borisbanushev/repos",         "events_url": "https://api.github.com/users/borisbanushev/events{/privacy}",         "received_events_url": "https://api.github.com/users/borisbanushev/received_events",         "type": "User",         "site_admin": false       },       "html_url": "https://github.com/borisbanushev/stockpredictionai",       "description": "       In this noteboook I will create a complete process for predicting stock price movements. Follow along and we will achieve some pretty good results. For that purpose we will use a Generative Adversarial Network (GAN) with LSTM, a type of Recurrent Neural Network, as generator, and a Convolutional Neural Network, CNN, as a discriminator. We use LSTM for the obvious reason that we are trying to predict time series data. Why we use GAN and specifically CNN as a discriminator? That is a good question: there are special sections on that later.",       "fork": false,       "url": "https://api.github.com/repos/borisbanushev/stockpredictionai",       "forks_url": "https://api.github.com/repos/borisbanushev/stockpredictionai/forks",       "keys_url": "https://api.github.com/repos/borisbanushev/stockpredictionai/keys{/key_id}",       "collaborators_url": "https://api.github.com/repos/borisbanushev/stockpredictionai/collaborators{/collaborator}",       "teams_url": "https://api.github.com/repos/borisbanushev/stockpredictionai/teams",       "hooks_url": "https://api.github.com/repos/borisbanushev/stockpredictionai/hooks",       "issue_events_url": "https://api.github.com/repos/borisbanushev/stockpredictionai/issues/events{/number}",       "events_url": "https://api.github.com/repos/borisbanushev/stockpredictionai/events",       "assignees_url": "https://api.github.com/repos/borisbanushev/stockpredictionai/assignees{/user}",       "branches_url": "https://api.github.com/repos/borisbanushev/stockpredictionai/branches{/branch}",       "tags_url": "https://api.github.com/repos/borisbanushev/stockpredictionai/tags",       "blobs_url": "https://api.github.com/repos/borisbanushev/stockpredictionai/git/blobs{/sha}",       "git_tags_url": "https://api.github.com/repos/borisbanushev/stockpredictionai/git/tags{/sha}",       "git_refs_url": "https://api.github.com/repos/borisbanushev/stockpredictionai/git/refs{/sha}",       "trees_url": "https://api.github.com/repos/borisbanushev/stockpredictionai/git/trees{/sha}",       "statuses_url": "https://api.github.com/repos/borisbanushev/stockpredictionai/statuses/{sha}",       "languages_url": "https://api.github.com/repos/borisbanushev/stockpredictionai/languages",       "stargazers_url": "https://api.github.com/repos/borisbanushev/stockpredictionai/stargazers",       "contributors_url": "https://api.github.com/repos/borisbanushev/stockpredictionai/contributors",       "subscribers_url": "https://api.github.com/repos/borisbanushev/stockpredictionai/subscribers",       "subscription_url": "https://api.github.com/repos/borisbanushev/stockpredictionai/subscription",       "commits_url": "https://api.github.com/repos/borisbanushev/stockpredictionai/commits{/sha}",       "git_commits_url": "https://api.github.com/repos/borisbanushev/stockpredictionai/git/commits{/sha}",       "comments_url": "https://api.github.com/repos/borisbanushev/stockpredictionai/comments{/number}",       "issue_comment_url": "https://api.github.com/repos/borisbanushev/stockpredictionai/issues/comments{/number}",       "contents_url": "https://api.github.com/repos/borisbanushev/stockpredictionai/contents/{+path}",       "compare_url": "https://api.github.com/repos/borisbanushev/stockpredictionai/compare/{base}...{head}",       "merges_url": "https://api.github.com/repos/borisbanushev/stockpredictionai/merges",       "archive_url": "https://api.github.com/repos/borisbanushev/stockpredictionai/{archive_format}{/ref}",       "downloads_url": "https://api.github.com/repos/borisbanushev/stockpredictionai/downloads",       "issues_url": "https://api.github.com/repos/borisbanushev/stockpredictionai/issues{/number}",       "pulls_url": "https://api.github.com/repos/borisbanushev/stockpredictionai/pulls{/number}",       "milestones_url": "https://api.github.com/repos/borisbanushev/stockpredictionai/milestones{/number}",       "notifications_url": "https://api.github.com/repos/borisbanushev/stockpredictionai/notifications{?since,all,participating}",       "labels_url": "https://api.github.com/repos/borisbanushev/stockpredictionai/labels{/name}",       "releases_url": "https://api.github.com/repos/borisbanushev/stockpredictionai/releases{/id}",       "deployments_url": "https://api.github.com/repos/borisbanushev/stockpredictionai/deployments",       "created_at": "2019-01-09T08:02:47Z",       "updated_at": "2019-01-28T20:24:48Z",       "pushed_at": "2019-01-24T20:24:50Z",       "git_url": "git://github.com/borisbanushev/stockpredictionai.git",       "ssh_url": "git@github.com:borisbanushev/stockpredictionai.git",       "clone_url": "https://github.com/borisbanushev/stockpredictionai.git",       "svn_url": "https://github.com/borisbanushev/stockpredictionai",       "homepage": "",       "size": 1950,       "stargazers_count": 417,       "watchers_count": 417,       "language": null,       "has_issues": true,       "has_projects": true,       "has_downloads": true,       "has_wiki": true,       "has_pages": false,       "forks_count": 181,       "mirror_url": null,       "archived": false,       "open_issues_count": 12,       "license": null,       "forks": 181,       "open_issues": 12,       "watchers": 417,       "default_branch": "master",       "score": 14.908613     },     {       "id": 35077713,       "node_id": "MDEwOlJlcG9zaXRvcnkzNTA3NzcxMw==",       "name": "whyliam.workflows.youdao",       "full_name": "liszd/whyliam.workflows.youdao",       "private": false,       "owner": {         "login": "liszd",         "id": 3387850,         "node_id": "MDQ6VXNlcjMzODc4NTA=",         "avatar_url": "https://avatars0.githubusercontent.com/u/3387850?v=4",         "gravatar_id": "",         "url": "https://api.github.com/users/liszd",         "html_url": "https://github.com/liszd",         "followers_url": "https://api.github.com/users/liszd/followers",         "following_url": "https://api.github.com/users/liszd/following{/other_user}",         "gists_url": "https://api.github.com/users/liszd/gists{/gist_id}",         "starred_url": "https://api.github.com/users/liszd/starred{/owner}{/repo}",         "subscriptions_url": "https://api.github.com/users/liszd/subscriptions",         "organizations_url": "https://api.github.com/users/liszd/orgs",         "repos_url": "https://api.github.com/users/liszd/repos",         "events_url": "https://api.github.com/users/liszd/events{/privacy}",         "received_events_url": "https://api.github.com/users/liszd/received_events",         "type": "User",         "site_admin": false       },       "html_url": "https://github.com/liszd/whyliam.workflows.youdao",       "description": "使用有道翻译你想知道的单词和语句",       "fork": false,       "url": "https://api.github.com/repos/liszd/whyliam.workflows.youdao",       "forks_url": "https://api.github.com/repos/liszd/whyliam.workflows.youdao/forks",       "keys_url": "https://api.github.com/repos/liszd/whyliam.workflows.youdao/keys{/key_id}",       "collaborators_url": "https://api.github.com/repos/liszd/whyliam.workflows.youdao/collaborators{/collaborator}",       "teams_url": "https://api.github.com/repos/liszd/whyliam.workflows.youdao/teams",       "hooks_url": "https://api.github.com/repos/liszd/whyliam.workflows.youdao/hooks",       "issue_events_url": "https://api.github.com/repos/liszd/whyliam.workflows.youdao/issues/events{/number}",       "events_url": "https://api.github.com/repos/liszd/whyliam.workflows.youdao/events",       "assignees_url": "https://api.github.com/repos/liszd/whyliam.workflows.youdao/assignees{/user}",       "branches_url": "https://api.github.com/repos/liszd/whyliam.workflows.youdao/branches{/branch}",       "tags_url": "https://api.github.com/repos/liszd/whyliam.workflows.youdao/tags",       "blobs_url": "https://api.github.com/repos/liszd/whyliam.workflows.youdao/git/blobs{/sha}",       "git_tags_url": "https://api.github.com/repos/liszd/whyliam.workflows.youdao/git/tags{/sha}",       "git_refs_url": "https://api.github.com/repos/liszd/whyliam.workflows.youdao/git/refs{/sha}",       "trees_url": "https://api.github.com/repos/liszd/whyliam.workflows.youdao/git/trees{/sha}",       "statuses_url": "https://api.github.com/repos/liszd/whyliam.workflows.youdao/statuses/{sha}",       "languages_url": "https://api.github.com/repos/liszd/whyliam.workflows.youdao/languages",       "stargazers_url": "https://api.github.com/repos/liszd/whyliam.workflows.youdao/stargazers",       "contributors_url": "https://api.github.com/repos/liszd/whyliam.workflows.youdao/contributors",       "subscribers_url": "https://api.github.com/repos/liszd/whyliam.workflows.youdao/subscribers",       "subscription_url": "https://api.github.com/repos/liszd/whyliam.workflows.youdao/subscription",       "commits_url": "https://api.github.com/repos/liszd/whyliam.workflows.youdao/commits{/sha}",       "git_commits_url": "https://api.github.com/repos/liszd/whyliam.workflows.youdao/git/commits{/sha}",       "comments_url": "https://api.github.com/repos/liszd/whyliam.workflows.youdao/comments{/number}",       "issue_comment_url": "https://api.github.com/repos/liszd/whyliam.workflows.youdao/issues/comments{/number}",       "contents_url": "https://api.github.com/repos/liszd/whyliam.workflows.youdao/contents/{+path}",       "compare_url": "https://api.github.com/repos/liszd/whyliam.workflows.youdao/compare/{base}...{head}",       "merges_url": "https://api.github.com/repos/liszd/whyliam.workflows.youdao/merges",       "archive_url": "https://api.github.com/repos/liszd/whyliam.workflows.youdao/{archive_format}{/ref}",       "downloads_url": "https://api.github.com/repos/liszd/whyliam.workflows.youdao/downloads",       "issues_url": "https://api.github.com/repos/liszd/whyliam.workflows.youdao/issues{/number}",       "pulls_url": "https://api.github.com/repos/liszd/whyliam.workflows.youdao/pulls{/number}",       "milestones_url": "https://api.github.com/repos/liszd/whyliam.workflows.youdao/milestones{/number}",       "notifications_url": "https://api.github.com/repos/liszd/whyliam.workflows.youdao/notifications{?since,all,participating}",       "labels_url": "https://api.github.com/repos/liszd/whyliam.workflows.youdao/labels{/name}",       "releases_url": "https://api.github.com/repos/liszd/whyliam.workflows.youdao/releases{/id}",       "deployments_url": "https://api.github.com/repos/liszd/whyliam.workflows.youdao/deployments",       "created_at": "2015-05-05T04:23:14Z",       "updated_at": "2019-01-27T04:15:49Z",       "pushed_at": "2018-08-03T05:49:11Z",       "git_url": "git://github.com/liszd/whyliam.workflows.youdao.git",       "ssh_url": "git@github.com:liszd/whyliam.workflows.youdao.git",       "clone_url": "https://github.com/liszd/whyliam.workflows.youdao.git",       "svn_url": "https://github.com/liszd/whyliam.workflows.youdao",       "homepage": "http://blog.naaln.com/2015/05/repeat-create-the-wheel-alfred-plugin-youdao",       "size": 3048,       "stargazers_count": 416,       "watchers_count": 416,       "language": "Python",       "has_issues": true,       "has_projects": true,       "has_downloads": true,       "has_wiki": true,       "has_pages": false,       "forks_count": 72,       "mirror_url": null,       "archived": false,       "open_issues_count": 1,       "license": {         "key": "mit",         "name": "MIT License",         "spdx_id": "MIT",         "url": "https://api.github.com/licenses/mit",         "node_id": "MDc6TGljZW5zZTEz"       },       "forks": 72,       "open_issues": 1,       "watchers": 416,       "default_branch": "master",       "score": 85.41622     },     {       "id": 2192780,       "node_id": "MDEwOlJlcG9zaXRvcnkyMTkyNzgw",       "name": "jOOX",       "full_name": "jOOQ/jOOX",       "private": false,       "owner": {         "login": "jOOQ",         "id": 1666512,         "node_id": "MDEyOk9yZ2FuaXphdGlvbjE2NjY1MTI=",         "avatar_url": "https://avatars3.githubusercontent.com/u/1666512?v=4",         "gravatar_id": "",         "url": "https://api.github.com/users/jOOQ",         "html_url": "https://github.com/jOOQ",         "followers_url": "https://api.github.com/users/jOOQ/followers",         "following_url": "https://api.github.com/users/jOOQ/following{/other_user}",         "gists_url": "https://api.github.com/users/jOOQ/gists{/gist_id}",         "starred_url": "https://api.github.com/users/jOOQ/starred{/owner}{/repo}",         "subscriptions_url": "https://api.github.com/users/jOOQ/subscriptions",         "organizations_url": "https://api.github.com/users/jOOQ/orgs",         "repos_url": "https://api.github.com/users/jOOQ/repos",         "events_url": "https://api.github.com/users/jOOQ/events{/privacy}",         "received_events_url": "https://api.github.com/users/jOOQ/received_events",         "type": "Organization",         "site_admin": false       },       "html_url": "https://github.com/jOOQ/jOOX",       "description": "jOOX - The Power of jQuery Applied to W3C DOM Like JDBC, DOM is a powerful, yet very verbose low-level API to manipulate XML. The HTML DOM an be manipulated with the popular jQuery product, in JavaScript. Why don't we have jQuery in Java? jOOX is jQuery's XML parts, applied to Java.",       "fork": false,       "url": "https://api.github.com/repos/jOOQ/jOOX",       "forks_url": "https://api.github.com/repos/jOOQ/jOOX/forks",       "keys_url": "https://api.github.com/repos/jOOQ/jOOX/keys{/key_id}",       "collaborators_url": "https://api.github.com/repos/jOOQ/jOOX/collaborators{/collaborator}",       "teams_url": "https://api.github.com/repos/jOOQ/jOOX/teams",       "hooks_url": "https://api.github.com/repos/jOOQ/jOOX/hooks",       "issue_events_url": "https://api.github.com/repos/jOOQ/jOOX/issues/events{/number}",       "events_url": "https://api.github.com/repos/jOOQ/jOOX/events",       "assignees_url": "https://api.github.com/repos/jOOQ/jOOX/assignees{/user}",       "branches_url": "https://api.github.com/repos/jOOQ/jOOX/branches{/branch}",       "tags_url": "https://api.github.com/repos/jOOQ/jOOX/tags",       "blobs_url": "https://api.github.com/repos/jOOQ/jOOX/git/blobs{/sha}",       "git_tags_url": "https://api.github.com/repos/jOOQ/jOOX/git/tags{/sha}",       "git_refs_url": "https://api.github.com/repos/jOOQ/jOOX/git/refs{/sha}",       "trees_url": "https://api.github.com/repos/jOOQ/jOOX/git/trees{/sha}",       "statuses_url": "https://api.github.com/repos/jOOQ/jOOX/statuses/{sha}",       "languages_url": "https://api.github.com/repos/jOOQ/jOOX/languages",       "stargazers_url": "https://api.github.com/repos/jOOQ/jOOX/stargazers",       "contributors_url": "https://api.github.com/repos/jOOQ/jOOX/contributors",       "subscribers_url": "https://api.github.com/repos/jOOQ/jOOX/subscribers",       "subscription_url": "https://api.github.com/repos/jOOQ/jOOX/subscription",       "commits_url": "https://api.github.com/repos/jOOQ/jOOX/commits{/sha}",       "git_commits_url": "https://api.github.com/repos/jOOQ/jOOX/git/commits{/sha}",       "comments_url": "https://api.github.com/repos/jOOQ/jOOX/comments{/number}",       "issue_comment_url": "https://api.github.com/repos/jOOQ/jOOX/issues/comments{/number}",       "contents_url": "https://api.github.com/repos/jOOQ/jOOX/contents/{+path}",       "compare_url": "https://api.github.com/repos/jOOQ/jOOX/compare/{base}...{head}",       "merges_url": "https://api.github.com/repos/jOOQ/jOOX/merges",       "archive_url": "https://api.github.com/repos/jOOQ/jOOX/{archive_format}{/ref}",       "downloads_url": "https://api.github.com/repos/jOOQ/jOOX/downloads",       "issues_url": "https://api.github.com/repos/jOOQ/jOOX/issues{/number}",       "pulls_url": "https://api.github.com/repos/jOOQ/jOOX/pulls{/number}",       "milestones_url": "https://api.github.com/repos/jOOQ/jOOX/milestones{/number}",       "notifications_url": "https://api.github.com/repos/jOOQ/jOOX/notifications{?since,all,participating}",       "labels_url": "https://api.github.com/repos/jOOQ/jOOX/labels{/name}",       "releases_url": "https://api.github.com/repos/jOOQ/jOOX/releases{/id}",       "deployments_url": "https://api.github.com/repos/jOOQ/jOOX/deployments",       "created_at": "2011-08-11T18:08:47Z",       "updated_at": "2019-01-29T02:59:21Z",       "pushed_at": "2018-09-10T11:04:36Z",       "git_url": "git://github.com/jOOQ/jOOX.git",       "ssh_url": "git@github.com:jOOQ/jOOX.git",       "clone_url": "https://github.com/jOOQ/jOOX.git",       "svn_url": "https://github.com/jOOQ/jOOX",       "homepage": "http://www.jooq.org/products",       "size": 678,       "stargazers_count": 393,       "watchers_count": 393,       "language": "Java",       "has_issues": true,       "has_projects": true,       "has_downloads": true,       "has_wiki": true,       "has_pages": false,       "forks_count": 33,       "mirror_url": null,       "archived": false,       "open_issues_count": 47,       "license": {         "key": "apache-2.0",         "name": "Apache License 2.0",         "spdx_id": "Apache-2.0",         "url": "https://api.github.com/licenses/apache-2.0",         "node_id": "MDc6TGljZW5zZTI="       },       "forks": 33,       "open_issues": 47,       "watchers": 393,       "default_branch": "master",       "score": 19.76755     },     {       "id": 122733470,       "node_id": "MDEwOlJlcG9zaXRvcnkxMjI3MzM0NzA=",       "name": "whybundled",       "full_name": "d4rkr00t/whybundled",       "private": false,       "owner": {         "login": "d4rkr00t",         "id": 200119,         "node_id": "MDQ6VXNlcjIwMDExOQ==",         "avatar_url": "https://avatars2.githubusercontent.com/u/200119?v=4",         "gravatar_id": "",         "url": "https://api.github.com/users/d4rkr00t",         "html_url": "https://github.com/d4rkr00t",         "followers_url": "https://api.github.com/users/d4rkr00t/followers",         "following_url": "https://api.github.com/users/d4rkr00t/following{/other_user}",         "gists_url": "https://api.github.com/users/d4rkr00t/gists{/gist_id}",         "starred_url": "https://api.github.com/users/d4rkr00t/starred{/owner}{/repo}",         "subscriptions_url": "https://api.github.com/users/d4rkr00t/subscriptions",         "organizations_url": "https://api.github.com/users/d4rkr00t/orgs",         "repos_url": "https://api.github.com/users/d4rkr00t/repos",         "events_url": "https://api.github.com/users/d4rkr00t/events{/privacy}",         "received_events_url": "https://api.github.com/users/d4rkr00t/received_events",         "type": "User",         "site_admin": false       },       "html_url": "https://github.com/d4rkr00t/whybundled",       "description": "Answers the question – Why the hell is this module in a bundle?",       "fork": false,       "url": "https://api.github.com/repos/d4rkr00t/whybundled",       "forks_url": "https://api.github.com/repos/d4rkr00t/whybundled/forks",       "keys_url": "https://api.github.com/repos/d4rkr00t/whybundled/keys{/key_id}",       "collaborators_url": "https://api.github.com/repos/d4rkr00t/whybundled/collaborators{/collaborator}",       "teams_url": "https://api.github.com/repos/d4rkr00t/whybundled/teams",       "hooks_url": "https://api.github.com/repos/d4rkr00t/whybundled/hooks",       "issue_events_url": "https://api.github.com/repos/d4rkr00t/whybundled/issues/events{/number}",       "events_url": "https://api.github.com/repos/d4rkr00t/whybundled/events",       "assignees_url": "https://api.github.com/repos/d4rkr00t/whybundled/assignees{/user}",       "branches_url": "https://api.github.com/repos/d4rkr00t/whybundled/branches{/branch}",       "tags_url": "https://api.github.com/repos/d4rkr00t/whybundled/tags",       "blobs_url": "https://api.github.com/repos/d4rkr00t/whybundled/git/blobs{/sha}",       "git_tags_url": "https://api.github.com/repos/d4rkr00t/whybundled/git/tags{/sha}",       "git_refs_url": "https://api.github.com/repos/d4rkr00t/whybundled/git/refs{/sha}",       "trees_url": "https://api.github.com/repos/d4rkr00t/whybundled/git/trees{/sha}",       "statuses_url": "https://api.github.com/repos/d4rkr00t/whybundled/statuses/{sha}",       "languages_url": "https://api.github.com/repos/d4rkr00t/whybundled/languages",       "stargazers_url": "https://api.github.com/repos/d4rkr00t/whybundled/stargazers",       "contributors_url": "https://api.github.com/repos/d4rkr00t/whybundled/contributors",       "subscribers_url": "https://api.github.com/repos/d4rkr00t/whybundled/subscribers",       "subscription_url": "https://api.github.com/repos/d4rkr00t/whybundled/subscription",       "commits_url": "https://api.github.com/repos/d4rkr00t/whybundled/commits{/sha}",       "git_commits_url": "https://api.github.com/repos/d4rkr00t/whybundled/git/commits{/sha}",       "comments_url": "https://api.github.com/repos/d4rkr00t/whybundled/comments{/number}",       "issue_comment_url": "https://api.github.com/repos/d4rkr00t/whybundled/issues/comments{/number}",       "contents_url": "https://api.github.com/repos/d4rkr00t/whybundled/contents/{+path}",       "compare_url": "https://api.github.com/repos/d4rkr00t/whybundled/compare/{base}...{head}",       "merges_url": "https://api.github.com/repos/d4rkr00t/whybundled/merges",       "archive_url": "https://api.github.com/repos/d4rkr00t/whybundled/{archive_format}{/ref}",       "downloads_url": "https://api.github.com/repos/d4rkr00t/whybundled/downloads",       "issues_url": "https://api.github.com/repos/d4rkr00t/whybundled/issues{/number}",       "pulls_url": "https://api.github.com/repos/d4rkr00t/whybundled/pulls{/number}",       "milestones_url": "https://api.github.com/repos/d4rkr00t/whybundled/milestones{/number}",       "notifications_url": "https://api.github.com/repos/d4rkr00t/whybundled/notifications{?since,all,participating}",       "labels_url": "https://api.github.com/repos/d4rkr00t/whybundled/labels{/name}",       "releases_url": "https://api.github.com/repos/d4rkr00t/whybundled/releases{/id}",       "deployments_url": "https://api.github.com/repos/d4rkr00t/whybundled/deployments",       "created_at": "2018-02-24T11:12:27Z",       "updated_at": "2019-01-29T09:26:21Z",       "pushed_at": "2018-08-20T15:27:01Z",       "git_url": "git://github.com/d4rkr00t/whybundled.git",       "ssh_url": "git@github.com:d4rkr00t/whybundled.git",       "clone_url": "https://github.com/d4rkr00t/whybundled.git",       "svn_url": "https://github.com/d4rkr00t/whybundled",       "homepage": "",       "size": 2003,       "stargazers_count": 375,       "watchers_count": 375,       "language": "JavaScript",       "has_issues": true,       "has_projects": true,       "has_downloads": true,       "has_wiki": true,       "has_pages": false,       "forks_count": 8,       "mirror_url": null,       "archived": false,       "open_issues_count": 0,       "license": {         "key": "mit",         "name": "MIT License",         "spdx_id": "MIT",         "url": "https://api.github.com/licenses/mit",         "node_id": "MDc6TGljZW5zZTEz"       },       "forks": 8,       "open_issues": 0,       "watchers": 375,       "default_branch": "master",       "score": 68.715645     },     {       "id": 9549719,       "node_id": "MDEwOlJlcG9zaXRvcnk5NTQ5NzE5",       "name": "CLOSURE",       "full_name": "steveklabnik/CLOSURE",       "private": false,       "owner": {         "login": "steveklabnik",         "id": 27786,         "node_id": "MDQ6VXNlcjI3Nzg2",         "avatar_url": "https://avatars2.githubusercontent.com/u/27786?v=4",         "gravatar_id": "",         "url": "https://api.github.com/users/steveklabnik",         "html_url": "https://github.com/steveklabnik",         "followers_url": "https://api.github.com/users/steveklabnik/followers",         "following_url": "https://api.github.com/users/steveklabnik/following{/other_user}",         "gists_url": "https://api.github.com/users/steveklabnik/gists{/gist_id}",         "starred_url": "https://api.github.com/users/steveklabnik/starred{/owner}{/repo}",         "subscriptions_url": "https://api.github.com/users/steveklabnik/subscriptions",         "organizations_url": "https://api.github.com/users/steveklabnik/orgs",         "repos_url": "https://api.github.com/users/steveklabnik/repos",         "events_url": "https://api.github.com/users/steveklabnik/events{/privacy}",         "received_events_url": "https://api.github.com/users/steveklabnik/received_events",         "type": "User",         "site_admin": false       },       "html_url": "https://github.com/steveklabnik/CLOSURE",       "description": "Thanks, _why.",       "fork": false,       "url": "https://api.github.com/repos/steveklabnik/CLOSURE",       "forks_url": "https://api.github.com/repos/steveklabnik/CLOSURE/forks",       "keys_url": "https://api.github.com/repos/steveklabnik/CLOSURE/keys{/key_id}",       "collaborators_url": "https://api.github.com/repos/steveklabnik/CLOSURE/collaborators{/collaborator}",       "teams_url": "https://api.github.com/repos/steveklabnik/CLOSURE/teams",       "hooks_url": "https://api.github.com/repos/steveklabnik/CLOSURE/hooks",       "issue_events_url": "https://api.github.com/repos/steveklabnik/CLOSURE/issues/events{/number}",       "events_url": "https://api.github.com/repos/steveklabnik/CLOSURE/events",       "assignees_url": "https://api.github.com/repos/steveklabnik/CLOSURE/assignees{/user}",       "branches_url": "https://api.github.com/repos/steveklabnik/CLOSURE/branches{/branch}",       "tags_url": "https://api.github.com/repos/steveklabnik/CLOSURE/tags",       "blobs_url": "https://api.github.com/repos/steveklabnik/CLOSURE/git/blobs{/sha}",       "git_tags_url": "https://api.github.com/repos/steveklabnik/CLOSURE/git/tags{/sha}",       "git_refs_url": "https://api.github.com/repos/steveklabnik/CLOSURE/git/refs{/sha}",       "trees_url": "https://api.github.com/repos/steveklabnik/CLOSURE/git/trees{/sha}",       "statuses_url": "https://api.github.com/repos/steveklabnik/CLOSURE/statuses/{sha}",       "languages_url": "https://api.github.com/repos/steveklabnik/CLOSURE/languages",       "stargazers_url": "https://api.github.com/repos/steveklabnik/CLOSURE/stargazers",       "contributors_url": "https://api.github.com/repos/steveklabnik/CLOSURE/contributors",       "subscribers_url": "https://api.github.com/repos/steveklabnik/CLOSURE/subscribers",       "subscription_url": "https://api.github.com/repos/steveklabnik/CLOSURE/subscription",       "commits_url": "https://api.github.com/repos/steveklabnik/CLOSURE/commits{/sha}",       "git_commits_url": "https://api.github.com/repos/steveklabnik/CLOSURE/git/commits{/sha}",       "comments_url": "https://api.github.com/repos/steveklabnik/CLOSURE/comments{/number}",       "issue_comment_url": "https://api.github.com/repos/steveklabnik/CLOSURE/issues/comments{/number}",       "contents_url": "https://api.github.com/repos/steveklabnik/CLOSURE/contents/{+path}",       "compare_url": "https://api.github.com/repos/steveklabnik/CLOSURE/compare/{base}...{head}",       "merges_url": "https://api.github.com/repos/steveklabnik/CLOSURE/merges",       "archive_url": "https://api.github.com/repos/steveklabnik/CLOSURE/{archive_format}{/ref}",       "downloads_url": "https://api.github.com/repos/steveklabnik/CLOSURE/downloads",       "issues_url": "https://api.github.com/repos/steveklabnik/CLOSURE/issues{/number}",       "pulls_url": "https://api.github.com/repos/steveklabnik/CLOSURE/pulls{/number}",       "milestones_url": "https://api.github.com/repos/steveklabnik/CLOSURE/milestones{/number}",       "notifications_url": "https://api.github.com/repos/steveklabnik/CLOSURE/notifications{?since,all,participating}",       "labels_url": "https://api.github.com/repos/steveklabnik/CLOSURE/labels{/name}",       "releases_url": "https://api.github.com/repos/steveklabnik/CLOSURE/releases{/id}",       "deployments_url": "https://api.github.com/repos/steveklabnik/CLOSURE/deployments",       "created_at": "2013-04-19T16:35:35Z",       "updated_at": "2019-01-25T03:10:45Z",       "pushed_at": "2016-08-19T21:52:58Z",       "git_url": "git://github.com/steveklabnik/CLOSURE.git",       "ssh_url": "git@github.com:steveklabnik/CLOSURE.git",       "clone_url": "https://github.com/steveklabnik/CLOSURE.git",       "svn_url": "https://github.com/steveklabnik/CLOSURE",       "homepage": null,       "size": 98819,       "stargazers_count": 347,       "watchers_count": 347,       "language": null,       "has_issues": true,       "has_projects": true,       "has_downloads": true,       "has_wiki": true,       "has_pages": false,       "forks_count": 29,       "mirror_url": null,       "archived": false,       "open_issues_count": 1,       "license": null,       "forks": 29,       "open_issues": 1,       "watchers": 347,       "default_branch": "master",       "score": 83.84105     },     {       "id": 285132,       "node_id": "MDEwOlJlcG9zaXRvcnkyODUxMzI=",       "name": "TryRuby",       "full_name": "Sophrinix/TryRuby",       "private": false,       "owner": {         "login": "Sophrinix",         "id": 34090,         "node_id": "MDQ6VXNlcjM0MDkw",         "avatar_url": "https://avatars1.githubusercontent.com/u/34090?v=4",         "gravatar_id": "",         "url": "https://api.github.com/users/Sophrinix",         "html_url": "https://github.com/Sophrinix",         "followers_url": "https://api.github.com/users/Sophrinix/followers",         "following_url": "https://api.github.com/users/Sophrinix/following{/other_user}",         "gists_url": "https://api.github.com/users/Sophrinix/gists{/gist_id}",         "starred_url": "https://api.github.com/users/Sophrinix/starred{/owner}{/repo}",         "subscriptions_url": "https://api.github.com/users/Sophrinix/subscriptions",         "organizations_url": "https://api.github.com/users/Sophrinix/orgs",         "repos_url": "https://api.github.com/users/Sophrinix/repos",         "events_url": "https://api.github.com/users/Sophrinix/events{/privacy}",         "received_events_url": "https://api.github.com/users/Sophrinix/received_events",         "type": "User",         "site_admin": false       },       "html_url": "https://github.com/Sophrinix/TryRuby",       "description": "Try Ruby is a interactive shell that quickly and whimsically teaches the Ruby programming language. Originally _why's idea, it has been recreated from the ground up by Rubyists who have a passion for Ruby and for teaching their fellow (wo)man how to program.",       "fork": false,       "url": "https://api.github.com/repos/Sophrinix/TryRuby",       "forks_url": "https://api.github.com/repos/Sophrinix/TryRuby/forks",       "keys_url": "https://api.github.com/repos/Sophrinix/TryRuby/keys{/key_id}",       "collaborators_url": "https://api.github.com/repos/Sophrinix/TryRuby/collaborators{/collaborator}",       "teams_url": "https://api.github.com/repos/Sophrinix/TryRuby/teams",       "hooks_url": "https://api.github.com/repos/Sophrinix/TryRuby/hooks",       "issue_events_url": "https://api.github.com/repos/Sophrinix/TryRuby/issues/events{/number}",       "events_url": "https://api.github.com/repos/Sophrinix/TryRuby/events",       "assignees_url": "https://api.github.com/repos/Sophrinix/TryRuby/assignees{/user}",       "branches_url": "https://api.github.com/repos/Sophrinix/TryRuby/branches{/branch}",       "tags_url": "https://api.github.com/repos/Sophrinix/TryRuby/tags",       "blobs_url": "https://api.github.com/repos/Sophrinix/TryRuby/git/blobs{/sha}",       "git_tags_url": "https://api.github.com/repos/Sophrinix/TryRuby/git/tags{/sha}",       "git_refs_url": "https://api.github.com/repos/Sophrinix/TryRuby/git/refs{/sha}",       "trees_url": "https://api.github.com/repos/Sophrinix/TryRuby/git/trees{/sha}",       "statuses_url": "https://api.github.com/repos/Sophrinix/TryRuby/statuses/{sha}",       "languages_url": "https://api.github.com/repos/Sophrinix/TryRuby/languages",       "stargazers_url": "https://api.github.com/repos/Sophrinix/TryRuby/stargazers",       "contributors_url": "https://api.github.com/repos/Sophrinix/TryRuby/contributors",       "subscribers_url": "https://api.github.com/repos/Sophrinix/TryRuby/subscribers",       "subscription_url": "https://api.github.com/repos/Sophrinix/TryRuby/subscription",       "commits_url": "https://api.github.com/repos/Sophrinix/TryRuby/commits{/sha}",       "git_commits_url": "https://api.github.com/repos/Sophrinix/TryRuby/git/commits{/sha}",       "comments_url": "https://api.github.com/repos/Sophrinix/TryRuby/comments{/number}",       "issue_comment_url": "https://api.github.com/repos/Sophrinix/TryRuby/issues/comments{/number}",       "contents_url": "https://api.github.com/repos/Sophrinix/TryRuby/contents/{+path}",       "compare_url": "https://api.github.com/repos/Sophrinix/TryRuby/compare/{base}...{head}",       "merges_url": "https://api.github.com/repos/Sophrinix/TryRuby/merges",       "archive_url": "https://api.github.com/repos/Sophrinix/TryRuby/{archive_format}{/ref}",       "downloads_url": "https://api.github.com/repos/Sophrinix/TryRuby/downloads",       "issues_url": "https://api.github.com/repos/Sophrinix/TryRuby/issues{/number}",       "pulls_url": "https://api.github.com/repos/Sophrinix/TryRuby/pulls{/number}",       "milestones_url": "https://api.github.com/repos/Sophrinix/TryRuby/milestones{/number}",       "notifications_url": "https://api.github.com/repos/Sophrinix/TryRuby/notifications{?since,all,participating}",       "labels_url": "https://api.github.com/repos/Sophrinix/TryRuby/labels{/name}",       "releases_url": "https://api.github.com/repos/Sophrinix/TryRuby/releases{/id}",       "deployments_url": "https://api.github.com/repos/Sophrinix/TryRuby/deployments",       "created_at": "2009-08-22T17:31:37Z",       "updated_at": "2019-01-21T09:33:14Z",       "pushed_at": "2018-06-02T04:32:55Z",       "git_url": "git://github.com/Sophrinix/TryRuby.git",       "ssh_url": "git@github.com:Sophrinix/TryRuby.git",       "clone_url": "https://github.com/Sophrinix/TryRuby.git",       "svn_url": "https://github.com/Sophrinix/TryRuby",       "homepage": "tryruby.org",       "size": 881,       "stargazers_count": 346,       "watchers_count": 346,       "language": "HTML",       "has_issues": true,       "has_projects": true,       "has_downloads": true,       "has_wiki": true,       "has_pages": false,       "forks_count": 82,       "mirror_url": null,       "archived": false,       "open_issues_count": 69,       "license": null,       "forks": 82,       "open_issues": 69,       "watchers": 346,       "default_branch": "master",       "score": 21.985699     },     {       "id": 139259807,       "node_id": "MDEwOlJlcG9zaXRvcnkxMzkyNTk4MDc=",       "name": "UserDefaultsStore",       "full_name": "omaralbeik/UserDefaultsStore",       "private": false,       "owner": {         "login": "omaralbeik",         "id": 8127757,         "node_id": "MDQ6VXNlcjgxMjc3NTc=",         "avatar_url": "https://avatars2.githubusercontent.com/u/8127757?v=4",         "gravatar_id": "",         "url": "https://api.github.com/users/omaralbeik",         "html_url": "https://github.com/omaralbeik",         "followers_url": "https://api.github.com/users/omaralbeik/followers",         "following_url": "https://api.github.com/users/omaralbeik/following{/other_user}",         "gists_url": "https://api.github.com/users/omaralbeik/gists{/gist_id}",         "starred_url": "https://api.github.com/users/omaralbeik/starred{/owner}{/repo}",         "subscriptions_url": "https://api.github.com/users/omaralbeik/subscriptions",         "organizations_url": "https://api.github.com/users/omaralbeik/orgs",         "repos_url": "https://api.github.com/users/omaralbeik/repos",         "events_url": "https://api.github.com/users/omaralbeik/events{/privacy}",         "received_events_url": "https://api.github.com/users/omaralbeik/received_events",         "type": "User",         "site_admin": false       },       "html_url": "https://github.com/omaralbeik/UserDefaultsStore",       "description": "Why not use UserDefaults to store Codable objects 😉",       "fork": false,       "url": "https://api.github.com/repos/omaralbeik/UserDefaultsStore",       "forks_url": "https://api.github.com/repos/omaralbeik/UserDefaultsStore/forks",       "keys_url": "https://api.github.com/repos/omaralbeik/UserDefaultsStore/keys{/key_id}",       "collaborators_url": "https://api.github.com/repos/omaralbeik/UserDefaultsStore/collaborators{/collaborator}",       "teams_url": "https://api.github.com/repos/omaralbeik/UserDefaultsStore/teams",       "hooks_url": "https://api.github.com/repos/omaralbeik/UserDefaultsStore/hooks",       "issue_events_url": "https://api.github.com/repos/omaralbeik/UserDefaultsStore/issues/events{/number}",       "events_url": "https://api.github.com/repos/omaralbeik/UserDefaultsStore/events",       "assignees_url": "https://api.github.com/repos/omaralbeik/UserDefaultsStore/assignees{/user}",       "branches_url": "https://api.github.com/repos/omaralbeik/UserDefaultsStore/branches{/branch}",       "tags_url": "https://api.github.com/repos/omaralbeik/UserDefaultsStore/tags",       "blobs_url": "https://api.github.com/repos/omaralbeik/UserDefaultsStore/git/blobs{/sha}",       "git_tags_url": "https://api.github.com/repos/omaralbeik/UserDefaultsStore/git/tags{/sha}",       "git_refs_url": "https://api.github.com/repos/omaralbeik/UserDefaultsStore/git/refs{/sha}",       "trees_url": "https://api.github.com/repos/omaralbeik/UserDefaultsStore/git/trees{/sha}",       "statuses_url": "https://api.github.com/repos/omaralbeik/UserDefaultsStore/statuses/{sha}",       "languages_url": "https://api.github.com/repos/omaralbeik/UserDefaultsStore/languages",       "stargazers_url": "https://api.github.com/repos/omaralbeik/UserDefaultsStore/stargazers",       "contributors_url": "https://api.github.com/repos/omaralbeik/UserDefaultsStore/contributors",       "subscribers_url": "https://api.github.com/repos/omaralbeik/UserDefaultsStore/subscribers",       "subscription_url": "https://api.github.com/repos/omaralbeik/UserDefaultsStore/subscription",       "commits_url": "https://api.github.com/repos/omaralbeik/UserDefaultsStore/commits{/sha}",       "git_commits_url": "https://api.github.com/repos/omaralbeik/UserDefaultsStore/git/commits{/sha}",       "comments_url": "https://api.github.com/repos/omaralbeik/UserDefaultsStore/comments{/number}",       "issue_comment_url": "https://api.github.com/repos/omaralbeik/UserDefaultsStore/issues/comments{/number}",       "contents_url": "https://api.github.com/repos/omaralbeik/UserDefaultsStore/contents/{+path}",       "compare_url": "https://api.github.com/repos/omaralbeik/UserDefaultsStore/compare/{base}...{head}",       "merges_url": "https://api.github.com/repos/omaralbeik/UserDefaultsStore/merges",       "archive_url": "https://api.github.com/repos/omaralbeik/UserDefaultsStore/{archive_format}{/ref}",       "downloads_url": "https://api.github.com/repos/omaralbeik/UserDefaultsStore/downloads",       "issues_url": "https://api.github.com/repos/omaralbeik/UserDefaultsStore/issues{/number}",       "pulls_url": "https://api.github.com/repos/omaralbeik/UserDefaultsStore/pulls{/number}",       "milestones_url": "https://api.github.com/repos/omaralbeik/UserDefaultsStore/milestones{/number}",       "notifications_url": "https://api.github.com/repos/omaralbeik/UserDefaultsStore/notifications{?since,all,participating}",       "labels_url": "https://api.github.com/repos/omaralbeik/UserDefaultsStore/labels{/name}",       "releases_url": "https://api.github.com/repos/omaralbeik/UserDefaultsStore/releases{/id}",       "deployments_url": "https://api.github.com/repos/omaralbeik/UserDefaultsStore/deployments",       "created_at": "2018-06-30T15:29:31Z",       "updated_at": "2019-01-28T22:49:33Z",       "pushed_at": "2018-11-08T05:49:36Z",       "git_url": "git://github.com/omaralbeik/UserDefaultsStore.git",       "ssh_url": "git@github.com:omaralbeik/UserDefaultsStore.git",       "clone_url": "https://github.com/omaralbeik/UserDefaultsStore.git",       "svn_url": "https://github.com/omaralbeik/UserDefaultsStore",       "homepage": null,       "size": 388,       "stargazers_count": 311,       "watchers_count": 311,       "language": "Swift",       "has_issues": true,       "has_projects": false,       "has_downloads": true,       "has_wiki": false,       "has_pages": false,       "forks_count": 13,       "mirror_url": null,       "archived": false,       "open_issues_count": 2,       "license": {         "key": "mit",         "name": "MIT License",         "spdx_id": "MIT",         "url": "https://api.github.com/licenses/mit",         "node_id": "MDc6TGljZW5zZTEz"       },       "forks": 13,       "open_issues": 2,       "watchers": 311,       "default_branch": "master",       "score": 51.53007     },     {       "id": 1666180,       "node_id": "MDEwOlJlcG9zaXRvcnkxNjY2MTgw",       "name": "why_i_love_github",       "full_name": "schacon/why_i_love_github",       "private": false,       "owner": {         "login": "schacon",         "id": 70,         "node_id": "MDQ6VXNlcjcw",         "avatar_url": "https://avatars0.githubusercontent.com/u/70?v=4",         "gravatar_id": "",         "url": "https://api.github.com/users/schacon",         "html_url": "https://github.com/schacon",         "followers_url": "https://api.github.com/users/schacon/followers",         "following_url": "https://api.github.com/users/schacon/following{/other_user}",         "gists_url": "https://api.github.com/users/schacon/gists{/gist_id}",         "starred_url": "https://api.github.com/users/schacon/starred{/owner}{/repo}",         "subscriptions_url": "https://api.github.com/users/schacon/subscriptions",         "organizations_url": "https://api.github.com/users/schacon/orgs",         "repos_url": "https://api.github.com/users/schacon/repos",         "events_url": "https://api.github.com/users/schacon/events{/privacy}",         "received_events_url": "https://api.github.com/users/schacon/received_events",         "type": "User",         "site_admin": false       },       "html_url": "https://github.com/schacon/why_i_love_github",       "description": null,       "fork": false,       "url": "https://api.github.com/repos/schacon/why_i_love_github",       "forks_url": "https://api.github.com/repos/schacon/why_i_love_github/forks",       "keys_url": "https://api.github.com/repos/schacon/why_i_love_github/keys{/key_id}",       "collaborators_url": "https://api.github.com/repos/schacon/why_i_love_github/collaborators{/collaborator}",       "teams_url": "https://api.github.com/repos/schacon/why_i_love_github/teams",       "hooks_url": "https://api.github.com/repos/schacon/why_i_love_github/hooks",       "issue_events_url": "https://api.github.com/repos/schacon/why_i_love_github/issues/events{/number}",       "events_url": "https://api.github.com/repos/schacon/why_i_love_github/events",       "assignees_url": "https://api.github.com/repos/schacon/why_i_love_github/assignees{/user}",       "branches_url": "https://api.github.com/repos/schacon/why_i_love_github/branches{/branch}",       "tags_url": "https://api.github.com/repos/schacon/why_i_love_github/tags",       "blobs_url": "https://api.github.com/repos/schacon/why_i_love_github/git/blobs{/sha}",       "git_tags_url": "https://api.github.com/repos/schacon/why_i_love_github/git/tags{/sha}",       "git_refs_url": "https://api.github.com/repos/schacon/why_i_love_github/git/refs{/sha}",       "trees_url": "https://api.github.com/repos/schacon/why_i_love_github/git/trees{/sha}",       "statuses_url": "https://api.github.com/repos/schacon/why_i_love_github/statuses/{sha}",       "languages_url": "https://api.github.com/repos/schacon/why_i_love_github/languages",       "stargazers_url": "https://api.github.com/repos/schacon/why_i_love_github/stargazers",       "contributors_url": "https://api.github.com/repos/schacon/why_i_love_github/contributors",       "subscribers_url": "https://api.github.com/repos/schacon/why_i_love_github/subscribers",       "subscription_url": "https://api.github.com/repos/schacon/why_i_love_github/subscription",       "commits_url": "https://api.github.com/repos/schacon/why_i_love_github/commits{/sha}",       "git_commits_url": "https://api.github.com/repos/schacon/why_i_love_github/git/commits{/sha}",       "comments_url": "https://api.github.com/repos/schacon/why_i_love_github/comments{/number}",       "issue_comment_url": "https://api.github.com/repos/schacon/why_i_love_github/issues/comments{/number}",       "contents_url": "https://api.github.com/repos/schacon/why_i_love_github/contents/{+path}",       "compare_url": "https://api.github.com/repos/schacon/why_i_love_github/compare/{base}...{head}",       "merges_url": "https://api.github.com/repos/schacon/why_i_love_github/merges",       "archive_url": "https://api.github.com/repos/schacon/why_i_love_github/{archive_format}{/ref}",       "downloads_url": "https://api.github.com/repos/schacon/why_i_love_github/downloads",       "issues_url": "https://api.github.com/repos/schacon/why_i_love_github/issues{/number}",       "pulls_url": "https://api.github.com/repos/schacon/why_i_love_github/pulls{/number}",       "milestones_url": "https://api.github.com/repos/schacon/why_i_love_github/milestones{/number}",       "notifications_url": "https://api.github.com/repos/schacon/why_i_love_github/notifications{?since,all,participating}",       "labels_url": "https://api.github.com/repos/schacon/why_i_love_github/labels{/name}",       "releases_url": "https://api.github.com/repos/schacon/why_i_love_github/releases{/id}",       "deployments_url": "https://api.github.com/repos/schacon/why_i_love_github/deployments",       "created_at": "2011-04-26T17:18:57Z",       "updated_at": "2018-12-26T22:44:49Z",       "pushed_at": "2018-09-06T06:18:12Z",       "git_url": "git://github.com/schacon/why_i_love_github.git",       "ssh_url": "git@github.com:schacon/why_i_love_github.git",       "clone_url": "https://github.com/schacon/why_i_love_github.git",       "svn_url": "https://github.com/schacon/why_i_love_github",       "homepage": "",       "size": 296,       "stargazers_count": 269,       "watchers_count": 269,       "language": null,       "has_issues": true,       "has_projects": true,       "has_downloads": true,       "has_wiki": true,       "has_pages": false,       "forks_count": 202,       "mirror_url": null,       "archived": false,       "open_issues_count": 115,       "license": null,       "forks": 202,       "open_issues": 115,       "watchers": 269,       "default_branch": "master",       "score": 94.841545     },     {       "id": 5762352,       "node_id": "MDEwOlJlcG9zaXRvcnk1NzYyMzUy",       "name": "nightowls",       "full_name": "Swizec/nightowls",       "private": false,       "owner": {         "login": "Swizec",         "id": 56883,         "node_id": "MDQ6VXNlcjU2ODgz",         "avatar_url": "https://avatars0.githubusercontent.com/u/56883?v=4",         "gravatar_id": "",         "url": "https://api.github.com/users/Swizec",         "html_url": "https://github.com/Swizec",         "followers_url": "https://api.github.com/users/Swizec/followers",         "following_url": "https://api.github.com/users/Swizec/following{/other_user}",         "gists_url": "https://api.github.com/users/Swizec/gists{/gist_id}",         "starred_url": "https://api.github.com/users/Swizec/starred{/owner}{/repo}",         "subscriptions_url": "https://api.github.com/users/Swizec/subscriptions",         "organizations_url": "https://api.github.com/users/Swizec/orgs",         "repos_url": "https://api.github.com/users/Swizec/repos",         "events_url": "https://api.github.com/users/Swizec/events{/privacy}",         "received_events_url": "https://api.github.com/users/Swizec/received_events",         "type": "User",         "site_admin": false       },       "html_url": "https://github.com/Swizec/nightowls",       "description": "Why programmers work at night - a book about programmers, by a programmer",       "fork": false,       "url": "https://api.github.com/repos/Swizec/nightowls",       "forks_url": "https://api.github.com/repos/Swizec/nightowls/forks",       "keys_url": "https://api.github.com/repos/Swizec/nightowls/keys{/key_id}",       "collaborators_url": "https://api.github.com/repos/Swizec/nightowls/collaborators{/collaborator}",       "teams_url": "https://api.github.com/repos/Swizec/nightowls/teams",       "hooks_url": "https://api.github.com/repos/Swizec/nightowls/hooks",       "issue_events_url": "https://api.github.com/repos/Swizec/nightowls/issues/events{/number}",       "events_url": "https://api.github.com/repos/Swizec/nightowls/events",       "assignees_url": "https://api.github.com/repos/Swizec/nightowls/assignees{/user}",       "branches_url": "https://api.github.com/repos/Swizec/nightowls/branches{/branch}",       "tags_url": "https://api.github.com/repos/Swizec/nightowls/tags",       "blobs_url": "https://api.github.com/repos/Swizec/nightowls/git/blobs{/sha}",       "git_tags_url": "https://api.github.com/repos/Swizec/nightowls/git/tags{/sha}",       "git_refs_url": "https://api.github.com/repos/Swizec/nightowls/git/refs{/sha}",       "trees_url": "https://api.github.com/repos/Swizec/nightowls/git/trees{/sha}",       "statuses_url": "https://api.github.com/repos/Swizec/nightowls/statuses/{sha}",       "languages_url": "https://api.github.com/repos/Swizec/nightowls/languages",       "stargazers_url": "https://api.github.com/repos/Swizec/nightowls/stargazers",       "contributors_url": "https://api.github.com/repos/Swizec/nightowls/contributors",       "subscribers_url": "https://api.github.com/repos/Swizec/nightowls/subscribers",       "subscription_url": "https://api.github.com/repos/Swizec/nightowls/subscription",       "commits_url": "https://api.github.com/repos/Swizec/nightowls/commits{/sha}",       "git_commits_url": "https://api.github.com/repos/Swizec/nightowls/git/commits{/sha}",       "comments_url": "https://api.github.com/repos/Swizec/nightowls/comments{/number}",       "issue_comment_url": "https://api.github.com/repos/Swizec/nightowls/issues/comments{/number}",       "contents_url": "https://api.github.com/repos/Swizec/nightowls/contents/{+path}",       "compare_url": "https://api.github.com/repos/Swizec/nightowls/compare/{base}...{head}",       "merges_url": "https://api.github.com/repos/Swizec/nightowls/merges",       "archive_url": "https://api.github.com/repos/Swizec/nightowls/{archive_format}{/ref}",       "downloads_url": "https://api.github.com/repos/Swizec/nightowls/downloads",       "issues_url": "https://api.github.com/repos/Swizec/nightowls/issues{/number}",       "pulls_url": "https://api.github.com/repos/Swizec/nightowls/pulls{/number}",       "milestones_url": "https://api.github.com/repos/Swizec/nightowls/milestones{/number}",       "notifications_url": "https://api.github.com/repos/Swizec/nightowls/notifications{?since,all,participating}",       "labels_url": "https://api.github.com/repos/Swizec/nightowls/labels{/name}",       "releases_url": "https://api.github.com/repos/Swizec/nightowls/releases{/id}",       "deployments_url": "https://api.github.com/repos/Swizec/nightowls/deployments",       "created_at": "2012-09-11T08:55:05Z",       "updated_at": "2019-01-22T17:12:56Z",       "pushed_at": "2017-04-24T09:21:43Z",       "git_url": "git://github.com/Swizec/nightowls.git",       "ssh_url": "git@github.com:Swizec/nightowls.git",       "clone_url": "https://github.com/Swizec/nightowls.git",       "svn_url": "https://github.com/Swizec/nightowls",       "homepage": "https://leanpub.com/nightowls",       "size": 1301,       "stargazers_count": 267,       "watchers_count": 267,       "language": null,       "has_issues": true,       "has_projects": true,       "has_downloads": true,       "has_wiki": true,       "has_pages": false,       "forks_count": 23,       "mirror_url": null,       "archived": false,       "open_issues_count": 7,       "license": null,       "forks": 23,       "open_issues": 7,       "watchers": 267,       "default_branch": "master",       "score": 46.148697     },     {       "id": 86715491,       "node_id": "MDEwOlJlcG9zaXRvcnk4NjcxNTQ5MQ==",       "name": "pmdarima",       "full_name": "tgsmith61591/pmdarima",       "private": false,       "owner": {         "login": "tgsmith61591",         "id": 6124706,         "node_id": "MDQ6VXNlcjYxMjQ3MDY=",         "avatar_url": "https://avatars0.githubusercontent.com/u/6124706?v=4",         "gravatar_id": "",         "url": "https://api.github.com/users/tgsmith61591",         "html_url": "https://github.com/tgsmith61591",         "followers_url": "https://api.github.com/users/tgsmith61591/followers",         "following_url": "https://api.github.com/users/tgsmith61591/following{/other_user}",         "gists_url": "https://api.github.com/users/tgsmith61591/gists{/gist_id}",         "starred_url": "https://api.github.com/users/tgsmith61591/starred{/owner}{/repo}",         "subscriptions_url": "https://api.github.com/users/tgsmith61591/subscriptions",         "organizations_url": "https://api.github.com/users/tgsmith61591/orgs",         "repos_url": "https://api.github.com/users/tgsmith61591/repos",         "events_url": "https://api.github.com/users/tgsmith61591/events{/privacy}",         "received_events_url": "https://api.github.com/users/tgsmith61591/received_events",         "type": "User",         "site_admin": false       },       "html_url": "https://github.com/tgsmith61591/pmdarima",       "description": "A package that brings R's beloved auto.arima to Python, making an even stronger case for why Python > R for data science. ",       "fork": false,       "url": "https://api.github.com/repos/tgsmith61591/pmdarima",       "forks_url": "https://api.github.com/repos/tgsmith61591/pmdarima/forks",       "keys_url": "https://api.github.com/repos/tgsmith61591/pmdarima/keys{/key_id}",       "collaborators_url": "https://api.github.com/repos/tgsmith61591/pmdarima/collaborators{/collaborator}",       "teams_url": "https://api.github.com/repos/tgsmith61591/pmdarima/teams",       "hooks_url": "https://api.github.com/repos/tgsmith61591/pmdarima/hooks",       "issue_events_url": "https://api.github.com/repos/tgsmith61591/pmdarima/issues/events{/number}",       "events_url": "https://api.github.com/repos/tgsmith61591/pmdarima/events",       "assignees_url": "https://api.github.com/repos/tgsmith61591/pmdarima/assignees{/user}",       "branches_url": "https://api.github.com/repos/tgsmith61591/pmdarima/branches{/branch}",       "tags_url": "https://api.github.com/repos/tgsmith61591/pmdarima/tags",       "blobs_url": "https://api.github.com/repos/tgsmith61591/pmdarima/git/blobs{/sha}",       "git_tags_url": "https://api.github.com/repos/tgsmith61591/pmdarima/git/tags{/sha}",       "git_refs_url": "https://api.github.com/repos/tgsmith61591/pmdarima/git/refs{/sha}",       "trees_url": "https://api.github.com/repos/tgsmith61591/pmdarima/git/trees{/sha}",       "statuses_url": "https://api.github.com/repos/tgsmith61591/pmdarima/statuses/{sha}",       "languages_url": "https://api.github.com/repos/tgsmith61591/pmdarima/languages",       "stargazers_url": "https://api.github.com/repos/tgsmith61591/pmdarima/stargazers",       "contributors_url": "https://api.github.com/repos/tgsmith61591/pmdarima/contributors",       "subscribers_url": "https://api.github.com/repos/tgsmith61591/pmdarima/subscribers",       "subscription_url": "https://api.github.com/repos/tgsmith61591/pmdarima/subscription",       "commits_url": "https://api.github.com/repos/tgsmith61591/pmdarima/commits{/sha}",       "git_commits_url": "https://api.github.com/repos/tgsmith61591/pmdarima/git/commits{/sha}",       "comments_url": "https://api.github.com/repos/tgsmith61591/pmdarima/comments{/number}",       "issue_comment_url": "https://api.github.com/repos/tgsmith61591/pmdarima/issues/comments{/number}",       "contents_url": "https://api.github.com/repos/tgsmith61591/pmdarima/contents/{+path}",       "compare_url": "https://api.github.com/repos/tgsmith61591/pmdarima/compare/{base}...{head}",       "merges_url": "https://api.github.com/repos/tgsmith61591/pmdarima/merges",       "archive_url": "https://api.github.com/repos/tgsmith61591/pmdarima/{archive_format}{/ref}",       "downloads_url": "https://api.github.com/repos/tgsmith61591/pmdarima/downloads",       "issues_url": "https://api.github.com/repos/tgsmith61591/pmdarima/issues{/number}",       "pulls_url": "https://api.github.com/repos/tgsmith61591/pmdarima/pulls{/number}",       "milestones_url": "https://api.github.com/repos/tgsmith61591/pmdarima/milestones{/number}",       "notifications_url": "https://api.github.com/repos/tgsmith61591/pmdarima/notifications{?since,all,participating}",       "labels_url": "https://api.github.com/repos/tgsmith61591/pmdarima/labels{/name}",       "releases_url": "https://api.github.com/repos/tgsmith61591/pmdarima/releases{/id}",       "deployments_url": "https://api.github.com/repos/tgsmith61591/pmdarima/deployments",       "created_at": "2017-03-30T14:58:30Z",       "updated_at": "2019-01-27T16:57:38Z",       "pushed_at": "2019-01-21T21:26:02Z",       "git_url": "git://github.com/tgsmith61591/pmdarima.git",       "ssh_url": "git@github.com:tgsmith61591/pmdarima.git",       "clone_url": "https://github.com/tgsmith61591/pmdarima.git",       "svn_url": "https://github.com/tgsmith61591/pmdarima",       "homepage": "https://www.alkaline-ml.com/pmdarima",       "size": 60561,       "stargazers_count": 254,       "watchers_count": 254,       "language": "Python",       "has_issues": true,       "has_projects": true,       "has_downloads": true,       "has_wiki": true,       "has_pages": true,       "forks_count": 64,       "mirror_url": null,       "archived": false,       "open_issues_count": 1,       "license": {         "key": "mit",         "name": "MIT License",         "spdx_id": "MIT",         "url": "https://api.github.com/licenses/mit",         "node_id": "MDc6TGljZW5zZTEz"       },       "forks": 64,       "open_issues": 1,       "watchers": 254,       "default_branch": "master",       "score": 37.53439     },     {       "id": 72917308,       "node_id": "MDEwOlJlcG9zaXRvcnk3MjkxNzMwOA==",       "name": "learn-elm",       "full_name": "dwyl/learn-elm",       "private": false,       "owner": {         "login": "dwyl",         "id": 11708465,         "node_id": "MDEyOk9yZ2FuaXphdGlvbjExNzA4NDY1",         "avatar_url": "https://avatars1.githubusercontent.com/u/11708465?v=4",         "gravatar_id": "",         "url": "https://api.github.com/users/dwyl",         "html_url": "https://github.com/dwyl",         "followers_url": "https://api.github.com/users/dwyl/followers",         "following_url": "https://api.github.com/users/dwyl/following{/other_user}",         "gists_url": "https://api.github.com/users/dwyl/gists{/gist_id}",         "starred_url": "https://api.github.com/users/dwyl/starred{/owner}{/repo}",         "subscriptions_url": "https://api.github.com/users/dwyl/subscriptions",         "organizations_url": "https://api.github.com/users/dwyl/orgs",         "repos_url": "https://api.github.com/users/dwyl/repos",         "events_url": "https://api.github.com/users/dwyl/events{/privacy}",         "received_events_url": "https://api.github.com/users/dwyl/received_events",         "type": "Organization",         "site_admin": false       },       "html_url": "https://github.com/dwyl/learn-elm",       "description": ":rainbow: discover why people are switching to Elm and how you can get started today!",       "fork": false,       "url": "https://api.github.com/repos/dwyl/learn-elm",       "forks_url": "https://api.github.com/repos/dwyl/learn-elm/forks",       "keys_url": "https://api.github.com/repos/dwyl/learn-elm/keys{/key_id}",       "collaborators_url": "https://api.github.com/repos/dwyl/learn-elm/collaborators{/collaborator}",       "teams_url": "https://api.github.com/repos/dwyl/learn-elm/teams",       "hooks_url": "https://api.github.com/repos/dwyl/learn-elm/hooks",       "issue_events_url": "https://api.github.com/repos/dwyl/learn-elm/issues/events{/number}",       "events_url": "https://api.github.com/repos/dwyl/learn-elm/events",       "assignees_url": "https://api.github.com/repos/dwyl/learn-elm/assignees{/user}",       "branches_url": "https://api.github.com/repos/dwyl/learn-elm/branches{/branch}",       "tags_url": "https://api.github.com/repos/dwyl/learn-elm/tags",       "blobs_url": "https://api.github.com/repos/dwyl/learn-elm/git/blobs{/sha}",       "git_tags_url": "https://api.github.com/repos/dwyl/learn-elm/git/tags{/sha}",       "git_refs_url": "https://api.github.com/repos/dwyl/learn-elm/git/refs{/sha}",       "trees_url": "https://api.github.com/repos/dwyl/learn-elm/git/trees{/sha}",       "statuses_url": "https://api.github.com/repos/dwyl/learn-elm/statuses/{sha}",       "languages_url": "https://api.github.com/repos/dwyl/learn-elm/languages",       "stargazers_url": "https://api.github.com/repos/dwyl/learn-elm/stargazers",       "contributors_url": "https://api.github.com/repos/dwyl/learn-elm/contributors",       "subscribers_url": "https://api.github.com/repos/dwyl/learn-elm/subscribers",       "subscription_url": "https://api.github.com/repos/dwyl/learn-elm/subscription",       "commits_url": "https://api.github.com/repos/dwyl/learn-elm/commits{/sha}",       "git_commits_url": "https://api.github.com/repos/dwyl/learn-elm/git/commits{/sha}",       "comments_url": "https://api.github.com/repos/dwyl/learn-elm/comments{/number}",       "issue_comment_url": "https://api.github.com/repos/dwyl/learn-elm/issues/comments{/number}",       "contents_url": "https://api.github.com/repos/dwyl/learn-elm/contents/{+path}",       "compare_url": "https://api.github.com/repos/dwyl/learn-elm/compare/{base}...{head}",       "merges_url": "https://api.github.com/repos/dwyl/learn-elm/merges",       "archive_url": "https://api.github.com/repos/dwyl/learn-elm/{archive_format}{/ref}",       "downloads_url": "https://api.github.com/repos/dwyl/learn-elm/downloads",       "issues_url": "https://api.github.com/repos/dwyl/learn-elm/issues{/number}",       "pulls_url": "https://api.github.com/repos/dwyl/learn-elm/pulls{/number}",       "milestones_url": "https://api.github.com/repos/dwyl/learn-elm/milestones{/number}",       "notifications_url": "https://api.github.com/repos/dwyl/learn-elm/notifications{?since,all,participating}",       "labels_url": "https://api.github.com/repos/dwyl/learn-elm/labels{/name}",       "releases_url": "https://api.github.com/repos/dwyl/learn-elm/releases{/id}",       "deployments_url": "https://api.github.com/repos/dwyl/learn-elm/deployments",       "created_at": "2016-11-05T09:45:12Z",       "updated_at": "2019-01-25T17:03:04Z",       "pushed_at": "2018-12-04T22:17:50Z",       "git_url": "git://github.com/dwyl/learn-elm.git",       "ssh_url": "git@github.com:dwyl/learn-elm.git",       "clone_url": "https://github.com/dwyl/learn-elm.git",       "svn_url": "https://github.com/dwyl/learn-elm",       "homepage": "https://github.com/dwyl/learn-elm",       "size": 622,       "stargazers_count": 238,       "watchers_count": 238,       "language": "HTML",       "has_issues": true,       "has_projects": true,       "has_downloads": true,       "has_wiki": true,       "has_pages": false,       "forks_count": 19,       "mirror_url": null,       "archived": false,       "open_issues_count": 78,       "license": null,       "forks": 19,       "open_issues": 78,       "watchers": 238,       "default_branch": "master",       "score": 44.098446     },     {       "id": 35120209,       "node_id": "MDEwOlJlcG9zaXRvcnkzNTEyMDIwOQ==",       "name": "wtfnode",       "full_name": "myndzi/wtfnode",       "private": false,       "owner": {         "login": "myndzi",         "id": 1588419,         "node_id": "MDQ6VXNlcjE1ODg0MTk=",         "avatar_url": "https://avatars1.githubusercontent.com/u/1588419?v=4",         "gravatar_id": "",         "url": "https://api.github.com/users/myndzi",         "html_url": "https://github.com/myndzi",         "followers_url": "https://api.github.com/users/myndzi/followers",         "following_url": "https://api.github.com/users/myndzi/following{/other_user}",         "gists_url": "https://api.github.com/users/myndzi/gists{/gist_id}",         "starred_url": "https://api.github.com/users/myndzi/starred{/owner}{/repo}",         "subscriptions_url": "https://api.github.com/users/myndzi/subscriptions",         "organizations_url": "https://api.github.com/users/myndzi/orgs",         "repos_url": "https://api.github.com/users/myndzi/repos",         "events_url": "https://api.github.com/users/myndzi/events{/privacy}",         "received_events_url": "https://api.github.com/users/myndzi/received_events",         "type": "User",         "site_admin": false       },       "html_url": "https://github.com/myndzi/wtfnode",       "description": "Utility to help find out why Node isn't exiting",       "fork": false,       "url": "https://api.github.com/repos/myndzi/wtfnode",       "forks_url": "https://api.github.com/repos/myndzi/wtfnode/forks",       "keys_url": "https://api.github.com/repos/myndzi/wtfnode/keys{/key_id}",       "collaborators_url": "https://api.github.com/repos/myndzi/wtfnode/collaborators{/collaborator}",       "teams_url": "https://api.github.com/repos/myndzi/wtfnode/teams",       "hooks_url": "https://api.github.com/repos/myndzi/wtfnode/hooks",       "issue_events_url": "https://api.github.com/repos/myndzi/wtfnode/issues/events{/number}",       "events_url": "https://api.github.com/repos/myndzi/wtfnode/events",       "assignees_url": "https://api.github.com/repos/myndzi/wtfnode/assignees{/user}",       "branches_url": "https://api.github.com/repos/myndzi/wtfnode/branches{/branch}",       "tags_url": "https://api.github.com/repos/myndzi/wtfnode/tags",       "blobs_url": "https://api.github.com/repos/myndzi/wtfnode/git/blobs{/sha}",       "git_tags_url": "https://api.github.com/repos/myndzi/wtfnode/git/tags{/sha}",       "git_refs_url": "https://api.github.com/repos/myndzi/wtfnode/git/refs{/sha}",       "trees_url": "https://api.github.com/repos/myndzi/wtfnode/git/trees{/sha}",       "statuses_url": "https://api.github.com/repos/myndzi/wtfnode/statuses/{sha}",       "languages_url": "https://api.github.com/repos/myndzi/wtfnode/languages",       "stargazers_url": "https://api.github.com/repos/myndzi/wtfnode/stargazers",       "contributors_url": "https://api.github.com/repos/myndzi/wtfnode/contributors",       "subscribers_url": "https://api.github.com/repos/myndzi/wtfnode/subscribers",       "subscription_url": "https://api.github.com/repos/myndzi/wtfnode/subscription",       "commits_url": "https://api.github.com/repos/myndzi/wtfnode/commits{/sha}",       "git_commits_url": "https://api.github.com/repos/myndzi/wtfnode/git/commits{/sha}",       "comments_url": "https://api.github.com/repos/myndzi/wtfnode/comments{/number}",       "issue_comment_url": "https://api.github.com/repos/myndzi/wtfnode/issues/comments{/number}",       "contents_url": "https://api.github.com/repos/myndzi/wtfnode/contents/{+path}",       "compare_url": "https://api.github.com/repos/myndzi/wtfnode/compare/{base}...{head}",       "merges_url": "https://api.github.com/repos/myndzi/wtfnode/merges",       "archive_url": "https://api.github.com/repos/myndzi/wtfnode/{archive_format}{/ref}",       "downloads_url": "https://api.github.com/repos/myndzi/wtfnode/downloads",       "issues_url": "https://api.github.com/repos/myndzi/wtfnode/issues{/number}",       "pulls_url": "https://api.github.com/repos/myndzi/wtfnode/pulls{/number}",       "milestones_url": "https://api.github.com/repos/myndzi/wtfnode/milestones{/number}",       "notifications_url": "https://api.github.com/repos/myndzi/wtfnode/notifications{?since,all,participating}",       "labels_url": "https://api.github.com/repos/myndzi/wtfnode/labels{/name}",       "releases_url": "https://api.github.com/repos/myndzi/wtfnode/releases{/id}",       "deployments_url": "https://api.github.com/repos/myndzi/wtfnode/deployments",       "created_at": "2015-05-05T19:42:42Z",       "updated_at": "2019-01-23T23:23:20Z",       "pushed_at": "2019-01-15T03:26:56Z",       "git_url": "git://github.com/myndzi/wtfnode.git",       "ssh_url": "git@github.com:myndzi/wtfnode.git",       "clone_url": "https://github.com/myndzi/wtfnode.git",       "svn_url": "https://github.com/myndzi/wtfnode",       "homepage": null,       "size": 59,       "stargazers_count": 237,       "watchers_count": 237,       "language": "JavaScript",       "has_issues": true,       "has_projects": true,       "has_downloads": true,       "has_wiki": true,       "has_pages": false,       "forks_count": 14,       "mirror_url": null,       "archived": false,       "open_issues_count": 0,       "license": null,       "forks": 14,       "open_issues": 0,       "watchers": 237,       "default_branch": "master",       "score": 51.472202     },     {       "id": 539003,       "node_id": "MDEwOlJlcG9zaXRvcnk1MzkwMDM=",       "name": "jquery-outside-events",       "full_name": "cowboy/jquery-outside-events",       "private": false,       "owner": {         "login": "cowboy",         "id": 54051,         "node_id": "MDQ6VXNlcjU0MDUx",         "avatar_url": "https://avatars0.githubusercontent.com/u/54051?v=4",         "gravatar_id": "",         "url": "https://api.github.com/users/cowboy",         "html_url": "https://github.com/cowboy",         "followers_url": "https://api.github.com/users/cowboy/followers",         "following_url": "https://api.github.com/users/cowboy/following{/other_user}",         "gists_url": "https://api.github.com/users/cowboy/gists{/gist_id}",         "starred_url": "https://api.github.com/users/cowboy/starred{/owner}{/repo}",         "subscriptions_url": "https://api.github.com/users/cowboy/subscriptions",         "organizations_url": "https://api.github.com/users/cowboy/orgs",         "repos_url": "https://api.github.com/users/cowboy/repos",         "events_url": "https://api.github.com/users/cowboy/events{/privacy}",         "received_events_url": "https://api.github.com/users/cowboy/received_events",         "type": "User",         "site_admin": false       },       "html_url": "https://github.com/cowboy/jquery-outside-events",       "description": "Why trigger an event on something, when you can trigger it on everything else?",       "fork": false,       "url": "https://api.github.com/repos/cowboy/jquery-outside-events",       "forks_url": "https://api.github.com/repos/cowboy/jquery-outside-events/forks",       "keys_url": "https://api.github.com/repos/cowboy/jquery-outside-events/keys{/key_id}",       "collaborators_url": "https://api.github.com/repos/cowboy/jquery-outside-events/collaborators{/collaborator}",       "teams_url": "https://api.github.com/repos/cowboy/jquery-outside-events/teams",       "hooks_url": "https://api.github.com/repos/cowboy/jquery-outside-events/hooks",       "issue_events_url": "https://api.github.com/repos/cowboy/jquery-outside-events/issues/events{/number}",       "events_url": "https://api.github.com/repos/cowboy/jquery-outside-events/events",       "assignees_url": "https://api.github.com/repos/cowboy/jquery-outside-events/assignees{/user}",       "branches_url": "https://api.github.com/repos/cowboy/jquery-outside-events/branches{/branch}",       "tags_url": "https://api.github.com/repos/cowboy/jquery-outside-events/tags",       "blobs_url": "https://api.github.com/repos/cowboy/jquery-outside-events/git/blobs{/sha}",       "git_tags_url": "https://api.github.com/repos/cowboy/jquery-outside-events/git/tags{/sha}",       "git_refs_url": "https://api.github.com/repos/cowboy/jquery-outside-events/git/refs{/sha}",       "trees_url": "https://api.github.com/repos/cowboy/jquery-outside-events/git/trees{/sha}",       "statuses_url": "https://api.github.com/repos/cowboy/jquery-outside-events/statuses/{sha}",       "languages_url": "https://api.github.com/repos/cowboy/jquery-outside-events/languages",       "stargazers_url": "https://api.github.com/repos/cowboy/jquery-outside-events/stargazers",       "contributors_url": "https://api.github.com/repos/cowboy/jquery-outside-events/contributors",       "subscribers_url": "https://api.github.com/repos/cowboy/jquery-outside-events/subscribers",       "subscription_url": "https://api.github.com/repos/cowboy/jquery-outside-events/subscription",       "commits_url": "https://api.github.com/repos/cowboy/jquery-outside-events/commits{/sha}",       "git_commits_url": "https://api.github.com/repos/cowboy/jquery-outside-events/git/commits{/sha}",       "comments_url": "https://api.github.com/repos/cowboy/jquery-outside-events/comments{/number}",       "issue_comment_url": "https://api.github.com/repos/cowboy/jquery-outside-events/issues/comments{/number}",       "contents_url": "https://api.github.com/repos/cowboy/jquery-outside-events/contents/{+path}",       "compare_url": "https://api.github.com/repos/cowboy/jquery-outside-events/compare/{base}...{head}",       "merges_url": "https://api.github.com/repos/cowboy/jquery-outside-events/merges",       "archive_url": "https://api.github.com/repos/cowboy/jquery-outside-events/{archive_format}{/ref}",       "downloads_url": "https://api.github.com/repos/cowboy/jquery-outside-events/downloads",       "issues_url": "https://api.github.com/repos/cowboy/jquery-outside-events/issues{/number}",       "pulls_url": "https://api.github.com/repos/cowboy/jquery-outside-events/pulls{/number}",       "milestones_url": "https://api.github.com/repos/cowboy/jquery-outside-events/milestones{/number}",       "notifications_url": "https://api.github.com/repos/cowboy/jquery-outside-events/notifications{?since,all,participating}",       "labels_url": "https://api.github.com/repos/cowboy/jquery-outside-events/labels{/name}",       "releases_url": "https://api.github.com/repos/cowboy/jquery-outside-events/releases{/id}",       "deployments_url": "https://api.github.com/repos/cowboy/jquery-outside-events/deployments",       "created_at": "2010-02-27T19:56:14Z",       "updated_at": "2019-01-23T22:10:28Z",       "pushed_at": "2016-04-03T09:27:45Z",       "git_url": "git://github.com/cowboy/jquery-outside-events.git",       "ssh_url": "git@github.com:cowboy/jquery-outside-events.git",       "clone_url": "https://github.com/cowboy/jquery-outside-events.git",       "svn_url": "https://github.com/cowboy/jquery-outside-events",       "homepage": "http://benalman.com/projects/jquery-clickoutside-plugin/",       "size": 320,       "stargazers_count": 236,       "watchers_count": 236,       "language": "JavaScript",       "has_issues": true,       "has_projects": true,       "has_downloads": true,       "has_wiki": true,       "has_pages": false,       "forks_count": 44,       "mirror_url": null,       "archived": false,       "open_issues_count": 10,       "license": {         "key": "other",         "name": "Other",         "spdx_id": "NOASSERTION",         "url": null,         "node_id": "MDc6TGljZW5zZTA="       },       "forks": 44,       "open_issues": 10,       "watchers": 236,       "default_branch": "master",       "score": 49.765408     },     {       "id": 124265580,       "node_id": "MDEwOlJlcG9zaXRvcnkxMjQyNjU1ODA=",       "name": "Viewpager-Transformation",       "full_name": "dipanshukr/Viewpager-Transformation",       "private": false,       "owner": {         "login": "dipanshukr",         "id": 29334373,         "node_id": "MDQ6VXNlcjI5MzM0Mzcz",         "avatar_url": "https://avatars3.githubusercontent.com/u/29334373?v=4",         "gravatar_id": "",         "url": "https://api.github.com/users/dipanshukr",         "html_url": "https://github.com/dipanshukr",         "followers_url": "https://api.github.com/users/dipanshukr/followers",         "following_url": "https://api.github.com/users/dipanshukr/following{/other_user}",         "gists_url": "https://api.github.com/users/dipanshukr/gists{/gist_id}",         "starred_url": "https://api.github.com/users/dipanshukr/starred{/owner}{/repo}",         "subscriptions_url": "https://api.github.com/users/dipanshukr/subscriptions",         "organizations_url": "https://api.github.com/users/dipanshukr/orgs",         "repos_url": "https://api.github.com/users/dipanshukr/repos",         "events_url": "https://api.github.com/users/dipanshukr/events{/privacy}",         "received_events_url": "https://api.github.com/users/dipanshukr/received_events",         "type": "User",         "site_admin": false       },       "html_url": "https://github.com/dipanshukr/Viewpager-Transformation",       "description": "Why use dependencies when you create your own transformations for Viewpager ?",       "fork": false,       "url": "https://api.github.com/repos/dipanshukr/Viewpager-Transformation",       "forks_url": "https://api.github.com/repos/dipanshukr/Viewpager-Transformation/forks",       "keys_url": "https://api.github.com/repos/dipanshukr/Viewpager-Transformation/keys{/key_id}",       "collaborators_url": "https://api.github.com/repos/dipanshukr/Viewpager-Transformation/collaborators{/collaborator}",       "teams_url": "https://api.github.com/repos/dipanshukr/Viewpager-Transformation/teams",       "hooks_url": "https://api.github.com/repos/dipanshukr/Viewpager-Transformation/hooks",       "issue_events_url": "https://api.github.com/repos/dipanshukr/Viewpager-Transformation/issues/events{/number}",       "events_url": "https://api.github.com/repos/dipanshukr/Viewpager-Transformation/events",       "assignees_url": "https://api.github.com/repos/dipanshukr/Viewpager-Transformation/assignees{/user}",       "branches_url": "https://api.github.com/repos/dipanshukr/Viewpager-Transformation/branches{/branch}",       "tags_url": "https://api.github.com/repos/dipanshukr/Viewpager-Transformation/tags",       "blobs_url": "https://api.github.com/repos/dipanshukr/Viewpager-Transformation/git/blobs{/sha}",       "git_tags_url": "https://api.github.com/repos/dipanshukr/Viewpager-Transformation/git/tags{/sha}",       "git_refs_url": "https://api.github.com/repos/dipanshukr/Viewpager-Transformation/git/refs{/sha}",       "trees_url": "https://api.github.com/repos/dipanshukr/Viewpager-Transformation/git/trees{/sha}",       "statuses_url": "https://api.github.com/repos/dipanshukr/Viewpager-Transformation/statuses/{sha}",       "languages_url": "https://api.github.com/repos/dipanshukr/Viewpager-Transformation/languages",       "stargazers_url": "https://api.github.com/repos/dipanshukr/Viewpager-Transformation/stargazers",       "contributors_url": "https://api.github.com/repos/dipanshukr/Viewpager-Transformation/contributors",       "subscribers_url": "https://api.github.com/repos/dipanshukr/Viewpager-Transformation/subscribers",       "subscription_url": "https://api.github.com/repos/dipanshukr/Viewpager-Transformation/subscription",       "commits_url": "https://api.github.com/repos/dipanshukr/Viewpager-Transformation/commits{/sha}",       "git_commits_url": "https://api.github.com/repos/dipanshukr/Viewpager-Transformation/git/commits{/sha}",       "comments_url": "https://api.github.com/repos/dipanshukr/Viewpager-Transformation/comments{/number}",       "issue_comment_url": "https://api.github.com/repos/dipanshukr/Viewpager-Transformation/issues/comments{/number}",       "contents_url": "https://api.github.com/repos/dipanshukr/Viewpager-Transformation/contents/{+path}",       "compare_url": "https://api.github.com/repos/dipanshukr/Viewpager-Transformation/compare/{base}...{head}",       "merges_url": "https://api.github.com/repos/dipanshukr/Viewpager-Transformation/merges",       "archive_url": "https://api.github.com/repos/dipanshukr/Viewpager-Transformation/{archive_format}{/ref}",       "downloads_url": "https://api.github.com/repos/dipanshukr/Viewpager-Transformation/downloads",       "issues_url": "https://api.github.com/repos/dipanshukr/Viewpager-Transformation/issues{/number}",       "pulls_url": "https://api.github.com/repos/dipanshukr/Viewpager-Transformation/pulls{/number}",       "milestones_url": "https://api.github.com/repos/dipanshukr/Viewpager-Transformation/milestones{/number}",       "notifications_url": "https://api.github.com/repos/dipanshukr/Viewpager-Transformation/notifications{?since,all,participating}",       "labels_url": "https://api.github.com/repos/dipanshukr/Viewpager-Transformation/labels{/name}",       "releases_url": "https://api.github.com/repos/dipanshukr/Viewpager-Transformation/releases{/id}",       "deployments_url": "https://api.github.com/repos/dipanshukr/Viewpager-Transformation/deployments",       "created_at": "2018-03-07T16:45:42Z",       "updated_at": "2019-01-27T11:19:10Z",       "pushed_at": "2018-06-21T07:17:59Z",       "git_url": "git://github.com/dipanshukr/Viewpager-Transformation.git",       "ssh_url": "git@github.com:dipanshukr/Viewpager-Transformation.git",       "clone_url": "https://github.com/dipanshukr/Viewpager-Transformation.git",       "svn_url": "https://github.com/dipanshukr/Viewpager-Transformation",       "homepage": "",       "size": 181654,       "stargazers_count": 230,       "watchers_count": 230,       "language": "Java",       "has_issues": true,       "has_projects": true,       "has_downloads": true,       "has_wiki": true,       "has_pages": true,       "forks_count": 44,       "mirror_url": null,       "archived": false,       "open_issues_count": 1,       "license": null,       "forks": 44,       "open_issues": 1,       "watchers": 230,       "default_branch": "master",       "score": 49.985416     },     {       "id": 17420185,       "node_id": "MDEwOlJlcG9zaXRvcnkxNzQyMDE4NQ==",       "name": "enemy-of-the-state",       "full_name": "jspahrsummers/enemy-of-the-state",       "private": false,       "owner": {         "login": "jspahrsummers",         "id": 432536,         "node_id": "MDQ6VXNlcjQzMjUzNg==",         "avatar_url": "https://avatars0.githubusercontent.com/u/432536?v=4",         "gravatar_id": "",         "url": "https://api.github.com/users/jspahrsummers",         "html_url": "https://github.com/jspahrsummers",         "followers_url": "https://api.github.com/users/jspahrsummers/followers",         "following_url": "https://api.github.com/users/jspahrsummers/following{/other_user}",         "gists_url": "https://api.github.com/users/jspahrsummers/gists{/gist_id}",         "starred_url": "https://api.github.com/users/jspahrsummers/starred{/owner}{/repo}",         "subscriptions_url": "https://api.github.com/users/jspahrsummers/subscriptions",         "organizations_url": "https://api.github.com/users/jspahrsummers/orgs",         "repos_url": "https://api.github.com/users/jspahrsummers/repos",         "events_url": "https://api.github.com/users/jspahrsummers/events{/privacy}",         "received_events_url": "https://api.github.com/users/jspahrsummers/received_events",         "type": "User",         "site_admin": false       },       "html_url": "https://github.com/jspahrsummers/enemy-of-the-state",       "description": "My talk explaining what state is and why it's so harmful",       "fork": false,       "url": "https://api.github.com/repos/jspahrsummers/enemy-of-the-state",       "forks_url": "https://api.github.com/repos/jspahrsummers/enemy-of-the-state/forks",       "keys_url": "https://api.github.com/repos/jspahrsummers/enemy-of-the-state/keys{/key_id}",       "collaborators_url": "https://api.github.com/repos/jspahrsummers/enemy-of-the-state/collaborators{/collaborator}",       "teams_url": "https://api.github.com/repos/jspahrsummers/enemy-of-the-state/teams",       "hooks_url": "https://api.github.com/repos/jspahrsummers/enemy-of-the-state/hooks",       "issue_events_url": "https://api.github.com/repos/jspahrsummers/enemy-of-the-state/issues/events{/number}",       "events_url": "https://api.github.com/repos/jspahrsummers/enemy-of-the-state/events",       "assignees_url": "https://api.github.com/repos/jspahrsummers/enemy-of-the-state/assignees{/user}",       "branches_url": "https://api.github.com/repos/jspahrsummers/enemy-of-the-state/branches{/branch}",       "tags_url": "https://api.github.com/repos/jspahrsummers/enemy-of-the-state/tags",       "blobs_url": "https://api.github.com/repos/jspahrsummers/enemy-of-the-state/git/blobs{/sha}",       "git_tags_url": "https://api.github.com/repos/jspahrsummers/enemy-of-the-state/git/tags{/sha}",       "git_refs_url": "https://api.github.com/repos/jspahrsummers/enemy-of-the-state/git/refs{/sha}",       "trees_url": "https://api.github.com/repos/jspahrsummers/enemy-of-the-state/git/trees{/sha}",       "statuses_url": "https://api.github.com/repos/jspahrsummers/enemy-of-the-state/statuses/{sha}",       "languages_url": "https://api.github.com/repos/jspahrsummers/enemy-of-the-state/languages",       "stargazers_url": "https://api.github.com/repos/jspahrsummers/enemy-of-the-state/stargazers",       "contributors_url": "https://api.github.com/repos/jspahrsummers/enemy-of-the-state/contributors",       "subscribers_url": "https://api.github.com/repos/jspahrsummers/enemy-of-the-state/subscribers",       "subscription_url": "https://api.github.com/repos/jspahrsummers/enemy-of-the-state/subscription",       "commits_url": "https://api.github.com/repos/jspahrsummers/enemy-of-the-state/commits{/sha}",       "git_commits_url": "https://api.github.com/repos/jspahrsummers/enemy-of-the-state/git/commits{/sha}",       "comments_url": "https://api.github.com/repos/jspahrsummers/enemy-of-the-state/comments{/number}",       "issue_comment_url": "https://api.github.com/repos/jspahrsummers/enemy-of-the-state/issues/comments{/number}",       "contents_url": "https://api.github.com/repos/jspahrsummers/enemy-of-the-state/contents/{+path}",       "compare_url": "https://api.github.com/repos/jspahrsummers/enemy-of-the-state/compare/{base}...{head}",       "merges_url": "https://api.github.com/repos/jspahrsummers/enemy-of-the-state/merges",       "archive_url": "https://api.github.com/repos/jspahrsummers/enemy-of-the-state/{archive_format}{/ref}",       "downloads_url": "https://api.github.com/repos/jspahrsummers/enemy-of-the-state/downloads",       "issues_url": "https://api.github.com/repos/jspahrsummers/enemy-of-the-state/issues{/number}",       "pulls_url": "https://api.github.com/repos/jspahrsummers/enemy-of-the-state/pulls{/number}",       "milestones_url": "https://api.github.com/repos/jspahrsummers/enemy-of-the-state/milestones{/number}",       "notifications_url": "https://api.github.com/repos/jspahrsummers/enemy-of-the-state/notifications{?since,all,participating}",       "labels_url": "https://api.github.com/repos/jspahrsummers/enemy-of-the-state/labels{/name}",       "releases_url": "https://api.github.com/repos/jspahrsummers/enemy-of-the-state/releases{/id}",       "deployments_url": "https://api.github.com/repos/jspahrsummers/enemy-of-the-state/deployments",       "created_at": "2014-03-04T22:49:56Z",       "updated_at": "2018-12-26T21:07:06Z",       "pushed_at": "2017-07-26T14:26:39Z",       "git_url": "git://github.com/jspahrsummers/enemy-of-the-state.git",       "ssh_url": "git@github.com:jspahrsummers/enemy-of-the-state.git",       "clone_url": "https://github.com/jspahrsummers/enemy-of-the-state.git",       "svn_url": "https://github.com/jspahrsummers/enemy-of-the-state",       "homepage": "",       "size": 46901,       "stargazers_count": 208,       "watchers_count": 208,       "language": "Swift",       "has_issues": true,       "has_projects": true,       "has_downloads": true,       "has_wiki": false,       "has_pages": false,       "forks_count": 16,       "mirror_url": null,       "archived": false,       "open_issues_count": 1,       "license": {         "key": "other",         "name": "Other",         "spdx_id": "NOASSERTION",         "url": null,         "node_id": "MDc6TGljZW5zZTA="       },       "forks": 16,       "open_issues": 1,       "watchers": 208,       "default_branch": "master",       "score": 42.18874     },     {       "id": 93794235,       "node_id": "MDEwOlJlcG9zaXRvcnk5Mzc5NDIzNQ==",       "name": "drop_watch",       "full_name": "pavel-odintsov/drop_watch",       "private": false,       "owner": {         "login": "pavel-odintsov",         "id": 2744166,         "node_id": "MDQ6VXNlcjI3NDQxNjY=",         "avatar_url": "https://avatars0.githubusercontent.com/u/2744166?v=4",         "gravatar_id": "",         "url": "https://api.github.com/users/pavel-odintsov",         "html_url": "https://github.com/pavel-odintsov",         "followers_url": "https://api.github.com/users/pavel-odintsov/followers",         "following_url": "https://api.github.com/users/pavel-odintsov/following{/other_user}",         "gists_url": "https://api.github.com/users/pavel-odintsov/gists{/gist_id}",         "starred_url": "https://api.github.com/users/pavel-odintsov/starred{/owner}{/repo}",         "subscriptions_url": "https://api.github.com/users/pavel-odintsov/subscriptions",         "organizations_url": "https://api.github.com/users/pavel-odintsov/orgs",         "repos_url": "https://api.github.com/users/pavel-odintsov/repos",         "events_url": "https://api.github.com/users/pavel-odintsov/events{/privacy}",         "received_events_url": "https://api.github.com/users/pavel-odintsov/received_events",         "type": "User",         "site_admin": false       },       "html_url": "https://github.com/pavel-odintsov/drop_watch",       "description": "Monitor reasons why and where linux drops UDP packets",       "fork": false,       "url": "https://api.github.com/repos/pavel-odintsov/drop_watch",       "forks_url": "https://api.github.com/repos/pavel-odintsov/drop_watch/forks",       "keys_url": "https://api.github.com/repos/pavel-odintsov/drop_watch/keys{/key_id}",       "collaborators_url": "https://api.github.com/repos/pavel-odintsov/drop_watch/collaborators{/collaborator}",       "teams_url": "https://api.github.com/repos/pavel-odintsov/drop_watch/teams",       "hooks_url": "https://api.github.com/repos/pavel-odintsov/drop_watch/hooks",       "issue_events_url": "https://api.github.com/repos/pavel-odintsov/drop_watch/issues/events{/number}",       "events_url": "https://api.github.com/repos/pavel-odintsov/drop_watch/events",       "assignees_url": "https://api.github.com/repos/pavel-odintsov/drop_watch/assignees{/user}",       "branches_url": "https://api.github.com/repos/pavel-odintsov/drop_watch/branches{/branch}",       "tags_url": "https://api.github.com/repos/pavel-odintsov/drop_watch/tags",       "blobs_url": "https://api.github.com/repos/pavel-odintsov/drop_watch/git/blobs{/sha}",       "git_tags_url": "https://api.github.com/repos/pavel-odintsov/drop_watch/git/tags{/sha}",       "git_refs_url": "https://api.github.com/repos/pavel-odintsov/drop_watch/git/refs{/sha}",       "trees_url": "https://api.github.com/repos/pavel-odintsov/drop_watch/git/trees{/sha}",       "statuses_url": "https://api.github.com/repos/pavel-odintsov/drop_watch/statuses/{sha}",       "languages_url": "https://api.github.com/repos/pavel-odintsov/drop_watch/languages",       "stargazers_url": "https://api.github.com/repos/pavel-odintsov/drop_watch/stargazers",       "contributors_url": "https://api.github.com/repos/pavel-odintsov/drop_watch/contributors",       "subscribers_url": "https://api.github.com/repos/pavel-odintsov/drop_watch/subscribers",       "subscription_url": "https://api.github.com/repos/pavel-odintsov/drop_watch/subscription",       "commits_url": "https://api.github.com/repos/pavel-odintsov/drop_watch/commits{/sha}",       "git_commits_url": "https://api.github.com/repos/pavel-odintsov/drop_watch/git/commits{/sha}",       "comments_url": "https://api.github.com/repos/pavel-odintsov/drop_watch/comments{/number}",       "issue_comment_url": "https://api.github.com/repos/pavel-odintsov/drop_watch/issues/comments{/number}",       "contents_url": "https://api.github.com/repos/pavel-odintsov/drop_watch/contents/{+path}",       "compare_url": "https://api.github.com/repos/pavel-odintsov/drop_watch/compare/{base}...{head}",       "merges_url": "https://api.github.com/repos/pavel-odintsov/drop_watch/merges",       "archive_url": "https://api.github.com/repos/pavel-odintsov/drop_watch/{archive_format}{/ref}",       "downloads_url": "https://api.github.com/repos/pavel-odintsov/drop_watch/downloads",       "issues_url": "https://api.github.com/repos/pavel-odintsov/drop_watch/issues{/number}",       "pulls_url": "https://api.github.com/repos/pavel-odintsov/drop_watch/pulls{/number}",       "milestones_url": "https://api.github.com/repos/pavel-odintsov/drop_watch/milestones{/number}",       "notifications_url": "https://api.github.com/repos/pavel-odintsov/drop_watch/notifications{?since,all,participating}",       "labels_url": "https://api.github.com/repos/pavel-odintsov/drop_watch/labels{/name}",       "releases_url": "https://api.github.com/repos/pavel-odintsov/drop_watch/releases{/id}",       "deployments_url": "https://api.github.com/repos/pavel-odintsov/drop_watch/deployments",       "created_at": "2017-06-08T21:43:00Z",       "updated_at": "2019-01-28T14:39:16Z",       "pushed_at": "2017-10-12T20:13:24Z",       "git_url": "git://github.com/pavel-odintsov/drop_watch.git",       "ssh_url": "git@github.com:pavel-odintsov/drop_watch.git",       "clone_url": "https://github.com/pavel-odintsov/drop_watch.git",       "svn_url": "https://github.com/pavel-odintsov/drop_watch",       "homepage": "",       "size": 153,       "stargazers_count": 183,       "watchers_count": 183,       "language": "C",       "has_issues": true,       "has_projects": true,       "has_downloads": true,       "has_wiki": true,       "has_pages": false,       "forks_count": 20,       "mirror_url": null,       "archived": false,       "open_issues_count": 0,       "license": {         "key": "gpl-2.0",         "name": "GNU General Public License v2.0",         "spdx_id": "GPL-2.0",         "url": "https://api.github.com/licenses/gpl-2.0",         "node_id": "MDc6TGljZW5zZTg="       },       "forks": 20,       "open_issues": 0,       "watchers": 183,       "default_branch": "master",       "score": 53.155167     }   ] }  [] []
[2019-01-29 14:57:20] name.WARNING: Something is [] []
[2019-01-29 14:57:20] name.WARNING: {   "total_count": 12470,   "incomplete_results": false,   "items": [     {       "id": 58605580,       "node_id": "MDEwOlJlcG9zaXRvcnk1ODYwNTU4MA==",       "name": "why-did-you-update",       "full_name": "garbles/why-did-you-update",       "private": false,       "owner": {         "login": "garbles",         "id": 1139884,         "node_id": "MDQ6VXNlcjExMzk4ODQ=",         "avatar_url": "https://avatars1.githubusercontent.com/u/1139884?v=4",         "gravatar_id": "",         "url": "https://api.github.com/users/garbles",         "html_url": "https://github.com/garbles",         "followers_url": "https://api.github.com/users/garbles/followers",         "following_url": "https://api.github.com/users/garbles/following{/other_user}",         "gists_url": "https://api.github.com/users/garbles/gists{/gist_id}",         "starred_url": "https://api.github.com/users/garbles/starred{/owner}{/repo}",         "subscriptions_url": "https://api.github.com/users/garbles/subscriptions",         "organizations_url": "https://api.github.com/users/garbles/orgs",         "repos_url": "https://api.github.com/users/garbles/repos",         "events_url": "https://api.github.com/users/garbles/events{/privacy}",         "received_events_url": "https://api.github.com/users/garbles/received_events",         "type": "User",         "site_admin": false       },       "html_url": "https://github.com/garbles/why-did-you-update",       "description": ":boom: Puts your console on blast when React is making unnecessary updates.",       "fork": false,       "url": "https://api.github.com/repos/garbles/why-did-you-update",       "forks_url": "https://api.github.com/repos/garbles/why-did-you-update/forks",       "keys_url": "https://api.github.com/repos/garbles/why-did-you-update/keys{/key_id}",       "collaborators_url": "https://api.github.com/repos/garbles/why-did-you-update/collaborators{/collaborator}",       "teams_url": "https://api.github.com/repos/garbles/why-did-you-update/teams",       "hooks_url": "https://api.github.com/repos/garbles/why-did-you-update/hooks",       "issue_events_url": "https://api.github.com/repos/garbles/why-did-you-update/issues/events{/number}",       "events_url": "https://api.github.com/repos/garbles/why-did-you-update/events",       "assignees_url": "https://api.github.com/repos/garbles/why-did-you-update/assignees{/user}",       "branches_url": "https://api.github.com/repos/garbles/why-did-you-update/branches{/branch}",       "tags_url": "https://api.github.com/repos/garbles/why-did-you-update/tags",       "blobs_url": "https://api.github.com/repos/garbles/why-did-you-update/git/blobs{/sha}",       "git_tags_url": "https://api.github.com/repos/garbles/why-did-you-update/git/tags{/sha}",       "git_refs_url": "https://api.github.com/repos/garbles/why-did-you-update/git/refs{/sha}",       "trees_url": "https://api.github.com/repos/garbles/why-did-you-update/git/trees{/sha}",       "statuses_url": "https://api.github.com/repos/garbles/why-did-you-update/statuses/{sha}",       "languages_url": "https://api.github.com/repos/garbles/why-did-you-update/languages",       "stargazers_url": "https://api.github.com/repos/garbles/why-did-you-update/stargazers",       "contributors_url": "https://api.github.com/repos/garbles/why-did-you-update/contributors",       "subscribers_url": "https://api.github.com/repos/garbles/why-did-you-update/subscribers",       "subscription_url": "https://api.github.com/repos/garbles/why-did-you-update/subscription",       "commits_url": "https://api.github.com/repos/garbles/why-did-you-update/commits{/sha}",       "git_commits_url": "https://api.github.com/repos/garbles/why-did-you-update/git/commits{/sha}",       "comments_url": "https://api.github.com/repos/garbles/why-did-you-update/comments{/number}",       "issue_comment_url": "https://api.github.com/repos/garbles/why-did-you-update/issues/comments{/number}",       "contents_url": "https://api.github.com/repos/garbles/why-did-you-update/contents/{+path}",       "compare_url": "https://api.github.com/repos/garbles/why-did-you-update/compare/{base}...{head}",       "merges_url": "https://api.github.com/repos/garbles/why-did-you-update/merges",       "archive_url": "https://api.github.com/repos/garbles/why-did-you-update/{archive_format}{/ref}",       "downloads_url": "https://api.github.com/repos/garbles/why-did-you-update/downloads",       "issues_url": "https://api.github.com/repos/garbles/why-did-you-update/issues{/number}",       "pulls_url": "https://api.github.com/repos/garbles/why-did-you-update/pulls{/number}",       "milestones_url": "https://api.github.com/repos/garbles/why-did-you-update/milestones{/number}",       "notifications_url": "https://api.github.com/repos/garbles/why-did-you-update/notifications{?since,all,participating}",       "labels_url": "https://api.github.com/repos/garbles/why-did-you-update/labels{/name}",       "releases_url": "https://api.github.com/repos/garbles/why-did-you-update/releases{/id}",       "deployments_url": "https://api.github.com/repos/garbles/why-did-you-update/deployments",       "created_at": "2016-05-12T03:49:06Z",       "updated_at": "2019-01-28T21:53:29Z",       "pushed_at": "2017-09-23T05:54:19Z",       "git_url": "git://github.com/garbles/why-did-you-update.git",       "ssh_url": "git@github.com:garbles/why-did-you-update.git",       "clone_url": "https://github.com/garbles/why-did-you-update.git",       "svn_url": "https://github.com/garbles/why-did-you-update",       "homepage": null,       "size": 29,       "stargazers_count": 5177,       "watchers_count": 5177,       "language": "JavaScript",       "has_issues": true,       "has_projects": true,       "has_downloads": true,       "has_wiki": true,       "has_pages": false,       "forks_count": 112,       "mirror_url": null,       "archived": true,       "open_issues_count": 28,       "license": null,       "forks": 112,       "open_issues": 28,       "watchers": 5177,       "default_branch": "master",       "score": 102.169556     },     {       "id": 97779740,       "node_id": "MDEwOlJlcG9zaXRvcnk5Nzc3OTc0MA==",       "name": "why-did-you-update",       "full_name": "maicki/why-did-you-update",       "private": false,       "owner": {         "login": "maicki",         "id": 25288,         "node_id": "MDQ6VXNlcjI1Mjg4",         "avatar_url": "https://avatars1.githubusercontent.com/u/25288?v=4",         "gravatar_id": "",         "url": "https://api.github.com/users/maicki",         "html_url": "https://github.com/maicki",         "followers_url": "https://api.github.com/users/maicki/followers",         "following_url": "https://api.github.com/users/maicki/following{/other_user}",         "gists_url": "https://api.github.com/users/maicki/gists{/gist_id}",         "starred_url": "https://api.github.com/users/maicki/starred{/owner}{/repo}",         "subscriptions_url": "https://api.github.com/users/maicki/subscriptions",         "organizations_url": "https://api.github.com/users/maicki/orgs",         "repos_url": "https://api.github.com/users/maicki/repos",         "events_url": "https://api.github.com/users/maicki/events{/privacy}",         "received_events_url": "https://api.github.com/users/maicki/received_events",         "type": "User",         "site_admin": false       },       "html_url": "https://github.com/maicki/why-did-you-update",       "description": ":boom: Puts your console on blast when React is making unnecessary updates.",       "fork": false,       "url": "https://api.github.com/repos/maicki/why-did-you-update",       "forks_url": "https://api.github.com/repos/maicki/why-did-you-update/forks",       "keys_url": "https://api.github.com/repos/maicki/why-did-you-update/keys{/key_id}",       "collaborators_url": "https://api.github.com/repos/maicki/why-did-you-update/collaborators{/collaborator}",       "teams_url": "https://api.github.com/repos/maicki/why-did-you-update/teams",       "hooks_url": "https://api.github.com/repos/maicki/why-did-you-update/hooks",       "issue_events_url": "https://api.github.com/repos/maicki/why-did-you-update/issues/events{/number}",       "events_url": "https://api.github.com/repos/maicki/why-did-you-update/events",       "assignees_url": "https://api.github.com/repos/maicki/why-did-you-update/assignees{/user}",       "branches_url": "https://api.github.com/repos/maicki/why-did-you-update/branches{/branch}",       "tags_url": "https://api.github.com/repos/maicki/why-did-you-update/tags",       "blobs_url": "https://api.github.com/repos/maicki/why-did-you-update/git/blobs{/sha}",       "git_tags_url": "https://api.github.com/repos/maicki/why-did-you-update/git/tags{/sha}",       "git_refs_url": "https://api.github.com/repos/maicki/why-did-you-update/git/refs{/sha}",       "trees_url": "https://api.github.com/repos/maicki/why-did-you-update/git/trees{/sha}",       "statuses_url": "https://api.github.com/repos/maicki/why-did-you-update/statuses/{sha}",       "languages_url": "https://api.github.com/repos/maicki/why-did-you-update/languages",       "stargazers_url": "https://api.github.com/repos/maicki/why-did-you-update/stargazers",       "contributors_url": "https://api.github.com/repos/maicki/why-did-you-update/contributors",       "subscribers_url": "https://api.github.com/repos/maicki/why-did-you-update/subscribers",       "subscription_url": "https://api.github.com/repos/maicki/why-did-you-update/subscription",       "commits_url": "https://api.github.com/repos/maicki/why-did-you-update/commits{/sha}",       "git_commits_url": "https://api.github.com/repos/maicki/why-did-you-update/git/commits{/sha}",       "comments_url": "https://api.github.com/repos/maicki/why-did-you-update/comments{/number}",       "issue_comment_url": "https://api.github.com/repos/maicki/why-did-you-update/issues/comments{/number}",       "contents_url": "https://api.github.com/repos/maicki/why-did-you-update/contents/{+path}",       "compare_url": "https://api.github.com/repos/maicki/why-did-you-update/compare/{base}...{head}",       "merges_url": "https://api.github.com/repos/maicki/why-did-you-update/merges",       "archive_url": "https://api.github.com/repos/maicki/why-did-you-update/{archive_format}{/ref}",       "downloads_url": "https://api.github.com/repos/maicki/why-did-you-update/downloads",       "issues_url": "https://api.github.com/repos/maicki/why-did-you-update/issues{/number}",       "pulls_url": "https://api.github.com/repos/maicki/why-did-you-update/pulls{/number}",       "milestones_url": "https://api.github.com/repos/maicki/why-did-you-update/milestones{/number}",       "notifications_url": "https://api.github.com/repos/maicki/why-did-you-update/notifications{?since,all,participating}",       "labels_url": "https://api.github.com/repos/maicki/why-did-you-update/labels{/name}",       "releases_url": "https://api.github.com/repos/maicki/why-did-you-update/releases{/id}",       "deployments_url": "https://api.github.com/repos/maicki/why-did-you-update/deployments",       "created_at": "2017-07-20T02:06:12Z",       "updated_at": "2019-01-29T05:37:27Z",       "pushed_at": "2018-12-13T16:41:38Z",       "git_url": "git://github.com/maicki/why-did-you-update.git",       "ssh_url": "git@github.com:maicki/why-did-you-update.git",       "clone_url": "https://github.com/maicki/why-did-you-update.git",       "svn_url": "https://github.com/maicki/why-did-you-update",       "homepage": null,       "size": 1349,       "stargazers_count": 3040,       "watchers_count": 3040,       "language": "JavaScript",       "has_issues": true,       "has_projects": true,       "has_downloads": true,       "has_wiki": true,       "has_pages": false,       "forks_count": 89,       "mirror_url": null,       "archived": false,       "open_issues_count": 4,       "license": {         "key": "mit",         "name": "MIT License",         "spdx_id": "MIT",         "url": "https://api.github.com/licenses/mit",         "node_id": "MDc6TGljZW5zZTEz"       },       "forks": 89,       "open_issues": 4,       "watchers": 3040,       "default_branch": "master",       "score": 97.45384     },     {       "id": 47007090,       "node_id": "MDEwOlJlcG9zaXRvcnk0NzAwNzA5MA==",       "name": "react-native-nba-app",       "full_name": "wwayne/react-native-nba-app",       "private": false,       "owner": {         "login": "wwayne",         "id": 5305874,         "node_id": "MDQ6VXNlcjUzMDU4NzQ=",         "avatar_url": "https://avatars1.githubusercontent.com/u/5305874?v=4",         "gravatar_id": "",         "url": "https://api.github.com/users/wwayne",         "html_url": "https://github.com/wwayne",         "followers_url": "https://api.github.com/users/wwayne/followers",         "following_url": "https://api.github.com/users/wwayne/following{/other_user}",         "gists_url": "https://api.github.com/users/wwayne/gists{/gist_id}",         "starred_url": "https://api.github.com/users/wwayne/starred{/owner}{/repo}",         "subscriptions_url": "https://api.github.com/users/wwayne/subscriptions",         "organizations_url": "https://api.github.com/users/wwayne/orgs",         "repos_url": "https://api.github.com/users/wwayne/repos",         "events_url": "https://api.github.com/users/wwayne/events{/privacy}",         "received_events_url": "https://api.github.com/users/wwayne/received_events",         "type": "User",         "site_admin": false       },       "html_url": "https://github.com/wwayne/react-native-nba-app",       "description": "This is why we play",       "fork": false,       "url": "https://api.github.com/repos/wwayne/react-native-nba-app",       "forks_url": "https://api.github.com/repos/wwayne/react-native-nba-app/forks",       "keys_url": "https://api.github.com/repos/wwayne/react-native-nba-app/keys{/key_id}",       "collaborators_url": "https://api.github.com/repos/wwayne/react-native-nba-app/collaborators{/collaborator}",       "teams_url": "https://api.github.com/repos/wwayne/react-native-nba-app/teams",       "hooks_url": "https://api.github.com/repos/wwayne/react-native-nba-app/hooks",       "issue_events_url": "https://api.github.com/repos/wwayne/react-native-nba-app/issues/events{/number}",       "events_url": "https://api.github.com/repos/wwayne/react-native-nba-app/events",       "assignees_url": "https://api.github.com/repos/wwayne/react-native-nba-app/assignees{/user}",       "branches_url": "https://api.github.com/repos/wwayne/react-native-nba-app/branches{/branch}",       "tags_url": "https://api.github.com/repos/wwayne/react-native-nba-app/tags",       "blobs_url": "https://api.github.com/repos/wwayne/react-native-nba-app/git/blobs{/sha}",       "git_tags_url": "https://api.github.com/repos/wwayne/react-native-nba-app/git/tags{/sha}",       "git_refs_url": "https://api.github.com/repos/wwayne/react-native-nba-app/git/refs{/sha}",       "trees_url": "https://api.github.com/repos/wwayne/react-native-nba-app/git/trees{/sha}",       "statuses_url": "https://api.github.com/repos/wwayne/react-native-nba-app/statuses/{sha}",       "languages_url": "https://api.github.com/repos/wwayne/react-native-nba-app/languages",       "stargazers_url": "https://api.github.com/repos/wwayne/react-native-nba-app/stargazers",       "contributors_url": "https://api.github.com/repos/wwayne/react-native-nba-app/contributors",       "subscribers_url": "https://api.github.com/repos/wwayne/react-native-nba-app/subscribers",       "subscription_url": "https://api.github.com/repos/wwayne/react-native-nba-app/subscription",       "commits_url": "https://api.github.com/repos/wwayne/react-native-nba-app/commits{/sha}",       "git_commits_url": "https://api.github.com/repos/wwayne/react-native-nba-app/git/commits{/sha}",       "comments_url": "https://api.github.com/repos/wwayne/react-native-nba-app/comments{/number}",       "issue_comment_url": "https://api.github.com/repos/wwayne/react-native-nba-app/issues/comments{/number}",       "contents_url": "https://api.github.com/repos/wwayne/react-native-nba-app/contents/{+path}",       "compare_url": "https://api.github.com/repos/wwayne/react-native-nba-app/compare/{base}...{head}",       "merges_url": "https://api.github.com/repos/wwayne/react-native-nba-app/merges",       "archive_url": "https://api.github.com/repos/wwayne/react-native-nba-app/{archive_format}{/ref}",       "downloads_url": "https://api.github.com/repos/wwayne/react-native-nba-app/downloads",       "issues_url": "https://api.github.com/repos/wwayne/react-native-nba-app/issues{/number}",       "pulls_url": "https://api.github.com/repos/wwayne/react-native-nba-app/pulls{/number}",       "milestones_url": "https://api.github.com/repos/wwayne/react-native-nba-app/milestones{/number}",       "notifications_url": "https://api.github.com/repos/wwayne/react-native-nba-app/notifications{?since,all,participating}",       "labels_url": "https://api.github.com/repos/wwayne/react-native-nba-app/labels{/name}",       "releases_url": "https://api.github.com/repos/wwayne/react-native-nba-app/releases{/id}",       "deployments_url": "https://api.github.com/repos/wwayne/react-native-nba-app/deployments",       "created_at": "2015-11-28T02:30:45Z",       "updated_at": "2019-01-29T06:24:22Z",       "pushed_at": "2017-02-07T17:42:38Z",       "git_url": "git://github.com/wwayne/react-native-nba-app.git",       "ssh_url": "git@github.com:wwayne/react-native-nba-app.git",       "clone_url": "https://github.com/wwayne/react-native-nba-app.git",       "svn_url": "https://github.com/wwayne/react-native-nba-app",       "homepage": "",       "size": 2796,       "stargazers_count": 2073,       "watchers_count": 2073,       "language": "Objective-C",       "has_issues": true,       "has_projects": true,       "has_downloads": true,       "has_wiki": true,       "has_pages": false,       "forks_count": 480,       "mirror_url": null,       "archived": false,       "open_issues_count": 8,       "license": {         "key": "mit",         "name": "MIT License",         "spdx_id": "MIT",         "url": "https://api.github.com/licenses/mit",         "node_id": "MDc6TGljZW5zZTEz"       },       "forks": 480,       "open_issues": 8,       "watchers": 2073,       "default_branch": "master",       "score": 110.83527     },     {       "id": 17720394,       "node_id": "MDEwOlJlcG9zaXRvcnkxNzcyMDM5NA==",       "name": "pyinstrument",       "full_name": "joerick/pyinstrument",       "private": false,       "owner": {         "login": "joerick",         "id": 1244307,         "node_id": "MDQ6VXNlcjEyNDQzMDc=",         "avatar_url": "https://avatars1.githubusercontent.com/u/1244307?v=4",         "gravatar_id": "",         "url": "https://api.github.com/users/joerick",         "html_url": "https://github.com/joerick",         "followers_url": "https://api.github.com/users/joerick/followers",         "following_url": "https://api.github.com/users/joerick/following{/other_user}",         "gists_url": "https://api.github.com/users/joerick/gists{/gist_id}",         "starred_url": "https://api.github.com/users/joerick/starred{/owner}{/repo}",         "subscriptions_url": "https://api.github.com/users/joerick/subscriptions",         "organizations_url": "https://api.github.com/users/joerick/orgs",         "repos_url": "https://api.github.com/users/joerick/repos",         "events_url": "https://api.github.com/users/joerick/events{/privacy}",         "received_events_url": "https://api.github.com/users/joerick/received_events",         "type": "User",         "site_admin": false       },       "html_url": "https://github.com/joerick/pyinstrument",       "description": "🚴 Call stack profiler for Python. Shows you why your code is slow!",       "fork": false,       "url": "https://api.github.com/repos/joerick/pyinstrument",       "forks_url": "https://api.github.com/repos/joerick/pyinstrument/forks",       "keys_url": "https://api.github.com/repos/joerick/pyinstrument/keys{/key_id}",       "collaborators_url": "https://api.github.com/repos/joerick/pyinstrument/collaborators{/collaborator}",       "teams_url": "https://api.github.com/repos/joerick/pyinstrument/teams",       "hooks_url": "https://api.github.com/repos/joerick/pyinstrument/hooks",       "issue_events_url": "https://api.github.com/repos/joerick/pyinstrument/issues/events{/number}",       "events_url": "https://api.github.com/repos/joerick/pyinstrument/events",       "assignees_url": "https://api.github.com/repos/joerick/pyinstrument/assignees{/user}",       "branches_url": "https://api.github.com/repos/joerick/pyinstrument/branches{/branch}",       "tags_url": "https://api.github.com/repos/joerick/pyinstrument/tags",       "blobs_url": "https://api.github.com/repos/joerick/pyinstrument/git/blobs{/sha}",       "git_tags_url": "https://api.github.com/repos/joerick/pyinstrument/git/tags{/sha}",       "git_refs_url": "https://api.github.com/repos/joerick/pyinstrument/git/refs{/sha}",       "trees_url": "https://api.github.com/repos/joerick/pyinstrument/git/trees{/sha}",       "statuses_url": "https://api.github.com/repos/joerick/pyinstrument/statuses/{sha}",       "languages_url": "https://api.github.com/repos/joerick/pyinstrument/languages",       "stargazers_url": "https://api.github.com/repos/joerick/pyinstrument/stargazers",       "contributors_url": "https://api.github.com/repos/joerick/pyinstrument/contributors",       "subscribers_url": "https://api.github.com/repos/joerick/pyinstrument/subscribers",       "subscription_url": "https://api.github.com/repos/joerick/pyinstrument/subscription",       "commits_url": "https://api.github.com/repos/joerick/pyinstrument/commits{/sha}",       "git_commits_url": "https://api.github.com/repos/joerick/pyinstrument/git/commits{/sha}",       "comments_url": "https://api.github.com/repos/joerick/pyinstrument/comments{/number}",       "issue_comment_url": "https://api.github.com/repos/joerick/pyinstrument/issues/comments{/number}",       "contents_url": "https://api.github.com/repos/joerick/pyinstrument/contents/{+path}",       "compare_url": "https://api.github.com/repos/joerick/pyinstrument/compare/{base}...{head}",       "merges_url": "https://api.github.com/repos/joerick/pyinstrument/merges",       "archive_url": "https://api.github.com/repos/joerick/pyinstrument/{archive_format}{/ref}",       "downloads_url": "https://api.github.com/repos/joerick/pyinstrument/downloads",       "issues_url": "https://api.github.com/repos/joerick/pyinstrument/issues{/number}",       "pulls_url": "https://api.github.com/repos/joerick/pyinstrument/pulls{/number}",       "milestones_url": "https://api.github.com/repos/joerick/pyinstrument/milestones{/number}",       "notifications_url": "https://api.github.com/repos/joerick/pyinstrument/notifications{?since,all,participating}",       "labels_url": "https://api.github.com/repos/joerick/pyinstrument/labels{/name}",       "releases_url": "https://api.github.com/repos/joerick/pyinstrument/releases{/id}",       "deployments_url": "https://api.github.com/repos/joerick/pyinstrument/deployments",       "created_at": "2014-03-13T17:53:13Z",       "updated_at": "2019-01-27T14:58:45Z",       "pushed_at": "2019-01-15T13:57:27Z",       "git_url": "git://github.com/joerick/pyinstrument.git",       "ssh_url": "git@github.com:joerick/pyinstrument.git",       "clone_url": "https://github.com/joerick/pyinstrument.git",       "svn_url": "https://github.com/joerick/pyinstrument",       "homepage": "",       "size": 1949,       "stargazers_count": 1081,       "watchers_count": 1081,       "language": "Python",       "has_issues": true,       "has_projects": true,       "has_downloads": true,       "has_wiki": true,       "has_pages": false,       "forks_count": 66,       "mirror_url": null,       "archived": false,       "open_issues_count": 5,       "license": {         "key": "bsd-3-clause",         "name": "BSD 3-Clause \"New\" or \"Revised\" License",         "spdx_id": "BSD-3-Clause",         "url": "https://api.github.com/licenses/bsd-3-clause",         "node_id": "MDc6TGljZW5zZTU="       },       "forks": 66,       "open_issues": 5,       "watchers": 1081,       "default_branch": "master",       "score": 57.180233     },     {       "id": 51375640,       "node_id": "MDEwOlJlcG9zaXRvcnk1MTM3NTY0MA==",       "name": "why-is-node-running",       "full_name": "mafintosh/why-is-node-running",       "private": false,       "owner": {         "login": "mafintosh",         "id": 376661,         "node_id": "MDQ6VXNlcjM3NjY2MQ==",         "avatar_url": "https://avatars1.githubusercontent.com/u/376661?v=4",         "gravatar_id": "",         "url": "https://api.github.com/users/mafintosh",         "html_url": "https://github.com/mafintosh",         "followers_url": "https://api.github.com/users/mafintosh/followers",         "following_url": "https://api.github.com/users/mafintosh/following{/other_user}",         "gists_url": "https://api.github.com/users/mafintosh/gists{/gist_id}",         "starred_url": "https://api.github.com/users/mafintosh/starred{/owner}{/repo}",         "subscriptions_url": "https://api.github.com/users/mafintosh/subscriptions",         "organizations_url": "https://api.github.com/users/mafintosh/orgs",         "repos_url": "https://api.github.com/users/mafintosh/repos",         "events_url": "https://api.github.com/users/mafintosh/events{/privacy}",         "received_events_url": "https://api.github.com/users/mafintosh/received_events",         "type": "User",         "site_admin": false       },       "html_url": "https://github.com/mafintosh/why-is-node-running",       "description": "Node is running but you don't know why? why-is-node-running is here to help you.",       "fork": false,       "url": "https://api.github.com/repos/mafintosh/why-is-node-running",       "forks_url": "https://api.github.com/repos/mafintosh/why-is-node-running/forks",       "keys_url": "https://api.github.com/repos/mafintosh/why-is-node-running/keys{/key_id}",       "collaborators_url": "https://api.github.com/repos/mafintosh/why-is-node-running/collaborators{/collaborator}",       "teams_url": "https://api.github.com/repos/mafintosh/why-is-node-running/teams",       "hooks_url": "https://api.github.com/repos/mafintosh/why-is-node-running/hooks",       "issue_events_url": "https://api.github.com/repos/mafintosh/why-is-node-running/issues/events{/number}",       "events_url": "https://api.github.com/repos/mafintosh/why-is-node-running/events",       "assignees_url": "https://api.github.com/repos/mafintosh/why-is-node-running/assignees{/user}",       "branches_url": "https://api.github.com/repos/mafintosh/why-is-node-running/branches{/branch}",       "tags_url": "https://api.github.com/repos/mafintosh/why-is-node-running/tags",       "blobs_url": "https://api.github.com/repos/mafintosh/why-is-node-running/git/blobs{/sha}",       "git_tags_url": "https://api.github.com/repos/mafintosh/why-is-node-running/git/tags{/sha}",       "git_refs_url": "https://api.github.com/repos/mafintosh/why-is-node-running/git/refs{/sha}",       "trees_url": "https://api.github.com/repos/mafintosh/why-is-node-running/git/trees{/sha}",       "statuses_url": "https://api.github.com/repos/mafintosh/why-is-node-running/statuses/{sha}",       "languages_url": "https://api.github.com/repos/mafintosh/why-is-node-running/languages",       "stargazers_url": "https://api.github.com/repos/mafintosh/why-is-node-running/stargazers",       "contributors_url": "https://api.github.com/repos/mafintosh/why-is-node-running/contributors",       "subscribers_url": "https://api.github.com/repos/mafintosh/why-is-node-running/subscribers",       "subscription_url": "https://api.github.com/repos/mafintosh/why-is-node-running/subscription",       "commits_url": "https://api.github.com/repos/mafintosh/why-is-node-running/commits{/sha}",       "git_commits_url": "https://api.github.com/repos/mafintosh/why-is-node-running/git/commits{/sha}",       "comments_url": "https://api.github.com/repos/mafintosh/why-is-node-running/comments{/number}",       "issue_comment_url": "https://api.github.com/repos/mafintosh/why-is-node-running/issues/comments{/number}",       "contents_url": "https://api.github.com/repos/mafintosh/why-is-node-running/contents/{+path}",       "compare_url": "https://api.github.com/repos/mafintosh/why-is-node-running/compare/{base}...{head}",       "merges_url": "https://api.github.com/repos/mafintosh/why-is-node-running/merges",       "archive_url": "https://api.github.com/repos/mafintosh/why-is-node-running/{archive_format}{/ref}",       "downloads_url": "https://api.github.com/repos/mafintosh/why-is-node-running/downloads",       "issues_url": "https://api.github.com/repos/mafintosh/why-is-node-running/issues{/number}",       "pulls_url": "https://api.github.com/repos/mafintosh/why-is-node-running/pulls{/number}",       "milestones_url": "https://api.github.com/repos/mafintosh/why-is-node-running/milestones{/number}",       "notifications_url": "https://api.github.com/repos/mafintosh/why-is-node-running/notifications{?since,all,participating}",       "labels_url": "https://api.github.com/repos/mafintosh/why-is-node-running/labels{/name}",       "releases_url": "https://api.github.com/repos/mafintosh/why-is-node-running/releases{/id}",       "deployments_url": "https://api.github.com/repos/mafintosh/why-is-node-running/deployments",       "created_at": "2016-02-09T15:29:28Z",       "updated_at": "2019-01-27T07:40:29Z",       "pushed_at": "2018-10-26T08:54:53Z",       "git_url": "git://github.com/mafintosh/why-is-node-running.git",       "ssh_url": "git@github.com:mafintosh/why-is-node-running.git",       "clone_url": "https://github.com/mafintosh/why-is-node-running.git",       "svn_url": "https://github.com/mafintosh/why-is-node-running",       "homepage": null,       "size": 18,       "stargazers_count": 873,       "watchers_count": 873,       "language": "JavaScript",       "has_issues": true,       "has_projects": true,       "has_downloads": true,       "has_wiki": true,       "has_pages": false,       "forks_count": 32,       "mirror_url": null,       "archived": false,       "open_issues_count": 12,       "license": {         "key": "mit",         "name": "MIT License",         "spdx_id": "MIT",         "url": "https://api.github.com/licenses/mit",         "node_id": "MDc6TGljZW5zZTEz"       },       "forks": 32,       "open_issues": 12,       "watchers": 873,       "default_branch": "master",       "score": 80.30154     },     {       "id": 103874950,       "node_id": "MDEwOlJlcG9zaXRvcnkxMDM4NzQ5NTA=",       "name": "bashful",       "full_name": "wagoodman/bashful",       "private": false,       "owner": {         "login": "wagoodman",         "id": 590471,         "node_id": "MDQ6VXNlcjU5MDQ3MQ==",         "avatar_url": "https://avatars3.githubusercontent.com/u/590471?v=4",         "gravatar_id": "",         "url": "https://api.github.com/users/wagoodman",         "html_url": "https://github.com/wagoodman",         "followers_url": "https://api.github.com/users/wagoodman/followers",         "following_url": "https://api.github.com/users/wagoodman/following{/other_user}",         "gists_url": "https://api.github.com/users/wagoodman/gists{/gist_id}",         "starred_url": "https://api.github.com/users/wagoodman/starred{/owner}{/repo}",         "subscriptions_url": "https://api.github.com/users/wagoodman/subscriptions",         "organizations_url": "https://api.github.com/users/wagoodman/orgs",         "repos_url": "https://api.github.com/users/wagoodman/repos",         "events_url": "https://api.github.com/users/wagoodman/events{/privacy}",         "received_events_url": "https://api.github.com/users/wagoodman/received_events",         "type": "User",         "site_admin": false       },       "html_url": "https://github.com/wagoodman/bashful",       "description": "Use a yaml file to stitch together commands and bash snippits and run them with a bit of style.  Why? Because your bash script should be quiet and shy-like (...and not such a loud mouth). ",       "fork": false,       "url": "https://api.github.com/repos/wagoodman/bashful",       "forks_url": "https://api.github.com/repos/wagoodman/bashful/forks",       "keys_url": "https://api.github.com/repos/wagoodman/bashful/keys{/key_id}",       "collaborators_url": "https://api.github.com/repos/wagoodman/bashful/collaborators{/collaborator}",       "teams_url": "https://api.github.com/repos/wagoodman/bashful/teams",       "hooks_url": "https://api.github.com/repos/wagoodman/bashful/hooks",       "issue_events_url": "https://api.github.com/repos/wagoodman/bashful/issues/events{/number}",       "events_url": "https://api.github.com/repos/wagoodman/bashful/events",       "assignees_url": "https://api.github.com/repos/wagoodman/bashful/assignees{/user}",       "branches_url": "https://api.github.com/repos/wagoodman/bashful/branches{/branch}",       "tags_url": "https://api.github.com/repos/wagoodman/bashful/tags",       "blobs_url": "https://api.github.com/repos/wagoodman/bashful/git/blobs{/sha}",       "git_tags_url": "https://api.github.com/repos/wagoodman/bashful/git/tags{/sha}",       "git_refs_url": "https://api.github.com/repos/wagoodman/bashful/git/refs{/sha}",       "trees_url": "https://api.github.com/repos/wagoodman/bashful/git/trees{/sha}",       "statuses_url": "https://api.github.com/repos/wagoodman/bashful/statuses/{sha}",       "languages_url": "https://api.github.com/repos/wagoodman/bashful/languages",       "stargazers_url": "https://api.github.com/repos/wagoodman/bashful/stargazers",       "contributors_url": "https://api.github.com/repos/wagoodman/bashful/contributors",       "subscribers_url": "https://api.github.com/repos/wagoodman/bashful/subscribers",       "subscription_url": "https://api.github.com/repos/wagoodman/bashful/subscription",       "commits_url": "https://api.github.com/repos/wagoodman/bashful/commits{/sha}",       "git_commits_url": "https://api.github.com/repos/wagoodman/bashful/git/commits{/sha}",       "comments_url": "https://api.github.com/repos/wagoodman/bashful/comments{/number}",       "issue_comment_url": "https://api.github.com/repos/wagoodman/bashful/issues/comments{/number}",       "contents_url": "https://api.github.com/repos/wagoodman/bashful/contents/{+path}",       "compare_url": "https://api.github.com/repos/wagoodman/bashful/compare/{base}...{head}",       "merges_url": "https://api.github.com/repos/wagoodman/bashful/merges",       "archive_url": "https://api.github.com/repos/wagoodman/bashful/{archive_format}{/ref}",       "downloads_url": "https://api.github.com/repos/wagoodman/bashful/downloads",       "issues_url": "https://api.github.com/repos/wagoodman/bashful/issues{/number}",       "pulls_url": "https://api.github.com/repos/wagoodman/bashful/pulls{/number}",       "milestones_url": "https://api.github.com/repos/wagoodman/bashful/milestones{/number}",       "notifications_url": "https://api.github.com/repos/wagoodman/bashful/notifications{?since,all,participating}",       "labels_url": "https://api.github.com/repos/wagoodman/bashful/labels{/name}",       "releases_url": "https://api.github.com/repos/wagoodman/bashful/releases{/id}",       "deployments_url": "https://api.github.com/repos/wagoodman/bashful/deployments",       "created_at": "2017-09-18T01:04:55Z",       "updated_at": "2019-01-28T20:06:21Z",       "pushed_at": "2019-01-06T18:52:52Z",       "git_url": "git://github.com/wagoodman/bashful.git",       "ssh_url": "git@github.com:wagoodman/bashful.git",       "clone_url": "https://github.com/wagoodman/bashful.git",       "svn_url": "https://github.com/wagoodman/bashful",       "homepage": "",       "size": 4157,       "stargazers_count": 827,       "watchers_count": 827,       "language": "Go",       "has_issues": true,       "has_projects": true,       "has_downloads": true,       "has_wiki": true,       "has_pages": false,       "forks_count": 24,       "mirror_url": null,       "archived": false,       "open_issues_count": 15,       "license": {         "key": "mit",         "name": "MIT License",         "spdx_id": "MIT",         "url": "https://api.github.com/licenses/mit",         "node_id": "MDc6TGljZW5zZTEz"       },       "forks": 24,       "open_issues": 15,       "watchers": 827,       "default_branch": "master",       "score": 27.85879     },     {       "id": 100889899,       "node_id": "MDEwOlJlcG9zaXRvcnkxMDA4ODk4OTk=",       "name": "wtfautolayout",       "full_name": "johnpatrickmorgan/wtfautolayout",       "private": false,       "owner": {         "login": "johnpatrickmorgan",         "id": 6318566,         "node_id": "MDQ6VXNlcjYzMTg1NjY=",         "avatar_url": "https://avatars3.githubusercontent.com/u/6318566?v=4",         "gravatar_id": "",         "url": "https://api.github.com/users/johnpatrickmorgan",         "html_url": "https://github.com/johnpatrickmorgan",         "followers_url": "https://api.github.com/users/johnpatrickmorgan/followers",         "following_url": "https://api.github.com/users/johnpatrickmorgan/following{/other_user}",         "gists_url": "https://api.github.com/users/johnpatrickmorgan/gists{/gist_id}",         "starred_url": "https://api.github.com/users/johnpatrickmorgan/starred{/owner}{/repo}",         "subscriptions_url": "https://api.github.com/users/johnpatrickmorgan/subscriptions",         "organizations_url": "https://api.github.com/users/johnpatrickmorgan/orgs",         "repos_url": "https://api.github.com/users/johnpatrickmorgan/repos",         "events_url": "https://api.github.com/users/johnpatrickmorgan/events{/privacy}",         "received_events_url": "https://api.github.com/users/johnpatrickmorgan/received_events",         "type": "User",         "site_admin": false       },       "html_url": "https://github.com/johnpatrickmorgan/wtfautolayout",       "description": "The source code for Why The Failure, Auto Layout?",       "fork": false,       "url": "https://api.github.com/repos/johnpatrickmorgan/wtfautolayout",       "forks_url": "https://api.github.com/repos/johnpatrickmorgan/wtfautolayout/forks",       "keys_url": "https://api.github.com/repos/johnpatrickmorgan/wtfautolayout/keys{/key_id}",       "collaborators_url": "https://api.github.com/repos/johnpatrickmorgan/wtfautolayout/collaborators{/collaborator}",       "teams_url": "https://api.github.com/repos/johnpatrickmorgan/wtfautolayout/teams",       "hooks_url": "https://api.github.com/repos/johnpatrickmorgan/wtfautolayout/hooks",       "issue_events_url": "https://api.github.com/repos/johnpatrickmorgan/wtfautolayout/issues/events{/number}",       "events_url": "https://api.github.com/repos/johnpatrickmorgan/wtfautolayout/events",       "assignees_url": "https://api.github.com/repos/johnpatrickmorgan/wtfautolayout/assignees{/user}",       "branches_url": "https://api.github.com/repos/johnpatrickmorgan/wtfautolayout/branches{/branch}",       "tags_url": "https://api.github.com/repos/johnpatrickmorgan/wtfautolayout/tags",       "blobs_url": "https://api.github.com/repos/johnpatrickmorgan/wtfautolayout/git/blobs{/sha}",       "git_tags_url": "https://api.github.com/repos/johnpatrickmorgan/wtfautolayout/git/tags{/sha}",       "git_refs_url": "https://api.github.com/repos/johnpatrickmorgan/wtfautolayout/git/refs{/sha}",       "trees_url": "https://api.github.com/repos/johnpatrickmorgan/wtfautolayout/git/trees{/sha}",       "statuses_url": "https://api.github.com/repos/johnpatrickmorgan/wtfautolayout/statuses/{sha}",       "languages_url": "https://api.github.com/repos/johnpatrickmorgan/wtfautolayout/languages",       "stargazers_url": "https://api.github.com/repos/johnpatrickmorgan/wtfautolayout/stargazers",       "contributors_url": "https://api.github.com/repos/johnpatrickmorgan/wtfautolayout/contributors",       "subscribers_url": "https://api.github.com/repos/johnpatrickmorgan/wtfautolayout/subscribers",       "subscription_url": "https://api.github.com/repos/johnpatrickmorgan/wtfautolayout/subscription",       "commits_url": "https://api.github.com/repos/johnpatrickmorgan/wtfautolayout/commits{/sha}",       "git_commits_url": "https://api.github.com/repos/johnpatrickmorgan/wtfautolayout/git/commits{/sha}",       "comments_url": "https://api.github.com/repos/johnpatrickmorgan/wtfautolayout/comments{/number}",       "issue_comment_url": "https://api.github.com/repos/johnpatrickmorgan/wtfautolayout/issues/comments{/number}",       "contents_url": "https://api.github.com/repos/johnpatrickmorgan/wtfautolayout/contents/{+path}",       "compare_url": "https://api.github.com/repos/johnpatrickmorgan/wtfautolayout/compare/{base}...{head}",       "merges_url": "https://api.github.com/repos/johnpatrickmorgan/wtfautolayout/merges",       "archive_url": "https://api.github.com/repos/johnpatrickmorgan/wtfautolayout/{archive_format}{/ref}",       "downloads_url": "https://api.github.com/repos/johnpatrickmorgan/wtfautolayout/downloads",       "issues_url": "https://api.github.com/repos/johnpatrickmorgan/wtfautolayout/issues{/number}",       "pulls_url": "https://api.github.com/repos/johnpatrickmorgan/wtfautolayout/pulls{/number}",       "milestones_url": "https://api.github.com/repos/johnpatrickmorgan/wtfautolayout/milestones{/number}",       "notifications_url": "https://api.github.com/repos/johnpatrickmorgan/wtfautolayout/notifications{?since,all,participating}",       "labels_url": "https://api.github.com/repos/johnpatrickmorgan/wtfautolayout/labels{/name}",       "releases_url": "https://api.github.com/repos/johnpatrickmorgan/wtfautolayout/releases{/id}",       "deployments_url": "https://api.github.com/repos/johnpatrickmorgan/wtfautolayout/deployments",       "created_at": "2017-08-20T21:32:57Z",       "updated_at": "2019-01-28T12:46:45Z",       "pushed_at": "2019-01-24T23:44:25Z",       "git_url": "git://github.com/johnpatrickmorgan/wtfautolayout.git",       "ssh_url": "git@github.com:johnpatrickmorgan/wtfautolayout.git",       "clone_url": "https://github.com/johnpatrickmorgan/wtfautolayout.git",       "svn_url": "https://github.com/johnpatrickmorgan/wtfautolayout",       "homepage": "https://www.wtfautolayout.com",       "size": 347,       "stargazers_count": 674,       "watchers_count": 674,       "language": "Swift",       "has_issues": true,       "has_projects": true,       "has_downloads": true,       "has_wiki": true,       "has_pages": false,       "forks_count": 15,       "mirror_url": null,       "archived": false,       "open_issues_count": 5,       "license": {         "key": "mit",         "name": "MIT License",         "spdx_id": "MIT",         "url": "https://api.github.com/licenses/mit",         "node_id": "MDc6TGljZW5zZTEz"       },       "forks": 15,       "open_issues": 5,       "watchers": 674,       "default_branch": "master",       "score": 56.4441     },     {       "id": 28422398,       "node_id": "MDEwOlJlcG9zaXRvcnkyODQyMjM5OA==",       "name": "react-router-flux-starter-kit",       "full_name": "przeor/react-router-flux-starter-kit",       "private": false,       "owner": {         "login": "przeor",         "id": 5995,         "node_id": "MDQ6VXNlcjU5OTU=",         "avatar_url": "https://avatars2.githubusercontent.com/u/5995?v=4",         "gravatar_id": "",         "url": "https://api.github.com/users/przeor",         "html_url": "https://github.com/przeor",         "followers_url": "https://api.github.com/users/przeor/followers",         "following_url": "https://api.github.com/users/przeor/following{/other_user}",         "gists_url": "https://api.github.com/users/przeor/gists{/gist_id}",         "starred_url": "https://api.github.com/users/przeor/starred{/owner}{/repo}",         "subscriptions_url": "https://api.github.com/users/przeor/subscriptions",         "organizations_url": "https://api.github.com/users/przeor/orgs",         "repos_url": "https://api.github.com/users/przeor/repos",         "events_url": "https://api.github.com/users/przeor/events{/privacy}",         "received_events_url": "https://api.github.com/users/przeor/received_events",         "type": "User",         "site_admin": false       },       "html_url": "https://github.com/przeor/react-router-flux-starter-kit",       "description": "Why & How to Learn React Redux, the right highly scalable way.",       "fork": false,       "url": "https://api.github.com/repos/przeor/react-router-flux-starter-kit",       "forks_url": "https://api.github.com/repos/przeor/react-router-flux-starter-kit/forks",       "keys_url": "https://api.github.com/repos/przeor/react-router-flux-starter-kit/keys{/key_id}",       "collaborators_url": "https://api.github.com/repos/przeor/react-router-flux-starter-kit/collaborators{/collaborator}",       "teams_url": "https://api.github.com/repos/przeor/react-router-flux-starter-kit/teams",       "hooks_url": "https://api.github.com/repos/przeor/react-router-flux-starter-kit/hooks",       "issue_events_url": "https://api.github.com/repos/przeor/react-router-flux-starter-kit/issues/events{/number}",       "events_url": "https://api.github.com/repos/przeor/react-router-flux-starter-kit/events",       "assignees_url": "https://api.github.com/repos/przeor/react-router-flux-starter-kit/assignees{/user}",       "branches_url": "https://api.github.com/repos/przeor/react-router-flux-starter-kit/branches{/branch}",       "tags_url": "https://api.github.com/repos/przeor/react-router-flux-starter-kit/tags",       "blobs_url": "https://api.github.com/repos/przeor/react-router-flux-starter-kit/git/blobs{/sha}",       "git_tags_url": "https://api.github.com/repos/przeor/react-router-flux-starter-kit/git/tags{/sha}",       "git_refs_url": "https://api.github.com/repos/przeor/react-router-flux-starter-kit/git/refs{/sha}",       "trees_url": "https://api.github.com/repos/przeor/react-router-flux-starter-kit/git/trees{/sha}",       "statuses_url": "https://api.github.com/repos/przeor/react-router-flux-starter-kit/statuses/{sha}",       "languages_url": "https://api.github.com/repos/przeor/react-router-flux-starter-kit/languages",       "stargazers_url": "https://api.github.com/repos/przeor/react-router-flux-starter-kit/stargazers",       "contributors_url": "https://api.github.com/repos/przeor/react-router-flux-starter-kit/contributors",       "subscribers_url": "https://api.github.com/repos/przeor/react-router-flux-starter-kit/subscribers",       "subscription_url": "https://api.github.com/repos/przeor/react-router-flux-starter-kit/subscription",       "commits_url": "https://api.github.com/repos/przeor/react-router-flux-starter-kit/commits{/sha}",       "git_commits_url": "https://api.github.com/repos/przeor/react-router-flux-starter-kit/git/commits{/sha}",       "comments_url": "https://api.github.com/repos/przeor/react-router-flux-starter-kit/comments{/number}",       "issue_comment_url": "https://api.github.com/repos/przeor/react-router-flux-starter-kit/issues/comments{/number}",       "contents_url": "https://api.github.com/repos/przeor/react-router-flux-starter-kit/contents/{+path}",       "compare_url": "https://api.github.com/repos/przeor/react-router-flux-starter-kit/compare/{base}...{head}",       "merges_url": "https://api.github.com/repos/przeor/react-router-flux-starter-kit/merges",       "archive_url": "https://api.github.com/repos/przeor/react-router-flux-starter-kit/{archive_format}{/ref}",       "downloads_url": "https://api.github.com/repos/przeor/react-router-flux-starter-kit/downloads",       "issues_url": "https://api.github.com/repos/przeor/react-router-flux-starter-kit/issues{/number}",       "pulls_url": "https://api.github.com/repos/przeor/react-router-flux-starter-kit/pulls{/number}",       "milestones_url": "https://api.github.com/repos/przeor/react-router-flux-starter-kit/milestones{/number}",       "notifications_url": "https://api.github.com/repos/przeor/react-router-flux-starter-kit/notifications{?since,all,participating}",       "labels_url": "https://api.github.com/repos/przeor/react-router-flux-starter-kit/labels{/name}",       "releases_url": "https://api.github.com/repos/przeor/react-router-flux-starter-kit/releases{/id}",       "deployments_url": "https://api.github.com/repos/przeor/react-router-flux-starter-kit/deployments",       "created_at": "2014-12-23T22:19:47Z",       "updated_at": "2019-01-23T01:25:46Z",       "pushed_at": "2016-08-19T08:19:37Z",       "git_url": "git://github.com/przeor/react-router-flux-starter-kit.git",       "ssh_url": "git@github.com:przeor/react-router-flux-starter-kit.git",       "clone_url": "https://github.com/przeor/react-router-flux-starter-kit.git",       "svn_url": "https://github.com/przeor/react-router-flux-starter-kit",       "homepage": "",       "size": 4999,       "stargazers_count": 650,       "watchers_count": 650,       "language": "JavaScript",       "has_issues": true,       "has_projects": true,       "has_downloads": true,       "has_wiki": true,       "has_pages": false,       "forks_count": 97,       "mirror_url": null,       "archived": false,       "open_issues_count": 5,       "license": null,       "forks": 97,       "open_issues": 5,       "watchers": 650,       "default_branch": "master",       "score": 58.770836     },     {       "id": 282344,       "node_id": "MDEwOlJlcG9zaXRvcnkyODIzNDQ=",       "name": "potion",       "full_name": "perl11/potion",       "private": false,       "owner": {         "login": "perl11",         "id": 2390370,         "node_id": "MDEyOk9yZ2FuaXphdGlvbjIzOTAzNzA=",         "avatar_url": "https://avatars3.githubusercontent.com/u/2390370?v=4",         "gravatar_id": "",         "url": "https://api.github.com/users/perl11",         "html_url": "https://github.com/perl11",         "followers_url": "https://api.github.com/users/perl11/followers",         "following_url": "https://api.github.com/users/perl11/following{/other_user}",         "gists_url": "https://api.github.com/users/perl11/gists{/gist_id}",         "starred_url": "https://api.github.com/users/perl11/starred{/owner}{/repo}",         "subscriptions_url": "https://api.github.com/users/perl11/subscriptions",         "organizations_url": "https://api.github.com/users/perl11/orgs",         "repos_url": "https://api.github.com/users/perl11/repos",         "events_url": "https://api.github.com/users/perl11/events{/privacy}",         "received_events_url": "https://api.github.com/users/perl11/received_events",         "type": "Organization",         "site_admin": false       },       "html_url": "https://github.com/perl11/potion",       "description": "_why the lucky stiff's little language (the official repo... until _why returns)",       "fork": false,       "url": "https://api.github.com/repos/perl11/potion",       "forks_url": "https://api.github.com/repos/perl11/potion/forks",       "keys_url": "https://api.github.com/repos/perl11/potion/keys{/key_id}",       "collaborators_url": "https://api.github.com/repos/perl11/potion/collaborators{/collaborator}",       "teams_url": "https://api.github.com/repos/perl11/potion/teams",       "hooks_url": "https://api.github.com/repos/perl11/potion/hooks",       "issue_events_url": "https://api.github.com/repos/perl11/potion/issues/events{/number}",       "events_url": "https://api.github.com/repos/perl11/potion/events",       "assignees_url": "https://api.github.com/repos/perl11/potion/assignees{/user}",       "branches_url": "https://api.github.com/repos/perl11/potion/branches{/branch}",       "tags_url": "https://api.github.com/repos/perl11/potion/tags",       "blobs_url": "https://api.github.com/repos/perl11/potion/git/blobs{/sha}",       "git_tags_url": "https://api.github.com/repos/perl11/potion/git/tags{/sha}",       "git_refs_url": "https://api.github.com/repos/perl11/potion/git/refs{/sha}",       "trees_url": "https://api.github.com/repos/perl11/potion/git/trees{/sha}",       "statuses_url": "https://api.github.com/repos/perl11/potion/statuses/{sha}",       "languages_url": "https://api.github.com/repos/perl11/potion/languages",       "stargazers_url": "https://api.github.com/repos/perl11/potion/stargazers",       "contributors_url": "https://api.github.com/repos/perl11/potion/contributors",       "subscribers_url": "https://api.github.com/repos/perl11/potion/subscribers",       "subscription_url": "https://api.github.com/repos/perl11/potion/subscription",       "commits_url": "https://api.github.com/repos/perl11/potion/commits{/sha}",       "git_commits_url": "https://api.github.com/repos/perl11/potion/git/commits{/sha}",       "comments_url": "https://api.github.com/repos/perl11/potion/comments{/number}",       "issue_comment_url": "https://api.github.com/repos/perl11/potion/issues/comments{/number}",       "contents_url": "https://api.github.com/repos/perl11/potion/contents/{+path}",       "compare_url": "https://api.github.com/repos/perl11/potion/compare/{base}...{head}",       "merges_url": "https://api.github.com/repos/perl11/potion/merges",       "archive_url": "https://api.github.com/repos/perl11/potion/{archive_format}{/ref}",       "downloads_url": "https://api.github.com/repos/perl11/potion/downloads",       "issues_url": "https://api.github.com/repos/perl11/potion/issues{/number}",       "pulls_url": "https://api.github.com/repos/perl11/potion/pulls{/number}",       "milestones_url": "https://api.github.com/repos/perl11/potion/milestones{/number}",       "notifications_url": "https://api.github.com/repos/perl11/potion/notifications{?since,all,participating}",       "labels_url": "https://api.github.com/repos/perl11/potion/labels{/name}",       "releases_url": "https://api.github.com/repos/perl11/potion/releases{/id}",       "deployments_url": "https://api.github.com/repos/perl11/potion/deployments",       "created_at": "2009-08-19T20:06:21Z",       "updated_at": "2019-01-23T08:11:13Z",       "pushed_at": "2018-02-02T09:04:03Z",       "git_url": "git://github.com/perl11/potion.git",       "ssh_url": "git@github.com:perl11/potion.git",       "clone_url": "https://github.com/perl11/potion.git",       "svn_url": "https://github.com/perl11/potion",       "homepage": "http://groups.google.com/group/potion-lang",       "size": 4417,       "stargazers_count": 540,       "watchers_count": 540,       "language": "C",       "has_issues": true,       "has_projects": true,       "has_downloads": true,       "has_wiki": true,       "has_pages": true,       "forks_count": 78,       "mirror_url": null,       "archived": false,       "open_issues_count": 19,       "license": {         "key": "other",         "name": "Other",         "spdx_id": "NOASSERTION",         "url": null,         "node_id": "MDc6TGljZW5zZTA="       },       "forks": 78,       "open_issues": 19,       "watchers": 540,       "default_branch": "master",       "score": 81.9831     },     {       "id": 282622,       "node_id": "MDEwOlJlcG9zaXRvcnkyODI2MjI=",       "name": "poignant-guide",       "full_name": "mislav/poignant-guide",       "private": false,       "owner": {         "login": "mislav",         "id": 887,         "node_id": "MDQ6VXNlcjg4Nw==",         "avatar_url": "https://avatars2.githubusercontent.com/u/887?v=4",         "gravatar_id": "",         "url": "https://api.github.com/users/mislav",         "html_url": "https://github.com/mislav",         "followers_url": "https://api.github.com/users/mislav/followers",         "following_url": "https://api.github.com/users/mislav/following{/other_user}",         "gists_url": "https://api.github.com/users/mislav/gists{/gist_id}",         "starred_url": "https://api.github.com/users/mislav/starred{/owner}{/repo}",         "subscriptions_url": "https://api.github.com/users/mislav/subscriptions",         "organizations_url": "https://api.github.com/users/mislav/orgs",         "repos_url": "https://api.github.com/users/mislav/repos",         "events_url": "https://api.github.com/users/mislav/events{/privacy}",         "received_events_url": "https://api.github.com/users/mislav/received_events",         "type": "User",         "site_admin": true       },       "html_url": "https://github.com/mislav/poignant-guide",       "description": "Why's Poignant Guide to Ruby",       "fork": false,       "url": "https://api.github.com/repos/mislav/poignant-guide",       "forks_url": "https://api.github.com/repos/mislav/poignant-guide/forks",       "keys_url": "https://api.github.com/repos/mislav/poignant-guide/keys{/key_id}",       "collaborators_url": "https://api.github.com/repos/mislav/poignant-guide/collaborators{/collaborator}",       "teams_url": "https://api.github.com/repos/mislav/poignant-guide/teams",       "hooks_url": "https://api.github.com/repos/mislav/poignant-guide/hooks",       "issue_events_url": "https://api.github.com/repos/mislav/poignant-guide/issues/events{/number}",       "events_url": "https://api.github.com/repos/mislav/poignant-guide/events",       "assignees_url": "https://api.github.com/repos/mislav/poignant-guide/assignees{/user}",       "branches_url": "https://api.github.com/repos/mislav/poignant-guide/branches{/branch}",       "tags_url": "https://api.github.com/repos/mislav/poignant-guide/tags",       "blobs_url": "https://api.github.com/repos/mislav/poignant-guide/git/blobs{/sha}",       "git_tags_url": "https://api.github.com/repos/mislav/poignant-guide/git/tags{/sha}",       "git_refs_url": "https://api.github.com/repos/mislav/poignant-guide/git/refs{/sha}",       "trees_url": "https://api.github.com/repos/mislav/poignant-guide/git/trees{/sha}",       "statuses_url": "https://api.github.com/repos/mislav/poignant-guide/statuses/{sha}",       "languages_url": "https://api.github.com/repos/mislav/poignant-guide/languages",       "stargazers_url": "https://api.github.com/repos/mislav/poignant-guide/stargazers",       "contributors_url": "https://api.github.com/repos/mislav/poignant-guide/contributors",       "subscribers_url": "https://api.github.com/repos/mislav/poignant-guide/subscribers",       "subscription_url": "https://api.github.com/repos/mislav/poignant-guide/subscription",       "commits_url": "https://api.github.com/repos/mislav/poignant-guide/commits{/sha}",       "git_commits_url": "https://api.github.com/repos/mislav/poignant-guide/git/commits{/sha}",       "comments_url": "https://api.github.com/repos/mislav/poignant-guide/comments{/number}",       "issue_comment_url": "https://api.github.com/repos/mislav/poignant-guide/issues/comments{/number}",       "contents_url": "https://api.github.com/repos/mislav/poignant-guide/contents/{+path}",       "compare_url": "https://api.github.com/repos/mislav/poignant-guide/compare/{base}...{head}",       "merges_url": "https://api.github.com/repos/mislav/poignant-guide/merges",       "archive_url": "https://api.github.com/repos/mislav/poignant-guide/{archive_format}{/ref}",       "downloads_url": "https://api.github.com/repos/mislav/poignant-guide/downloads",       "issues_url": "https://api.github.com/repos/mislav/poignant-guide/issues{/number}",       "pulls_url": "https://api.github.com/repos/mislav/poignant-guide/pulls{/number}",       "milestones_url": "https://api.github.com/repos/mislav/poignant-guide/milestones{/number}",       "notifications_url": "https://api.github.com/repos/mislav/poignant-guide/notifications{?since,all,participating}",       "labels_url": "https://api.github.com/repos/mislav/poignant-guide/labels{/name}",       "releases_url": "https://api.github.com/repos/mislav/poignant-guide/releases{/id}",       "deployments_url": "https://api.github.com/repos/mislav/poignant-guide/deployments",       "created_at": "2009-08-20T01:17:54Z",       "updated_at": "2019-01-26T12:32:58Z",       "pushed_at": "2018-11-20T13:08:57Z",       "git_url": "git://github.com/mislav/poignant-guide.git",       "ssh_url": "git@github.com:mislav/poignant-guide.git",       "clone_url": "https://github.com/mislav/poignant-guide.git",       "svn_url": "https://github.com/mislav/poignant-guide",       "homepage": "http://poignant.guide/",       "size": 12871,       "stargazers_count": 532,       "watchers_count": 532,       "language": "HTML",       "has_issues": false,       "has_projects": true,       "has_downloads": true,       "has_wiki": false,       "has_pages": true,       "forks_count": 103,       "mirror_url": null,       "archived": false,       "open_issues_count": 0,       "license": null,       "forks": 103,       "open_issues": 0,       "watchers": 532,       "default_branch": "gh-pages",       "score": 81.4983     },     {       "id": 30485473,       "node_id": "MDEwOlJlcG9zaXRvcnkzMDQ4NTQ3Mw==",       "name": "Why-Reject",       "full_name": "jcccn/Why-Reject",       "private": false,       "owner": {         "login": "jcccn",         "id": 397243,         "node_id": "MDQ6VXNlcjM5NzI0Mw==",         "avatar_url": "https://avatars1.githubusercontent.com/u/397243?v=4",         "gravatar_id": "",         "url": "https://api.github.com/users/jcccn",         "html_url": "https://github.com/jcccn",         "followers_url": "https://api.github.com/users/jcccn/followers",         "following_url": "https://api.github.com/users/jcccn/following{/other_user}",         "gists_url": "https://api.github.com/users/jcccn/gists{/gist_id}",         "starred_url": "https://api.github.com/users/jcccn/starred{/owner}{/repo}",         "subscriptions_url": "https://api.github.com/users/jcccn/subscriptions",         "organizations_url": "https://api.github.com/users/jcccn/orgs",         "repos_url": "https://api.github.com/users/jcccn/repos",         "events_url": "https://api.github.com/users/jcccn/events{/privacy}",         "received_events_url": "https://api.github.com/users/jcccn/received_events",         "type": "User",         "site_admin": false       },       "html_url": "https://github.com/jcccn/Why-Reject",       "description": "苹果AppStore被拒理由大全",       "fork": false,       "url": "https://api.github.com/repos/jcccn/Why-Reject",       "forks_url": "https://api.github.com/repos/jcccn/Why-Reject/forks",       "keys_url": "https://api.github.com/repos/jcccn/Why-Reject/keys{/key_id}",       "collaborators_url": "https://api.github.com/repos/jcccn/Why-Reject/collaborators{/collaborator}",       "teams_url": "https://api.github.com/repos/jcccn/Why-Reject/teams",       "hooks_url": "https://api.github.com/repos/jcccn/Why-Reject/hooks",       "issue_events_url": "https://api.github.com/repos/jcccn/Why-Reject/issues/events{/number}",       "events_url": "https://api.github.com/repos/jcccn/Why-Reject/events",       "assignees_url": "https://api.github.com/repos/jcccn/Why-Reject/assignees{/user}",       "branches_url": "https://api.github.com/repos/jcccn/Why-Reject/branches{/branch}",       "tags_url": "https://api.github.com/repos/jcccn/Why-Reject/tags",       "blobs_url": "https://api.github.com/repos/jcccn/Why-Reject/git/blobs{/sha}",       "git_tags_url": "https://api.github.com/repos/jcccn/Why-Reject/git/tags{/sha}",       "git_refs_url": "https://api.github.com/repos/jcccn/Why-Reject/git/refs{/sha}",       "trees_url": "https://api.github.com/repos/jcccn/Why-Reject/git/trees{/sha}",       "statuses_url": "https://api.github.com/repos/jcccn/Why-Reject/statuses/{sha}",       "languages_url": "https://api.github.com/repos/jcccn/Why-Reject/languages",       "stargazers_url": "https://api.github.com/repos/jcccn/Why-Reject/stargazers",       "contributors_url": "https://api.github.com/repos/jcccn/Why-Reject/contributors",       "subscribers_url": "https://api.github.com/repos/jcccn/Why-Reject/subscribers",       "subscription_url": "https://api.github.com/repos/jcccn/Why-Reject/subscription",       "commits_url": "https://api.github.com/repos/jcccn/Why-Reject/commits{/sha}",       "git_commits_url": "https://api.github.com/repos/jcccn/Why-Reject/git/commits{/sha}",       "comments_url": "https://api.github.com/repos/jcccn/Why-Reject/comments{/number}",       "issue_comment_url": "https://api.github.com/repos/jcccn/Why-Reject/issues/comments{/number}",       "contents_url": "https://api.github.com/repos/jcccn/Why-Reject/contents/{+path}",       "compare_url": "https://api.github.com/repos/jcccn/Why-Reject/compare/{base}...{head}",       "merges_url": "https://api.github.com/repos/jcccn/Why-Reject/merges",       "archive_url": "https://api.github.com/repos/jcccn/Why-Reject/{archive_format}{/ref}",       "downloads_url": "https://api.github.com/repos/jcccn/Why-Reject/downloads",       "issues_url": "https://api.github.com/repos/jcccn/Why-Reject/issues{/number}",       "pulls_url": "https://api.github.com/repos/jcccn/Why-Reject/pulls{/number}",       "milestones_url": "https://api.github.com/repos/jcccn/Why-Reject/milestones{/number}",       "notifications_url": "https://api.github.com/repos/jcccn/Why-Reject/notifications{?since,all,participating}",       "labels_url": "https://api.github.com/repos/jcccn/Why-Reject/labels{/name}",       "releases_url": "https://api.github.com/repos/jcccn/Why-Reject/releases{/id}",       "deployments_url": "https://api.github.com/repos/jcccn/Why-Reject/deployments",       "created_at": "2015-02-08T08:37:17Z",       "updated_at": "2019-01-28T12:02:55Z",       "pushed_at": "2017-05-06T07:35:44Z",       "git_url": "git://github.com/jcccn/Why-Reject.git",       "ssh_url": "git@github.com:jcccn/Why-Reject.git",       "clone_url": "https://github.com/jcccn/Why-Reject.git",       "svn_url": "https://github.com/jcccn/Why-Reject",       "homepage": "https://whyreject.jcccn.me",       "size": 684,       "stargazers_count": 493,       "watchers_count": 493,       "language": null,       "has_issues": true,       "has_projects": true,       "has_downloads": true,       "has_wiki": true,       "has_pages": true,       "forks_count": 113,       "mirror_url": null,       "archived": false,       "open_issues_count": 0,       "license": null,       "forks": 113,       "open_issues": 0,       "watchers": 493,       "default_branch": "master",       "score": 96.06574     },     {       "id": 76408906,       "node_id": "MDEwOlJlcG9zaXRvcnk3NjQwODkwNg==",       "name": "meta",       "full_name": "mateodelnorte/meta",       "private": false,       "owner": {         "login": "mateodelnorte",         "id": 554847,         "node_id": "MDQ6VXNlcjU1NDg0Nw==",         "avatar_url": "https://avatars3.githubusercontent.com/u/554847?v=4",         "gravatar_id": "",         "url": "https://api.github.com/users/mateodelnorte",         "html_url": "https://github.com/mateodelnorte",         "followers_url": "https://api.github.com/users/mateodelnorte/followers",         "following_url": "https://api.github.com/users/mateodelnorte/following{/other_user}",         "gists_url": "https://api.github.com/users/mateodelnorte/gists{/gist_id}",         "starred_url": "https://api.github.com/users/mateodelnorte/starred{/owner}{/repo}",         "subscriptions_url": "https://api.github.com/users/mateodelnorte/subscriptions",         "organizations_url": "https://api.github.com/users/mateodelnorte/orgs",         "repos_url": "https://api.github.com/users/mateodelnorte/repos",         "events_url": "https://api.github.com/users/mateodelnorte/events{/privacy}",         "received_events_url": "https://api.github.com/users/mateodelnorte/received_events",         "type": "User",         "site_admin": false       },       "html_url": "https://github.com/mateodelnorte/meta",       "description": "tool for turning many repos into a meta repo. why choose many repos or a monolithic repo, when you can have both with a meta repo?",       "fork": false,       "url": "https://api.github.com/repos/mateodelnorte/meta",       "forks_url": "https://api.github.com/repos/mateodelnorte/meta/forks",       "keys_url": "https://api.github.com/repos/mateodelnorte/meta/keys{/key_id}",       "collaborators_url": "https://api.github.com/repos/mateodelnorte/meta/collaborators{/collaborator}",       "teams_url": "https://api.github.com/repos/mateodelnorte/meta/teams",       "hooks_url": "https://api.github.com/repos/mateodelnorte/meta/hooks",       "issue_events_url": "https://api.github.com/repos/mateodelnorte/meta/issues/events{/number}",       "events_url": "https://api.github.com/repos/mateodelnorte/meta/events",       "assignees_url": "https://api.github.com/repos/mateodelnorte/meta/assignees{/user}",       "branches_url": "https://api.github.com/repos/mateodelnorte/meta/branches{/branch}",       "tags_url": "https://api.github.com/repos/mateodelnorte/meta/tags",       "blobs_url": "https://api.github.com/repos/mateodelnorte/meta/git/blobs{/sha}",       "git_tags_url": "https://api.github.com/repos/mateodelnorte/meta/git/tags{/sha}",       "git_refs_url": "https://api.github.com/repos/mateodelnorte/meta/git/refs{/sha}",       "trees_url": "https://api.github.com/repos/mateodelnorte/meta/git/trees{/sha}",       "statuses_url": "https://api.github.com/repos/mateodelnorte/meta/statuses/{sha}",       "languages_url": "https://api.github.com/repos/mateodelnorte/meta/languages",       "stargazers_url": "https://api.github.com/repos/mateodelnorte/meta/stargazers",       "contributors_url": "https://api.github.com/repos/mateodelnorte/meta/contributors",       "subscribers_url": "https://api.github.com/repos/mateodelnorte/meta/subscribers",       "subscription_url": "https://api.github.com/repos/mateodelnorte/meta/subscription",       "commits_url": "https://api.github.com/repos/mateodelnorte/meta/commits{/sha}",       "git_commits_url": "https://api.github.com/repos/mateodelnorte/meta/git/commits{/sha}",       "comments_url": "https://api.github.com/repos/mateodelnorte/meta/comments{/number}",       "issue_comment_url": "https://api.github.com/repos/mateodelnorte/meta/issues/comments{/number}",       "contents_url": "https://api.github.com/repos/mateodelnorte/meta/contents/{+path}",       "compare_url": "https://api.github.com/repos/mateodelnorte/meta/compare/{base}...{head}",       "merges_url": "https://api.github.com/repos/mateodelnorte/meta/merges",       "archive_url": "https://api.github.com/repos/mateodelnorte/meta/{archive_format}{/ref}",       "downloads_url": "https://api.github.com/repos/mateodelnorte/meta/downloads",       "issues_url": "https://api.github.com/repos/mateodelnorte/meta/issues{/number}",       "pulls_url": "https://api.github.com/repos/mateodelnorte/meta/pulls{/number}",       "milestones_url": "https://api.github.com/repos/mateodelnorte/meta/milestones{/number}",       "notifications_url": "https://api.github.com/repos/mateodelnorte/meta/notifications{?since,all,participating}",       "labels_url": "https://api.github.com/repos/mateodelnorte/meta/labels{/name}",       "releases_url": "https://api.github.com/repos/mateodelnorte/meta/releases{/id}",       "deployments_url": "https://api.github.com/repos/mateodelnorte/meta/deployments",       "created_at": "2016-12-14T00:06:35Z",       "updated_at": "2019-01-27T07:29:38Z",       "pushed_at": "2019-01-25T18:00:32Z",       "git_url": "git://github.com/mateodelnorte/meta.git",       "ssh_url": "git@github.com:mateodelnorte/meta.git",       "clone_url": "https://github.com/mateodelnorte/meta.git",       "svn_url": "https://github.com/mateodelnorte/meta",       "homepage": "",       "size": 2507,       "stargazers_count": 489,       "watchers_count": 489,       "language": "JavaScript",       "has_issues": true,       "has_projects": true,       "has_downloads": true,       "has_wiki": true,       "has_pages": false,       "forks_count": 27,       "mirror_url": null,       "archived": false,       "open_issues_count": 18,       "license": null,       "forks": 27,       "open_issues": 18,       "watchers": 489,       "default_branch": "master",       "score": 35.229652     },     {       "id": 120470493,       "node_id": "MDEwOlJlcG9zaXRvcnkxMjA0NzA0OTM=",       "name": "awesome-dev-podcasts",       "full_name": "sw-yx/awesome-dev-podcasts",       "private": false,       "owner": {         "login": "sw-yx",         "id": 6764957,         "node_id": "MDQ6VXNlcjY3NjQ5NTc=",         "avatar_url": "https://avatars1.githubusercontent.com/u/6764957?v=4",         "gravatar_id": "",         "url": "https://api.github.com/users/sw-yx",         "html_url": "https://github.com/sw-yx",         "followers_url": "https://api.github.com/users/sw-yx/followers",         "following_url": "https://api.github.com/users/sw-yx/following{/other_user}",         "gists_url": "https://api.github.com/users/sw-yx/gists{/gist_id}",         "starred_url": "https://api.github.com/users/sw-yx/starred{/owner}{/repo}",         "subscriptions_url": "https://api.github.com/users/sw-yx/subscriptions",         "organizations_url": "https://api.github.com/users/sw-yx/orgs",         "repos_url": "https://api.github.com/users/sw-yx/repos",         "events_url": "https://api.github.com/users/sw-yx/events{/privacy}",         "received_events_url": "https://api.github.com/users/sw-yx/received_events",         "type": "User",         "site_admin": false       },       "html_url": "https://github.com/sw-yx/awesome-dev-podcasts",       "description": "a curated list of awesome dev podcasts and why they are awesome",       "fork": false,       "url": "https://api.github.com/repos/sw-yx/awesome-dev-podcasts",       "forks_url": "https://api.github.com/repos/sw-yx/awesome-dev-podcasts/forks",       "keys_url": "https://api.github.com/repos/sw-yx/awesome-dev-podcasts/keys{/key_id}",       "collaborators_url": "https://api.github.com/repos/sw-yx/awesome-dev-podcasts/collaborators{/collaborator}",       "teams_url": "https://api.github.com/repos/sw-yx/awesome-dev-podcasts/teams",       "hooks_url": "https://api.github.com/repos/sw-yx/awesome-dev-podcasts/hooks",       "issue_events_url": "https://api.github.com/repos/sw-yx/awesome-dev-podcasts/issues/events{/number}",       "events_url": "https://api.github.com/repos/sw-yx/awesome-dev-podcasts/events",       "assignees_url": "https://api.github.com/repos/sw-yx/awesome-dev-podcasts/assignees{/user}",       "branches_url": "https://api.github.com/repos/sw-yx/awesome-dev-podcasts/branches{/branch}",       "tags_url": "https://api.github.com/repos/sw-yx/awesome-dev-podcasts/tags",       "blobs_url": "https://api.github.com/repos/sw-yx/awesome-dev-podcasts/git/blobs{/sha}",       "git_tags_url": "https://api.github.com/repos/sw-yx/awesome-dev-podcasts/git/tags{/sha}",       "git_refs_url": "https://api.github.com/repos/sw-yx/awesome-dev-podcasts/git/refs{/sha}",       "trees_url": "https://api.github.com/repos/sw-yx/awesome-dev-podcasts/git/trees{/sha}",       "statuses_url": "https://api.github.com/repos/sw-yx/awesome-dev-podcasts/statuses/{sha}",       "languages_url": "https://api.github.com/repos/sw-yx/awesome-dev-podcasts/languages",       "stargazers_url": "https://api.github.com/repos/sw-yx/awesome-dev-podcasts/stargazers",       "contributors_url": "https://api.github.com/repos/sw-yx/awesome-dev-podcasts/contributors",       "subscribers_url": "https://api.github.com/repos/sw-yx/awesome-dev-podcasts/subscribers",       "subscription_url": "https://api.github.com/repos/sw-yx/awesome-dev-podcasts/subscription",       "commits_url": "https://api.github.com/repos/sw-yx/awesome-dev-podcasts/commits{/sha}",       "git_commits_url": "https://api.github.com/repos/sw-yx/awesome-dev-podcasts/git/commits{/sha}",       "comments_url": "https://api.github.com/repos/sw-yx/awesome-dev-podcasts/comments{/number}",       "issue_comment_url": "https://api.github.com/repos/sw-yx/awesome-dev-podcasts/issues/comments{/number}",       "contents_url": "https://api.github.com/repos/sw-yx/awesome-dev-podcasts/contents/{+path}",       "compare_url": "https://api.github.com/repos/sw-yx/awesome-dev-podcasts/compare/{base}...{head}",       "merges_url": "https://api.github.com/repos/sw-yx/awesome-dev-podcasts/merges",       "archive_url": "https://api.github.com/repos/sw-yx/awesome-dev-podcasts/{archive_format}{/ref}",       "downloads_url": "https://api.github.com/repos/sw-yx/awesome-dev-podcasts/downloads",       "issues_url": "https://api.github.com/repos/sw-yx/awesome-dev-podcasts/issues{/number}",       "pulls_url": "https://api.github.com/repos/sw-yx/awesome-dev-podcasts/pulls{/number}",       "milestones_url": "https://api.github.com/repos/sw-yx/awesome-dev-podcasts/milestones{/number}",       "notifications_url": "https://api.github.com/repos/sw-yx/awesome-dev-podcasts/notifications{?since,all,participating}",       "labels_url": "https://api.github.com/repos/sw-yx/awesome-dev-podcasts/labels{/name}",       "releases_url": "https://api.github.com/repos/sw-yx/awesome-dev-podcasts/releases{/id}",       "deployments_url": "https://api.github.com/repos/sw-yx/awesome-dev-podcasts/deployments",       "created_at": "2018-02-06T14:32:41Z",       "updated_at": "2019-01-23T00:52:57Z",       "pushed_at": "2018-09-12T14:28:36Z",       "git_url": "git://github.com/sw-yx/awesome-dev-podcasts.git",       "ssh_url": "git@github.com:sw-yx/awesome-dev-podcasts.git",       "clone_url": "https://github.com/sw-yx/awesome-dev-podcasts.git",       "svn_url": "https://github.com/sw-yx/awesome-dev-podcasts",       "homepage": "",       "size": 29,       "stargazers_count": 455,       "watchers_count": 455,       "language": null,       "has_issues": true,       "has_projects": true,       "has_downloads": true,       "has_wiki": true,       "has_pages": false,       "forks_count": 26,       "mirror_url": null,       "archived": false,       "open_issues_count": 3,       "license": null,       "forks": 26,       "open_issues": 3,       "watchers": 455,       "default_branch": "master",       "score": 48.010384     },     {       "id": 18601900,       "node_id": "MDEwOlJlcG9zaXRvcnkxODYwMTkwMA==",       "name": "eliot",       "full_name": "itamarst/eliot",       "private": false,       "owner": {         "login": "itamarst",         "id": 3266662,         "node_id": "MDQ6VXNlcjMyNjY2NjI=",         "avatar_url": "https://avatars1.githubusercontent.com/u/3266662?v=4",         "gravatar_id": "",         "url": "https://api.github.com/users/itamarst",         "html_url": "https://github.com/itamarst",         "followers_url": "https://api.github.com/users/itamarst/followers",         "following_url": "https://api.github.com/users/itamarst/following{/other_user}",         "gists_url": "https://api.github.com/users/itamarst/gists{/gist_id}",         "starred_url": "https://api.github.com/users/itamarst/starred{/owner}{/repo}",         "subscriptions_url": "https://api.github.com/users/itamarst/subscriptions",         "organizations_url": "https://api.github.com/users/itamarst/orgs",         "repos_url": "https://api.github.com/users/itamarst/repos",         "events_url": "https://api.github.com/users/itamarst/events{/privacy}",         "received_events_url": "https://api.github.com/users/itamarst/received_events",         "type": "User",         "site_admin": false       },       "html_url": "https://github.com/itamarst/eliot",       "description": "Eliot: the logging system that tells you *why* it happened",       "fork": false,       "url": "https://api.github.com/repos/itamarst/eliot",       "forks_url": "https://api.github.com/repos/itamarst/eliot/forks",       "keys_url": "https://api.github.com/repos/itamarst/eliot/keys{/key_id}",       "collaborators_url": "https://api.github.com/repos/itamarst/eliot/collaborators{/collaborator}",       "teams_url": "https://api.github.com/repos/itamarst/eliot/teams",       "hooks_url": "https://api.github.com/repos/itamarst/eliot/hooks",       "issue_events_url": "https://api.github.com/repos/itamarst/eliot/issues/events{/number}",       "events_url": "https://api.github.com/repos/itamarst/eliot/events",       "assignees_url": "https://api.github.com/repos/itamarst/eliot/assignees{/user}",       "branches_url": "https://api.github.com/repos/itamarst/eliot/branches{/branch}",       "tags_url": "https://api.github.com/repos/itamarst/eliot/tags",       "blobs_url": "https://api.github.com/repos/itamarst/eliot/git/blobs{/sha}",       "git_tags_url": "https://api.github.com/repos/itamarst/eliot/git/tags{/sha}",       "git_refs_url": "https://api.github.com/repos/itamarst/eliot/git/refs{/sha}",       "trees_url": "https://api.github.com/repos/itamarst/eliot/git/trees{/sha}",       "statuses_url": "https://api.github.com/repos/itamarst/eliot/statuses/{sha}",       "languages_url": "https://api.github.com/repos/itamarst/eliot/languages",       "stargazers_url": "https://api.github.com/repos/itamarst/eliot/stargazers",       "contributors_url": "https://api.github.com/repos/itamarst/eliot/contributors",       "subscribers_url": "https://api.github.com/repos/itamarst/eliot/subscribers",       "subscription_url": "https://api.github.com/repos/itamarst/eliot/subscription",       "commits_url": "https://api.github.com/repos/itamarst/eliot/commits{/sha}",       "git_commits_url": "https://api.github.com/repos/itamarst/eliot/git/commits{/sha}",       "comments_url": "https://api.github.com/repos/itamarst/eliot/comments{/number}",       "issue_comment_url": "https://api.github.com/repos/itamarst/eliot/issues/comments{/number}",       "contents_url": "https://api.github.com/repos/itamarst/eliot/contents/{+path}",       "compare_url": "https://api.github.com/repos/itamarst/eliot/compare/{base}...{head}",       "merges_url": "https://api.github.com/repos/itamarst/eliot/merges",       "archive_url": "https://api.github.com/repos/itamarst/eliot/{archive_format}{/ref}",       "downloads_url": "https://api.github.com/repos/itamarst/eliot/downloads",       "issues_url": "https://api.github.com/repos/itamarst/eliot/issues{/number}",       "pulls_url": "https://api.github.com/repos/itamarst/eliot/pulls{/number}",       "milestones_url": "https://api.github.com/repos/itamarst/eliot/milestones{/number}",       "notifications_url": "https://api.github.com/repos/itamarst/eliot/notifications{?since,all,participating}",       "labels_url": "https://api.github.com/repos/itamarst/eliot/labels{/name}",       "releases_url": "https://api.github.com/repos/itamarst/eliot/releases{/id}",       "deployments_url": "https://api.github.com/repos/itamarst/eliot/deployments",       "created_at": "2014-04-09T15:12:19Z",       "updated_at": "2019-01-25T22:49:37Z",       "pushed_at": "2019-01-02T18:19:45Z",       "git_url": "git://github.com/itamarst/eliot.git",       "ssh_url": "git@github.com:itamarst/eliot.git",       "clone_url": "https://github.com/itamarst/eliot.git",       "svn_url": "https://github.com/itamarst/eliot",       "homepage": "https://eliot.readthedocs.io",       "size": 1017,       "stargazers_count": 445,       "watchers_count": 445,       "language": "Python",       "has_issues": true,       "has_projects": true,       "has_downloads": true,       "has_wiki": true,       "has_pages": false,       "forks_count": 32,       "mirror_url": null,       "archived": false,       "open_issues_count": 89,       "license": {         "key": "apache-2.0",         "name": "Apache License 2.0",         "spdx_id": "Apache-2.0",         "url": "https://api.github.com/licenses/apache-2.0",         "node_id": "MDc6TGljZW5zZTI="       },       "forks": 32,       "open_issues": 89,       "watchers": 445,       "default_branch": "master",       "score": 61.205524     },     {       "id": 164816947,       "node_id": "MDEwOlJlcG9zaXRvcnkxNjQ4MTY5NDc=",       "name": "stockpredictionai",       "full_name": "borisbanushev/stockpredictionai",       "private": false,       "owner": {         "login": "borisbanushev",         "id": 36700291,         "node_id": "MDQ6VXNlcjM2NzAwMjkx",         "avatar_url": "https://avatars3.githubusercontent.com/u/36700291?v=4",         "gravatar_id": "",         "url": "https://api.github.com/users/borisbanushev",         "html_url": "https://github.com/borisbanushev",         "followers_url": "https://api.github.com/users/borisbanushev/followers",         "following_url": "https://api.github.com/users/borisbanushev/following{/other_user}",         "gists_url": "https://api.github.com/users/borisbanushev/gists{/gist_id}",         "starred_url": "https://api.github.com/users/borisbanushev/starred{/owner}{/repo}",         "subscriptions_url": "https://api.github.com/users/borisbanushev/subscriptions",         "organizations_url": "https://api.github.com/users/borisbanushev/orgs",         "repos_url": "https://api.github.com/users/borisbanushev/repos",         "events_url": "https://api.github.com/users/borisbanushev/events{/privacy}",         "received_events_url": "https://api.github.com/users/borisbanushev/received_events",         "type": "User",         "site_admin": false       },       "html_url": "https://github.com/borisbanushev/stockpredictionai",       "description": "       In this noteboook I will create a complete process for predicting stock price movements. Follow along and we will achieve some pretty good results. For that purpose we will use a Generative Adversarial Network (GAN) with LSTM, a type of Recurrent Neural Network, as generator, and a Convolutional Neural Network, CNN, as a discriminator. We use LSTM for the obvious reason that we are trying to predict time series data. Why we use GAN and specifically CNN as a discriminator? That is a good question: there are special sections on that later.",       "fork": false,       "url": "https://api.github.com/repos/borisbanushev/stockpredictionai",       "forks_url": "https://api.github.com/repos/borisbanushev/stockpredictionai/forks",       "keys_url": "https://api.github.com/repos/borisbanushev/stockpredictionai/keys{/key_id}",       "collaborators_url": "https://api.github.com/repos/borisbanushev/stockpredictionai/collaborators{/collaborator}",       "teams_url": "https://api.github.com/repos/borisbanushev/stockpredictionai/teams",       "hooks_url": "https://api.github.com/repos/borisbanushev/stockpredictionai/hooks",       "issue_events_url": "https://api.github.com/repos/borisbanushev/stockpredictionai/issues/events{/number}",       "events_url": "https://api.github.com/repos/borisbanushev/stockpredictionai/events",       "assignees_url": "https://api.github.com/repos/borisbanushev/stockpredictionai/assignees{/user}",       "branches_url": "https://api.github.com/repos/borisbanushev/stockpredictionai/branches{/branch}",       "tags_url": "https://api.github.com/repos/borisbanushev/stockpredictionai/tags",       "blobs_url": "https://api.github.com/repos/borisbanushev/stockpredictionai/git/blobs{/sha}",       "git_tags_url": "https://api.github.com/repos/borisbanushev/stockpredictionai/git/tags{/sha}",       "git_refs_url": "https://api.github.com/repos/borisbanushev/stockpredictionai/git/refs{/sha}",       "trees_url": "https://api.github.com/repos/borisbanushev/stockpredictionai/git/trees{/sha}",       "statuses_url": "https://api.github.com/repos/borisbanushev/stockpredictionai/statuses/{sha}",       "languages_url": "https://api.github.com/repos/borisbanushev/stockpredictionai/languages",       "stargazers_url": "https://api.github.com/repos/borisbanushev/stockpredictionai/stargazers",       "contributors_url": "https://api.github.com/repos/borisbanushev/stockpredictionai/contributors",       "subscribers_url": "https://api.github.com/repos/borisbanushev/stockpredictionai/subscribers",       "subscription_url": "https://api.github.com/repos/borisbanushev/stockpredictionai/subscription",       "commits_url": "https://api.github.com/repos/borisbanushev/stockpredictionai/commits{/sha}",       "git_commits_url": "https://api.github.com/repos/borisbanushev/stockpredictionai/git/commits{/sha}",       "comments_url": "https://api.github.com/repos/borisbanushev/stockpredictionai/comments{/number}",       "issue_comment_url": "https://api.github.com/repos/borisbanushev/stockpredictionai/issues/comments{/number}",       "contents_url": "https://api.github.com/repos/borisbanushev/stockpredictionai/contents/{+path}",       "compare_url": "https://api.github.com/repos/borisbanushev/stockpredictionai/compare/{base}...{head}",       "merges_url": "https://api.github.com/repos/borisbanushev/stockpredictionai/merges",       "archive_url": "https://api.github.com/repos/borisbanushev/stockpredictionai/{archive_format}{/ref}",       "downloads_url": "https://api.github.com/repos/borisbanushev/stockpredictionai/downloads",       "issues_url": "https://api.github.com/repos/borisbanushev/stockpredictionai/issues{/number}",       "pulls_url": "https://api.github.com/repos/borisbanushev/stockpredictionai/pulls{/number}",       "milestones_url": "https://api.github.com/repos/borisbanushev/stockpredictionai/milestones{/number}",       "notifications_url": "https://api.github.com/repos/borisbanushev/stockpredictionai/notifications{?since,all,participating}",       "labels_url": "https://api.github.com/repos/borisbanushev/stockpredictionai/labels{/name}",       "releases_url": "https://api.github.com/repos/borisbanushev/stockpredictionai/releases{/id}",       "deployments_url": "https://api.github.com/repos/borisbanushev/stockpredictionai/deployments",       "created_at": "2019-01-09T08:02:47Z",       "updated_at": "2019-01-28T20:24:48Z",       "pushed_at": "2019-01-24T20:24:50Z",       "git_url": "git://github.com/borisbanushev/stockpredictionai.git",       "ssh_url": "git@github.com:borisbanushev/stockpredictionai.git",       "clone_url": "https://github.com/borisbanushev/stockpredictionai.git",       "svn_url": "https://github.com/borisbanushev/stockpredictionai",       "homepage": "",       "size": 1950,       "stargazers_count": 417,       "watchers_count": 417,       "language": null,       "has_issues": true,       "has_projects": true,       "has_downloads": true,       "has_wiki": true,       "has_pages": false,       "forks_count": 181,       "mirror_url": null,       "archived": false,       "open_issues_count": 12,       "license": null,       "forks": 181,       "open_issues": 12,       "watchers": 417,       "default_branch": "master",       "score": 14.908602     },     {       "id": 35077713,       "node_id": "MDEwOlJlcG9zaXRvcnkzNTA3NzcxMw==",       "name": "whyliam.workflows.youdao",       "full_name": "liszd/whyliam.workflows.youdao",       "private": false,       "owner": {         "login": "liszd",         "id": 3387850,         "node_id": "MDQ6VXNlcjMzODc4NTA=",         "avatar_url": "https://avatars0.githubusercontent.com/u/3387850?v=4",         "gravatar_id": "",         "url": "https://api.github.com/users/liszd",         "html_url": "https://github.com/liszd",         "followers_url": "https://api.github.com/users/liszd/followers",         "following_url": "https://api.github.com/users/liszd/following{/other_user}",         "gists_url": "https://api.github.com/users/liszd/gists{/gist_id}",         "starred_url": "https://api.github.com/users/liszd/starred{/owner}{/repo}",         "subscriptions_url": "https://api.github.com/users/liszd/subscriptions",         "organizations_url": "https://api.github.com/users/liszd/orgs",         "repos_url": "https://api.github.com/users/liszd/repos",         "events_url": "https://api.github.com/users/liszd/events{/privacy}",         "received_events_url": "https://api.github.com/users/liszd/received_events",         "type": "User",         "site_admin": false       },       "html_url": "https://github.com/liszd/whyliam.workflows.youdao",       "description": "使用有道翻译你想知道的单词和语句",       "fork": false,       "url": "https://api.github.com/repos/liszd/whyliam.workflows.youdao",       "forks_url": "https://api.github.com/repos/liszd/whyliam.workflows.youdao/forks",       "keys_url": "https://api.github.com/repos/liszd/whyliam.workflows.youdao/keys{/key_id}",       "collaborators_url": "https://api.github.com/repos/liszd/whyliam.workflows.youdao/collaborators{/collaborator}",       "teams_url": "https://api.github.com/repos/liszd/whyliam.workflows.youdao/teams",       "hooks_url": "https://api.github.com/repos/liszd/whyliam.workflows.youdao/hooks",       "issue_events_url": "https://api.github.com/repos/liszd/whyliam.workflows.youdao/issues/events{/number}",       "events_url": "https://api.github.com/repos/liszd/whyliam.workflows.youdao/events",       "assignees_url": "https://api.github.com/repos/liszd/whyliam.workflows.youdao/assignees{/user}",       "branches_url": "https://api.github.com/repos/liszd/whyliam.workflows.youdao/branches{/branch}",       "tags_url": "https://api.github.com/repos/liszd/whyliam.workflows.youdao/tags",       "blobs_url": "https://api.github.com/repos/liszd/whyliam.workflows.youdao/git/blobs{/sha}",       "git_tags_url": "https://api.github.com/repos/liszd/whyliam.workflows.youdao/git/tags{/sha}",       "git_refs_url": "https://api.github.com/repos/liszd/whyliam.workflows.youdao/git/refs{/sha}",       "trees_url": "https://api.github.com/repos/liszd/whyliam.workflows.youdao/git/trees{/sha}",       "statuses_url": "https://api.github.com/repos/liszd/whyliam.workflows.youdao/statuses/{sha}",       "languages_url": "https://api.github.com/repos/liszd/whyliam.workflows.youdao/languages",       "stargazers_url": "https://api.github.com/repos/liszd/whyliam.workflows.youdao/stargazers",       "contributors_url": "https://api.github.com/repos/liszd/whyliam.workflows.youdao/contributors",       "subscribers_url": "https://api.github.com/repos/liszd/whyliam.workflows.youdao/subscribers",       "subscription_url": "https://api.github.com/repos/liszd/whyliam.workflows.youdao/subscription",       "commits_url": "https://api.github.com/repos/liszd/whyliam.workflows.youdao/commits{/sha}",       "git_commits_url": "https://api.github.com/repos/liszd/whyliam.workflows.youdao/git/commits{/sha}",       "comments_url": "https://api.github.com/repos/liszd/whyliam.workflows.youdao/comments{/number}",       "issue_comment_url": "https://api.github.com/repos/liszd/whyliam.workflows.youdao/issues/comments{/number}",       "contents_url": "https://api.github.com/repos/liszd/whyliam.workflows.youdao/contents/{+path}",       "compare_url": "https://api.github.com/repos/liszd/whyliam.workflows.youdao/compare/{base}...{head}",       "merges_url": "https://api.github.com/repos/liszd/whyliam.workflows.youdao/merges",       "archive_url": "https://api.github.com/repos/liszd/whyliam.workflows.youdao/{archive_format}{/ref}",       "downloads_url": "https://api.github.com/repos/liszd/whyliam.workflows.youdao/downloads",       "issues_url": "https://api.github.com/repos/liszd/whyliam.workflows.youdao/issues{/number}",       "pulls_url": "https://api.github.com/repos/liszd/whyliam.workflows.youdao/pulls{/number}",       "milestones_url": "https://api.github.com/repos/liszd/whyliam.workflows.youdao/milestones{/number}",       "notifications_url": "https://api.github.com/repos/liszd/whyliam.workflows.youdao/notifications{?since,all,participating}",       "labels_url": "https://api.github.com/repos/liszd/whyliam.workflows.youdao/labels{/name}",       "releases_url": "https://api.github.com/repos/liszd/whyliam.workflows.youdao/releases{/id}",       "deployments_url": "https://api.github.com/repos/liszd/whyliam.workflows.youdao/deployments",       "created_at": "2015-05-05T04:23:14Z",       "updated_at": "2019-01-27T04:15:49Z",       "pushed_at": "2018-08-03T05:49:11Z",       "git_url": "git://github.com/liszd/whyliam.workflows.youdao.git",       "ssh_url": "git@github.com:liszd/whyliam.workflows.youdao.git",       "clone_url": "https://github.com/liszd/whyliam.workflows.youdao.git",       "svn_url": "https://github.com/liszd/whyliam.workflows.youdao",       "homepage": "http://blog.naaln.com/2015/05/repeat-create-the-wheel-alfred-plugin-youdao",       "size": 3048,       "stargazers_count": 416,       "watchers_count": 416,       "language": "Python",       "has_issues": true,       "has_projects": true,       "has_downloads": true,       "has_wiki": true,       "has_pages": false,       "forks_count": 72,       "mirror_url": null,       "archived": false,       "open_issues_count": 1,       "license": {         "key": "mit",         "name": "MIT License",         "spdx_id": "MIT",         "url": "https://api.github.com/licenses/mit",         "node_id": "MDc6TGljZW5zZTEz"       },       "forks": 72,       "open_issues": 1,       "watchers": 416,       "default_branch": "master",       "score": 85.41629     },     {       "id": 2192780,       "node_id": "MDEwOlJlcG9zaXRvcnkyMTkyNzgw",       "name": "jOOX",       "full_name": "jOOQ/jOOX",       "private": false,       "owner": {         "login": "jOOQ",         "id": 1666512,         "node_id": "MDEyOk9yZ2FuaXphdGlvbjE2NjY1MTI=",         "avatar_url": "https://avatars3.githubusercontent.com/u/1666512?v=4",         "gravatar_id": "",         "url": "https://api.github.com/users/jOOQ",         "html_url": "https://github.com/jOOQ",         "followers_url": "https://api.github.com/users/jOOQ/followers",         "following_url": "https://api.github.com/users/jOOQ/following{/other_user}",         "gists_url": "https://api.github.com/users/jOOQ/gists{/gist_id}",         "starred_url": "https://api.github.com/users/jOOQ/starred{/owner}{/repo}",         "subscriptions_url": "https://api.github.com/users/jOOQ/subscriptions",         "organizations_url": "https://api.github.com/users/jOOQ/orgs",         "repos_url": "https://api.github.com/users/jOOQ/repos",         "events_url": "https://api.github.com/users/jOOQ/events{/privacy}",         "received_events_url": "https://api.github.com/users/jOOQ/received_events",         "type": "Organization",         "site_admin": false       },       "html_url": "https://github.com/jOOQ/jOOX",       "description": "jOOX - The Power of jQuery Applied to W3C DOM Like JDBC, DOM is a powerful, yet very verbose low-level API to manipulate XML. The HTML DOM an be manipulated with the popular jQuery product, in JavaScript. Why don't we have jQuery in Java? jOOX is jQuery's XML parts, applied to Java.",       "fork": false,       "url": "https://api.github.com/repos/jOOQ/jOOX",       "forks_url": "https://api.github.com/repos/jOOQ/jOOX/forks",       "keys_url": "https://api.github.com/repos/jOOQ/jOOX/keys{/key_id}",       "collaborators_url": "https://api.github.com/repos/jOOQ/jOOX/collaborators{/collaborator}",       "teams_url": "https://api.github.com/repos/jOOQ/jOOX/teams",       "hooks_url": "https://api.github.com/repos/jOOQ/jOOX/hooks",       "issue_events_url": "https://api.github.com/repos/jOOQ/jOOX/issues/events{/number}",       "events_url": "https://api.github.com/repos/jOOQ/jOOX/events",       "assignees_url": "https://api.github.com/repos/jOOQ/jOOX/assignees{/user}",       "branches_url": "https://api.github.com/repos/jOOQ/jOOX/branches{/branch}",       "tags_url": "https://api.github.com/repos/jOOQ/jOOX/tags",       "blobs_url": "https://api.github.com/repos/jOOQ/jOOX/git/blobs{/sha}",       "git_tags_url": "https://api.github.com/repos/jOOQ/jOOX/git/tags{/sha}",       "git_refs_url": "https://api.github.com/repos/jOOQ/jOOX/git/refs{/sha}",       "trees_url": "https://api.github.com/repos/jOOQ/jOOX/git/trees{/sha}",       "statuses_url": "https://api.github.com/repos/jOOQ/jOOX/statuses/{sha}",       "languages_url": "https://api.github.com/repos/jOOQ/jOOX/languages",       "stargazers_url": "https://api.github.com/repos/jOOQ/jOOX/stargazers",       "contributors_url": "https://api.github.com/repos/jOOQ/jOOX/contributors",       "subscribers_url": "https://api.github.com/repos/jOOQ/jOOX/subscribers",       "subscription_url": "https://api.github.com/repos/jOOQ/jOOX/subscription",       "commits_url": "https://api.github.com/repos/jOOQ/jOOX/commits{/sha}",       "git_commits_url": "https://api.github.com/repos/jOOQ/jOOX/git/commits{/sha}",       "comments_url": "https://api.github.com/repos/jOOQ/jOOX/comments{/number}",       "issue_comment_url": "https://api.github.com/repos/jOOQ/jOOX/issues/comments{/number}",       "contents_url": "https://api.github.com/repos/jOOQ/jOOX/contents/{+path}",       "compare_url": "https://api.github.com/repos/jOOQ/jOOX/compare/{base}...{head}",       "merges_url": "https://api.github.com/repos/jOOQ/jOOX/merges",       "archive_url": "https://api.github.com/repos/jOOQ/jOOX/{archive_format}{/ref}",       "downloads_url": "https://api.github.com/repos/jOOQ/jOOX/downloads",       "issues_url": "https://api.github.com/repos/jOOQ/jOOX/issues{/number}",       "pulls_url": "https://api.github.com/repos/jOOQ/jOOX/pulls{/number}",       "milestones_url": "https://api.github.com/repos/jOOQ/jOOX/milestones{/number}",       "notifications_url": "https://api.github.com/repos/jOOQ/jOOX/notifications{?since,all,participating}",       "labels_url": "https://api.github.com/repos/jOOQ/jOOX/labels{/name}",       "releases_url": "https://api.github.com/repos/jOOQ/jOOX/releases{/id}",       "deployments_url": "https://api.github.com/repos/jOOQ/jOOX/deployments",       "created_at": "2011-08-11T18:08:47Z",       "updated_at": "2019-01-29T02:59:21Z",       "pushed_at": "2018-09-10T11:04:36Z",       "git_url": "git://github.com/jOOQ/jOOX.git",       "ssh_url": "git@github.com:jOOQ/jOOX.git",       "clone_url": "https://github.com/jOOQ/jOOX.git",       "svn_url": "https://github.com/jOOQ/jOOX",       "homepage": "http://www.jooq.org/products",       "size": 678,       "stargazers_count": 393,       "watchers_count": 393,       "language": "Java",       "has_issues": true,       "has_projects": true,       "has_downloads": true,       "has_wiki": true,       "has_pages": false,       "forks_count": 33,       "mirror_url": null,       "archived": false,       "open_issues_count": 47,       "license": {         "key": "apache-2.0",         "name": "Apache License 2.0",         "spdx_id": "Apache-2.0",         "url": "https://api.github.com/licenses/apache-2.0",         "node_id": "MDc6TGljZW5zZTI="       },       "forks": 33,       "open_issues": 47,       "watchers": 393,       "default_branch": "master",       "score": 19.767551     },     {       "id": 122733470,       "node_id": "MDEwOlJlcG9zaXRvcnkxMjI3MzM0NzA=",       "name": "whybundled",       "full_name": "d4rkr00t/whybundled",       "private": false,       "owner": {         "login": "d4rkr00t",         "id": 200119,         "node_id": "MDQ6VXNlcjIwMDExOQ==",         "avatar_url": "https://avatars2.githubusercontent.com/u/200119?v=4",         "gravatar_id": "",         "url": "https://api.github.com/users/d4rkr00t",         "html_url": "https://github.com/d4rkr00t",         "followers_url": "https://api.github.com/users/d4rkr00t/followers",         "following_url": "https://api.github.com/users/d4rkr00t/following{/other_user}",         "gists_url": "https://api.github.com/users/d4rkr00t/gists{/gist_id}",         "starred_url": "https://api.github.com/users/d4rkr00t/starred{/owner}{/repo}",         "subscriptions_url": "https://api.github.com/users/d4rkr00t/subscriptions",         "organizations_url": "https://api.github.com/users/d4rkr00t/orgs",         "repos_url": "https://api.github.com/users/d4rkr00t/repos",         "events_url": "https://api.github.com/users/d4rkr00t/events{/privacy}",         "received_events_url": "https://api.github.com/users/d4rkr00t/received_events",         "type": "User",         "site_admin": false       },       "html_url": "https://github.com/d4rkr00t/whybundled",       "description": "Answers the question – Why the hell is this module in a bundle?",       "fork": false,       "url": "https://api.github.com/repos/d4rkr00t/whybundled",       "forks_url": "https://api.github.com/repos/d4rkr00t/whybundled/forks",       "keys_url": "https://api.github.com/repos/d4rkr00t/whybundled/keys{/key_id}",       "collaborators_url": "https://api.github.com/repos/d4rkr00t/whybundled/collaborators{/collaborator}",       "teams_url": "https://api.github.com/repos/d4rkr00t/whybundled/teams",       "hooks_url": "https://api.github.com/repos/d4rkr00t/whybundled/hooks",       "issue_events_url": "https://api.github.com/repos/d4rkr00t/whybundled/issues/events{/number}",       "events_url": "https://api.github.com/repos/d4rkr00t/whybundled/events",       "assignees_url": "https://api.github.com/repos/d4rkr00t/whybundled/assignees{/user}",       "branches_url": "https://api.github.com/repos/d4rkr00t/whybundled/branches{/branch}",       "tags_url": "https://api.github.com/repos/d4rkr00t/whybundled/tags",       "blobs_url": "https://api.github.com/repos/d4rkr00t/whybundled/git/blobs{/sha}",       "git_tags_url": "https://api.github.com/repos/d4rkr00t/whybundled/git/tags{/sha}",       "git_refs_url": "https://api.github.com/repos/d4rkr00t/whybundled/git/refs{/sha}",       "trees_url": "https://api.github.com/repos/d4rkr00t/whybundled/git/trees{/sha}",       "statuses_url": "https://api.github.com/repos/d4rkr00t/whybundled/statuses/{sha}",       "languages_url": "https://api.github.com/repos/d4rkr00t/whybundled/languages",       "stargazers_url": "https://api.github.com/repos/d4rkr00t/whybundled/stargazers",       "contributors_url": "https://api.github.com/repos/d4rkr00t/whybundled/contributors",       "subscribers_url": "https://api.github.com/repos/d4rkr00t/whybundled/subscribers",       "subscription_url": "https://api.github.com/repos/d4rkr00t/whybundled/subscription",       "commits_url": "https://api.github.com/repos/d4rkr00t/whybundled/commits{/sha}",       "git_commits_url": "https://api.github.com/repos/d4rkr00t/whybundled/git/commits{/sha}",       "comments_url": "https://api.github.com/repos/d4rkr00t/whybundled/comments{/number}",       "issue_comment_url": "https://api.github.com/repos/d4rkr00t/whybundled/issues/comments{/number}",       "contents_url": "https://api.github.com/repos/d4rkr00t/whybundled/contents/{+path}",       "compare_url": "https://api.github.com/repos/d4rkr00t/whybundled/compare/{base}...{head}",       "merges_url": "https://api.github.com/repos/d4rkr00t/whybundled/merges",       "archive_url": "https://api.github.com/repos/d4rkr00t/whybundled/{archive_format}{/ref}",       "downloads_url": "https://api.github.com/repos/d4rkr00t/whybundled/downloads",       "issues_url": "https://api.github.com/repos/d4rkr00t/whybundled/issues{/number}",       "pulls_url": "https://api.github.com/repos/d4rkr00t/whybundled/pulls{/number}",       "milestones_url": "https://api.github.com/repos/d4rkr00t/whybundled/milestones{/number}",       "notifications_url": "https://api.github.com/repos/d4rkr00t/whybundled/notifications{?since,all,participating}",       "labels_url": "https://api.github.com/repos/d4rkr00t/whybundled/labels{/name}",       "releases_url": "https://api.github.com/repos/d4rkr00t/whybundled/releases{/id}",       "deployments_url": "https://api.github.com/repos/d4rkr00t/whybundled/deployments",       "created_at": "2018-02-24T11:12:27Z",       "updated_at": "2019-01-29T09:26:21Z",       "pushed_at": "2018-08-20T15:27:01Z",       "git_url": "git://github.com/d4rkr00t/whybundled.git",       "ssh_url": "git@github.com:d4rkr00t/whybundled.git",       "clone_url": "https://github.com/d4rkr00t/whybundled.git",       "svn_url": "https://github.com/d4rkr00t/whybundled",       "homepage": "",       "size": 2003,       "stargazers_count": 375,       "watchers_count": 375,       "language": "JavaScript",       "has_issues": true,       "has_projects": true,       "has_downloads": true,       "has_wiki": true,       "has_pages": false,       "forks_count": 8,       "mirror_url": null,       "archived": false,       "open_issues_count": 0,       "license": {         "key": "mit",         "name": "MIT License",         "spdx_id": "MIT",         "url": "https://api.github.com/licenses/mit",         "node_id": "MDc6TGljZW5zZTEz"       },       "forks": 8,       "open_issues": 0,       "watchers": 375,       "default_branch": "master",       "score": 68.71572     },     {       "id": 9549719,       "node_id": "MDEwOlJlcG9zaXRvcnk5NTQ5NzE5",       "name": "CLOSURE",       "full_name": "steveklabnik/CLOSURE",       "private": false,       "owner": {         "login": "steveklabnik",         "id": 27786,         "node_id": "MDQ6VXNlcjI3Nzg2",         "avatar_url": "https://avatars2.githubusercontent.com/u/27786?v=4",         "gravatar_id": "",         "url": "https://api.github.com/users/steveklabnik",         "html_url": "https://github.com/steveklabnik",         "followers_url": "https://api.github.com/users/steveklabnik/followers",         "following_url": "https://api.github.com/users/steveklabnik/following{/other_user}",         "gists_url": "https://api.github.com/users/steveklabnik/gists{/gist_id}",         "starred_url": "https://api.github.com/users/steveklabnik/starred{/owner}{/repo}",         "subscriptions_url": "https://api.github.com/users/steveklabnik/subscriptions",         "organizations_url": "https://api.github.com/users/steveklabnik/orgs",         "repos_url": "https://api.github.com/users/steveklabnik/repos",         "events_url": "https://api.github.com/users/steveklabnik/events{/privacy}",         "received_events_url": "https://api.github.com/users/steveklabnik/received_events",         "type": "User",         "site_admin": false       },       "html_url": "https://github.com/steveklabnik/CLOSURE",       "description": "Thanks, _why.",       "fork": false,       "url": "https://api.github.com/repos/steveklabnik/CLOSURE",       "forks_url": "https://api.github.com/repos/steveklabnik/CLOSURE/forks",       "keys_url": "https://api.github.com/repos/steveklabnik/CLOSURE/keys{/key_id}",       "collaborators_url": "https://api.github.com/repos/steveklabnik/CLOSURE/collaborators{/collaborator}",       "teams_url": "https://api.github.com/repos/steveklabnik/CLOSURE/teams",       "hooks_url": "https://api.github.com/repos/steveklabnik/CLOSURE/hooks",       "issue_events_url": "https://api.github.com/repos/steveklabnik/CLOSURE/issues/events{/number}",       "events_url": "https://api.github.com/repos/steveklabnik/CLOSURE/events",       "assignees_url": "https://api.github.com/repos/steveklabnik/CLOSURE/assignees{/user}",       "branches_url": "https://api.github.com/repos/steveklabnik/CLOSURE/branches{/branch}",       "tags_url": "https://api.github.com/repos/steveklabnik/CLOSURE/tags",       "blobs_url": "https://api.github.com/repos/steveklabnik/CLOSURE/git/blobs{/sha}",       "git_tags_url": "https://api.github.com/repos/steveklabnik/CLOSURE/git/tags{/sha}",       "git_refs_url": "https://api.github.com/repos/steveklabnik/CLOSURE/git/refs{/sha}",       "trees_url": "https://api.github.com/repos/steveklabnik/CLOSURE/git/trees{/sha}",       "statuses_url": "https://api.github.com/repos/steveklabnik/CLOSURE/statuses/{sha}",       "languages_url": "https://api.github.com/repos/steveklabnik/CLOSURE/languages",       "stargazers_url": "https://api.github.com/repos/steveklabnik/CLOSURE/stargazers",       "contributors_url": "https://api.github.com/repos/steveklabnik/CLOSURE/contributors",       "subscribers_url": "https://api.github.com/repos/steveklabnik/CLOSURE/subscribers",       "subscription_url": "https://api.github.com/repos/steveklabnik/CLOSURE/subscription",       "commits_url": "https://api.github.com/repos/steveklabnik/CLOSURE/commits{/sha}",       "git_commits_url": "https://api.github.com/repos/steveklabnik/CLOSURE/git/commits{/sha}",       "comments_url": "https://api.github.com/repos/steveklabnik/CLOSURE/comments{/number}",       "issue_comment_url": "https://api.github.com/repos/steveklabnik/CLOSURE/issues/comments{/number}",       "contents_url": "https://api.github.com/repos/steveklabnik/CLOSURE/contents/{+path}",       "compare_url": "https://api.github.com/repos/steveklabnik/CLOSURE/compare/{base}...{head}",       "merges_url": "https://api.github.com/repos/steveklabnik/CLOSURE/merges",       "archive_url": "https://api.github.com/repos/steveklabnik/CLOSURE/{archive_format}{/ref}",       "downloads_url": "https://api.github.com/repos/steveklabnik/CLOSURE/downloads",       "issues_url": "https://api.github.com/repos/steveklabnik/CLOSURE/issues{/number}",       "pulls_url": "https://api.github.com/repos/steveklabnik/CLOSURE/pulls{/number}",       "milestones_url": "https://api.github.com/repos/steveklabnik/CLOSURE/milestones{/number}",       "notifications_url": "https://api.github.com/repos/steveklabnik/CLOSURE/notifications{?since,all,participating}",       "labels_url": "https://api.github.com/repos/steveklabnik/CLOSURE/labels{/name}",       "releases_url": "https://api.github.com/repos/steveklabnik/CLOSURE/releases{/id}",       "deployments_url": "https://api.github.com/repos/steveklabnik/CLOSURE/deployments",       "created_at": "2013-04-19T16:35:35Z",       "updated_at": "2019-01-25T03:10:45Z",       "pushed_at": "2016-08-19T21:52:58Z",       "git_url": "git://github.com/steveklabnik/CLOSURE.git",       "ssh_url": "git@github.com:steveklabnik/CLOSURE.git",       "clone_url": "https://github.com/steveklabnik/CLOSURE.git",       "svn_url": "https://github.com/steveklabnik/CLOSURE",       "homepage": null,       "size": 98819,       "stargazers_count": 347,       "watchers_count": 347,       "language": null,       "has_issues": true,       "has_projects": true,       "has_downloads": true,       "has_wiki": true,       "has_pages": false,       "forks_count": 29,       "mirror_url": null,       "archived": false,       "open_issues_count": 1,       "license": null,       "forks": 29,       "open_issues": 1,       "watchers": 347,       "default_branch": "master",       "score": 83.84112     },     {       "id": 285132,       "node_id": "MDEwOlJlcG9zaXRvcnkyODUxMzI=",       "name": "TryRuby",       "full_name": "Sophrinix/TryRuby",       "private": false,       "owner": {         "login": "Sophrinix",         "id": 34090,         "node_id": "MDQ6VXNlcjM0MDkw",         "avatar_url": "https://avatars1.githubusercontent.com/u/34090?v=4",         "gravatar_id": "",         "url": "https://api.github.com/users/Sophrinix",         "html_url": "https://github.com/Sophrinix",         "followers_url": "https://api.github.com/users/Sophrinix/followers",         "following_url": "https://api.github.com/users/Sophrinix/following{/other_user}",         "gists_url": "https://api.github.com/users/Sophrinix/gists{/gist_id}",         "starred_url": "https://api.github.com/users/Sophrinix/starred{/owner}{/repo}",         "subscriptions_url": "https://api.github.com/users/Sophrinix/subscriptions",         "organizations_url": "https://api.github.com/users/Sophrinix/orgs",         "repos_url": "https://api.github.com/users/Sophrinix/repos",         "events_url": "https://api.github.com/users/Sophrinix/events{/privacy}",         "received_events_url": "https://api.github.com/users/Sophrinix/received_events",         "type": "User",         "site_admin": false       },       "html_url": "https://github.com/Sophrinix/TryRuby",       "description": "Try Ruby is a interactive shell that quickly and whimsically teaches the Ruby programming language. Originally _why's idea, it has been recreated from the ground up by Rubyists who have a passion for Ruby and for teaching their fellow (wo)man how to program.",       "fork": false,       "url": "https://api.github.com/repos/Sophrinix/TryRuby",       "forks_url": "https://api.github.com/repos/Sophrinix/TryRuby/forks",       "keys_url": "https://api.github.com/repos/Sophrinix/TryRuby/keys{/key_id}",       "collaborators_url": "https://api.github.com/repos/Sophrinix/TryRuby/collaborators{/collaborator}",       "teams_url": "https://api.github.com/repos/Sophrinix/TryRuby/teams",       "hooks_url": "https://api.github.com/repos/Sophrinix/TryRuby/hooks",       "issue_events_url": "https://api.github.com/repos/Sophrinix/TryRuby/issues/events{/number}",       "events_url": "https://api.github.com/repos/Sophrinix/TryRuby/events",       "assignees_url": "https://api.github.com/repos/Sophrinix/TryRuby/assignees{/user}",       "branches_url": "https://api.github.com/repos/Sophrinix/TryRuby/branches{/branch}",       "tags_url": "https://api.github.com/repos/Sophrinix/TryRuby/tags",       "blobs_url": "https://api.github.com/repos/Sophrinix/TryRuby/git/blobs{/sha}",       "git_tags_url": "https://api.github.com/repos/Sophrinix/TryRuby/git/tags{/sha}",       "git_refs_url": "https://api.github.com/repos/Sophrinix/TryRuby/git/refs{/sha}",       "trees_url": "https://api.github.com/repos/Sophrinix/TryRuby/git/trees{/sha}",       "statuses_url": "https://api.github.com/repos/Sophrinix/TryRuby/statuses/{sha}",       "languages_url": "https://api.github.com/repos/Sophrinix/TryRuby/languages",       "stargazers_url": "https://api.github.com/repos/Sophrinix/TryRuby/stargazers",       "contributors_url": "https://api.github.com/repos/Sophrinix/TryRuby/contributors",       "subscribers_url": "https://api.github.com/repos/Sophrinix/TryRuby/subscribers",       "subscription_url": "https://api.github.com/repos/Sophrinix/TryRuby/subscription",       "commits_url": "https://api.github.com/repos/Sophrinix/TryRuby/commits{/sha}",       "git_commits_url": "https://api.github.com/repos/Sophrinix/TryRuby/git/commits{/sha}",       "comments_url": "https://api.github.com/repos/Sophrinix/TryRuby/comments{/number}",       "issue_comment_url": "https://api.github.com/repos/Sophrinix/TryRuby/issues/comments{/number}",       "contents_url": "https://api.github.com/repos/Sophrinix/TryRuby/contents/{+path}",       "compare_url": "https://api.github.com/repos/Sophrinix/TryRuby/compare/{base}...{head}",       "merges_url": "https://api.github.com/repos/Sophrinix/TryRuby/merges",       "archive_url": "https://api.github.com/repos/Sophrinix/TryRuby/{archive_format}{/ref}",       "downloads_url": "https://api.github.com/repos/Sophrinix/TryRuby/downloads",       "issues_url": "https://api.github.com/repos/Sophrinix/TryRuby/issues{/number}",       "pulls_url": "https://api.github.com/repos/Sophrinix/TryRuby/pulls{/number}",       "milestones_url": "https://api.github.com/repos/Sophrinix/TryRuby/milestones{/number}",       "notifications_url": "https://api.github.com/repos/Sophrinix/TryRuby/notifications{?since,all,participating}",       "labels_url": "https://api.github.com/repos/Sophrinix/TryRuby/labels{/name}",       "releases_url": "https://api.github.com/repos/Sophrinix/TryRuby/releases{/id}",       "deployments_url": "https://api.github.com/repos/Sophrinix/TryRuby/deployments",       "created_at": "2009-08-22T17:31:37Z",       "updated_at": "2019-01-21T09:33:14Z",       "pushed_at": "2018-06-02T04:32:55Z",       "git_url": "git://github.com/Sophrinix/TryRuby.git",       "ssh_url": "git@github.com:Sophrinix/TryRuby.git",       "clone_url": "https://github.com/Sophrinix/TryRuby.git",       "svn_url": "https://github.com/Sophrinix/TryRuby",       "homepage": "tryruby.org",       "size": 881,       "stargazers_count": 346,       "watchers_count": 346,       "language": "HTML",       "has_issues": true,       "has_projects": true,       "has_downloads": true,       "has_wiki": true,       "has_pages": false,       "forks_count": 82,       "mirror_url": null,       "archived": false,       "open_issues_count": 69,       "license": null,       "forks": 82,       "open_issues": 69,       "watchers": 346,       "default_branch": "master",       "score": 21.985714     },     {       "id": 139259807,       "node_id": "MDEwOlJlcG9zaXRvcnkxMzkyNTk4MDc=",       "name": "UserDefaultsStore",       "full_name": "omaralbeik/UserDefaultsStore",       "private": false,       "owner": {         "login": "omaralbeik",         "id": 8127757,         "node_id": "MDQ6VXNlcjgxMjc3NTc=",         "avatar_url": "https://avatars2.githubusercontent.com/u/8127757?v=4",         "gravatar_id": "",         "url": "https://api.github.com/users/omaralbeik",         "html_url": "https://github.com/omaralbeik",         "followers_url": "https://api.github.com/users/omaralbeik/followers",         "following_url": "https://api.github.com/users/omaralbeik/following{/other_user}",         "gists_url": "https://api.github.com/users/omaralbeik/gists{/gist_id}",         "starred_url": "https://api.github.com/users/omaralbeik/starred{/owner}{/repo}",         "subscriptions_url": "https://api.github.com/users/omaralbeik/subscriptions",         "organizations_url": "https://api.github.com/users/omaralbeik/orgs",         "repos_url": "https://api.github.com/users/omaralbeik/repos",         "events_url": "https://api.github.com/users/omaralbeik/events{/privacy}",         "received_events_url": "https://api.github.com/users/omaralbeik/received_events",         "type": "User",         "site_admin": false       },       "html_url": "https://github.com/omaralbeik/UserDefaultsStore",       "description": "Why not use UserDefaults to store Codable objects 😉",       "fork": false,       "url": "https://api.github.com/repos/omaralbeik/UserDefaultsStore",       "forks_url": "https://api.github.com/repos/omaralbeik/UserDefaultsStore/forks",       "keys_url": "https://api.github.com/repos/omaralbeik/UserDefaultsStore/keys{/key_id}",       "collaborators_url": "https://api.github.com/repos/omaralbeik/UserDefaultsStore/collaborators{/collaborator}",       "teams_url": "https://api.github.com/repos/omaralbeik/UserDefaultsStore/teams",       "hooks_url": "https://api.github.com/repos/omaralbeik/UserDefaultsStore/hooks",       "issue_events_url": "https://api.github.com/repos/omaralbeik/UserDefaultsStore/issues/events{/number}",       "events_url": "https://api.github.com/repos/omaralbeik/UserDefaultsStore/events",       "assignees_url": "https://api.github.com/repos/omaralbeik/UserDefaultsStore/assignees{/user}",       "branches_url": "https://api.github.com/repos/omaralbeik/UserDefaultsStore/branches{/branch}",       "tags_url": "https://api.github.com/repos/omaralbeik/UserDefaultsStore/tags",       "blobs_url": "https://api.github.com/repos/omaralbeik/UserDefaultsStore/git/blobs{/sha}",       "git_tags_url": "https://api.github.com/repos/omaralbeik/UserDefaultsStore/git/tags{/sha}",       "git_refs_url": "https://api.github.com/repos/omaralbeik/UserDefaultsStore/git/refs{/sha}",       "trees_url": "https://api.github.com/repos/omaralbeik/UserDefaultsStore/git/trees{/sha}",       "statuses_url": "https://api.github.com/repos/omaralbeik/UserDefaultsStore/statuses/{sha}",       "languages_url": "https://api.github.com/repos/omaralbeik/UserDefaultsStore/languages",       "stargazers_url": "https://api.github.com/repos/omaralbeik/UserDefaultsStore/stargazers",       "contributors_url": "https://api.github.com/repos/omaralbeik/UserDefaultsStore/contributors",       "subscribers_url": "https://api.github.com/repos/omaralbeik/UserDefaultsStore/subscribers",       "subscription_url": "https://api.github.com/repos/omaralbeik/UserDefaultsStore/subscription",       "commits_url": "https://api.github.com/repos/omaralbeik/UserDefaultsStore/commits{/sha}",       "git_commits_url": "https://api.github.com/repos/omaralbeik/UserDefaultsStore/git/commits{/sha}",       "comments_url": "https://api.github.com/repos/omaralbeik/UserDefaultsStore/comments{/number}",       "issue_comment_url": "https://api.github.com/repos/omaralbeik/UserDefaultsStore/issues/comments{/number}",       "contents_url": "https://api.github.com/repos/omaralbeik/UserDefaultsStore/contents/{+path}",       "compare_url": "https://api.github.com/repos/omaralbeik/UserDefaultsStore/compare/{base}...{head}",       "merges_url": "https://api.github.com/repos/omaralbeik/UserDefaultsStore/merges",       "archive_url": "https://api.github.com/repos/omaralbeik/UserDefaultsStore/{archive_format}{/ref}",       "downloads_url": "https://api.github.com/repos/omaralbeik/UserDefaultsStore/downloads",       "issues_url": "https://api.github.com/repos/omaralbeik/UserDefaultsStore/issues{/number}",       "pulls_url": "https://api.github.com/repos/omaralbeik/UserDefaultsStore/pulls{/number}",       "milestones_url": "https://api.github.com/repos/omaralbeik/UserDefaultsStore/milestones{/number}",       "notifications_url": "https://api.github.com/repos/omaralbeik/UserDefaultsStore/notifications{?since,all,participating}",       "labels_url": "https://api.github.com/repos/omaralbeik/UserDefaultsStore/labels{/name}",       "releases_url": "https://api.github.com/repos/omaralbeik/UserDefaultsStore/releases{/id}",       "deployments_url": "https://api.github.com/repos/omaralbeik/UserDefaultsStore/deployments",       "created_at": "2018-06-30T15:29:31Z",       "updated_at": "2019-01-28T22:49:33Z",       "pushed_at": "2018-11-08T05:49:36Z",       "git_url": "git://github.com/omaralbeik/UserDefaultsStore.git",       "ssh_url": "git@github.com:omaralbeik/UserDefaultsStore.git",       "clone_url": "https://github.com/omaralbeik/UserDefaultsStore.git",       "svn_url": "https://github.com/omaralbeik/UserDefaultsStore",       "homepage": null,       "size": 388,       "stargazers_count": 311,       "watchers_count": 311,       "language": "Swift",       "has_issues": true,       "has_projects": false,       "has_downloads": true,       "has_wiki": false,       "has_pages": false,       "forks_count": 13,       "mirror_url": null,       "archived": false,       "open_issues_count": 2,       "license": {         "key": "mit",         "name": "MIT License",         "spdx_id": "MIT",         "url": "https://api.github.com/licenses/mit",         "node_id": "MDc6TGljZW5zZTEz"       },       "forks": 13,       "open_issues": 2,       "watchers": 311,       "default_branch": "master",       "score": 51.5301     },     {       "id": 1666180,       "node_id": "MDEwOlJlcG9zaXRvcnkxNjY2MTgw",       "name": "why_i_love_github",       "full_name": "schacon/why_i_love_github",       "private": false,       "owner": {         "login": "schacon",         "id": 70,         "node_id": "MDQ6VXNlcjcw",         "avatar_url": "https://avatars0.githubusercontent.com/u/70?v=4",         "gravatar_id": "",         "url": "https://api.github.com/users/schacon",         "html_url": "https://github.com/schacon",         "followers_url": "https://api.github.com/users/schacon/followers",         "following_url": "https://api.github.com/users/schacon/following{/other_user}",         "gists_url": "https://api.github.com/users/schacon/gists{/gist_id}",         "starred_url": "https://api.github.com/users/schacon/starred{/owner}{/repo}",         "subscriptions_url": "https://api.github.com/users/schacon/subscriptions",         "organizations_url": "https://api.github.com/users/schacon/orgs",         "repos_url": "https://api.github.com/users/schacon/repos",         "events_url": "https://api.github.com/users/schacon/events{/privacy}",         "received_events_url": "https://api.github.com/users/schacon/received_events",         "type": "User",         "site_admin": false       },       "html_url": "https://github.com/schacon/why_i_love_github",       "description": null,       "fork": false,       "url": "https://api.github.com/repos/schacon/why_i_love_github",       "forks_url": "https://api.github.com/repos/schacon/why_i_love_github/forks",       "keys_url": "https://api.github.com/repos/schacon/why_i_love_github/keys{/key_id}",       "collaborators_url": "https://api.github.com/repos/schacon/why_i_love_github/collaborators{/collaborator}",       "teams_url": "https://api.github.com/repos/schacon/why_i_love_github/teams",       "hooks_url": "https://api.github.com/repos/schacon/why_i_love_github/hooks",       "issue_events_url": "https://api.github.com/repos/schacon/why_i_love_github/issues/events{/number}",       "events_url": "https://api.github.com/repos/schacon/why_i_love_github/events",       "assignees_url": "https://api.github.com/repos/schacon/why_i_love_github/assignees{/user}",       "branches_url": "https://api.github.com/repos/schacon/why_i_love_github/branches{/branch}",       "tags_url": "https://api.github.com/repos/schacon/why_i_love_github/tags",       "blobs_url": "https://api.github.com/repos/schacon/why_i_love_github/git/blobs{/sha}",       "git_tags_url": "https://api.github.com/repos/schacon/why_i_love_github/git/tags{/sha}",       "git_refs_url": "https://api.github.com/repos/schacon/why_i_love_github/git/refs{/sha}",       "trees_url": "https://api.github.com/repos/schacon/why_i_love_github/git/trees{/sha}",       "statuses_url": "https://api.github.com/repos/schacon/why_i_love_github/statuses/{sha}",       "languages_url": "https://api.github.com/repos/schacon/why_i_love_github/languages",       "stargazers_url": "https://api.github.com/repos/schacon/why_i_love_github/stargazers",       "contributors_url": "https://api.github.com/repos/schacon/why_i_love_github/contributors",       "subscribers_url": "https://api.github.com/repos/schacon/why_i_love_github/subscribers",       "subscription_url": "https://api.github.com/repos/schacon/why_i_love_github/subscription",       "commits_url": "https://api.github.com/repos/schacon/why_i_love_github/commits{/sha}",       "git_commits_url": "https://api.github.com/repos/schacon/why_i_love_github/git/commits{/sha}",       "comments_url": "https://api.github.com/repos/schacon/why_i_love_github/comments{/number}",       "issue_comment_url": "https://api.github.com/repos/schacon/why_i_love_github/issues/comments{/number}",       "contents_url": "https://api.github.com/repos/schacon/why_i_love_github/contents/{+path}",       "compare_url": "https://api.github.com/repos/schacon/why_i_love_github/compare/{base}...{head}",       "merges_url": "https://api.github.com/repos/schacon/why_i_love_github/merges",       "archive_url": "https://api.github.com/repos/schacon/why_i_love_github/{archive_format}{/ref}",       "downloads_url": "https://api.github.com/repos/schacon/why_i_love_github/downloads",       "issues_url": "https://api.github.com/repos/schacon/why_i_love_github/issues{/number}",       "pulls_url": "https://api.github.com/repos/schacon/why_i_love_github/pulls{/number}",       "milestones_url": "https://api.github.com/repos/schacon/why_i_love_github/milestones{/number}",       "notifications_url": "https://api.github.com/repos/schacon/why_i_love_github/notifications{?since,all,participating}",       "labels_url": "https://api.github.com/repos/schacon/why_i_love_github/labels{/name}",       "releases_url": "https://api.github.com/repos/schacon/why_i_love_github/releases{/id}",       "deployments_url": "https://api.github.com/repos/schacon/why_i_love_github/deployments",       "created_at": "2011-04-26T17:18:57Z",       "updated_at": "2018-12-26T22:44:49Z",       "pushed_at": "2018-09-06T06:18:12Z",       "git_url": "git://github.com/schacon/why_i_love_github.git",       "ssh_url": "git@github.com:schacon/why_i_love_github.git",       "clone_url": "https://github.com/schacon/why_i_love_github.git",       "svn_url": "https://github.com/schacon/why_i_love_github",       "homepage": "",       "size": 296,       "stargazers_count": 269,       "watchers_count": 269,       "language": null,       "has_issues": true,       "has_projects": true,       "has_downloads": true,       "has_wiki": true,       "has_pages": false,       "forks_count": 202,       "mirror_url": null,       "archived": false,       "open_issues_count": 115,       "license": null,       "forks": 202,       "open_issues": 115,       "watchers": 269,       "default_branch": "master",       "score": 94.84154     },     {       "id": 5762352,       "node_id": "MDEwOlJlcG9zaXRvcnk1NzYyMzUy",       "name": "nightowls",       "full_name": "Swizec/nightowls",       "private": false,       "owner": {         "login": "Swizec",         "id": 56883,         "node_id": "MDQ6VXNlcjU2ODgz",         "avatar_url": "https://avatars0.githubusercontent.com/u/56883?v=4",         "gravatar_id": "",         "url": "https://api.github.com/users/Swizec",         "html_url": "https://github.com/Swizec",         "followers_url": "https://api.github.com/users/Swizec/followers",         "following_url": "https://api.github.com/users/Swizec/following{/other_user}",         "gists_url": "https://api.github.com/users/Swizec/gists{/gist_id}",         "starred_url": "https://api.github.com/users/Swizec/starred{/owner}{/repo}",         "subscriptions_url": "https://api.github.com/users/Swizec/subscriptions",         "organizations_url": "https://api.github.com/users/Swizec/orgs",         "repos_url": "https://api.github.com/users/Swizec/repos",         "events_url": "https://api.github.com/users/Swizec/events{/privacy}",         "received_events_url": "https://api.github.com/users/Swizec/received_events",         "type": "User",         "site_admin": false       },       "html_url": "https://github.com/Swizec/nightowls",       "description": "Why programmers work at night - a book about programmers, by a programmer",       "fork": false,       "url": "https://api.github.com/repos/Swizec/nightowls",       "forks_url": "https://api.github.com/repos/Swizec/nightowls/forks",       "keys_url": "https://api.github.com/repos/Swizec/nightowls/keys{/key_id}",       "collaborators_url": "https://api.github.com/repos/Swizec/nightowls/collaborators{/collaborator}",       "teams_url": "https://api.github.com/repos/Swizec/nightowls/teams",       "hooks_url": "https://api.github.com/repos/Swizec/nightowls/hooks",       "issue_events_url": "https://api.github.com/repos/Swizec/nightowls/issues/events{/number}",       "events_url": "https://api.github.com/repos/Swizec/nightowls/events",       "assignees_url": "https://api.github.com/repos/Swizec/nightowls/assignees{/user}",       "branches_url": "https://api.github.com/repos/Swizec/nightowls/branches{/branch}",       "tags_url": "https://api.github.com/repos/Swizec/nightowls/tags",       "blobs_url": "https://api.github.com/repos/Swizec/nightowls/git/blobs{/sha}",       "git_tags_url": "https://api.github.com/repos/Swizec/nightowls/git/tags{/sha}",       "git_refs_url": "https://api.github.com/repos/Swizec/nightowls/git/refs{/sha}",       "trees_url": "https://api.github.com/repos/Swizec/nightowls/git/trees{/sha}",       "statuses_url": "https://api.github.com/repos/Swizec/nightowls/statuses/{sha}",       "languages_url": "https://api.github.com/repos/Swizec/nightowls/languages",       "stargazers_url": "https://api.github.com/repos/Swizec/nightowls/stargazers",       "contributors_url": "https://api.github.com/repos/Swizec/nightowls/contributors",       "subscribers_url": "https://api.github.com/repos/Swizec/nightowls/subscribers",       "subscription_url": "https://api.github.com/repos/Swizec/nightowls/subscription",       "commits_url": "https://api.github.com/repos/Swizec/nightowls/commits{/sha}",       "git_commits_url": "https://api.github.com/repos/Swizec/nightowls/git/commits{/sha}",       "comments_url": "https://api.github.com/repos/Swizec/nightowls/comments{/number}",       "issue_comment_url": "https://api.github.com/repos/Swizec/nightowls/issues/comments{/number}",       "contents_url": "https://api.github.com/repos/Swizec/nightowls/contents/{+path}",       "compare_url": "https://api.github.com/repos/Swizec/nightowls/compare/{base}...{head}",       "merges_url": "https://api.github.com/repos/Swizec/nightowls/merges",       "archive_url": "https://api.github.com/repos/Swizec/nightowls/{archive_format}{/ref}",       "downloads_url": "https://api.github.com/repos/Swizec/nightowls/downloads",       "issues_url": "https://api.github.com/repos/Swizec/nightowls/issues{/number}",       "pulls_url": "https://api.github.com/repos/Swizec/nightowls/pulls{/number}",       "milestones_url": "https://api.github.com/repos/Swizec/nightowls/milestones{/number}",       "notifications_url": "https://api.github.com/repos/Swizec/nightowls/notifications{?since,all,participating}",       "labels_url": "https://api.github.com/repos/Swizec/nightowls/labels{/name}",       "releases_url": "https://api.github.com/repos/Swizec/nightowls/releases{/id}",       "deployments_url": "https://api.github.com/repos/Swizec/nightowls/deployments",       "created_at": "2012-09-11T08:55:05Z",       "updated_at": "2019-01-22T17:12:56Z",       "pushed_at": "2017-04-24T09:21:43Z",       "git_url": "git://github.com/Swizec/nightowls.git",       "ssh_url": "git@github.com:Swizec/nightowls.git",       "clone_url": "https://github.com/Swizec/nightowls.git",       "svn_url": "https://github.com/Swizec/nightowls",       "homepage": "https://leanpub.com/nightowls",       "size": 1301,       "stargazers_count": 267,       "watchers_count": 267,       "language": null,       "has_issues": true,       "has_projects": true,       "has_downloads": true,       "has_wiki": true,       "has_pages": false,       "forks_count": 23,       "mirror_url": null,       "archived": false,       "open_issues_count": 7,       "license": null,       "forks": 23,       "open_issues": 7,       "watchers": 267,       "default_branch": "master",       "score": 46.149025     },     {       "id": 86715491,       "node_id": "MDEwOlJlcG9zaXRvcnk4NjcxNTQ5MQ==",       "name": "pmdarima",       "full_name": "tgsmith61591/pmdarima",       "private": false,       "owner": {         "login": "tgsmith61591",         "id": 6124706,         "node_id": "MDQ6VXNlcjYxMjQ3MDY=",         "avatar_url": "https://avatars0.githubusercontent.com/u/6124706?v=4",         "gravatar_id": "",         "url": "https://api.github.com/users/tgsmith61591",         "html_url": "https://github.com/tgsmith61591",         "followers_url": "https://api.github.com/users/tgsmith61591/followers",         "following_url": "https://api.github.com/users/tgsmith61591/following{/other_user}",         "gists_url": "https://api.github.com/users/tgsmith61591/gists{/gist_id}",         "starred_url": "https://api.github.com/users/tgsmith61591/starred{/owner}{/repo}",         "subscriptions_url": "https://api.github.com/users/tgsmith61591/subscriptions",         "organizations_url": "https://api.github.com/users/tgsmith61591/orgs",         "repos_url": "https://api.github.com/users/tgsmith61591/repos",         "events_url": "https://api.github.com/users/tgsmith61591/events{/privacy}",         "received_events_url": "https://api.github.com/users/tgsmith61591/received_events",         "type": "User",         "site_admin": false       },       "html_url": "https://github.com/tgsmith61591/pmdarima",       "description": "A package that brings R's beloved auto.arima to Python, making an even stronger case for why Python > R for data science. ",       "fork": false,       "url": "https://api.github.com/repos/tgsmith61591/pmdarima",       "forks_url": "https://api.github.com/repos/tgsmith61591/pmdarima/forks",       "keys_url": "https://api.github.com/repos/tgsmith61591/pmdarima/keys{/key_id}",       "collaborators_url": "https://api.github.com/repos/tgsmith61591/pmdarima/collaborators{/collaborator}",       "teams_url": "https://api.github.com/repos/tgsmith61591/pmdarima/teams",       "hooks_url": "https://api.github.com/repos/tgsmith61591/pmdarima/hooks",       "issue_events_url": "https://api.github.com/repos/tgsmith61591/pmdarima/issues/events{/number}",       "events_url": "https://api.github.com/repos/tgsmith61591/pmdarima/events",       "assignees_url": "https://api.github.com/repos/tgsmith61591/pmdarima/assignees{/user}",       "branches_url": "https://api.github.com/repos/tgsmith61591/pmdarima/branches{/branch}",       "tags_url": "https://api.github.com/repos/tgsmith61591/pmdarima/tags",       "blobs_url": "https://api.github.com/repos/tgsmith61591/pmdarima/git/blobs{/sha}",       "git_tags_url": "https://api.github.com/repos/tgsmith61591/pmdarima/git/tags{/sha}",       "git_refs_url": "https://api.github.com/repos/tgsmith61591/pmdarima/git/refs{/sha}",       "trees_url": "https://api.github.com/repos/tgsmith61591/pmdarima/git/trees{/sha}",       "statuses_url": "https://api.github.com/repos/tgsmith61591/pmdarima/statuses/{sha}",       "languages_url": "https://api.github.com/repos/tgsmith61591/pmdarima/languages",       "stargazers_url": "https://api.github.com/repos/tgsmith61591/pmdarima/stargazers",       "contributors_url": "https://api.github.com/repos/tgsmith61591/pmdarima/contributors",       "subscribers_url": "https://api.github.com/repos/tgsmith61591/pmdarima/subscribers",       "subscription_url": "https://api.github.com/repos/tgsmith61591/pmdarima/subscription",       "commits_url": "https://api.github.com/repos/tgsmith61591/pmdarima/commits{/sha}",       "git_commits_url": "https://api.github.com/repos/tgsmith61591/pmdarima/git/commits{/sha}",       "comments_url": "https://api.github.com/repos/tgsmith61591/pmdarima/comments{/number}",       "issue_comment_url": "https://api.github.com/repos/tgsmith61591/pmdarima/issues/comments{/number}",       "contents_url": "https://api.github.com/repos/tgsmith61591/pmdarima/contents/{+path}",       "compare_url": "https://api.github.com/repos/tgsmith61591/pmdarima/compare/{base}...{head}",       "merges_url": "https://api.github.com/repos/tgsmith61591/pmdarima/merges",       "archive_url": "https://api.github.com/repos/tgsmith61591/pmdarima/{archive_format}{/ref}",       "downloads_url": "https://api.github.com/repos/tgsmith61591/pmdarima/downloads",       "issues_url": "https://api.github.com/repos/tgsmith61591/pmdarima/issues{/number}",       "pulls_url": "https://api.github.com/repos/tgsmith61591/pmdarima/pulls{/number}",       "milestones_url": "https://api.github.com/repos/tgsmith61591/pmdarima/milestones{/number}",       "notifications_url": "https://api.github.com/repos/tgsmith61591/pmdarima/notifications{?since,all,participating}",       "labels_url": "https://api.github.com/repos/tgsmith61591/pmdarima/labels{/name}",       "releases_url": "https://api.github.com/repos/tgsmith61591/pmdarima/releases{/id}",       "deployments_url": "https://api.github.com/repos/tgsmith61591/pmdarima/deployments",       "created_at": "2017-03-30T14:58:30Z",       "updated_at": "2019-01-27T16:57:38Z",       "pushed_at": "2019-01-21T21:26:02Z",       "git_url": "git://github.com/tgsmith61591/pmdarima.git",       "ssh_url": "git@github.com:tgsmith61591/pmdarima.git",       "clone_url": "https://github.com/tgsmith61591/pmdarima.git",       "svn_url": "https://github.com/tgsmith61591/pmdarima",       "homepage": "https://www.alkaline-ml.com/pmdarima",       "size": 60561,       "stargazers_count": 254,       "watchers_count": 254,       "language": "Python",       "has_issues": true,       "has_projects": true,       "has_downloads": true,       "has_wiki": true,       "has_pages": true,       "forks_count": 64,       "mirror_url": null,       "archived": false,       "open_issues_count": 1,       "license": {         "key": "mit",         "name": "MIT License",         "spdx_id": "MIT",         "url": "https://api.github.com/licenses/mit",         "node_id": "MDc6TGljZW5zZTEz"       },       "forks": 64,       "open_issues": 1,       "watchers": 254,       "default_branch": "master",       "score": 37.534405     },     {       "id": 72917308,       "node_id": "MDEwOlJlcG9zaXRvcnk3MjkxNzMwOA==",       "name": "learn-elm",       "full_name": "dwyl/learn-elm",       "private": false,       "owner": {         "login": "dwyl",         "id": 11708465,         "node_id": "MDEyOk9yZ2FuaXphdGlvbjExNzA4NDY1",         "avatar_url": "https://avatars1.githubusercontent.com/u/11708465?v=4",         "gravatar_id": "",         "url": "https://api.github.com/users/dwyl",         "html_url": "https://github.com/dwyl",         "followers_url": "https://api.github.com/users/dwyl/followers",         "following_url": "https://api.github.com/users/dwyl/following{/other_user}",         "gists_url": "https://api.github.com/users/dwyl/gists{/gist_id}",         "starred_url": "https://api.github.com/users/dwyl/starred{/owner}{/repo}",         "subscriptions_url": "https://api.github.com/users/dwyl/subscriptions",         "organizations_url": "https://api.github.com/users/dwyl/orgs",         "repos_url": "https://api.github.com/users/dwyl/repos",         "events_url": "https://api.github.com/users/dwyl/events{/privacy}",         "received_events_url": "https://api.github.com/users/dwyl/received_events",         "type": "Organization",         "site_admin": false       },       "html_url": "https://github.com/dwyl/learn-elm",       "description": ":rainbow: discover why people are switching to Elm and how you can get started today!",       "fork": false,       "url": "https://api.github.com/repos/dwyl/learn-elm",       "forks_url": "https://api.github.com/repos/dwyl/learn-elm/forks",       "keys_url": "https://api.github.com/repos/dwyl/learn-elm/keys{/key_id}",       "collaborators_url": "https://api.github.com/repos/dwyl/learn-elm/collaborators{/collaborator}",       "teams_url": "https://api.github.com/repos/dwyl/learn-elm/teams",       "hooks_url": "https://api.github.com/repos/dwyl/learn-elm/hooks",       "issue_events_url": "https://api.github.com/repos/dwyl/learn-elm/issues/events{/number}",       "events_url": "https://api.github.com/repos/dwyl/learn-elm/events",       "assignees_url": "https://api.github.com/repos/dwyl/learn-elm/assignees{/user}",       "branches_url": "https://api.github.com/repos/dwyl/learn-elm/branches{/branch}",       "tags_url": "https://api.github.com/repos/dwyl/learn-elm/tags",       "blobs_url": "https://api.github.com/repos/dwyl/learn-elm/git/blobs{/sha}",       "git_tags_url": "https://api.github.com/repos/dwyl/learn-elm/git/tags{/sha}",       "git_refs_url": "https://api.github.com/repos/dwyl/learn-elm/git/refs{/sha}",       "trees_url": "https://api.github.com/repos/dwyl/learn-elm/git/trees{/sha}",       "statuses_url": "https://api.github.com/repos/dwyl/learn-elm/statuses/{sha}",       "languages_url": "https://api.github.com/repos/dwyl/learn-elm/languages",       "stargazers_url": "https://api.github.com/repos/dwyl/learn-elm/stargazers",       "contributors_url": "https://api.github.com/repos/dwyl/learn-elm/contributors",       "subscribers_url": "https://api.github.com/repos/dwyl/learn-elm/subscribers",       "subscription_url": "https://api.github.com/repos/dwyl/learn-elm/subscription",       "commits_url": "https://api.github.com/repos/dwyl/learn-elm/commits{/sha}",       "git_commits_url": "https://api.github.com/repos/dwyl/learn-elm/git/commits{/sha}",       "comments_url": "https://api.github.com/repos/dwyl/learn-elm/comments{/number}",       "issue_comment_url": "https://api.github.com/repos/dwyl/learn-elm/issues/comments{/number}",       "contents_url": "https://api.github.com/repos/dwyl/learn-elm/contents/{+path}",       "compare_url": "https://api.github.com/repos/dwyl/learn-elm/compare/{base}...{head}",       "merges_url": "https://api.github.com/repos/dwyl/learn-elm/merges",       "archive_url": "https://api.github.com/repos/dwyl/learn-elm/{archive_format}{/ref}",       "downloads_url": "https://api.github.com/repos/dwyl/learn-elm/downloads",       "issues_url": "https://api.github.com/repos/dwyl/learn-elm/issues{/number}",       "pulls_url": "https://api.github.com/repos/dwyl/learn-elm/pulls{/number}",       "milestones_url": "https://api.github.com/repos/dwyl/learn-elm/milestones{/number}",       "notifications_url": "https://api.github.com/repos/dwyl/learn-elm/notifications{?since,all,participating}",       "labels_url": "https://api.github.com/repos/dwyl/learn-elm/labels{/name}",       "releases_url": "https://api.github.com/repos/dwyl/learn-elm/releases{/id}",       "deployments_url": "https://api.github.com/repos/dwyl/learn-elm/deployments",       "created_at": "2016-11-05T09:45:12Z",       "updated_at": "2019-01-25T17:03:04Z",       "pushed_at": "2018-12-04T22:17:50Z",       "git_url": "git://github.com/dwyl/learn-elm.git",       "ssh_url": "git@github.com:dwyl/learn-elm.git",       "clone_url": "https://github.com/dwyl/learn-elm.git",       "svn_url": "https://github.com/dwyl/learn-elm",       "homepage": "https://github.com/dwyl/learn-elm",       "size": 622,       "stargazers_count": 238,       "watchers_count": 238,       "language": "HTML",       "has_issues": true,       "has_projects": true,       "has_downloads": true,       "has_wiki": true,       "has_pages": false,       "forks_count": 19,       "mirror_url": null,       "archived": false,       "open_issues_count": 78,       "license": null,       "forks": 19,       "open_issues": 78,       "watchers": 238,       "default_branch": "master",       "score": 44.098484     },     {       "id": 35120209,       "node_id": "MDEwOlJlcG9zaXRvcnkzNTEyMDIwOQ==",       "name": "wtfnode",       "full_name": "myndzi/wtfnode",       "private": false,       "owner": {         "login": "myndzi",         "id": 1588419,         "node_id": "MDQ6VXNlcjE1ODg0MTk=",         "avatar_url": "https://avatars1.githubusercontent.com/u/1588419?v=4",         "gravatar_id": "",         "url": "https://api.github.com/users/myndzi",         "html_url": "https://github.com/myndzi",         "followers_url": "https://api.github.com/users/myndzi/followers",         "following_url": "https://api.github.com/users/myndzi/following{/other_user}",         "gists_url": "https://api.github.com/users/myndzi/gists{/gist_id}",         "starred_url": "https://api.github.com/users/myndzi/starred{/owner}{/repo}",         "subscriptions_url": "https://api.github.com/users/myndzi/subscriptions",         "organizations_url": "https://api.github.com/users/myndzi/orgs",         "repos_url": "https://api.github.com/users/myndzi/repos",         "events_url": "https://api.github.com/users/myndzi/events{/privacy}",         "received_events_url": "https://api.github.com/users/myndzi/received_events",         "type": "User",         "site_admin": false       },       "html_url": "https://github.com/myndzi/wtfnode",       "description": "Utility to help find out why Node isn't exiting",       "fork": false,       "url": "https://api.github.com/repos/myndzi/wtfnode",       "forks_url": "https://api.github.com/repos/myndzi/wtfnode/forks",       "keys_url": "https://api.github.com/repos/myndzi/wtfnode/keys{/key_id}",       "collaborators_url": "https://api.github.com/repos/myndzi/wtfnode/collaborators{/collaborator}",       "teams_url": "https://api.github.com/repos/myndzi/wtfnode/teams",       "hooks_url": "https://api.github.com/repos/myndzi/wtfnode/hooks",       "issue_events_url": "https://api.github.com/repos/myndzi/wtfnode/issues/events{/number}",       "events_url": "https://api.github.com/repos/myndzi/wtfnode/events",       "assignees_url": "https://api.github.com/repos/myndzi/wtfnode/assignees{/user}",       "branches_url": "https://api.github.com/repos/myndzi/wtfnode/branches{/branch}",       "tags_url": "https://api.github.com/repos/myndzi/wtfnode/tags",       "blobs_url": "https://api.github.com/repos/myndzi/wtfnode/git/blobs{/sha}",       "git_tags_url": "https://api.github.com/repos/myndzi/wtfnode/git/tags{/sha}",       "git_refs_url": "https://api.github.com/repos/myndzi/wtfnode/git/refs{/sha}",       "trees_url": "https://api.github.com/repos/myndzi/wtfnode/git/trees{/sha}",       "statuses_url": "https://api.github.com/repos/myndzi/wtfnode/statuses/{sha}",       "languages_url": "https://api.github.com/repos/myndzi/wtfnode/languages",       "stargazers_url": "https://api.github.com/repos/myndzi/wtfnode/stargazers",       "contributors_url": "https://api.github.com/repos/myndzi/wtfnode/contributors",       "subscribers_url": "https://api.github.com/repos/myndzi/wtfnode/subscribers",       "subscription_url": "https://api.github.com/repos/myndzi/wtfnode/subscription",       "commits_url": "https://api.github.com/repos/myndzi/wtfnode/commits{/sha}",       "git_commits_url": "https://api.github.com/repos/myndzi/wtfnode/git/commits{/sha}",       "comments_url": "https://api.github.com/repos/myndzi/wtfnode/comments{/number}",       "issue_comment_url": "https://api.github.com/repos/myndzi/wtfnode/issues/comments{/number}",       "contents_url": "https://api.github.com/repos/myndzi/wtfnode/contents/{+path}",       "compare_url": "https://api.github.com/repos/myndzi/wtfnode/compare/{base}...{head}",       "merges_url": "https://api.github.com/repos/myndzi/wtfnode/merges",       "archive_url": "https://api.github.com/repos/myndzi/wtfnode/{archive_format}{/ref}",       "downloads_url": "https://api.github.com/repos/myndzi/wtfnode/downloads",       "issues_url": "https://api.github.com/repos/myndzi/wtfnode/issues{/number}",       "pulls_url": "https://api.github.com/repos/myndzi/wtfnode/pulls{/number}",       "milestones_url": "https://api.github.com/repos/myndzi/wtfnode/milestones{/number}",       "notifications_url": "https://api.github.com/repos/myndzi/wtfnode/notifications{?since,all,participating}",       "labels_url": "https://api.github.com/repos/myndzi/wtfnode/labels{/name}",       "releases_url": "https://api.github.com/repos/myndzi/wtfnode/releases{/id}",       "deployments_url": "https://api.github.com/repos/myndzi/wtfnode/deployments",       "created_at": "2015-05-05T19:42:42Z",       "updated_at": "2019-01-23T23:23:20Z",       "pushed_at": "2019-01-15T03:26:56Z",       "git_url": "git://github.com/myndzi/wtfnode.git",       "ssh_url": "git@github.com:myndzi/wtfnode.git",       "clone_url": "https://github.com/myndzi/wtfnode.git",       "svn_url": "https://github.com/myndzi/wtfnode",       "homepage": null,       "size": 59,       "stargazers_count": 237,       "watchers_count": 237,       "language": "JavaScript",       "has_issues": true,       "has_projects": true,       "has_downloads": true,       "has_wiki": true,       "has_pages": false,       "forks_count": 14,       "mirror_url": null,       "archived": false,       "open_issues_count": 0,       "license": null,       "forks": 14,       "open_issues": 0,       "watchers": 237,       "default_branch": "master",       "score": 51.472176     },     {       "id": 539003,       "node_id": "MDEwOlJlcG9zaXRvcnk1MzkwMDM=",       "name": "jquery-outside-events",       "full_name": "cowboy/jquery-outside-events",       "private": false,       "owner": {         "login": "cowboy",         "id": 54051,         "node_id": "MDQ6VXNlcjU0MDUx",         "avatar_url": "https://avatars0.githubusercontent.com/u/54051?v=4",         "gravatar_id": "",         "url": "https://api.github.com/users/cowboy",         "html_url": "https://github.com/cowboy",         "followers_url": "https://api.github.com/users/cowboy/followers",         "following_url": "https://api.github.com/users/cowboy/following{/other_user}",         "gists_url": "https://api.github.com/users/cowboy/gists{/gist_id}",         "starred_url": "https://api.github.com/users/cowboy/starred{/owner}{/repo}",         "subscriptions_url": "https://api.github.com/users/cowboy/subscriptions",         "organizations_url": "https://api.github.com/users/cowboy/orgs",         "repos_url": "https://api.github.com/users/cowboy/repos",         "events_url": "https://api.github.com/users/cowboy/events{/privacy}",         "received_events_url": "https://api.github.com/users/cowboy/received_events",         "type": "User",         "site_admin": false       },       "html_url": "https://github.com/cowboy/jquery-outside-events",       "description": "Why trigger an event on something, when you can trigger it on everything else?",       "fork": false,       "url": "https://api.github.com/repos/cowboy/jquery-outside-events",       "forks_url": "https://api.github.com/repos/cowboy/jquery-outside-events/forks",       "keys_url": "https://api.github.com/repos/cowboy/jquery-outside-events/keys{/key_id}",       "collaborators_url": "https://api.github.com/repos/cowboy/jquery-outside-events/collaborators{/collaborator}",       "teams_url": "https://api.github.com/repos/cowboy/jquery-outside-events/teams",       "hooks_url": "https://api.github.com/repos/cowboy/jquery-outside-events/hooks",       "issue_events_url": "https://api.github.com/repos/cowboy/jquery-outside-events/issues/events{/number}",       "events_url": "https://api.github.com/repos/cowboy/jquery-outside-events/events",       "assignees_url": "https://api.github.com/repos/cowboy/jquery-outside-events/assignees{/user}",       "branches_url": "https://api.github.com/repos/cowboy/jquery-outside-events/branches{/branch}",       "tags_url": "https://api.github.com/repos/cowboy/jquery-outside-events/tags",       "blobs_url": "https://api.github.com/repos/cowboy/jquery-outside-events/git/blobs{/sha}",       "git_tags_url": "https://api.github.com/repos/cowboy/jquery-outside-events/git/tags{/sha}",       "git_refs_url": "https://api.github.com/repos/cowboy/jquery-outside-events/git/refs{/sha}",       "trees_url": "https://api.github.com/repos/cowboy/jquery-outside-events/git/trees{/sha}",       "statuses_url": "https://api.github.com/repos/cowboy/jquery-outside-events/statuses/{sha}",       "languages_url": "https://api.github.com/repos/cowboy/jquery-outside-events/languages",       "stargazers_url": "https://api.github.com/repos/cowboy/jquery-outside-events/stargazers",       "contributors_url": "https://api.github.com/repos/cowboy/jquery-outside-events/contributors",       "subscribers_url": "https://api.github.com/repos/cowboy/jquery-outside-events/subscribers",       "subscription_url": "https://api.github.com/repos/cowboy/jquery-outside-events/subscription",       "commits_url": "https://api.github.com/repos/cowboy/jquery-outside-events/commits{/sha}",       "git_commits_url": "https://api.github.com/repos/cowboy/jquery-outside-events/git/commits{/sha}",       "comments_url": "https://api.github.com/repos/cowboy/jquery-outside-events/comments{/number}",       "issue_comment_url": "https://api.github.com/repos/cowboy/jquery-outside-events/issues/comments{/number}",       "contents_url": "https://api.github.com/repos/cowboy/jquery-outside-events/contents/{+path}",       "compare_url": "https://api.github.com/repos/cowboy/jquery-outside-events/compare/{base}...{head}",       "merges_url": "https://api.github.com/repos/cowboy/jquery-outside-events/merges",       "archive_url": "https://api.github.com/repos/cowboy/jquery-outside-events/{archive_format}{/ref}",       "downloads_url": "https://api.github.com/repos/cowboy/jquery-outside-events/downloads",       "issues_url": "https://api.github.com/repos/cowboy/jquery-outside-events/issues{/number}",       "pulls_url": "https://api.github.com/repos/cowboy/jquery-outside-events/pulls{/number}",       "milestones_url": "https://api.github.com/repos/cowboy/jquery-outside-events/milestones{/number}",       "notifications_url": "https://api.github.com/repos/cowboy/jquery-outside-events/notifications{?since,all,participating}",       "labels_url": "https://api.github.com/repos/cowboy/jquery-outside-events/labels{/name}",       "releases_url": "https://api.github.com/repos/cowboy/jquery-outside-events/releases{/id}",       "deployments_url": "https://api.github.com/repos/cowboy/jquery-outside-events/deployments",       "created_at": "2010-02-27T19:56:14Z",       "updated_at": "2019-01-23T22:10:28Z",       "pushed_at": "2016-04-03T09:27:45Z",       "git_url": "git://github.com/cowboy/jquery-outside-events.git",       "ssh_url": "git@github.com:cowboy/jquery-outside-events.git",       "clone_url": "https://github.com/cowboy/jquery-outside-events.git",       "svn_url": "https://github.com/cowboy/jquery-outside-events",       "homepage": "http://benalman.com/projects/jquery-clickoutside-plugin/",       "size": 320,       "stargazers_count": 236,       "watchers_count": 236,       "language": "JavaScript",       "has_issues": true,       "has_projects": true,       "has_downloads": true,       "has_wiki": true,       "has_pages": false,       "forks_count": 44,       "mirror_url": null,       "archived": false,       "open_issues_count": 10,       "license": {         "key": "other",         "name": "Other",         "spdx_id": "NOASSERTION",         "url": null,         "node_id": "MDc6TGljZW5zZTA="       },       "forks": 44,       "open_issues": 10,       "watchers": 236,       "default_branch": "master",       "score": 49.765392     },     {       "id": 124265580,       "node_id": "MDEwOlJlcG9zaXRvcnkxMjQyNjU1ODA=",       "name": "Viewpager-Transformation",       "full_name": "dipanshukr/Viewpager-Transformation",       "private": false,       "owner": {         "login": "dipanshukr",         "id": 29334373,         "node_id": "MDQ6VXNlcjI5MzM0Mzcz",         "avatar_url": "https://avatars3.githubusercontent.com/u/29334373?v=4",         "gravatar_id": "",         "url": "https://api.github.com/users/dipanshukr",         "html_url": "https://github.com/dipanshukr",         "followers_url": "https://api.github.com/users/dipanshukr/followers",         "following_url": "https://api.github.com/users/dipanshukr/following{/other_user}",         "gists_url": "https://api.github.com/users/dipanshukr/gists{/gist_id}",         "starred_url": "https://api.github.com/users/dipanshukr/starred{/owner}{/repo}",         "subscriptions_url": "https://api.github.com/users/dipanshukr/subscriptions",         "organizations_url": "https://api.github.com/users/dipanshukr/orgs",         "repos_url": "https://api.github.com/users/dipanshukr/repos",         "events_url": "https://api.github.com/users/dipanshukr/events{/privacy}",         "received_events_url": "https://api.github.com/users/dipanshukr/received_events",         "type": "User",         "site_admin": false       },       "html_url": "https://github.com/dipanshukr/Viewpager-Transformation",       "description": "Why use dependencies when you create your own transformations for Viewpager ?",       "fork": false,       "url": "https://api.github.com/repos/dipanshukr/Viewpager-Transformation",       "forks_url": "https://api.github.com/repos/dipanshukr/Viewpager-Transformation/forks",       "keys_url": "https://api.github.com/repos/dipanshukr/Viewpager-Transformation/keys{/key_id}",       "collaborators_url": "https://api.github.com/repos/dipanshukr/Viewpager-Transformation/collaborators{/collaborator}",       "teams_url": "https://api.github.com/repos/dipanshukr/Viewpager-Transformation/teams",       "hooks_url": "https://api.github.com/repos/dipanshukr/Viewpager-Transformation/hooks",       "issue_events_url": "https://api.github.com/repos/dipanshukr/Viewpager-Transformation/issues/events{/number}",       "events_url": "https://api.github.com/repos/dipanshukr/Viewpager-Transformation/events",       "assignees_url": "https://api.github.com/repos/dipanshukr/Viewpager-Transformation/assignees{/user}",       "branches_url": "https://api.github.com/repos/dipanshukr/Viewpager-Transformation/branches{/branch}",       "tags_url": "https://api.github.com/repos/dipanshukr/Viewpager-Transformation/tags",       "blobs_url": "https://api.github.com/repos/dipanshukr/Viewpager-Transformation/git/blobs{/sha}",       "git_tags_url": "https://api.github.com/repos/dipanshukr/Viewpager-Transformation/git/tags{/sha}",       "git_refs_url": "https://api.github.com/repos/dipanshukr/Viewpager-Transformation/git/refs{/sha}",       "trees_url": "https://api.github.com/repos/dipanshukr/Viewpager-Transformation/git/trees{/sha}",       "statuses_url": "https://api.github.com/repos/dipanshukr/Viewpager-Transformation/statuses/{sha}",       "languages_url": "https://api.github.com/repos/dipanshukr/Viewpager-Transformation/languages",       "stargazers_url": "https://api.github.com/repos/dipanshukr/Viewpager-Transformation/stargazers",       "contributors_url": "https://api.github.com/repos/dipanshukr/Viewpager-Transformation/contributors",       "subscribers_url": "https://api.github.com/repos/dipanshukr/Viewpager-Transformation/subscribers",       "subscription_url": "https://api.github.com/repos/dipanshukr/Viewpager-Transformation/subscription",       "commits_url": "https://api.github.com/repos/dipanshukr/Viewpager-Transformation/commits{/sha}",       "git_commits_url": "https://api.github.com/repos/dipanshukr/Viewpager-Transformation/git/commits{/sha}",       "comments_url": "https://api.github.com/repos/dipanshukr/Viewpager-Transformation/comments{/number}",       "issue_comment_url": "https://api.github.com/repos/dipanshukr/Viewpager-Transformation/issues/comments{/number}",       "contents_url": "https://api.github.com/repos/dipanshukr/Viewpager-Transformation/contents/{+path}",       "compare_url": "https://api.github.com/repos/dipanshukr/Viewpager-Transformation/compare/{base}...{head}",       "merges_url": "https://api.github.com/repos/dipanshukr/Viewpager-Transformation/merges",       "archive_url": "https://api.github.com/repos/dipanshukr/Viewpager-Transformation/{archive_format}{/ref}",       "downloads_url": "https://api.github.com/repos/dipanshukr/Viewpager-Transformation/downloads",       "issues_url": "https://api.github.com/repos/dipanshukr/Viewpager-Transformation/issues{/number}",       "pulls_url": "https://api.github.com/repos/dipanshukr/Viewpager-Transformation/pulls{/number}",       "milestones_url": "https://api.github.com/repos/dipanshukr/Viewpager-Transformation/milestones{/number}",       "notifications_url": "https://api.github.com/repos/dipanshukr/Viewpager-Transformation/notifications{?since,all,participating}",       "labels_url": "https://api.github.com/repos/dipanshukr/Viewpager-Transformation/labels{/name}",       "releases_url": "https://api.github.com/repos/dipanshukr/Viewpager-Transformation/releases{/id}",       "deployments_url": "https://api.github.com/repos/dipanshukr/Viewpager-Transformation/deployments",       "created_at": "2018-03-07T16:45:42Z",       "updated_at": "2019-01-27T11:19:10Z",       "pushed_at": "2018-06-21T07:17:59Z",       "git_url": "git://github.com/dipanshukr/Viewpager-Transformation.git",       "ssh_url": "git@github.com:dipanshukr/Viewpager-Transformation.git",       "clone_url": "https://github.com/dipanshukr/Viewpager-Transformation.git",       "svn_url": "https://github.com/dipanshukr/Viewpager-Transformation",       "homepage": "",       "size": 181654,       "stargazers_count": 230,       "watchers_count": 230,       "language": "Java",       "has_issues": true,       "has_projects": true,       "has_downloads": true,       "has_wiki": true,       "has_pages": true,       "forks_count": 44,       "mirror_url": null,       "archived": false,       "open_issues_count": 1,       "license": null,       "forks": 44,       "open_issues": 1,       "watchers": 230,       "default_branch": "master",       "score": 49.98538     },     {       "id": 17420185,       "node_id": "MDEwOlJlcG9zaXRvcnkxNzQyMDE4NQ==",       "name": "enemy-of-the-state",       "full_name": "jspahrsummers/enemy-of-the-state",       "private": false,       "owner": {         "login": "jspahrsummers",         "id": 432536,         "node_id": "MDQ6VXNlcjQzMjUzNg==",         "avatar_url": "https://avatars0.githubusercontent.com/u/432536?v=4",         "gravatar_id": "",         "url": "https://api.github.com/users/jspahrsummers",         "html_url": "https://github.com/jspahrsummers",         "followers_url": "https://api.github.com/users/jspahrsummers/followers",         "following_url": "https://api.github.com/users/jspahrsummers/following{/other_user}",         "gists_url": "https://api.github.com/users/jspahrsummers/gists{/gist_id}",         "starred_url": "https://api.github.com/users/jspahrsummers/starred{/owner}{/repo}",         "subscriptions_url": "https://api.github.com/users/jspahrsummers/subscriptions",         "organizations_url": "https://api.github.com/users/jspahrsummers/orgs",         "repos_url": "https://api.github.com/users/jspahrsummers/repos",         "events_url": "https://api.github.com/users/jspahrsummers/events{/privacy}",         "received_events_url": "https://api.github.com/users/jspahrsummers/received_events",         "type": "User",         "site_admin": false       },       "html_url": "https://github.com/jspahrsummers/enemy-of-the-state",       "description": "My talk explaining what state is and why it's so harmful",       "fork": false,       "url": "https://api.github.com/repos/jspahrsummers/enemy-of-the-state",       "forks_url": "https://api.github.com/repos/jspahrsummers/enemy-of-the-state/forks",       "keys_url": "https://api.github.com/repos/jspahrsummers/enemy-of-the-state/keys{/key_id}",       "collaborators_url": "https://api.github.com/repos/jspahrsummers/enemy-of-the-state/collaborators{/collaborator}",       "teams_url": "https://api.github.com/repos/jspahrsummers/enemy-of-the-state/teams",       "hooks_url": "https://api.github.com/repos/jspahrsummers/enemy-of-the-state/hooks",       "issue_events_url": "https://api.github.com/repos/jspahrsummers/enemy-of-the-state/issues/events{/number}",       "events_url": "https://api.github.com/repos/jspahrsummers/enemy-of-the-state/events",       "assignees_url": "https://api.github.com/repos/jspahrsummers/enemy-of-the-state/assignees{/user}",       "branches_url": "https://api.github.com/repos/jspahrsummers/enemy-of-the-state/branches{/branch}",       "tags_url": "https://api.github.com/repos/jspahrsummers/enemy-of-the-state/tags",       "blobs_url": "https://api.github.com/repos/jspahrsummers/enemy-of-the-state/git/blobs{/sha}",       "git_tags_url": "https://api.github.com/repos/jspahrsummers/enemy-of-the-state/git/tags{/sha}",       "git_refs_url": "https://api.github.com/repos/jspahrsummers/enemy-of-the-state/git/refs{/sha}",       "trees_url": "https://api.github.com/repos/jspahrsummers/enemy-of-the-state/git/trees{/sha}",       "statuses_url": "https://api.github.com/repos/jspahrsummers/enemy-of-the-state/statuses/{sha}",       "languages_url": "https://api.github.com/repos/jspahrsummers/enemy-of-the-state/languages",       "stargazers_url": "https://api.github.com/repos/jspahrsummers/enemy-of-the-state/stargazers",       "contributors_url": "https://api.github.com/repos/jspahrsummers/enemy-of-the-state/contributors",       "subscribers_url": "https://api.github.com/repos/jspahrsummers/enemy-of-the-state/subscribers",       "subscription_url": "https://api.github.com/repos/jspahrsummers/enemy-of-the-state/subscription",       "commits_url": "https://api.github.com/repos/jspahrsummers/enemy-of-the-state/commits{/sha}",       "git_commits_url": "https://api.github.com/repos/jspahrsummers/enemy-of-the-state/git/commits{/sha}",       "comments_url": "https://api.github.com/repos/jspahrsummers/enemy-of-the-state/comments{/number}",       "issue_comment_url": "https://api.github.com/repos/jspahrsummers/enemy-of-the-state/issues/comments{/number}",       "contents_url": "https://api.github.com/repos/jspahrsummers/enemy-of-the-state/contents/{+path}",       "compare_url": "https://api.github.com/repos/jspahrsummers/enemy-of-the-state/compare/{base}...{head}",       "merges_url": "https://api.github.com/repos/jspahrsummers/enemy-of-the-state/merges",       "archive_url": "https://api.github.com/repos/jspahrsummers/enemy-of-the-state/{archive_format}{/ref}",       "downloads_url": "https://api.github.com/repos/jspahrsummers/enemy-of-the-state/downloads",       "issues_url": "https://api.github.com/repos/jspahrsummers/enemy-of-the-state/issues{/number}",       "pulls_url": "https://api.github.com/repos/jspahrsummers/enemy-of-the-state/pulls{/number}",       "milestones_url": "https://api.github.com/repos/jspahrsummers/enemy-of-the-state/milestones{/number}",       "notifications_url": "https://api.github.com/repos/jspahrsummers/enemy-of-the-state/notifications{?since,all,participating}",       "labels_url": "https://api.github.com/repos/jspahrsummers/enemy-of-the-state/labels{/name}",       "releases_url": "https://api.github.com/repos/jspahrsummers/enemy-of-the-state/releases{/id}",       "deployments_url": "https://api.github.com/repos/jspahrsummers/enemy-of-the-state/deployments",       "created_at": "2014-03-04T22:49:56Z",       "updated_at": "2018-12-26T21:07:06Z",       "pushed_at": "2017-07-26T14:26:39Z",       "git_url": "git://github.com/jspahrsummers/enemy-of-the-state.git",       "ssh_url": "git@github.com:jspahrsummers/enemy-of-the-state.git",       "clone_url": "https://github.com/jspahrsummers/enemy-of-the-state.git",       "svn_url": "https://github.com/jspahrsummers/enemy-of-the-state",       "homepage": "",       "size": 46901,       "stargazers_count": 208,       "watchers_count": 208,       "language": "Swift",       "has_issues": true,       "has_projects": true,       "has_downloads": true,       "has_wiki": false,       "has_pages": false,       "forks_count": 16,       "mirror_url": null,       "archived": false,       "open_issues_count": 1,       "license": {         "key": "other",         "name": "Other",         "spdx_id": "NOASSERTION",         "url": null,         "node_id": "MDc6TGljZW5zZTA="       },       "forks": 16,       "open_issues": 1,       "watchers": 208,       "default_branch": "master",       "score": 42.188747     },     {       "id": 93794235,       "node_id": "MDEwOlJlcG9zaXRvcnk5Mzc5NDIzNQ==",       "name": "drop_watch",       "full_name": "pavel-odintsov/drop_watch",       "private": false,       "owner": {         "login": "pavel-odintsov",         "id": 2744166,         "node_id": "MDQ6VXNlcjI3NDQxNjY=",         "avatar_url": "https://avatars0.githubusercontent.com/u/2744166?v=4",         "gravatar_id": "",         "url": "https://api.github.com/users/pavel-odintsov",         "html_url": "https://github.com/pavel-odintsov",         "followers_url": "https://api.github.com/users/pavel-odintsov/followers",         "following_url": "https://api.github.com/users/pavel-odintsov/following{/other_user}",         "gists_url": "https://api.github.com/users/pavel-odintsov/gists{/gist_id}",         "starred_url": "https://api.github.com/users/pavel-odintsov/starred{/owner}{/repo}",         "subscriptions_url": "https://api.github.com/users/pavel-odintsov/subscriptions",         "organizations_url": "https://api.github.com/users/pavel-odintsov/orgs",         "repos_url": "https://api.github.com/users/pavel-odintsov/repos",         "events_url": "https://api.github.com/users/pavel-odintsov/events{/privacy}",         "received_events_url": "https://api.github.com/users/pavel-odintsov/received_events",         "type": "User",         "site_admin": false       },       "html_url": "https://github.com/pavel-odintsov/drop_watch",       "description": "Monitor reasons why and where linux drops UDP packets",       "fork": false,       "url": "https://api.github.com/repos/pavel-odintsov/drop_watch",       "forks_url": "https://api.github.com/repos/pavel-odintsov/drop_watch/forks",       "keys_url": "https://api.github.com/repos/pavel-odintsov/drop_watch/keys{/key_id}",       "collaborators_url": "https://api.github.com/repos/pavel-odintsov/drop_watch/collaborators{/collaborator}",       "teams_url": "https://api.github.com/repos/pavel-odintsov/drop_watch/teams",       "hooks_url": "https://api.github.com/repos/pavel-odintsov/drop_watch/hooks",       "issue_events_url": "https://api.github.com/repos/pavel-odintsov/drop_watch/issues/events{/number}",       "events_url": "https://api.github.com/repos/pavel-odintsov/drop_watch/events",       "assignees_url": "https://api.github.com/repos/pavel-odintsov/drop_watch/assignees{/user}",       "branches_url": "https://api.github.com/repos/pavel-odintsov/drop_watch/branches{/branch}",       "tags_url": "https://api.github.com/repos/pavel-odintsov/drop_watch/tags",       "blobs_url": "https://api.github.com/repos/pavel-odintsov/drop_watch/git/blobs{/sha}",       "git_tags_url": "https://api.github.com/repos/pavel-odintsov/drop_watch/git/tags{/sha}",       "git_refs_url": "https://api.github.com/repos/pavel-odintsov/drop_watch/git/refs{/sha}",       "trees_url": "https://api.github.com/repos/pavel-odintsov/drop_watch/git/trees{/sha}",       "statuses_url": "https://api.github.com/repos/pavel-odintsov/drop_watch/statuses/{sha}",       "languages_url": "https://api.github.com/repos/pavel-odintsov/drop_watch/languages",       "stargazers_url": "https://api.github.com/repos/pavel-odintsov/drop_watch/stargazers",       "contributors_url": "https://api.github.com/repos/pavel-odintsov/drop_watch/contributors",       "subscribers_url": "https://api.github.com/repos/pavel-odintsov/drop_watch/subscribers",       "subscription_url": "https://api.github.com/repos/pavel-odintsov/drop_watch/subscription",       "commits_url": "https://api.github.com/repos/pavel-odintsov/drop_watch/commits{/sha}",       "git_commits_url": "https://api.github.com/repos/pavel-odintsov/drop_watch/git/commits{/sha}",       "comments_url": "https://api.github.com/repos/pavel-odintsov/drop_watch/comments{/number}",       "issue_comment_url": "https://api.github.com/repos/pavel-odintsov/drop_watch/issues/comments{/number}",       "contents_url": "https://api.github.com/repos/pavel-odintsov/drop_watch/contents/{+path}",       "compare_url": "https://api.github.com/repos/pavel-odintsov/drop_watch/compare/{base}...{head}",       "merges_url": "https://api.github.com/repos/pavel-odintsov/drop_watch/merges",       "archive_url": "https://api.github.com/repos/pavel-odintsov/drop_watch/{archive_format}{/ref}",       "downloads_url": "https://api.github.com/repos/pavel-odintsov/drop_watch/downloads",       "issues_url": "https://api.github.com/repos/pavel-odintsov/drop_watch/issues{/number}",       "pulls_url": "https://api.github.com/repos/pavel-odintsov/drop_watch/pulls{/number}",       "milestones_url": "https://api.github.com/repos/pavel-odintsov/drop_watch/milestones{/number}",       "notifications_url": "https://api.github.com/repos/pavel-odintsov/drop_watch/notifications{?since,all,participating}",       "labels_url": "https://api.github.com/repos/pavel-odintsov/drop_watch/labels{/name}",       "releases_url": "https://api.github.com/repos/pavel-odintsov/drop_watch/releases{/id}",       "deployments_url": "https://api.github.com/repos/pavel-odintsov/drop_watch/deployments",       "created_at": "2017-06-08T21:43:00Z",       "updated_at": "2019-01-28T14:39:16Z",       "pushed_at": "2017-10-12T20:13:24Z",       "git_url": "git://github.com/pavel-odintsov/drop_watch.git",       "ssh_url": "git@github.com:pavel-odintsov/drop_watch.git",       "clone_url": "https://github.com/pavel-odintsov/drop_watch.git",       "svn_url": "https://github.com/pavel-odintsov/drop_watch",       "homepage": "",       "size": 153,       "stargazers_count": 183,       "watchers_count": 183,       "language": "C",       "has_issues": true,       "has_projects": true,       "has_downloads": true,       "has_wiki": true,       "has_pages": false,       "forks_count": 20,       "mirror_url": null,       "archived": false,       "open_issues_count": 0,       "license": {         "key": "gpl-2.0",         "name": "GNU General Public License v2.0",         "spdx_id": "GPL-2.0",         "url": "https://api.github.com/licenses/gpl-2.0",         "node_id": "MDc6TGljZW5zZTg="       },       "forks": 20,       "open_issues": 0,       "watchers": 183,       "default_branch": "master",       "score": 53.155193     }   ] }  [] []
[2019-01-29 14:57:47] name.WARNING: Array [] []
[2019-01-29 15:01:42] name.WARNING: Array [] []
[2019-01-29 15:02:02] name.WARNING: Array [] []
[2019-01-29 15:02:44] name.WARNING: Array [] []
[2019-01-29 15:22:44] name.WARNING: Array [] []
[2019-01-29 20:13:51] slim-app.WARNING:  [] {"uid":"b652d67"}
[2019-01-29 20:15:09] slim-app.DEBUG:  [] {"uid":"452e535"}
[2019-01-29 20:18:05] slim-app.DEBUG: Array [] {"uid":"d0c8801"}
[2019-01-29 20:18:05] slim-app.DEBUG:  [] {"uid":"d0c8801"}
[2019-01-29 20:21:25] slim-app.DEBUG: {"name":"package.json","path":"package.json","sha":"d1913e90f88271b31926e727869b154f5dabe3cf","size":1665,"url":"https://api.github.com/repos/freeCodeCamp/freeCodeCamp/contents/package.json?ref=master","html_url":"https://github.com/freeCodeCamp/freeCodeCamp/blob/master/package.json","git_url":"https://api.github.com/repos/freeCodeCamp/freeCodeCamp/git/blobs/d1913e90f88271b31926e727869b154f5dabe3cf","download_url":"https://raw.githubusercontent.com/freeCodeCamp/freeCodeCamp/master/package.json","type":"file","content":"ewogICJuYW1lIjogIkBmcmVlY29kZWNhbXAvZnJlZWNvZGVjYW1wIiwKICAi\ndmVyc2lvbiI6ICIwLjAuMSIsCiAgInNjcmlwdHMiOiB7CiAgICAicG9zdGlu\nc3RhbGwiOiAibnBtIHJ1biBib290c3RyYXAiLAogICAgInByZWJvb3RzdHJh\ncCI6ICJucG0gcnVuIGVuc3VyZS1lbnYiLAogICAgImJvb3RzdHJhcCI6ICJs\nZXJuYSBib290c3RyYXAiLAogICAgImNsZWFuIjogImxlcm5hIGNsZWFuIiwK\nICAgICJkZXZlbG9wIjogIm5wbS1ydW4tYWxsIC1zIGVuc3VyZS1lbnYgc3Rh\ncnQtZGV2ZWxvcCIsCiAgICAiZW5zdXJlLWVudiI6ICJjcm9zcy1lbnYgREVC\nVUc9ZmNjOiogbm9kZSAuL3Rvb2xzL3NjcmlwdHMvZW5zdXJlLWVudi5qcyIs\nCiAgICAibGludCI6ICJlY2hvICdXYXJuaW5nOiBUT0RPIC0gRGVmaW5lIExp\nbnRpbmcgd2l0aCBmaXhpbmcuJyIsCiAgICAic2VlZCI6ICJucG0tcnVuLWFs\nbCAtcCBzZWVkOioiLAogICAgInNlZWQ6Y2hhbGxlbmdlcyI6ICJjcm9zcy1l\nbnYgREVCVUc9ZmNjOiogbm9kZSAuL3Rvb2xzL3NjcmlwdHMvc2VlZC9zZWVk\nQ2hhbGxlbmdlcyIsCiAgICAic2VlZDphdXRoLXVzZXIiOiAiY3Jvc3MtZW52\nIERFQlVHPWZjYzoqIG5vZGUgLi90b29scy9zY3JpcHRzL3NlZWQvc2VlZEF1\ndGhVc2VyIiwKICAgICJzdGFydC1kZXZlbG9wIjogIm5vZGUgLi90b29scy9z\nY3JpcHRzL3N0YXJ0LWRldmVsb3AuanMiLAogICAgInByZXRlc3QiOiAibnBt\nLXJ1bi1hbGwgLXMgdGVzdDpsaW50IiwKICAgICJ0ZXN0IjogIm5wbS1ydW4t\nYWxsIC1wIHRlc3Q6KiIsCiAgICAidGVzdDpsaW50IjogImVjaG8gJ1dhcm5p\nbmc6IFRPRE8gLSBEZWZpbmUgTGludGluZyB0ZXN0cy4nIiwKICAgICJ0ZXN0\nOmNsaWVudCI6ICJjZCAuL2NsaWVudCAmJiBucG0gdGVzdCAmJiBjZCAuLi8i\nLAogICAgInRlc3Q6Y3VycmljdWx1bSI6ICJjZCAuL2N1cnJpY3VsdW0gJiYg\nbnBtIHRlc3QgJiYgY2QgLi4vIiwKICAgICJ0ZXN0OmNoYWxsZW5nZS1mb3Jt\nYXR0aW5nIjogIm5vZGUgLi90b29scy9zY3JpcHRzL2NpL2Vuc3VyZS1jaGFs\nbGVuZ2UtZm9ybWF0dGluZy5qcyIsCiAgICAidGVzdDpndWlkZS1mb3JtYXR0\naW5nIjogIm5vZGUgLi90b29scy9zY3JpcHRzL2NpL2Vuc3VyZS1ndWlkZS1m\nb3JtYXR0aW5nLmpzIiwKICAgICJ0ZXN0OnNlcnZlciI6ICJjZCAuL2FwaS1z\nZXJ2ZXIgJiYgbnBtIHRlc3QgJiYgY2QgLi4vIiwKICAgICJ0ZXN0OnRvb2xz\nIjogImplc3QgLi90b29scyIKICB9LAogICJkZXZEZXBlbmRlbmNpZXMiOiB7\nCiAgICAiY3Jvc3MtZW52IjogIl41LjIuMCIsCiAgICAiZGVidWciOiAiXjQu\nMC4xIiwKICAgICJkb3RlbnYiOiAiXjYuMC4wIiwKICAgICJlc2xpbnQtY29u\nZmlnLWZyZWVjb2RlY2FtcCI6ICJeMS4xLjEiLAogICAgImZha2VyIjogIl40\nLjEuMCIsCiAgICAiZ3JheS1tYXR0ZXIiOiAiXjQuMC4xIiwKICAgICJqZXN0\nIjogIl4yMy42LjAiLAogICAgImxlcm5hIjogIl4zLjQuMCIsCiAgICAibG9k\nYXNoIjogIl40LjE3LjExIiwKICAgICJucG0tcnVuLWFsbCI6ICJeNC4xLjUi\nLAogICAgIm9yYSI6ICJeMy4wLjAiLAogICAgInJlYWRkaXJwLXdhbGsiOiAi\nXjEuNi4wIiwKICAgICJzaG9ydGlkIjogIl4yLjIuMTQiLAogICAgInNsdWdn\nIjogIl4xLjIuMSIsCiAgICAidHJlZS1raWxsIjogIl4xLjIuMCIKICB9Cn0K\n","encoding":"base64","_links":{"self":"https://api.github.com/repos/freeCodeCamp/freeCodeCamp/contents/package.json?ref=master","git":"https://api.github.com/repos/freeCodeCamp/freeCodeCamp/git/blobs/d1913e90f88271b31926e727869b154f5dabe3cf","html":"https://github.com/freeCodeCamp/freeCodeCamp/blob/master/package.json"}} [] {"uid":"54f5497"}
[2019-01-29 20:21:25] slim-app.DEBUG: Array [] {"uid":"54f5497"}
[2019-01-29 20:21:25] slim-app.DEBUG:  [] {"uid":"54f5497"}
[2019-01-29 20:22:48] slim-app.DEBUG:  [] {"uid":"f2dc72b"}
[2019-01-29 20:22:48] slim-app.DEBUG: Array [] {"uid":"f2dc72b"}
[2019-01-29 20:22:48] slim-app.DEBUG:  [] {"uid":"f2dc72b"}
[2019-01-29 20:23:28] slim-app.INFO:  [] {"uid":"77db7d7"}
[2019-01-29 20:23:28] slim-app.DEBUG: Array [] {"uid":"77db7d7"}
[2019-01-29 20:23:28] slim-app.DEBUG:  [] {"uid":"77db7d7"}
[2019-01-29 20:27:58] slim-app.INFO: Array [] {"uid":"13827d3"}
[2019-01-29 20:27:58] slim-app.DEBUG: Array [] {"uid":"13827d3"}
[2019-01-29 20:27:58] slim-app.DEBUG:  [] {"uid":"13827d3"}
[2019-01-29 20:31:07] slim-app.INFO:  [] {"uid":"d154b56"}
[2019-01-29 20:31:07] slim-app.DEBUG: Array [] {"uid":"d154b56"}
[2019-01-29 20:31:07] slim-app.DEBUG:  [] {"uid":"d154b56"}
[2019-01-29 20:31:32] slim-app.INFO: Array [] {"uid":"91fd608"}
[2019-01-29 20:31:32] slim-app.DEBUG: Array [] {"uid":"91fd608"}
[2019-01-29 20:31:32] slim-app.DEBUG:  [] {"uid":"91fd608"}
[2019-01-29 20:31:37] slim-app.INFO: Array [] {"uid":"68bc901"}
[2019-01-29 20:31:37] slim-app.DEBUG: Array [] {"uid":"68bc901"}
[2019-01-29 20:31:37] slim-app.DEBUG:  [] {"uid":"68bc901"}
[2019-01-29 20:33:08] slim-app.INFO:  [] {"uid":"757ca7b"}
[2019-01-29 20:33:08] slim-app.DEBUG: Array [] {"uid":"757ca7b"}
[2019-01-29 20:33:08] slim-app.DEBUG:  [] {"uid":"757ca7b"}
[2019-01-29 20:38:20] slim-app.DEBUG: {"name":"package.json","path":"package.json","sha":"d1913e90f88271b31926e727869b154f5dabe3cf","size":1665,"url":"https://api.github.com/repos/freeCodeCamp/freeCodeCamp/contents/package.json?ref=master","html_url":"https://github.com/freeCodeCamp/freeCodeCamp/blob/master/package.json","git_url":"https://api.github.com/repos/freeCodeCamp/freeCodeCamp/git/blobs/d1913e90f88271b31926e727869b154f5dabe3cf","download_url":"https://raw.githubusercontent.com/freeCodeCamp/freeCodeCamp/master/package.json","type":"file","content":"ewogICJuYW1lIjogIkBmcmVlY29kZWNhbXAvZnJlZWNvZGVjYW1wIiwKICAi\ndmVyc2lvbiI6ICIwLjAuMSIsCiAgInNjcmlwdHMiOiB7CiAgICAicG9zdGlu\nc3RhbGwiOiAibnBtIHJ1biBib290c3RyYXAiLAogICAgInByZWJvb3RzdHJh\ncCI6ICJucG0gcnVuIGVuc3VyZS1lbnYiLAogICAgImJvb3RzdHJhcCI6ICJs\nZXJuYSBib290c3RyYXAiLAogICAgImNsZWFuIjogImxlcm5hIGNsZWFuIiwK\nICAgICJkZXZlbG9wIjogIm5wbS1ydW4tYWxsIC1zIGVuc3VyZS1lbnYgc3Rh\ncnQtZGV2ZWxvcCIsCiAgICAiZW5zdXJlLWVudiI6ICJjcm9zcy1lbnYgREVC\nVUc9ZmNjOiogbm9kZSAuL3Rvb2xzL3NjcmlwdHMvZW5zdXJlLWVudi5qcyIs\nCiAgICAibGludCI6ICJlY2hvICdXYXJuaW5nOiBUT0RPIC0gRGVmaW5lIExp\nbnRpbmcgd2l0aCBmaXhpbmcuJyIsCiAgICAic2VlZCI6ICJucG0tcnVuLWFs\nbCAtcCBzZWVkOioiLAogICAgInNlZWQ6Y2hhbGxlbmdlcyI6ICJjcm9zcy1l\nbnYgREVCVUc9ZmNjOiogbm9kZSAuL3Rvb2xzL3NjcmlwdHMvc2VlZC9zZWVk\nQ2hhbGxlbmdlcyIsCiAgICAic2VlZDphdXRoLXVzZXIiOiAiY3Jvc3MtZW52\nIERFQlVHPWZjYzoqIG5vZGUgLi90b29scy9zY3JpcHRzL3NlZWQvc2VlZEF1\ndGhVc2VyIiwKICAgICJzdGFydC1kZXZlbG9wIjogIm5vZGUgLi90b29scy9z\nY3JpcHRzL3N0YXJ0LWRldmVsb3AuanMiLAogICAgInByZXRlc3QiOiAibnBt\nLXJ1bi1hbGwgLXMgdGVzdDpsaW50IiwKICAgICJ0ZXN0IjogIm5wbS1ydW4t\nYWxsIC1wIHRlc3Q6KiIsCiAgICAidGVzdDpsaW50IjogImVjaG8gJ1dhcm5p\nbmc6IFRPRE8gLSBEZWZpbmUgTGludGluZyB0ZXN0cy4nIiwKICAgICJ0ZXN0\nOmNsaWVudCI6ICJjZCAuL2NsaWVudCAmJiBucG0gdGVzdCAmJiBjZCAuLi8i\nLAogICAgInRlc3Q6Y3VycmljdWx1bSI6ICJjZCAuL2N1cnJpY3VsdW0gJiYg\nbnBtIHRlc3QgJiYgY2QgLi4vIiwKICAgICJ0ZXN0OmNoYWxsZW5nZS1mb3Jt\nYXR0aW5nIjogIm5vZGUgLi90b29scy9zY3JpcHRzL2NpL2Vuc3VyZS1jaGFs\nbGVuZ2UtZm9ybWF0dGluZy5qcyIsCiAgICAidGVzdDpndWlkZS1mb3JtYXR0\naW5nIjogIm5vZGUgLi90b29scy9zY3JpcHRzL2NpL2Vuc3VyZS1ndWlkZS1m\nb3JtYXR0aW5nLmpzIiwKICAgICJ0ZXN0OnNlcnZlciI6ICJjZCAuL2FwaS1z\nZXJ2ZXIgJiYgbnBtIHRlc3QgJiYgY2QgLi4vIiwKICAgICJ0ZXN0OnRvb2xz\nIjogImplc3QgLi90b29scyIKICB9LAogICJkZXZEZXBlbmRlbmNpZXMiOiB7\nCiAgICAiY3Jvc3MtZW52IjogIl41LjIuMCIsCiAgICAiZGVidWciOiAiXjQu\nMC4xIiwKICAgICJkb3RlbnYiOiAiXjYuMC4wIiwKICAgICJlc2xpbnQtY29u\nZmlnLWZyZWVjb2RlY2FtcCI6ICJeMS4xLjEiLAogICAgImZha2VyIjogIl40\nLjEuMCIsCiAgICAiZ3JheS1tYXR0ZXIiOiAiXjQuMC4xIiwKICAgICJqZXN0\nIjogIl4yMy42LjAiLAogICAgImxlcm5hIjogIl4zLjQuMCIsCiAgICAibG9k\nYXNoIjogIl40LjE3LjExIiwKICAgICJucG0tcnVuLWFsbCI6ICJeNC4xLjUi\nLAogICAgIm9yYSI6ICJeMy4wLjAiLAogICAgInJlYWRkaXJwLXdhbGsiOiAi\nXjEuNi4wIiwKICAgICJzaG9ydGlkIjogIl4yLjIuMTQiLAogICAgInNsdWdn\nIjogIl4xLjIuMSIsCiAgICAidHJlZS1raWxsIjogIl4xLjIuMCIKICB9Cn0K\n","encoding":"base64","_links":{"self":"https://api.github.com/repos/freeCodeCamp/freeCodeCamp/contents/package.json?ref=master","git":"https://api.github.com/repos/freeCodeCamp/freeCodeCamp/git/blobs/d1913e90f88271b31926e727869b154f5dabe3cf","html":"https://github.com/freeCodeCamp/freeCodeCamp/blob/master/package.json"}} [] {"uid":"c6809b2"}
[2019-01-29 20:38:20] slim-app.DEBUG: Array [] {"uid":"c6809b2"}
[2019-01-29 20:38:20] slim-app.DEBUG:  [] {"uid":"c6809b2"}
[2019-01-29 20:39:22] slim-app.DEBUG: {"name":"package.json","path":"package.json","sha":"d1913e90f88271b31926e727869b154f5dabe3cf","size":1665,"url":"https://api.github.com/repos/freeCodeCamp/freeCodeCamp/contents/package.json?ref=master","html_url":"https://github.com/freeCodeCamp/freeCodeCamp/blob/master/package.json","git_url":"https://api.github.com/repos/freeCodeCamp/freeCodeCamp/git/blobs/d1913e90f88271b31926e727869b154f5dabe3cf","download_url":"https://raw.githubusercontent.com/freeCodeCamp/freeCodeCamp/master/package.json","type":"file","content":"ewogICJuYW1lIjogIkBmcmVlY29kZWNhbXAvZnJlZWNvZGVjYW1wIiwKICAi\ndmVyc2lvbiI6ICIwLjAuMSIsCiAgInNjcmlwdHMiOiB7CiAgICAicG9zdGlu\nc3RhbGwiOiAibnBtIHJ1biBib290c3RyYXAiLAogICAgInByZWJvb3RzdHJh\ncCI6ICJucG0gcnVuIGVuc3VyZS1lbnYiLAogICAgImJvb3RzdHJhcCI6ICJs\nZXJuYSBib290c3RyYXAiLAogICAgImNsZWFuIjogImxlcm5hIGNsZWFuIiwK\nICAgICJkZXZlbG9wIjogIm5wbS1ydW4tYWxsIC1zIGVuc3VyZS1lbnYgc3Rh\ncnQtZGV2ZWxvcCIsCiAgICAiZW5zdXJlLWVudiI6ICJjcm9zcy1lbnYgREVC\nVUc9ZmNjOiogbm9kZSAuL3Rvb2xzL3NjcmlwdHMvZW5zdXJlLWVudi5qcyIs\nCiAgICAibGludCI6ICJlY2hvICdXYXJuaW5nOiBUT0RPIC0gRGVmaW5lIExp\nbnRpbmcgd2l0aCBmaXhpbmcuJyIsCiAgICAic2VlZCI6ICJucG0tcnVuLWFs\nbCAtcCBzZWVkOioiLAogICAgInNlZWQ6Y2hhbGxlbmdlcyI6ICJjcm9zcy1l\nbnYgREVCVUc9ZmNjOiogbm9kZSAuL3Rvb2xzL3NjcmlwdHMvc2VlZC9zZWVk\nQ2hhbGxlbmdlcyIsCiAgICAic2VlZDphdXRoLXVzZXIiOiAiY3Jvc3MtZW52\nIERFQlVHPWZjYzoqIG5vZGUgLi90b29scy9zY3JpcHRzL3NlZWQvc2VlZEF1\ndGhVc2VyIiwKICAgICJzdGFydC1kZXZlbG9wIjogIm5vZGUgLi90b29scy9z\nY3JpcHRzL3N0YXJ0LWRldmVsb3AuanMiLAogICAgInByZXRlc3QiOiAibnBt\nLXJ1bi1hbGwgLXMgdGVzdDpsaW50IiwKICAgICJ0ZXN0IjogIm5wbS1ydW4t\nYWxsIC1wIHRlc3Q6KiIsCiAgICAidGVzdDpsaW50IjogImVjaG8gJ1dhcm5p\nbmc6IFRPRE8gLSBEZWZpbmUgTGludGluZyB0ZXN0cy4nIiwKICAgICJ0ZXN0\nOmNsaWVudCI6ICJjZCAuL2NsaWVudCAmJiBucG0gdGVzdCAmJiBjZCAuLi8i\nLAogICAgInRlc3Q6Y3VycmljdWx1bSI6ICJjZCAuL2N1cnJpY3VsdW0gJiYg\nbnBtIHRlc3QgJiYgY2QgLi4vIiwKICAgICJ0ZXN0OmNoYWxsZW5nZS1mb3Jt\nYXR0aW5nIjogIm5vZGUgLi90b29scy9zY3JpcHRzL2NpL2Vuc3VyZS1jaGFs\nbGVuZ2UtZm9ybWF0dGluZy5qcyIsCiAgICAidGVzdDpndWlkZS1mb3JtYXR0\naW5nIjogIm5vZGUgLi90b29scy9zY3JpcHRzL2NpL2Vuc3VyZS1ndWlkZS1m\nb3JtYXR0aW5nLmpzIiwKICAgICJ0ZXN0OnNlcnZlciI6ICJjZCAuL2FwaS1z\nZXJ2ZXIgJiYgbnBtIHRlc3QgJiYgY2QgLi4vIiwKICAgICJ0ZXN0OnRvb2xz\nIjogImplc3QgLi90b29scyIKICB9LAogICJkZXZEZXBlbmRlbmNpZXMiOiB7\nCiAgICAiY3Jvc3MtZW52IjogIl41LjIuMCIsCiAgICAiZGVidWciOiAiXjQu\nMC4xIiwKICAgICJkb3RlbnYiOiAiXjYuMC4wIiwKICAgICJlc2xpbnQtY29u\nZmlnLWZyZWVjb2RlY2FtcCI6ICJeMS4xLjEiLAogICAgImZha2VyIjogIl40\nLjEuMCIsCiAgICAiZ3JheS1tYXR0ZXIiOiAiXjQuMC4xIiwKICAgICJqZXN0\nIjogIl4yMy42LjAiLAogICAgImxlcm5hIjogIl4zLjQuMCIsCiAgICAibG9k\nYXNoIjogIl40LjE3LjExIiwKICAgICJucG0tcnVuLWFsbCI6ICJeNC4xLjUi\nLAogICAgIm9yYSI6ICJeMy4wLjAiLAogICAgInJlYWRkaXJwLXdhbGsiOiAi\nXjEuNi4wIiwKICAgICJzaG9ydGlkIjogIl4yLjIuMTQiLAogICAgInNsdWdn\nIjogIl4xLjIuMSIsCiAgICAidHJlZS1raWxsIjogIl4xLjIuMCIKICB9Cn0K\n","encoding":"base64","_links":{"self":"https://api.github.com/repos/freeCodeCamp/freeCodeCamp/contents/package.json?ref=master","git":"https://api.github.com/repos/freeCodeCamp/freeCodeCamp/git/blobs/d1913e90f88271b31926e727869b154f5dabe3cf","html":"https://github.com/freeCodeCamp/freeCodeCamp/blob/master/package.json"}} [] {"uid":"34d2f1f"}
[2019-01-29 20:40:12] slim-app.DEBUG: {"name":"package.json","path":"package.json","sha":"d1913e90f88271b31926e727869b154f5dabe3cf","size":1665,"url":"https://api.github.com/repos/freeCodeCamp/freeCodeCamp/contents/package.json?ref=master","html_url":"https://github.com/freeCodeCamp/freeCodeCamp/blob/master/package.json","git_url":"https://api.github.com/repos/freeCodeCamp/freeCodeCamp/git/blobs/d1913e90f88271b31926e727869b154f5dabe3cf","download_url":"https://raw.githubusercontent.com/freeCodeCamp/freeCodeCamp/master/package.json","type":"file","content":"ewogICJuYW1lIjogIkBmcmVlY29kZWNhbXAvZnJlZWNvZGVjYW1wIiwKICAi\ndmVyc2lvbiI6ICIwLjAuMSIsCiAgInNjcmlwdHMiOiB7CiAgICAicG9zdGlu\nc3RhbGwiOiAibnBtIHJ1biBib290c3RyYXAiLAogICAgInByZWJvb3RzdHJh\ncCI6ICJucG0gcnVuIGVuc3VyZS1lbnYiLAogICAgImJvb3RzdHJhcCI6ICJs\nZXJuYSBib290c3RyYXAiLAogICAgImNsZWFuIjogImxlcm5hIGNsZWFuIiwK\nICAgICJkZXZlbG9wIjogIm5wbS1ydW4tYWxsIC1zIGVuc3VyZS1lbnYgc3Rh\ncnQtZGV2ZWxvcCIsCiAgICAiZW5zdXJlLWVudiI6ICJjcm9zcy1lbnYgREVC\nVUc9ZmNjOiogbm9kZSAuL3Rvb2xzL3NjcmlwdHMvZW5zdXJlLWVudi5qcyIs\nCiAgICAibGludCI6ICJlY2hvICdXYXJuaW5nOiBUT0RPIC0gRGVmaW5lIExp\nbnRpbmcgd2l0aCBmaXhpbmcuJyIsCiAgICAic2VlZCI6ICJucG0tcnVuLWFs\nbCAtcCBzZWVkOioiLAogICAgInNlZWQ6Y2hhbGxlbmdlcyI6ICJjcm9zcy1l\nbnYgREVCVUc9ZmNjOiogbm9kZSAuL3Rvb2xzL3NjcmlwdHMvc2VlZC9zZWVk\nQ2hhbGxlbmdlcyIsCiAgICAic2VlZDphdXRoLXVzZXIiOiAiY3Jvc3MtZW52\nIERFQlVHPWZjYzoqIG5vZGUgLi90b29scy9zY3JpcHRzL3NlZWQvc2VlZEF1\ndGhVc2VyIiwKICAgICJzdGFydC1kZXZlbG9wIjogIm5vZGUgLi90b29scy9z\nY3JpcHRzL3N0YXJ0LWRldmVsb3AuanMiLAogICAgInByZXRlc3QiOiAibnBt\nLXJ1bi1hbGwgLXMgdGVzdDpsaW50IiwKICAgICJ0ZXN0IjogIm5wbS1ydW4t\nYWxsIC1wIHRlc3Q6KiIsCiAgICAidGVzdDpsaW50IjogImVjaG8gJ1dhcm5p\nbmc6IFRPRE8gLSBEZWZpbmUgTGludGluZyB0ZXN0cy4nIiwKICAgICJ0ZXN0\nOmNsaWVudCI6ICJjZCAuL2NsaWVudCAmJiBucG0gdGVzdCAmJiBjZCAuLi8i\nLAogICAgInRlc3Q6Y3VycmljdWx1bSI6ICJjZCAuL2N1cnJpY3VsdW0gJiYg\nbnBtIHRlc3QgJiYgY2QgLi4vIiwKICAgICJ0ZXN0OmNoYWxsZW5nZS1mb3Jt\nYXR0aW5nIjogIm5vZGUgLi90b29scy9zY3JpcHRzL2NpL2Vuc3VyZS1jaGFs\nbGVuZ2UtZm9ybWF0dGluZy5qcyIsCiAgICAidGVzdDpndWlkZS1mb3JtYXR0\naW5nIjogIm5vZGUgLi90b29scy9zY3JpcHRzL2NpL2Vuc3VyZS1ndWlkZS1m\nb3JtYXR0aW5nLmpzIiwKICAgICJ0ZXN0OnNlcnZlciI6ICJjZCAuL2FwaS1z\nZXJ2ZXIgJiYgbnBtIHRlc3QgJiYgY2QgLi4vIiwKICAgICJ0ZXN0OnRvb2xz\nIjogImplc3QgLi90b29scyIKICB9LAogICJkZXZEZXBlbmRlbmNpZXMiOiB7\nCiAgICAiY3Jvc3MtZW52IjogIl41LjIuMCIsCiAgICAiZGVidWciOiAiXjQu\nMC4xIiwKICAgICJkb3RlbnYiOiAiXjYuMC4wIiwKICAgICJlc2xpbnQtY29u\nZmlnLWZyZWVjb2RlY2FtcCI6ICJeMS4xLjEiLAogICAgImZha2VyIjogIl40\nLjEuMCIsCiAgICAiZ3JheS1tYXR0ZXIiOiAiXjQuMC4xIiwKICAgICJqZXN0\nIjogIl4yMy42LjAiLAogICAgImxlcm5hIjogIl4zLjQuMCIsCiAgICAibG9k\nYXNoIjogIl40LjE3LjExIiwKICAgICJucG0tcnVuLWFsbCI6ICJeNC4xLjUi\nLAogICAgIm9yYSI6ICJeMy4wLjAiLAogICAgInJlYWRkaXJwLXdhbGsiOiAi\nXjEuNi4wIiwKICAgICJzaG9ydGlkIjogIl4yLjIuMTQiLAogICAgInNsdWdn\nIjogIl4xLjIuMSIsCiAgICAidHJlZS1raWxsIjogIl4xLjIuMCIKICB9Cn0K\n","encoding":"base64","_links":{"self":"https://api.github.com/repos/freeCodeCamp/freeCodeCamp/contents/package.json?ref=master","git":"https://api.github.com/repos/freeCodeCamp/freeCodeCamp/git/blobs/d1913e90f88271b31926e727869b154f5dabe3cf","html":"https://github.com/freeCodeCamp/freeCodeCamp/blob/master/package.json"}} [] {"uid":"70fa879"}
[2019-01-29 20:40:12] slim-app.DEBUG: Array [] {"uid":"70fa879"}
[2019-01-29 20:40:12] slim-app.DEBUG:  [] {"uid":"70fa879"}
[2019-01-29 20:45:02] slim-app.DEBUG: {"name":"package.json","path":"package.json","sha":"d1913e90f88271b31926e727869b154f5dabe3cf","size":1665,"url":"https://api.github.com/repos/freeCodeCamp/freeCodeCamp/contents/package.json?ref=master","html_url":"https://github.com/freeCodeCamp/freeCodeCamp/blob/master/package.json","git_url":"https://api.github.com/repos/freeCodeCamp/freeCodeCamp/git/blobs/d1913e90f88271b31926e727869b154f5dabe3cf","download_url":"https://raw.githubusercontent.com/freeCodeCamp/freeCodeCamp/master/package.json","type":"file","content":"ewogICJuYW1lIjogIkBmcmVlY29kZWNhbXAvZnJlZWNvZGVjYW1wIiwKICAi\ndmVyc2lvbiI6ICIwLjAuMSIsCiAgInNjcmlwdHMiOiB7CiAgICAicG9zdGlu\nc3RhbGwiOiAibnBtIHJ1biBib290c3RyYXAiLAogICAgInByZWJvb3RzdHJh\ncCI6ICJucG0gcnVuIGVuc3VyZS1lbnYiLAogICAgImJvb3RzdHJhcCI6ICJs\nZXJuYSBib290c3RyYXAiLAogICAgImNsZWFuIjogImxlcm5hIGNsZWFuIiwK\nICAgICJkZXZlbG9wIjogIm5wbS1ydW4tYWxsIC1zIGVuc3VyZS1lbnYgc3Rh\ncnQtZGV2ZWxvcCIsCiAgICAiZW5zdXJlLWVudiI6ICJjcm9zcy1lbnYgREVC\nVUc9ZmNjOiogbm9kZSAuL3Rvb2xzL3NjcmlwdHMvZW5zdXJlLWVudi5qcyIs\nCiAgICAibGludCI6ICJlY2hvICdXYXJuaW5nOiBUT0RPIC0gRGVmaW5lIExp\nbnRpbmcgd2l0aCBmaXhpbmcuJyIsCiAgICAic2VlZCI6ICJucG0tcnVuLWFs\nbCAtcCBzZWVkOioiLAogICAgInNlZWQ6Y2hhbGxlbmdlcyI6ICJjcm9zcy1l\nbnYgREVCVUc9ZmNjOiogbm9kZSAuL3Rvb2xzL3NjcmlwdHMvc2VlZC9zZWVk\nQ2hhbGxlbmdlcyIsCiAgICAic2VlZDphdXRoLXVzZXIiOiAiY3Jvc3MtZW52\nIERFQlVHPWZjYzoqIG5vZGUgLi90b29scy9zY3JpcHRzL3NlZWQvc2VlZEF1\ndGhVc2VyIiwKICAgICJzdGFydC1kZXZlbG9wIjogIm5vZGUgLi90b29scy9z\nY3JpcHRzL3N0YXJ0LWRldmVsb3AuanMiLAogICAgInByZXRlc3QiOiAibnBt\nLXJ1bi1hbGwgLXMgdGVzdDpsaW50IiwKICAgICJ0ZXN0IjogIm5wbS1ydW4t\nYWxsIC1wIHRlc3Q6KiIsCiAgICAidGVzdDpsaW50IjogImVjaG8gJ1dhcm5p\nbmc6IFRPRE8gLSBEZWZpbmUgTGludGluZyB0ZXN0cy4nIiwKICAgICJ0ZXN0\nOmNsaWVudCI6ICJjZCAuL2NsaWVudCAmJiBucG0gdGVzdCAmJiBjZCAuLi8i\nLAogICAgInRlc3Q6Y3VycmljdWx1bSI6ICJjZCAuL2N1cnJpY3VsdW0gJiYg\nbnBtIHRlc3QgJiYgY2QgLi4vIiwKICAgICJ0ZXN0OmNoYWxsZW5nZS1mb3Jt\nYXR0aW5nIjogIm5vZGUgLi90b29scy9zY3JpcHRzL2NpL2Vuc3VyZS1jaGFs\nbGVuZ2UtZm9ybWF0dGluZy5qcyIsCiAgICAidGVzdDpndWlkZS1mb3JtYXR0\naW5nIjogIm5vZGUgLi90b29scy9zY3JpcHRzL2NpL2Vuc3VyZS1ndWlkZS1m\nb3JtYXR0aW5nLmpzIiwKICAgICJ0ZXN0OnNlcnZlciI6ICJjZCAuL2FwaS1z\nZXJ2ZXIgJiYgbnBtIHRlc3QgJiYgY2QgLi4vIiwKICAgICJ0ZXN0OnRvb2xz\nIjogImplc3QgLi90b29scyIKICB9LAogICJkZXZEZXBlbmRlbmNpZXMiOiB7\nCiAgICAiY3Jvc3MtZW52IjogIl41LjIuMCIsCiAgICAiZGVidWciOiAiXjQu\nMC4xIiwKICAgICJkb3RlbnYiOiAiXjYuMC4wIiwKICAgICJlc2xpbnQtY29u\nZmlnLWZyZWVjb2RlY2FtcCI6ICJeMS4xLjEiLAogICAgImZha2VyIjogIl40\nLjEuMCIsCiAgICAiZ3JheS1tYXR0ZXIiOiAiXjQuMC4xIiwKICAgICJqZXN0\nIjogIl4yMy42LjAiLAogICAgImxlcm5hIjogIl4zLjQuMCIsCiAgICAibG9k\nYXNoIjogIl40LjE3LjExIiwKICAgICJucG0tcnVuLWFsbCI6ICJeNC4xLjUi\nLAogICAgIm9yYSI6ICJeMy4wLjAiLAogICAgInJlYWRkaXJwLXdhbGsiOiAi\nXjEuNi4wIiwKICAgICJzaG9ydGlkIjogIl4yLjIuMTQiLAogICAgInNsdWdn\nIjogIl4xLjIuMSIsCiAgICAidHJlZS1raWxsIjogIl4xLjIuMCIKICB9Cn0K\n","encoding":"base64","_links":{"self":"https://api.github.com/repos/freeCodeCamp/freeCodeCamp/contents/package.json?ref=master","git":"https://api.github.com/repos/freeCodeCamp/freeCodeCamp/git/blobs/d1913e90f88271b31926e727869b154f5dabe3cf","html":"https://github.com/freeCodeCamp/freeCodeCamp/blob/master/package.json"}} [] {"uid":"de8d3d3"}
[2019-01-29 20:45:02] slim-app.DEBUG: Array [] {"uid":"de8d3d3"}
[2019-01-29 20:45:02] slim-app.DEBUG: {   "name": "@freecodecamp/freecodecamp",   "version": "0.0.1",   "scripts": {     "postinstall": "npm run bootstrap",     "prebootstrap": "npm run ensure-env",     "bootstrap": "lerna bootstrap",     "clean": "lerna clean",     "develop": "npm-run-all -s ensure-env start-develop",     "ensure-env": "cross-env DEBUG=fcc:* node ./tools/scripts/ensure-env.js",     "lint": "echo 'Warning: TODO - Define Linting with fixing.'",     "seed": "npm-run-all -p seed:*",     "seed:challenges": "cross-env DEBUG=fcc:* node ./tools/scripts/seed/seedChallenges",     "seed:auth-user": "cross-env DEBUG=fcc:* node ./tools/scripts/seed/seedAuthUser",     "start-develop": "node ./tools/scripts/start-develop.js",     "pretest": "npm-run-all -s test:lint",     "test": "npm-run-all -p test:*",     "test:lint": "echo 'Warning: TODO - Define Linting tests.'",     "test:client": "cd ./client && npm test && cd ../",     "test:curriculum": "cd ./curriculum && npm test && cd ../",     "test:challenge-formatting": "node ./tools/scripts/ci/ensure-challenge-formatting.js",     "test:guide-formatting": "node ./tools/scripts/ci/ensure-guide-formatting.js",     "test:server": "cd ./api-server && npm test && cd ../",     "test:tools": "jest ./tools"   },   "devDependencies": {     "cross-env": "^5.2.0",     "debug": "^4.0.1",     "dotenv": "^6.0.0",     "eslint-config-freecodecamp": "^1.1.1",     "faker": "^4.1.0",     "gray-matter": "^4.0.1",     "jest": "^23.6.0",     "lerna": "^3.4.0",     "lodash": "^4.17.11",     "npm-run-all": "^4.1.5",     "ora": "^3.0.0",     "readdirp-walk": "^1.6.0",     "shortid": "^2.2.14",     "slugg": "^1.2.1",     "tree-kill": "^1.2.0"   } }  [] {"uid":"de8d3d3"}
[2019-01-29 20:45:02] slim-app.DEBUG: {   "name": "@freecodecamp/freecodecamp",   "version": "0.0.1",   "scripts": {     "postinstall": "npm run bootstrap",     "prebootstrap": "npm run ensure-env",     "bootstrap": "lerna bootstrap",     "clean": "lerna clean",     "develop": "npm-run-all -s ensure-env start-develop",     "ensure-env": "cross-env DEBUG=fcc:* node ./tools/scripts/ensure-env.js",     "lint": "echo 'Warning: TODO - Define Linting with fixing.'",     "seed": "npm-run-all -p seed:*",     "seed:challenges": "cross-env DEBUG=fcc:* node ./tools/scripts/seed/seedChallenges",     "seed:auth-user": "cross-env DEBUG=fcc:* node ./tools/scripts/seed/seedAuthUser",     "start-develop": "node ./tools/scripts/start-develop.js",     "pretest": "npm-run-all -s test:lint",     "test": "npm-run-all -p test:*",     "test:lint": "echo 'Warning: TODO - Define Linting tests.'",     "test:client": "cd ./client && npm test && cd ../",     "test:curriculum": "cd ./curriculum && npm test && cd ../",     "test:challenge-formatting": "node ./tools/scripts/ci/ensure-challenge-formatting.js",     "test:guide-formatting": "node ./tools/scripts/ci/ensure-guide-formatting.js",     "test:server": "cd ./api-server && npm test && cd ../",     "test:tools": "jest ./tools"   },   "devDependencies": {     "cross-env": "^5.2.0",     "debug": "^4.0.1",     "dotenv": "^6.0.0",     "eslint-config-freecodecamp": "^1.1.1",     "faker": "^4.1.0",     "gray-matter": "^4.0.1",     "jest": "^23.6.0",     "lerna": "^3.4.0",     "lodash": "^4.17.11",     "npm-run-all": "^4.1.5",     "ora": "^3.0.0",     "readdirp-walk": "^1.6.0",     "shortid": "^2.2.14",     "slugg": "^1.2.1",     "tree-kill": "^1.2.0"   } }  [] {"uid":"de8d3d3"}
[2019-01-29 20:46:32] slim-app.DEBUG: {"name":"package.json","path":"package.json","sha":"d1913e90f88271b31926e727869b154f5dabe3cf","size":1665,"url":"https://api.github.com/repos/freeCodeCamp/freeCodeCamp/contents/package.json?ref=master","html_url":"https://github.com/freeCodeCamp/freeCodeCamp/blob/master/package.json","git_url":"https://api.github.com/repos/freeCodeCamp/freeCodeCamp/git/blobs/d1913e90f88271b31926e727869b154f5dabe3cf","download_url":"https://raw.githubusercontent.com/freeCodeCamp/freeCodeCamp/master/package.json","type":"file","content":"ewogICJuYW1lIjogIkBmcmVlY29kZWNhbXAvZnJlZWNvZGVjYW1wIiwKICAi\ndmVyc2lvbiI6ICIwLjAuMSIsCiAgInNjcmlwdHMiOiB7CiAgICAicG9zdGlu\nc3RhbGwiOiAibnBtIHJ1biBib290c3RyYXAiLAogICAgInByZWJvb3RzdHJh\ncCI6ICJucG0gcnVuIGVuc3VyZS1lbnYiLAogICAgImJvb3RzdHJhcCI6ICJs\nZXJuYSBib290c3RyYXAiLAogICAgImNsZWFuIjogImxlcm5hIGNsZWFuIiwK\nICAgICJkZXZlbG9wIjogIm5wbS1ydW4tYWxsIC1zIGVuc3VyZS1lbnYgc3Rh\ncnQtZGV2ZWxvcCIsCiAgICAiZW5zdXJlLWVudiI6ICJjcm9zcy1lbnYgREVC\nVUc9ZmNjOiogbm9kZSAuL3Rvb2xzL3NjcmlwdHMvZW5zdXJlLWVudi5qcyIs\nCiAgICAibGludCI6ICJlY2hvICdXYXJuaW5nOiBUT0RPIC0gRGVmaW5lIExp\nbnRpbmcgd2l0aCBmaXhpbmcuJyIsCiAgICAic2VlZCI6ICJucG0tcnVuLWFs\nbCAtcCBzZWVkOioiLAogICAgInNlZWQ6Y2hhbGxlbmdlcyI6ICJjcm9zcy1l\nbnYgREVCVUc9ZmNjOiogbm9kZSAuL3Rvb2xzL3NjcmlwdHMvc2VlZC9zZWVk\nQ2hhbGxlbmdlcyIsCiAgICAic2VlZDphdXRoLXVzZXIiOiAiY3Jvc3MtZW52\nIERFQlVHPWZjYzoqIG5vZGUgLi90b29scy9zY3JpcHRzL3NlZWQvc2VlZEF1\ndGhVc2VyIiwKICAgICJzdGFydC1kZXZlbG9wIjogIm5vZGUgLi90b29scy9z\nY3JpcHRzL3N0YXJ0LWRldmVsb3AuanMiLAogICAgInByZXRlc3QiOiAibnBt\nLXJ1bi1hbGwgLXMgdGVzdDpsaW50IiwKICAgICJ0ZXN0IjogIm5wbS1ydW4t\nYWxsIC1wIHRlc3Q6KiIsCiAgICAidGVzdDpsaW50IjogImVjaG8gJ1dhcm5p\nbmc6IFRPRE8gLSBEZWZpbmUgTGludGluZyB0ZXN0cy4nIiwKICAgICJ0ZXN0\nOmNsaWVudCI6ICJjZCAuL2NsaWVudCAmJiBucG0gdGVzdCAmJiBjZCAuLi8i\nLAogICAgInRlc3Q6Y3VycmljdWx1bSI6ICJjZCAuL2N1cnJpY3VsdW0gJiYg\nbnBtIHRlc3QgJiYgY2QgLi4vIiwKICAgICJ0ZXN0OmNoYWxsZW5nZS1mb3Jt\nYXR0aW5nIjogIm5vZGUgLi90b29scy9zY3JpcHRzL2NpL2Vuc3VyZS1jaGFs\nbGVuZ2UtZm9ybWF0dGluZy5qcyIsCiAgICAidGVzdDpndWlkZS1mb3JtYXR0\naW5nIjogIm5vZGUgLi90b29scy9zY3JpcHRzL2NpL2Vuc3VyZS1ndWlkZS1m\nb3JtYXR0aW5nLmpzIiwKICAgICJ0ZXN0OnNlcnZlciI6ICJjZCAuL2FwaS1z\nZXJ2ZXIgJiYgbnBtIHRlc3QgJiYgY2QgLi4vIiwKICAgICJ0ZXN0OnRvb2xz\nIjogImplc3QgLi90b29scyIKICB9LAogICJkZXZEZXBlbmRlbmNpZXMiOiB7\nCiAgICAiY3Jvc3MtZW52IjogIl41LjIuMCIsCiAgICAiZGVidWciOiAiXjQu\nMC4xIiwKICAgICJkb3RlbnYiOiAiXjYuMC4wIiwKICAgICJlc2xpbnQtY29u\nZmlnLWZyZWVjb2RlY2FtcCI6ICJeMS4xLjEiLAogICAgImZha2VyIjogIl40\nLjEuMCIsCiAgICAiZ3JheS1tYXR0ZXIiOiAiXjQuMC4xIiwKICAgICJqZXN0\nIjogIl4yMy42LjAiLAogICAgImxlcm5hIjogIl4zLjQuMCIsCiAgICAibG9k\nYXNoIjogIl40LjE3LjExIiwKICAgICJucG0tcnVuLWFsbCI6ICJeNC4xLjUi\nLAogICAgIm9yYSI6ICJeMy4wLjAiLAogICAgInJlYWRkaXJwLXdhbGsiOiAi\nXjEuNi4wIiwKICAgICJzaG9ydGlkIjogIl4yLjIuMTQiLAogICAgInNsdWdn\nIjogIl4xLjIuMSIsCiAgICAidHJlZS1raWxsIjogIl4xLjIuMCIKICB9Cn0K\n","encoding":"base64","_links":{"self":"https://api.github.com/repos/freeCodeCamp/freeCodeCamp/contents/package.json?ref=master","git":"https://api.github.com/repos/freeCodeCamp/freeCodeCamp/git/blobs/d1913e90f88271b31926e727869b154f5dabe3cf","html":"https://github.com/freeCodeCamp/freeCodeCamp/blob/master/package.json"}} [] {"uid":"fa6f433"}
[2019-01-29 20:46:32] slim-app.INFO: Array [] {"uid":"fa6f433"}
[2019-01-29 20:46:32] slim-app.WARNING: {   "name": "@freecodecamp/freecodecamp",   "version": "0.0.1",   "scripts": {     "postinstall": "npm run bootstrap",     "prebootstrap": "npm run ensure-env",     "bootstrap": "lerna bootstrap",     "clean": "lerna clean",     "develop": "npm-run-all -s ensure-env start-develop",     "ensure-env": "cross-env DEBUG=fcc:* node ./tools/scripts/ensure-env.js",     "lint": "echo 'Warning: TODO - Define Linting with fixing.'",     "seed": "npm-run-all -p seed:*",     "seed:challenges": "cross-env DEBUG=fcc:* node ./tools/scripts/seed/seedChallenges",     "seed:auth-user": "cross-env DEBUG=fcc:* node ./tools/scripts/seed/seedAuthUser",     "start-develop": "node ./tools/scripts/start-develop.js",     "pretest": "npm-run-all -s test:lint",     "test": "npm-run-all -p test:*",     "test:lint": "echo 'Warning: TODO - Define Linting tests.'",     "test:client": "cd ./client && npm test && cd ../",     "test:curriculum": "cd ./curriculum && npm test && cd ../",     "test:challenge-formatting": "node ./tools/scripts/ci/ensure-challenge-formatting.js",     "test:guide-formatting": "node ./tools/scripts/ci/ensure-guide-formatting.js",     "test:server": "cd ./api-server && npm test && cd ../",     "test:tools": "jest ./tools"   },   "devDependencies": {     "cross-env": "^5.2.0",     "debug": "^4.0.1",     "dotenv": "^6.0.0",     "eslint-config-freecodecamp": "^1.1.1",     "faker": "^4.1.0",     "gray-matter": "^4.0.1",     "jest": "^23.6.0",     "lerna": "^3.4.0",     "lodash": "^4.17.11",     "npm-run-all": "^4.1.5",     "ora": "^3.0.0",     "readdirp-walk": "^1.6.0",     "shortid": "^2.2.14",     "slugg": "^1.2.1",     "tree-kill": "^1.2.0"   } }  [] {"uid":"fa6f433"}
[2019-01-29 20:46:32] slim-app.DEBUG: {   "name": "@freecodecamp/freecodecamp",   "version": "0.0.1",   "scripts": {     "postinstall": "npm run bootstrap",     "prebootstrap": "npm run ensure-env",     "bootstrap": "lerna bootstrap",     "clean": "lerna clean",     "develop": "npm-run-all -s ensure-env start-develop",     "ensure-env": "cross-env DEBUG=fcc:* node ./tools/scripts/ensure-env.js",     "lint": "echo 'Warning: TODO - Define Linting with fixing.'",     "seed": "npm-run-all -p seed:*",     "seed:challenges": "cross-env DEBUG=fcc:* node ./tools/scripts/seed/seedChallenges",     "seed:auth-user": "cross-env DEBUG=fcc:* node ./tools/scripts/seed/seedAuthUser",     "start-develop": "node ./tools/scripts/start-develop.js",     "pretest": "npm-run-all -s test:lint",     "test": "npm-run-all -p test:*",     "test:lint": "echo 'Warning: TODO - Define Linting tests.'",     "test:client": "cd ./client && npm test && cd ../",     "test:curriculum": "cd ./curriculum && npm test && cd ../",     "test:challenge-formatting": "node ./tools/scripts/ci/ensure-challenge-formatting.js",     "test:guide-formatting": "node ./tools/scripts/ci/ensure-guide-formatting.js",     "test:server": "cd ./api-server && npm test && cd ../",     "test:tools": "jest ./tools"   },   "devDependencies": {     "cross-env": "^5.2.0",     "debug": "^4.0.1",     "dotenv": "^6.0.0",     "eslint-config-freecodecamp": "^1.1.1",     "faker": "^4.1.0",     "gray-matter": "^4.0.1",     "jest": "^23.6.0",     "lerna": "^3.4.0",     "lodash": "^4.17.11",     "npm-run-all": "^4.1.5",     "ora": "^3.0.0",     "readdirp-walk": "^1.6.0",     "shortid": "^2.2.14",     "slugg": "^1.2.1",     "tree-kill": "^1.2.0"   } }  [] {"uid":"fa6f433"}
[2019-01-29 20:51:47] slim-app.DEBUG: {"name":"package.json","path":"package.json","sha":"d1913e90f88271b31926e727869b154f5dabe3cf","size":1665,"url":"https://api.github.com/repos/freeCodeCamp/freeCodeCamp/contents/package.json?ref=master","html_url":"https://github.com/freeCodeCamp/freeCodeCamp/blob/master/package.json","git_url":"https://api.github.com/repos/freeCodeCamp/freeCodeCamp/git/blobs/d1913e90f88271b31926e727869b154f5dabe3cf","download_url":"https://raw.githubusercontent.com/freeCodeCamp/freeCodeCamp/master/package.json","type":"file","content":"ewogICJuYW1lIjogIkBmcmVlY29kZWNhbXAvZnJlZWNvZGVjYW1wIiwKICAi\ndmVyc2lvbiI6ICIwLjAuMSIsCiAgInNjcmlwdHMiOiB7CiAgICAicG9zdGlu\nc3RhbGwiOiAibnBtIHJ1biBib290c3RyYXAiLAogICAgInByZWJvb3RzdHJh\ncCI6ICJucG0gcnVuIGVuc3VyZS1lbnYiLAogICAgImJvb3RzdHJhcCI6ICJs\nZXJuYSBib290c3RyYXAiLAogICAgImNsZWFuIjogImxlcm5hIGNsZWFuIiwK\nICAgICJkZXZlbG9wIjogIm5wbS1ydW4tYWxsIC1zIGVuc3VyZS1lbnYgc3Rh\ncnQtZGV2ZWxvcCIsCiAgICAiZW5zdXJlLWVudiI6ICJjcm9zcy1lbnYgREVC\nVUc9ZmNjOiogbm9kZSAuL3Rvb2xzL3NjcmlwdHMvZW5zdXJlLWVudi5qcyIs\nCiAgICAibGludCI6ICJlY2hvICdXYXJuaW5nOiBUT0RPIC0gRGVmaW5lIExp\nbnRpbmcgd2l0aCBmaXhpbmcuJyIsCiAgICAic2VlZCI6ICJucG0tcnVuLWFs\nbCAtcCBzZWVkOioiLAogICAgInNlZWQ6Y2hhbGxlbmdlcyI6ICJjcm9zcy1l\nbnYgREVCVUc9ZmNjOiogbm9kZSAuL3Rvb2xzL3NjcmlwdHMvc2VlZC9zZWVk\nQ2hhbGxlbmdlcyIsCiAgICAic2VlZDphdXRoLXVzZXIiOiAiY3Jvc3MtZW52\nIERFQlVHPWZjYzoqIG5vZGUgLi90b29scy9zY3JpcHRzL3NlZWQvc2VlZEF1\ndGhVc2VyIiwKICAgICJzdGFydC1kZXZlbG9wIjogIm5vZGUgLi90b29scy9z\nY3JpcHRzL3N0YXJ0LWRldmVsb3AuanMiLAogICAgInByZXRlc3QiOiAibnBt\nLXJ1bi1hbGwgLXMgdGVzdDpsaW50IiwKICAgICJ0ZXN0IjogIm5wbS1ydW4t\nYWxsIC1wIHRlc3Q6KiIsCiAgICAidGVzdDpsaW50IjogImVjaG8gJ1dhcm5p\nbmc6IFRPRE8gLSBEZWZpbmUgTGludGluZyB0ZXN0cy4nIiwKICAgICJ0ZXN0\nOmNsaWVudCI6ICJjZCAuL2NsaWVudCAmJiBucG0gdGVzdCAmJiBjZCAuLi8i\nLAogICAgInRlc3Q6Y3VycmljdWx1bSI6ICJjZCAuL2N1cnJpY3VsdW0gJiYg\nbnBtIHRlc3QgJiYgY2QgLi4vIiwKICAgICJ0ZXN0OmNoYWxsZW5nZS1mb3Jt\nYXR0aW5nIjogIm5vZGUgLi90b29scy9zY3JpcHRzL2NpL2Vuc3VyZS1jaGFs\nbGVuZ2UtZm9ybWF0dGluZy5qcyIsCiAgICAidGVzdDpndWlkZS1mb3JtYXR0\naW5nIjogIm5vZGUgLi90b29scy9zY3JpcHRzL2NpL2Vuc3VyZS1ndWlkZS1m\nb3JtYXR0aW5nLmpzIiwKICAgICJ0ZXN0OnNlcnZlciI6ICJjZCAuL2FwaS1z\nZXJ2ZXIgJiYgbnBtIHRlc3QgJiYgY2QgLi4vIiwKICAgICJ0ZXN0OnRvb2xz\nIjogImplc3QgLi90b29scyIKICB9LAogICJkZXZEZXBlbmRlbmNpZXMiOiB7\nCiAgICAiY3Jvc3MtZW52IjogIl41LjIuMCIsCiAgICAiZGVidWciOiAiXjQu\nMC4xIiwKICAgICJkb3RlbnYiOiAiXjYuMC4wIiwKICAgICJlc2xpbnQtY29u\nZmlnLWZyZWVjb2RlY2FtcCI6ICJeMS4xLjEiLAogICAgImZha2VyIjogIl40\nLjEuMCIsCiAgICAiZ3JheS1tYXR0ZXIiOiAiXjQuMC4xIiwKICAgICJqZXN0\nIjogIl4yMy42LjAiLAogICAgImxlcm5hIjogIl4zLjQuMCIsCiAgICAibG9k\nYXNoIjogIl40LjE3LjExIiwKICAgICJucG0tcnVuLWFsbCI6ICJeNC4xLjUi\nLAogICAgIm9yYSI6ICJeMy4wLjAiLAogICAgInJlYWRkaXJwLXdhbGsiOiAi\nXjEuNi4wIiwKICAgICJzaG9ydGlkIjogIl4yLjIuMTQiLAogICAgInNsdWdn\nIjogIl4xLjIuMSIsCiAgICAidHJlZS1raWxsIjogIl4xLjIuMCIKICB9Cn0K\n","encoding":"base64","_links":{"self":"https://api.github.com/repos/freeCodeCamp/freeCodeCamp/contents/package.json?ref=master","git":"https://api.github.com/repos/freeCodeCamp/freeCodeCamp/git/blobs/d1913e90f88271b31926e727869b154f5dabe3cf","html":"https://github.com/freeCodeCamp/freeCodeCamp/blob/master/package.json"}} [] {"uid":"b570755"}
[2019-01-29 20:51:47] slim-app.INFO: Array [] {"uid":"b570755"}
[2019-01-29 20:51:47] slim-app.WARNING: {   "name": "@freecodecamp/freecodecamp",   "version": "0.0.1",   "scripts": {     "postinstall": "npm run bootstrap",     "prebootstrap": "npm run ensure-env",     "bootstrap": "lerna bootstrap",     "clean": "lerna clean",     "develop": "npm-run-all -s ensure-env start-develop",     "ensure-env": "cross-env DEBUG=fcc:* node ./tools/scripts/ensure-env.js",     "lint": "echo 'Warning: TODO - Define Linting with fixing.'",     "seed": "npm-run-all -p seed:*",     "seed:challenges": "cross-env DEBUG=fcc:* node ./tools/scripts/seed/seedChallenges",     "seed:auth-user": "cross-env DEBUG=fcc:* node ./tools/scripts/seed/seedAuthUser",     "start-develop": "node ./tools/scripts/start-develop.js",     "pretest": "npm-run-all -s test:lint",     "test": "npm-run-all -p test:*",     "test:lint": "echo 'Warning: TODO - Define Linting tests.'",     "test:client": "cd ./client && npm test && cd ../",     "test:curriculum": "cd ./curriculum && npm test && cd ../",     "test:challenge-formatting": "node ./tools/scripts/ci/ensure-challenge-formatting.js",     "test:guide-formatting": "node ./tools/scripts/ci/ensure-guide-formatting.js",     "test:server": "cd ./api-server && npm test && cd ../",     "test:tools": "jest ./tools"   },   "devDependencies": {     "cross-env": "^5.2.0",     "debug": "^4.0.1",     "dotenv": "^6.0.0",     "eslint-config-freecodecamp": "^1.1.1",     "faker": "^4.1.0",     "gray-matter": "^4.0.1",     "jest": "^23.6.0",     "lerna": "^3.4.0",     "lodash": "^4.17.11",     "npm-run-all": "^4.1.5",     "ora": "^3.0.0",     "readdirp-walk": "^1.6.0",     "shortid": "^2.2.14",     "slugg": "^1.2.1",     "tree-kill": "^1.2.0"   } }  [] {"uid":"b570755"}
[2019-01-29 20:51:47] slim-app.DEBUG: {   "name": "@freecodecamp/freecodecamp",   "version": "0.0.1",   "scripts": {     "postinstall": "npm run bootstrap",     "prebootstrap": "npm run ensure-env",     "bootstrap": "lerna bootstrap",     "clean": "lerna clean",     "develop": "npm-run-all -s ensure-env start-develop",     "ensure-env": "cross-env DEBUG=fcc:* node ./tools/scripts/ensure-env.js",     "lint": "echo 'Warning: TODO - Define Linting with fixing.'",     "seed": "npm-run-all -p seed:*",     "seed:challenges": "cross-env DEBUG=fcc:* node ./tools/scripts/seed/seedChallenges",     "seed:auth-user": "cross-env DEBUG=fcc:* node ./tools/scripts/seed/seedAuthUser",     "start-develop": "node ./tools/scripts/start-develop.js",     "pretest": "npm-run-all -s test:lint",     "test": "npm-run-all -p test:*",     "test:lint": "echo 'Warning: TODO - Define Linting tests.'",     "test:client": "cd ./client && npm test && cd ../",     "test:curriculum": "cd ./curriculum && npm test && cd ../",     "test:challenge-formatting": "node ./tools/scripts/ci/ensure-challenge-formatting.js",     "test:guide-formatting": "node ./tools/scripts/ci/ensure-guide-formatting.js",     "test:server": "cd ./api-server && npm test && cd ../",     "test:tools": "jest ./tools"   },   "devDependencies": {     "cross-env": "^5.2.0",     "debug": "^4.0.1",     "dotenv": "^6.0.0",     "eslint-config-freecodecamp": "^1.1.1",     "faker": "^4.1.0",     "gray-matter": "^4.0.1",     "jest": "^23.6.0",     "lerna": "^3.4.0",     "lodash": "^4.17.11",     "npm-run-all": "^4.1.5",     "ora": "^3.0.0",     "readdirp-walk": "^1.6.0",     "shortid": "^2.2.14",     "slugg": "^1.2.1",     "tree-kill": "^1.2.0"   } }  [] {"uid":"b570755"}
[2019-01-29 20:55:42] slim-app.DEBUG: {"name":"package.json","path":"package.json","sha":"d1913e90f88271b31926e727869b154f5dabe3cf","size":1665,"url":"https://api.github.com/repos/freeCodeCamp/freeCodeCamp/contents/package.json?ref=master","html_url":"https://github.com/freeCodeCamp/freeCodeCamp/blob/master/package.json","git_url":"https://api.github.com/repos/freeCodeCamp/freeCodeCamp/git/blobs/d1913e90f88271b31926e727869b154f5dabe3cf","download_url":"https://raw.githubusercontent.com/freeCodeCamp/freeCodeCamp/master/package.json","type":"file","content":"ewogICJuYW1lIjogIkBmcmVlY29kZWNhbXAvZnJlZWNvZGVjYW1wIiwKICAi\ndmVyc2lvbiI6ICIwLjAuMSIsCiAgInNjcmlwdHMiOiB7CiAgICAicG9zdGlu\nc3RhbGwiOiAibnBtIHJ1biBib290c3RyYXAiLAogICAgInByZWJvb3RzdHJh\ncCI6ICJucG0gcnVuIGVuc3VyZS1lbnYiLAogICAgImJvb3RzdHJhcCI6ICJs\nZXJuYSBib290c3RyYXAiLAogICAgImNsZWFuIjogImxlcm5hIGNsZWFuIiwK\nICAgICJkZXZlbG9wIjogIm5wbS1ydW4tYWxsIC1zIGVuc3VyZS1lbnYgc3Rh\ncnQtZGV2ZWxvcCIsCiAgICAiZW5zdXJlLWVudiI6ICJjcm9zcy1lbnYgREVC\nVUc9ZmNjOiogbm9kZSAuL3Rvb2xzL3NjcmlwdHMvZW5zdXJlLWVudi5qcyIs\nCiAgICAibGludCI6ICJlY2hvICdXYXJuaW5nOiBUT0RPIC0gRGVmaW5lIExp\nbnRpbmcgd2l0aCBmaXhpbmcuJyIsCiAgICAic2VlZCI6ICJucG0tcnVuLWFs\nbCAtcCBzZWVkOioiLAogICAgInNlZWQ6Y2hhbGxlbmdlcyI6ICJjcm9zcy1l\nbnYgREVCVUc9ZmNjOiogbm9kZSAuL3Rvb2xzL3NjcmlwdHMvc2VlZC9zZWVk\nQ2hhbGxlbmdlcyIsCiAgICAic2VlZDphdXRoLXVzZXIiOiAiY3Jvc3MtZW52\nIERFQlVHPWZjYzoqIG5vZGUgLi90b29scy9zY3JpcHRzL3NlZWQvc2VlZEF1\ndGhVc2VyIiwKICAgICJzdGFydC1kZXZlbG9wIjogIm5vZGUgLi90b29scy9z\nY3JpcHRzL3N0YXJ0LWRldmVsb3AuanMiLAogICAgInByZXRlc3QiOiAibnBt\nLXJ1bi1hbGwgLXMgdGVzdDpsaW50IiwKICAgICJ0ZXN0IjogIm5wbS1ydW4t\nYWxsIC1wIHRlc3Q6KiIsCiAgICAidGVzdDpsaW50IjogImVjaG8gJ1dhcm5p\nbmc6IFRPRE8gLSBEZWZpbmUgTGludGluZyB0ZXN0cy4nIiwKICAgICJ0ZXN0\nOmNsaWVudCI6ICJjZCAuL2NsaWVudCAmJiBucG0gdGVzdCAmJiBjZCAuLi8i\nLAogICAgInRlc3Q6Y3VycmljdWx1bSI6ICJjZCAuL2N1cnJpY3VsdW0gJiYg\nbnBtIHRlc3QgJiYgY2QgLi4vIiwKICAgICJ0ZXN0OmNoYWxsZW5nZS1mb3Jt\nYXR0aW5nIjogIm5vZGUgLi90b29scy9zY3JpcHRzL2NpL2Vuc3VyZS1jaGFs\nbGVuZ2UtZm9ybWF0dGluZy5qcyIsCiAgICAidGVzdDpndWlkZS1mb3JtYXR0\naW5nIjogIm5vZGUgLi90b29scy9zY3JpcHRzL2NpL2Vuc3VyZS1ndWlkZS1m\nb3JtYXR0aW5nLmpzIiwKICAgICJ0ZXN0OnNlcnZlciI6ICJjZCAuL2FwaS1z\nZXJ2ZXIgJiYgbnBtIHRlc3QgJiYgY2QgLi4vIiwKICAgICJ0ZXN0OnRvb2xz\nIjogImplc3QgLi90b29scyIKICB9LAogICJkZXZEZXBlbmRlbmNpZXMiOiB7\nCiAgICAiY3Jvc3MtZW52IjogIl41LjIuMCIsCiAgICAiZGVidWciOiAiXjQu\nMC4xIiwKICAgICJkb3RlbnYiOiAiXjYuMC4wIiwKICAgICJlc2xpbnQtY29u\nZmlnLWZyZWVjb2RlY2FtcCI6ICJeMS4xLjEiLAogICAgImZha2VyIjogIl40\nLjEuMCIsCiAgICAiZ3JheS1tYXR0ZXIiOiAiXjQuMC4xIiwKICAgICJqZXN0\nIjogIl4yMy42LjAiLAogICAgImxlcm5hIjogIl4zLjQuMCIsCiAgICAibG9k\nYXNoIjogIl40LjE3LjExIiwKICAgICJucG0tcnVuLWFsbCI6ICJeNC4xLjUi\nLAogICAgIm9yYSI6ICJeMy4wLjAiLAogICAgInJlYWRkaXJwLXdhbGsiOiAi\nXjEuNi4wIiwKICAgICJzaG9ydGlkIjogIl4yLjIuMTQiLAogICAgInNsdWdn\nIjogIl4xLjIuMSIsCiAgICAidHJlZS1raWxsIjogIl4xLjIuMCIKICB9Cn0K\n","encoding":"base64","_links":{"self":"https://api.github.com/repos/freeCodeCamp/freeCodeCamp/contents/package.json?ref=master","git":"https://api.github.com/repos/freeCodeCamp/freeCodeCamp/git/blobs/d1913e90f88271b31926e727869b154f5dabe3cf","html":"https://github.com/freeCodeCamp/freeCodeCamp/blob/master/package.json"}} [] {"uid":"e439e09"}
[2019-01-29 20:55:42] slim-app.INFO: Array [] {"uid":"e439e09"}
[2019-01-29 20:55:42] slim-app.WARNING: Array [] {"uid":"e439e09"}
[2019-01-29 20:55:42] slim-app.DEBUG: {   "name": "@freecodecamp/freecodecamp",   "version": "0.0.1",   "scripts": {     "postinstall": "npm run bootstrap",     "prebootstrap": "npm run ensure-env",     "bootstrap": "lerna bootstrap",     "clean": "lerna clean",     "develop": "npm-run-all -s ensure-env start-develop",     "ensure-env": "cross-env DEBUG=fcc:* node ./tools/scripts/ensure-env.js",     "lint": "echo 'Warning: TODO - Define Linting with fixing.'",     "seed": "npm-run-all -p seed:*",     "seed:challenges": "cross-env DEBUG=fcc:* node ./tools/scripts/seed/seedChallenges",     "seed:auth-user": "cross-env DEBUG=fcc:* node ./tools/scripts/seed/seedAuthUser",     "start-develop": "node ./tools/scripts/start-develop.js",     "pretest": "npm-run-all -s test:lint",     "test": "npm-run-all -p test:*",     "test:lint": "echo 'Warning: TODO - Define Linting tests.'",     "test:client": "cd ./client && npm test && cd ../",     "test:curriculum": "cd ./curriculum && npm test && cd ../",     "test:challenge-formatting": "node ./tools/scripts/ci/ensure-challenge-formatting.js",     "test:guide-formatting": "node ./tools/scripts/ci/ensure-guide-formatting.js",     "test:server": "cd ./api-server && npm test && cd ../",     "test:tools": "jest ./tools"   },   "devDependencies": {     "cross-env": "^5.2.0",     "debug": "^4.0.1",     "dotenv": "^6.0.0",     "eslint-config-freecodecamp": "^1.1.1",     "faker": "^4.1.0",     "gray-matter": "^4.0.1",     "jest": "^23.6.0",     "lerna": "^3.4.0",     "lodash": "^4.17.11",     "npm-run-all": "^4.1.5",     "ora": "^3.0.0",     "readdirp-walk": "^1.6.0",     "shortid": "^2.2.14",     "slugg": "^1.2.1",     "tree-kill": "^1.2.0"   } }  [] {"uid":"e439e09"}
[2019-01-29 20:55:50] slim-app.DEBUG: {"name":"package.json","path":"package.json","sha":"d1913e90f88271b31926e727869b154f5dabe3cf","size":1665,"url":"https://api.github.com/repos/freeCodeCamp/freeCodeCamp/contents/package.json?ref=master","html_url":"https://github.com/freeCodeCamp/freeCodeCamp/blob/master/package.json","git_url":"https://api.github.com/repos/freeCodeCamp/freeCodeCamp/git/blobs/d1913e90f88271b31926e727869b154f5dabe3cf","download_url":"https://raw.githubusercontent.com/freeCodeCamp/freeCodeCamp/master/package.json","type":"file","content":"ewogICJuYW1lIjogIkBmcmVlY29kZWNhbXAvZnJlZWNvZGVjYW1wIiwKICAi\ndmVyc2lvbiI6ICIwLjAuMSIsCiAgInNjcmlwdHMiOiB7CiAgICAicG9zdGlu\nc3RhbGwiOiAibnBtIHJ1biBib290c3RyYXAiLAogICAgInByZWJvb3RzdHJh\ncCI6ICJucG0gcnVuIGVuc3VyZS1lbnYiLAogICAgImJvb3RzdHJhcCI6ICJs\nZXJuYSBib290c3RyYXAiLAogICAgImNsZWFuIjogImxlcm5hIGNsZWFuIiwK\nICAgICJkZXZlbG9wIjogIm5wbS1ydW4tYWxsIC1zIGVuc3VyZS1lbnYgc3Rh\ncnQtZGV2ZWxvcCIsCiAgICAiZW5zdXJlLWVudiI6ICJjcm9zcy1lbnYgREVC\nVUc9ZmNjOiogbm9kZSAuL3Rvb2xzL3NjcmlwdHMvZW5zdXJlLWVudi5qcyIs\nCiAgICAibGludCI6ICJlY2hvICdXYXJuaW5nOiBUT0RPIC0gRGVmaW5lIExp\nbnRpbmcgd2l0aCBmaXhpbmcuJyIsCiAgICAic2VlZCI6ICJucG0tcnVuLWFs\nbCAtcCBzZWVkOioiLAogICAgInNlZWQ6Y2hhbGxlbmdlcyI6ICJjcm9zcy1l\nbnYgREVCVUc9ZmNjOiogbm9kZSAuL3Rvb2xzL3NjcmlwdHMvc2VlZC9zZWVk\nQ2hhbGxlbmdlcyIsCiAgICAic2VlZDphdXRoLXVzZXIiOiAiY3Jvc3MtZW52\nIERFQlVHPWZjYzoqIG5vZGUgLi90b29scy9zY3JpcHRzL3NlZWQvc2VlZEF1\ndGhVc2VyIiwKICAgICJzdGFydC1kZXZlbG9wIjogIm5vZGUgLi90b29scy9z\nY3JpcHRzL3N0YXJ0LWRldmVsb3AuanMiLAogICAgInByZXRlc3QiOiAibnBt\nLXJ1bi1hbGwgLXMgdGVzdDpsaW50IiwKICAgICJ0ZXN0IjogIm5wbS1ydW4t\nYWxsIC1wIHRlc3Q6KiIsCiAgICAidGVzdDpsaW50IjogImVjaG8gJ1dhcm5p\nbmc6IFRPRE8gLSBEZWZpbmUgTGludGluZyB0ZXN0cy4nIiwKICAgICJ0ZXN0\nOmNsaWVudCI6ICJjZCAuL2NsaWVudCAmJiBucG0gdGVzdCAmJiBjZCAuLi8i\nLAogICAgInRlc3Q6Y3VycmljdWx1bSI6ICJjZCAuL2N1cnJpY3VsdW0gJiYg\nbnBtIHRlc3QgJiYgY2QgLi4vIiwKICAgICJ0ZXN0OmNoYWxsZW5nZS1mb3Jt\nYXR0aW5nIjogIm5vZGUgLi90b29scy9zY3JpcHRzL2NpL2Vuc3VyZS1jaGFs\nbGVuZ2UtZm9ybWF0dGluZy5qcyIsCiAgICAidGVzdDpndWlkZS1mb3JtYXR0\naW5nIjogIm5vZGUgLi90b29scy9zY3JpcHRzL2NpL2Vuc3VyZS1ndWlkZS1m\nb3JtYXR0aW5nLmpzIiwKICAgICJ0ZXN0OnNlcnZlciI6ICJjZCAuL2FwaS1z\nZXJ2ZXIgJiYgbnBtIHRlc3QgJiYgY2QgLi4vIiwKICAgICJ0ZXN0OnRvb2xz\nIjogImplc3QgLi90b29scyIKICB9LAogICJkZXZEZXBlbmRlbmNpZXMiOiB7\nCiAgICAiY3Jvc3MtZW52IjogIl41LjIuMCIsCiAgICAiZGVidWciOiAiXjQu\nMC4xIiwKICAgICJkb3RlbnYiOiAiXjYuMC4wIiwKICAgICJlc2xpbnQtY29u\nZmlnLWZyZWVjb2RlY2FtcCI6ICJeMS4xLjEiLAogICAgImZha2VyIjogIl40\nLjEuMCIsCiAgICAiZ3JheS1tYXR0ZXIiOiAiXjQuMC4xIiwKICAgICJqZXN0\nIjogIl4yMy42LjAiLAogICAgImxlcm5hIjogIl4zLjQuMCIsCiAgICAibG9k\nYXNoIjogIl40LjE3LjExIiwKICAgICJucG0tcnVuLWFsbCI6ICJeNC4xLjUi\nLAogICAgIm9yYSI6ICJeMy4wLjAiLAogICAgInJlYWRkaXJwLXdhbGsiOiAi\nXjEuNi4wIiwKICAgICJzaG9ydGlkIjogIl4yLjIuMTQiLAogICAgInNsdWdn\nIjogIl4xLjIuMSIsCiAgICAidHJlZS1raWxsIjogIl4xLjIuMCIKICB9Cn0K\n","encoding":"base64","_links":{"self":"https://api.github.com/repos/freeCodeCamp/freeCodeCamp/contents/package.json?ref=master","git":"https://api.github.com/repos/freeCodeCamp/freeCodeCamp/git/blobs/d1913e90f88271b31926e727869b154f5dabe3cf","html":"https://github.com/freeCodeCamp/freeCodeCamp/blob/master/package.json"}} [] {"uid":"be464fe"}
[2019-01-29 20:55:50] slim-app.INFO: Array [] {"uid":"be464fe"}
[2019-01-29 20:55:50] slim-app.WARNING: Array [] {"uid":"be464fe"}
[2019-01-29 20:55:50] slim-app.DEBUG: {   "name": "@freecodecamp/freecodecamp",   "version": "0.0.1",   "scripts": {     "postinstall": "npm run bootstrap",     "prebootstrap": "npm run ensure-env",     "bootstrap": "lerna bootstrap",     "clean": "lerna clean",     "develop": "npm-run-all -s ensure-env start-develop",     "ensure-env": "cross-env DEBUG=fcc:* node ./tools/scripts/ensure-env.js",     "lint": "echo 'Warning: TODO - Define Linting with fixing.'",     "seed": "npm-run-all -p seed:*",     "seed:challenges": "cross-env DEBUG=fcc:* node ./tools/scripts/seed/seedChallenges",     "seed:auth-user": "cross-env DEBUG=fcc:* node ./tools/scripts/seed/seedAuthUser",     "start-develop": "node ./tools/scripts/start-develop.js",     "pretest": "npm-run-all -s test:lint",     "test": "npm-run-all -p test:*",     "test:lint": "echo 'Warning: TODO - Define Linting tests.'",     "test:client": "cd ./client && npm test && cd ../",     "test:curriculum": "cd ./curriculum && npm test && cd ../",     "test:challenge-formatting": "node ./tools/scripts/ci/ensure-challenge-formatting.js",     "test:guide-formatting": "node ./tools/scripts/ci/ensure-guide-formatting.js",     "test:server": "cd ./api-server && npm test && cd ../",     "test:tools": "jest ./tools"   },   "devDependencies": {     "cross-env": "^5.2.0",     "debug": "^4.0.1",     "dotenv": "^6.0.0",     "eslint-config-freecodecamp": "^1.1.1",     "faker": "^4.1.0",     "gray-matter": "^4.0.1",     "jest": "^23.6.0",     "lerna": "^3.4.0",     "lodash": "^4.17.11",     "npm-run-all": "^4.1.5",     "ora": "^3.0.0",     "readdirp-walk": "^1.6.0",     "shortid": "^2.2.14",     "slugg": "^1.2.1",     "tree-kill": "^1.2.0"   } }  [] {"uid":"be464fe"}
[2019-01-29 20:57:57] slim-app.DEBUG: {"name":"package.json","path":"package.json","sha":"d1913e90f88271b31926e727869b154f5dabe3cf","size":1665,"url":"https://api.github.com/repos/freeCodeCamp/freeCodeCamp/contents/package.json?ref=master","html_url":"https://github.com/freeCodeCamp/freeCodeCamp/blob/master/package.json","git_url":"https://api.github.com/repos/freeCodeCamp/freeCodeCamp/git/blobs/d1913e90f88271b31926e727869b154f5dabe3cf","download_url":"https://raw.githubusercontent.com/freeCodeCamp/freeCodeCamp/master/package.json","type":"file","content":"ewogICJuYW1lIjogIkBmcmVlY29kZWNhbXAvZnJlZWNvZGVjYW1wIiwKICAi\ndmVyc2lvbiI6ICIwLjAuMSIsCiAgInNjcmlwdHMiOiB7CiAgICAicG9zdGlu\nc3RhbGwiOiAibnBtIHJ1biBib290c3RyYXAiLAogICAgInByZWJvb3RzdHJh\ncCI6ICJucG0gcnVuIGVuc3VyZS1lbnYiLAogICAgImJvb3RzdHJhcCI6ICJs\nZXJuYSBib290c3RyYXAiLAogICAgImNsZWFuIjogImxlcm5hIGNsZWFuIiwK\nICAgICJkZXZlbG9wIjogIm5wbS1ydW4tYWxsIC1zIGVuc3VyZS1lbnYgc3Rh\ncnQtZGV2ZWxvcCIsCiAgICAiZW5zdXJlLWVudiI6ICJjcm9zcy1lbnYgREVC\nVUc9ZmNjOiogbm9kZSAuL3Rvb2xzL3NjcmlwdHMvZW5zdXJlLWVudi5qcyIs\nCiAgICAibGludCI6ICJlY2hvICdXYXJuaW5nOiBUT0RPIC0gRGVmaW5lIExp\nbnRpbmcgd2l0aCBmaXhpbmcuJyIsCiAgICAic2VlZCI6ICJucG0tcnVuLWFs\nbCAtcCBzZWVkOioiLAogICAgInNlZWQ6Y2hhbGxlbmdlcyI6ICJjcm9zcy1l\nbnYgREVCVUc9ZmNjOiogbm9kZSAuL3Rvb2xzL3NjcmlwdHMvc2VlZC9zZWVk\nQ2hhbGxlbmdlcyIsCiAgICAic2VlZDphdXRoLXVzZXIiOiAiY3Jvc3MtZW52\nIERFQlVHPWZjYzoqIG5vZGUgLi90b29scy9zY3JpcHRzL3NlZWQvc2VlZEF1\ndGhVc2VyIiwKICAgICJzdGFydC1kZXZlbG9wIjogIm5vZGUgLi90b29scy9z\nY3JpcHRzL3N0YXJ0LWRldmVsb3AuanMiLAogICAgInByZXRlc3QiOiAibnBt\nLXJ1bi1hbGwgLXMgdGVzdDpsaW50IiwKICAgICJ0ZXN0IjogIm5wbS1ydW4t\nYWxsIC1wIHRlc3Q6KiIsCiAgICAidGVzdDpsaW50IjogImVjaG8gJ1dhcm5p\nbmc6IFRPRE8gLSBEZWZpbmUgTGludGluZyB0ZXN0cy4nIiwKICAgICJ0ZXN0\nOmNsaWVudCI6ICJjZCAuL2NsaWVudCAmJiBucG0gdGVzdCAmJiBjZCAuLi8i\nLAogICAgInRlc3Q6Y3VycmljdWx1bSI6ICJjZCAuL2N1cnJpY3VsdW0gJiYg\nbnBtIHRlc3QgJiYgY2QgLi4vIiwKICAgICJ0ZXN0OmNoYWxsZW5nZS1mb3Jt\nYXR0aW5nIjogIm5vZGUgLi90b29scy9zY3JpcHRzL2NpL2Vuc3VyZS1jaGFs\nbGVuZ2UtZm9ybWF0dGluZy5qcyIsCiAgICAidGVzdDpndWlkZS1mb3JtYXR0\naW5nIjogIm5vZGUgLi90b29scy9zY3JpcHRzL2NpL2Vuc3VyZS1ndWlkZS1m\nb3JtYXR0aW5nLmpzIiwKICAgICJ0ZXN0OnNlcnZlciI6ICJjZCAuL2FwaS1z\nZXJ2ZXIgJiYgbnBtIHRlc3QgJiYgY2QgLi4vIiwKICAgICJ0ZXN0OnRvb2xz\nIjogImplc3QgLi90b29scyIKICB9LAogICJkZXZEZXBlbmRlbmNpZXMiOiB7\nCiAgICAiY3Jvc3MtZW52IjogIl41LjIuMCIsCiAgICAiZGVidWciOiAiXjQu\nMC4xIiwKICAgICJkb3RlbnYiOiAiXjYuMC4wIiwKICAgICJlc2xpbnQtY29u\nZmlnLWZyZWVjb2RlY2FtcCI6ICJeMS4xLjEiLAogICAgImZha2VyIjogIl40\nLjEuMCIsCiAgICAiZ3JheS1tYXR0ZXIiOiAiXjQuMC4xIiwKICAgICJqZXN0\nIjogIl4yMy42LjAiLAogICAgImxlcm5hIjogIl4zLjQuMCIsCiAgICAibG9k\nYXNoIjogIl40LjE3LjExIiwKICAgICJucG0tcnVuLWFsbCI6ICJeNC4xLjUi\nLAogICAgIm9yYSI6ICJeMy4wLjAiLAogICAgInJlYWRkaXJwLXdhbGsiOiAi\nXjEuNi4wIiwKICAgICJzaG9ydGlkIjogIl4yLjIuMTQiLAogICAgInNsdWdn\nIjogIl4xLjIuMSIsCiAgICAidHJlZS1raWxsIjogIl4xLjIuMCIKICB9Cn0K\n","encoding":"base64","_links":{"self":"https://api.github.com/repos/freeCodeCamp/freeCodeCamp/contents/package.json?ref=master","git":"https://api.github.com/repos/freeCodeCamp/freeCodeCamp/git/blobs/d1913e90f88271b31926e727869b154f5dabe3cf","html":"https://github.com/freeCodeCamp/freeCodeCamp/blob/master/package.json"}} [] {"uid":"abb5fe1"}
[2019-01-29 20:57:57] slim-app.INFO: Array [] {"uid":"abb5fe1"}
[2019-01-29 20:57:57] slim-app.WARNING: Array [] {"uid":"abb5fe1"}
[2019-01-29 20:57:57] slim-app.DEBUG: {   "name": "@freecodecamp/freecodecamp",   "version": "0.0.1",   "scripts": {     "postinstall": "npm run bootstrap",     "prebootstrap": "npm run ensure-env",     "bootstrap": "lerna bootstrap",     "clean": "lerna clean",     "develop": "npm-run-all -s ensure-env start-develop",     "ensure-env": "cross-env DEBUG=fcc:* node ./tools/scripts/ensure-env.js",     "lint": "echo 'Warning: TODO - Define Linting with fixing.'",     "seed": "npm-run-all -p seed:*",     "seed:challenges": "cross-env DEBUG=fcc:* node ./tools/scripts/seed/seedChallenges",     "seed:auth-user": "cross-env DEBUG=fcc:* node ./tools/scripts/seed/seedAuthUser",     "start-develop": "node ./tools/scripts/start-develop.js",     "pretest": "npm-run-all -s test:lint",     "test": "npm-run-all -p test:*",     "test:lint": "echo 'Warning: TODO - Define Linting tests.'",     "test:client": "cd ./client && npm test && cd ../",     "test:curriculum": "cd ./curriculum && npm test && cd ../",     "test:challenge-formatting": "node ./tools/scripts/ci/ensure-challenge-formatting.js",     "test:guide-formatting": "node ./tools/scripts/ci/ensure-guide-formatting.js",     "test:server": "cd ./api-server && npm test && cd ../",     "test:tools": "jest ./tools"   },   "devDependencies": {     "cross-env": "^5.2.0",     "debug": "^4.0.1",     "dotenv": "^6.0.0",     "eslint-config-freecodecamp": "^1.1.1",     "faker": "^4.1.0",     "gray-matter": "^4.0.1",     "jest": "^23.6.0",     "lerna": "^3.4.0",     "lodash": "^4.17.11",     "npm-run-all": "^4.1.5",     "ora": "^3.0.0",     "readdirp-walk": "^1.6.0",     "shortid": "^2.2.14",     "slugg": "^1.2.1",     "tree-kill": "^1.2.0"   } }  [] {"uid":"abb5fe1"}
[2019-01-29 20:58:31] slim-app.DEBUG: {"name":"package.json","path":"package.json","sha":"d1913e90f88271b31926e727869b154f5dabe3cf","size":1665,"url":"https://api.github.com/repos/freeCodeCamp/freeCodeCamp/contents/package.json?ref=master","html_url":"https://github.com/freeCodeCamp/freeCodeCamp/blob/master/package.json","git_url":"https://api.github.com/repos/freeCodeCamp/freeCodeCamp/git/blobs/d1913e90f88271b31926e727869b154f5dabe3cf","download_url":"https://raw.githubusercontent.com/freeCodeCamp/freeCodeCamp/master/package.json","type":"file","content":"ewogICJuYW1lIjogIkBmcmVlY29kZWNhbXAvZnJlZWNvZGVjYW1wIiwKICAi\ndmVyc2lvbiI6ICIwLjAuMSIsCiAgInNjcmlwdHMiOiB7CiAgICAicG9zdGlu\nc3RhbGwiOiAibnBtIHJ1biBib290c3RyYXAiLAogICAgInByZWJvb3RzdHJh\ncCI6ICJucG0gcnVuIGVuc3VyZS1lbnYiLAogICAgImJvb3RzdHJhcCI6ICJs\nZXJuYSBib290c3RyYXAiLAogICAgImNsZWFuIjogImxlcm5hIGNsZWFuIiwK\nICAgICJkZXZlbG9wIjogIm5wbS1ydW4tYWxsIC1zIGVuc3VyZS1lbnYgc3Rh\ncnQtZGV2ZWxvcCIsCiAgICAiZW5zdXJlLWVudiI6ICJjcm9zcy1lbnYgREVC\nVUc9ZmNjOiogbm9kZSAuL3Rvb2xzL3NjcmlwdHMvZW5zdXJlLWVudi5qcyIs\nCiAgICAibGludCI6ICJlY2hvICdXYXJuaW5nOiBUT0RPIC0gRGVmaW5lIExp\nbnRpbmcgd2l0aCBmaXhpbmcuJyIsCiAgICAic2VlZCI6ICJucG0tcnVuLWFs\nbCAtcCBzZWVkOioiLAogICAgInNlZWQ6Y2hhbGxlbmdlcyI6ICJjcm9zcy1l\nbnYgREVCVUc9ZmNjOiogbm9kZSAuL3Rvb2xzL3NjcmlwdHMvc2VlZC9zZWVk\nQ2hhbGxlbmdlcyIsCiAgICAic2VlZDphdXRoLXVzZXIiOiAiY3Jvc3MtZW52\nIERFQlVHPWZjYzoqIG5vZGUgLi90b29scy9zY3JpcHRzL3NlZWQvc2VlZEF1\ndGhVc2VyIiwKICAgICJzdGFydC1kZXZlbG9wIjogIm5vZGUgLi90b29scy9z\nY3JpcHRzL3N0YXJ0LWRldmVsb3AuanMiLAogICAgInByZXRlc3QiOiAibnBt\nLXJ1bi1hbGwgLXMgdGVzdDpsaW50IiwKICAgICJ0ZXN0IjogIm5wbS1ydW4t\nYWxsIC1wIHRlc3Q6KiIsCiAgICAidGVzdDpsaW50IjogImVjaG8gJ1dhcm5p\nbmc6IFRPRE8gLSBEZWZpbmUgTGludGluZyB0ZXN0cy4nIiwKICAgICJ0ZXN0\nOmNsaWVudCI6ICJjZCAuL2NsaWVudCAmJiBucG0gdGVzdCAmJiBjZCAuLi8i\nLAogICAgInRlc3Q6Y3VycmljdWx1bSI6ICJjZCAuL2N1cnJpY3VsdW0gJiYg\nbnBtIHRlc3QgJiYgY2QgLi4vIiwKICAgICJ0ZXN0OmNoYWxsZW5nZS1mb3Jt\nYXR0aW5nIjogIm5vZGUgLi90b29scy9zY3JpcHRzL2NpL2Vuc3VyZS1jaGFs\nbGVuZ2UtZm9ybWF0dGluZy5qcyIsCiAgICAidGVzdDpndWlkZS1mb3JtYXR0\naW5nIjogIm5vZGUgLi90b29scy9zY3JpcHRzL2NpL2Vuc3VyZS1ndWlkZS1m\nb3JtYXR0aW5nLmpzIiwKICAgICJ0ZXN0OnNlcnZlciI6ICJjZCAuL2FwaS1z\nZXJ2ZXIgJiYgbnBtIHRlc3QgJiYgY2QgLi4vIiwKICAgICJ0ZXN0OnRvb2xz\nIjogImplc3QgLi90b29scyIKICB9LAogICJkZXZEZXBlbmRlbmNpZXMiOiB7\nCiAgICAiY3Jvc3MtZW52IjogIl41LjIuMCIsCiAgICAiZGVidWciOiAiXjQu\nMC4xIiwKICAgICJkb3RlbnYiOiAiXjYuMC4wIiwKICAgICJlc2xpbnQtY29u\nZmlnLWZyZWVjb2RlY2FtcCI6ICJeMS4xLjEiLAogICAgImZha2VyIjogIl40\nLjEuMCIsCiAgICAiZ3JheS1tYXR0ZXIiOiAiXjQuMC4xIiwKICAgICJqZXN0\nIjogIl4yMy42LjAiLAogICAgImxlcm5hIjogIl4zLjQuMCIsCiAgICAibG9k\nYXNoIjogIl40LjE3LjExIiwKICAgICJucG0tcnVuLWFsbCI6ICJeNC4xLjUi\nLAogICAgIm9yYSI6ICJeMy4wLjAiLAogICAgInJlYWRkaXJwLXdhbGsiOiAi\nXjEuNi4wIiwKICAgICJzaG9ydGlkIjogIl4yLjIuMTQiLAogICAgInNsdWdn\nIjogIl4xLjIuMSIsCiAgICAidHJlZS1raWxsIjogIl4xLjIuMCIKICB9Cn0K\n","encoding":"base64","_links":{"self":"https://api.github.com/repos/freeCodeCamp/freeCodeCamp/contents/package.json?ref=master","git":"https://api.github.com/repos/freeCodeCamp/freeCodeCamp/git/blobs/d1913e90f88271b31926e727869b154f5dabe3cf","html":"https://github.com/freeCodeCamp/freeCodeCamp/blob/master/package.json"}} [] {"uid":"62b6c42"}
[2019-01-29 20:58:31] slim-app.INFO: Array [] {"uid":"62b6c42"}
[2019-01-29 20:58:31] slim-app.WARNING: Array [] {"uid":"62b6c42"}
[2019-01-29 20:58:31] slim-app.DEBUG: {   "name": "@freecodecamp/freecodecamp",   "version": "0.0.1",   "scripts": {     "postinstall": "npm run bootstrap",     "prebootstrap": "npm run ensure-env",     "bootstrap": "lerna bootstrap",     "clean": "lerna clean",     "develop": "npm-run-all -s ensure-env start-develop",     "ensure-env": "cross-env DEBUG=fcc:* node ./tools/scripts/ensure-env.js",     "lint": "echo 'Warning: TODO - Define Linting with fixing.'",     "seed": "npm-run-all -p seed:*",     "seed:challenges": "cross-env DEBUG=fcc:* node ./tools/scripts/seed/seedChallenges",     "seed:auth-user": "cross-env DEBUG=fcc:* node ./tools/scripts/seed/seedAuthUser",     "start-develop": "node ./tools/scripts/start-develop.js",     "pretest": "npm-run-all -s test:lint",     "test": "npm-run-all -p test:*",     "test:lint": "echo 'Warning: TODO - Define Linting tests.'",     "test:client": "cd ./client && npm test && cd ../",     "test:curriculum": "cd ./curriculum && npm test && cd ../",     "test:challenge-formatting": "node ./tools/scripts/ci/ensure-challenge-formatting.js",     "test:guide-formatting": "node ./tools/scripts/ci/ensure-guide-formatting.js",     "test:server": "cd ./api-server && npm test && cd ../",     "test:tools": "jest ./tools"   },   "devDependencies": {     "cross-env": "^5.2.0",     "debug": "^4.0.1",     "dotenv": "^6.0.0",     "eslint-config-freecodecamp": "^1.1.1",     "faker": "^4.1.0",     "gray-matter": "^4.0.1",     "jest": "^23.6.0",     "lerna": "^3.4.0",     "lodash": "^4.17.11",     "npm-run-all": "^4.1.5",     "ora": "^3.0.0",     "readdirp-walk": "^1.6.0",     "shortid": "^2.2.14",     "slugg": "^1.2.1",     "tree-kill": "^1.2.0"   } }  [] {"uid":"62b6c42"}
[2019-01-29 20:59:12] slim-app.DEBUG: {"name":"package.json","path":"package.json","sha":"d1913e90f88271b31926e727869b154f5dabe3cf","size":1665,"url":"https://api.github.com/repos/freeCodeCamp/freeCodeCamp/contents/package.json?ref=master","html_url":"https://github.com/freeCodeCamp/freeCodeCamp/blob/master/package.json","git_url":"https://api.github.com/repos/freeCodeCamp/freeCodeCamp/git/blobs/d1913e90f88271b31926e727869b154f5dabe3cf","download_url":"https://raw.githubusercontent.com/freeCodeCamp/freeCodeCamp/master/package.json","type":"file","content":"ewogICJuYW1lIjogIkBmcmVlY29kZWNhbXAvZnJlZWNvZGVjYW1wIiwKICAi\ndmVyc2lvbiI6ICIwLjAuMSIsCiAgInNjcmlwdHMiOiB7CiAgICAicG9zdGlu\nc3RhbGwiOiAibnBtIHJ1biBib290c3RyYXAiLAogICAgInByZWJvb3RzdHJh\ncCI6ICJucG0gcnVuIGVuc3VyZS1lbnYiLAogICAgImJvb3RzdHJhcCI6ICJs\nZXJuYSBib290c3RyYXAiLAogICAgImNsZWFuIjogImxlcm5hIGNsZWFuIiwK\nICAgICJkZXZlbG9wIjogIm5wbS1ydW4tYWxsIC1zIGVuc3VyZS1lbnYgc3Rh\ncnQtZGV2ZWxvcCIsCiAgICAiZW5zdXJlLWVudiI6ICJjcm9zcy1lbnYgREVC\nVUc9ZmNjOiogbm9kZSAuL3Rvb2xzL3NjcmlwdHMvZW5zdXJlLWVudi5qcyIs\nCiAgICAibGludCI6ICJlY2hvICdXYXJuaW5nOiBUT0RPIC0gRGVmaW5lIExp\nbnRpbmcgd2l0aCBmaXhpbmcuJyIsCiAgICAic2VlZCI6ICJucG0tcnVuLWFs\nbCAtcCBzZWVkOioiLAogICAgInNlZWQ6Y2hhbGxlbmdlcyI6ICJjcm9zcy1l\nbnYgREVCVUc9ZmNjOiogbm9kZSAuL3Rvb2xzL3NjcmlwdHMvc2VlZC9zZWVk\nQ2hhbGxlbmdlcyIsCiAgICAic2VlZDphdXRoLXVzZXIiOiAiY3Jvc3MtZW52\nIERFQlVHPWZjYzoqIG5vZGUgLi90b29scy9zY3JpcHRzL3NlZWQvc2VlZEF1\ndGhVc2VyIiwKICAgICJzdGFydC1kZXZlbG9wIjogIm5vZGUgLi90b29scy9z\nY3JpcHRzL3N0YXJ0LWRldmVsb3AuanMiLAogICAgInByZXRlc3QiOiAibnBt\nLXJ1bi1hbGwgLXMgdGVzdDpsaW50IiwKICAgICJ0ZXN0IjogIm5wbS1ydW4t\nYWxsIC1wIHRlc3Q6KiIsCiAgICAidGVzdDpsaW50IjogImVjaG8gJ1dhcm5p\nbmc6IFRPRE8gLSBEZWZpbmUgTGludGluZyB0ZXN0cy4nIiwKICAgICJ0ZXN0\nOmNsaWVudCI6ICJjZCAuL2NsaWVudCAmJiBucG0gdGVzdCAmJiBjZCAuLi8i\nLAogICAgInRlc3Q6Y3VycmljdWx1bSI6ICJjZCAuL2N1cnJpY3VsdW0gJiYg\nbnBtIHRlc3QgJiYgY2QgLi4vIiwKICAgICJ0ZXN0OmNoYWxsZW5nZS1mb3Jt\nYXR0aW5nIjogIm5vZGUgLi90b29scy9zY3JpcHRzL2NpL2Vuc3VyZS1jaGFs\nbGVuZ2UtZm9ybWF0dGluZy5qcyIsCiAgICAidGVzdDpndWlkZS1mb3JtYXR0\naW5nIjogIm5vZGUgLi90b29scy9zY3JpcHRzL2NpL2Vuc3VyZS1ndWlkZS1m\nb3JtYXR0aW5nLmpzIiwKICAgICJ0ZXN0OnNlcnZlciI6ICJjZCAuL2FwaS1z\nZXJ2ZXIgJiYgbnBtIHRlc3QgJiYgY2QgLi4vIiwKICAgICJ0ZXN0OnRvb2xz\nIjogImplc3QgLi90b29scyIKICB9LAogICJkZXZEZXBlbmRlbmNpZXMiOiB7\nCiAgICAiY3Jvc3MtZW52IjogIl41LjIuMCIsCiAgICAiZGVidWciOiAiXjQu\nMC4xIiwKICAgICJkb3RlbnYiOiAiXjYuMC4wIiwKICAgICJlc2xpbnQtY29u\nZmlnLWZyZWVjb2RlY2FtcCI6ICJeMS4xLjEiLAogICAgImZha2VyIjogIl40\nLjEuMCIsCiAgICAiZ3JheS1tYXR0ZXIiOiAiXjQuMC4xIiwKICAgICJqZXN0\nIjogIl4yMy42LjAiLAogICAgImxlcm5hIjogIl4zLjQuMCIsCiAgICAibG9k\nYXNoIjogIl40LjE3LjExIiwKICAgICJucG0tcnVuLWFsbCI6ICJeNC4xLjUi\nLAogICAgIm9yYSI6ICJeMy4wLjAiLAogICAgInJlYWRkaXJwLXdhbGsiOiAi\nXjEuNi4wIiwKICAgICJzaG9ydGlkIjogIl4yLjIuMTQiLAogICAgInNsdWdn\nIjogIl4xLjIuMSIsCiAgICAidHJlZS1raWxsIjogIl4xLjIuMCIKICB9Cn0K\n","encoding":"base64","_links":{"self":"https://api.github.com/repos/freeCodeCamp/freeCodeCamp/contents/package.json?ref=master","git":"https://api.github.com/repos/freeCodeCamp/freeCodeCamp/git/blobs/d1913e90f88271b31926e727869b154f5dabe3cf","html":"https://github.com/freeCodeCamp/freeCodeCamp/blob/master/package.json"}} [] {"uid":"f3c1111"}
[2019-01-29 20:59:12] slim-app.INFO: Array [] {"uid":"f3c1111"}
[2019-01-29 20:59:12] slim-app.WARNING: Array [] {"uid":"f3c1111"}
[2019-01-29 20:59:12] slim-app.DEBUG: {   "name": "@freecodecamp/freecodecamp",   "version": "0.0.1",   "scripts": {     "postinstall": "npm run bootstrap",     "prebootstrap": "npm run ensure-env",     "bootstrap": "lerna bootstrap",     "clean": "lerna clean",     "develop": "npm-run-all -s ensure-env start-develop",     "ensure-env": "cross-env DEBUG=fcc:* node ./tools/scripts/ensure-env.js",     "lint": "echo 'Warning: TODO - Define Linting with fixing.'",     "seed": "npm-run-all -p seed:*",     "seed:challenges": "cross-env DEBUG=fcc:* node ./tools/scripts/seed/seedChallenges",     "seed:auth-user": "cross-env DEBUG=fcc:* node ./tools/scripts/seed/seedAuthUser",     "start-develop": "node ./tools/scripts/start-develop.js",     "pretest": "npm-run-all -s test:lint",     "test": "npm-run-all -p test:*",     "test:lint": "echo 'Warning: TODO - Define Linting tests.'",     "test:client": "cd ./client && npm test && cd ../",     "test:curriculum": "cd ./curriculum && npm test && cd ../",     "test:challenge-formatting": "node ./tools/scripts/ci/ensure-challenge-formatting.js",     "test:guide-formatting": "node ./tools/scripts/ci/ensure-guide-formatting.js",     "test:server": "cd ./api-server && npm test && cd ../",     "test:tools": "jest ./tools"   },   "devDependencies": {     "cross-env": "^5.2.0",     "debug": "^4.0.1",     "dotenv": "^6.0.0",     "eslint-config-freecodecamp": "^1.1.1",     "faker": "^4.1.0",     "gray-matter": "^4.0.1",     "jest": "^23.6.0",     "lerna": "^3.4.0",     "lodash": "^4.17.11",     "npm-run-all": "^4.1.5",     "ora": "^3.0.0",     "readdirp-walk": "^1.6.0",     "shortid": "^2.2.14",     "slugg": "^1.2.1",     "tree-kill": "^1.2.0"   } }  [] {"uid":"f3c1111"}
[2019-01-29 20:59:20] slim-app.DEBUG: {"name":"package.json","path":"package.json","sha":"d1913e90f88271b31926e727869b154f5dabe3cf","size":1665,"url":"https://api.github.com/repos/freeCodeCamp/freeCodeCamp/contents/package.json?ref=master","html_url":"https://github.com/freeCodeCamp/freeCodeCamp/blob/master/package.json","git_url":"https://api.github.com/repos/freeCodeCamp/freeCodeCamp/git/blobs/d1913e90f88271b31926e727869b154f5dabe3cf","download_url":"https://raw.githubusercontent.com/freeCodeCamp/freeCodeCamp/master/package.json","type":"file","content":"ewogICJuYW1lIjogIkBmcmVlY29kZWNhbXAvZnJlZWNvZGVjYW1wIiwKICAi\ndmVyc2lvbiI6ICIwLjAuMSIsCiAgInNjcmlwdHMiOiB7CiAgICAicG9zdGlu\nc3RhbGwiOiAibnBtIHJ1biBib290c3RyYXAiLAogICAgInByZWJvb3RzdHJh\ncCI6ICJucG0gcnVuIGVuc3VyZS1lbnYiLAogICAgImJvb3RzdHJhcCI6ICJs\nZXJuYSBib290c3RyYXAiLAogICAgImNsZWFuIjogImxlcm5hIGNsZWFuIiwK\nICAgICJkZXZlbG9wIjogIm5wbS1ydW4tYWxsIC1zIGVuc3VyZS1lbnYgc3Rh\ncnQtZGV2ZWxvcCIsCiAgICAiZW5zdXJlLWVudiI6ICJjcm9zcy1lbnYgREVC\nVUc9ZmNjOiogbm9kZSAuL3Rvb2xzL3NjcmlwdHMvZW5zdXJlLWVudi5qcyIs\nCiAgICAibGludCI6ICJlY2hvICdXYXJuaW5nOiBUT0RPIC0gRGVmaW5lIExp\nbnRpbmcgd2l0aCBmaXhpbmcuJyIsCiAgICAic2VlZCI6ICJucG0tcnVuLWFs\nbCAtcCBzZWVkOioiLAogICAgInNlZWQ6Y2hhbGxlbmdlcyI6ICJjcm9zcy1l\nbnYgREVCVUc9ZmNjOiogbm9kZSAuL3Rvb2xzL3NjcmlwdHMvc2VlZC9zZWVk\nQ2hhbGxlbmdlcyIsCiAgICAic2VlZDphdXRoLXVzZXIiOiAiY3Jvc3MtZW52\nIERFQlVHPWZjYzoqIG5vZGUgLi90b29scy9zY3JpcHRzL3NlZWQvc2VlZEF1\ndGhVc2VyIiwKICAgICJzdGFydC1kZXZlbG9wIjogIm5vZGUgLi90b29scy9z\nY3JpcHRzL3N0YXJ0LWRldmVsb3AuanMiLAogICAgInByZXRlc3QiOiAibnBt\nLXJ1bi1hbGwgLXMgdGVzdDpsaW50IiwKICAgICJ0ZXN0IjogIm5wbS1ydW4t\nYWxsIC1wIHRlc3Q6KiIsCiAgICAidGVzdDpsaW50IjogImVjaG8gJ1dhcm5p\nbmc6IFRPRE8gLSBEZWZpbmUgTGludGluZyB0ZXN0cy4nIiwKICAgICJ0ZXN0\nOmNsaWVudCI6ICJjZCAuL2NsaWVudCAmJiBucG0gdGVzdCAmJiBjZCAuLi8i\nLAogICAgInRlc3Q6Y3VycmljdWx1bSI6ICJjZCAuL2N1cnJpY3VsdW0gJiYg\nbnBtIHRlc3QgJiYgY2QgLi4vIiwKICAgICJ0ZXN0OmNoYWxsZW5nZS1mb3Jt\nYXR0aW5nIjogIm5vZGUgLi90b29scy9zY3JpcHRzL2NpL2Vuc3VyZS1jaGFs\nbGVuZ2UtZm9ybWF0dGluZy5qcyIsCiAgICAidGVzdDpndWlkZS1mb3JtYXR0\naW5nIjogIm5vZGUgLi90b29scy9zY3JpcHRzL2NpL2Vuc3VyZS1ndWlkZS1m\nb3JtYXR0aW5nLmpzIiwKICAgICJ0ZXN0OnNlcnZlciI6ICJjZCAuL2FwaS1z\nZXJ2ZXIgJiYgbnBtIHRlc3QgJiYgY2QgLi4vIiwKICAgICJ0ZXN0OnRvb2xz\nIjogImplc3QgLi90b29scyIKICB9LAogICJkZXZEZXBlbmRlbmNpZXMiOiB7\nCiAgICAiY3Jvc3MtZW52IjogIl41LjIuMCIsCiAgICAiZGVidWciOiAiXjQu\nMC4xIiwKICAgICJkb3RlbnYiOiAiXjYuMC4wIiwKICAgICJlc2xpbnQtY29u\nZmlnLWZyZWVjb2RlY2FtcCI6ICJeMS4xLjEiLAogICAgImZha2VyIjogIl40\nLjEuMCIsCiAgICAiZ3JheS1tYXR0ZXIiOiAiXjQuMC4xIiwKICAgICJqZXN0\nIjogIl4yMy42LjAiLAogICAgImxlcm5hIjogIl4zLjQuMCIsCiAgICAibG9k\nYXNoIjogIl40LjE3LjExIiwKICAgICJucG0tcnVuLWFsbCI6ICJeNC4xLjUi\nLAogICAgIm9yYSI6ICJeMy4wLjAiLAogICAgInJlYWRkaXJwLXdhbGsiOiAi\nXjEuNi4wIiwKICAgICJzaG9ydGlkIjogIl4yLjIuMTQiLAogICAgInNsdWdn\nIjogIl4xLjIuMSIsCiAgICAidHJlZS1raWxsIjogIl4xLjIuMCIKICB9Cn0K\n","encoding":"base64","_links":{"self":"https://api.github.com/repos/freeCodeCamp/freeCodeCamp/contents/package.json?ref=master","git":"https://api.github.com/repos/freeCodeCamp/freeCodeCamp/git/blobs/d1913e90f88271b31926e727869b154f5dabe3cf","html":"https://github.com/freeCodeCamp/freeCodeCamp/blob/master/package.json"}} [] {"uid":"7a8e360"}
[2019-01-29 20:59:20] slim-app.INFO: Array [] {"uid":"7a8e360"}
[2019-01-29 20:59:20] slim-app.WARNING: Array [] {"uid":"7a8e360"}
[2019-01-29 20:59:20] slim-app.DEBUG: {   "name": "@freecodecamp/freecodecamp",   "version": "0.0.1",   "scripts": {     "postinstall": "npm run bootstrap",     "prebootstrap": "npm run ensure-env",     "bootstrap": "lerna bootstrap",     "clean": "lerna clean",     "develop": "npm-run-all -s ensure-env start-develop",     "ensure-env": "cross-env DEBUG=fcc:* node ./tools/scripts/ensure-env.js",     "lint": "echo 'Warning: TODO - Define Linting with fixing.'",     "seed": "npm-run-all -p seed:*",     "seed:challenges": "cross-env DEBUG=fcc:* node ./tools/scripts/seed/seedChallenges",     "seed:auth-user": "cross-env DEBUG=fcc:* node ./tools/scripts/seed/seedAuthUser",     "start-develop": "node ./tools/scripts/start-develop.js",     "pretest": "npm-run-all -s test:lint",     "test": "npm-run-all -p test:*",     "test:lint": "echo 'Warning: TODO - Define Linting tests.'",     "test:client": "cd ./client && npm test && cd ../",     "test:curriculum": "cd ./curriculum && npm test && cd ../",     "test:challenge-formatting": "node ./tools/scripts/ci/ensure-challenge-formatting.js",     "test:guide-formatting": "node ./tools/scripts/ci/ensure-guide-formatting.js",     "test:server": "cd ./api-server && npm test && cd ../",     "test:tools": "jest ./tools"   },   "devDependencies": {     "cross-env": "^5.2.0",     "debug": "^4.0.1",     "dotenv": "^6.0.0",     "eslint-config-freecodecamp": "^1.1.1",     "faker": "^4.1.0",     "gray-matter": "^4.0.1",     "jest": "^23.6.0",     "lerna": "^3.4.0",     "lodash": "^4.17.11",     "npm-run-all": "^4.1.5",     "ora": "^3.0.0",     "readdirp-walk": "^1.6.0",     "shortid": "^2.2.14",     "slugg": "^1.2.1",     "tree-kill": "^1.2.0"   } }  [] {"uid":"7a8e360"}
[2019-01-29 20:59:38] slim-app.DEBUG: {"name":"package.json","path":"package.json","sha":"d1913e90f88271b31926e727869b154f5dabe3cf","size":1665,"url":"https://api.github.com/repos/freeCodeCamp/freeCodeCamp/contents/package.json?ref=master","html_url":"https://github.com/freeCodeCamp/freeCodeCamp/blob/master/package.json","git_url":"https://api.github.com/repos/freeCodeCamp/freeCodeCamp/git/blobs/d1913e90f88271b31926e727869b154f5dabe3cf","download_url":"https://raw.githubusercontent.com/freeCodeCamp/freeCodeCamp/master/package.json","type":"file","content":"ewogICJuYW1lIjogIkBmcmVlY29kZWNhbXAvZnJlZWNvZGVjYW1wIiwKICAi\ndmVyc2lvbiI6ICIwLjAuMSIsCiAgInNjcmlwdHMiOiB7CiAgICAicG9zdGlu\nc3RhbGwiOiAibnBtIHJ1biBib290c3RyYXAiLAogICAgInByZWJvb3RzdHJh\ncCI6ICJucG0gcnVuIGVuc3VyZS1lbnYiLAogICAgImJvb3RzdHJhcCI6ICJs\nZXJuYSBib290c3RyYXAiLAogICAgImNsZWFuIjogImxlcm5hIGNsZWFuIiwK\nICAgICJkZXZlbG9wIjogIm5wbS1ydW4tYWxsIC1zIGVuc3VyZS1lbnYgc3Rh\ncnQtZGV2ZWxvcCIsCiAgICAiZW5zdXJlLWVudiI6ICJjcm9zcy1lbnYgREVC\nVUc9ZmNjOiogbm9kZSAuL3Rvb2xzL3NjcmlwdHMvZW5zdXJlLWVudi5qcyIs\nCiAgICAibGludCI6ICJlY2hvICdXYXJuaW5nOiBUT0RPIC0gRGVmaW5lIExp\nbnRpbmcgd2l0aCBmaXhpbmcuJyIsCiAgICAic2VlZCI6ICJucG0tcnVuLWFs\nbCAtcCBzZWVkOioiLAogICAgInNlZWQ6Y2hhbGxlbmdlcyI6ICJjcm9zcy1l\nbnYgREVCVUc9ZmNjOiogbm9kZSAuL3Rvb2xzL3NjcmlwdHMvc2VlZC9zZWVk\nQ2hhbGxlbmdlcyIsCiAgICAic2VlZDphdXRoLXVzZXIiOiAiY3Jvc3MtZW52\nIERFQlVHPWZjYzoqIG5vZGUgLi90b29scy9zY3JpcHRzL3NlZWQvc2VlZEF1\ndGhVc2VyIiwKICAgICJzdGFydC1kZXZlbG9wIjogIm5vZGUgLi90b29scy9z\nY3JpcHRzL3N0YXJ0LWRldmVsb3AuanMiLAogICAgInByZXRlc3QiOiAibnBt\nLXJ1bi1hbGwgLXMgdGVzdDpsaW50IiwKICAgICJ0ZXN0IjogIm5wbS1ydW4t\nYWxsIC1wIHRlc3Q6KiIsCiAgICAidGVzdDpsaW50IjogImVjaG8gJ1dhcm5p\nbmc6IFRPRE8gLSBEZWZpbmUgTGludGluZyB0ZXN0cy4nIiwKICAgICJ0ZXN0\nOmNsaWVudCI6ICJjZCAuL2NsaWVudCAmJiBucG0gdGVzdCAmJiBjZCAuLi8i\nLAogICAgInRlc3Q6Y3VycmljdWx1bSI6ICJjZCAuL2N1cnJpY3VsdW0gJiYg\nbnBtIHRlc3QgJiYgY2QgLi4vIiwKICAgICJ0ZXN0OmNoYWxsZW5nZS1mb3Jt\nYXR0aW5nIjogIm5vZGUgLi90b29scy9zY3JpcHRzL2NpL2Vuc3VyZS1jaGFs\nbGVuZ2UtZm9ybWF0dGluZy5qcyIsCiAgICAidGVzdDpndWlkZS1mb3JtYXR0\naW5nIjogIm5vZGUgLi90b29scy9zY3JpcHRzL2NpL2Vuc3VyZS1ndWlkZS1m\nb3JtYXR0aW5nLmpzIiwKICAgICJ0ZXN0OnNlcnZlciI6ICJjZCAuL2FwaS1z\nZXJ2ZXIgJiYgbnBtIHRlc3QgJiYgY2QgLi4vIiwKICAgICJ0ZXN0OnRvb2xz\nIjogImplc3QgLi90b29scyIKICB9LAogICJkZXZEZXBlbmRlbmNpZXMiOiB7\nCiAgICAiY3Jvc3MtZW52IjogIl41LjIuMCIsCiAgICAiZGVidWciOiAiXjQu\nMC4xIiwKICAgICJkb3RlbnYiOiAiXjYuMC4wIiwKICAgICJlc2xpbnQtY29u\nZmlnLWZyZWVjb2RlY2FtcCI6ICJeMS4xLjEiLAogICAgImZha2VyIjogIl40\nLjEuMCIsCiAgICAiZ3JheS1tYXR0ZXIiOiAiXjQuMC4xIiwKICAgICJqZXN0\nIjogIl4yMy42LjAiLAogICAgImxlcm5hIjogIl4zLjQuMCIsCiAgICAibG9k\nYXNoIjogIl40LjE3LjExIiwKICAgICJucG0tcnVuLWFsbCI6ICJeNC4xLjUi\nLAogICAgIm9yYSI6ICJeMy4wLjAiLAogICAgInJlYWRkaXJwLXdhbGsiOiAi\nXjEuNi4wIiwKICAgICJzaG9ydGlkIjogIl4yLjIuMTQiLAogICAgInNsdWdn\nIjogIl4xLjIuMSIsCiAgICAidHJlZS1raWxsIjogIl4xLjIuMCIKICB9Cn0K\n","encoding":"base64","_links":{"self":"https://api.github.com/repos/freeCodeCamp/freeCodeCamp/contents/package.json?ref=master","git":"https://api.github.com/repos/freeCodeCamp/freeCodeCamp/git/blobs/d1913e90f88271b31926e727869b154f5dabe3cf","html":"https://github.com/freeCodeCamp/freeCodeCamp/blob/master/package.json"}} [] {"uid":"2b7ef3a"}
[2019-01-29 20:59:38] slim-app.INFO: Array [] {"uid":"2b7ef3a"}
[2019-01-29 20:59:38] slim-app.WARNING: Array [] {"uid":"2b7ef3a"}
[2019-01-29 20:59:38] slim-app.DEBUG: {   "name": "@freecodecamp/freecodecamp",   "version": "0.0.1",   "scripts": {     "postinstall": "npm run bootstrap",     "prebootstrap": "npm run ensure-env",     "bootstrap": "lerna bootstrap",     "clean": "lerna clean",     "develop": "npm-run-all -s ensure-env start-develop",     "ensure-env": "cross-env DEBUG=fcc:* node ./tools/scripts/ensure-env.js",     "lint": "echo 'Warning: TODO - Define Linting with fixing.'",     "seed": "npm-run-all -p seed:*",     "seed:challenges": "cross-env DEBUG=fcc:* node ./tools/scripts/seed/seedChallenges",     "seed:auth-user": "cross-env DEBUG=fcc:* node ./tools/scripts/seed/seedAuthUser",     "start-develop": "node ./tools/scripts/start-develop.js",     "pretest": "npm-run-all -s test:lint",     "test": "npm-run-all -p test:*",     "test:lint": "echo 'Warning: TODO - Define Linting tests.'",     "test:client": "cd ./client && npm test && cd ../",     "test:curriculum": "cd ./curriculum && npm test && cd ../",     "test:challenge-formatting": "node ./tools/scripts/ci/ensure-challenge-formatting.js",     "test:guide-formatting": "node ./tools/scripts/ci/ensure-guide-formatting.js",     "test:server": "cd ./api-server && npm test && cd ../",     "test:tools": "jest ./tools"   },   "devDependencies": {     "cross-env": "^5.2.0",     "debug": "^4.0.1",     "dotenv": "^6.0.0",     "eslint-config-freecodecamp": "^1.1.1",     "faker": "^4.1.0",     "gray-matter": "^4.0.1",     "jest": "^23.6.0",     "lerna": "^3.4.0",     "lodash": "^4.17.11",     "npm-run-all": "^4.1.5",     "ora": "^3.0.0",     "readdirp-walk": "^1.6.0",     "shortid": "^2.2.14",     "slugg": "^1.2.1",     "tree-kill": "^1.2.0"   } }  [] {"uid":"2b7ef3a"}
[2019-01-29 21:00:51] slim-app.DEBUG: {"name":"package.json","path":"package.json","sha":"d1913e90f88271b31926e727869b154f5dabe3cf","size":1665,"url":"https://api.github.com/repos/freeCodeCamp/freeCodeCamp/contents/package.json?ref=master","html_url":"https://github.com/freeCodeCamp/freeCodeCamp/blob/master/package.json","git_url":"https://api.github.com/repos/freeCodeCamp/freeCodeCamp/git/blobs/d1913e90f88271b31926e727869b154f5dabe3cf","download_url":"https://raw.githubusercontent.com/freeCodeCamp/freeCodeCamp/master/package.json","type":"file","content":"ewogICJuYW1lIjogIkBmcmVlY29kZWNhbXAvZnJlZWNvZGVjYW1wIiwKICAi\ndmVyc2lvbiI6ICIwLjAuMSIsCiAgInNjcmlwdHMiOiB7CiAgICAicG9zdGlu\nc3RhbGwiOiAibnBtIHJ1biBib290c3RyYXAiLAogICAgInByZWJvb3RzdHJh\ncCI6ICJucG0gcnVuIGVuc3VyZS1lbnYiLAogICAgImJvb3RzdHJhcCI6ICJs\nZXJuYSBib290c3RyYXAiLAogICAgImNsZWFuIjogImxlcm5hIGNsZWFuIiwK\nICAgICJkZXZlbG9wIjogIm5wbS1ydW4tYWxsIC1zIGVuc3VyZS1lbnYgc3Rh\ncnQtZGV2ZWxvcCIsCiAgICAiZW5zdXJlLWVudiI6ICJjcm9zcy1lbnYgREVC\nVUc9ZmNjOiogbm9kZSAuL3Rvb2xzL3NjcmlwdHMvZW5zdXJlLWVudi5qcyIs\nCiAgICAibGludCI6ICJlY2hvICdXYXJuaW5nOiBUT0RPIC0gRGVmaW5lIExp\nbnRpbmcgd2l0aCBmaXhpbmcuJyIsCiAgICAic2VlZCI6ICJucG0tcnVuLWFs\nbCAtcCBzZWVkOioiLAogICAgInNlZWQ6Y2hhbGxlbmdlcyI6ICJjcm9zcy1l\nbnYgREVCVUc9ZmNjOiogbm9kZSAuL3Rvb2xzL3NjcmlwdHMvc2VlZC9zZWVk\nQ2hhbGxlbmdlcyIsCiAgICAic2VlZDphdXRoLXVzZXIiOiAiY3Jvc3MtZW52\nIERFQlVHPWZjYzoqIG5vZGUgLi90b29scy9zY3JpcHRzL3NlZWQvc2VlZEF1\ndGhVc2VyIiwKICAgICJzdGFydC1kZXZlbG9wIjogIm5vZGUgLi90b29scy9z\nY3JpcHRzL3N0YXJ0LWRldmVsb3AuanMiLAogICAgInByZXRlc3QiOiAibnBt\nLXJ1bi1hbGwgLXMgdGVzdDpsaW50IiwKICAgICJ0ZXN0IjogIm5wbS1ydW4t\nYWxsIC1wIHRlc3Q6KiIsCiAgICAidGVzdDpsaW50IjogImVjaG8gJ1dhcm5p\nbmc6IFRPRE8gLSBEZWZpbmUgTGludGluZyB0ZXN0cy4nIiwKICAgICJ0ZXN0\nOmNsaWVudCI6ICJjZCAuL2NsaWVudCAmJiBucG0gdGVzdCAmJiBjZCAuLi8i\nLAogICAgInRlc3Q6Y3VycmljdWx1bSI6ICJjZCAuL2N1cnJpY3VsdW0gJiYg\nbnBtIHRlc3QgJiYgY2QgLi4vIiwKICAgICJ0ZXN0OmNoYWxsZW5nZS1mb3Jt\nYXR0aW5nIjogIm5vZGUgLi90b29scy9zY3JpcHRzL2NpL2Vuc3VyZS1jaGFs\nbGVuZ2UtZm9ybWF0dGluZy5qcyIsCiAgICAidGVzdDpndWlkZS1mb3JtYXR0\naW5nIjogIm5vZGUgLi90b29scy9zY3JpcHRzL2NpL2Vuc3VyZS1ndWlkZS1m\nb3JtYXR0aW5nLmpzIiwKICAgICJ0ZXN0OnNlcnZlciI6ICJjZCAuL2FwaS1z\nZXJ2ZXIgJiYgbnBtIHRlc3QgJiYgY2QgLi4vIiwKICAgICJ0ZXN0OnRvb2xz\nIjogImplc3QgLi90b29scyIKICB9LAogICJkZXZEZXBlbmRlbmNpZXMiOiB7\nCiAgICAiY3Jvc3MtZW52IjogIl41LjIuMCIsCiAgICAiZGVidWciOiAiXjQu\nMC4xIiwKICAgICJkb3RlbnYiOiAiXjYuMC4wIiwKICAgICJlc2xpbnQtY29u\nZmlnLWZyZWVjb2RlY2FtcCI6ICJeMS4xLjEiLAogICAgImZha2VyIjogIl40\nLjEuMCIsCiAgICAiZ3JheS1tYXR0ZXIiOiAiXjQuMC4xIiwKICAgICJqZXN0\nIjogIl4yMy42LjAiLAogICAgImxlcm5hIjogIl4zLjQuMCIsCiAgICAibG9k\nYXNoIjogIl40LjE3LjExIiwKICAgICJucG0tcnVuLWFsbCI6ICJeNC4xLjUi\nLAogICAgIm9yYSI6ICJeMy4wLjAiLAogICAgInJlYWRkaXJwLXdhbGsiOiAi\nXjEuNi4wIiwKICAgICJzaG9ydGlkIjogIl4yLjIuMTQiLAogICAgInNsdWdn\nIjogIl4xLjIuMSIsCiAgICAidHJlZS1raWxsIjogIl4xLjIuMCIKICB9Cn0K\n","encoding":"base64","_links":{"self":"https://api.github.com/repos/freeCodeCamp/freeCodeCamp/contents/package.json?ref=master","git":"https://api.github.com/repos/freeCodeCamp/freeCodeCamp/git/blobs/d1913e90f88271b31926e727869b154f5dabe3cf","html":"https://github.com/freeCodeCamp/freeCodeCamp/blob/master/package.json"}} [] {"uid":"aeda4b3"}
[2019-01-29 21:00:51] slim-app.INFO: Array [] {"uid":"aeda4b3"}
[2019-01-29 21:00:51] slim-app.WARNING: Array [] {"uid":"aeda4b3"}
[2019-01-29 21:00:51] slim-app.DEBUG: {   "name": "@freecodecamp/freecodecamp",   "version": "0.0.1",   "scripts": {     "postinstall": "npm run bootstrap",     "prebootstrap": "npm run ensure-env",     "bootstrap": "lerna bootstrap",     "clean": "lerna clean",     "develop": "npm-run-all -s ensure-env start-develop",     "ensure-env": "cross-env DEBUG=fcc:* node ./tools/scripts/ensure-env.js",     "lint": "echo 'Warning: TODO - Define Linting with fixing.'",     "seed": "npm-run-all -p seed:*",     "seed:challenges": "cross-env DEBUG=fcc:* node ./tools/scripts/seed/seedChallenges",     "seed:auth-user": "cross-env DEBUG=fcc:* node ./tools/scripts/seed/seedAuthUser",     "start-develop": "node ./tools/scripts/start-develop.js",     "pretest": "npm-run-all -s test:lint",     "test": "npm-run-all -p test:*",     "test:lint": "echo 'Warning: TODO - Define Linting tests.'",     "test:client": "cd ./client && npm test && cd ../",     "test:curriculum": "cd ./curriculum && npm test && cd ../",     "test:challenge-formatting": "node ./tools/scripts/ci/ensure-challenge-formatting.js",     "test:guide-formatting": "node ./tools/scripts/ci/ensure-guide-formatting.js",     "test:server": "cd ./api-server && npm test && cd ../",     "test:tools": "jest ./tools"   },   "devDependencies": {     "cross-env": "^5.2.0",     "debug": "^4.0.1",     "dotenv": "^6.0.0",     "eslint-config-freecodecamp": "^1.1.1",     "faker": "^4.1.0",     "gray-matter": "^4.0.1",     "jest": "^23.6.0",     "lerna": "^3.4.0",     "lodash": "^4.17.11",     "npm-run-all": "^4.1.5",     "ora": "^3.0.0",     "readdirp-walk": "^1.6.0",     "shortid": "^2.2.14",     "slugg": "^1.2.1",     "tree-kill": "^1.2.0"   } }  [] {"uid":"aeda4b3"}
[2019-01-29 21:01:17] slim-app.WARNING: Array [] {"uid":"1feee70"}
[2019-01-29 21:01:55] slim-app.WARNING: Array [] {"uid":"b206e97"}
[2019-01-29 21:02:10] slim-app.WARNING: Array [] {"uid":"7ab5156"}
[2019-01-29 21:02:37] slim-app.WARNING: Array [] {"uid":"1303881"}
[2019-01-29 21:03:16] slim-app.WARNING: Array [] {"uid":"f63b420"}
[2019-01-29 21:03:26] slim-app.WARNING: Array [] {"uid":"c8b12b6"}
[2019-01-29 21:03:46] slim-app.WARNING: Array [] {"uid":"ec7ca18"}
[2019-01-29 21:04:10] slim-app.WARNING: Array [] {"uid":"eafcd94"}
[2019-01-29 21:04:10] slim-app.DEBUG: Array [] {"uid":"eafcd94"}
[2019-01-29 21:05:42] slim-app.WARNING: Array [] {"uid":"3efe7ce"}
[2019-01-29 21:07:44] slim-app.WARNING: Array [] {"uid":"ee58ee8"}
[2019-01-29 21:07:44] slim-app.DEBUG:  [] {"uid":"ee58ee8"}
[2019-01-29 21:08:52] slim-app.DEBUG: {"total_count":740998,"incomplete_results":false,"items":[{"id":28457823,"node_id":"MDEwOlJlcG9zaXRvcnkyODQ1NzgyMw==","name":"freeCodeCamp","full_name":"freeCodeCamp/freeCodeCamp","private":false,"owner":{"login":"freeCodeCamp","id":9892522,"node_id":"MDEyOk9yZ2FuaXphdGlvbjk4OTI1MjI=","avatar_url":"https://avatars0.githubusercontent.com/u/9892522?v=4","gravatar_id":"","url":"https://api.github.com/users/freeCodeCamp","html_url":"https://github.com/freeCodeCamp","followers_url":"https://api.github.com/users/freeCodeCamp/followers","following_url":"https://api.github.com/users/freeCodeCamp/following{/other_user}","gists_url":"https://api.github.com/users/freeCodeCamp/gists{/gist_id}","starred_url":"https://api.github.com/users/freeCodeCamp/starred{/owner}{/repo}","subscriptions_url":"https://api.github.com/users/freeCodeCamp/subscriptions","organizations_url":"https://api.github.com/users/freeCodeCamp/orgs","repos_url":"https://api.github.com/users/freeCodeCamp/repos","events_url":"https://api.github.com/users/freeCodeCamp/events{/privacy}","received_events_url":"https://api.github.com/users/freeCodeCamp/received_events","type":"Organization","site_admin":false},"html_url":"https://github.com/freeCodeCamp/freeCodeCamp","description":"The https://www.freeCodeCamp.org open source codebase and curriculum. Learn to code for free together with millions of people.","fork":false,"url":"https://api.github.com/repos/freeCodeCamp/freeCodeCamp","forks_url":"https://api.github.com/repos/freeCodeCamp/freeCodeCamp/forks","keys_url":"https://api.github.com/repos/freeCodeCamp/freeCodeCamp/keys{/key_id}","collaborators_url":"https://api.github.com/repos/freeCodeCamp/freeCodeCamp/collaborators{/collaborator}","teams_url":"https://api.github.com/repos/freeCodeCamp/freeCodeCamp/teams","hooks_url":"https://api.github.com/repos/freeCodeCamp/freeCodeCamp/hooks","issue_events_url":"https://api.github.com/repos/freeCodeCamp/freeCodeCamp/issues/events{/number}","events_url":"https://api.github.com/repos/freeCodeCamp/freeCodeCamp/events","assignees_url":"https://api.github.com/repos/freeCodeCamp/freeCodeCamp/assignees{/user}","branches_url":"https://api.github.com/repos/freeCodeCamp/freeCodeCamp/branches{/branch}","tags_url":"https://api.github.com/repos/freeCodeCamp/freeCodeCamp/tags","blobs_url":"https://api.github.com/repos/freeCodeCamp/freeCodeCamp/git/blobs{/sha}","git_tags_url":"https://api.github.com/repos/freeCodeCamp/freeCodeCamp/git/tags{/sha}","git_refs_url":"https://api.github.com/repos/freeCodeCamp/freeCodeCamp/git/refs{/sha}","trees_url":"https://api.github.com/repos/freeCodeCamp/freeCodeCamp/git/trees{/sha}","statuses_url":"https://api.github.com/repos/freeCodeCamp/freeCodeCamp/statuses/{sha}","languages_url":"https://api.github.com/repos/freeCodeCamp/freeCodeCamp/languages","stargazers_url":"https://api.github.com/repos/freeCodeCamp/freeCodeCamp/stargazers","contributors_url":"https://api.github.com/repos/freeCodeCamp/freeCodeCamp/contributors","subscribers_url":"https://api.github.com/repos/freeCodeCamp/freeCodeCamp/subscribers","subscription_url":"https://api.github.com/repos/freeCodeCamp/freeCodeCamp/subscription","commits_url":"https://api.github.com/repos/freeCodeCamp/freeCodeCamp/commits{/sha}","git_commits_url":"https://api.github.com/repos/freeCodeCamp/freeCodeCamp/git/commits{/sha}","comments_url":"https://api.github.com/repos/freeCodeCamp/freeCodeCamp/comments{/number}","issue_comment_url":"https://api.github.com/repos/freeCodeCamp/freeCodeCamp/issues/comments{/number}","contents_url":"https://api.github.com/repos/freeCodeCamp/freeCodeCamp/contents/{+path}","compare_url":"https://api.github.com/repos/freeCodeCamp/freeCodeCamp/compare/{base}...{head}","merges_url":"https://api.github.com/repos/freeCodeCamp/freeCodeCamp/merges","archive_url":"https://api.github.com/repos/freeCodeCamp/freeCodeCamp/{archive_format}{/ref}","downloads_url":"https://api.github.com/repos/freeCodeCamp/freeCodeCamp/downloads","issues_url":"https://api.github.com/repos/freeCodeCamp/freeCodeCamp/issues{/number}","pulls_url":"https://api.github.com/repos/freeCodeCamp/freeCodeCamp/pulls{/number}","milestones_url":"https://api.github.com/repos/freeCodeCamp/freeCodeCamp/milestones{/number}","notifications_url":"https://api.github.com/repos/freeCodeCamp/freeCodeCamp/notifications{?since,all,participating}","labels_url":"https://api.github.com/repos/freeCodeCamp/freeCodeCamp/labels{/name}","releases_url":"https://api.github.com/repos/freeCodeCamp/freeCodeCamp/releases{/id}","deployments_url":"https://api.github.com/repos/freeCodeCamp/freeCodeCamp/deployments","created_at":"2014-12-24T17:49:19Z","updated_at":"2019-01-29T15:12:09Z","pushed_at":"2019-01-29T13:43:41Z","git_url":"git://github.com/freeCodeCamp/freeCodeCamp.git","ssh_url":"git@github.com:freeCodeCamp/freeCodeCamp.git","clone_url":"https://github.com/freeCodeCamp/freeCodeCamp.git","svn_url":"https://github.com/freeCodeCamp/freeCodeCamp","homepage":"","size":103105,"stargazers_count":297136,"watchers_count":297136,"language":"JavaScript","has_issues":true,"has_projects":false,"has_downloads":true,"has_wiki":false,"has_pages":false,"forks_count":20814,"mirror_url":null,"archived":false,"open_issues_count":4939,"license":{"key":"bsd-3-clause","name":"BSD 3-Clause \"New\" or \"Revised\" License","spdx_id":"BSD-3-Clause","url":"https://api.github.com/licenses/bsd-3-clause","node_id":"MDc6TGljZW5zZTU="},"forks":20814,"open_issues":4939,"watchers":297136,"default_branch":"master","score":26.099718},{"id":10270250,"node_id":"MDEwOlJlcG9zaXRvcnkxMDI3MDI1MA==","name":"react","full_name":"facebook/react","private":false,"owner":{"login":"facebook","id":69631,"node_id":"MDEyOk9yZ2FuaXphdGlvbjY5NjMx","avatar_url":"https://avatars3.githubusercontent.com/u/69631?v=4","gravatar_id":"","url":"https://api.github.com/users/facebook","html_url":"https://github.com/facebook","followers_url":"https://api.github.com/users/facebook/followers","following_url":"https://api.github.com/users/facebook/following{/other_user}","gists_url":"https://api.github.com/users/facebook/gists{/gist_id}","starred_url":"https://api.github.com/users/facebook/starred{/owner}{/repo}","subscriptions_url":"https://api.github.com/users/facebook/subscriptions","organizations_url":"https://api.github.com/users/facebook/orgs","repos_url":"https://api.github.com/users/facebook/repos","events_url":"https://api.github.com/users/facebook/events{/privacy}","received_events_url":"https://api.github.com/users/facebook/received_events","type":"Organization","site_admin":false},"html_url":"https://github.com/facebook/react","description":"A declarative, efficient, and flexible JavaScript library for building user interfaces.","fork":false,"url":"https://api.github.com/repos/facebook/react","forks_url":"https://api.github.com/repos/facebook/react/forks","keys_url":"https://api.github.com/repos/facebook/react/keys{/key_id}","collaborators_url":"https://api.github.com/repos/facebook/react/collaborators{/collaborator}","teams_url":"https://api.github.com/repos/facebook/react/teams","hooks_url":"https://api.github.com/repos/facebook/react/hooks","issue_events_url":"https://api.github.com/repos/facebook/react/issues/events{/number}","events_url":"https://api.github.com/repos/facebook/react/events","assignees_url":"https://api.github.com/repos/facebook/react/assignees{/user}","branches_url":"https://api.github.com/repos/facebook/react/branches{/branch}","tags_url":"https://api.github.com/repos/facebook/react/tags","blobs_url":"https://api.github.com/repos/facebook/react/git/blobs{/sha}","git_tags_url":"https://api.github.com/repos/facebook/react/git/tags{/sha}","git_refs_url":"https://api.github.com/repos/facebook/react/git/refs{/sha}","trees_url":"https://api.github.com/repos/facebook/react/git/trees{/sha}","statuses_url":"https://api.github.com/repos/facebook/react/statuses/{sha}","languages_url":"https://api.github.com/repos/facebook/react/languages","stargazers_url":"https://api.github.com/repos/facebook/react/stargazers","contributors_url":"https://api.github.com/repos/facebook/react/contributors","subscribers_url":"https://api.github.com/repos/facebook/react/subscribers","subscription_url":"https://api.github.com/repos/facebook/react/subscription","commits_url":"https://api.github.com/repos/facebook/react/commits{/sha}","git_commits_url":"https://api.github.com/repos/facebook/react/git/commits{/sha}","comments_url":"https://api.github.com/repos/facebook/react/comments{/number}","issue_comment_url":"https://api.github.com/repos/facebook/react/issues/comments{/number}","contents_url":"https://api.github.com/repos/facebook/react/contents/{+path}","compare_url":"https://api.github.com/repos/facebook/react/compare/{base}...{head}","merges_url":"https://api.github.com/repos/facebook/react/merges","archive_url":"https://api.github.com/repos/facebook/react/{archive_format}{/ref}","downloads_url":"https://api.github.com/repos/facebook/react/downloads","issues_url":"https://api.github.com/repos/facebook/react/issues{/number}","pulls_url":"https://api.github.com/repos/facebook/react/pulls{/number}","milestones_url":"https://api.github.com/repos/facebook/react/milestones{/number}","notifications_url":"https://api.github.com/repos/facebook/react/notifications{?since,all,participating}","labels_url":"https://api.github.com/repos/facebook/react/labels{/name}","releases_url":"https://api.github.com/repos/facebook/react/releases{/id}","deployments_url":"https://api.github.com/repos/facebook/react/deployments","created_at":"2013-05-24T16:15:54Z","updated_at":"2019-01-29T15:21:38Z","pushed_at":"2019-01-29T02:37:35Z","git_url":"git://github.com/facebook/react.git","ssh_url":"git@github.com:facebook/react.git","clone_url":"https://github.com/facebook/react.git","svn_url":"https://github.com/facebook/react","homepage":"https://reactjs.org","size":140292,"stargazers_count":120954,"watchers_count":120954,"language":"JavaScript","has_issues":true,"has_projects":true,"has_downloads":true,"has_wiki":true,"has_pages":true,"forks_count":21898,"mirror_url":null,"archived":false,"open_issues_count":533,"license":{"key":"mit","name":"MIT License","spdx_id":"MIT","url":"https://api.github.com/licenses/mit","node_id":"MDc6TGljZW5zZTEz"},"forks":21898,"open_issues":533,"watchers":120954,"default_branch":"master","score":155.46059},{"id":29028775,"node_id":"MDEwOlJlcG9zaXRvcnkyOTAyODc3NQ==","name":"react-native","full_name":"facebook/react-native","private":false,"owner":{"login":"facebook","id":69631,"node_id":"MDEyOk9yZ2FuaXphdGlvbjY5NjMx","avatar_url":"https://avatars3.githubusercontent.com/u/69631?v=4","gravatar_id":"","url":"https://api.github.com/users/facebook","html_url":"https://github.com/facebook","followers_url":"https://api.github.com/users/facebook/followers","following_url":"https://api.github.com/users/facebook/following{/other_user}","gists_url":"https://api.github.com/users/facebook/gists{/gist_id}","starred_url":"https://api.github.com/users/facebook/starred{/owner}{/repo}","subscriptions_url":"https://api.github.com/users/facebook/subscriptions","organizations_url":"https://api.github.com/users/facebook/orgs","repos_url":"https://api.github.com/users/facebook/repos","events_url":"https://api.github.com/users/facebook/events{/privacy}","received_events_url":"https://api.github.com/users/facebook/received_events","type":"Organization","site_admin":false},"html_url":"https://github.com/facebook/react-native","description":"A framework for building native apps with React.","fork":false,"url":"https://api.github.com/repos/facebook/react-native","forks_url":"https://api.github.com/repos/facebook/react-native/forks","keys_url":"https://api.github.com/repos/facebook/react-native/keys{/key_id}","collaborators_url":"https://api.github.com/repos/facebook/react-native/collaborators{/collaborator}","teams_url":"https://api.github.com/repos/facebook/react-native/teams","hooks_url":"https://api.github.com/repos/facebook/react-native/hooks","issue_events_url":"https://api.github.com/repos/facebook/react-native/issues/events{/number}","events_url":"https://api.github.com/repos/facebook/react-native/events","assignees_url":"https://api.github.com/repos/facebook/react-native/assignees{/user}","branches_url":"https://api.github.com/repos/facebook/react-native/branches{/branch}","tags_url":"https://api.github.com/repos/facebook/react-native/tags","blobs_url":"https://api.github.com/repos/facebook/react-native/git/blobs{/sha}","git_tags_url":"https://api.github.com/repos/facebook/react-native/git/tags{/sha}","git_refs_url":"https://api.github.com/repos/facebook/react-native/git/refs{/sha}","trees_url":"https://api.github.com/repos/facebook/react-native/git/trees{/sha}","statuses_url":"https://api.github.com/repos/facebook/react-native/statuses/{sha}","languages_url":"https://api.github.com/repos/facebook/react-native/languages","stargazers_url":"https://api.github.com/repos/facebook/react-native/stargazers","contributors_url":"https://api.github.com/repos/facebook/react-native/contributors","subscribers_url":"https://api.github.com/repos/facebook/react-native/subscribers","subscription_url":"https://api.github.com/repos/facebook/react-native/subscription","commits_url":"https://api.github.com/repos/facebook/react-native/commits{/sha}","git_commits_url":"https://api.github.com/repos/facebook/react-native/git/commits{/sha}","comments_url":"https://api.github.com/repos/facebook/react-native/comments{/number}","issue_comment_url":"https://api.github.com/repos/facebook/react-native/issues/comments{/number}","contents_url":"https://api.github.com/repos/facebook/react-native/contents/{+path}","compare_url":"https://api.github.com/repos/facebook/react-native/compare/{base}...{head}","merges_url":"https://api.github.com/repos/facebook/react-native/merges","archive_url":"https://api.github.com/repos/facebook/react-native/{archive_format}{/ref}","downloads_url":"https://api.github.com/repos/facebook/react-native/downloads","issues_url":"https://api.github.com/repos/facebook/react-native/issues{/number}","pulls_url":"https://api.github.com/repos/facebook/react-native/pulls{/number}","milestones_url":"https://api.github.com/repos/facebook/react-native/milestones{/number}","notifications_url":"https://api.github.com/repos/facebook/react-native/notifications{?since,all,participating}","labels_url":"https://api.github.com/repos/facebook/react-native/labels{/name}","releases_url":"https://api.github.com/repos/facebook/react-native/releases{/id}","deployments_url":"https://api.github.com/repos/facebook/react-native/deployments","created_at":"2015-01-09T18:10:16Z","updated_at":"2019-01-29T15:33:10Z","pushed_at":"2019-01-29T15:31:52Z","git_url":"git://github.com/facebook/react-native.git","ssh_url":"git@github.com:facebook/react-native.git","clone_url":"https://github.com/facebook/react-native.git","svn_url":"https://github.com/facebook/react-native","homepage":"https://facebook.github.io/react-native/","size":310458,"stargazers_count":73289,"watchers_count":73289,"language":"JavaScript","has_issues":true,"has_projects":true,"has_downloads":true,"has_wiki":true,"has_pages":true,"forks_count":16339,"mirror_url":null,"archived":false,"open_issues_count":802,"license":{"key":"other","name":"Other","spdx_id":"NOASSERTION","url":null,"node_id":"MDc6TGljZW5zZTA="},"forks":16339,"open_issues":802,"watchers":73289,"default_branch":"master","score":82.793274},{"id":63537249,"node_id":"MDEwOlJlcG9zaXRvcnk2MzUzNzI0OQ==","name":"create-react-app","full_name":"facebook/create-react-app","private":false,"owner":{"login":"facebook","id":69631,"node_id":"MDEyOk9yZ2FuaXphdGlvbjY5NjMx","avatar_url":"https://avatars3.githubusercontent.com/u/69631?v=4","gravatar_id":"","url":"https://api.github.com/users/facebook","html_url":"https://github.com/facebook","followers_url":"https://api.github.com/users/facebook/followers","following_url":"https://api.github.com/users/facebook/following{/other_user}","gists_url":"https://api.github.com/users/facebook/gists{/gist_id}","starred_url":"https://api.github.com/users/facebook/starred{/owner}{/repo}","subscriptions_url":"https://api.github.com/users/facebook/subscriptions","organizations_url":"https://api.github.com/users/facebook/orgs","repos_url":"https://api.github.com/users/facebook/repos","events_url":"https://api.github.com/users/facebook/events{/privacy}","received_events_url":"https://api.github.com/users/facebook/received_events","type":"Organization","site_admin":false},"html_url":"https://github.com/facebook/create-react-app","description":"Set up a modern web app by running one command.","fork":false,"url":"https://api.github.com/repos/facebook/create-react-app","forks_url":"https://api.github.com/repos/facebook/create-react-app/forks","keys_url":"https://api.github.com/repos/facebook/create-react-app/keys{/key_id}","collaborators_url":"https://api.github.com/repos/facebook/create-react-app/collaborators{/collaborator}","teams_url":"https://api.github.com/repos/facebook/create-react-app/teams","hooks_url":"https://api.github.com/repos/facebook/create-react-app/hooks","issue_events_url":"https://api.github.com/repos/facebook/create-react-app/issues/events{/number}","events_url":"https://api.github.com/repos/facebook/create-react-app/events","assignees_url":"https://api.github.com/repos/facebook/create-react-app/assignees{/user}","branches_url":"https://api.github.com/repos/facebook/create-react-app/branches{/branch}","tags_url":"https://api.github.com/repos/facebook/create-react-app/tags","blobs_url":"https://api.github.com/repos/facebook/create-react-app/git/blobs{/sha}","git_tags_url":"https://api.github.com/repos/facebook/create-react-app/git/tags{/sha}","git_refs_url":"https://api.github.com/repos/facebook/create-react-app/git/refs{/sha}","trees_url":"https://api.github.com/repos/facebook/create-react-app/git/trees{/sha}","statuses_url":"https://api.github.com/repos/facebook/create-react-app/statuses/{sha}","languages_url":"https://api.github.com/repos/facebook/create-react-app/languages","stargazers_url":"https://api.github.com/repos/facebook/create-react-app/stargazers","contributors_url":"https://api.github.com/repos/facebook/create-react-app/contributors","subscribers_url":"https://api.github.com/repos/facebook/create-react-app/subscribers","subscription_url":"https://api.github.com/repos/facebook/create-react-app/subscription","commits_url":"https://api.github.com/repos/facebook/create-react-app/commits{/sha}","git_commits_url":"https://api.github.com/repos/facebook/create-react-app/git/commits{/sha}","comments_url":"https://api.github.com/repos/facebook/create-react-app/comments{/number}","issue_comment_url":"https://api.github.com/repos/facebook/create-react-app/issues/comments{/number}","contents_url":"https://api.github.com/repos/facebook/create-react-app/contents/{+path}","compare_url":"https://api.github.com/repos/facebook/create-react-app/compare/{base}...{head}","merges_url":"https://api.github.com/repos/facebook/create-react-app/merges","archive_url":"https://api.github.com/repos/facebook/create-react-app/{archive_format}{/ref}","downloads_url":"https://api.github.com/repos/facebook/create-react-app/downloads","issues_url":"https://api.github.com/repos/facebook/create-react-app/issues{/number}","pulls_url":"https://api.github.com/repos/facebook/create-react-app/pulls{/number}","milestones_url":"https://api.github.com/repos/facebook/create-react-app/milestones{/number}","notifications_url":"https://api.github.com/repos/facebook/create-react-app/notifications{?since,all,participating}","labels_url":"https://api.github.com/repos/facebook/create-react-app/labels{/name}","releases_url":"https://api.github.com/repos/facebook/create-react-app/releases{/id}","deployments_url":"https://api.github.com/repos/facebook/create-react-app/deployments","created_at":"2016-07-17T14:55:11Z","updated_at":"2019-01-29T15:31:04Z","pushed_at":"2019-01-29T13:28:10Z","git_url":"git://github.com/facebook/create-react-app.git","ssh_url":"git@github.com:facebook/create-react-app.git","clone_url":"https://github.com/facebook/create-react-app.git","svn_url":"https://github.com/facebook/create-react-app","homepage":"https://facebook.github.io/create-react-app/","size":8959,"stargazers_count":62770,"watchers_count":62770,"language":"JavaScript","has_issues":true,"has_projects":true,"has_downloads":true,"has_wiki":false,"has_pages":true,"forks_count":13770,"mirror_url":null,"archived":false,"open_issues_count":343,"license":{"key":"mit","name":"MIT License","spdx_id":"MIT","url":"https://api.github.com/licenses/mit","node_id":"MDc6TGljZW5zZTEz"},"forks":13770,"open_issues":343,"watchers":62770,"default_branch":"master","score":77.01781},{"id":14098069,"node_id":"MDEwOlJlcG9zaXRvcnkxNDA5ODA2OQ==","name":"free-programming-books-zh_CN","full_name":"justjavac/free-programming-books-zh_CN","private":false,"owner":{"login":"justjavac","id":359395,"node_id":"MDQ6VXNlcjM1OTM5NQ==","avatar_url":"https://avatars1.githubusercontent.com/u/359395?v=4","gravatar_id":"","url":"https://api.github.com/users/justjavac","html_url":"https://github.com/justjavac","followers_url":"https://api.github.com/users/justjavac/followers","following_url":"https://api.github.com/users/justjavac/following{/other_user}","gists_url":"https://api.github.com/users/justjavac/gists{/gist_id}","starred_url":"https://api.github.com/users/justjavac/starred{/owner}{/repo}","subscriptions_url":"https://api.github.com/users/justjavac/subscriptions","organizations_url":"https://api.github.com/users/justjavac/orgs","repos_url":"https://api.github.com/users/justjavac/repos","events_url":"https://api.github.com/users/justjavac/events{/privacy}","received_events_url":"https://api.github.com/users/justjavac/received_events","type":"User","site_admin":false},"html_url":"https://github.com/justjavac/free-programming-books-zh_CN","description":":books: 免费的计算机编程类中文书籍，欢迎投稿","fork":false,"url":"https://api.github.com/repos/justjavac/free-programming-books-zh_CN","forks_url":"https://api.github.com/repos/justjavac/free-programming-books-zh_CN/forks","keys_url":"https://api.github.com/repos/justjavac/free-programming-books-zh_CN/keys{/key_id}","collaborators_url":"https://api.github.com/repos/justjavac/free-programming-books-zh_CN/collaborators{/collaborator}","teams_url":"https://api.github.com/repos/justjavac/free-programming-books-zh_CN/teams","hooks_url":"https://api.github.com/repos/justjavac/free-programming-books-zh_CN/hooks","issue_events_url":"https://api.github.com/repos/justjavac/free-programming-books-zh_CN/issues/events{/number}","events_url":"https://api.github.com/repos/justjavac/free-programming-books-zh_CN/events","assignees_url":"https://api.github.com/repos/justjavac/free-programming-books-zh_CN/assignees{/user}","branches_url":"https://api.github.com/repos/justjavac/free-programming-books-zh_CN/branches{/branch}","tags_url":"https://api.github.com/repos/justjavac/free-programming-books-zh_CN/tags","blobs_url":"https://api.github.com/repos/justjavac/free-programming-books-zh_CN/git/blobs{/sha}","git_tags_url":"https://api.github.com/repos/justjavac/free-programming-books-zh_CN/git/tags{/sha}","git_refs_url":"https://api.github.com/repos/justjavac/free-programming-books-zh_CN/git/refs{/sha}","trees_url":"https://api.github.com/repos/justjavac/free-programming-books-zh_CN/git/trees{/sha}","statuses_url":"https://api.github.com/repos/justjavac/free-programming-books-zh_CN/statuses/{sha}","languages_url":"https://api.github.com/repos/justjavac/free-programming-books-zh_CN/languages","stargazers_url":"https://api.github.com/repos/justjavac/free-programming-books-zh_CN/stargazers","contributors_url":"https://api.github.com/repos/justjavac/free-programming-books-zh_CN/contributors","subscribers_url":"https://api.github.com/repos/justjavac/free-programming-books-zh_CN/subscribers","subscription_url":"https://api.github.com/repos/justjavac/free-programming-books-zh_CN/subscription","commits_url":"https://api.github.com/repos/justjavac/free-programming-books-zh_CN/commits{/sha}","git_commits_url":"https://api.github.com/repos/justjavac/free-programming-books-zh_CN/git/commits{/sha}","comments_url":"https://api.github.com/repos/justjavac/free-programming-books-zh_CN/comments{/number}","issue_comment_url":"https://api.github.com/repos/justjavac/free-programming-books-zh_CN/issues/comments{/number}","contents_url":"https://api.github.com/repos/justjavac/free-programming-books-zh_CN/contents/{+path}","compare_url":"https://api.github.com/repos/justjavac/free-programming-books-zh_CN/compare/{base}...{head}","merges_url":"https://api.github.com/repos/justjavac/free-programming-books-zh_CN/merges","archive_url":"https://api.github.com/repos/justjavac/free-programming-books-zh_CN/{archive_format}{/ref}","downloads_url":"https://api.github.com/repos/justjavac/free-programming-books-zh_CN/downloads","issues_url":"https://api.github.com/repos/justjavac/free-programming-books-zh_CN/issues{/number}","pulls_url":"https://api.github.com/repos/justjavac/free-programming-books-zh_CN/pulls{/number}","milestones_url":"https://api.github.com/repos/justjavac/free-programming-books-zh_CN/milestones{/number}","notifications_url":"https://api.github.com/repos/justjavac/free-programming-books-zh_CN/notifications{?since,all,participating}","labels_url":"https://api.github.com/repos/justjavac/free-programming-books-zh_CN/labels{/name}","releases_url":"https://api.github.com/repos/justjavac/free-programming-books-zh_CN/releases{/id}","deployments_url":"https://api.github.com/repos/justjavac/free-programming-books-zh_CN/deployments","created_at":"2013-11-04T01:59:19Z","updated_at":"2019-01-29T14:48:51Z","pushed_at":"2018-12-23T11:54:19Z","git_url":"git://github.com/justjavac/free-programming-books-zh_CN.git","ssh_url":"git@github.com:justjavac/free-programming-books-zh_CN.git","clone_url":"https://github.com/justjavac/free-programming-books-zh_CN.git","svn_url":"https://github.com/justjavac/free-programming-books-zh_CN","homepage":"http://weibo.com/justjavac","size":1004,"stargazers_count":44727,"watchers_count":44727,"language":"JavaScript","has_issues":true,"has_projects":true,"has_downloads":true,"has_wiki":false,"has_pages":false,"forks_count":14988,"mirror_url":null,"archived":false,"open_issues_count":151,"license":{"key":"gpl-3.0","name":"GNU General Public License v3.0","spdx_id":"GPL-3.0","url":"https://api.github.com/licenses/gpl-3.0","node_id":"MDc6TGljZW5zZTk="},"forks":14988,"open_issues":151,"watchers":44727,"default_branch":"master","score":24.250805},{"id":23083156,"node_id":"MDEwOlJlcG9zaXRvcnkyMzA4MzE1Ng==","name":"material-ui","full_name":"mui-org/material-ui","private":false,"owner":{"login":"mui-org","id":33663932,"node_id":"MDEyOk9yZ2FuaXphdGlvbjMzNjYzOTMy","avatar_url":"https://avatars2.githubusercontent.com/u/33663932?v=4","gravatar_id":"","url":"https://api.github.com/users/mui-org","html_url":"https://github.com/mui-org","followers_url":"https://api.github.com/users/mui-org/followers","following_url":"https://api.github.com/users/mui-org/following{/other_user}","gists_url":"https://api.github.com/users/mui-org/gists{/gist_id}","starred_url":"https://api.github.com/users/mui-org/starred{/owner}{/repo}","subscriptions_url":"https://api.github.com/users/mui-org/subscriptions","organizations_url":"https://api.github.com/users/mui-org/orgs","repos_url":"https://api.github.com/users/mui-org/repos","events_url":"https://api.github.com/users/mui-org/events{/privacy}","received_events_url":"https://api.github.com/users/mui-org/received_events","type":"Organization","site_admin":false},"html_url":"https://github.com/mui-org/material-ui","description":"React components that implement Google's Material Design.","fork":false,"url":"https://api.github.com/repos/mui-org/material-ui","forks_url":"https://api.github.com/repos/mui-org/material-ui/forks","keys_url":"https://api.github.com/repos/mui-org/material-ui/keys{/key_id}","collaborators_url":"https://api.github.com/repos/mui-org/material-ui/collaborators{/collaborator}","teams_url":"https://api.github.com/repos/mui-org/material-ui/teams","hooks_url":"https://api.github.com/repos/mui-org/material-ui/hooks","issue_events_url":"https://api.github.com/repos/mui-org/material-ui/issues/events{/number}","events_url":"https://api.github.com/repos/mui-org/material-ui/events","assignees_url":"https://api.github.com/repos/mui-org/material-ui/assignees{/user}","branches_url":"https://api.github.com/repos/mui-org/material-ui/branches{/branch}","tags_url":"https://api.github.com/repos/mui-org/material-ui/tags","blobs_url":"https://api.github.com/repos/mui-org/material-ui/git/blobs{/sha}","git_tags_url":"https://api.github.com/repos/mui-org/material-ui/git/tags{/sha}","git_refs_url":"https://api.github.com/repos/mui-org/material-ui/git/refs{/sha}","trees_url":"https://api.github.com/repos/mui-org/material-ui/git/trees{/sha}","statuses_url":"https://api.github.com/repos/mui-org/material-ui/statuses/{sha}","languages_url":"https://api.github.com/repos/mui-org/material-ui/languages","stargazers_url":"https://api.github.com/repos/mui-org/material-ui/stargazers","contributors_url":"https://api.github.com/repos/mui-org/material-ui/contributors","subscribers_url":"https://api.github.com/repos/mui-org/material-ui/subscribers","subscription_url":"https://api.github.com/repos/mui-org/material-ui/subscription","commits_url":"https://api.github.com/repos/mui-org/material-ui/commits{/sha}","git_commits_url":"https://api.github.com/repos/mui-org/material-ui/git/commits{/sha}","comments_url":"https://api.github.com/repos/mui-org/material-ui/comments{/number}","issue_comment_url":"https://api.github.com/repos/mui-org/material-ui/issues/comments{/number}","contents_url":"https://api.github.com/repos/mui-org/material-ui/contents/{+path}","compare_url":"https://api.github.com/repos/mui-org/material-ui/compare/{base}...{head}","merges_url":"https://api.github.com/repos/mui-org/material-ui/merges","archive_url":"https://api.github.com/repos/mui-org/material-ui/{archive_format}{/ref}","downloads_url":"https://api.github.com/repos/mui-org/material-ui/downloads","issues_url":"https://api.github.com/repos/mui-org/material-ui/issues{/number}","pulls_url":"https://api.github.com/repos/mui-org/material-ui/pulls{/number}","milestones_url":"https://api.github.com/repos/mui-org/material-ui/milestones{/number}","notifications_url":"https://api.github.com/repos/mui-org/material-ui/notifications{?since,all,participating}","labels_url":"https://api.github.com/repos/mui-org/material-ui/labels{/name}","releases_url":"https://api.github.com/repos/mui-org/material-ui/releases{/id}","deployments_url":"https://api.github.com/repos/mui-org/material-ui/deployments","created_at":"2014-08-18T19:11:54Z","updated_at":"2019-01-29T15:04:39Z","pushed_at":"2019-01-29T14:55:15Z","git_url":"git://github.com/mui-org/material-ui.git","ssh_url":"git@github.com:mui-org/material-ui.git","clone_url":"https://github.com/mui-org/material-ui.git","svn_url":"https://github.com/mui-org/material-ui","homepage":"https://material-ui.com/","size":60471,"stargazers_count":43995,"watchers_count":43995,"language":"JavaScript","has_issues":true,"has_projects":false,"has_downloads":true,"has_wiki":false,"has_pages":false,"forks_count":8930,"mirror_url":null,"archived":false,"open_issues_count":295,"license":{"key":"mit","name":"MIT License","spdx_id":"MIT","url":"https://api.github.com/licenses/mit","node_id":"MDc6TGljZW5zZTEz"},"forks":8930,"open_issues":295,"watchers":43995,"default_branch":"master","score":61.61518},{"id":34526884,"node_id":"MDEwOlJlcG9zaXRvcnkzNDUyNjg4NA==","name":"ant-design","full_name":"ant-design/ant-design","private":false,"owner":{"login":"ant-design","id":12101536,"node_id":"MDEyOk9yZ2FuaXphdGlvbjEyMTAxNTM2","avatar_url":"https://avatars3.githubusercontent.com/u/12101536?v=4","gravatar_id":"","url":"https://api.github.com/users/ant-design","html_url":"https://github.com/ant-design","followers_url":"https://api.github.com/users/ant-design/followers","following_url":"https://api.github.com/users/ant-design/following{/other_user}","gists_url":"https://api.github.com/users/ant-design/gists{/gist_id}","starred_url":"https://api.github.com/users/ant-design/starred{/owner}{/repo}","subscriptions_url":"https://api.github.com/users/ant-design/subscriptions","organizations_url":"https://api.github.com/users/ant-design/orgs","repos_url":"https://api.github.com/users/ant-design/repos","events_url":"https://api.github.com/users/ant-design/events{/privacy}","received_events_url":"https://api.github.com/users/ant-design/received_events","type":"Organization","site_admin":false},"html_url":"https://github.com/ant-design/ant-design","description":"🌈 A UI Design Language","fork":false,"url":"https://api.github.com/repos/ant-design/ant-design","forks_url":"https://api.github.com/repos/ant-design/ant-design/forks","keys_url":"https://api.github.com/repos/ant-design/ant-design/keys{/key_id}","collaborators_url":"https://api.github.com/repos/ant-design/ant-design/collaborators{/collaborator}","teams_url":"https://api.github.com/repos/ant-design/ant-design/teams","hooks_url":"https://api.github.com/repos/ant-design/ant-design/hooks","issue_events_url":"https://api.github.com/repos/ant-design/ant-design/issues/events{/number}","events_url":"https://api.github.com/repos/ant-design/ant-design/events","assignees_url":"https://api.github.com/repos/ant-design/ant-design/assignees{/user}","branches_url":"https://api.github.com/repos/ant-design/ant-design/branches{/branch}","tags_url":"https://api.github.com/repos/ant-design/ant-design/tags","blobs_url":"https://api.github.com/repos/ant-design/ant-design/git/blobs{/sha}","git_tags_url":"https://api.github.com/repos/ant-design/ant-design/git/tags{/sha}","git_refs_url":"https://api.github.com/repos/ant-design/ant-design/git/refs{/sha}","trees_url":"https://api.github.com/repos/ant-design/ant-design/git/trees{/sha}","statuses_url":"https://api.github.com/repos/ant-design/ant-design/statuses/{sha}","languages_url":"https://api.github.com/repos/ant-design/ant-design/languages","stargazers_url":"https://api.github.com/repos/ant-design/ant-design/stargazers","contributors_url":"https://api.github.com/repos/ant-design/ant-design/contributors","subscribers_url":"https://api.github.com/repos/ant-design/ant-design/subscribers","subscription_url":"https://api.github.com/repos/ant-design/ant-design/subscription","commits_url":"https://api.github.com/repos/ant-design/ant-design/commits{/sha}","git_commits_url":"https://api.github.com/repos/ant-design/ant-design/git/commits{/sha}","comments_url":"https://api.github.com/repos/ant-design/ant-design/comments{/number}","issue_comment_url":"https://api.github.com/repos/ant-design/ant-design/issues/comments{/number}","contents_url":"https://api.github.com/repos/ant-design/ant-design/contents/{+path}","compare_url":"https://api.github.com/repos/ant-design/ant-design/compare/{base}...{head}","merges_url":"https://api.github.com/repos/ant-design/ant-design/merges","archive_url":"https://api.github.com/repos/ant-design/ant-design/{archive_format}{/ref}","downloads_url":"https://api.github.com/repos/ant-design/ant-design/downloads","issues_url":"https://api.github.com/repos/ant-design/ant-design/issues{/number}","pulls_url":"https://api.github.com/repos/ant-design/ant-design/pulls{/number}","milestones_url":"https://api.github.com/repos/ant-design/ant-design/milestones{/number}","notifications_url":"https://api.github.com/repos/ant-design/ant-design/notifications{?since,all,participating}","labels_url":"https://api.github.com/repos/ant-design/ant-design/labels{/name}","releases_url":"https://api.github.com/repos/ant-design/ant-design/releases{/id}","deployments_url":"https://api.github.com/repos/ant-design/ant-design/deployments","created_at":"2015-04-24T15:37:24Z","updated_at":"2019-01-29T15:10:18Z","pushed_at":"2019-01-29T13:50:59Z","git_url":"git://github.com/ant-design/ant-design.git","ssh_url":"git@github.com:ant-design/ant-design.git","clone_url":"https://github.com/ant-design/ant-design.git","svn_url":"https://github.com/ant-design/ant-design","homepage":"https://ant.design","size":340684,"stargazers_count":41876,"watchers_count":41876,"language":"TypeScript","has_issues":true,"has_projects":false,"has_downloads":true,"has_wiki":true,"has_pages":true,"forks_count":14114,"mirror_url":null,"archived":false,"open_issues_count":316,"license":{"key":"mit","name":"MIT License","spdx_id":"MIT","url":"https://api.github.com/licenses/mit","node_id":"MDc6TGljZW5zZTEz"},"forks":14114,"open_issues":316,"watchers":41876,"default_branch":"master","score":23.990612},{"id":19872456,"node_id":"MDEwOlJlcG9zaXRvcnkxOTg3MjQ1Ng==","name":"react-router","full_name":"ReactTraining/react-router","private":false,"owner":{"login":"ReactTraining","id":11823761,"node_id":"MDEyOk9yZ2FuaXphdGlvbjExODIzNzYx","avatar_url":"https://avatars1.githubusercontent.com/u/11823761?v=4","gravatar_id":"","url":"https://api.github.com/users/ReactTraining","html_url":"https://github.com/ReactTraining","followers_url":"https://api.github.com/users/ReactTraining/followers","following_url":"https://api.github.com/users/ReactTraining/following{/other_user}","gists_url":"https://api.github.com/users/ReactTraining/gists{/gist_id}","starred_url":"https://api.github.com/users/ReactTraining/starred{/owner}{/repo}","subscriptions_url":"https://api.github.com/users/ReactTraining/subscriptions","organizations_url":"https://api.github.com/users/ReactTraining/orgs","repos_url":"https://api.github.com/users/ReactTraining/repos","events_url":"https://api.github.com/users/ReactTraining/events{/privacy}","received_events_url":"https://api.github.com/users/ReactTraining/received_events","type":"Organization","site_admin":false},"html_url":"https://github.com/ReactTraining/react-router","description":"Declarative routing for React","fork":false,"url":"https://api.github.com/repos/ReactTraining/react-router","forks_url":"https://api.github.com/repos/ReactTraining/react-router/forks","keys_url":"https://api.github.com/repos/ReactTraining/react-router/keys{/key_id}","collaborators_url":"https://api.github.com/repos/ReactTraining/react-router/collaborators{/collaborator}","teams_url":"https://api.github.com/repos/ReactTraining/react-router/teams","hooks_url":"https://api.github.com/repos/ReactTraining/react-router/hooks","issue_events_url":"https://api.github.com/repos/ReactTraining/react-router/issues/events{/number}","events_url":"https://api.github.com/repos/ReactTraining/react-router/events","assignees_url":"https://api.github.com/repos/ReactTraining/react-router/assignees{/user}","branches_url":"https://api.github.com/repos/ReactTraining/react-router/branches{/branch}","tags_url":"https://api.github.com/repos/ReactTraining/react-router/tags","blobs_url":"https://api.github.com/repos/ReactTraining/react-router/git/blobs{/sha}","git_tags_url":"https://api.github.com/repos/ReactTraining/react-router/git/tags{/sha}","git_refs_url":"https://api.github.com/repos/ReactTraining/react-router/git/refs{/sha}","trees_url":"https://api.github.com/repos/ReactTraining/react-router/git/trees{/sha}","statuses_url":"https://api.github.com/repos/ReactTraining/react-router/statuses/{sha}","languages_url":"https://api.github.com/repos/ReactTraining/react-router/languages","stargazers_url":"https://api.github.com/repos/ReactTraining/react-router/stargazers","contributors_url":"https://api.github.com/repos/ReactTraining/react-router/contributors","subscribers_url":"https://api.github.com/repos/ReactTraining/react-router/subscribers","subscription_url":"https://api.github.com/repos/ReactTraining/react-router/subscription","commits_url":"https://api.github.com/repos/ReactTraining/react-router/commits{/sha}","git_commits_url":"https://api.github.com/repos/ReactTraining/react-router/git/commits{/sha}","comments_url":"https://api.github.com/repos/ReactTraining/react-router/comments{/number}","issue_comment_url":"https://api.github.com/repos/ReactTraining/react-router/issues/comments{/number}","contents_url":"https://api.github.com/repos/ReactTraining/react-router/contents/{+path}","compare_url":"https://api.github.com/repos/ReactTraining/react-router/compare/{base}...{head}","merges_url":"https://api.github.com/repos/ReactTraining/react-router/merges","archive_url":"https://api.github.com/repos/ReactTraining/react-router/{archive_format}{/ref}","downloads_url":"https://api.github.com/repos/ReactTraining/react-router/downloads","issues_url":"https://api.github.com/repos/ReactTraining/react-router/issues{/number}","pulls_url":"https://api.github.com/repos/ReactTraining/react-router/pulls{/number}","milestones_url":"https://api.github.com/repos/ReactTraining/react-router/milestones{/number}","notifications_url":"https://api.github.com/repos/ReactTraining/react-router/notifications{?since,all,participating}","labels_url":"https://api.github.com/repos/ReactTraining/react-router/labels{/name}","releases_url":"https://api.github.com/repos/ReactTraining/react-router/releases{/id}","deployments_url":"https://api.github.com/repos/ReactTraining/react-router/deployments","created_at":"2014-05-16T22:22:51Z","updated_at":"2019-01-29T15:28:34Z","pushed_at":"2019-01-18T16:15:41Z","git_url":"git://github.com/ReactTraining/react-router.git","ssh_url":"git@github.com:ReactTraining/react-router.git","clone_url":"https://github.com/ReactTraining/react-router.git","svn_url":"https://github.com/ReactTraining/react-router","homepage":"https://reacttraining.com/react-router/","size":12428,"stargazers_count":34576,"watchers_count":34576,"language":"JavaScript","has_issues":true,"has_projects":false,"has_downloads":true,"has_wiki":false,"has_pages":false,"forks_count":7157,"mirror_url":null,"archived":false,"open_issues_count":63,"license":{"key":"mit","name":"MIT License","spdx_id":"MIT","url":"https://api.github.com/licenses/mit","node_id":"MDc6TGljZW5zZTEz"},"forks":7157,"open_issues":63,"watchers":34576,"default_branch":"master","score":80.189354},{"id":70107786,"node_id":"MDEwOlJlcG9zaXRvcnk3MDEwNzc4Ng==","name":"next.js","full_name":"zeit/next.js","private":false,"owner":{"login":"zeit","id":14985020,"node_id":"MDEyOk9yZ2FuaXphdGlvbjE0OTg1MDIw","avatar_url":"https://avatars0.githubusercontent.com/u/14985020?v=4","gravatar_id":"","url":"https://api.github.com/users/zeit","html_url":"https://github.com/zeit","followers_url":"https://api.github.com/users/zeit/followers","following_url":"https://api.github.com/users/zeit/following{/other_user}","gists_url":"https://api.github.com/users/zeit/gists{/gist_id}","starred_url":"https://api.github.com/users/zeit/starred{/owner}{/repo}","subscriptions_url":"https://api.github.com/users/zeit/subscriptions","organizations_url":"https://api.github.com/users/zeit/orgs","repos_url":"https://api.github.com/users/zeit/repos","events_url":"https://api.github.com/users/zeit/events{/privacy}","received_events_url":"https://api.github.com/users/zeit/received_events","type":"Organization","site_admin":false},"html_url":"https://github.com/zeit/next.js","description":"The React Framework","fork":false,"url":"https://api.github.com/repos/zeit/next.js","forks_url":"https://api.github.com/repos/zeit/next.js/forks","keys_url":"https://api.github.com/repos/zeit/next.js/keys{/key_id}","collaborators_url":"https://api.github.com/repos/zeit/next.js/collaborators{/collaborator}","teams_url":"https://api.github.com/repos/zeit/next.js/teams","hooks_url":"https://api.github.com/repos/zeit/next.js/hooks","issue_events_url":"https://api.github.com/repos/zeit/next.js/issues/events{/number}","events_url":"https://api.github.com/repos/zeit/next.js/events","assignees_url":"https://api.github.com/repos/zeit/next.js/assignees{/user}","branches_url":"https://api.github.com/repos/zeit/next.js/branches{/branch}","tags_url":"https://api.github.com/repos/zeit/next.js/tags","blobs_url":"https://api.github.com/repos/zeit/next.js/git/blobs{/sha}","git_tags_url":"https://api.github.com/repos/zeit/next.js/git/tags{/sha}","git_refs_url":"https://api.github.com/repos/zeit/next.js/git/refs{/sha}","trees_url":"https://api.github.com/repos/zeit/next.js/git/trees{/sha}","statuses_url":"https://api.github.com/repos/zeit/next.js/statuses/{sha}","languages_url":"https://api.github.com/repos/zeit/next.js/languages","stargazers_url":"https://api.github.com/repos/zeit/next.js/stargazers","contributors_url":"https://api.github.com/repos/zeit/next.js/contributors","subscribers_url":"https://api.github.com/repos/zeit/next.js/subscribers","subscription_url":"https://api.github.com/repos/zeit/next.js/subscription","commits_url":"https://api.github.com/repos/zeit/next.js/commits{/sha}","git_commits_url":"https://api.github.com/repos/zeit/next.js/git/commits{/sha}","comments_url":"https://api.github.com/repos/zeit/next.js/comments{/number}","issue_comment_url":"https://api.github.com/repos/zeit/next.js/issues/comments{/number}","contents_url":"https://api.github.com/repos/zeit/next.js/contents/{+path}","compare_url":"https://api.github.com/repos/zeit/next.js/compare/{base}...{head}","merges_url":"https://api.github.com/repos/zeit/next.js/merges","archive_url":"https://api.github.com/repos/zeit/next.js/{archive_format}{/ref}","downloads_url":"https://api.github.com/repos/zeit/next.js/downloads","issues_url":"https://api.github.com/repos/zeit/next.js/issues{/number}","pulls_url":"https://api.github.com/repos/zeit/next.js/pulls{/number}","milestones_url":"https://api.github.com/repos/zeit/next.js/milestones{/number}","notifications_url":"https://api.github.com/repos/zeit/next.js/notifications{?since,all,participating}","labels_url":"https://api.github.com/repos/zeit/next.js/labels{/name}","releases_url":"https://api.github.com/repos/zeit/next.js/releases{/id}","deployments_url":"https://api.github.com/repos/zeit/next.js/deployments","created_at":"2016-10-05T23:32:51Z","updated_at":"2019-01-29T15:06:17Z","pushed_at":"2019-01-29T15:02:57Z","git_url":"git://github.com/zeit/next.js.git","ssh_url":"git@github.com:zeit/next.js.git","clone_url":"https://github.com/zeit/next.js.git","svn_url":"https://github.com/zeit/next.js","homepage":"https://nextjs.org","size":9030,"stargazers_count":34080,"watchers_count":34080,"language":"JavaScript","has_issues":true,"has_projects":false,"has_downloads":true,"has_wiki":true,"has_pages":false,"forks_count":3757,"mirror_url":null,"archived":false,"open_issues_count":200,"license":{"key":"mit","name":"MIT License","spdx_id":"MIT","url":"https://api.github.com/licenses/mit","node_id":"MDc6TGljZW5zZTEz"},"forks":3757,"open_issues":200,"watchers":34080,"default_branch":"canary","score":76.5545},{"id":54173593,"node_id":"MDEwOlJlcG9zaXRvcnk1NDE3MzU5Mw==","name":"storybook","full_name":"storybooks/storybook","private":false,"owner":{"login":"storybooks","id":22632046,"node_id":"MDEyOk9yZ2FuaXphdGlvbjIyNjMyMDQ2","avatar_url":"https://avatars3.githubusercontent.com/u/22632046?v=4","gravatar_id":"","url":"https://api.github.com/users/storybooks","html_url":"https://github.com/storybooks","followers_url":"https://api.github.com/users/storybooks/followers","following_url":"https://api.github.com/users/storybooks/following{/other_user}","gists_url":"https://api.github.com/users/storybooks/gists{/gist_id}","starred_url":"https://api.github.com/users/storybooks/starred{/owner}{/repo}","subscriptions_url":"https://api.github.com/users/storybooks/subscriptions","organizations_url":"https://api.github.com/users/storybooks/orgs","repos_url":"https://api.github.com/users/storybooks/repos","events_url":"https://api.github.com/users/storybooks/events{/privacy}","received_events_url":"https://api.github.com/users/storybooks/received_events","type":"Organization","site_admin":false},"html_url":"https://github.com/storybooks/storybook","description":"Interactive UI component dev & test: React, React Native, Vue, Angular, Ember","fork":false,"url":"https://api.github.com/repos/storybooks/storybook","forks_url":"https://api.github.com/repos/storybooks/storybook/forks","keys_url":"https://api.github.com/repos/storybooks/storybook/keys{/key_id}","collaborators_url":"https://api.github.com/repos/storybooks/storybook/collaborators{/collaborator}","teams_url":"https://api.github.com/repos/storybooks/storybook/teams","hooks_url":"https://api.github.com/repos/storybooks/storybook/hooks","issue_events_url":"https://api.github.com/repos/storybooks/storybook/issues/events{/number}","events_url":"https://api.github.com/repos/storybooks/storybook/events","assignees_url":"https://api.github.com/repos/storybooks/storybook/assignees{/user}","branches_url":"https://api.github.com/repos/storybooks/storybook/branches{/branch}","tags_url":"https://api.github.com/repos/storybooks/storybook/tags","blobs_url":"https://api.github.com/repos/storybooks/storybook/git/blobs{/sha}","git_tags_url":"https://api.github.com/repos/storybooks/storybook/git/tags{/sha}","git_refs_url":"https://api.github.com/repos/storybooks/storybook/git/refs{/sha}","trees_url":"https://api.github.com/repos/storybooks/storybook/git/trees{/sha}","statuses_url":"https://api.github.com/repos/storybooks/storybook/statuses/{sha}","languages_url":"https://api.github.com/repos/storybooks/storybook/languages","stargazers_url":"https://api.github.com/repos/storybooks/storybook/stargazers","contributors_url":"https://api.github.com/repos/storybooks/storybook/contributors","subscribers_url":"https://api.github.com/repos/storybooks/storybook/subscribers","subscription_url":"https://api.github.com/repos/storybooks/storybook/subscription","commits_url":"https://api.github.com/repos/storybooks/storybook/commits{/sha}","git_commits_url":"https://api.github.com/repos/storybooks/storybook/git/commits{/sha}","comments_url":"https://api.github.com/repos/storybooks/storybook/comments{/number}","issue_comment_url":"https://api.github.com/repos/storybooks/storybook/issues/comments{/number}","contents_url":"https://api.github.com/repos/storybooks/storybook/contents/{+path}","compare_url":"https://api.github.com/repos/storybooks/storybook/compare/{base}...{head}","merges_url":"https://api.github.com/repos/storybooks/storybook/merges","archive_url":"https://api.github.com/repos/storybooks/storybook/{archive_format}{/ref}","downloads_url":"https://api.github.com/repos/storybooks/storybook/downloads","issues_url":"https://api.github.com/repos/storybooks/storybook/issues{/number}","pulls_url":"https://api.github.com/repos/storybooks/storybook/pulls{/number}","milestones_url":"https://api.github.com/repos/storybooks/storybook/milestones{/number}","notifications_url":"https://api.github.com/repos/storybooks/storybook/notifications{?since,all,participating}","labels_url":"https://api.github.com/repos/storybooks/storybook/labels{/name}","releases_url":"https://api.github.com/repos/storybooks/storybook/releases{/id}","deployments_url":"https://api.github.com/repos/storybooks/storybook/deployments","created_at":"2016-03-18T04:23:44Z","updated_at":"2019-01-29T15:06:55Z","pushed_at":"2019-01-29T14:14:58Z","git_url":"git://github.com/storybooks/storybook.git","ssh_url":"git@github.com:storybooks/storybook.git","clone_url":"https://github.com/storybooks/storybook.git","svn_url":"https://github.com/storybooks/storybook","homepage":"https://storybook.js.org","size":143259,"stargazers_count":33448,"watchers_count":33448,"language":"JavaScript","has_issues":true,"has_projects":false,"has_downloads":true,"has_wiki":false,"has_pages":false,"forks_count":2511,"mirror_url":null,"archived":false,"open_issues_count":220,"license":{"key":"mit","name":"MIT License","spdx_id":"MIT","url":"https://api.github.com/licenses/mit","node_id":"MDc6TGljZW5zZTEz"},"forks":2511,"open_issues":220,"watchers":33448,"default_branch":"next","score":66.19089},{"id":69629434,"node_id":"MDEwOlJlcG9zaXRvcnk2OTYyOTQzNA==","name":"freecodecamp.cn","full_name":"FreeCodeCampChina/freecodecamp.cn","private":false,"owner":{"login":"FreeCodeCampChina","id":18478284,"node_id":"MDEyOk9yZ2FuaXphdGlvbjE4NDc4Mjg0","avatar_url":"https://avatars0.githubusercontent.com/u/18478284?v=4","gravatar_id":"","url":"https://api.github.com/users/FreeCodeCampChina","html_url":"https://github.com/FreeCodeCampChina","followers_url":"https://api.github.com/users/FreeCodeCampChina/followers","following_url":"https://api.github.com/users/FreeCodeCampChina/following{/other_user}","gists_url":"https://api.github.com/users/FreeCodeCampChina/gists{/gist_id}","starred_url":"https://api.github.com/users/FreeCodeCampChina/starred{/owner}{/repo}","subscriptions_url":"https://api.github.com/users/FreeCodeCampChina/subscriptions","organizations_url":"https://api.github.com/users/FreeCodeCampChina/orgs","repos_url":"https://api.github.com/users/FreeCodeCampChina/repos","events_url":"https://api.github.com/users/FreeCodeCampChina/events{/privacy}","received_events_url":"https://api.github.com/users/FreeCodeCampChina/received_events","type":"Organization","site_admin":false},"html_url":"https://github.com/FreeCodeCampChina/freecodecamp.cn","description":"The FreeCodeCamp.cn(FCC China) open source codebase and curriculum. Learn to code and help nonprofits.","fork":false,"url":"https://api.github.com/repos/FreeCodeCampChina/freecodecamp.cn","forks_url":"https://api.github.com/repos/FreeCodeCampChina/freecodecamp.cn/forks","keys_url":"https://api.github.com/repos/FreeCodeCampChina/freecodecamp.cn/keys{/key_id}","collaborators_url":"https://api.github.com/repos/FreeCodeCampChina/freecodecamp.cn/collaborators{/collaborator}","teams_url":"https://api.github.com/repos/FreeCodeCampChina/freecodecamp.cn/teams","hooks_url":"https://api.github.com/repos/FreeCodeCampChina/freecodecamp.cn/hooks","issue_events_url":"https://api.github.com/repos/FreeCodeCampChina/freecodecamp.cn/issues/events{/number}","events_url":"https://api.github.com/repos/FreeCodeCampChina/freecodecamp.cn/events","assignees_url":"https://api.github.com/repos/FreeCodeCampChina/freecodecamp.cn/assignees{/user}","branches_url":"https://api.github.com/repos/FreeCodeCampChina/freecodecamp.cn/branches{/branch}","tags_url":"https://api.github.com/repos/FreeCodeCampChina/freecodecamp.cn/tags","blobs_url":"https://api.github.com/repos/FreeCodeCampChina/freecodecamp.cn/git/blobs{/sha}","git_tags_url":"https://api.github.com/repos/FreeCodeCampChina/freecodecamp.cn/git/tags{/sha}","git_refs_url":"https://api.github.com/repos/FreeCodeCampChina/freecodecamp.cn/git/refs{/sha}","trees_url":"https://api.github.com/repos/FreeCodeCampChina/freecodecamp.cn/git/trees{/sha}","statuses_url":"https://api.github.com/repos/FreeCodeCampChina/freecodecamp.cn/statuses/{sha}","languages_url":"https://api.github.com/repos/FreeCodeCampChina/freecodecamp.cn/languages","stargazers_url":"https://api.github.com/repos/FreeCodeCampChina/freecodecamp.cn/stargazers","contributors_url":"https://api.github.com/repos/FreeCodeCampChina/freecodecamp.cn/contributors","subscribers_url":"https://api.github.com/repos/FreeCodeCampChina/freecodecamp.cn/subscribers","subscription_url":"https://api.github.com/repos/FreeCodeCampChina/freecodecamp.cn/subscription","commits_url":"https://api.github.com/repos/FreeCodeCampChina/freecodecamp.cn/commits{/sha}","git_commits_url":"https://api.github.com/repos/FreeCodeCampChina/freecodecamp.cn/git/commits{/sha}","comments_url":"https://api.github.com/repos/FreeCodeCampChina/freecodecamp.cn/comments{/number}","issue_comment_url":"https://api.github.com/repos/FreeCodeCampChina/freecodecamp.cn/issues/comments{/number}","contents_url":"https://api.github.com/repos/FreeCodeCampChina/freecodecamp.cn/contents/{+path}","compare_url":"https://api.github.com/repos/FreeCodeCampChina/freecodecamp.cn/compare/{base}...{head}","merges_url":"https://api.github.com/repos/FreeCodeCampChina/freecodecamp.cn/merges","archive_url":"https://api.github.com/repos/FreeCodeCampChina/freecodecamp.cn/{archive_format}{/ref}","downloads_url":"https://api.github.com/repos/FreeCodeCampChina/freecodecamp.cn/downloads","issues_url":"https://api.github.com/repos/FreeCodeCampChina/freecodecamp.cn/issues{/number}","pulls_url":"https://api.github.com/repos/FreeCodeCampChina/freecodecamp.cn/pulls{/number}","milestones_url":"https://api.github.com/repos/FreeCodeCampChina/freecodecamp.cn/milestones{/number}","notifications_url":"https://api.github.com/repos/FreeCodeCampChina/freecodecamp.cn/notifications{?since,all,participating}","labels_url":"https://api.github.com/repos/FreeCodeCampChina/freecodecamp.cn/labels{/name}","releases_url":"https://api.github.com/repos/FreeCodeCampChina/freecodecamp.cn/releases{/id}","deployments_url":"https://api.github.com/repos/FreeCodeCampChina/freecodecamp.cn/deployments","created_at":"2016-09-30T03:13:43Z","updated_at":"2019-01-29T15:04:25Z","pushed_at":"2018-10-24T10:40:34Z","git_url":"git://github.com/FreeCodeCampChina/freecodecamp.cn.git","ssh_url":"git@github.com:FreeCodeCampChina/freecodecamp.cn.git","clone_url":"https://github.com/FreeCodeCampChina/freecodecamp.cn.git","svn_url":"https://github.com/FreeCodeCampChina/freecodecamp.cn","homepage":"https://freeCodeCamp.cn","size":30794,"stargazers_count":31256,"watchers_count":31256,"language":"CSS","has_issues":true,"has_projects":true,"has_downloads":true,"has_wiki":true,"has_pages":false,"forks_count":1155,"mirror_url":null,"archived":false,"open_issues_count":95,"license":{"key":"other","name":"Other","spdx_id":"NOASSERTION","url":null,"node_id":"MDc6TGljZW5zZTA="},"forks":1155,"open_issues":95,"watchers":31256,"default_branch":"dev","score":20.047302},{"id":36040894,"node_id":"MDEwOlJlcG9zaXRvcnkzNjA0MDg5NA==","name":"gatsby","full_name":"gatsbyjs/gatsby","private":false,"owner":{"login":"gatsbyjs","id":12551863,"node_id":"MDEyOk9yZ2FuaXphdGlvbjEyNTUxODYz","avatar_url":"https://avatars1.githubusercontent.com/u/12551863?v=4","gravatar_id":"","url":"https://api.github.com/users/gatsbyjs","html_url":"https://github.com/gatsbyjs","followers_url":"https://api.github.com/users/gatsbyjs/followers","following_url":"https://api.github.com/users/gatsbyjs/following{/other_user}","gists_url":"https://api.github.com/users/gatsbyjs/gists{/gist_id}","starred_url":"https://api.github.com/users/gatsbyjs/starred{/owner}{/repo}","subscriptions_url":"https://api.github.com/users/gatsbyjs/subscriptions","organizations_url":"https://api.github.com/users/gatsbyjs/orgs","repos_url":"https://api.github.com/users/gatsbyjs/repos","events_url":"https://api.github.com/users/gatsbyjs/events{/privacy}","received_events_url":"https://api.github.com/users/gatsbyjs/received_events","type":"Organization","site_admin":false},"html_url":"https://github.com/gatsbyjs/gatsby","description":"Build blazing fast, modern apps and websites with React","fork":false,"url":"https://api.github.com/repos/gatsbyjs/gatsby","forks_url":"https://api.github.com/repos/gatsbyjs/gatsby/forks","keys_url":"https://api.github.com/repos/gatsbyjs/gatsby/keys{/key_id}","collaborators_url":"https://api.github.com/repos/gatsbyjs/gatsby/collaborators{/collaborator}","teams_url":"https://api.github.com/repos/gatsbyjs/gatsby/teams","hooks_url":"https://api.github.com/repos/gatsbyjs/gatsby/hooks","issue_events_url":"https://api.github.com/repos/gatsbyjs/gatsby/issues/events{/number}","events_url":"https://api.github.com/repos/gatsbyjs/gatsby/events","assignees_url":"https://api.github.com/repos/gatsbyjs/gatsby/assignees{/user}","branches_url":"https://api.github.com/repos/gatsbyjs/gatsby/branches{/branch}","tags_url":"https://api.github.com/repos/gatsbyjs/gatsby/tags","blobs_url":"https://api.github.com/repos/gatsbyjs/gatsby/git/blobs{/sha}","git_tags_url":"https://api.github.com/repos/gatsbyjs/gatsby/git/tags{/sha}","git_refs_url":"https://api.github.com/repos/gatsbyjs/gatsby/git/refs{/sha}","trees_url":"https://api.github.com/repos/gatsbyjs/gatsby/git/trees{/sha}","statuses_url":"https://api.github.com/repos/gatsbyjs/gatsby/statuses/{sha}","languages_url":"https://api.github.com/repos/gatsbyjs/gatsby/languages","stargazers_url":"https://api.github.com/repos/gatsbyjs/gatsby/stargazers","contributors_url":"https://api.github.com/repos/gatsbyjs/gatsby/contributors","subscribers_url":"https://api.github.com/repos/gatsbyjs/gatsby/subscribers","subscription_url":"https://api.github.com/repos/gatsbyjs/gatsby/subscription","commits_url":"https://api.github.com/repos/gatsbyjs/gatsby/commits{/sha}","git_commits_url":"https://api.github.com/repos/gatsbyjs/gatsby/git/commits{/sha}","comments_url":"https://api.github.com/repos/gatsbyjs/gatsby/comments{/number}","issue_comment_url":"https://api.github.com/repos/gatsbyjs/gatsby/issues/comments{/number}","contents_url":"https://api.github.com/repos/gatsbyjs/gatsby/contents/{+path}","compare_url":"https://api.github.com/repos/gatsbyjs/gatsby/compare/{base}...{head}","merges_url":"https://api.github.com/repos/gatsbyjs/gatsby/merges","archive_url":"https://api.github.com/repos/gatsbyjs/gatsby/{archive_format}{/ref}","downloads_url":"https://api.github.com/repos/gatsbyjs/gatsby/downloads","issues_url":"https://api.github.com/repos/gatsbyjs/gatsby/issues{/number}","pulls_url":"https://api.github.com/repos/gatsbyjs/gatsby/pulls{/number}","milestones_url":"https://api.github.com/repos/gatsbyjs/gatsby/milestones{/number}","notifications_url":"https://api.github.com/repos/gatsbyjs/gatsby/notifications{?since,all,participating}","labels_url":"https://api.github.com/repos/gatsbyjs/gatsby/labels{/name}","releases_url":"https://api.github.com/repos/gatsbyjs/gatsby/releases{/id}","deployments_url":"https://api.github.com/repos/gatsbyjs/gatsby/deployments","created_at":"2015-05-21T22:43:05Z","updated_at":"2019-01-29T15:37:43Z","pushed_at":"2019-01-29T15:37:25Z","git_url":"git://github.com/gatsbyjs/gatsby.git","ssh_url":"git@github.com:gatsbyjs/gatsby.git","clone_url":"https://github.com/gatsbyjs/gatsby.git","svn_url":"https://github.com/gatsbyjs/gatsby","homepage":"https://www.gatsbyjs.org","size":575728,"stargazers_count":30857,"watchers_count":30857,"language":"JavaScript","has_issues":true,"has_projects":true,"has_downloads":true,"has_wiki":false,"has_pages":false,"forks_count":4060,"mirror_url":null,"archived":false,"open_issues_count":773,"license":{"key":"mit","name":"MIT License","spdx_id":"MIT","url":"https://api.github.com/licenses/mit","node_id":"MDc6TGljZW5zZTEz"},"forks":4060,"open_issues":773,"watchers":30857,"default_branch":"master","score":57.774536},{"id":22670857,"node_id":"MDEwOlJlcG9zaXRvcnkyMjY3MDg1Nw==","name":"awesome-react","full_name":"enaqx/awesome-react","private":false,"owner":{"login":"enaqx","id":182219,"node_id":"MDQ6VXNlcjE4MjIxOQ==","avatar_url":"https://avatars1.githubusercontent.com/u/182219?v=4","gravatar_id":"","url":"https://api.github.com/users/enaqx","html_url":"https://github.com/enaqx","followers_url":"https://api.github.com/users/enaqx/followers","following_url":"https://api.github.com/users/enaqx/following{/other_user}","gists_url":"https://api.github.com/users/enaqx/gists{/gist_id}","starred_url":"https://api.github.com/users/enaqx/starred{/owner}{/repo}","subscriptions_url":"https://api.github.com/users/enaqx/subscriptions","organizations_url":"https://api.github.com/users/enaqx/orgs","repos_url":"https://api.github.com/users/enaqx/repos","events_url":"https://api.github.com/users/enaqx/events{/privacy}","received_events_url":"https://api.github.com/users/enaqx/received_events","type":"User","site_admin":false},"html_url":"https://github.com/enaqx/awesome-react","description":"A collection of awesome things regarding React ecosystem.","fork":false,"url":"https://api.github.com/repos/enaqx/awesome-react","forks_url":"https://api.github.com/repos/enaqx/awesome-react/forks","keys_url":"https://api.github.com/repos/enaqx/awesome-react/keys{/key_id}","collaborators_url":"https://api.github.com/repos/enaqx/awesome-react/collaborators{/collaborator}","teams_url":"https://api.github.com/repos/enaqx/awesome-react/teams","hooks_url":"https://api.github.com/repos/enaqx/awesome-react/hooks","issue_events_url":"https://api.github.com/repos/enaqx/awesome-react/issues/events{/number}","events_url":"https://api.github.com/repos/enaqx/awesome-react/events","assignees_url":"https://api.github.com/repos/enaqx/awesome-react/assignees{/user}","branches_url":"https://api.github.com/repos/enaqx/awesome-react/branches{/branch}","tags_url":"https://api.github.com/repos/enaqx/awesome-react/tags","blobs_url":"https://api.github.com/repos/enaqx/awesome-react/git/blobs{/sha}","git_tags_url":"https://api.github.com/repos/enaqx/awesome-react/git/tags{/sha}","git_refs_url":"https://api.github.com/repos/enaqx/awesome-react/git/refs{/sha}","trees_url":"https://api.github.com/repos/enaqx/awesome-react/git/trees{/sha}","statuses_url":"https://api.github.com/repos/enaqx/awesome-react/statuses/{sha}","languages_url":"https://api.github.com/repos/enaqx/awesome-react/languages","stargazers_url":"https://api.github.com/repos/enaqx/awesome-react/stargazers","contributors_url":"https://api.github.com/repos/enaqx/awesome-react/contributors","subscribers_url":"https://api.github.com/repos/enaqx/awesome-react/subscribers","subscription_url":"https://api.github.com/repos/enaqx/awesome-react/subscription","commits_url":"https://api.github.com/repos/enaqx/awesome-react/commits{/sha}","git_commits_url":"https://api.github.com/repos/enaqx/awesome-react/git/commits{/sha}","comments_url":"https://api.github.com/repos/enaqx/awesome-react/comments{/number}","issue_comment_url":"https://api.github.com/repos/enaqx/awesome-react/issues/comments{/number}","contents_url":"https://api.github.com/repos/enaqx/awesome-react/contents/{+path}","compare_url":"https://api.github.com/repos/enaqx/awesome-react/compare/{base}...{head}","merges_url":"https://api.github.com/repos/enaqx/awesome-react/merges","archive_url":"https://api.github.com/repos/enaqx/awesome-react/{archive_format}{/ref}","downloads_url":"https://api.github.com/repos/enaqx/awesome-react/downloads","issues_url":"https://api.github.com/repos/enaqx/awesome-react/issues{/number}","pulls_url":"https://api.github.com/repos/enaqx/awesome-react/pulls{/number}","milestones_url":"https://api.github.com/repos/enaqx/awesome-react/milestones{/number}","notifications_url":"https://api.github.com/repos/enaqx/awesome-react/notifications{?since,all,participating}","labels_url":"https://api.github.com/repos/enaqx/awesome-react/labels{/name}","releases_url":"https://api.github.com/repos/enaqx/awesome-react/releases{/id}","deployments_url":"https://api.github.com/repos/enaqx/awesome-react/deployments","created_at":"2014-08-06T05:31:44Z","updated_at":"2019-01-29T13:01:34Z","pushed_at":"2019-01-25T10:21:15Z","git_url":"git://github.com/enaqx/awesome-react.git","ssh_url":"git@github.com:enaqx/awesome-react.git","clone_url":"https://github.com/enaqx/awesome-react.git","svn_url":"https://github.com/enaqx/awesome-react","homepage":"","size":2044,"stargazers_count":29772,"watchers_count":29772,"language":null,"has_issues":true,"has_projects":true,"has_downloads":true,"has_wiki":false,"has_pages":false,"forks_count":3427,"mirror_url":null,"archived":false,"open_issues_count":55,"license":null,"forks":3427,"open_issues":55,"watchers":29772,"default_branch":"master","score":72.403694},{"id":62367558,"node_id":"MDEwOlJlcG9zaXRvcnk2MjM2NzU1OA==","name":"hyper","full_name":"zeit/hyper","private":false,"owner":{"login":"zeit","id":14985020,"node_id":"MDEyOk9yZ2FuaXphdGlvbjE0OTg1MDIw","avatar_url":"https://avatars0.githubusercontent.com/u/14985020?v=4","gravatar_id":"","url":"https://api.github.com/users/zeit","html_url":"https://github.com/zeit","followers_url":"https://api.github.com/users/zeit/followers","following_url":"https://api.github.com/users/zeit/following{/other_user}","gists_url":"https://api.github.com/users/zeit/gists{/gist_id}","starred_url":"https://api.github.com/users/zeit/starred{/owner}{/repo}","subscriptions_url":"https://api.github.com/users/zeit/subscriptions","organizations_url":"https://api.github.com/users/zeit/orgs","repos_url":"https://api.github.com/users/zeit/repos","events_url":"https://api.github.com/users/zeit/events{/privacy}","received_events_url":"https://api.github.com/users/zeit/received_events","type":"Organization","site_admin":false},"html_url":"https://github.com/zeit/hyper","description":"A terminal built on web technologies","fork":false,"url":"https://api.github.com/repos/zeit/hyper","forks_url":"https://api.github.com/repos/zeit/hyper/forks","keys_url":"https://api.github.com/repos/zeit/hyper/keys{/key_id}","collaborators_url":"https://api.github.com/repos/zeit/hyper/collaborators{/collaborator}","teams_url":"https://api.github.com/repos/zeit/hyper/teams","hooks_url":"https://api.github.com/repos/zeit/hyper/hooks","issue_events_url":"https://api.github.com/repos/zeit/hyper/issues/events{/number}","events_url":"https://api.github.com/repos/zeit/hyper/events","assignees_url":"https://api.github.com/repos/zeit/hyper/assignees{/user}","branches_url":"https://api.github.com/repos/zeit/hyper/branches{/branch}","tags_url":"https://api.github.com/repos/zeit/hyper/tags","blobs_url":"https://api.github.com/repos/zeit/hyper/git/blobs{/sha}","git_tags_url":"https://api.github.com/repos/zeit/hyper/git/tags{/sha}","git_refs_url":"https://api.github.com/repos/zeit/hyper/git/refs{/sha}","trees_url":"https://api.github.com/repos/zeit/hyper/git/trees{/sha}","statuses_url":"https://api.github.com/repos/zeit/hyper/statuses/{sha}","languages_url":"https://api.github.com/repos/zeit/hyper/languages","stargazers_url":"https://api.github.com/repos/zeit/hyper/stargazers","contributors_url":"https://api.github.com/repos/zeit/hyper/contributors","subscribers_url":"https://api.github.com/repos/zeit/hyper/subscribers","subscription_url":"https://api.github.com/repos/zeit/hyper/subscription","commits_url":"https://api.github.com/repos/zeit/hyper/commits{/sha}","git_commits_url":"https://api.github.com/repos/zeit/hyper/git/commits{/sha}","comments_url":"https://api.github.com/repos/zeit/hyper/comments{/number}","issue_comment_url":"https://api.github.com/repos/zeit/hyper/issues/comments{/number}","contents_url":"https://api.github.com/repos/zeit/hyper/contents/{+path}","compare_url":"https://api.github.com/repos/zeit/hyper/compare/{base}...{head}","merges_url":"https://api.github.com/repos/zeit/hyper/merges","archive_url":"https://api.github.com/repos/zeit/hyper/{archive_format}{/ref}","downloads_url":"https://api.github.com/repos/zeit/hyper/downloads","issues_url":"https://api.github.com/repos/zeit/hyper/issues{/number}","pulls_url":"https://api.github.com/repos/zeit/hyper/pulls{/number}","milestones_url":"https://api.github.com/repos/zeit/hyper/milestones{/number}","notifications_url":"https://api.github.com/repos/zeit/hyper/notifications{?since,all,participating}","labels_url":"https://api.github.com/repos/zeit/hyper/labels{/name}","releases_url":"https://api.github.com/repos/zeit/hyper/releases{/id}","deployments_url":"https://api.github.com/repos/zeit/hyper/deployments","created_at":"2016-07-01T06:01:21Z","updated_at":"2019-01-29T15:04:04Z","pushed_at":"2019-01-27T05:41:41Z","git_url":"git://github.com/zeit/hyper.git","ssh_url":"git@github.com:zeit/hyper.git","clone_url":"https://github.com/zeit/hyper.git","svn_url":"https://github.com/zeit/hyper","homepage":"https://hyper.is","size":6373,"stargazers_count":27251,"watchers_count":27251,"language":"JavaScript","has_issues":true,"has_projects":true,"has_downloads":true,"has_wiki":false,"has_pages":false,"forks_count":2214,"mirror_url":null,"archived":false,"open_issues_count":677,"license":{"key":"mit","name":"MIT License","spdx_id":"MIT","url":"https://api.github.com/licenses/mit","node_id":"MDc6TGljZW5zZTEz"},"forks":2214,"open_issues":677,"watchers":27251,"default_branch":"canary","score":35.68252},{"id":147350463,"node_id":"MDEwOlJlcG9zaXRvcnkxNDczNTA0NjM=","name":"33-js-concepts","full_name":"leonardomso/33-js-concepts","private":false,"owner":{"login":"leonardomso","id":8030067,"node_id":"MDQ6VXNlcjgwMzAwNjc=","avatar_url":"https://avatars2.githubusercontent.com/u/8030067?v=4","gravatar_id":"","url":"https://api.github.com/users/leonardomso","html_url":"https://github.com/leonardomso","followers_url":"https://api.github.com/users/leonardomso/followers","following_url":"https://api.github.com/users/leonardomso/following{/other_user}","gists_url":"https://api.github.com/users/leonardomso/gists{/gist_id}","starred_url":"https://api.github.com/users/leonardomso/starred{/owner}{/repo}","subscriptions_url":"https://api.github.com/users/leonardomso/subscriptions","organizations_url":"https://api.github.com/users/leonardomso/orgs","repos_url":"https://api.github.com/users/leonardomso/repos","events_url":"https://api.github.com/users/leonardomso/events{/privacy}","received_events_url":"https://api.github.com/users/leonardomso/received_events","type":"User","site_admin":false},"html_url":"https://github.com/leonardomso/33-js-concepts","description":"📜 33 concepts every JavaScript developer should know.","fork":false,"url":"https://api.github.com/repos/leonardomso/33-js-concepts","forks_url":"https://api.github.com/repos/leonardomso/33-js-concepts/forks","keys_url":"https://api.github.com/repos/leonardomso/33-js-concepts/keys{/key_id}","collaborators_url":"https://api.github.com/repos/leonardomso/33-js-concepts/collaborators{/collaborator}","teams_url":"https://api.github.com/repos/leonardomso/33-js-concepts/teams","hooks_url":"https://api.github.com/repos/leonardomso/33-js-concepts/hooks","issue_events_url":"https://api.github.com/repos/leonardomso/33-js-concepts/issues/events{/number}","events_url":"https://api.github.com/repos/leonardomso/33-js-concepts/events","assignees_url":"https://api.github.com/repos/leonardomso/33-js-concepts/assignees{/user}","branches_url":"https://api.github.com/repos/leonardomso/33-js-concepts/branches{/branch}","tags_url":"https://api.github.com/repos/leonardomso/33-js-concepts/tags","blobs_url":"https://api.github.com/repos/leonardomso/33-js-concepts/git/blobs{/sha}","git_tags_url":"https://api.github.com/repos/leonardomso/33-js-concepts/git/tags{/sha}","git_refs_url":"https://api.github.com/repos/leonardomso/33-js-concepts/git/refs{/sha}","trees_url":"https://api.github.com/repos/leonardomso/33-js-concepts/git/trees{/sha}","statuses_url":"https://api.github.com/repos/leonardomso/33-js-concepts/statuses/{sha}","languages_url":"https://api.github.com/repos/leonardomso/33-js-concepts/languages","stargazers_url":"https://api.github.com/repos/leonardomso/33-js-concepts/stargazers","contributors_url":"https://api.github.com/repos/leonardomso/33-js-concepts/contributors","subscribers_url":"https://api.github.com/repos/leonardomso/33-js-concepts/subscribers","subscription_url":"https://api.github.com/repos/leonardomso/33-js-concepts/subscription","commits_url":"https://api.github.com/repos/leonardomso/33-js-concepts/commits{/sha}","git_commits_url":"https://api.github.com/repos/leonardomso/33-js-concepts/git/commits{/sha}","comments_url":"https://api.github.com/repos/leonardomso/33-js-concepts/comments{/number}","issue_comment_url":"https://api.github.com/repos/leonardomso/33-js-concepts/issues/comments{/number}","contents_url":"https://api.github.com/repos/leonardomso/33-js-concepts/contents/{+path}","compare_url":"https://api.github.com/repos/leonardomso/33-js-concepts/compare/{base}...{head}","merges_url":"https://api.github.com/repos/leonardomso/33-js-concepts/merges","archive_url":"https://api.github.com/repos/leonardomso/33-js-concepts/{archive_format}{/ref}","downloads_url":"https://api.github.com/repos/leonardomso/33-js-concepts/downloads","issues_url":"https://api.github.com/repos/leonardomso/33-js-concepts/issues{/number}","pulls_url":"https://api.github.com/repos/leonardomso/33-js-concepts/pulls{/number}","milestones_url":"https://api.github.com/repos/leonardomso/33-js-concepts/milestones{/number}","notifications_url":"https://api.github.com/repos/leonardomso/33-js-concepts/notifications{?since,all,participating}","labels_url":"https://api.github.com/repos/leonardomso/33-js-concepts/labels{/name}","releases_url":"https://api.github.com/repos/leonardomso/33-js-concepts/releases{/id}","deployments_url":"https://api.github.com/repos/leonardomso/33-js-concepts/deployments","created_at":"2018-09-04T13:27:04Z","updated_at":"2019-01-29T15:34:34Z","pushed_at":"2019-01-28T11:41:01Z","git_url":"git://github.com/leonardomso/33-js-concepts.git","ssh_url":"git@github.com:leonardomso/33-js-concepts.git","clone_url":"https://github.com/leonardomso/33-js-concepts.git","svn_url":"https://github.com/leonardomso/33-js-concepts","homepage":"","size":463,"stargazers_count":25125,"watchers_count":25125,"language":"JavaScript","has_issues":true,"has_projects":true,"has_downloads":true,"has_wiki":true,"has_pages":false,"forks_count":2249,"mirror_url":null,"archived":false,"open_issues_count":5,"license":{"key":"mit","name":"MIT License","spdx_id":"MIT","url":"https://api.github.com/licenses/mit","node_id":"MDc6TGljZW5zZTEz"},"forks":2249,"open_issues":5,"watchers":25125,"default_branch":"master","score":40.848934},{"id":1844251,"node_id":"MDEwOlJlcG9zaXRvcnkxODQ0MjUx","name":"todomvc","full_name":"tastejs/todomvc","private":false,"owner":{"login":"tastejs","id":1733746,"node_id":"MDEyOk9yZ2FuaXphdGlvbjE3MzM3NDY=","avatar_url":"https://avatars0.githubusercontent.com/u/1733746?v=4","gravatar_id":"","url":"https://api.github.com/users/tastejs","html_url":"https://github.com/tastejs","followers_url":"https://api.github.com/users/tastejs/followers","following_url":"https://api.github.com/users/tastejs/following{/other_user}","gists_url":"https://api.github.com/users/tastejs/gists{/gist_id}","starred_url":"https://api.github.com/users/tastejs/starred{/owner}{/repo}","subscriptions_url":"https://api.github.com/users/tastejs/subscriptions","organizations_url":"https://api.github.com/users/tastejs/orgs","repos_url":"https://api.github.com/users/tastejs/repos","events_url":"https://api.github.com/users/tastejs/events{/privacy}","received_events_url":"https://api.github.com/users/tastejs/received_events","type":"Organization","site_admin":false},"html_url":"https://github.com/tastejs/todomvc","description":"Helping you select an MV* framework - Todo apps for React.js, Ember.js, Angular, and many more","fork":false,"url":"https://api.github.com/repos/tastejs/todomvc","forks_url":"https://api.github.com/repos/tastejs/todomvc/forks","keys_url":"https://api.github.com/repos/tastejs/todomvc/keys{/key_id}","collaborators_url":"https://api.github.com/repos/tastejs/todomvc/collaborators{/collaborator}","teams_url":"https://api.github.com/repos/tastejs/todomvc/teams","hooks_url":"https://api.github.com/repos/tastejs/todomvc/hooks","issue_events_url":"https://api.github.com/repos/tastejs/todomvc/issues/events{/number}","events_url":"https://api.github.com/repos/tastejs/todomvc/events","assignees_url":"https://api.github.com/repos/tastejs/todomvc/assignees{/user}","branches_url":"https://api.github.com/repos/tastejs/todomvc/branches{/branch}","tags_url":"https://api.github.com/repos/tastejs/todomvc/tags","blobs_url":"https://api.github.com/repos/tastejs/todomvc/git/blobs{/sha}","git_tags_url":"https://api.github.com/repos/tastejs/todomvc/git/tags{/sha}","git_refs_url":"https://api.github.com/repos/tastejs/todomvc/git/refs{/sha}","trees_url":"https://api.github.com/repos/tastejs/todomvc/git/trees{/sha}","statuses_url":"https://api.github.com/repos/tastejs/todomvc/statuses/{sha}","languages_url":"https://api.github.com/repos/tastejs/todomvc/languages","stargazers_url":"https://api.github.com/repos/tastejs/todomvc/stargazers","contributors_url":"https://api.github.com/repos/tastejs/todomvc/contributors","subscribers_url":"https://api.github.com/repos/tastejs/todomvc/subscribers","subscription_url":"https://api.github.com/repos/tastejs/todomvc/subscription","commits_url":"https://api.github.com/repos/tastejs/todomvc/commits{/sha}","git_commits_url":"https://api.github.com/repos/tastejs/todomvc/git/commits{/sha}","comments_url":"https://api.github.com/repos/tastejs/todomvc/comments{/number}","issue_comment_url":"https://api.github.com/repos/tastejs/todomvc/issues/comments{/number}","contents_url":"https://api.github.com/repos/tastejs/todomvc/contents/{+path}","compare_url":"https://api.github.com/repos/tastejs/todomvc/compare/{base}...{head}","merges_url":"https://api.github.com/repos/tastejs/todomvc/merges","archive_url":"https://api.github.com/repos/tastejs/todomvc/{archive_format}{/ref}","downloads_url":"https://api.github.com/repos/tastejs/todomvc/downloads","issues_url":"https://api.github.com/repos/tastejs/todomvc/issues{/number}","pulls_url":"https://api.github.com/repos/tastejs/todomvc/pulls{/number}","milestones_url":"https://api.github.com/repos/tastejs/todomvc/milestones{/number}","notifications_url":"https://api.github.com/repos/tastejs/todomvc/notifications{?since,all,participating}","labels_url":"https://api.github.com/repos/tastejs/todomvc/labels{/name}","releases_url":"https://api.github.com/repos/tastejs/todomvc/releases{/id}","deployments_url":"https://api.github.com/repos/tastejs/todomvc/deployments","created_at":"2011-06-03T19:56:33Z","updated_at":"2019-01-29T15:16:25Z","pushed_at":"2019-01-07T06:13:39Z","git_url":"git://github.com/tastejs/todomvc.git","ssh_url":"git@github.com:tastejs/todomvc.git","clone_url":"https://github.com/tastejs/todomvc.git","svn_url":"https://github.com/tastejs/todomvc","homepage":"http://todomvc.com","size":72431,"stargazers_count":24887,"watchers_count":24887,"language":"JavaScript","has_issues":true,"has_projects":false,"has_downloads":true,"has_wiki":true,"has_pages":true,"forks_count":13283,"mirror_url":null,"archived":false,"open_issues_count":151,"license":{"key":"other","name":"Other","spdx_id":"NOASSERTION","url":null,"node_id":"MDc6TGljZW5zZTA="},"forks":13283,"open_issues":151,"watchers":24887,"default_branch":"master","score":44.172226},{"id":25315643,"node_id":"MDEwOlJlcG9zaXRvcnkyNTMxNTY0Mw==","name":"nylas-mail","full_name":"nylas/nylas-mail","private":false,"owner":{"login":"nylas","id":4219865,"node_id":"MDEyOk9yZ2FuaXphdGlvbjQyMTk4NjU=","avatar_url":"https://avatars2.githubusercontent.com/u/4219865?v=4","gravatar_id":"","url":"https://api.github.com/users/nylas","html_url":"https://github.com/nylas","followers_url":"https://api.github.com/users/nylas/followers","following_url":"https://api.github.com/users/nylas/following{/other_user}","gists_url":"https://api.github.com/users/nylas/gists{/gist_id}","starred_url":"https://api.github.com/users/nylas/starred{/owner}{/repo}","subscriptions_url":"https://api.github.com/users/nylas/subscriptions","organizations_url":"https://api.github.com/users/nylas/orgs","repos_url":"https://api.github.com/users/nylas/repos","events_url":"https://api.github.com/users/nylas/events{/privacy}","received_events_url":"https://api.github.com/users/nylas/received_events","type":"Organization","site_admin":false},"html_url":"https://github.com/nylas/nylas-mail","description":":love_letter: An extensible desktop mail app built on the modern web.  Forks welcome!","fork":false,"url":"https://api.github.com/repos/nylas/nylas-mail","forks_url":"https://api.github.com/repos/nylas/nylas-mail/forks","keys_url":"https://api.github.com/repos/nylas/nylas-mail/keys{/key_id}","collaborators_url":"https://api.github.com/repos/nylas/nylas-mail/collaborators{/collaborator}","teams_url":"https://api.github.com/repos/nylas/nylas-mail/teams","hooks_url":"https://api.github.com/repos/nylas/nylas-mail/hooks","issue_events_url":"https://api.github.com/repos/nylas/nylas-mail/issues/events{/number}","events_url":"https://api.github.com/repos/nylas/nylas-mail/events","assignees_url":"https://api.github.com/repos/nylas/nylas-mail/assignees{/user}","branches_url":"https://api.github.com/repos/nylas/nylas-mail/branches{/branch}","tags_url":"https://api.github.com/repos/nylas/nylas-mail/tags","blobs_url":"https://api.github.com/repos/nylas/nylas-mail/git/blobs{/sha}","git_tags_url":"https://api.github.com/repos/nylas/nylas-mail/git/tags{/sha}","git_refs_url":"https://api.github.com/repos/nylas/nylas-mail/git/refs{/sha}","trees_url":"https://api.github.com/repos/nylas/nylas-mail/git/trees{/sha}","statuses_url":"https://api.github.com/repos/nylas/nylas-mail/statuses/{sha}","languages_url":"https://api.github.com/repos/nylas/nylas-mail/languages","stargazers_url":"https://api.github.com/repos/nylas/nylas-mail/stargazers","contributors_url":"https://api.github.com/repos/nylas/nylas-mail/contributors","subscribers_url":"https://api.github.com/repos/nylas/nylas-mail/subscribers","subscription_url":"https://api.github.com/repos/nylas/nylas-mail/subscription","commits_url":"https://api.github.com/repos/nylas/nylas-mail/commits{/sha}","git_commits_url":"https://api.github.com/repos/nylas/nylas-mail/git/commits{/sha}","comments_url":"https://api.github.com/repos/nylas/nylas-mail/comments{/number}","issue_comment_url":"https://api.github.com/repos/nylas/nylas-mail/issues/comments{/number}","contents_url":"https://api.github.com/repos/nylas/nylas-mail/contents/{+path}","compare_url":"https://api.github.com/repos/nylas/nylas-mail/compare/{base}...{head}","merges_url":"https://api.github.com/repos/nylas/nylas-mail/merges","archive_url":"https://api.github.com/repos/nylas/nylas-mail/{archive_format}{/ref}","downloads_url":"https://api.github.com/repos/nylas/nylas-mail/downloads","issues_url":"https://api.github.com/repos/nylas/nylas-mail/issues{/number}","pulls_url":"https://api.github.com/repos/nylas/nylas-mail/pulls{/number}","milestones_url":"https://api.github.com/repos/nylas/nylas-mail/milestones{/number}","notifications_url":"https://api.github.com/repos/nylas/nylas-mail/notifications{?since,all,participating}","labels_url":"https://api.github.com/repos/nylas/nylas-mail/labels{/name}","releases_url":"https://api.github.com/repos/nylas/nylas-mail/releases{/id}","deployments_url":"https://api.github.com/repos/nylas/nylas-mail/deployments","created_at":"2014-10-16T18:29:12Z","updated_at":"2019-01-29T05:22:04Z","pushed_at":"2019-01-10T07:27:22Z","git_url":"git://github.com/nylas/nylas-mail.git","ssh_url":"git@github.com:nylas/nylas-mail.git","clone_url":"https://github.com/nylas/nylas-mail.git","svn_url":"https://github.com/nylas/nylas-mail","homepage":"https://nylas.com/nylas-mail/","size":87026,"stargazers_count":24237,"watchers_count":24237,"language":"JavaScript","has_issues":true,"has_projects":true,"has_downloads":true,"has_wiki":false,"has_pages":true,"forks_count":1346,"mirror_url":null,"archived":false,"open_issues_count":1047,"license":{"key":"mit","name":"MIT License","spdx_id":"MIT","url":"https://api.github.com/licenses/mit","node_id":"MDc6TGljZW5zZTEz"},"forks":1346,"open_issues":1047,"watchers":24237,"default_branch":"master","score":19.900438},{"id":70198875,"node_id":"MDEwOlJlcG9zaXRvcnk3MDE5ODg3NQ==","name":"lottie-android","full_name":"airbnb/lottie-android","private":false,"owner":{"login":"airbnb","id":698437,"node_id":"MDEyOk9yZ2FuaXphdGlvbjY5ODQzNw==","avatar_url":"https://avatars3.githubusercontent.com/u/698437?v=4","gravatar_id":"","url":"https://api.github.com/users/airbnb","html_url":"https://github.com/airbnb","followers_url":"https://api.github.com/users/airbnb/followers","following_url":"https://api.github.com/users/airbnb/following{/other_user}","gists_url":"https://api.github.com/users/airbnb/gists{/gist_id}","starred_url":"https://api.github.com/users/airbnb/starred{/owner}{/repo}","subscriptions_url":"https://api.github.com/users/airbnb/subscriptions","organizations_url":"https://api.github.com/users/airbnb/orgs","repos_url":"https://api.github.com/users/airbnb/repos","events_url":"https://api.github.com/users/airbnb/events{/privacy}","received_events_url":"https://api.github.com/users/airbnb/received_events","type":"Organization","site_admin":false},"html_url":"https://github.com/airbnb/lottie-android","description":"Render After Effects animations natively on Android and iOS, Web, and React Native","fork":false,"url":"https://api.github.com/repos/airbnb/lottie-android","forks_url":"https://api.github.com/repos/airbnb/lottie-android/forks","keys_url":"https://api.github.com/repos/airbnb/lottie-android/keys{/key_id}","collaborators_url":"https://api.github.com/repos/airbnb/lottie-android/collaborators{/collaborator}","teams_url":"https://api.github.com/repos/airbnb/lottie-android/teams","hooks_url":"https://api.github.com/repos/airbnb/lottie-android/hooks","issue_events_url":"https://api.github.com/repos/airbnb/lottie-android/issues/events{/number}","events_url":"https://api.github.com/repos/airbnb/lottie-android/events","assignees_url":"https://api.github.com/repos/airbnb/lottie-android/assignees{/user}","branches_url":"https://api.github.com/repos/airbnb/lottie-android/branches{/branch}","tags_url":"https://api.github.com/repos/airbnb/lottie-android/tags","blobs_url":"https://api.github.com/repos/airbnb/lottie-android/git/blobs{/sha}","git_tags_url":"https://api.github.com/repos/airbnb/lottie-android/git/tags{/sha}","git_refs_url":"https://api.github.com/repos/airbnb/lottie-android/git/refs{/sha}","trees_url":"https://api.github.com/repos/airbnb/lottie-android/git/trees{/sha}","statuses_url":"https://api.github.com/repos/airbnb/lottie-android/statuses/{sha}","languages_url":"https://api.github.com/repos/airbnb/lottie-android/languages","stargazers_url":"https://api.github.com/repos/airbnb/lottie-android/stargazers","contributors_url":"https://api.github.com/repos/airbnb/lottie-android/contributors","subscribers_url":"https://api.github.com/repos/airbnb/lottie-android/subscribers","subscription_url":"https://api.github.com/repos/airbnb/lottie-android/subscription","commits_url":"https://api.github.com/repos/airbnb/lottie-android/commits{/sha}","git_commits_url":"https://api.github.com/repos/airbnb/lottie-android/git/commits{/sha}","comments_url":"https://api.github.com/repos/airbnb/lottie-android/comments{/number}","issue_comment_url":"https://api.github.com/repos/airbnb/lottie-android/issues/comments{/number}","contents_url":"https://api.github.com/repos/airbnb/lottie-android/contents/{+path}","compare_url":"https://api.github.com/repos/airbnb/lottie-android/compare/{base}...{head}","merges_url":"https://api.github.com/repos/airbnb/lottie-android/merges","archive_url":"https://api.github.com/repos/airbnb/lottie-android/{archive_format}{/ref}","downloads_url":"https://api.github.com/repos/airbnb/lottie-android/downloads","issues_url":"https://api.github.com/repos/airbnb/lottie-android/issues{/number}","pulls_url":"https://api.github.com/repos/airbnb/lottie-android/pulls{/number}","milestones_url":"https://api.github.com/repos/airbnb/lottie-android/milestones{/number}","notifications_url":"https://api.github.com/repos/airbnb/lottie-android/notifications{?since,all,participating}","labels_url":"https://api.github.com/repos/airbnb/lottie-android/labels{/name}","releases_url":"https://api.github.com/repos/airbnb/lottie-android/releases{/id}","deployments_url":"https://api.github.com/repos/airbnb/lottie-android/deployments","created_at":"2016-10-06T22:42:42Z","updated_at":"2019-01-29T10:02:10Z","pushed_at":"2019-01-12T16:11:45Z","git_url":"git://github.com/airbnb/lottie-android.git","ssh_url":"git@github.com:airbnb/lottie-android.git","clone_url":"https://github.com/airbnb/lottie-android.git","svn_url":"https://github.com/airbnb/lottie-android","homepage":"http://airbnb.io/lottie/","size":132079,"stargazers_count":24087,"watchers_count":24087,"language":"Java","has_issues":true,"has_projects":false,"has_downloads":true,"has_wiki":false,"has_pages":false,"forks_count":3774,"mirror_url":null,"archived":false,"open_issues_count":43,"license":{"key":"apache-2.0","name":"Apache License 2.0","spdx_id":"Apache-2.0","url":"https://api.github.com/licenses/apache-2.0","node_id":"MDc6TGljZW5zZTI="},"forks":3774,"open_issues":43,"watchers":24087,"default_branch":"master","score":46.778683},{"id":32948863,"node_id":"MDEwOlJlcG9zaXRvcnkzMjk0ODg2Mw==","name":"awesome-react-native","full_name":"jondot/awesome-react-native","private":false,"owner":{"login":"jondot","id":83390,"node_id":"MDQ6VXNlcjgzMzkw","avatar_url":"https://avatars0.githubusercontent.com/u/83390?v=4","gravatar_id":"","url":"https://api.github.com/users/jondot","html_url":"https://github.com/jondot","followers_url":"https://api.github.com/users/jondot/followers","following_url":"https://api.github.com/users/jondot/following{/other_user}","gists_url":"https://api.github.com/users/jondot/gists{/gist_id}","starred_url":"https://api.github.com/users/jondot/starred{/owner}{/repo}","subscriptions_url":"https://api.github.com/users/jondot/subscriptions","organizations_url":"https://api.github.com/users/jondot/orgs","repos_url":"https://api.github.com/users/jondot/repos","events_url":"https://api.github.com/users/jondot/events{/privacy}","received_events_url":"https://api.github.com/users/jondot/received_events","type":"User","site_admin":false},"html_url":"https://github.com/jondot/awesome-react-native","description":"Awesome React Native components, news, tools, and learning material!","fork":false,"url":"https://api.github.com/repos/jondot/awesome-react-native","forks_url":"https://api.github.com/repos/jondot/awesome-react-native/forks","keys_url":"https://api.github.com/repos/jondot/awesome-react-native/keys{/key_id}","collaborators_url":"https://api.github.com/repos/jondot/awesome-react-native/collaborators{/collaborator}","teams_url":"https://api.github.com/repos/jondot/awesome-react-native/teams","hooks_url":"https://api.github.com/repos/jondot/awesome-react-native/hooks","issue_events_url":"https://api.github.com/repos/jondot/awesome-react-native/issues/events{/number}","events_url":"https://api.github.com/repos/jondot/awesome-react-native/events","assignees_url":"https://api.github.com/repos/jondot/awesome-react-native/assignees{/user}","branches_url":"https://api.github.com/repos/jondot/awesome-react-native/branches{/branch}","tags_url":"https://api.github.com/repos/jondot/awesome-react-native/tags","blobs_url":"https://api.github.com/repos/jondot/awesome-react-native/git/blobs{/sha}","git_tags_url":"https://api.github.com/repos/jondot/awesome-react-native/git/tags{/sha}","git_refs_url":"https://api.github.com/repos/jondot/awesome-react-native/git/refs{/sha}","trees_url":"https://api.github.com/repos/jondot/awesome-react-native/git/trees{/sha}","statuses_url":"https://api.github.com/repos/jondot/awesome-react-native/statuses/{sha}","languages_url":"https://api.github.com/repos/jondot/awesome-react-native/languages","stargazers_url":"https://api.github.com/repos/jondot/awesome-react-native/stargazers","contributors_url":"https://api.github.com/repos/jondot/awesome-react-native/contributors","subscribers_url":"https://api.github.com/repos/jondot/awesome-react-native/subscribers","subscription_url":"https://api.github.com/repos/jondot/awesome-react-native/subscription","commits_url":"https://api.github.com/repos/jondot/awesome-react-native/commits{/sha}","git_commits_url":"https://api.github.com/repos/jondot/awesome-react-native/git/commits{/sha}","comments_url":"https://api.github.com/repos/jondot/awesome-react-native/comments{/number}","issue_comment_url":"https://api.github.com/repos/jondot/awesome-react-native/issues/comments{/number}","contents_url":"https://api.github.com/repos/jondot/awesome-react-native/contents/{+path}","compare_url":"https://api.github.com/repos/jondot/awesome-react-native/compare/{base}...{head}","merges_url":"https://api.github.com/repos/jondot/awesome-react-native/merges","archive_url":"https://api.github.com/repos/jondot/awesome-react-native/{archive_format}{/ref}","downloads_url":"https://api.github.com/repos/jondot/awesome-react-native/downloads","issues_url":"https://api.github.com/repos/jondot/awesome-react-native/issues{/number}","pulls_url":"https://api.github.com/repos/jondot/awesome-react-native/pulls{/number}","milestones_url":"https://api.github.com/repos/jondot/awesome-react-native/milestones{/number}","notifications_url":"https://api.github.com/repos/jondot/awesome-react-native/notifications{?since,all,participating}","labels_url":"https://api.github.com/repos/jondot/awesome-react-native/labels{/name}","releases_url":"https://api.github.com/repos/jondot/awesome-react-native/releases{/id}","deployments_url":"https://api.github.com/repos/jondot/awesome-react-native/deployments","created_at":"2015-03-26T19:58:06Z","updated_at":"2019-01-29T15:17:37Z","pushed_at":"2019-01-27T18:26:31Z","git_url":"git://github.com/jondot/awesome-react-native.git","ssh_url":"git@github.com:jondot/awesome-react-native.git","clone_url":"https://github.com/jondot/awesome-react-native.git","svn_url":"https://github.com/jondot/awesome-react-native","homepage":"http://www.awesome-react-native.com","size":3756,"stargazers_count":22830,"watchers_count":22830,"language":"JavaScript","has_issues":true,"has_projects":true,"has_downloads":true,"has_wiki":true,"has_pages":true,"forks_count":2785,"mirror_url":null,"archived":false,"open_issues_count":22,"license":null,"forks":2785,"open_issues":22,"watchers":22830,"default_branch":"master","score":66.69016},{"id":65794292,"node_id":"MDEwOlJlcG9zaXRvcnk2NTc5NDI5Mg==","name":"styled-components","full_name":"styled-components/styled-components","private":false,"owner":{"login":"styled-components","id":20658825,"node_id":"MDEyOk9yZ2FuaXphdGlvbjIwNjU4ODI1","avatar_url":"https://avatars2.githubusercontent.com/u/20658825?v=4","gravatar_id":"","url":"https://api.github.com/users/styled-components","html_url":"https://github.com/styled-components","followers_url":"https://api.github.com/users/styled-components/followers","following_url":"https://api.github.com/users/styled-components/following{/other_user}","gists_url":"https://api.github.com/users/styled-components/gists{/gist_id}","starred_url":"https://api.github.com/users/styled-components/starred{/owner}{/repo}","subscriptions_url":"https://api.github.com/users/styled-components/subscriptions","organizations_url":"https://api.github.com/users/styled-components/orgs","repos_url":"https://api.github.com/users/styled-components/repos","events_url":"https://api.github.com/users/styled-components/events{/privacy}","received_events_url":"https://api.github.com/users/styled-components/received_events","type":"Organization","site_admin":false},"html_url":"https://github.com/styled-components/styled-components","description":"Visual primitives for the component age. Use the best bits of ES6 and CSS to style your apps without stress 💅","fork":false,"url":"https://api.github.com/repos/styled-components/styled-components","forks_url":"https://api.github.com/repos/styled-components/styled-components/forks","keys_url":"https://api.github.com/repos/styled-components/styled-components/keys{/key_id}","collaborators_url":"https://api.github.com/repos/styled-components/styled-components/collaborators{/collaborator}","teams_url":"https://api.github.com/repos/styled-components/styled-components/teams","hooks_url":"https://api.github.com/repos/styled-components/styled-components/hooks","issue_events_url":"https://api.github.com/repos/styled-components/styled-components/issues/events{/number}","events_url":"https://api.github.com/repos/styled-components/styled-components/events","assignees_url":"https://api.github.com/repos/styled-components/styled-components/assignees{/user}","branches_url":"https://api.github.com/repos/styled-components/styled-components/branches{/branch}","tags_url":"https://api.github.com/repos/styled-components/styled-components/tags","blobs_url":"https://api.github.com/repos/styled-components/styled-components/git/blobs{/sha}","git_tags_url":"https://api.github.com/repos/styled-components/styled-components/git/tags{/sha}","git_refs_url":"https://api.github.com/repos/styled-components/styled-components/git/refs{/sha}","trees_url":"https://api.github.com/repos/styled-components/styled-components/git/trees{/sha}","statuses_url":"https://api.github.com/repos/styled-components/styled-components/statuses/{sha}","languages_url":"https://api.github.com/repos/styled-components/styled-components/languages","stargazers_url":"https://api.github.com/repos/styled-components/styled-components/stargazers","contributors_url":"https://api.github.com/repos/styled-components/styled-components/contributors","subscribers_url":"https://api.github.com/repos/styled-components/styled-components/subscribers","subscription_url":"https://api.github.com/repos/styled-components/styled-components/subscription","commits_url":"https://api.github.com/repos/styled-components/styled-components/commits{/sha}","git_commits_url":"https://api.github.com/repos/styled-components/styled-components/git/commits{/sha}","comments_url":"https://api.github.com/repos/styled-components/styled-components/comments{/number}","issue_comment_url":"https://api.github.com/repos/styled-components/styled-components/issues/comments{/number}","contents_url":"https://api.github.com/repos/styled-components/styled-components/contents/{+path}","compare_url":"https://api.github.com/repos/styled-components/styled-components/compare/{base}...{head}","merges_url":"https://api.github.com/repos/styled-components/styled-components/merges","archive_url":"https://api.github.com/repos/styled-components/styled-components/{archive_format}{/ref}","downloads_url":"https://api.github.com/repos/styled-components/styled-components/downloads","issues_url":"https://api.github.com/repos/styled-components/styled-components/issues{/number}","pulls_url":"https://api.github.com/repos/styled-components/styled-components/pulls{/number}","milestones_url":"https://api.github.com/repos/styled-components/styled-components/milestones{/number}","notifications_url":"https://api.github.com/repos/styled-components/styled-components/notifications{?since,all,participating}","labels_url":"https://api.github.com/repos/styled-components/styled-components/labels{/name}","releases_url":"https://api.github.com/repos/styled-components/styled-components/releases{/id}","deployments_url":"https://api.github.com/repos/styled-components/styled-components/deployments","created_at":"2016-08-16T06:41:32Z","updated_at":"2019-01-29T15:27:12Z","pushed_at":"2019-01-29T12:55:28Z","git_url":"git://github.com/styled-components/styled-components.git","ssh_url":"git@github.com:styled-components/styled-components.git","clone_url":"https://github.com/styled-components/styled-components.git","svn_url":"https://github.com/styled-components/styled-components","homepage":"https://styled-components.com","size":6161,"stargazers_count":21774,"watchers_count":21774,"language":"JavaScript","has_issues":true,"has_projects":false,"has_downloads":true,"has_wiki":false,"has_pages":false,"forks_count":1305,"mirror_url":null,"archived":false,"open_issues_count":79,"license":{"key":"mit","name":"MIT License","spdx_id":"MIT","url":"https://api.github.com/licenses/mit","node_id":"MDc6TGljZW5zZTEz"},"forks":1305,"open_issues":79,"watchers":21774,"default_branch":"master","score":43.774075},{"id":52631841,"node_id":"MDEwOlJlcG9zaXRvcnk1MjYzMTg0MQ==","name":"realworld","full_name":"gothinkster/realworld","private":false,"owner":{"login":"gothinkster","id":8601733,"node_id":"MDEyOk9yZ2FuaXphdGlvbjg2MDE3MzM=","avatar_url":"https://avatars3.githubusercontent.com/u/8601733?v=4","gravatar_id":"","url":"https://api.github.com/users/gothinkster","html_url":"https://github.com/gothinkster","followers_url":"https://api.github.com/users/gothinkster/followers","following_url":"https://api.github.com/users/gothinkster/following{/other_user}","gists_url":"https://api.github.com/users/gothinkster/gists{/gist_id}","starred_url":"https://api.github.com/users/gothinkster/starred{/owner}{/repo}","subscriptions_url":"https://api.github.com/users/gothinkster/subscriptions","organizations_url":"https://api.github.com/users/gothinkster/orgs","repos_url":"https://api.github.com/users/gothinkster/repos","events_url":"https://api.github.com/users/gothinkster/events{/privacy}","received_events_url":"https://api.github.com/users/gothinkster/received_events","type":"Organization","site_admin":false},"html_url":"https://github.com/gothinkster/realworld","description":"\"The mother of all demo apps\" — Exemplary fullstack Medium.com clone powered by React, Angular, Node, Django, and many more 🏅","fork":false,"url":"https://api.github.com/repos/gothinkster/realworld","forks_url":"https://api.github.com/repos/gothinkster/realworld/forks","keys_url":"https://api.github.com/repos/gothinkster/realworld/keys{/key_id}","collaborators_url":"https://api.github.com/repos/gothinkster/realworld/collaborators{/collaborator}","teams_url":"https://api.github.com/repos/gothinkster/realworld/teams","hooks_url":"https://api.github.com/repos/gothinkster/realworld/hooks","issue_events_url":"https://api.github.com/repos/gothinkster/realworld/issues/events{/number}","events_url":"https://api.github.com/repos/gothinkster/realworld/events","assignees_url":"https://api.github.com/repos/gothinkster/realworld/assignees{/user}","branches_url":"https://api.github.com/repos/gothinkster/realworld/branches{/branch}","tags_url":"https://api.github.com/repos/gothinkster/realworld/tags","blobs_url":"https://api.github.com/repos/gothinkster/realworld/git/blobs{/sha}","git_tags_url":"https://api.github.com/repos/gothinkster/realworld/git/tags{/sha}","git_refs_url":"https://api.github.com/repos/gothinkster/realworld/git/refs{/sha}","trees_url":"https://api.github.com/repos/gothinkster/realworld/git/trees{/sha}","statuses_url":"https://api.github.com/repos/gothinkster/realworld/statuses/{sha}","languages_url":"https://api.github.com/repos/gothinkster/realworld/languages","stargazers_url":"https://api.github.com/repos/gothinkster/realworld/stargazers","contributors_url":"https://api.github.com/repos/gothinkster/realworld/contributors","subscribers_url":"https://api.github.com/repos/gothinkster/realworld/subscribers","subscription_url":"https://api.github.com/repos/gothinkster/realworld/subscription","commits_url":"https://api.github.com/repos/gothinkster/realworld/commits{/sha}","git_commits_url":"https://api.github.com/repos/gothinkster/realworld/git/commits{/sha}","comments_url":"https://api.github.com/repos/gothinkster/realworld/comments{/number}","issue_comment_url":"https://api.github.com/repos/gothinkster/realworld/issues/comments{/number}","contents_url":"https://api.github.com/repos/gothinkster/realworld/contents/{+path}","compare_url":"https://api.github.com/repos/gothinkster/realworld/compare/{base}...{head}","merges_url":"https://api.github.com/repos/gothinkster/realworld/merges","archive_url":"https://api.github.com/repos/gothinkster/realworld/{archive_format}{/ref}","downloads_url":"https://api.github.com/repos/gothinkster/realworld/downloads","issues_url":"https://api.github.com/repos/gothinkster/realworld/issues{/number}","pulls_url":"https://api.github.com/repos/gothinkster/realworld/pulls{/number}","milestones_url":"https://api.github.com/repos/gothinkster/realworld/milestones{/number}","notifications_url":"https://api.github.com/repos/gothinkster/realworld/notifications{?since,all,participating}","labels_url":"https://api.github.com/repos/gothinkster/realworld/labels{/name}","releases_url":"https://api.github.com/repos/gothinkster/realworld/releases{/id}","deployments_url":"https://api.github.com/repos/gothinkster/realworld/deployments","created_at":"2016-02-26T20:49:53Z","updated_at":"2019-01-29T11:45:57Z","pushed_at":"2019-01-28T17:40:41Z","git_url":"git://github.com/gothinkster/realworld.git","ssh_url":"git@github.com:gothinkster/realworld.git","clone_url":"https://github.com/gothinkster/realworld.git","svn_url":"https://github.com/gothinkster/realworld","homepage":"https://realworld.io/","size":2682,"stargazers_count":21730,"watchers_count":21730,"language":"JavaScript","has_issues":true,"has_projects":true,"has_downloads":true,"has_wiki":true,"has_pages":false,"forks_count":1447,"mirror_url":null,"archived":false,"open_issues_count":121,"license":{"key":"mit","name":"MIT License","spdx_id":"MIT","url":"https://api.github.com/licenses/mit","node_id":"MDc6TGljZW5zZTEz"},"forks":1447,"open_issues":121,"watchers":21730,"default_branch":"master","score":37.37268},{"id":42283287,"node_id":"MDEwOlJlcG9zaXRvcnk0MjI4MzI4Nw==","name":"preact","full_name":"developit/preact","private":false,"owner":{"login":"developit","id":105127,"node_id":"MDQ6VXNlcjEwNTEyNw==","avatar_url":"https://avatars2.githubusercontent.com/u/105127?v=4","gravatar_id":"","url":"https://api.github.com/users/developit","html_url":"https://github.com/developit","followers_url":"https://api.github.com/users/developit/followers","following_url":"https://api.github.com/users/developit/following{/other_user}","gists_url":"https://api.github.com/users/developit/gists{/gist_id}","starred_url":"https://api.github.com/users/developit/starred{/owner}{/repo}","subscriptions_url":"https://api.github.com/users/developit/subscriptions","organizations_url":"https://api.github.com/users/developit/orgs","repos_url":"https://api.github.com/users/developit/repos","events_url":"https://api.github.com/users/developit/events{/privacy}","received_events_url":"https://api.github.com/users/developit/received_events","type":"User","site_admin":false},"html_url":"https://github.com/developit/preact","description":"⚛️ Fast 3kB React alternative with the same modern API. Components & Virtual DOM.","fork":false,"url":"https://api.github.com/repos/developit/preact","forks_url":"https://api.github.com/repos/developit/preact/forks","keys_url":"https://api.github.com/repos/developit/preact/keys{/key_id}","collaborators_url":"https://api.github.com/repos/developit/preact/collaborators{/collaborator}","teams_url":"https://api.github.com/repos/developit/preact/teams","hooks_url":"https://api.github.com/repos/developit/preact/hooks","issue_events_url":"https://api.github.com/repos/developit/preact/issues/events{/number}","events_url":"https://api.github.com/repos/developit/preact/events","assignees_url":"https://api.github.com/repos/developit/preact/assignees{/user}","branches_url":"https://api.github.com/repos/developit/preact/branches{/branch}","tags_url":"https://api.github.com/repos/developit/preact/tags","blobs_url":"https://api.github.com/repos/developit/preact/git/blobs{/sha}","git_tags_url":"https://api.github.com/repos/developit/preact/git/tags{/sha}","git_refs_url":"https://api.github.com/repos/developit/preact/git/refs{/sha}","trees_url":"https://api.github.com/repos/developit/preact/git/trees{/sha}","statuses_url":"https://api.github.com/repos/developit/preact/statuses/{sha}","languages_url":"https://api.github.com/repos/developit/preact/languages","stargazers_url":"https://api.github.com/repos/developit/preact/stargazers","contributors_url":"https://api.github.com/repos/developit/preact/contributors","subscribers_url":"https://api.github.com/repos/developit/preact/subscribers","subscription_url":"https://api.github.com/repos/developit/preact/subscription","commits_url":"https://api.github.com/repos/developit/preact/commits{/sha}","git_commits_url":"https://api.github.com/repos/developit/preact/git/commits{/sha}","comments_url":"https://api.github.com/repos/developit/preact/comments{/number}","issue_comment_url":"https://api.github.com/repos/developit/preact/issues/comments{/number}","contents_url":"https://api.github.com/repos/developit/preact/contents/{+path}","compare_url":"https://api.github.com/repos/developit/preact/compare/{base}...{head}","merges_url":"https://api.github.com/repos/developit/preact/merges","archive_url":"https://api.github.com/repos/developit/preact/{archive_format}{/ref}","downloads_url":"https://api.github.com/repos/developit/preact/downloads","issues_url":"https://api.github.com/repos/developit/preact/issues{/number}","pulls_url":"https://api.github.com/repos/developit/preact/pulls{/number}","milestones_url":"https://api.github.com/repos/developit/preact/milestones{/number}","notifications_url":"https://api.github.com/repos/developit/preact/notifications{?since,all,participating}","labels_url":"https://api.github.com/repos/developit/preact/labels{/name}","releases_url":"https://api.github.com/repos/developit/preact/releases{/id}","deployments_url":"https://api.github.com/repos/developit/preact/deployments","created_at":"2015-09-11T02:40:18Z","updated_at":"2019-01-29T15:02:59Z","pushed_at":"2019-01-22T17:49:53Z","git_url":"git://github.com/developit/preact.git","ssh_url":"git@github.com:developit/preact.git","clone_url":"https://github.com/developit/preact.git","svn_url":"https://github.com/developit/preact","homepage":"https://preactjs.com","size":1598,"stargazers_count":21395,"watchers_count":21395,"language":"JavaScript","has_issues":true,"has_projects":true,"has_downloads":true,"has_wiki":true,"has_pages":true,"forks_count":1094,"mirror_url":null,"archived":false,"open_issues_count":186,"license":{"key":"mit","name":"MIT License","spdx_id":"MIT","url":"https://api.github.com/licenses/mit","node_id":"MDc6TGljZW5zZTEz"},"forks":1094,"open_issues":186,"watchers":21395,"default_branch":"master","score":42.3498},{"id":30969188,"node_id":"MDEwOlJlcG9zaXRvcnkzMDk2OTE4OA==","name":"react-boilerplate","full_name":"react-boilerplate/react-boilerplate","private":false,"owner":{"login":"react-boilerplate","id":25323389,"node_id":"MDEyOk9yZ2FuaXphdGlvbjI1MzIzMzg5","avatar_url":"https://avatars2.githubusercontent.com/u/25323389?v=4","gravatar_id":"","url":"https://api.github.com/users/react-boilerplate","html_url":"https://github.com/react-boilerplate","followers_url":"https://api.github.com/users/react-boilerplate/followers","following_url":"https://api.github.com/users/react-boilerplate/following{/other_user}","gists_url":"https://api.github.com/users/react-boilerplate/gists{/gist_id}","starred_url":"https://api.github.com/users/react-boilerplate/starred{/owner}{/repo}","subscriptions_url":"https://api.github.com/users/react-boilerplate/subscriptions","organizations_url":"https://api.github.com/users/react-boilerplate/orgs","repos_url":"https://api.github.com/users/react-boilerplate/repos","events_url":"https://api.github.com/users/react-boilerplate/events{/privacy}","received_events_url":"https://api.github.com/users/react-boilerplate/received_events","type":"Organization","site_admin":false},"html_url":"https://github.com/react-boilerplate/react-boilerplate","description":":fire: A highly scalable, offline-first foundation with the best developer experience and a focus on performance and best practices.","fork":false,"url":"https://api.github.com/repos/react-boilerplate/react-boilerplate","forks_url":"https://api.github.com/repos/react-boilerplate/react-boilerplate/forks","keys_url":"https://api.github.com/repos/react-boilerplate/react-boilerplate/keys{/key_id}","collaborators_url":"https://api.github.com/repos/react-boilerplate/react-boilerplate/collaborators{/collaborator}","teams_url":"https://api.github.com/repos/react-boilerplate/react-boilerplate/teams","hooks_url":"https://api.github.com/repos/react-boilerplate/react-boilerplate/hooks","issue_events_url":"https://api.github.com/repos/react-boilerplate/react-boilerplate/issues/events{/number}","events_url":"https://api.github.com/repos/react-boilerplate/react-boilerplate/events","assignees_url":"https://api.github.com/repos/react-boilerplate/react-boilerplate/assignees{/user}","branches_url":"https://api.github.com/repos/react-boilerplate/react-boilerplate/branches{/branch}","tags_url":"https://api.github.com/repos/react-boilerplate/react-boilerplate/tags","blobs_url":"https://api.github.com/repos/react-boilerplate/react-boilerplate/git/blobs{/sha}","git_tags_url":"https://api.github.com/repos/react-boilerplate/react-boilerplate/git/tags{/sha}","git_refs_url":"https://api.github.com/repos/react-boilerplate/react-boilerplate/git/refs{/sha}","trees_url":"https://api.github.com/repos/react-boilerplate/react-boilerplate/git/trees{/sha}","statuses_url":"https://api.github.com/repos/react-boilerplate/react-boilerplate/statuses/{sha}","languages_url":"https://api.github.com/repos/react-boilerplate/react-boilerplate/languages","stargazers_url":"https://api.github.com/repos/react-boilerplate/react-boilerplate/stargazers","contributors_url":"https://api.github.com/repos/react-boilerplate/react-boilerplate/contributors","subscribers_url":"https://api.github.com/repos/react-boilerplate/react-boilerplate/subscribers","subscription_url":"https://api.github.com/repos/react-boilerplate/react-boilerplate/subscription","commits_url":"https://api.github.com/repos/react-boilerplate/react-boilerplate/commits{/sha}","git_commits_url":"https://api.github.com/repos/react-boilerplate/react-boilerplate/git/commits{/sha}","comments_url":"https://api.github.com/repos/react-boilerplate/react-boilerplate/comments{/number}","issue_comment_url":"https://api.github.com/repos/react-boilerplate/react-boilerplate/issues/comments{/number}","contents_url":"https://api.github.com/repos/react-boilerplate/react-boilerplate/contents/{+path}","compare_url":"https://api.github.com/repos/react-boilerplate/react-boilerplate/compare/{base}...{head}","merges_url":"https://api.github.com/repos/react-boilerplate/react-boilerplate/merges","archive_url":"https://api.github.com/repos/react-boilerplate/react-boilerplate/{archive_format}{/ref}","downloads_url":"https://api.github.com/repos/react-boilerplate/react-boilerplate/downloads","issues_url":"https://api.github.com/repos/react-boilerplate/react-boilerplate/issues{/number}","pulls_url":"https://api.github.com/repos/react-boilerplate/react-boilerplate/pulls{/number}","milestones_url":"https://api.github.com/repos/react-boilerplate/react-boilerplate/milestones{/number}","notifications_url":"https://api.github.com/repos/react-boilerplate/react-boilerplate/notifications{?since,all,participating}","labels_url":"https://api.github.com/repos/react-boilerplate/react-boilerplate/labels{/name}","releases_url":"https://api.github.com/repos/react-boilerplate/react-boilerplate/releases{/id}","deployments_url":"https://api.github.com/repos/react-boilerplate/react-boilerplate/deployments","created_at":"2015-02-18T14:36:32Z","updated_at":"2019-01-29T10:00:50Z","pushed_at":"2019-01-24T20:10:06Z","git_url":"git://github.com/react-boilerplate/react-boilerplate.git","ssh_url":"git@github.com:react-boilerplate/react-boilerplate.git","clone_url":"https://github.com/react-boilerplate/react-boilerplate.git","svn_url":"https://github.com/react-boilerplate/react-boilerplate","homepage":"https://www.reactboilerplate.com","size":6059,"stargazers_count":21194,"watchers_count":21194,"language":"JavaScript","has_issues":true,"has_projects":true,"has_downloads":true,"has_wiki":false,"has_pages":false,"forks_count":4112,"mirror_url":null,"archived":false,"open_issues_count":20,"license":{"key":"mit","name":"MIT License","spdx_id":"MIT","url":"https://api.github.com/licenses/mit","node_id":"MDc6TGljZW5zZTEz"},"forks":4112,"open_issues":20,"watchers":21194,"default_branch":"master","score":72.49023},{"id":32665718,"node_id":"MDEwOlJlcG9zaXRvcnkzMjY2NTcxOA==","name":"upterm","full_name":"railsware/upterm","private":false,"owner":{"login":"railsware","id":9354,"node_id":"MDEyOk9yZ2FuaXphdGlvbjkzNTQ=","avatar_url":"https://avatars0.githubusercontent.com/u/9354?v=4","gravatar_id":"","url":"https://api.github.com/users/railsware","html_url":"https://github.com/railsware","followers_url":"https://api.github.com/users/railsware/followers","following_url":"https://api.github.com/users/railsware/following{/other_user}","gists_url":"https://api.github.com/users/railsware/gists{/gist_id}","starred_url":"https://api.github.com/users/railsware/starred{/owner}{/repo}","subscriptions_url":"https://api.github.com/users/railsware/subscriptions","organizations_url":"https://api.github.com/users/railsware/orgs","repos_url":"https://api.github.com/users/railsware/repos","events_url":"https://api.github.com/users/railsware/events{/privacy}","received_events_url":"https://api.github.com/users/railsware/received_events","type":"Organization","site_admin":false},"html_url":"https://github.com/railsware/upterm","description":"A terminal emulator for the 21st century.","fork":false,"url":"https://api.github.com/repos/railsware/upterm","forks_url":"https://api.github.com/repos/railsware/upterm/forks","keys_url":"https://api.github.com/repos/railsware/upterm/keys{/key_id}","collaborators_url":"https://api.github.com/repos/railsware/upterm/collaborators{/collaborator}","teams_url":"https://api.github.com/repos/railsware/upterm/teams","hooks_url":"https://api.github.com/repos/railsware/upterm/hooks","issue_events_url":"https://api.github.com/repos/railsware/upterm/issues/events{/number}","events_url":"https://api.github.com/repos/railsware/upterm/events","assignees_url":"https://api.github.com/repos/railsware/upterm/assignees{/user}","branches_url":"https://api.github.com/repos/railsware/upterm/branches{/branch}","tags_url":"https://api.github.com/repos/railsware/upterm/tags","blobs_url":"https://api.github.com/repos/railsware/upterm/git/blobs{/sha}","git_tags_url":"https://api.github.com/repos/railsware/upterm/git/tags{/sha}","git_refs_url":"https://api.github.com/repos/railsware/upterm/git/refs{/sha}","trees_url":"https://api.github.com/repos/railsware/upterm/git/trees{/sha}","statuses_url":"https://api.github.com/repos/railsware/upterm/statuses/{sha}","languages_url":"https://api.github.com/repos/railsware/upterm/languages","stargazers_url":"https://api.github.com/repos/railsware/upterm/stargazers","contributors_url":"https://api.github.com/repos/railsware/upterm/contributors","subscribers_url":"https://api.github.com/repos/railsware/upterm/subscribers","subscription_url":"https://api.github.com/repos/railsware/upterm/subscription","commits_url":"https://api.github.com/repos/railsware/upterm/commits{/sha}","git_commits_url":"https://api.github.com/repos/railsware/upterm/git/commits{/sha}","comments_url":"https://api.github.com/repos/railsware/upterm/comments{/number}","issue_comment_url":"https://api.github.com/repos/railsware/upterm/issues/comments{/number}","contents_url":"https://api.github.com/repos/railsware/upterm/contents/{+path}","compare_url":"https://api.github.com/repos/railsware/upterm/compare/{base}...{head}","merges_url":"https://api.github.com/repos/railsware/upterm/merges","archive_url":"https://api.github.com/repos/railsware/upterm/{archive_format}{/ref}","downloads_url":"https://api.github.com/repos/railsware/upterm/downloads","issues_url":"https://api.github.com/repos/railsware/upterm/issues{/number}","pulls_url":"https://api.github.com/repos/railsware/upterm/pulls{/number}","milestones_url":"https://api.github.com/repos/railsware/upterm/milestones{/number}","notifications_url":"https://api.github.com/repos/railsware/upterm/notifications{?since,all,participating}","labels_url":"https://api.github.com/repos/railsware/upterm/labels{/name}","releases_url":"https://api.github.com/repos/railsware/upterm/releases{/id}","deployments_url":"https://api.github.com/repos/railsware/upterm/deployments","created_at":"2015-03-22T07:00:24Z","updated_at":"2019-01-29T09:03:27Z","pushed_at":"2018-10-28T16:46:14Z","git_url":"git://github.com/railsware/upterm.git","ssh_url":"git@github.com:railsware/upterm.git","clone_url":"https://github.com/railsware/upterm.git","svn_url":"https://github.com/railsware/upterm","homepage":"","size":7759,"stargazers_count":19375,"watchers_count":19375,"language":"TypeScript","has_issues":true,"has_projects":true,"has_downloads":true,"has_wiki":true,"has_pages":false,"forks_count":621,"mirror_url":null,"archived":false,"open_issues_count":221,"license":{"key":"mit","name":"MIT License","spdx_id":"MIT","url":"https://api.github.com/licenses/mit","node_id":"MDc6TGljZW5zZTEz"},"forks":621,"open_issues":221,"watchers":19375,"default_branch":"master","score":25.36696},{"id":3606624,"node_id":"MDEwOlJlcG9zaXRvcnkzNjA2NjI0","name":"ReactiveCocoa","full_name":"ReactiveCocoa/ReactiveCocoa","private":false,"owner":{"login":"ReactiveCocoa","id":3422977,"node_id":"MDEyOk9yZ2FuaXphdGlvbjM0MjI5Nzc=","avatar_url":"https://avatars0.githubusercontent.com/u/3422977?v=4","gravatar_id":"","url":"https://api.github.com/users/ReactiveCocoa","html_url":"https://github.com/ReactiveCocoa","followers_url":"https://api.github.com/users/ReactiveCocoa/followers","following_url":"https://api.github.com/users/ReactiveCocoa/following{/other_user}","gists_url":"https://api.github.com/users/ReactiveCocoa/gists{/gist_id}","starred_url":"https://api.github.com/users/ReactiveCocoa/starred{/owner}{/repo}","subscriptions_url":"https://api.github.com/users/ReactiveCocoa/subscriptions","organizations_url":"https://api.github.com/users/ReactiveCocoa/orgs","repos_url":"https://api.github.com/users/ReactiveCocoa/repos","events_url":"https://api.github.com/users/ReactiveCocoa/events{/privacy}","received_events_url":"https://api.github.com/users/ReactiveCocoa/received_events","type":"Organization","site_admin":false},"html_url":"https://github.com/ReactiveCocoa/ReactiveCocoa","description":"Streams of values over time","fork":false,"url":"https://api.github.com/repos/ReactiveCocoa/ReactiveCocoa","forks_url":"https://api.github.com/repos/ReactiveCocoa/ReactiveCocoa/forks","keys_url":"https://api.github.com/repos/ReactiveCocoa/ReactiveCocoa/keys{/key_id}","collaborators_url":"https://api.github.com/repos/ReactiveCocoa/ReactiveCocoa/collaborators{/collaborator}","teams_url":"https://api.github.com/repos/ReactiveCocoa/ReactiveCocoa/teams","hooks_url":"https://api.github.com/repos/ReactiveCocoa/ReactiveCocoa/hooks","issue_events_url":"https://api.github.com/repos/ReactiveCocoa/ReactiveCocoa/issues/events{/number}","events_url":"https://api.github.com/repos/ReactiveCocoa/ReactiveCocoa/events","assignees_url":"https://api.github.com/repos/ReactiveCocoa/ReactiveCocoa/assignees{/user}","branches_url":"https://api.github.com/repos/ReactiveCocoa/ReactiveCocoa/branches{/branch}","tags_url":"https://api.github.com/repos/ReactiveCocoa/ReactiveCocoa/tags","blobs_url":"https://api.github.com/repos/ReactiveCocoa/ReactiveCocoa/git/blobs{/sha}","git_tags_url":"https://api.github.com/repos/ReactiveCocoa/ReactiveCocoa/git/tags{/sha}","git_refs_url":"https://api.github.com/repos/ReactiveCocoa/ReactiveCocoa/git/refs{/sha}","trees_url":"https://api.github.com/repos/ReactiveCocoa/ReactiveCocoa/git/trees{/sha}","statuses_url":"https://api.github.com/repos/ReactiveCocoa/ReactiveCocoa/statuses/{sha}","languages_url":"https://api.github.com/repos/ReactiveCocoa/ReactiveCocoa/languages","stargazers_url":"https://api.github.com/repos/ReactiveCocoa/ReactiveCocoa/stargazers","contributors_url":"https://api.github.com/repos/ReactiveCocoa/ReactiveCocoa/contributors","subscribers_url":"https://api.github.com/repos/ReactiveCocoa/ReactiveCocoa/subscribers","subscription_url":"https://api.github.com/repos/ReactiveCocoa/ReactiveCocoa/subscription","commits_url":"https://api.github.com/repos/ReactiveCocoa/ReactiveCocoa/commits{/sha}","git_commits_url":"https://api.github.com/repos/ReactiveCocoa/ReactiveCocoa/git/commits{/sha}","comments_url":"https://api.github.com/repos/ReactiveCocoa/ReactiveCocoa/comments{/number}","issue_comment_url":"https://api.github.com/repos/ReactiveCocoa/ReactiveCocoa/issues/comments{/number}","contents_url":"https://api.github.com/repos/ReactiveCocoa/ReactiveCocoa/contents/{+path}","compare_url":"https://api.github.com/repos/ReactiveCocoa/ReactiveCocoa/compare/{base}...{head}","merges_url":"https://api.github.com/repos/ReactiveCocoa/ReactiveCocoa/merges","archive_url":"https://api.github.com/repos/ReactiveCocoa/ReactiveCocoa/{archive_format}{/ref}","downloads_url":"https://api.github.com/repos/ReactiveCocoa/ReactiveCocoa/downloads","issues_url":"https://api.github.com/repos/ReactiveCocoa/ReactiveCocoa/issues{/number}","pulls_url":"https://api.github.com/repos/ReactiveCocoa/ReactiveCocoa/pulls{/number}","milestones_url":"https://api.github.com/repos/ReactiveCocoa/ReactiveCocoa/milestones{/number}","notifications_url":"https://api.github.com/repos/ReactiveCocoa/ReactiveCocoa/notifications{?since,all,participating}","labels_url":"https://api.github.com/repos/ReactiveCocoa/ReactiveCocoa/labels{/name}","releases_url":"https://api.github.com/repos/ReactiveCocoa/ReactiveCocoa/releases{/id}","deployments_url":"https://api.github.com/repos/ReactiveCocoa/ReactiveCocoa/deployments","created_at":"2012-03-02T22:11:24Z","updated_at":"2019-01-29T13:41:13Z","pushed_at":"2019-01-24T14:07:00Z","git_url":"git://github.com/ReactiveCocoa/ReactiveCocoa.git","ssh_url":"git@github.com:ReactiveCocoa/ReactiveCocoa.git","clone_url":"https://github.com/ReactiveCocoa/ReactiveCocoa.git","svn_url":"https://github.com/ReactiveCocoa/ReactiveCocoa","homepage":"","size":17080,"stargazers_count":19304,"watchers_count":19304,"language":"Swift","has_issues":true,"has_projects":true,"has_downloads":true,"has_wiki":false,"has_pages":false,"forks_count":3518,"mirror_url":null,"archived":false,"open_issues_count":45,"license":{"key":"other","name":"Other","spdx_id":"NOASSERTION","url":null,"node_id":"MDc6TGljZW5zZTA="},"forks":3518,"open_issues":45,"watchers":19304,"default_branch":"master","score":84.73046},{"id":45512989,"node_id":"MDEwOlJlcG9zaXRvcnk0NTUxMjk4OQ==","name":"gold-miner","full_name":"xitu/gold-miner","private":false,"owner":{"login":"xitu","id":10482599,"node_id":"MDEyOk9yZ2FuaXphdGlvbjEwNDgyNTk5","avatar_url":"https://avatars2.githubusercontent.com/u/10482599?v=4","gravatar_id":"","url":"https://api.github.com/users/xitu","html_url":"https://github.com/xitu","followers_url":"https://api.github.com/users/xitu/followers","following_url":"https://api.github.com/users/xitu/following{/other_user}","gists_url":"https://api.github.com/users/xitu/gists{/gist_id}","starred_url":"https://api.github.com/users/xitu/starred{/owner}{/repo}","subscriptions_url":"https://api.github.com/users/xitu/subscriptions","organizations_url":"https://api.github.com/users/xitu/orgs","repos_url":"https://api.github.com/users/xitu/repos","events_url":"https://api.github.com/users/xitu/events{/privacy}","received_events_url":"https://api.github.com/users/xitu/received_events","type":"Organization","site_admin":false},"html_url":"https://github.com/xitu/gold-miner","description":"🥇掘金翻译计划，可能是世界最大最好的英译中技术社区，最懂读者和译者的翻译平台：","fork":false,"url":"https://api.github.com/repos/xitu/gold-miner","forks_url":"https://api.github.com/repos/xitu/gold-miner/forks","keys_url":"https://api.github.com/repos/xitu/gold-miner/keys{/key_id}","collaborators_url":"https://api.github.com/repos/xitu/gold-miner/collaborators{/collaborator}","teams_url":"https://api.github.com/repos/xitu/gold-miner/teams","hooks_url":"https://api.github.com/repos/xitu/gold-miner/hooks","issue_events_url":"https://api.github.com/repos/xitu/gold-miner/issues/events{/number}","events_url":"https://api.github.com/repos/xitu/gold-miner/events","assignees_url":"https://api.github.com/repos/xitu/gold-miner/assignees{/user}","branches_url":"https://api.github.com/repos/xitu/gold-miner/branches{/branch}","tags_url":"https://api.github.com/repos/xitu/gold-miner/tags","blobs_url":"https://api.github.com/repos/xitu/gold-miner/git/blobs{/sha}","git_tags_url":"https://api.github.com/repos/xitu/gold-miner/git/tags{/sha}","git_refs_url":"https://api.github.com/repos/xitu/gold-miner/git/refs{/sha}","trees_url":"https://api.github.com/repos/xitu/gold-miner/git/trees{/sha}","statuses_url":"https://api.github.com/repos/xitu/gold-miner/statuses/{sha}","languages_url":"https://api.github.com/repos/xitu/gold-miner/languages","stargazers_url":"https://api.github.com/repos/xitu/gold-miner/stargazers","contributors_url":"https://api.github.com/repos/xitu/gold-miner/contributors","subscribers_url":"https://api.github.com/repos/xitu/gold-miner/subscribers","subscription_url":"https://api.github.com/repos/xitu/gold-miner/subscription","commits_url":"https://api.github.com/repos/xitu/gold-miner/commits{/sha}","git_commits_url":"https://api.github.com/repos/xitu/gold-miner/git/commits{/sha}","comments_url":"https://api.github.com/repos/xitu/gold-miner/comments{/number}","issue_comment_url":"https://api.github.com/repos/xitu/gold-miner/issues/comments{/number}","contents_url":"https://api.github.com/repos/xitu/gold-miner/contents/{+path}","compare_url":"https://api.github.com/repos/xitu/gold-miner/compare/{base}...{head}","merges_url":"https://api.github.com/repos/xitu/gold-miner/merges","archive_url":"https://api.github.com/repos/xitu/gold-miner/{archive_format}{/ref}","downloads_url":"https://api.github.com/repos/xitu/gold-miner/downloads","issues_url":"https://api.github.com/repos/xitu/gold-miner/issues{/number}","pulls_url":"https://api.github.com/repos/xitu/gold-miner/pulls{/number}","milestones_url":"https://api.github.com/repos/xitu/gold-miner/milestones{/number}","notifications_url":"https://api.github.com/repos/xitu/gold-miner/notifications{?since,all,participating}","labels_url":"https://api.github.com/repos/xitu/gold-miner/labels{/name}","releases_url":"https://api.github.com/repos/xitu/gold-miner/releases{/id}","deployments_url":"https://api.github.com/repos/xitu/gold-miner/deployments","created_at":"2015-11-04T03:29:13Z","updated_at":"2019-01-29T15:17:58Z","pushed_at":"2019-01-29T11:02:18Z","git_url":"git://github.com/xitu/gold-miner.git","ssh_url":"git@github.com:xitu/gold-miner.git","clone_url":"https://github.com/xitu/gold-miner.git","svn_url":"https://github.com/xitu/gold-miner","homepage":"https://juejin.im/tag/掘金翻译计划","size":40140,"stargazers_count":18854,"watchers_count":18854,"language":null,"has_issues":true,"has_projects":false,"has_downloads":true,"has_wiki":true,"has_pages":false,"forks_count":3211,"mirror_url":null,"archived":false,"open_issues_count":36,"license":null,"forks":3211,"open_issues":36,"watchers":18854,"default_branch":"master","score":28.806126},{"id":18840003,"node_id":"MDEwOlJlcG9zaXRvcnkxODg0MDAwMw==","name":"react-starter-kit","full_name":"kriasoft/react-starter-kit","private":false,"owner":{"login":"kriasoft","id":773036,"node_id":"MDEyOk9yZ2FuaXphdGlvbjc3MzAzNg==","avatar_url":"https://avatars2.githubusercontent.com/u/773036?v=4","gravatar_id":"","url":"https://api.github.com/users/kriasoft","html_url":"https://github.com/kriasoft","followers_url":"https://api.github.com/users/kriasoft/followers","following_url":"https://api.github.com/users/kriasoft/following{/other_user}","gists_url":"https://api.github.com/users/kriasoft/gists{/gist_id}","starred_url":"https://api.github.com/users/kriasoft/starred{/owner}{/repo}","subscriptions_url":"https://api.github.com/users/kriasoft/subscriptions","organizations_url":"https://api.github.com/users/kriasoft/orgs","repos_url":"https://api.github.com/users/kriasoft/repos","events_url":"https://api.github.com/users/kriasoft/events{/privacy}","received_events_url":"https://api.github.com/users/kriasoft/received_events","type":"Organization","site_admin":false},"html_url":"https://github.com/kriasoft/react-starter-kit","description":"React Starter Kit — isomorphic web app boilerplate (Node.js, Express, GraphQL, React.js, Babel, PostCSS, Webpack, Browsersync)","fork":false,"url":"https://api.github.com/repos/kriasoft/react-starter-kit","forks_url":"https://api.github.com/repos/kriasoft/react-starter-kit/forks","keys_url":"https://api.github.com/repos/kriasoft/react-starter-kit/keys{/key_id}","collaborators_url":"https://api.github.com/repos/kriasoft/react-starter-kit/collaborators{/collaborator}","teams_url":"https://api.github.com/repos/kriasoft/react-starter-kit/teams","hooks_url":"https://api.github.com/repos/kriasoft/react-starter-kit/hooks","issue_events_url":"https://api.github.com/repos/kriasoft/react-starter-kit/issues/events{/number}","events_url":"https://api.github.com/repos/kriasoft/react-starter-kit/events","assignees_url":"https://api.github.com/repos/kriasoft/react-starter-kit/assignees{/user}","branches_url":"https://api.github.com/repos/kriasoft/react-starter-kit/branches{/branch}","tags_url":"https://api.github.com/repos/kriasoft/react-starter-kit/tags","blobs_url":"https://api.github.com/repos/kriasoft/react-starter-kit/git/blobs{/sha}","git_tags_url":"https://api.github.com/repos/kriasoft/react-starter-kit/git/tags{/sha}","git_refs_url":"https://api.github.com/repos/kriasoft/react-starter-kit/git/refs{/sha}","trees_url":"https://api.github.com/repos/kriasoft/react-starter-kit/git/trees{/sha}","statuses_url":"https://api.github.com/repos/kriasoft/react-starter-kit/statuses/{sha}","languages_url":"https://api.github.com/repos/kriasoft/react-starter-kit/languages","stargazers_url":"https://api.github.com/repos/kriasoft/react-starter-kit/stargazers","contributors_url":"https://api.github.com/repos/kriasoft/react-starter-kit/contributors","subscribers_url":"https://api.github.com/repos/kriasoft/react-starter-kit/subscribers","subscription_url":"https://api.github.com/repos/kriasoft/react-starter-kit/subscription","commits_url":"https://api.github.com/repos/kriasoft/react-starter-kit/commits{/sha}","git_commits_url":"https://api.github.com/repos/kriasoft/react-starter-kit/git/commits{/sha}","comments_url":"https://api.github.com/repos/kriasoft/react-starter-kit/comments{/number}","issue_comment_url":"https://api.github.com/repos/kriasoft/react-starter-kit/issues/comments{/number}","contents_url":"https://api.github.com/repos/kriasoft/react-starter-kit/contents/{+path}","compare_url":"https://api.github.com/repos/kriasoft/react-starter-kit/compare/{base}...{head}","merges_url":"https://api.github.com/repos/kriasoft/react-starter-kit/merges","archive_url":"https://api.github.com/repos/kriasoft/react-starter-kit/{archive_format}{/ref}","downloads_url":"https://api.github.com/repos/kriasoft/react-starter-kit/downloads","issues_url":"https://api.github.com/repos/kriasoft/react-starter-kit/issues{/number}","pulls_url":"https://api.github.com/repos/kriasoft/react-starter-kit/pulls{/number}","milestones_url":"https://api.github.com/repos/kriasoft/react-starter-kit/milestones{/number}","notifications_url":"https://api.github.com/repos/kriasoft/react-starter-kit/notifications{?since,all,participating}","labels_url":"https://api.github.com/repos/kriasoft/react-starter-kit/labels{/name}","releases_url":"https://api.github.com/repos/kriasoft/react-starter-kit/releases{/id}","deployments_url":"https://api.github.com/repos/kriasoft/react-starter-kit/deployments","created_at":"2014-04-16T13:08:18Z","updated_at":"2019-01-29T07:17:55Z","pushed_at":"2018-12-27T08:32:55Z","git_url":"git://github.com/kriasoft/react-starter-kit.git","ssh_url":"git@github.com:kriasoft/react-starter-kit.git","clone_url":"https://github.com/kriasoft/react-starter-kit.git","svn_url":"https://github.com/kriasoft/react-starter-kit","homepage":"https://reactstarter.com","size":3738,"stargazers_count":18738,"watchers_count":18738,"language":"JavaScript","has_issues":true,"has_projects":true,"has_downloads":true,"has_wiki":true,"has_pages":false,"forks_count":3775,"mirror_url":null,"archived":false,"open_issues_count":504,"license":{"key":"mit","name":"MIT License","spdx_id":"MIT","url":"https://api.github.com/licenses/mit","node_id":"MDc6TGljZW5zZTEz"},"forks":3775,"open_issues":504,"watchers":18738,"default_branch":"master","score":67.88462},{"id":32215970,"node_id":"MDEwOlJlcG9zaXRvcnkzMjIxNTk3MA==","name":"mobx","full_name":"mobxjs/mobx","private":false,"owner":{"login":"mobxjs","id":17475736,"node_id":"MDEyOk9yZ2FuaXphdGlvbjE3NDc1NzM2","avatar_url":"https://avatars3.githubusercontent.com/u/17475736?v=4","gravatar_id":"","url":"https://api.github.com/users/mobxjs","html_url":"https://github.com/mobxjs","followers_url":"https://api.github.com/users/mobxjs/followers","following_url":"https://api.github.com/users/mobxjs/following{/other_user}","gists_url":"https://api.github.com/users/mobxjs/gists{/gist_id}","starred_url":"https://api.github.com/users/mobxjs/starred{/owner}{/repo}","subscriptions_url":"https://api.github.com/users/mobxjs/subscriptions","organizations_url":"https://api.github.com/users/mobxjs/orgs","repos_url":"https://api.github.com/users/mobxjs/repos","events_url":"https://api.github.com/users/mobxjs/events{/privacy}","received_events_url":"https://api.github.com/users/mobxjs/received_events","type":"Organization","site_admin":false},"html_url":"https://github.com/mobxjs/mobx","description":"Simple, scalable state management.","fork":false,"url":"https://api.github.com/repos/mobxjs/mobx","forks_url":"https://api.github.com/repos/mobxjs/mobx/forks","keys_url":"https://api.github.com/repos/mobxjs/mobx/keys{/key_id}","collaborators_url":"https://api.github.com/repos/mobxjs/mobx/collaborators{/collaborator}","teams_url":"https://api.github.com/repos/mobxjs/mobx/teams","hooks_url":"https://api.github.com/repos/mobxjs/mobx/hooks","issue_events_url":"https://api.github.com/repos/mobxjs/mobx/issues/events{/number}","events_url":"https://api.github.com/repos/mobxjs/mobx/events","assignees_url":"https://api.github.com/repos/mobxjs/mobx/assignees{/user}","branches_url":"https://api.github.com/repos/mobxjs/mobx/branches{/branch}","tags_url":"https://api.github.com/repos/mobxjs/mobx/tags","blobs_url":"https://api.github.com/repos/mobxjs/mobx/git/blobs{/sha}","git_tags_url":"https://api.github.com/repos/mobxjs/mobx/git/tags{/sha}","git_refs_url":"https://api.github.com/repos/mobxjs/mobx/git/refs{/sha}","trees_url":"https://api.github.com/repos/mobxjs/mobx/git/trees{/sha}","statuses_url":"https://api.github.com/repos/mobxjs/mobx/statuses/{sha}","languages_url":"https://api.github.com/repos/mobxjs/mobx/languages","stargazers_url":"https://api.github.com/repos/mobxjs/mobx/stargazers","contributors_url":"https://api.github.com/repos/mobxjs/mobx/contributors","subscribers_url":"https://api.github.com/repos/mobxjs/mobx/subscribers","subscription_url":"https://api.github.com/repos/mobxjs/mobx/subscription","commits_url":"https://api.github.com/repos/mobxjs/mobx/commits{/sha}","git_commits_url":"https://api.github.com/repos/mobxjs/mobx/git/commits{/sha}","comments_url":"https://api.github.com/repos/mobxjs/mobx/comments{/number}","issue_comment_url":"https://api.github.com/repos/mobxjs/mobx/issues/comments{/number}","contents_url":"https://api.github.com/repos/mobxjs/mobx/contents/{+path}","compare_url":"https://api.github.com/repos/mobxjs/mobx/compare/{base}...{head}","merges_url":"https://api.github.com/repos/mobxjs/mobx/merges","archive_url":"https://api.github.com/repos/mobxjs/mobx/{archive_format}{/ref}","downloads_url":"https://api.github.com/repos/mobxjs/mobx/downloads","issues_url":"https://api.github.com/repos/mobxjs/mobx/issues{/number}","pulls_url":"https://api.github.com/repos/mobxjs/mobx/pulls{/number}","milestones_url":"https://api.github.com/repos/mobxjs/mobx/milestones{/number}","notifications_url":"https://api.github.com/repos/mobxjs/mobx/notifications{?since,all,participating}","labels_url":"https://api.github.com/repos/mobxjs/mobx/labels{/name}","releases_url":"https://api.github.com/repos/mobxjs/mobx/releases{/id}","deployments_url":"https://api.github.com/repos/mobxjs/mobx/deployments","created_at":"2015-03-14T14:31:38Z","updated_at":"2019-01-29T15:08:40Z","pushed_at":"2019-01-28T20:46:55Z","git_url":"git://github.com/mobxjs/mobx.git","ssh_url":"git@github.com:mobxjs/mobx.git","clone_url":"https://github.com/mobxjs/mobx.git","svn_url":"https://github.com/mobxjs/mobx","homepage":"http://mobx.js.org","size":19329,"stargazers_count":18248,"watchers_count":18248,"language":"JavaScript","has_issues":true,"has_projects":true,"has_downloads":true,"has_wiki":true,"has_pages":true,"forks_count":1089,"mirror_url":null,"archived":false,"open_issues_count":43,"license":{"key":"mit","name":"MIT License","spdx_id":"MIT","url":"https://api.github.com/licenses/mit","node_id":"MDc6TGljZW5zZTEz"},"forks":1089,"open_issues":43,"watchers":18248,"default_branch":"master","score":37.771828},{"id":69798748,"node_id":"MDEwOlJlcG9zaXRvcnk2OTc5ODc0OA==","name":"js-stack-from-scratch","full_name":"verekia/js-stack-from-scratch","private":false,"owner":{"login":"verekia","id":522007,"node_id":"MDQ6VXNlcjUyMjAwNw==","avatar_url":"https://avatars0.githubusercontent.com/u/522007?v=4","gravatar_id":"","url":"https://api.github.com/users/verekia","html_url":"https://github.com/verekia","followers_url":"https://api.github.com/users/verekia/followers","following_url":"https://api.github.com/users/verekia/following{/other_user}","gists_url":"https://api.github.com/users/verekia/gists{/gist_id}","starred_url":"https://api.github.com/users/verekia/starred{/owner}{/repo}","subscriptions_url":"https://api.github.com/users/verekia/subscriptions","organizations_url":"https://api.github.com/users/verekia/orgs","repos_url":"https://api.github.com/users/verekia/repos","events_url":"https://api.github.com/users/verekia/events{/privacy}","received_events_url":"https://api.github.com/users/verekia/received_events","type":"User","site_admin":false},"html_url":"https://github.com/verekia/js-stack-from-scratch","description":"🛠️⚡ Step-by-step tutorial to build a modern JavaScript stack.","fork":false,"url":"https://api.github.com/repos/verekia/js-stack-from-scratch","forks_url":"https://api.github.com/repos/verekia/js-stack-from-scratch/forks","keys_url":"https://api.github.com/repos/verekia/js-stack-from-scratch/keys{/key_id}","collaborators_url":"https://api.github.com/repos/verekia/js-stack-from-scratch/collaborators{/collaborator}","teams_url":"https://api.github.com/repos/verekia/js-stack-from-scratch/teams","hooks_url":"https://api.github.com/repos/verekia/js-stack-from-scratch/hooks","issue_events_url":"https://api.github.com/repos/verekia/js-stack-from-scratch/issues/events{/number}","events_url":"https://api.github.com/repos/verekia/js-stack-from-scratch/events","assignees_url":"https://api.github.com/repos/verekia/js-stack-from-scratch/assignees{/user}","branches_url":"https://api.github.com/repos/verekia/js-stack-from-scratch/branches{/branch}","tags_url":"https://api.github.com/repos/verekia/js-stack-from-scratch/tags","blobs_url":"https://api.github.com/repos/verekia/js-stack-from-scratch/git/blobs{/sha}","git_tags_url":"https://api.github.com/repos/verekia/js-stack-from-scratch/git/tags{/sha}","git_refs_url":"https://api.github.com/repos/verekia/js-stack-from-scratch/git/refs{/sha}","trees_url":"https://api.github.com/repos/verekia/js-stack-from-scratch/git/trees{/sha}","statuses_url":"https://api.github.com/repos/verekia/js-stack-from-scratch/statuses/{sha}","languages_url":"https://api.github.com/repos/verekia/js-stack-from-scratch/languages","stargazers_url":"https://api.github.com/repos/verekia/js-stack-from-scratch/stargazers","contributors_url":"https://api.github.com/repos/verekia/js-stack-from-scratch/contributors","subscribers_url":"https://api.github.com/repos/verekia/js-stack-from-scratch/subscribers","subscription_url":"https://api.github.com/repos/verekia/js-stack-from-scratch/subscription","commits_url":"https://api.github.com/repos/verekia/js-stack-from-scratch/commits{/sha}","git_commits_url":"https://api.github.com/repos/verekia/js-stack-from-scratch/git/commits{/sha}","comments_url":"https://api.github.com/repos/verekia/js-stack-from-scratch/comments{/number}","issue_comment_url":"https://api.github.com/repos/verekia/js-stack-from-scratch/issues/comments{/number}","contents_url":"https://api.github.com/repos/verekia/js-stack-from-scratch/contents/{+path}","compare_url":"https://api.github.com/repos/verekia/js-stack-from-scratch/compare/{base}...{head}","merges_url":"https://api.github.com/repos/verekia/js-stack-from-scratch/merges","archive_url":"https://api.github.com/repos/verekia/js-stack-from-scratch/{archive_format}{/ref}","downloads_url":"https://api.github.com/repos/verekia/js-stack-from-scratch/downloads","issues_url":"https://api.github.com/repos/verekia/js-stack-from-scratch/issues{/number}","pulls_url":"https://api.github.com/repos/verekia/js-stack-from-scratch/pulls{/number}","milestones_url":"https://api.github.com/repos/verekia/js-stack-from-scratch/milestones{/number}","notifications_url":"https://api.github.com/repos/verekia/js-stack-from-scratch/notifications{?since,all,participating}","labels_url":"https://api.github.com/repos/verekia/js-stack-from-scratch/labels{/name}","releases_url":"https://api.github.com/repos/verekia/js-stack-from-scratch/releases{/id}","deployments_url":"https://api.github.com/repos/verekia/js-stack-from-scratch/deployments","created_at":"2016-10-02T13:31:23Z","updated_at":"2019-01-29T14:07:31Z","pushed_at":"2018-07-20T04:29:38Z","git_url":"git://github.com/verekia/js-stack-from-scratch.git","ssh_url":"git@github.com:verekia/js-stack-from-scratch.git","clone_url":"https://github.com/verekia/js-stack-from-scratch.git","svn_url":"https://github.com/verekia/js-stack-from-scratch","homepage":"","size":1800,"stargazers_count":17746,"watchers_count":17746,"language":"JavaScript","has_issues":true,"has_projects":true,"has_downloads":true,"has_wiki":true,"has_pages":false,"forks_count":1769,"mirror_url":null,"archived":false,"open_issues_count":50,"license":{"key":"mit","name":"MIT License","spdx_id":"MIT","url":"https://api.github.com/licenses/mit","node_id":"MDc6TGljZW5zZTEz"},"forks":1769,"open_issues":50,"watchers":17746,"default_branch":"master","score":16.556042},{"id":50151075,"node_id":"MDEwOlJlcG9zaXRvcnk1MDE1MTA3NQ==","name":"react-redux-links","full_name":"markerikson/react-redux-links","private":false,"owner":{"login":"markerikson","id":1128784,"node_id":"MDQ6VXNlcjExMjg3ODQ=","avatar_url":"https://avatars1.githubusercontent.com/u/1128784?v=4","gravatar_id":"","url":"https://api.github.com/users/markerikson","html_url":"https://github.com/markerikson","followers_url":"https://api.github.com/users/markerikson/followers","following_url":"https://api.github.com/users/markerikson/following{/other_user}","gists_url":"https://api.github.com/users/markerikson/gists{/gist_id}","starred_url":"https://api.github.com/users/markerikson/starred{/owner}{/repo}","subscriptions_url":"https://api.github.com/users/markerikson/subscriptions","organizations_url":"https://api.github.com/users/markerikson/orgs","repos_url":"https://api.github.com/users/markerikson/repos","events_url":"https://api.github.com/users/markerikson/events{/privacy}","received_events_url":"https://api.github.com/users/markerikson/received_events","type":"User","site_admin":false},"html_url":"https://github.com/markerikson/react-redux-links","description":"Curated tutorial and resource links I've collected on React, Redux, ES6, and more","fork":false,"url":"https://api.github.com/repos/markerikson/react-redux-links","forks_url":"https://api.github.com/repos/markerikson/react-redux-links/forks","keys_url":"https://api.github.com/repos/markerikson/react-redux-links/keys{/key_id}","collaborators_url":"https://api.github.com/repos/markerikson/react-redux-links/collaborators{/collaborator}","teams_url":"https://api.github.com/repos/markerikson/react-redux-links/teams","hooks_url":"https://api.github.com/repos/markerikson/react-redux-links/hooks","issue_events_url":"https://api.github.com/repos/markerikson/react-redux-links/issues/events{/number}","events_url":"https://api.github.com/repos/markerikson/react-redux-links/events","assignees_url":"https://api.github.com/repos/markerikson/react-redux-links/assignees{/user}","branches_url":"https://api.github.com/repos/markerikson/react-redux-links/branches{/branch}","tags_url":"https://api.github.com/repos/markerikson/react-redux-links/tags","blobs_url":"https://api.github.com/repos/markerikson/react-redux-links/git/blobs{/sha}","git_tags_url":"https://api.github.com/repos/markerikson/react-redux-links/git/tags{/sha}","git_refs_url":"https://api.github.com/repos/markerikson/react-redux-links/git/refs{/sha}","trees_url":"https://api.github.com/repos/markerikson/react-redux-links/git/trees{/sha}","statuses_url":"https://api.github.com/repos/markerikson/react-redux-links/statuses/{sha}","languages_url":"https://api.github.com/repos/markerikson/react-redux-links/languages","stargazers_url":"https://api.github.com/repos/markerikson/react-redux-links/stargazers","contributors_url":"https://api.github.com/repos/markerikson/react-redux-links/contributors","subscribers_url":"https://api.github.com/repos/markerikson/react-redux-links/subscribers","subscription_url":"https://api.github.com/repos/markerikson/react-redux-links/subscription","commits_url":"https://api.github.com/repos/markerikson/react-redux-links/commits{/sha}","git_commits_url":"https://api.github.com/repos/markerikson/react-redux-links/git/commits{/sha}","comments_url":"https://api.github.com/repos/markerikson/react-redux-links/comments{/number}","issue_comment_url":"https://api.github.com/repos/markerikson/react-redux-links/issues/comments{/number}","contents_url":"https://api.github.com/repos/markerikson/react-redux-links/contents/{+path}","compare_url":"https://api.github.com/repos/markerikson/react-redux-links/compare/{base}...{head}","merges_url":"https://api.github.com/repos/markerikson/react-redux-links/merges","archive_url":"https://api.github.com/repos/markerikson/react-redux-links/{archive_format}{/ref}","downloads_url":"https://api.github.com/repos/markerikson/react-redux-links/downloads","issues_url":"https://api.github.com/repos/markerikson/react-redux-links/issues{/number}","pulls_url":"https://api.github.com/repos/markerikson/react-redux-links/pulls{/number}","milestones_url":"https://api.github.com/repos/markerikson/react-redux-links/milestones{/number}","notifications_url":"https://api.github.com/repos/markerikson/react-redux-links/notifications{?since,all,participating}","labels_url":"https://api.github.com/repos/markerikson/react-redux-links/labels{/name}","releases_url":"https://api.github.com/repos/markerikson/react-redux-links/releases{/id}","deployments_url":"https://api.github.com/repos/markerikson/react-redux-links/deployments","created_at":"2016-01-22T02:10:28Z","updated_at":"2019-01-29T12:08:10Z","pushed_at":"2019-01-18T16:52:26Z","git_url":"git://github.com/markerikson/react-redux-links.git","ssh_url":"git@github.com:markerikson/react-redux-links.git","clone_url":"https://github.com/markerikson/react-redux-links.git","svn_url":"https://github.com/markerikson/react-redux-links","homepage":"","size":1344,"stargazers_count":16786,"watchers_count":16786,"language":null,"has_issues":true,"has_projects":true,"has_downloads":true,"has_wiki":true,"has_pages":false,"forks_count":1637,"mirror_url":null,"archived":false,"open_issues_count":20,"license":null,"forks":1637,"open_issues":20,"watchers":16786,"default_branch":"master","score":63.46308}]} [] {"uid":"9b0a029"}
[2019-01-29 21:08:52] slim-app.DEBUG: Array [] {"uid":"9b0a029"}
